
> client@0.1.0 test
> craco test unlicensedFeatureUIFeedback.property.test.jsx --watchAll=false --testNamePattern=Property 12:

  console.log
    No lock icons found. HTML:

      at p (src/components/license/__tests__/unlicensedFeatureUIFeedback.property.test.jsx:149:33)

  console.log
    No lock icons found. HTML:

      at p (src/components/license/__tests__/unlicensedFeatureUIFeedback.property.test.jsx:149:33)

  console.log
    No lock icons found. HTML:

      at p (src/components/license/__tests__/unlicensedFeatureUIFeedback.property.test.jsx:149:33)

  console.log
    No lock icons found. HTML:

      at p (src/components/license/__tests__/unlicensedFeatureUIFeedback.property.test.jsx:149:33)

(node:13568) [DEP0040] DeprecationWarning: The `punycode` module is deprecated. Please use a userland alternative instead.
(Use `node --trace-deprecation ...` to show where the warning was created)
FAIL src/components/license/__tests__/unlicensedFeatureUIFeedback.property.test.jsx
  Unlicensed Feature UI Feedback - Property-Based Tests
    × Property 12: Unlicensed Feature UI Feedback (190 ms)
    ○ skipped Sanity check: Components can render
    ○ skipped Property 12.1: LockedFeature overlay provides complete feedback
    ○ skipped Property 12.2: Upgrade CTAs contain module routing information
    ○ skipped Property 12.3: UI feedback consistency across components
    ○ skipped Property 12.4: Accessibility attributes are present in UI feedback
    ○ skipped Property 12.5: Pricing information is always valid

  ● Unlicensed Feature UI Feedback - Property-Based Tests › Property 12: Unlicensed Feature UI Feedback

    Property failed after 1 tests
    { seed: 525991701, path: "0:0:0:0", endOnFailure: true }
    Counterexample: ["attendance","Advanced Reporting",1,"Track employee attendance with advanced features"]
    Shrunk 3 time(s)

    Hint: Enable verbose mode in order to have the list of all failing values encountered during the run

    [0m [90m 104 |[39m [90m     */[39m
     [90m 105 |[39m     test([32m'Property 12: Unlicensed Feature UI Feedback'[39m[33m,[39m () [33m=>[39m {
    [31m[1m>[22m[39m[90m 106 |[39m         fc[33m.[39massert(
     [90m     |[39m            [31m[1m^[22m[39m
     [90m 107 |[39m             fc[33m.[39mproperty(
     [90m 108 |[39m                 [90m// Generate arbitrary module keys from available modules (excluding HR_CORE)[39m
     [90m 109 |[39m                 fc[33m.[39mconstantFrom([0m

      at buildError (node_modules/fast-check/lib/check/runner/utils/RunDetailsFormatter.js:156:19)
      at throwIfFailed (node_modules/fast-check/lib/check/runner/utils/RunDetailsFormatter.js:165:11)
      at reportRunDetails (node_modules/fast-check/lib/check/runner/utils/RunDetailsFormatter.js:178:16)
      at Object.assert (node_modules/fast-check/lib/check/runner/Runner.js:61:25)
      at Object.<anonymous> (src/components/license/__tests__/unlicensedFeatureUIFeedback.property.test.jsx:106:12)
      at TestScheduler.scheduleTests (node_modules/@jest/core/build/TestScheduler.js:333:13)
      at runJest (node_modules/@jest/core/build/runJest.js:404:19)
      at _run10000 (node_modules/@jest/core/build/cli/index.js:320:7)
      at runCLI (node_modules/@jest/core/build/cli/index.js:173:3)

Test Suites: 1 failed, 1 total
Tests:       1 failed, 6 skipped, 7 total
Snapshots:   0 total
Time:        5.024 s, estimated 7 s
Ran all test suites matching /unlicensedFeatureUIFeedback.property.test.jsx/i with tests matching "Property 12:".
Jest did not exit one second after the test run has completed.

This usually means that there are asynchronous operations that weren't stopped in your tests. Consider running Jest with `--detectOpenHandles` to troubleshoot this issue.
