
> hr-sm@1.0.0 test
> node --max-old-space-size=8192 --experimental-vm-modules --no-warnings=ExperimentalWarning node_modules/jest/bin/jest.js

node.exe : FAIL server/testing/services/performanceMetricsCo
llection.property.test.js (9.948 s)
At C:\Program Files\nodejs\npm.ps1:29 char:3
+   & $NODE_EXE $NPM_CLI_JS $args
+   ~~~~~~~~~~~~~~~~~~~~~~~~~~~~~
    + CategoryInfo          : NotSpecified: (FAIL server/te 
   s...st.js (9.948 s):String) [], RemoteException
    + FullyQualifiedErrorId : NativeCommandError
 
  ΓùÅ Performance Metrics Collection Property-Based Tests 
ΓÇ║ Property 9: Performance Metrics Collection ΓÇ║ should 
accurately measure and store request rates across different 
time periods

    Property failed after 1 tests
    { seed: 250468879, path: "0:0:0:0:0:0:0:0:0:0:0:0:0:0:0:
0:0:0:0:0:0:0:0:0:0:0:0:0:0", endOnFailure: true }
    Counterexample: [{"requests":[{"method":"GET","path":"/a
pi/users","statusCode":200,"responseTime":50,"timestampOffse
t":0},{"method":"GET","path":"/api/users","statusCode":200,"
responseTime":50,"timestampOffset":0},{"method":"GET","path"
:"/api/users","statusCode":200,"responseTime":50,"timestampO
ffset":0},{"method":"GET","path":"/api/users","statusCode":2
00,"responseTime":50,"timestampOffset":0},{"method":"GET","p
ath":"/api/users","statusCode":200,"responseTime":50,"timest
ampOffset":0}]}]
    Shrunk 28 time(s)

    Hint: Enable verbose mode in order to have the list of 
all failing values encountered during the run

      at buildError (node_modules/fast-check/lib/check/runne
r/utils/RunDetailsFormatter.js:156:19)
      at buildError (node_modules/fast-check/lib/check/runne
r/utils/RunDetailsFormatter.js:170:11)

    Cause:
    expect(received).toBe(expected) // Object.is equality

    Expected: 5
    Received: 153

    [0m [90m 141 |[39m
     [90m 142 |[39m                         [90m// 
Assertion 2: Total request count should match stored 
metrics[39m
    [31m[1m>[22m[39m[90m 143 |[39m                    
     expect(analytics[33m.[39msummary[33m.[39mtotalReque
sts)[33m.[39mtoBe(requests[33m.[39mlength)[33m;[39m
     [90m     |[39m                                       
                          [31m[1m^[22m[39m
     [90m 144 |[39m
     [90m 145 |[39m                         [90m// 
Assertion 3: Request rate calculation should be 
accurate[39m
     [90m 146 |[39m                         
[36mconst[39m timeSpanHours [33m=[39m (endDate 
[33m-[39m startDate) [33m/[39m ([35m1000[39m 
[33m*[39m [35m60[39m [33m*[39m 
[35m60[39m)[33m;[39m[0m

      at toBe (server/testing/services/performanceMetricsCol
lection.property.test.js:143:65)
      at AsyncProperty.run (node_modules/fast-check/lib/chec
k/property/AsyncProperty.generic.js:43:28)
      at asyncRunIt 
(node_modules/fast-check/lib/check/runner/Runner.js:24:21)
      at Object.<anonymous> (server/testing/services/perform
anceMetricsCollection.property.test.js:78:13)

  ΓùÅ Performance Metrics Collection Property-Based Tests 
ΓÇ║ Property 9: Performance Metrics Collection ΓÇ║ should 
accurately calculate error rates for different status code 
ranges

    Property failed after 2 tests
    { seed: 1037130735, path: "1:0:0:0:0", endOnFailure: 
true }
    Counterexample: [{"successRequests":10,"clientErrorReque
sts":0,"serverErrorRequests":0}]
    Shrunk 4 time(s)

    Hint: Enable verbose mode in order to have the list of 
all failing values encountered during the run

      at buildError (node_modules/fast-check/lib/check/runne
r/utils/RunDetailsFormatter.js:156:19)
      at buildError (node_modules/fast-check/lib/check/runne
r/utils/RunDetailsFormatter.js:170:11)

    Cause:
    expect(received).toBe(expected) // Object.is equality

    Expected: 10
    Received: 195

    [0m [90m 238 |[39m
     [90m 239 |[39m                         [90m// 
Assertion 1: Total request count should match[39m
    [31m[1m>[22m[39m[90m 240 |[39m                    
     expect(analytics[33m.[39msummary[33m.[39mtotalReque
sts)[33m.[39mtoBe(totalRequests)[33m;[39m
     [90m     |[39m                                       
                          [31m[1m^[22m[39m
     [90m 241 |[39m
     [90m 242 |[39m                         [90m// 
Assertion 2: Total error count should match[39m
     [90m 243 |[39m                         expect(analyti
cs[33m.[39msummary[33m.[39mtotalErrors)[33m.[39mtoBe(t
otalErrors)[33m;[39m[0m

      at toBe (server/testing/services/performanceMetricsCol
lection.property.test.js:240:65)
      at AsyncProperty.run (node_modules/fast-check/lib/chec
k/property/AsyncProperty.generic.js:43:28)
      at asyncRunIt 
(node_modules/fast-check/lib/check/runner/Runner.js:24:21)
      at Object.<anonymous> (server/testing/services/perform
anceMetricsCollection.property.test.js:165:13)

  ΓùÅ Performance Metrics Collection Property-Based Tests 
ΓÇ║ Property 9: Performance Metrics Collection ΓÇ║ should 
accurately measure response times and identify performance 
patterns

    Property failed after 1 tests
    { seed: -282270956, path: 
"0:0:0:0:0:0:0:0:0:0:0:0:0:0:0", endOnFailure: true }
    Counterexample: [{"fastRequests":[{"path":"/api/health",
"responseTime":10},{"path":"/api/health","responseTime":10},
{"path":"/api/health","responseTime":10},{"path":"/api/healt
h","responseTime":10},{"path":"/api/health","responseTime":1
0}],"slowRequests":[{"path":"/api/reports","responseTime":10
00},{"path":"/api/reports","responseTime":1000}]}]
    Shrunk 14 time(s)

    Hint: Enable verbose mode in order to have the list of 
all failing values encountered during the run

      at buildError (node_modules/fast-check/lib/check/runne
r/utils/RunDetailsFormatter.js:156:19)
      at buildError (node_modules/fast-check/lib/check/runne
r/utils/RunDetailsFormatter.js:170:11)

    Cause:
    expect(received).toBeCloseTo(expected, precision)

    Expected: 292.85714285714283
    Received: 0

    Expected precision:    1
    Expected difference: < 0.05
    Received difference:   292.85714285714283

    [0m [90m 334 |[39m
     [90m 335 |[39m                         [90m// 
Assertion 1: Average response time should be calculated 
correctly[39m
    [31m[1m>[22m[39m[90m 336 |[39m                    
     expect(analytics[33m.[39msummary[33m.[39mavgRespons
eTime)[33m.[39mtoBeCloseTo(expectedAvgResponseTime[33m,[
39m [35m1[39m)[33m;[39m
     [90m     |[39m                                       
                            [31m[1m^[22m[39m
     [90m 337 |[39m
     [90m 338 |[39m                         [90m// 
Assertion 2: Response time statistics should be 
accurate[39m
     [90m 339 |[39m                         expect(analyti
cs[33m.[39mtimeSeries)[33m.[39mtoBeDefined()[33m;[39m
[0m

      at toBeCloseTo (server/testing/services/performanceMet
ricsCollection.property.test.js:336:67)
      at AsyncProperty.run (node_modules/fast-check/lib/chec
k/property/AsyncProperty.generic.js:43:28)
      at asyncRunIt 
(node_modules/fast-check/lib/check/runner/Runner.js:24:21)
      at Object.<anonymous> (server/testing/services/perform
anceMetricsCollection.property.test.js:276:13)

  ΓùÅ Performance Metrics Collection Property-Based Tests 
ΓÇ║ Property 9: Performance Metrics Collection ΓÇ║ should 
accurately track database query performance metrics

    Property failed after 2 tests
    { seed: -1323532762, path: 
"1:0:0:0:0:0:0:0:0:0:0:0:0:0:0:0:0", endOnFailure: true }
    Counterexample: [{"requests":[{"queryCount":1,"queryTime
":5,"responseTime":100},{"queryCount":1,"queryTime":5,"respo
nseTime":100},{"queryCount":1,"queryTime":5,"responseTime":1
00},{"queryCount":1,"queryTime":5,"responseTime":100},{"quer
yCount":1,"queryTime":5,"responseTime":100}]}]
    Shrunk 16 time(s)

    Hint: Enable verbose mode in order to have the list of 
all failing values encountered during the run

      at buildError (node_modules/fast-check/lib/check/runne
r/utils/RunDetailsFormatter.js:156:19)
      at buildError (node_modules/fast-check/lib/check/runne
r/utils/RunDetailsFormatter.js:170:11)

    Cause:
    expect(received).toBeCloseTo(expected, precision)

    Expected: 5
    Received: 44.40425531914894

    Expected precision:    1
    Expected difference: < 0.05
    Received difference:   39.40425531914894

    [0m [90m 434 |[39m
     [90m 435 |[39m                         [90m// 
Assertion 1: Database query metrics should be calculated 
correctly[39m
    [31m[1m>[22m[39m[90m 436 |[39m                    
     expect(analytics[33m.[39msummary[33m.[39mavgDbQuery
Time)[33m.[39mtoBeCloseTo(expectedAvgQueryTime[33m,[39m 
[35m1[39m)[33m;[39m
     [90m     |[39m                                       
                           [31m[1m^[22m[39m
     [90m 437 |[39m
     [90m 438 |[39m                         [90m// 
Assertion 2: Query performance should be tracked in time 
series[39m
     [90m 439 |[39m                         expect(analyti
cs[33m.[39mtimeSeries)[33m.[39mtoBeDefined()[33m;[39m
[0m

      at toBeCloseTo (server/testing/services/performanceMet
ricsCollection.property.test.js:436:66)
      at AsyncProperty.run (node_modules/fast-check/lib/chec
k/property/AsyncProperty.generic.js:43:28)
      at asyncRunIt 
(node_modules/fast-check/lib/check/runner/Runner.js:24:21)
      at Object.<anonymous> (server/testing/services/perform
anceMetricsCollection.property.test.js:382:13)

  ΓùÅ Performance Metrics Collection Property-Based Tests 
ΓÇ║ Property 9: Performance Metrics Collection ΓÇ║ should 
maintain performance metrics accuracy during high load 
scenarios

    Property failed after 1 tests
    { seed: -120725208, path: "0:0:0:0:0:0:0", 
endOnFailure: true }
    Counterexample: [{"concurrentRequests":20,"requestVariat
ion":{"minResponseTime":50,"maxResponseTime":500,"errorProba
bility":0}}]
    Shrunk 6 time(s)

    Hint: Enable verbose mode in order to have the list of 
all failing values encountered during the run

      at buildError (node_modules/fast-check/lib/check/runne
r/utils/RunDetailsFormatter.js:156:19)
      at buildError (node_modules/fast-check/lib/check/runne
r/utils/RunDetailsFormatter.js:170:11)

    Cause:
    expect(received).toBe(expected) // Object.is equality

    Expected: 20
    Received: 142

    [0m [90m 553 |[39m
     [90m 554 |[39m                         [90m// 
Assertion 2: Analytics should reflect the correct 
totals[39m
    [31m[1m>[22m[39m[90m 555 |[39m                    
     expect(analytics[33m.[39msummary[33m.[39mtotalReque
sts)[33m.[39mtoBe(concurrentRequests)[33m;[39m
     [90m     |[39m                                       
                          [31m[1m^[22m[39m
     [90m 556 |[39m                         expect(analyti
cs[33m.[39msummary[33m.[39mtotalErrors)[33m.[39mtoBe(e
xpectedErrorCount)[33m;[39m
     [90m 557 |[39m
     [90m 558 |[39m                         [90m// 
Assertion 3: Average response time should be calculated 
correctly[39m[0m

      at toBe (server/testing/services/performanceMetricsCol
lection.property.test.js:555:65)
      at AsyncProperty.run (node_modules/fast-check/lib/chec
k/property/AsyncProperty.generic.js:43:28)
      at asyncRunIt 
(node_modules/fast-check/lib/check/runner/Runner.js:24:21)
      at Object.<anonymous> (server/testing/services/perform
anceMetricsCollection.property.test.js:478:13)

  ΓùÅ Performance Metrics Collection Property-Based Tests 
ΓÇ║ Property 9: Performance Metrics Collection ΓÇ║ should 
correctly aggregate performance metrics across different 
time windows

    Property failed after 1 tests
    { seed: 1467284749, path: "0:0:0:0:0:0:0:0:0:0", 
endOnFailure: true }
    Counterexample: [{"timeWindows":[{"offsetMinutes":0,"req
uestCount":1,"avgResponseTime":100},{"offsetMinutes":0,"requ
estCount":1,"avgResponseTime":100},{"offsetMinutes":0,"reque
stCount":1,"avgResponseTime":100}]}]
    Shrunk 9 time(s)

    Hint: Enable verbose mode in order to have the list of 
all failing values encountered during the run

      at buildError (node_modules/fast-check/lib/check/runne
r/utils/RunDetailsFormatter.js:156:19)
      at buildError (node_modules/fast-check/lib/check/runne
r/utils/RunDetailsFormatter.js:170:11)

    Cause:
    expect(received).toBe(expected) // Object.is equality

    Expected: 3
    Received: 51

    [0m [90m 652 |[39m
     [90m 653 |[39m                         [90m// 
Assertion 1: Total request count should match across all 
windows[39m
    [31m[1m>[22m[39m[90m 654 |[39m                    
     expect(analytics[33m.[39msummary[33m.[39mtotalReque
sts)[33m.[39mtoBe(totalRequests)[33m;[39m
     [90m     |[39m                                       
                          [31m[1m^[22m[39m
     [90m 655 |[39m
     [90m 656 |[39m                         [90m// 
Assertion 2: Overall average response time should be 
calculated correctly[39m
     [90m 657 |[39m                         expect(analyti
cs[33m.[39msummary[33m.[39mavgResponseTime)[33m.[39mto
BeCloseTo(expectedAvgResponseTime[33m,[39m 
[35m1[39m)[33m;[39m[0m

      at toBe (server/testing/services/performanceMetricsCol
lection.property.test.js:654:65)
      at AsyncProperty.run (node_modules/fast-check/lib/chec
k/property/AsyncProperty.generic.js:43:28)
      at asyncRunIt 
(node_modules/fast-check/lib/check/runner/Runner.js:24:21)
      at Object.<anonymous> (server/testing/services/perform
anceMetricsCollection.property.test.js:585:13)

FAIL server/testing/services/tenantMetricsTracking.property.
test.js (10.241 s)
  ΓùÅ Tenant Metrics Tracking Property-Based Tests ΓÇ║ 
Property 6: Tenant Metrics Tracking ΓÇ║ should accurately 
track and update all usage metrics with correct calculations

    Property failed after 5 tests
    { seed: -1294081453, path: "4:0:2:0:0:0:0:0:0:0:0:1:0:1:
0:0:0:0:0:2:0:0:0:0:2:0:0:0:1:0:0:1:1", endOnFailure: true }
    Counterexample: [{"userCountDelta":0,"storageUsedDelta":
1,"apiCallsDelta":0,"activeUsersDelta":0}]
    Shrunk 32 time(s)

    Hint: Enable verbose mode in order to have the list of 
all failing values encountered during the run

      at buildError (node_modules/fast-check/lib/check/runne
r/utils/RunDetailsFormatter.js:156:19)
      at buildError (node_modules/fast-check/lib/check/runne
r/utils/RunDetailsFormatter.js:170:11)

    Cause:
    Storage usage 1025 MB exceeds maximum allowed storage 
(1024 MB)

    [0m [90m 274 |[39m     [36mif[39m 
(usageData[33m.[39mstorageUsed [33m!==[39m undefined) {
     [90m 275 |[39m       [36mif[39m 
(usageData[33m.[39mstorageUsed [33m>[39m 
tenant[33m.[39mrestrictions[33m.[39mmaxStorage) {
    [31m[1m>[22m[39m[90m 276 |[39m         
[36mthrow[39m [36mnew[39m [33mAppError[39m(
     [90m     |[39m               [31m[1m^[22m[39m
     [90m 277 |[39m           [32m`Storage usage 
${usageData.storageUsed} MB exceeds maximum allowed storage 
(${tenant.restrictions.maxStorage} MB)`[39m[33m,[39m
     [90m 278 |[39m           [35m400[39m[33m,[39m
     [90m 279 |[39m           [33mERROR_TYPES[39m[33m.
[39m[33mUSAGE_LIMIT_EXCEEDED[39m[0m

      at TenantService.updateUsage 
(server/platform/tenants/services/tenantService.js:276:15)
      at server/testing/services/tenantMetricsTracking.prope
rty.test.js:92:47
      at AsyncProperty.run (node_modules/fast-check/lib/chec
k/property/AsyncProperty.generic.js:43:28)
      at asyncRunIt 
(node_modules/fast-check/lib/check/runner/Runner.js:24:21)
      at Object.<anonymous> (server/testing/services/tenantM
etricsTracking.property.test.js:69:13)

FAIL server/testing/routes/role.routes.test.js
  ΓùÅ Console

    console.log
      ≡ƒæñ Creating role for tenant: undefined

      at log (server/modules/hr-core/users/controllers/role.
controller.js:154:17)

    console.log
      Γ£ô Creating role with tenant ID: undefined

      at log (server/modules/hr-core/users/controllers/role.
controller.js:192:17)

    console.log
      2025-12-22 13:24:45 [[31merror[39m]: Error creating 
role: Role validation failed: tenantId: Path `tenantId` is 
required. {
        "errors": {
          "tenantId": {
            "name": "ValidatorError",
            "message": "Path `tenantId` is required.",
            "properties": {
              "message": "Path `tenantId` is required.",
              "type": "required",
              "path": "tenantId"
            },
            "kind": "required",
            "path": "tenantId"
          }
        },
        "_message": "Role validation failed",
        "stack": "ValidationError: Role validation failed: 
tenantId: Path `tenantId` is required.\n    at 
model.Document.invalidate (D:\\Work\\HR-SM\\node_modules\\mo
ngoose\\lib\\document.js:3362:32)\n    at invalidate (D:\\Wo
rk\\HR-SM\\node_modules\\mongoose\\lib\\document.js:3123:17)
\n    at fn (D:\\Work\\HR-SM\\node_modules\\mongoose\\lib\\s
chemaType.js:1446:9)\n    at processTicksAndRejections 
(node:internal/process/task_queues:85:11)"
      }

      at Console.write [as log] (node_modules/winston/lib/wi
nston/transports/console.js:87:23)

    console.log
      ≡ƒæñ Creating role for tenant: undefined

      at log (server/modules/hr-core/users/controllers/role.
controller.js:154:17)

    console.log
      ≡ƒæñ Creating role for tenant: undefined

      at log (server/modules/hr-core/users/controllers/role.
controller.js:154:17)

    console.log
      Γ£ô Creating role with tenant ID: undefined

      at log (server/modules/hr-core/users/controllers/role.
controller.js:192:17)

    console.log
      2025-12-22 13:24:45 [[31merror[39m]: Error creating 
role: Role validation failed: tenantId: Path `tenantId` is 
required. {
        "errors": {
          "tenantId": {
            "name": "ValidatorError",
            "message": "Path `tenantId` is required.",
            "properties": {
              "message": "Path `tenantId` is required.",
              "type": "required",
              "path": "tenantId"
            },
            "kind": "required",
            "path": "tenantId"
          }
        },
        "_message": "Role validation failed",
        "stack": "ValidationError: Role validation failed: 
tenantId: Path `tenantId` is required.\n    at 
model.Document.invalidate (D:\\Work\\HR-SM\\node_modules\\mo
ngoose\\lib\\document.js:3362:32)\n    at invalidate (D:\\Wo
rk\\HR-SM\\node_modules\\mongoose\\lib\\document.js:3123:17)
\n    at fn (D:\\Work\\HR-SM\\node_modules\\mongoose\\lib\\s
chemaType.js:1446:9)\n    at processTicksAndRejections 
(node:internal/process/task_queues:85:11)"
      }

      at Console.write [as log] (node_modules/winston/lib/wi
nston/transports/console.js:87:23)

    console.log
      ≡ƒæñ Creating role for tenant: undefined

      at log (server/modules/hr-core/users/controllers/role.
controller.js:154:17)

  ΓùÅ Role Routes E2E Tests ΓÇ║ POST /api/roles - Create 
Role ΓÇ║ should create a new custom role

    expected 201 "Created", got 400 "Bad Request"

    [0m [90m 85 |[39m                     
permissions[33m:[39m [[32m'users.view'[39m[33m,[39m 
[32m'documents.view'[39m[33m,[39m 
[32m'documents.edit'[39m]
     [90m 86 |[39m                 })
    [31m[1m>[22m[39m[90m 87 |[39m                 
[33m.[39mexpect([35m201[39m)[33m;[39m
     [90m    |[39m                  [31m[1m^[22m[39m
     [90m 88 |[39m
     [90m 89 |[39m             expect(response[33m.[39mb
ody[33m.[39mname)[33m.[39mtoBe([32m'project-manager'[3
9m)[33m;[39m
     [90m 90 |[39m             expect(response[33m.[39mb
ody[33m.[39mdisplayName)[33m.[39mtoBe([32m'Project 
Manager'[39m)[33m;[39m[0m

      at Object.expect 
(server/testing/routes/role.routes.test.js:87:18)
      ----
      at Test._assertStatus 
(node_modules/supertest/lib/test.js:309:14)
      at assertFn 
(node_modules/supertest/lib/test.js:365:13)
      at Test.fn [as _assertFunction] 
(node_modules/supertest/lib/test.js:342:13)
      at Test._assertFunction [as assert] 
(node_modules/supertest/lib/test.js:195:23)
      at assert (node_modules/supertest/lib/test.js:138:14)
      at Server.localAssert 
(node_modules/supertest/lib/test.js:152:11)

  ΓùÅ Role Routes E2E Tests ΓÇ║ POST /api/roles - Create 
Role ΓÇ║ should fail with duplicate role name

    ValidationError: Role validation failed: tenantId: Path 
`tenantId` is required.

      at model.Document.invalidate 
(node_modules/mongoose/lib/document.js:3362:32)
      at invalidate 
(node_modules/mongoose/lib/document.js:3123:17)
      at fn (node_modules/mongoose/lib/schemaType.js:1446:9)

  ΓùÅ Role Routes E2E Tests ΓÇ║ GET /api/roles - Get All 
Roles ΓÇ║ should get all roles

    ValidationError: Role validation failed: tenantId: Path 
`tenantId` is required.

      at model.Document.invalidate 
(node_modules/mongoose/lib/document.js:3362:32)
      at invalidate 
(node_modules/mongoose/lib/document.js:3123:17)
      at fn (node_modules/mongoose/lib/schemaType.js:1446:9)

  ΓùÅ Role Routes E2E Tests ΓÇ║ GET /api/roles - Get All 
Roles ΓÇ║ should filter by system roles

    ValidationError: Role validation failed: tenantId: Path 
`tenantId` is required.

      at model.Document.invalidate 
(node_modules/mongoose/lib/document.js:3362:32)
      at invalidate 
(node_modules/mongoose/lib/document.js:3123:17)
      at fn (node_modules/mongoose/lib/schemaType.js:1446:9)

  ΓùÅ Role Routes E2E Tests ΓÇ║ GET /api/roles - Get All 
Roles ΓÇ║ should filter by custom roles

    ValidationError: Role validation failed: tenantId: Path 
`tenantId` is required.

      at model.Document.invalidate 
(node_modules/mongoose/lib/document.js:3362:32)
      at invalidate 
(node_modules/mongoose/lib/document.js:3123:17)
      at fn (node_modules/mongoose/lib/schemaType.js:1446:9)

  ΓùÅ Role Routes E2E Tests ΓÇ║ GET /api/roles - Get All 
Roles ΓÇ║ should search roles by name

    ValidationError: Role validation failed: tenantId: Path 
`tenantId` is required.

      at model.Document.invalidate 
(node_modules/mongoose/lib/document.js:3362:32)
      at invalidate 
(node_modules/mongoose/lib/document.js:3123:17)
      at fn (node_modules/mongoose/lib/schemaType.js:1446:9)

  ΓùÅ Role Routes E2E Tests ΓÇ║ GET /api/roles/:id - Get 
Role By ID ΓÇ║ should get role by ID

    ValidationError: Role validation failed: tenantId: Path 
`tenantId` is required.

      at model.Document.invalidate 
(node_modules/mongoose/lib/document.js:3362:32)
      at invalidate 
(node_modules/mongoose/lib/document.js:3123:17)
      at fn (node_modules/mongoose/lib/schemaType.js:1446:9)

  ΓùÅ Role Routes E2E Tests ΓÇ║ GET /api/roles/:id - Get 
Role By ID ΓÇ║ should return 404 for non-existing role

    ValidationError: Role validation failed: tenantId: Path 
`tenantId` is required.

      at model.Document.invalidate 
(node_modules/mongoose/lib/document.js:3362:32)
      at invalidate 
(node_modules/mongoose/lib/document.js:3123:17)
      at fn (node_modules/mongoose/lib/schemaType.js:1446:9)

  ΓùÅ Role Routes E2E Tests ΓÇ║ PUT /api/roles/:id - Update 
Role ΓÇ║ should update role successfully

    ValidationError: Role validation failed: tenantId: Path 
`tenantId` is required.

      at model.Document.invalidate 
(node_modules/mongoose/lib/document.js:3362:32)
      at invalidate 
(node_modules/mongoose/lib/document.js:3123:17)
      at fn (node_modules/mongoose/lib/schemaType.js:1446:9)

  ΓùÅ Role Routes E2E Tests ΓÇ║ PUT /api/roles/:id - Update 
Role ΓÇ║ should prevent modifying system role name

    ValidationError: Role validation failed: tenantId: Path 
`tenantId` is required.

      at model.Document.invalidate 
(node_modules/mongoose/lib/document.js:3362:32)
      at invalidate 
(node_modules/mongoose/lib/document.js:3123:17)
      at fn (node_modules/mongoose/lib/schemaType.js:1446:9)

  ΓùÅ Role Routes E2E Tests ΓÇ║ PUT /api/roles/:id - Update 
Role ΓÇ║ should prevent changing isSystemRole flag

    ValidationError: Role validation failed: tenantId: Path 
`tenantId` is required.

      at model.Document.invalidate 
(node_modules/mongoose/lib/document.js:3362:32)
      at invalidate 
(node_modules/mongoose/lib/document.js:3123:17)
      at fn (node_modules/mongoose/lib/schemaType.js:1446:9)

  ΓùÅ Role Routes E2E Tests ΓÇ║ PUT /api/roles/:id - Update 
Role ΓÇ║ should fail with invalid permissions

    ValidationError: Role validation failed: tenantId: Path 
`tenantId` is required.

      at model.Document.invalidate 
(node_modules/mongoose/lib/document.js:3362:32)
      at invalidate 
(node_modules/mongoose/lib/document.js:3123:17)
      at fn (node_modules/mongoose/lib/schemaType.js:1446:9)

  ΓùÅ Role Routes E2E Tests ΓÇ║ DELETE /api/roles/:id - 
Delete Role ΓÇ║ should delete custom role successfully

    ValidationError: Role validation failed: tenantId: Path 
`tenantId` is required.

      at model.Document.invalidate 
(node_modules/mongoose/lib/document.js:3362:32)
      at invalidate 
(node_modules/mongoose/lib/document.js:3123:17)
      at fn (node_modules/mongoose/lib/schemaType.js:1446:9)

  ΓùÅ Role Routes E2E Tests ΓÇ║ DELETE /api/roles/:id - 
Delete Role ΓÇ║ should prevent deleting system roles

    ValidationError: Role validation failed: tenantId: Path 
`tenantId` is required.

      at model.Document.invalidate 
(node_modules/mongoose/lib/document.js:3362:32)
      at invalidate 
(node_modules/mongoose/lib/document.js:3123:17)
      at fn (node_modules/mongoose/lib/schemaType.js:1446:9)

  ΓùÅ Role Routes E2E Tests ΓÇ║ DELETE /api/roles/:id - 
Delete Role ΓÇ║ should prevent deleting role with assigned 
users

    ValidationError: Role validation failed: tenantId: Path 
`tenantId` is required.

      at model.Document.invalidate 
(node_modules/mongoose/lib/document.js:3362:32)
      at invalidate 
(node_modules/mongoose/lib/document.js:3123:17)
      at fn (node_modules/mongoose/lib/schemaType.js:1446:9)

  ΓùÅ Role Routes E2E Tests ΓÇ║ GET /api/roles/stats - Get 
Role Statistics ΓÇ║ should return role statistics

    ValidationError: Role validation failed: tenantId: Path 
`tenantId` is required.

      at model.Document.invalidate 
(node_modules/mongoose/lib/document.js:3362:32)
      at invalidate 
(node_modules/mongoose/lib/document.js:3123:17)
      at fn (node_modules/mongoose/lib/schemaType.js:1446:9)

  ΓùÅ Role Routes E2E Tests ΓÇ║ Bulk Operations and Edge 
Cases ΓÇ║ should handle creating multiple roles in sequence

    expected 201 "Created", got 400 "Bad Request"

    [0m [90m 489 |[39m                     [33m.[39m[3
6mset[39m([32m'Authorization'[39m[33m,[39m 
[32m`Bearer ${adminToken}`[39m)
     [90m 490 |[39m                     
[33m.[39msend(role)
    [31m[1m>[22m[39m[90m 491 |[39m                    
 [33m.[39mexpect([35m201[39m)[33m;[39m
     [90m     |[39m                      
[31m[1m^[22m[39m
     [90m 492 |[39m
     [90m 493 |[39m                 expect(response[33m.
[39mbody[33m.[39mname)[33m.[39mtoBe(role[33m.[39mname)
[33m;[39m
     [90m 494 |[39m             }[0m

      at Object.expect 
(server/testing/routes/role.routes.test.js:491:22)
      ----
      at Test._assertStatus 
(node_modules/supertest/lib/test.js:309:14)
      at assertFn 
(node_modules/supertest/lib/test.js:365:13)
      at Test.fn [as _assertFunction] 
(node_modules/supertest/lib/test.js:342:13)
      at Test._assertFunction [as assert] 
(node_modules/supertest/lib/test.js:195:23)
      at assert (node_modules/supertest/lib/test.js:138:14)
      at Server.localAssert 
(node_modules/supertest/lib/test.js:152:11)

  ΓùÅ Role Routes E2E Tests ΓÇ║ Bulk Operations and Edge 
Cases ΓÇ║ should handle permission selection with bulk 
operations

    ValidationError: Role validation failed: tenantId: Path 
`tenantId` is required.

      at model.Document.invalidate 
(node_modules/mongoose/lib/document.js:3362:32)
      at invalidate 
(node_modules/mongoose/lib/document.js:3123:17)
      at fn (node_modules/mongoose/lib/schemaType.js:1446:9)

FAIL server/testing/platform/platformAuth.test.js (5.721 s)
  ΓùÅ Platform Authentication ΓÇ║ Platform JWT - Issued 
correctly with separate secret ΓÇ║ login should return JWT 
that can be verified

    Invalid platform token

    [0m [90m 81 |[39m         
     [90m 82 |[39m         [36mif[39m 
(error[33m.[39mname [33m===[39m 
[32m'JsonWebTokenError'[39m) {
    [31m[1m>[22m[39m[90m 83 |[39m             
[36mthrow[39m [36mnew[39m [33mAppError[39m(
     [90m    |[39m                   [31m[1m^[22m[39m
     [90m 84 |[39m                 [32m'Invalid platform 
token'[39m[33m,[39m
     [90m 85 |[39m                 
[35m401[39m[33m,[39m
     [90m 86 |[39m                 [33mERROR_TYPES[39m[
33m.[39m[33mINVALID_PLATFORM_TOKEN[39m[0m

      at verifyPlatformToken 
(server/core/auth/platformAuth.js:83:19)
      at Object.verifyPlatformToken 
(server/testing/platform/platformAuth.test.js:225:23)

FAIL server/testing/services/auditTrailCompleteness.property
.test.js
  ΓùÅ Audit Trail Completeness Property-Based Tests ΓÇ║ 
Property 8: Audit Trail Completeness ΓÇ║ should create 
complete audit logs for all administrative actions with 
required fields

    Property failed after 1 tests
    { seed: 1361518349, path: "0:0:0:0:0:0:0:0:0:0:0:0:0:0:0
:0:0:0:0:0:0:0:0:0:0:0:0:0:0:0:0", endOnFailure: true }
    Counterexample: [{"administrativeActions":[{"action":"te
nant_create","resource":"tenant","userId":69492a7fa761806eab
8cbcec,"reason":"          
","ipAddress":"192.168.1.100","userAgent":"Mozilla/5.0 
(Windows NT 10.0; Win64; x64) AppleWebKit/537.36","changes":
{"before":{"status":"active","enabled":false,"value":"     
"},"after":{"status":"active","enabled":false,"value":"     
"}}}]}]
    Shrunk 30 time(s)

    Hint: Enable verbose mode in order to have the list of 
all failing values encountered during the run

      at buildError (node_modules/fast-check/lib/check/runne
r/utils/RunDetailsFormatter.js:156:19)
      at buildError (node_modules/fast-check/lib/check/runne
r/utils/RunDetailsFormatter.js:170:11)

    Cause:
    expect(received).toBeDefined()

    Received: undefined

    [0m [90m 167 |[39m
     [90m 168 |[39m                             [90m// 
Request tracking fields (Requirements 6.1)[39m
    [31m[1m>[22m[39m[90m 169 |[39m                    
         expect(auditLog[33m.[39mipAddress)[33m.[39mtoBe
Defined()[33m;[39m
     [90m     |[39m                                       
                 [31m[1m^[22m[39m
     [90m 170 |[39m                             expect(aud
itLog[33m.[39muserAgent)[33m.[39mtoBeDefined()[33m;[39
m
     [90m 171 |[39m                             expect(aud
itLog[33m.[39mrequestId)[33m.[39mtoBeDefined()[33m;[39
m
     [90m 172 |[39m                             expect(aud
itLog[33m.[39msessionId)[33m.[39mtoBeDefined()[33m;[39
m[0m

      at toBeDefined (server/testing/services/auditTrailComp
leteness.property.test.js:169:56)
          at Array.forEach (<anonymous>)
      at forEach (server/testing/services/auditTrailComplete
ness.property.test.js:156:42)
      at AsyncProperty.run (node_modules/fast-check/lib/chec
k/property/AsyncProperty.generic.js:43:28)
      at asyncRunIt 
(node_modules/fast-check/lib/check/runner/Runner.js:24:21)
      at Object.<anonymous> (server/testing/services/auditTr
ailCompleteness.property.test.js:59:13)

  ΓùÅ Audit Trail Completeness Property-Based Tests ΓÇ║ 
Property 8: Audit Trail Completeness ΓÇ║ should maintain 
audit trail integrity and immutability

    Property failed after 1 tests
    { seed: 1039249856, path: 
"0:0:0:0:0:0:0:0:0:0:0:0:0:0:0:0:0:0:0:0:0:0:0:0:0:0", 
endOnFailure: true }
    Counterexample: 
[{"criticalActions":[{"action":"tenant_suspend","reason":"  
                  
","severity":"high","errorCode":null,"errorMessage":null}]}]
    Shrunk 25 time(s)

    Hint: Enable verbose mode in order to have the list of 
all failing values encountered during the run

      at buildError (node_modules/fast-check/lib/check/runne
r/utils/RunDetailsFormatter.js:156:19)
      at buildError (node_modules/fast-check/lib/check/runne
r/utils/RunDetailsFormatter.js:170:11)

    Cause:
    expect(received).toHaveLength(expected)

    Expected length: 1
    Received length: 26
    Received array:  [[Object], [Object], [Object], 
[Object], [Object], [Object], [Object], [Object], [Object], 
[Object], ΓÇª]

    [0m [90m 335 |[39m                         
})[33m;[39m
     [90m 336 |[39m
    [31m[1m>[22m[39m[90m 337 |[39m                    
     expect(complianceQuery)[33m.[39mtoHaveLength(critical
Actions[33m.[39mlength)[33m;[39m
     [90m     |[39m                                       
          [31m[1m^[22m[39m
     [90m 338 |[39m                         
     [90m 339 |[39m                         [90m// 
Verify all required compliance fields are present[39m
     [90m 340 |[39m                         
complianceQuery[33m.[39mforEach(log [33m=>[39m {[0m

      at toHaveLength (server/testing/services/auditTrailCom
pleteness.property.test.js:337:49)
      at AsyncProperty.run (node_modules/fast-check/lib/chec
k/property/AsyncProperty.generic.js:43:28)
      at asyncRunIt 
(node_modules/fast-check/lib/check/runner/Runner.js:24:21)
      at Object.<anonymous> (server/testing/services/auditTr
ailCompleteness.property.test.js:231:13)

  ΓùÅ Audit Trail Completeness Property-Based Tests ΓÇ║ 
Property 8: Audit Trail Completeness ΓÇ║ should provide 
comprehensive audit statistics and querying capabilities

    Property failed after 1 tests
    { seed: 29045345, path: 
"0:0:0:0:0:0:0:0:0:0:0:0:0:0:0:0:0:0:0:0:0:0:0", 
endOnFailure: true }
    Counterexample: [{"auditEvents":[{"action":"tenant_creat
e","category":"tenant_management","severity":"low","status":
"success","timeOffset":0},{"action":"tenant_create","categor
y":"tenant_management","severity":"low","status":"success","
timeOffset":0},{"action":"tenant_create","category":"tenant_
management","severity":"low","status":"success","timeOffset"
:0},{"action":"tenant_create","category":"tenant_management"
,"severity":"low","status":"success","timeOffset":0},{"actio
n":"tenant_create","category":"tenant_management","severity"
:"low","status":"success","timeOffset":0}]}]
    Shrunk 22 time(s)

    Hint: Enable verbose mode in order to have the list of 
all failing values encountered during the run

      at buildError (node_modules/fast-check/lib/check/runne
r/utils/RunDetailsFormatter.js:156:19)
      at buildError (node_modules/fast-check/lib/check/runne
r/utils/RunDetailsFormatter.js:170:11)

    Cause:
    expect(received).toBe(expected) // Object.is equality

    Expected: 5
    Received: 121

    [0m [90m 421 |[39m                         [90m// 
For test purposes, we'll calculate statistics directly from 
TestAuditLog[39m
     [90m 422 |[39m                         
[36mconst[39m totalLogs [33m=[39m [36mawait[39m 
[33mTestAuditLog[39m[33m.[39mcountDocuments({ 
tenantId[33m:[39m testTenantId })[33m;[39m
    [31m[1m>[22m[39m[90m 423 |[39m                    
     expect(totalLogs)[33m.[39mtoBe(auditEvents[33m.[39m
length)[33m;[39m
     [90m     |[39m                                       
    [31m[1m^[22m[39m
     [90m 424 |[39m
     [90m 425 |[39m                         [90m// 
Calculate statistics manually for test[39m
     [90m 426 |[39m                         
[36mconst[39m allLogs [33m=[39m [36mawait[39m 
[33mTestAuditLog[39m[33m.[39mfind({ tenantId[33m:[39m 
testTenantId })[33m;[39m[0m

      at toBe (server/testing/services/auditTrailCompletenes
s.property.test.js:423:43)
      at AsyncProperty.run (node_modules/fast-check/lib/chec
k/property/AsyncProperty.generic.js:43:28)
      at asyncRunIt 
(node_modules/fast-check/lib/check/runner/Runner.js:24:21)
      at Object.<anonymous> (server/testing/services/auditTr
ailCompleteness.property.test.js:359:13)

FAIL server/testing/services/auditLogger.service.test.js
  ΓùÅ Console

    console.log
      error: Failed to create audit log {"error":"AuditLog 
validation failed: action: Path `action` is required., 
resource: Path `resource` is required., severity: `info` is 
not a valid enum value for path `severity`.","logData":{"det
ails":{"additionalInfo":{"test":"data"}},"eventType":"VALIDA
TION_SUCCESS","moduleKey":"attendance","severity":"info","te
nantId":"69492a80571020616dd16c60"},"service":"audit-logger"
,"stack":"ValidationError: AuditLog validation failed: 
action: Path `action` is required., resource: Path 
`resource` is required., severity: `info` is not a valid 
enum value for path `severity`.\n    at 
model.Document.invalidate (D:\\Work\\HR-SM\\node_modules\\mo
ngoose\\lib\\document.js:3362:32)\n    at invalidate (D:\\Wo
rk\\HR-SM\\node_modules\\mongoose\\lib\\document.js:3123:17)
\n    at fn (D:\\Work\\HR-SM\\node_modules\\mongoose\\lib\\s
chemaType.js:1446:9)\n    at processTicksAndRejections (node
:internal/process/task_queues:85:11)","timestamp":"2025-12-2
2T11:24:49.255Z"}

      at Console.write [as log] (node_modules/winston/lib/wi
nston/transports/console.js:87:23)

    console.log
      error: Failed to create audit log {"error":"AuditLog 
validation failed: action: Path `action` is required., 
resource: Path `resource` is required., severity: `info` is 
not a valid enum value for path `severity`.","logData":{"eve
ntType":"INVALID_EVENT","moduleKey":"attendance","severity":
"info","tenantId":"69492a80571020616dd16c60"},"service":"aud
it-logger","stack":"ValidationError: AuditLog validation 
failed: action: Path `action` is required., resource: Path 
`resource` is required., severity: `info` is not a valid 
enum value for path `severity`.\n    at 
model.Document.invalidate (D:\\Work\\HR-SM\\node_modules\\mo
ngoose\\lib\\document.js:3362:32)\n    at invalidate (D:\\Wo
rk\\HR-SM\\node_modules\\mongoose\\lib\\document.js:3123:17)
\n    at fn (D:\\Work\\HR-SM\\node_modules\\mongoose\\lib\\s
chemaType.js:1446:9)\n    at processTicksAndRejections (node
:internal/process/task_queues:85:11)","timestamp":"2025-12-2
2T11:24:49.324Z"}

      at Console.write [as log] (node_modules/winston/lib/wi
nston/transports/console.js:87:23)

    console.log
      error: Failed to create audit log {"error":"AuditLog 
validation failed: action: Path `action` is required., 
resource: Path `resource` is required., severity: `invalid` 
is not a valid enum value for path `severity`.","logData":{"
eventType":"VALIDATION_SUCCESS","moduleKey":"attendance","se
verity":"invalid","tenantId":"69492a80571020616dd16c60"},"se
rvice":"audit-logger","stack":"ValidationError: AuditLog 
validation failed: action: Path `action` is required., 
resource: Path `resource` is required., severity: `invalid` 
is not a valid enum value for path `severity`.\n    at 
model.Document.invalidate (D:\\Work\\HR-SM\\node_modules\\mo
ngoose\\lib\\document.js:3362:32)\n    at invalidate (D:\\Wo
rk\\HR-SM\\node_modules\\mongoose\\lib\\document.js:3123:17)
\n    at fn (D:\\Work\\HR-SM\\node_modules\\mongoose\\lib\\s
chemaType.js:1446:9)\n    at processTicksAndRejections (node
:internal/process/task_queues:85:11)","timestamp":"2025-12-2
2T11:24:49.353Z"}

      at Console.write [as log] (node_modules/winston/lib/wi
nston/transports/console.js:87:23)

    console.log
      error: Failed to create audit log {"error":"req.get 
is not a function","logData":{"action":"license_validate","c
ategory":"license_management","licenseInfo":{"tenantId":"694
92a80571020616dd16c60","validationResult":"valid"},"module":
"attendance","resource":"module","severity":"low","status":"
success","tags":["validation","success","attendance"],"tenan
tId":"69492a80571020616dd16c60"},"service":"audit-logger","s
tack":"TypeError: req.get is not a function\n    at 
AuditLoggerService.get [as extractRequestInfo] (D:\\Work\\HR
-SM\\server\\services\\auditLogger.service.js:68:22)\n    
at AuditLoggerService.extractRequestInfo [as 
createAuditLog] (D:\\Work\\HR-SM\\server\\services\\auditLog
ger.service.js:85:32)\n    at 
AuditLoggerService.createAuditLog [as logValidationSuccess] 
(D:\\Work\\HR-SM\\server\\services\\auditLogger.service.js:6
16:23)\n    at Object.logValidationSuccess (D:\\Work\\HR-SM\
\server\\testing\\services\\auditLogger.service.test.js:57:5
0)\n    at Promise.finally.completed (D:\\Work\\HR-SM\\node_
modules\\jest-circus\\build\\jestAdapterInit.js:1557:28)\n  
  at new Promise (<anonymous>)\n    at callAsyncCircusFn (D:
\\Work\\HR-SM\\node_modules\\jest-circus\\build\\jestAdapter
Init.js:1497:10)\n    at _callCircusTest (D:\\Work\\HR-SM\\n
ode_modules\\jest-circus\\build\\jestAdapterInit.js:1007:40)
\n    at processTicksAndRejections 
(node:internal/process/task_queues:105:5)\n    at _runTest (
D:\\Work\\HR-SM\\node_modules\\jest-circus\\build\\jestAdapt
erInit.js:947:3)\n    at D:\\Work\\HR-SM\\node_modules\\jest
-circus\\build\\jestAdapterInit.js:849:7\n    at 
_runTestsForDescribeBlock (D:\\Work\\HR-SM\\node_modules\\je
st-circus\\build\\jestAdapterInit.js:862:11)\n    at 
_runTestsForDescribeBlock (D:\\Work\\HR-SM\\node_modules\\je
st-circus\\build\\jestAdapterInit.js:857:11)\n    at 
_runTestsForDescribeBlock (D:\\Work\\HR-SM\\node_modules\\je
st-circus\\build\\jestAdapterInit.js:857:11)\n    at run (D:
\\Work\\HR-SM\\node_modules\\jest-circus\\build\\jestAdapter
Init.js:761:3)\n    at runAndTransformResultsToJestFormat (D
:\\Work\\HR-SM\\node_modules\\jest-circus\\build\\jestAdapte
rInit.js:1918:21)\n    at jestAdapter (D:\\Work\\HR-SM\\node
_modules\\jest-circus\\build\\runner.js:103:25)\n    at 
runTestInternal (D:\\Work\\HR-SM\\node_modules\\jest-runner\
\build\\testWorker.js:275:16)\n    at runTest (D:\\Work\\HR-
SM\\node_modules\\jest-runner\\build\\testWorker.js:343:7)\n
    at Object.worker (D:\\Work\\HR-SM\\node_modules\\jest-ru
nner\\build\\testWorker.js:497:12)","timestamp":"2025-12-22T
11:24:49.367Z"}

      at Console.write [as log] (node_modules/winston/lib/wi
nston/transports/console.js:87:23)

    console.log
      error: Failed to create audit log {"error":"req.get 
is not a function","logData":{"action":"license_validate","c
ategory":"security","errorMessage":"Module not licensed","mo
dule":"attendance","resource":"module","severity":"medium","
status":"failure","tags":["validation","failure","attendance
"],"tenantId":"69492a80571020616dd16c60"},"service":"audit-l
ogger","stack":"TypeError: req.get is not a function\n    
at AuditLoggerService.get [as extractRequestInfo] (D:\\Work\
\HR-SM\\server\\services\\auditLogger.service.js:68:22)\n   
 at AuditLoggerService.extractRequestInfo [as 
createAuditLog] (D:\\Work\\HR-SM\\server\\services\\auditLog
ger.service.js:85:32)\n    at 
AuditLoggerService.createAuditLog [as logValidationFailure] 
(D:\\Work\\HR-SM\\server\\services\\auditLogger.service.js:5
95:23)\n    at Object.logValidationFailure (D:\\Work\\HR-SM\
\server\\testing\\services\\auditLogger.service.test.js:71:5
0)\n    at Promise.finally.completed (D:\\Work\\HR-SM\\node_
modules\\jest-circus\\build\\jestAdapterInit.js:1557:28)\n  
  at new Promise (<anonymous>)\n    at callAsyncCircusFn (D:
\\Work\\HR-SM\\node_modules\\jest-circus\\build\\jestAdapter
Init.js:1497:10)\n    at _callCircusTest (D:\\Work\\HR-SM\\n
ode_modules\\jest-circus\\build\\jestAdapterInit.js:1007:40)
\n    at processTicksAndRejections 
(node:internal/process/task_queues:105:5)\n    at _runTest (
D:\\Work\\HR-SM\\node_modules\\jest-circus\\build\\jestAdapt
erInit.js:947:3)\n    at D:\\Work\\HR-SM\\node_modules\\jest
-circus\\build\\jestAdapterInit.js:849:7\n    at 
_runTestsForDescribeBlock (D:\\Work\\HR-SM\\node_modules\\je
st-circus\\build\\jestAdapterInit.js:862:11)\n    at 
_runTestsForDescribeBlock (D:\\Work\\HR-SM\\node_modules\\je
st-circus\\build\\jestAdapterInit.js:857:11)\n    at 
_runTestsForDescribeBlock (D:\\Work\\HR-SM\\node_modules\\je
st-circus\\build\\jestAdapterInit.js:857:11)\n    at run (D:
\\Work\\HR-SM\\node_modules\\jest-circus\\build\\jestAdapter
Init.js:761:3)\n    at runAndTransformResultsToJestFormat (D
:\\Work\\HR-SM\\node_modules\\jest-circus\\build\\jestAdapte
rInit.js:1918:21)\n    at jestAdapter (D:\\Work\\HR-SM\\node
_modules\\jest-circus\\build\\runner.js:103:25)\n    at 
runTestInternal (D:\\Work\\HR-SM\\node_modules\\jest-runner\
\build\\testWorker.js:275:16)\n    at runTest (D:\\Work\\HR-
SM\\node_modules\\jest-runner\\build\\testWorker.js:343:7)\n
    at Object.worker (D:\\Work\\HR-SM\\node_modules\\jest-ru
nner\\build\\testWorker.js:497:12)","timestamp":"2025-12-22T
11:24:49.379Z"}

      at Console.write [as log] (node_modules/winston/lib/wi
nston/transports/console.js:87:23)

    console.log
      error: Failed to create audit log {"error":"req.get 
is not a function","logData":{"action":"license_expire","cat
egory":"license_management","module":"attendance","resource"
:"license","severity":"high","status":"failure","tags":["lic
ense","expired","attendance"],"tenantId":"69492a80571020616d
d16c60"},"service":"audit-logger","stack":"TypeError: 
req.get is not a function\n    at AuditLoggerService.get 
[as extractRequestInfo] (D:\\Work\\HR-SM\\server\\services\\
auditLogger.service.js:68:22)\n    at 
AuditLoggerService.extractRequestInfo [as createAuditLog] (D
:\\Work\\HR-SM\\server\\services\\auditLogger.service.js:85:
32)\n    at AuditLoggerService.createAuditLog [as 
logLicenseExpired] (D:\\Work\\HR-SM\\server\\services\\audit
Logger.service.js:669:23)\n    at Object.logLicenseExpired (
D:\\Work\\HR-SM\\server\\testing\\services\\auditLogger.serv
ice.test.js:87:50)\n    at Promise.finally.completed (D:\\Wo
rk\\HR-SM\\node_modules\\jest-circus\\build\\jestAdapterInit
.js:1557:28)\n    at new Promise (<anonymous>)\n    at 
callAsyncCircusFn (D:\\Work\\HR-SM\\node_modules\\jest-circu
s\\build\\jestAdapterInit.js:1497:10)\n    at 
_callCircusTest (D:\\Work\\HR-SM\\node_modules\\jest-circus\
\build\\jestAdapterInit.js:1007:40)\n    at 
processTicksAndRejections 
(node:internal/process/task_queues:105:5)\n    at _runTest (
D:\\Work\\HR-SM\\node_modules\\jest-circus\\build\\jestAdapt
erInit.js:947:3)\n    at D:\\Work\\HR-SM\\node_modules\\jest
-circus\\build\\jestAdapterInit.js:849:7\n    at 
_runTestsForDescribeBlock (D:\\Work\\HR-SM\\node_modules\\je
st-circus\\build\\jestAdapterInit.js:862:11)\n    at 
_runTestsForDescribeBlock (D:\\Work\\HR-SM\\node_modules\\je
st-circus\\build\\jestAdapterInit.js:857:11)\n    at 
_runTestsForDescribeBlock (D:\\Work\\HR-SM\\node_modules\\je
st-circus\\build\\jestAdapterInit.js:857:11)\n    at run (D:
\\Work\\HR-SM\\node_modules\\jest-circus\\build\\jestAdapter
Init.js:761:3)\n    at runAndTransformResultsToJestFormat (D
:\\Work\\HR-SM\\node_modules\\jest-circus\\build\\jestAdapte
rInit.js:1918:21)\n    at jestAdapter (D:\\Work\\HR-SM\\node
_modules\\jest-circus\\build\\runner.js:103:25)\n    at 
runTestInternal (D:\\Work\\HR-SM\\node_modules\\jest-runner\
\build\\testWorker.js:275:16)\n    at runTest (D:\\Work\\HR-
SM\\node_modules\\jest-runner\\build\\testWorker.js:343:7)\n
    at Object.worker (D:\\Work\\HR-SM\\node_modules\\jest-ru
nner\\build\\testWorker.js:497:12)","timestamp":"2025-12-22T
11:24:49.385Z"}

      at Console.write [as log] (node_modules/winston/lib/wi
nston/transports/console.js:87:23)

    console.log
      info: Audit log created {"action":"performance_alert",
"auditLogId":"69492a81571020616dd16c91","category":"performa
nce","correlationId":"audit_1766402689395_5237e42a","resourc
e":"module","service":"audit-logger","severity":"high","time
stamp":"2025-12-22T11:24:49.398Z"}

      at Console.write [as log] (node_modules/winston/lib/wi
nston/transports/console.js:87:23)

    console.log
      error: Failed to create audit log {"error":"req.get 
is not a function","logData":{"action":"module_enable","cate
gory":"module_management","module":"attendance","resource":"
module","severity":"medium","status":"success","tags":["modu
le","activated","attendance"],"tenantId":"69492a80571020616d
d16c60"},"service":"audit-logger","stack":"TypeError: 
req.get is not a function\n    at AuditLoggerService.get 
[as extractRequestInfo] (D:\\Work\\HR-SM\\server\\services\\
auditLogger.service.js:68:22)\n    at 
AuditLoggerService.extractRequestInfo [as createAuditLog] (D
:\\Work\\HR-SM\\server\\services\\auditLogger.service.js:85:
32)\n    at AuditLoggerService.createAuditLog [as 
logModuleActivated] (D:\\Work\\HR-SM\\server\\services\\audi
tLogger.service.js:689:23)\n    at 
Object.logModuleActivated (D:\\Work\\HR-SM\\server\\testing\
\services\\auditLogger.service.test.js:138:50)\n    at 
Promise.finally.completed (D:\\Work\\HR-SM\\node_modules\\je
st-circus\\build\\jestAdapterInit.js:1557:28)\n    at new 
Promise (<anonymous>)\n    at callAsyncCircusFn (D:\\Work\\H
R-SM\\node_modules\\jest-circus\\build\\jestAdapterInit.js:1
497:10)\n    at _callCircusTest (D:\\Work\\HR-SM\\node_modul
es\\jest-circus\\build\\jestAdapterInit.js:1007:40)\n    at 
processTicksAndRejections 
(node:internal/process/task_queues:105:5)\n    at _runTest (
D:\\Work\\HR-SM\\node_modules\\jest-circus\\build\\jestAdapt
erInit.js:947:3)\n    at D:\\Work\\HR-SM\\node_modules\\jest
-circus\\build\\jestAdapterInit.js:849:7\n    at 
_runTestsForDescribeBlock (D:\\Work\\HR-SM\\node_modules\\je
st-circus\\build\\jestAdapterInit.js:862:11)\n    at 
_runTestsForDescribeBlock (D:\\Work\\HR-SM\\node_modules\\je
st-circus\\build\\jestAdapterInit.js:857:11)\n    at 
_runTestsForDescribeBlock (D:\\Work\\HR-SM\\node_modules\\je
st-circus\\build\\jestAdapterInit.js:857:11)\n    at run (D:
\\Work\\HR-SM\\node_modules\\jest-circus\\build\\jestAdapter
Init.js:761:3)\n    at runAndTransformResultsToJestFormat (D
:\\Work\\HR-SM\\node_modules\\jest-circus\\build\\jestAdapte
rInit.js:1918:21)\n    at jestAdapter (D:\\Work\\HR-SM\\node
_modules\\jest-circus\\build\\runner.js:103:25)\n    at 
runTestInternal (D:\\Work\\HR-SM\\node_modules\\jest-runner\
\build\\testWorker.js:275:16)\n    at runTest (D:\\Work\\HR-
SM\\node_modules\\jest-runner\\build\\testWorker.js:343:7)\n
    at Object.worker (D:\\Work\\HR-SM\\node_modules\\jest-ru
nner\\build\\testWorker.js:497:12)","timestamp":"2025-12-22T
11:24:49.412Z"}

      at Console.write [as log] (node_modules/winston/lib/wi
nston/transports/console.js:87:23)

    console.log
      info: Audit log created {"action":"license_validate","
auditLogId":"69492a81571020616dd16cb4","category":"license_m
anagement","correlationId":"audit_1766402689451_d910b053","r
esource":"module","service":"audit-logger","severity":"low",
"timestamp":"2025-12-22T11:24:49.453Z"}

      at Console.write [as log] (node_modules/winston/lib/wi
nston/transports/console.js:87:23)

    console.log
      info: Audit log created {"action":"license_validate","
auditLogId":"69492a81571020616dd16cb6","category":"license_m
anagement","correlationId":"audit_1766402689456_db281eb1","r
esource":"module","service":"audit-logger","severity":"low",
"timestamp":"2025-12-22T11:24:49.458Z"}

      at Console.write [as log] (node_modules/winston/lib/wi
nston/transports/console.js:87:23)

    console.log
      info: Audit log created {"action":"license_validate","
auditLogId":"69492a81571020616dd16cb8","category":"security"
,"correlationId":"audit_1766402689461_cae44cd3","resource":"
module","service":"audit-logger","severity":"medium","timest
amp":"2025-12-22T11:24:49.463Z"}

      at Console.write [as log] (node_modules/winston/lib/wi
nston/transports/console.js:87:23)

    console.log
      info: Audit log created {"action":"performance_alert",
"auditLogId":"69492a81571020616dd16cba","category":"performa
nce","correlationId":"audit_1766402689466_8ccdc89a","resourc
e":"module","service":"audit-logger","severity":"high","time
stamp":"2025-12-22T11:24:49.468Z"}

      at Console.write [as log] (node_modules/winston/lib/wi
nston/transports/console.js:87:23)

    console.log
      info: Audit log created {"action":"license_validate","
auditLogId":"69492a81571020616dd16cc0","category":"license_m
anagement","correlationId":"audit_1766402689488_2a0c1f1d","r
esource":"module","service":"audit-logger","severity":"low",
"timestamp":"2025-12-22T11:24:49.490Z"}

      at Console.write [as log] (node_modules/winston/lib/wi
nston/transports/console.js:87:23)

    console.log
      info: Audit log created {"action":"license_validate","
auditLogId":"69492a81571020616dd16cc2","category":"license_m
anagement","correlationId":"audit_1766402689492_8e776d07","r
esource":"module","service":"audit-logger","severity":"low",
"timestamp":"2025-12-22T11:24:49.494Z"}

      at Console.write [as log] (node_modules/winston/lib/wi
nston/transports/console.js:87:23)

    console.log
      info: Audit log created {"action":"license_validate","
auditLogId":"69492a81571020616dd16cc4","category":"security"
,"correlationId":"audit_1766402689497_b0b29abc","resource":"
module","service":"audit-logger","severity":"medium","timest
amp":"2025-12-22T11:24:49.499Z"}

      at Console.write [as log] (node_modules/winston/lib/wi
nston/transports/console.js:87:23)

    console.log
      info: Audit log created {"action":"performance_alert",
"auditLogId":"69492a81571020616dd16cc6","category":"performa
nce","correlationId":"audit_1766402689502_fb035f83","resourc
e":"module","service":"audit-logger","severity":"high","time
stamp":"2025-12-22T11:24:49.504Z"}

      at Console.write [as log] (node_modules/winston/lib/wi
nston/transports/console.js:87:23)

    console.log
      info: Audit log created {"action":"license_validate","
auditLogId":"69492a81571020616dd16ccc","category":"license_m
anagement","correlationId":"audit_1766402689514_8b7b6350","r
esource":"module","service":"audit-logger","severity":"low",
"timestamp":"2025-12-22T11:24:49.517Z"}

      at Console.write [as log] (node_modules/winston/lib/wi
nston/transports/console.js:87:23)

    console.log
      info: Audit log created {"action":"license_validate","
auditLogId":"69492a81571020616dd16cce","category":"license_m
anagement","correlationId":"audit_1766402689520_7c8456c6","r
esource":"module","service":"audit-logger","severity":"low",
"timestamp":"2025-12-22T11:24:49.521Z"}

      at Console.write [as log] (node_modules/winston/lib/wi
nston/transports/console.js:87:23)

    console.log
      info: Audit log created {"action":"license_validate","
auditLogId":"69492a81571020616dd16cd0","category":"security"
,"correlationId":"audit_1766402689524_1232847a","resource":"
module","service":"audit-logger","severity":"medium","timest
amp":"2025-12-22T11:24:49.526Z"}

      at Console.write [as log] (node_modules/winston/lib/wi
nston/transports/console.js:87:23)

    console.log
      info: Audit log created {"action":"performance_alert",
"auditLogId":"69492a81571020616dd16cd2","category":"performa
nce","correlationId":"audit_1766402689529_03ba8b9a","resourc
e":"module","service":"audit-logger","severity":"high","time
stamp":"2025-12-22T11:24:49.530Z"}

      at Console.write [as log] (node_modules/winston/lib/wi
nston/transports/console.js:87:23)

    console.log
      info: Audit log created {"action":"license_validate","
auditLogId":"69492a81571020616dd16cd8","category":"license_m
anagement","correlationId":"audit_1766402689540_70aa2a72","r
esource":"module","service":"audit-logger","severity":"low",
"timestamp":"2025-12-22T11:24:49.542Z"}

      at Console.write [as log] (node_modules/winston/lib/wi
nston/transports/console.js:87:23)

    console.log
      info: Audit log created {"action":"license_validate","
auditLogId":"69492a81571020616dd16cda","category":"license_m
anagement","correlationId":"audit_1766402689544_f947e485","r
esource":"module","service":"audit-logger","severity":"low",
"timestamp":"2025-12-22T11:24:49.546Z"}

      at Console.write [as log] (node_modules/winston/lib/wi
nston/transports/console.js:87:23)

    console.log
      info: Audit log created {"action":"license_validate","
auditLogId":"69492a81571020616dd16cdc","category":"security"
,"correlationId":"audit_1766402689549_7dca076c","resource":"
module","service":"audit-logger","severity":"medium","timest
amp":"2025-12-22T11:24:49.551Z"}

      at Console.write [as log] (node_modules/winston/lib/wi
nston/transports/console.js:87:23)

    console.log
      info: Audit log created {"action":"performance_alert",
"auditLogId":"69492a81571020616dd16cde","category":"performa
nce","correlationId":"audit_1766402689553_0a95920a","resourc
e":"module","service":"audit-logger","severity":"high","time
stamp":"2025-12-22T11:24:49.555Z"}

      at Console.write [as log] (node_modules/winston/lib/wi
nston/transports/console.js:87:23)

    console.log
      info: Audit log created {"action":"license_validate","
auditLogId":"69492a81571020616dd16ce4","category":"license_m
anagement","correlationId":"audit_1766402689565_975fe43e","r
esource":"module","service":"audit-logger","severity":"low",
"timestamp":"2025-12-22T11:24:49.566Z"}

      at Console.write [as log] (node_modules/winston/lib/wi
nston/transports/console.js:87:23)

    console.log
      info: Audit log created {"action":"license_validate","
auditLogId":"69492a81571020616dd16ce6","category":"license_m
anagement","correlationId":"audit_1766402689569_5e4f24fd","r
esource":"module","service":"audit-logger","severity":"low",
"timestamp":"2025-12-22T11:24:49.571Z"}

      at Console.write [as log] (node_modules/winston/lib/wi
nston/transports/console.js:87:23)

    console.log
      info: Audit log created {"action":"license_validate","
auditLogId":"69492a81571020616dd16ce8","category":"security"
,"correlationId":"audit_1766402689573_84ea0596","resource":"
module","service":"audit-logger","severity":"medium","timest
amp":"2025-12-22T11:24:49.575Z"}

      at Console.write [as log] (node_modules/winston/lib/wi
nston/transports/console.js:87:23)

    console.log
      info: Audit log created {"action":"performance_alert",
"auditLogId":"69492a81571020616dd16cea","category":"performa
nce","correlationId":"audit_1766402689579_55338dc7","resourc
e":"module","service":"audit-logger","severity":"high","time
stamp":"2025-12-22T11:24:49.581Z"}

      at Console.write [as log] (node_modules/winston/lib/wi
nston/transports/console.js:87:23)

    console.log
      info: Audit log created {"action":"license_validate","
auditLogId":"69492a81571020616dd16cf0","category":"license_m
anagement","correlationId":"audit_1766402689589_6413bf65","r
esource":"module","service":"audit-logger","severity":"low",
"timestamp":"2025-12-22T11:24:49.591Z"}

      at Console.write [as log] (node_modules/winston/lib/wi
nston/transports/console.js:87:23)

    console.log
      info: Audit log created {"action":"license_validate","
auditLogId":"69492a81571020616dd16cf2","category":"license_m
anagement","correlationId":"audit_1766402689593_d94fdcdc","r
esource":"module","service":"audit-logger","severity":"low",
"timestamp":"2025-12-22T11:24:49.595Z"}

      at Console.write [as log] (node_modules/winston/lib/wi
nston/transports/console.js:87:23)

    console.log
      info: Audit log created {"action":"license_validate","
auditLogId":"69492a81571020616dd16cf4","category":"security"
,"correlationId":"audit_1766402689597_23e43e62","resource":"
module","service":"audit-logger","severity":"medium","timest
amp":"2025-12-22T11:24:49.599Z"}

      at Console.write [as log] (node_modules/winston/lib/wi
nston/transports/console.js:87:23)

    console.log
      info: Audit log created {"action":"performance_alert",
"auditLogId":"69492a81571020616dd16cf6","category":"performa
nce","correlationId":"audit_1766402689601_ac875169","resourc
e":"module","service":"audit-logger","severity":"high","time
stamp":"2025-12-22T11:24:49.603Z"}

      at Console.write [as log] (node_modules/winston/lib/wi
nston/transports/console.js:87:23)

    console.log
      info: Audit log created {"action":"license_validate","
auditLogId":"69492a81571020616dd16cfc","category":"license_m
anagement","correlationId":"audit_1766402689612_b95a3c2b","r
esource":"module","service":"audit-logger","severity":"low",
"timestamp":"2025-12-22T11:24:49.613Z"}

      at Console.write [as log] (node_modules/winston/lib/wi
nston/transports/console.js:87:23)

    console.log
      info: Audit log created {"action":"license_validate","
auditLogId":"69492a81571020616dd16cfe","category":"license_m
anagement","correlationId":"audit_1766402689615_fe190595","r
esource":"module","service":"audit-logger","severity":"low",
"timestamp":"2025-12-22T11:24:49.617Z"}

      at Console.write [as log] (node_modules/winston/lib/wi
nston/transports/console.js:87:23)

    console.log
      info: Audit log created {"action":"license_validate","
auditLogId":"69492a81571020616dd16d00","category":"security"
,"correlationId":"audit_1766402689619_6b9cdb58","resource":"
module","service":"audit-logger","severity":"medium","timest
amp":"2025-12-22T11:24:49.621Z"}

      at Console.write [as log] (node_modules/winston/lib/wi
nston/transports/console.js:87:23)

    console.log
      info: Audit log created {"action":"performance_alert",
"auditLogId":"69492a81571020616dd16d02","category":"performa
nce","correlationId":"audit_1766402689623_4502d48e","resourc
e":"module","service":"audit-logger","severity":"high","time
stamp":"2025-12-22T11:24:49.625Z"}

      at Console.write [as log] (node_modules/winston/lib/wi
nston/transports/console.js:87:23)

    console.log
      info: Audit log created {"action":"license_validate","
auditLogId":"69492a81571020616dd16d08","category":"license_m
anagement","correlationId":"audit_1766402689637_62189524","r
esource":"module","service":"audit-logger","severity":"low",
"timestamp":"2025-12-22T11:24:49.639Z"}

      at Console.write [as log] (node_modules/winston/lib/wi
nston/transports/console.js:87:23)

    console.log
      info: Audit log created {"action":"performance_alert",
"auditLogId":"69492a81571020616dd16d0a","category":"performa
nce","correlationId":"audit_1766402689641_d41180f3","resourc
e":"module","service":"audit-logger","severity":"high","time
stamp":"2025-12-22T11:24:49.643Z"}

      at Console.write [as log] (node_modules/winston/lib/wi
nston/transports/console.js:87:23)

    console.log
      info: Audit log created {"action":"license_expire","au
ditLogId":"69492a81571020616dd16d0c","category":"license_man
agement","correlationId":"audit_1766402689646_9c101fce","res
ource":"license","service":"audit-logger","severity":"high",
"timestamp":"2025-12-22T11:24:49.647Z"}

      at Console.write [as log] (node_modules/winston/lib/wi
nston/transports/console.js:87:23)

    console.log
      info: Audit log created {"action":"license_validate","
auditLogId":"69492a81571020616dd16d12","category":"license_m
anagement","correlationId":"audit_1766402689657_6f535c4e","r
esource":"module","service":"audit-logger","severity":"low",
"timestamp":"2025-12-22T11:24:49.659Z"}

      at Console.write [as log] (node_modules/winston/lib/wi
nston/transports/console.js:87:23)

    console.log
      info: Audit log created {"action":"module_enable","aud
itLogId":"69492a81571020616dd16d14","category":"module_manag
ement","correlationId":"audit_1766402689662_96fc5911","resou
rce":"module","service":"audit-logger","severity":"medium","
timestamp":"2025-12-22T11:24:49.663Z"}

      at Console.write [as log] (node_modules/winston/lib/wi
nston/transports/console.js:87:23)

    console.log
      info: Audit log created {"action":"license_validate","
auditLogId":"69492a81571020616dd16d16","category":"license_m
anagement","correlationId":"audit_1766402689666_2aa6889a","r
esource":"module","service":"audit-logger","severity":"low",
"timestamp":"2025-12-22T11:24:49.668Z"}

      at Console.write [as log] (node_modules/winston/lib/wi
nston/transports/console.js:87:23)

  ΓùÅ AuditLoggerService ΓÇ║ createLog ΓÇ║ should create a 
basic audit log entry

    ValidationError: AuditLog validation failed: action: 
Path `action` is required., resource: Path `resource` is 
required., severity: `info` is not a valid enum value for 
path `severity`.

      at model.Document.invalidate 
(node_modules/mongoose/lib/document.js:3362:32)
      at invalidate 
(node_modules/mongoose/lib/document.js:3123:17)
      at fn (node_modules/mongoose/lib/schemaType.js:1446:9)

  ΓùÅ AuditLoggerService ΓÇ║ createLog ΓÇ║ should reject 
invalid event type

    expect(received).rejects.toThrow(expected)

    Expected substring: "Invalid event type"
    Received message:   "AuditLog validation failed: 
action: Path `action` is required., resource: Path 
`resource` is required., severity: `info` is not a valid 
enum value for path `severity`."

      at model.Document.invalidate 
(node_modules/mongoose/lib/document.js:3362:32)
      at invalidate 
(node_modules/mongoose/lib/document.js:3123:17)
      at fn (node_modules/mongoose/lib/schemaType.js:1446:9)
      at Object.toThrow 
(node_modules/expect/build/index.js:2155:20)
      at Object.toThrow 
(server/testing/services/auditLogger.service.test.js:40:23)

  ΓùÅ AuditLoggerService ΓÇ║ createLog ΓÇ║ should reject 
invalid severity level

    expect(received).rejects.toThrow(expected)

    Expected substring: "Invalid severity level"
    Received message:   "AuditLog validation failed: 
action: Path `action` is required., resource: Path 
`resource` is required., severity: `invalid` is not a valid 
enum value for path `severity`."

      at model.Document.invalidate 
(node_modules/mongoose/lib/document.js:3362:32)
      at invalidate 
(node_modules/mongoose/lib/document.js:3123:17)
      at fn (node_modules/mongoose/lib/schemaType.js:1446:9)
      at Object.toThrow 
(node_modules/expect/build/index.js:2155:20)
      at Object.toThrow 
(server/testing/services/auditLogger.service.test.js:51:23)

  ΓùÅ AuditLoggerService ΓÇ║ logValidationSuccess ΓÇ║ 
should log validation success with info severity

    TypeError: req.get is not a function

    [0m [90m 66 |[39m     [36mreturn[39m {
     [90m 67 |[39m       ipAddress[33m:[39m 
req[33m.[39mip [33m||[39m req[33m.[39mconnection[33m?
[39m[33m.[39mremoteAddress[33m,[39m
    [31m[1m>[22m[39m[90m 68 |[39m       
userAgent[33m:[39m req[33m.[39m[36mget[39m([32m'User-
Agent'[39m)[33m,[39m
     [90m    |[39m                      
[31m[1m^[22m[39m
     [90m 69 |[39m       requestId[33m:[39m 
req[33m.[39mid [33m||[39m 
req[33m.[39mheaders[[32m'x-request-id'[39m][33m,[39m
     [90m 70 |[39m       sessionId[33m:[39m 
req[33m.[39msessionID [33m||[39m 
req[33m.[39msession[33m?[39m[33m.[39mid[33m,[39m
     [90m 71 |[39m       method[33m:[39m 
req[33m.[39mmethod[33m,[39m[0m

      at AuditLoggerService.get [as extractRequestInfo] 
(server/services/auditLogger.service.js:68:22)
      at AuditLoggerService.extractRequestInfo [as 
createAuditLog] 
(server/services/auditLogger.service.js:85:32)
      at AuditLoggerService.createAuditLog [as 
logValidationSuccess] 
(server/services/auditLogger.service.js:616:23)
      at Object.logValidationSuccess 
(server/testing/services/auditLogger.service.test.js:57:50)

  ΓùÅ AuditLoggerService ΓÇ║ logValidationFailure ΓÇ║ 
should log validation failure with warning severity

    TypeError: req.get is not a function

    [0m [90m 66 |[39m     [36mreturn[39m {
     [90m 67 |[39m       ipAddress[33m:[39m 
req[33m.[39mip [33m||[39m req[33m.[39mconnection[33m?
[39m[33m.[39mremoteAddress[33m,[39m
    [31m[1m>[22m[39m[90m 68 |[39m       
userAgent[33m:[39m req[33m.[39m[36mget[39m([32m'User-
Agent'[39m)[33m,[39m
     [90m    |[39m                      
[31m[1m^[22m[39m
     [90m 69 |[39m       requestId[33m:[39m 
req[33m.[39mid [33m||[39m 
req[33m.[39mheaders[[32m'x-request-id'[39m][33m,[39m
     [90m 70 |[39m       sessionId[33m:[39m 
req[33m.[39msessionID [33m||[39m 
req[33m.[39msession[33m?[39m[33m.[39mid[33m,[39m
     [90m 71 |[39m       method[33m:[39m 
req[33m.[39mmethod[33m,[39m[0m

      at AuditLoggerService.get [as extractRequestInfo] 
(server/services/auditLogger.service.js:68:22)
      at AuditLoggerService.extractRequestInfo [as 
createAuditLog] 
(server/services/auditLogger.service.js:85:32)
      at AuditLoggerService.createAuditLog [as 
logValidationFailure] 
(server/services/auditLogger.service.js:595:23)
      at Object.logValidationFailure 
(server/testing/services/auditLogger.service.test.js:71:50)

  ΓùÅ AuditLoggerService ΓÇ║ logLicenseExpired ΓÇ║ should 
log license expiration with critical severity

    TypeError: req.get is not a function

    [0m [90m 66 |[39m     [36mreturn[39m {
     [90m 67 |[39m       ipAddress[33m:[39m 
req[33m.[39mip [33m||[39m req[33m.[39mconnection[33m?
[39m[33m.[39mremoteAddress[33m,[39m
    [31m[1m>[22m[39m[90m 68 |[39m       
userAgent[33m:[39m req[33m.[39m[36mget[39m([32m'User-
Agent'[39m)[33m,[39m
     [90m    |[39m                      
[31m[1m^[22m[39m
     [90m 69 |[39m       requestId[33m:[39m 
req[33m.[39mid [33m||[39m 
req[33m.[39mheaders[[32m'x-request-id'[39m][33m,[39m
     [90m 70 |[39m       sessionId[33m:[39m 
req[33m.[39msessionID [33m||[39m 
req[33m.[39msession[33m?[39m[33m.[39mid[33m,[39m
     [90m 71 |[39m       method[33m:[39m 
req[33m.[39mmethod[33m,[39m[0m

      at AuditLoggerService.get [as extractRequestInfo] 
(server/services/auditLogger.service.js:68:22)
      at AuditLoggerService.extractRequestInfo [as 
createAuditLog] 
(server/services/auditLogger.service.js:85:32)
      at AuditLoggerService.createAuditLog [as 
logLicenseExpired] 
(server/services/auditLogger.service.js:669:23)
      at Object.logLicenseExpired 
(server/testing/services/auditLogger.service.test.js:87:50)

  ΓùÅ AuditLoggerService ΓÇ║ logLimitWarning ΓÇ║ should log 
limit warning with correct details

    TypeError: auditLoggerService.logLimitWarning is not a 
function

    [0m [90m  98 |[39m     
describe([32m'logLimitWarning'[39m[33m,[39m () 
[33m=>[39m {
     [90m  99 |[39m         it([32m'should log limit 
warning with correct details'[39m[33m,[39m 
[36masync[39m () [33m=>[39m {
    [31m[1m>[22m[39m[90m 100 |[39m             
[36mconst[39m log [33m=[39m [36mawait[39m 
auditLoggerService[33m.[39mlogLimitWarning(
     [90m     |[39m                                       
           [31m[1m^[22m[39m
     [90m 101 |[39m                 
testTenantId[33m,[39m
     [90m 102 |[39m                 
testModuleKey[33m,[39m
     [90m 103 |[39m                 
[32m'employees'[39m[33m,[39m[0m

      at Object.logLimitWarning 
(server/testing/services/auditLogger.service.test.js:100:50)

  ΓùÅ AuditLoggerService ΓÇ║ logLimitExceeded ΓÇ║ should 
log limit exceeded with critical severity

    expect(received).toBe(expected) // Object.is equality

    Expected: "LIMIT_EXCEEDED"
    Received: undefined

    [0m [90m 126 |[39m             )[33m;[39m
     [90m 127 |[39m
    [31m[1m>[22m[39m[90m 128 |[39m             expect(
log[33m.[39meventType)[33m.[39mtoBe([32m'LIMIT_EXCEEDED
'[39m)[33m;[39m
     [90m     |[39m                                   
[31m[1m^[22m[39m
     [90m 129 |[39m             expect(log[33m.[39msever
ity)[33m.[39mtoBe([32m'critical'[39m)[33m;[39m
     [90m 130 |[39m             expect(log[33m.[39mdetai
ls[33m.[39mlimitType)[33m.[39mtoBe([32m'storage'[39m)
[33m;[39m
     [90m 131 |[39m             expect(log[33m.[39mdetai
ls[33m.[39mcurrentValue)[33m.[39mtoBe([35m11000000000[
39m)[33m;[39m[0m

      at Object.toBe 
(server/testing/services/auditLogger.service.test.js:128:35)

  ΓùÅ AuditLoggerService ΓÇ║ logModuleActivated ΓÇ║ should 
log module activation

    TypeError: req.get is not a function

    [0m [90m 66 |[39m     [36mreturn[39m {
     [90m 67 |[39m       ipAddress[33m:[39m 
req[33m.[39mip [33m||[39m req[33m.[39mconnection[33m?
[39m[33m.[39mremoteAddress[33m,[39m
    [31m[1m>[22m[39m[90m 68 |[39m       
userAgent[33m:[39m req[33m.[39m[36mget[39m([32m'User-
Agent'[39m)[33m,[39m
     [90m    |[39m                      
[31m[1m^[22m[39m
     [90m 69 |[39m       requestId[33m:[39m 
req[33m.[39mid [33m||[39m 
req[33m.[39mheaders[[32m'x-request-id'[39m][33m,[39m
     [90m 70 |[39m       sessionId[33m:[39m 
req[33m.[39msessionID [33m||[39m 
req[33m.[39msession[33m?[39m[33m.[39mid[33m,[39m
     [90m 71 |[39m       method[33m:[39m 
req[33m.[39mmethod[33m,[39m[0m

      at AuditLoggerService.get [as extractRequestInfo] 
(server/services/auditLogger.service.js:68:22)
      at AuditLoggerService.extractRequestInfo [as 
createAuditLog] 
(server/services/auditLogger.service.js:85:32)
      at AuditLoggerService.createAuditLog [as 
logModuleActivated] 
(server/services/auditLogger.service.js:689:23)
      at Object.logModuleActivated 
(server/testing/services/auditLogger.service.test.js:138:50)

  ΓùÅ AuditLoggerService ΓÇ║ logModuleDeactivated ΓÇ║ 
should log module deactivation

    TypeError: auditLoggerService.logModuleDeactivated is 
not a function

    [0m [90m 150 |[39m     
describe([32m'logModuleDeactivated'[39m[33m,[39m () 
[33m=>[39m {
     [90m 151 |[39m         it([32m'should log module 
deactivation'[39m[33m,[39m [36masync[39m () 
[33m=>[39m {
    [31m[1m>[22m[39m[90m 152 |[39m             
[36mconst[39m log [33m=[39m [36mawait[39m 
auditLoggerService[33m.[39mlogModuleDeactivated(
     [90m     |[39m                                       
           [31m[1m^[22m[39m
     [90m 153 |[39m                 
testTenantId[33m,[39m
     [90m 154 |[39m                 
testModuleKey[33m,[39m
     [90m 155 |[39m                 { reason[33m:[39m 
[32m'Subscription downgrade'[39m }[0m

      at Object.logModuleDeactivated 
(server/testing/services/auditLogger.service.test.js:152:50)

  ΓùÅ AuditLoggerService ΓÇ║ logLicenseUpdated ΓÇ║ should 
log license update with change tracking

    TypeError: auditLoggerService.logLicenseUpdated is not 
a function

    [0m [90m 166 |[39m             [36mconst[39m 
newValue [33m=[39m { tier[33m:[39m 
[32m'business'[39m[33m,[39m limits[33m:[39m { 
employees[33m:[39m [35m200[39m } }[33m;[39m
     [90m 167 |[39m
    [31m[1m>[22m[39m[90m 168 |[39m             
[36mconst[39m log [33m=[39m [36mawait[39m 
auditLoggerService[33m.[39mlogLicenseUpdated(
     [90m     |[39m                                       
           [31m[1m^[22m[39m
     [90m 169 |[39m                 
testTenantId[33m,[39m
     [90m 170 |[39m                 
testModuleKey[33m,[39m
     [90m 171 |[39m                 
previousValue[33m,[39m[0m

      at Object.logLicenseUpdated 
(server/testing/services/auditLogger.service.test.js:168:50)

  ΓùÅ AuditLoggerService ΓÇ║ logSubscriptionEvent ΓÇ║ 
should log subscription created

    TypeError: auditLoggerService.logSubscriptionEvent is 
not a function

    [0m [90m 182 |[39m     
describe([32m'logSubscriptionEvent'[39m[33m,[39m () 
[33m=>[39m {
     [90m 183 |[39m         it([32m'should log 
subscription created'[39m[33m,[39m [36masync[39m () 
[33m=>[39m {
    [31m[1m>[22m[39m[90m 184 |[39m             
[36mconst[39m log [33m=[39m [36mawait[39m 
auditLoggerService[33m.[39mlogSubscriptionEvent(
     [90m     |[39m                                       
           [31m[1m^[22m[39m
     [90m 185 |[39m                 
testTenantId[33m,[39m
     [90m 186 |[39m                 
testModuleKey[33m,[39m
     [90m 187 |[39m                 
[32m'SUBSCRIPTION_CREATED'[39m[33m,[39m[0m

      at Object.logSubscriptionEvent 
(server/testing/services/auditLogger.service.test.js:184:50)

  ΓùÅ AuditLoggerService ΓÇ║ logSubscriptionEvent ΓÇ║ 
should log subscription expired with warning severity

    TypeError: auditLoggerService.logSubscriptionEvent is 
not a function

    [0m [90m 194 |[39m
     [90m 195 |[39m         it([32m'should log 
subscription expired with warning severity'[39m[33m,[39m 
[36masync[39m () [33m=>[39m {
    [31m[1m>[22m[39m[90m 196 |[39m             
[36mconst[39m log [33m=[39m [36mawait[39m 
auditLoggerService[33m.[39mlogSubscriptionEvent(
     [90m     |[39m                                       
           [31m[1m^[22m[39m
     [90m 197 |[39m                 
testTenantId[33m,[39m
     [90m 198 |[39m                 
testModuleKey[33m,[39m
     [90m 199 |[39m                 
[32m'SUBSCRIPTION_EXPIRED'[39m[0m

      at Object.logSubscriptionEvent 
(server/testing/services/auditLogger.service.test.js:196:50)

  ΓùÅ AuditLoggerService ΓÇ║ logSubscriptionEvent ΓÇ║ 
should reject invalid subscription event type

    TypeError: auditLoggerService.logSubscriptionEvent is 
not a function

    [0m [90m 206 |[39m         it([32m'should reject 
invalid subscription event type'[39m[33m,[39m 
[36masync[39m () [33m=>[39m {
     [90m 207 |[39m             [36mawait[39m expect(
    [31m[1m>[22m[39m[90m 208 |[39m                 
auditLoggerService[33m.[39mlogSubscriptionEvent(
     [90m     |[39m                                    
[31m[1m^[22m[39m
     [90m 209 |[39m                     
testTenantId[33m,[39m
     [90m 210 |[39m                     
testModuleKey[33m,[39m
     [90m 211 |[39m                     
[32m'INVALID_SUBSCRIPTION_EVENT'[39m[0m

      at Object.logSubscriptionEvent 
(server/testing/services/auditLogger.service.test.js:208:36)

  ΓùÅ AuditLoggerService ΓÇ║ logTrialEvent ΓÇ║ should log 
trial started

    TypeError: auditLoggerService.logTrialEvent is not a 
function

    [0m [90m 217 |[39m     
describe([32m'logTrialEvent'[39m[33m,[39m () 
[33m=>[39m {
     [90m 218 |[39m         it([32m'should log trial 
started'[39m[33m,[39m [36masync[39m () [33m=>[39m {
    [31m[1m>[22m[39m[90m 219 |[39m             
[36mconst[39m log [33m=[39m [36mawait[39m 
auditLoggerService[33m.[39mlogTrialEvent(
     [90m     |[39m                                       
           [31m[1m^[22m[39m
     [90m 220 |[39m                 
testTenantId[33m,[39m
     [90m 221 |[39m                 
testModuleKey[33m,[39m
     [90m 222 |[39m                 
[32m'TRIAL_STARTED'[39m[33m,[39m[0m

      at Object.logTrialEvent 
(server/testing/services/auditLogger.service.test.js:219:50)

  ΓùÅ AuditLoggerService ΓÇ║ logTrialEvent ΓÇ║ should 
reject invalid trial event type

    TypeError: auditLoggerService.logTrialEvent is not a 
function

    [0m [90m 230 |[39m         it([32m'should reject 
invalid trial event type'[39m[33m,[39m [36masync[39m 
() [33m=>[39m {
     [90m 231 |[39m             [36mawait[39m expect(
    [31m[1m>[22m[39m[90m 232 |[39m                 
auditLoggerService[33m.[39mlogTrialEvent(
     [90m     |[39m                                    
[31m[1m^[22m[39m
     [90m 233 |[39m                     
testTenantId[33m,[39m
     [90m 234 |[39m                     
testModuleKey[33m,[39m
     [90m 235 |[39m                     
[32m'INVALID_TRIAL_EVENT'[39m[0m

      at Object.logTrialEvent 
(server/testing/services/auditLogger.service.test.js:232:36)

  ΓùÅ AuditLoggerService ΓÇ║ logUsageTracked ΓÇ║ should log 
usage tracking

    TypeError: auditLoggerService.logUsageTracked is not a 
function

    [0m [90m 241 |[39m     
describe([32m'logUsageTracked'[39m[33m,[39m () 
[33m=>[39m {
     [90m 242 |[39m         it([32m'should log usage 
tracking'[39m[33m,[39m [36masync[39m () [33m=>[39m {
    [31m[1m>[22m[39m[90m 243 |[39m             
[36mconst[39m log [33m=[39m [36mawait[39m 
auditLoggerService[33m.[39mlogUsageTracked(
     [90m     |[39m                                       
           [31m[1m^[22m[39m
     [90m 244 |[39m                 
testTenantId[33m,[39m
     [90m 245 |[39m                 
testModuleKey[33m,[39m
     [90m 246 |[39m                 { metric[33m:[39m 
[32m'apiCalls'[39m[33m,[39m value[33m:[39m 
[35m100[39m }[0m

      at Object.logUsageTracked 
(server/testing/services/auditLogger.service.test.js:243:50)

  ΓùÅ AuditLoggerService ΓÇ║ logDependencyViolation ΓÇ║ 
should log dependency violation with error severity

    TypeError: auditLoggerService.logDependencyViolation is 
not a function

    [0m [90m 254 |[39m     
describe([32m'logDependencyViolation'[39m[33m,[39m () 
[33m=>[39m {
     [90m 255 |[39m         it([32m'should log 
dependency violation with error severity'[39m[33m,[39m 
[36masync[39m () [33m=>[39m {
    [31m[1m>[22m[39m[90m 256 |[39m             
[36mconst[39m log [33m=[39m [36mawait[39m 
auditLoggerService[33m.[39mlogDependencyViolation(
     [90m     |[39m                                       
           [31m[1m^[22m[39m
     [90m 257 |[39m                 
testTenantId[33m,[39m
     [90m 258 |[39m                 
testModuleKey[33m,[39m
     [90m 259 |[39m                 { 
missingDependency[33m:[39m [32m'hr-core'[39m }[0m

      at Object.logDependencyViolation 
(server/testing/services/auditLogger.service.test.js:256:50)

  ΓùÅ AuditLoggerService ΓÇ║ queryLogs ΓÇ║ should filter by 
tenant

    expect(received).toBe(expected) // Object.is equality

    Expected: 4
    Received: 2

    [0m [90m 281 |[39m         it([32m'should filter by 
tenant'[39m[33m,[39m [36masync[39m () [33m=>[39m {
     [90m 282 |[39m             [36mconst[39m logs 
[33m=[39m [36mawait[39m 
auditLoggerService[33m.[39mqueryLogs({ 
tenantId[33m:[39m testTenantId })[33m;[39m
    [31m[1m>[22m[39m[90m 283 |[39m             expect(
logs[33m.[39mlength)[33m.[39mtoBe([35m4[39m)[33m;[39
m
     [90m     |[39m                                 
[31m[1m^[22m[39m
     [90m 284 |[39m         })[33m;[39m
     [90m 285 |[39m
     [90m 286 |[39m         it([32m'should filter by 
module'[39m[33m,[39m [36masync[39m () [33m=>[39m 
{[0m

      at Object.toBe 
(server/testing/services/auditLogger.service.test.js:283:33)

  ΓùÅ AuditLoggerService ΓÇ║ queryLogs ΓÇ║ should filter by 
module

    expect(received).toBe(expected) // Object.is equality

    Expected: 2
    Received: 4

    [0m [90m 286 |[39m         it([32m'should filter by 
module'[39m[33m,[39m [36masync[39m () [33m=>[39m {
     [90m 287 |[39m             [36mconst[39m logs 
[33m=[39m [36mawait[39m 
auditLoggerService[33m.[39mqueryLogs({ 
moduleKey[33m:[39m [32m'attendance'[39m })[33m;[39m
    [31m[1m>[22m[39m[90m 288 |[39m             expect(
logs[33m.[39mlength)[33m.[39mtoBe([35m2[39m)[33m;[39
m
     [90m     |[39m                                 
[31m[1m^[22m[39m
     [90m 289 |[39m         })[33m;[39m
     [90m 290 |[39m
     [90m 291 |[39m         it([32m'should filter by 
event type'[39m[33m,[39m [36masync[39m () [33m=>[39m 
{[0m

      at Object.toBe 
(server/testing/services/auditLogger.service.test.js:288:33)

  ΓùÅ AuditLoggerService ΓÇ║ queryLogs ΓÇ║ should filter by 
event type

    expect(received).toBe(expected) // Object.is equality

    Expected: 2
    Received: 4

    [0m [90m 291 |[39m         it([32m'should filter by 
event type'[39m[33m,[39m [36masync[39m () [33m=>[39m 
{
     [90m 292 |[39m             [36mconst[39m logs 
[33m=[39m [36mawait[39m 
auditLoggerService[33m.[39mqueryLogs({ 
eventType[33m:[39m [32m'VALIDATION_SUCCESS'[39m 
})[33m;[39m
    [31m[1m>[22m[39m[90m 293 |[39m             expect(
logs[33m.[39mlength)[33m.[39mtoBe([35m2[39m)[33m;[39
m
     [90m     |[39m                                 
[31m[1m^[22m[39m
     [90m 294 |[39m         })[33m;[39m
     [90m 295 |[39m
     [90m 296 |[39m         it([32m'should filter by 
severity'[39m[33m,[39m [36masync[39m () [33m=>[39m 
{[0m

      at Object.toBe 
(server/testing/services/auditLogger.service.test.js:293:33)

  ΓùÅ AuditLoggerService ΓÇ║ queryLogs ΓÇ║ should filter by 
severity

    expect(received).toBe(expected) // Object.is equality

    Expected: 1
    Received: 0

    [0m [90m 296 |[39m         it([32m'should filter by 
severity'[39m[33m,[39m [36masync[39m () [33m=>[39m {
     [90m 297 |[39m             [36mconst[39m logs 
[33m=[39m [36mawait[39m 
auditLoggerService[33m.[39mqueryLogs({ 
severity[33m:[39m [32m'critical'[39m })[33m;[39m
    [31m[1m>[22m[39m[90m 298 |[39m             expect(
logs[33m.[39mlength)[33m.[39mtoBe([35m1[39m)[33m;[39
m
     [90m     |[39m                                 
[31m[1m^[22m[39m
     [90m 299 |[39m         })[33m;[39m
     [90m 300 |[39m
     [90m 301 |[39m         it([32m'should limit 
results'[39m[33m,[39m [36masync[39m () [33m=>[39m 
{[0m

      at Object.toBe 
(server/testing/services/auditLogger.service.test.js:298:33)

  ΓùÅ AuditLoggerService ΓÇ║ getStatistics ΓÇ║ should 
return statistics

    expect(received).toBe(expected) // Object.is equality

    Expected: 4
    Received: undefined

    [0m [90m 317 |[39m
     [90m 318 |[39m             
expect(stats)[33m.[39mtoBeDefined()[33m;[39m
    [31m[1m>[22m[39m[90m 319 |[39m             expect(
stats[33m.[39mtotalEvents)[33m.[39mtoBe([35m4[39m)[33
m;[39m
     [90m     |[39m                                       
[31m[1m^[22m[39m
     [90m 320 |[39m             expect(stats[33m.[39mbyE
ventType)[33m.[39mtoBeDefined()[33m;[39m
     [90m 321 |[39m             expect(stats[33m.[39mbyS
everity)[33m.[39mtoBeDefined()[33m;[39m
     [90m 322 |[39m         })[33m;[39m[0m

      at Object.toBe 
(server/testing/services/auditLogger.service.test.js:319:39)

  ΓùÅ AuditLoggerService ΓÇ║ getRecentViolations ΓÇ║ should 
return only high-priority events

    expect(received).toBe(expected) // Object.is equality

    Expected: 2
    Received: 0

    [0m [90m 332 |[39m         it([32m'should return 
only high-priority events'[39m[33m,[39m [36masync[39m 
() [33m=>[39m {
     [90m 333 |[39m             [36mconst[39m 
violations [33m=[39m [36mawait[39m auditLoggerService[3
3m.[39mgetRecentViolations(testTenantId)[33m;[39m
    [31m[1m>[22m[39m[90m 334 |[39m             expect(
violations[33m.[39mlength)[33m.[39mtoBe([35m2[39m)[33
m;[39m [90m// Only critical and error events[39m
     [90m     |[39m                                       
[31m[1m^[22m[39m
     [90m 335 |[39m         })[33m;[39m
     [90m 336 |[39m     })[33m;[39m
     [90m 337 |[39m[0m

      at Object.toBe 
(server/testing/services/auditLogger.service.test.js:334:39)

  ΓùÅ AuditLoggerService ΓÇ║ getModuleAuditTrail ΓÇ║ should 
return audit trail for specific module

    expect(received).toBe(expected) // Object.is equality

    Expected: "attendance"
    Received: undefined

    [0m [90m 352 |[39m             expect(trail[33m.[39
mlength)[33m.[39mtoBe([35m2[39m)[33m;[39m
     [90m 353 |[39m             
trail[33m.[39mforEach(log [33m=>[39m {
    [31m[1m>[22m[39m[90m 354 |[39m                 exp
ect(log[33m.[39mmoduleKey)[33m.[39mtoBe([32m'attendance
'[39m)[33m;[39m
     [90m     |[39m                                       
[31m[1m^[22m[39m
     [90m 355 |[39m             })[33m;[39m
     [90m 356 |[39m         })[33m;[39m
     [90m 357 |[39m     })[33m;[39m[0m

      at toBe 
(server/testing/services/auditLogger.service.test.js:354:39)
          at Array.forEach (<anonymous>)
      at Object.forEach 
(server/testing/services/auditLogger.service.test.js:353:19)

FAIL server/testing/services/auditLogQueryFiltering.property
.test.js
  ΓùÅ Console

    console.log
      error: Failed to create audit log {"error":"AuditLog 
validation failed: action: Path `action` is required., 
resource: Path `resource` is required., severity: `info` is 
not a valid enum value for path `severity`.","logData":{"det
ails":{"testIndex":0},"eventType":"LICENSE_EXPIRED","moduleK
ey":"payroll","severity":"info","tenantId":"69492a8378645199
852d1a5a"},"service":"audit-logger","stack":"ValidationError
: AuditLog validation failed: action: Path `action` is 
required., resource: Path `resource` is required., 
severity: `info` is not a valid enum value for path 
`severity`.\n    at model.Document.invalidate (D:\\Work\\HR-
SM\\node_modules\\mongoose\\lib\\document.js:3362:32)\n    
at invalidate (D:\\Work\\HR-SM\\node_modules\\mongoose\\lib\
\document.js:3123:17)\n    at fn (D:\\Work\\HR-SM\\node_modu
les\\mongoose\\lib\\schemaType.js:1446:9)\n    at 
processTicksAndRejections (node:internal/process/task_queues
:85:11)","timestamp":"2025-12-22T11:24:51.744Z"}

      at Console.write [as log] (node_modules/winston/lib/wi
nston/transports/console.js:87:23)

    console.log
      error: Failed to create audit log {"error":"AuditLog 
validation failed: action: Path `action` is required., 
resource: Path `resource` is required., severity: `info` is 
not a valid enum value for path `severity`.","logData":{"det
ails":{"testIndex":0},"eventType":"LICENSE_EXPIRED","moduleK
ey":"hr-core","severity":"info","tenantId":"69492a8378645199
852d1a5d"},"service":"audit-logger","stack":"ValidationError
: AuditLog validation failed: action: Path `action` is 
required., resource: Path `resource` is required., 
severity: `info` is not a valid enum value for path 
`severity`.\n    at model.Document.invalidate (D:\\Work\\HR-
SM\\node_modules\\mongoose\\lib\\document.js:3362:32)\n    
at invalidate (D:\\Work\\HR-SM\\node_modules\\mongoose\\lib\
\document.js:3123:17)\n    at fn (D:\\Work\\HR-SM\\node_modu
les\\mongoose\\lib\\schemaType.js:1446:9)\n    at 
processTicksAndRejections (node:internal/process/task_queues
:85:11)","timestamp":"2025-12-22T11:24:51.765Z"}

      at Console.write [as log] (node_modules/winston/lib/wi
nston/transports/console.js:87:23)

    console.log
      error: Failed to create audit log {"error":"AuditLog 
validation failed: action: Path `action` is required., 
resource: Path `resource` is required., severity: `info` is 
not a valid enum value for path `severity`.","logData":{"det
ails":{"testIndex":0},"eventType":"VALIDATION_SUCCESS","modu
leKey":"hr-core","severity":"info","tenantId":"69492a8378645
199852d1a60"},"service":"audit-logger","stack":"ValidationEr
ror: AuditLog validation failed: action: Path `action` is 
required., resource: Path `resource` is required., 
severity: `info` is not a valid enum value for path 
`severity`.\n    at model.Document.invalidate (D:\\Work\\HR-
SM\\node_modules\\mongoose\\lib\\document.js:3362:32)\n    
at invalidate (D:\\Work\\HR-SM\\node_modules\\mongoose\\lib\
\document.js:3123:17)\n    at fn (D:\\Work\\HR-SM\\node_modu
les\\mongoose\\lib\\schemaType.js:1446:9)\n    at 
processTicksAndRejections (node:internal/process/task_queues
:85:11)","timestamp":"2025-12-22T11:24:51.770Z"}

      at Console.write [as log] (node_modules/winston/lib/wi
nston/transports/console.js:87:23)

    console.log
      error: Failed to create audit log {"error":"AuditLog 
validation failed: action: Path `action` is required., 
resource: Path `resource` is required., severity: `info` is 
not a valid enum value for path `severity`.","logData":{"det
ails":{"testIndex":0},"eventType":"VALIDATION_SUCCESS","modu
leKey":"hr-core","severity":"info","tenantId":"69492a8378645
199852d1a63"},"service":"audit-logger","stack":"ValidationEr
ror: AuditLog validation failed: action: Path `action` is 
required., resource: Path `resource` is required., 
severity: `info` is not a valid enum value for path 
`severity`.\n    at model.Document.invalidate (D:\\Work\\HR-
SM\\node_modules\\mongoose\\lib\\document.js:3362:32)\n    
at invalidate (D:\\Work\\HR-SM\\node_modules\\mongoose\\lib\
\document.js:3123:17)\n    at fn (D:\\Work\\HR-SM\\node_modu
les\\mongoose\\lib\\schemaType.js:1446:9)\n    at 
processTicksAndRejections (node:internal/process/task_queues
:85:11)","timestamp":"2025-12-22T11:24:51.774Z"}

      at Console.write [as log] (node_modules/winston/lib/wi
nston/transports/console.js:87:23)

    console.log
      error: Failed to create audit log {"error":"AuditLog 
validation failed: action: Path `action` is required., 
resource: Path `resource` is required., severity: `info` is 
not a valid enum value for path `severity`.","logData":{"det
ails":{"testIndex":0},"eventType":"SUBSCRIPTION_DOWNGRADED",
"moduleKey":"hr-core","severity":"info","tenantId":"69492a83
78645199852d1a7c"},"service":"audit-logger","stack":"Validat
ionError: AuditLog validation failed: action: Path `action` 
is required., resource: Path `resource` is required., 
severity: `info` is not a valid enum value for path 
`severity`.\n    at model.Document.invalidate (D:\\Work\\HR-
SM\\node_modules\\mongoose\\lib\\document.js:3362:32)\n    
at invalidate (D:\\Work\\HR-SM\\node_modules\\mongoose\\lib\
\document.js:3123:17)\n    at fn (D:\\Work\\HR-SM\\node_modu
les\\mongoose\\lib\\schemaType.js:1446:9)\n    at 
processTicksAndRejections (node:internal/process/task_queues
:85:11)","timestamp":"2025-12-22T11:24:51.847Z"}

      at Console.write [as log] (node_modules/winston/lib/wi
nston/transports/console.js:87:23)

    console.log
      error: Failed to create audit log {"error":"AuditLog 
validation failed: action: Path `action` is required., 
resource: Path `resource` is required., severity: `info` is 
not a valid enum value for path `severity`.","logData":{"det
ails":{"testIndex":0},"eventType":"VALIDATION_SUCCESS","modu
leKey":"hr-core","severity":"info","tenantId":"69492a8378645
199852d1a82"},"service":"audit-logger","stack":"ValidationEr
ror: AuditLog validation failed: action: Path `action` is 
required., resource: Path `resource` is required., 
severity: `info` is not a valid enum value for path 
`severity`.\n    at model.Document.invalidate (D:\\Work\\HR-
SM\\node_modules\\mongoose\\lib\\document.js:3362:32)\n    
at invalidate (D:\\Work\\HR-SM\\node_modules\\mongoose\\lib\
\document.js:3123:17)\n    at fn (D:\\Work\\HR-SM\\node_modu
les\\mongoose\\lib\\schemaType.js:1446:9)\n    at 
processTicksAndRejections (node:internal/process/task_queues
:85:11)","timestamp":"2025-12-22T11:24:51.862Z"}

      at Console.write [as log] (node_modules/winston/lib/wi
nston/transports/console.js:87:23)

    console.log
      error: Failed to create audit log {"error":"AuditLog 
validation failed: action: Path `action` is required., 
resource: Path `resource` is required., severity: `info` is 
not a valid enum value for path `severity`.","logData":{"det
ails":{"testIndex":0},"eventType":"VALIDATION_SUCCESS","modu
leKey":"hr-core","severity":"info","tenantId":"69492a8378645
199852d1a87"},"service":"audit-logger","stack":"ValidationEr
ror: AuditLog validation failed: action: Path `action` is 
required., resource: Path `resource` is required., 
severity: `info` is not a valid enum value for path 
`severity`.\n    at model.Document.invalidate (D:\\Work\\HR-
SM\\node_modules\\mongoose\\lib\\document.js:3362:32)\n    
at invalidate (D:\\Work\\HR-SM\\node_modules\\mongoose\\lib\
\document.js:3123:17)\n    at fn (D:\\Work\\HR-SM\\node_modu
les\\mongoose\\lib\\schemaType.js:1446:9)\n    at 
processTicksAndRejections (node:internal/process/task_queues
:85:11)","timestamp":"2025-12-22T11:24:51.874Z"}

      at Console.write [as log] (node_modules/winston/lib/wi
nston/transports/console.js:87:23)

    console.log
      error: Failed to create audit log {"error":"AuditLog 
validation failed: action: Path `action` is required., 
resource: Path `resource` is required., severity: `info` is 
not a valid enum value for path `severity`.","logData":{"det
ails":{"testIndex":0},"eventType":"VALIDATION_SUCCESS","modu
leKey":"hr-core","severity":"info","tenantId":"69492a8378645
199852d1a8c"},"service":"audit-logger","stack":"ValidationEr
ror: AuditLog validation failed: action: Path `action` is 
required., resource: Path `resource` is required., 
severity: `info` is not a valid enum value for path 
`severity`.\n    at model.Document.invalidate (D:\\Work\\HR-
SM\\node_modules\\mongoose\\lib\\document.js:3362:32)\n    
at invalidate (D:\\Work\\HR-SM\\node_modules\\mongoose\\lib\
\document.js:3123:17)\n    at fn (D:\\Work\\HR-SM\\node_modu
les\\mongoose\\lib\\schemaType.js:1446:9)\n    at 
processTicksAndRejections (node:internal/process/task_queues
:85:11)","timestamp":"2025-12-22T11:24:51.885Z"}

      at Console.write [as log] (node_modules/winston/lib/wi
nston/transports/console.js:87:23)

    console.log
      error: Failed to create audit log {"error":"AuditLog 
validation failed: action: Path `action` is required., 
resource: Path `resource` is required., severity: `info` is 
not a valid enum value for path `severity`.","logData":{"det
ails":{"testIndex":0},"eventType":"VALIDATION_SUCCESS","modu
leKey":"attendance","severity":"info","tenantId":"69492a8378
645199852d1a96"},"service":"audit-logger","stack":"Validatio
nError: AuditLog validation failed: action: Path `action` 
is required., resource: Path `resource` is required., 
severity: `info` is not a valid enum value for path 
`severity`.\n    at model.Document.invalidate (D:\\Work\\HR-
SM\\node_modules\\mongoose\\lib\\document.js:3362:32)\n    
at invalidate (D:\\Work\\HR-SM\\node_modules\\mongoose\\lib\
\document.js:3123:17)\n    at fn (D:\\Work\\HR-SM\\node_modu
les\\mongoose\\lib\\schemaType.js:1446:9)\n    at 
processTicksAndRejections (node:internal/process/task_queues
:85:11)","timestamp":"2025-12-22T11:24:51.910Z"}

      at Console.write [as log] (node_modules/winston/lib/wi
nston/transports/console.js:87:23)

    console.log
      error: Failed to create audit log {"error":"AuditLog 
validation failed: action: Path `action` is required., 
resource: Path `resource` is required., severity: `info` is 
not a valid enum value for path `severity`.","logData":{"det
ails":{"testIndex":0},"eventType":"VALIDATION_SUCCESS","modu
leKey":"hr-core","severity":"info","tenantId":"69492a8378645
199852d1a99"},"service":"audit-logger","stack":"ValidationEr
ror: AuditLog validation failed: action: Path `action` is 
required., resource: Path `resource` is required., 
severity: `info` is not a valid enum value for path 
`severity`.\n    at model.Document.invalidate (D:\\Work\\HR-
SM\\node_modules\\mongoose\\lib\\document.js:3362:32)\n    
at invalidate (D:\\Work\\HR-SM\\node_modules\\mongoose\\lib\
\document.js:3123:17)\n    at fn (D:\\Work\\HR-SM\\node_modu
les\\mongoose\\lib\\schemaType.js:1446:9)\n    at 
processTicksAndRejections (node:internal/process/task_queues
:85:11)","timestamp":"2025-12-22T11:24:51.916Z"}

      at Console.write [as log] (node_modules/winston/lib/wi
nston/transports/console.js:87:23)

    console.log
      error: Failed to create audit log {"error":"AuditLog 
validation failed: action: Path `action` is required., 
resource: Path `resource` is required., severity: `info` is 
not a valid enum value for path `severity`.","logData":{"det
ails":{"testIndex":0},"eventType":"VALIDATION_SUCCESS","modu
leKey":"hr-core","severity":"info","tenantId":"69492a8378645
199852d1a9c"},"service":"audit-logger","stack":"ValidationEr
ror: AuditLog validation failed: action: Path `action` is 
required., resource: Path `resource` is required., 
severity: `info` is not a valid enum value for path 
`severity`.\n    at model.Document.invalidate (D:\\Work\\HR-
SM\\node_modules\\mongoose\\lib\\document.js:3362:32)\n    
at invalidate (D:\\Work\\HR-SM\\node_modules\\mongoose\\lib\
\document.js:3123:17)\n    at fn (D:\\Work\\HR-SM\\node_modu
les\\mongoose\\lib\\schemaType.js:1446:9)\n    at 
processTicksAndRejections (node:internal/process/task_queues
:85:11)","timestamp":"2025-12-22T11:24:51.937Z"}

      at Console.write [as log] (node_modules/winston/lib/wi
nston/transports/console.js:87:23)

    console.log
      error: Failed to create audit log {"error":"AuditLog 
validation failed: action: Path `action` is required., 
resource: Path `resource` is required., severity: `info` is 
not a valid enum value for path `severity`.","logData":{"det
ails":{"testIndex":0},"eventType":"VALIDATION_SUCCESS","modu
leKey":"hr-core","severity":"info","tenantId":"69492a8378645
199852d1a9f"},"service":"audit-logger","stack":"ValidationEr
ror: AuditLog validation failed: action: Path `action` is 
required., resource: Path `resource` is required., 
severity: `info` is not a valid enum value for path 
`severity`.\n    at model.Document.invalidate (D:\\Work\\HR-
SM\\node_modules\\mongoose\\lib\\document.js:3362:32)\n    
at invalidate (D:\\Work\\HR-SM\\node_modules\\mongoose\\lib\
\document.js:3123:17)\n    at fn (D:\\Work\\HR-SM\\node_modu
les\\mongoose\\lib\\schemaType.js:1446:9)\n    at 
processTicksAndRejections (node:internal/process/task_queues
:85:11)","timestamp":"2025-12-22T11:24:51.954Z"}

      at Console.write [as log] (node_modules/winston/lib/wi
nston/transports/console.js:87:23)

    console.log
      error: Failed to create audit log {"error":"AuditLog 
validation failed: action: Path `action` is required., 
resource: Path `resource` is required., severity: `info` is 
not a valid enum value for path `severity`.","logData":{"det
ails":{"testIndex":0},"eventType":"VALIDATION_SUCCESS","modu
leKey":"attendance","severity":"info","tenantId":"69492a8378
645199852d1aa6"},"service":"audit-logger","stack":"Validatio
nError: AuditLog validation failed: action: Path `action` 
is required., resource: Path `resource` is required., 
severity: `info` is not a valid enum value for path 
`severity`.\n    at model.Document.invalidate (D:\\Work\\HR-
SM\\node_modules\\mongoose\\lib\\document.js:3362:32)\n    
at invalidate (D:\\Work\\HR-SM\\node_modules\\mongoose\\lib\
\document.js:3123:17)\n    at fn (D:\\Work\\HR-SM\\node_modu
les\\mongoose\\lib\\schemaType.js:1446:9)\n    at 
processTicksAndRejections (node:internal/process/task_queues
:85:11)","timestamp":"2025-12-22T11:24:51.998Z"}

      at Console.write [as log] (node_modules/winston/lib/wi
nston/transports/console.js:87:23)

    console.log
      error: Failed to create audit log {"error":"AuditLog 
validation failed: action: Path `action` is required., 
resource: Path `resource` is required., severity: `info` is 
not a valid enum value for path `severity`.","logData":{"det
ails":{"testIndex":0},"eventType":"VALIDATION_SUCCESS","modu
leKey":"hr-core","severity":"info","tenantId":"69492a8478645
199852d1aa9"},"service":"audit-logger","stack":"ValidationEr
ror: AuditLog validation failed: action: Path `action` is 
required., resource: Path `resource` is required., 
severity: `info` is not a valid enum value for path 
`severity`.\n    at model.Document.invalidate (D:\\Work\\HR-
SM\\node_modules\\mongoose\\lib\\document.js:3362:32)\n    
at invalidate (D:\\Work\\HR-SM\\node_modules\\mongoose\\lib\
\document.js:3123:17)\n    at fn (D:\\Work\\HR-SM\\node_modu
les\\mongoose\\lib\\schemaType.js:1446:9)\n    at 
processTicksAndRejections (node:internal/process/task_queues
:85:11)","timestamp":"2025-12-22T11:24:52.013Z"}

      at Console.write [as log] (node_modules/winston/lib/wi
nston/transports/console.js:87:23)

    console.log
      error: Failed to create audit log {"error":"AuditLog 
validation failed: action: Path `action` is required., 
resource: Path `resource` is required., severity: `info` is 
not a valid enum value for path `severity`.","logData":{"det
ails":{"testIndex":0},"eventType":"VALIDATION_SUCCESS","modu
leKey":"hr-core","severity":"info","tenantId":"69492a8478645
199852d1aac"},"service":"audit-logger","stack":"ValidationEr
ror: AuditLog validation failed: action: Path `action` is 
required., resource: Path `resource` is required., 
severity: `info` is not a valid enum value for path 
`severity`.\n    at model.Document.invalidate (D:\\Work\\HR-
SM\\node_modules\\mongoose\\lib\\document.js:3362:32)\n    
at invalidate (D:\\Work\\HR-SM\\node_modules\\mongoose\\lib\
\document.js:3123:17)\n    at fn (D:\\Work\\HR-SM\\node_modu
les\\mongoose\\lib\\schemaType.js:1446:9)\n    at 
processTicksAndRejections (node:internal/process/task_queues
:85:11)","timestamp":"2025-12-22T11:24:52.020Z"}

      at Console.write [as log] (node_modules/winston/lib/wi
nston/transports/console.js:87:23)

    console.log
      error: Failed to create audit log {"error":"AuditLog 
validation failed: action: Path `action` is required., 
resource: Path `resource` is required., severity: `info` is 
not a valid enum value for path `severity`.","logData":{"det
ails":{"testIndex":0},"eventType":"VALIDATION_SUCCESS","modu
leKey":"hr-core","severity":"info","tenantId":"69492a8478645
199852d1aaf"},"service":"audit-logger","stack":"ValidationEr
ror: AuditLog validation failed: action: Path `action` is 
required., resource: Path `resource` is required., 
severity: `info` is not a valid enum value for path 
`severity`.\n    at model.Document.invalidate (D:\\Work\\HR-
SM\\node_modules\\mongoose\\lib\\document.js:3362:32)\n    
at invalidate (D:\\Work\\HR-SM\\node_modules\\mongoose\\lib\
\document.js:3123:17)\n    at fn (D:\\Work\\HR-SM\\node_modu
les\\mongoose\\lib\\schemaType.js:1446:9)\n    at 
processTicksAndRejections (node:internal/process/task_queues
:85:11)","timestamp":"2025-12-22T11:24:52.027Z"}

      at Console.write [as log] (node_modules/winston/lib/wi
nston/transports/console.js:87:23)

    console.log
      error: Failed to create audit log {"error":"AuditLog 
validation failed: action: Path `action` is required., 
resource: Path `resource` is required., severity: `info` is 
not a valid enum value for path `severity`.","logData":{"det
ails":{"target":true},"eventType":"VALIDATION_SUCCESS","modu
leKey":"attendance","severity":"info","tenantId":"69492a8478
645199852d1ae7"},"service":"audit-logger","stack":"Validatio
nError: AuditLog validation failed: action: Path `action` 
is required., resource: Path `resource` is required., 
severity: `info` is not a valid enum value for path 
`severity`.\n    at model.Document.invalidate (D:\\Work\\HR-
SM\\node_modules\\mongoose\\lib\\document.js:3362:32)\n    
at invalidate (D:\\Work\\HR-SM\\node_modules\\mongoose\\lib\
\document.js:3123:17)\n    at fn (D:\\Work\\HR-SM\\node_modu
les\\mongoose\\lib\\schemaType.js:1446:9)\n    at 
processTicksAndRejections (node:internal/process/task_queues
:85:11)","timestamp":"2025-12-22T11:24:52.317Z"}

      at Console.write [as log] (node_modules/winston/lib/wi
nston/transports/console.js:87:23)

    console.log
      error: Failed to create audit log {"error":"AuditLog 
validation failed: action: Path `action` is required., 
resource: Path `resource` is required., severity: `info` is 
not a valid enum value for path `severity`.","logData":{"det
ails":{"target":true},"eventType":"VALIDATION_SUCCESS","modu
leKey":"attendance","severity":"info","tenantId":"69492a8478
645199852d1aeb"},"service":"audit-logger","stack":"Validatio
nError: AuditLog validation failed: action: Path `action` 
is required., resource: Path `resource` is required., 
severity: `info` is not a valid enum value for path 
`severity`.\n    at model.Document.invalidate (D:\\Work\\HR-
SM\\node_modules\\mongoose\\lib\\document.js:3362:32)\n    
at invalidate (D:\\Work\\HR-SM\\node_modules\\mongoose\\lib\
\document.js:3123:17)\n    at fn (D:\\Work\\HR-SM\\node_modu
les\\mongoose\\lib\\schemaType.js:1446:9)\n    at 
processTicksAndRejections (node:internal/process/task_queues
:85:11)","timestamp":"2025-12-22T11:24:52.327Z"}

      at Console.write [as log] (node_modules/winston/lib/wi
nston/transports/console.js:87:23)

    console.log
      error: Failed to create audit log {"error":"AuditLog 
validation failed: action: Path `action` is required., 
resource: Path `resource` is required., severity: `info` is 
not a valid enum value for path `severity`.","logData":{"det
ails":{"index":0},"eventType":"VALIDATION_SUCCESS","moduleKe
y":"attendance","severity":"info","tenantId":"69492a84786451
99852d1af3"},"service":"audit-logger","stack":"ValidationErr
or: AuditLog validation failed: action: Path `action` is 
required., resource: Path `resource` is required., 
severity: `info` is not a valid enum value for path 
`severity`.\n    at model.Document.invalidate (D:\\Work\\HR-
SM\\node_modules\\mongoose\\lib\\document.js:3362:32)\n    
at invalidate (D:\\Work\\HR-SM\\node_modules\\mongoose\\lib\
\document.js:3123:17)\n    at fn (D:\\Work\\HR-SM\\node_modu
les\\mongoose\\lib\\schemaType.js:1446:9)\n    at 
processTicksAndRejections (node:internal/process/task_queues
:85:11)","timestamp":"2025-12-22T11:24:52.368Z"}

      at Console.write [as log] (node_modules/winston/lib/wi
nston/transports/console.js:87:23)

    console.log
      error: Failed to create audit log {"error":"AuditLog 
validation failed: action: Path `action` is required., 
resource: Path `resource` is required., severity: `info` is 
not a valid enum value for path `severity`.","logData":{"det
ails":{"index":0},"eventType":"VALIDATION_SUCCESS","moduleKe
y":"attendance","severity":"info","tenantId":"69492a84786451
99852d1af6"},"service":"audit-logger","stack":"ValidationErr
or: AuditLog validation failed: action: Path `action` is 
required., resource: Path `resource` is required., 
severity: `info` is not a valid enum value for path 
`severity`.\n    at model.Document.invalidate (D:\\Work\\HR-
SM\\node_modules\\mongoose\\lib\\document.js:3362:32)\n    
at invalidate (D:\\Work\\HR-SM\\node_modules\\mongoose\\lib\
\document.js:3123:17)\n    at fn (D:\\Work\\HR-SM\\node_modu
les\\mongoose\\lib\\schemaType.js:1446:9)\n    at 
processTicksAndRejections (node:internal/process/task_queues
:85:11)","timestamp":"2025-12-22T11:24:52.404Z"}

      at Console.write [as log] (node_modules/winston/lib/wi
nston/transports/console.js:87:23)

    console.log
      error: Failed to create audit log {"error":"AuditLog 
validation failed: action: Path `action` is required., 
resource: Path `resource` is required., severity: `info` is 
not a valid enum value for path `severity`.","logData":{"det
ails":{"index":0},"eventType":"VALIDATION_SUCCESS","moduleKe
y":"attendance","severity":"info","tenantId":"69492a84786451
99852d1af9"},"service":"audit-logger","stack":"ValidationErr
or: AuditLog validation failed: action: Path `action` is 
required., resource: Path `resource` is required., 
severity: `info` is not a valid enum value for path 
`severity`.\n    at model.Document.invalidate (D:\\Work\\HR-
SM\\node_modules\\mongoose\\lib\\document.js:3362:32)\n    
at invalidate (D:\\Work\\HR-SM\\node_modules\\mongoose\\lib\
\document.js:3123:17)\n    at fn (D:\\Work\\HR-SM\\node_modu
les\\mongoose\\lib\\schemaType.js:1446:9)\n    at 
processTicksAndRejections (node:internal/process/task_queues
:85:11)","timestamp":"2025-12-22T11:24:52.424Z"}

      at Console.write [as log] (node_modules/winston/lib/wi
nston/transports/console.js:87:23)

    console.log
      error: Failed to create audit log {"error":"AuditLog 
validation failed: action: Path `action` is required., 
resource: Path `resource` is required., severity: `info` is 
not a valid enum value for path `severity`.","logData":{"det
ails":{"index":0},"eventType":"VALIDATION_SUCCESS","moduleKe
y":"attendance","severity":"info","tenantId":"69492a84786451
99852d1afc"},"service":"audit-logger","stack":"ValidationErr
or: AuditLog validation failed: action: Path `action` is 
required., resource: Path `resource` is required., 
severity: `info` is not a valid enum value for path 
`severity`.\n    at model.Document.invalidate (D:\\Work\\HR-
SM\\node_modules\\mongoose\\lib\\document.js:3362:32)\n    
at invalidate (D:\\Work\\HR-SM\\node_modules\\mongoose\\lib\
\document.js:3123:17)\n    at fn (D:\\Work\\HR-SM\\node_modu
les\\mongoose\\lib\\schemaType.js:1446:9)\n    at 
processTicksAndRejections (node:internal/process/task_queues
:85:11)","timestamp":"2025-12-22T11:24:52.431Z"}

      at Console.write [as log] (node_modules/winston/lib/wi
nston/transports/console.js:87:23)

    console.log
      error: Failed to create audit log {"error":"AuditLog 
validation failed: action: Path `action` is required., 
resource: Path `resource` is required., severity: `info` is 
not a valid enum value for path `severity`.","logData":{"det
ails":{},"eventType":"LICENSE_UPDATED","moduleKey":"leave","
severity":"info","tenantId":"69492a8478645199852d1b03"},"ser
vice":"audit-logger","stack":"ValidationError: AuditLog 
validation failed: action: Path `action` is required., 
resource: Path `resource` is required., severity: `info` is 
not a valid enum value for path `severity`.\n    at 
model.Document.invalidate (D:\\Work\\HR-SM\\node_modules\\mo
ngoose\\lib\\document.js:3362:32)\n    at invalidate (D:\\Wo
rk\\HR-SM\\node_modules\\mongoose\\lib\\document.js:3123:17)
\n    at fn (D:\\Work\\HR-SM\\node_modules\\mongoose\\lib\\s
chemaType.js:1446:9)\n    at processTicksAndRejections (node
:internal/process/task_queues:85:11)","timestamp":"2025-12-2
2T11:24:52.473Z"}

      at Console.write [as log] (node_modules/winston/lib/wi
nston/transports/console.js:87:23)

    console.log
      error: Failed to create audit log {"error":"AuditLog 
validation failed: action: Path `action` is required., 
resource: Path `resource` is required., severity: `info` is 
not a valid enum value for path `severity`.","logData":{"det
ails":{},"eventType":"LICENSE_UPDATED","moduleKey":"hr-core"
,"severity":"info","tenantId":"69492a8478645199852d1b07"},"s
ervice":"audit-logger","stack":"ValidationError: AuditLog 
validation failed: action: Path `action` is required., 
resource: Path `resource` is required., severity: `info` is 
not a valid enum value for path `severity`.\n    at 
model.Document.invalidate (D:\\Work\\HR-SM\\node_modules\\mo
ngoose\\lib\\document.js:3362:32)\n    at invalidate (D:\\Wo
rk\\HR-SM\\node_modules\\mongoose\\lib\\document.js:3123:17)
\n    at fn (D:\\Work\\HR-SM\\node_modules\\mongoose\\lib\\s
chemaType.js:1446:9)\n    at processTicksAndRejections (node
:internal/process/task_queues:85:11)","timestamp":"2025-12-2
2T11:24:52.491Z"}

      at Console.write [as log] (node_modules/winston/lib/wi
nston/transports/console.js:87:23)

    console.log
      error: Failed to create audit log {"error":"AuditLog 
validation failed: action: Path `action` is required., 
resource: Path `resource` is required., severity: `info` is 
not a valid enum value for path `severity`.","logData":{"det
ails":{},"eventType":"VALIDATION_SUCCESS","moduleKey":"hr-co
re","severity":"info","tenantId":"69492a8478645199852d1b0b"}
,"service":"audit-logger","stack":"ValidationError: 
AuditLog validation failed: action: Path `action` is 
required., resource: Path `resource` is required., 
severity: `info` is not a valid enum value for path 
`severity`.\n    at model.Document.invalidate (D:\\Work\\HR-
SM\\node_modules\\mongoose\\lib\\document.js:3362:32)\n    
at invalidate (D:\\Work\\HR-SM\\node_modules\\mongoose\\lib\
\document.js:3123:17)\n    at fn (D:\\Work\\HR-SM\\node_modu
les\\mongoose\\lib\\schemaType.js:1446:9)\n    at 
processTicksAndRejections (node:internal/process/task_queues
:85:11)","timestamp":"2025-12-22T11:24:52.502Z"}

      at Console.write [as log] (node_modules/winston/lib/wi
nston/transports/console.js:87:23)

    console.log
      error: Failed to create audit log {"error":"AuditLog 
validation failed: action: Path `action` is required., 
resource: Path `resource` is required., severity: `info` is 
not a valid enum value for path `severity`.","logData":{"det
ails":{},"eventType":"VALIDATION_SUCCESS","moduleKey":"hr-co
re","severity":"info","tenantId":"69492a8478645199852d1b0f"}
,"service":"audit-logger","stack":"ValidationError: 
AuditLog validation failed: action: Path `action` is 
required., resource: Path `resource` is required., 
severity: `info` is not a valid enum value for path 
`severity`.\n    at model.Document.invalidate (D:\\Work\\HR-
SM\\node_modules\\mongoose\\lib\\document.js:3362:32)\n    
at invalidate (D:\\Work\\HR-SM\\node_modules\\mongoose\\lib\
\document.js:3123:17)\n    at fn (D:\\Work\\HR-SM\\node_modu
les\\mongoose\\lib\\schemaType.js:1446:9)\n    at 
processTicksAndRejections (node:internal/process/task_queues
:85:11)","timestamp":"2025-12-22T11:24:52.525Z"}

      at Console.write [as log] (node_modules/winston/lib/wi
nston/transports/console.js:87:23)

    console.log
      error: Failed to create audit log {"error":"AuditLog 
validation failed: action: Path `action` is required., 
resource: Path `resource` is required.","logData":{"details"
:{"index":0},"eventType":"MODULE_DEACTIVATED","moduleKey":"l
ogging","severity":"critical","tenantId":"69492a847864519985
2d1b17"},"service":"audit-logger","stack":"ValidationError: 
AuditLog validation failed: action: Path `action` is 
required., resource: Path `resource` is required.\n    at 
model.Document.invalidate (D:\\Work\\HR-SM\\node_modules\\mo
ngoose\\lib\\document.js:3362:32)\n    at invalidate (D:\\Wo
rk\\HR-SM\\node_modules\\mongoose\\lib\\document.js:3123:17)
\n    at fn (D:\\Work\\HR-SM\\node_modules\\mongoose\\lib\\s
chemaType.js:1446:9)\n    at processTicksAndRejections (node
:internal/process/task_queues:85:11)","timestamp":"2025-12-2
2T11:24:52.566Z"}

      at Console.write [as log] (node_modules/winston/lib/wi
nston/transports/console.js:87:23)

    console.log
      error: Failed to create audit log {"error":"AuditLog 
validation failed: action: Path `action` is required., 
resource: Path `resource` is required.","logData":{"details"
:{"index":0},"eventType":"MODULE_DEACTIVATED","moduleKey":"h
r-core","severity":"critical","tenantId":"69492a847864519985
2d1b1a"},"service":"audit-logger","stack":"ValidationError: 
AuditLog validation failed: action: Path `action` is 
required., resource: Path `resource` is required.\n    at 
model.Document.invalidate (D:\\Work\\HR-SM\\node_modules\\mo
ngoose\\lib\\document.js:3362:32)\n    at invalidate (D:\\Wo
rk\\HR-SM\\node_modules\\mongoose\\lib\\document.js:3123:17)
\n    at fn (D:\\Work\\HR-SM\\node_modules\\mongoose\\lib\\s
chemaType.js:1446:9)\n    at processTicksAndRejections (node
:internal/process/task_queues:85:11)","timestamp":"2025-12-2
2T11:24:52.578Z"}

      at Console.write [as log] (node_modules/winston/lib/wi
nston/transports/console.js:87:23)

    console.log
      error: Failed to create audit log {"error":"AuditLog 
validation failed: action: Path `action` is required., 
resource: Path `resource` is required.","logData":{"details"
:{"index":0},"eventType":"VALIDATION_SUCCESS","moduleKey":"h
r-core","severity":"critical","tenantId":"69492a847864519985
2d1b1d"},"service":"audit-logger","stack":"ValidationError: 
AuditLog validation failed: action: Path `action` is 
required., resource: Path `resource` is required.\n    at 
model.Document.invalidate (D:\\Work\\HR-SM\\node_modules\\mo
ngoose\\lib\\document.js:3362:32)\n    at invalidate (D:\\Wo
rk\\HR-SM\\node_modules\\mongoose\\lib\\document.js:3123:17)
\n    at fn (D:\\Work\\HR-SM\\node_modules\\mongoose\\lib\\s
chemaType.js:1446:9)\n    at processTicksAndRejections (node
:internal/process/task_queues:85:11)","timestamp":"2025-12-2
2T11:24:52.583Z"}

      at Console.write [as log] (node_modules/winston/lib/wi
nston/transports/console.js:87:23)

    console.log
      error: Failed to create audit log {"error":"AuditLog 
validation failed: action: Path `action` is required., 
resource: Path `resource` is required., severity: `info` is 
not a valid enum value for path `severity`.","logData":{"det
ails":{"index":0},"eventType":"VALIDATION_SUCCESS","moduleKe
y":"hr-core","severity":"info","tenantId":"69492a84786451998
52d1b20"},"service":"audit-logger","stack":"ValidationError:
 AuditLog validation failed: action: Path `action` is 
required., resource: Path `resource` is required., 
severity: `info` is not a valid enum value for path 
`severity`.\n    at model.Document.invalidate (D:\\Work\\HR-
SM\\node_modules\\mongoose\\lib\\document.js:3362:32)\n    
at invalidate (D:\\Work\\HR-SM\\node_modules\\mongoose\\lib\
\document.js:3123:17)\n    at fn (D:\\Work\\HR-SM\\node_modu
les\\mongoose\\lib\\schemaType.js:1446:9)\n    at 
processTicksAndRejections (node:internal/process/task_queues
:85:11)","timestamp":"2025-12-22T11:24:52.600Z"}

      at Console.write [as log] (node_modules/winston/lib/wi
nston/transports/console.js:87:23)

    console.log
      error: Failed to create audit log {"error":"AuditLog 
validation failed: action: Path `action` is required., 
resource: Path `resource` is required., severity: `info` is 
not a valid enum value for path `severity`.","logData":{"det
ails":{"index":0},"eventType":"VALIDATION_SUCCESS","moduleKe
y":"hr-core","severity":"info","tenantId":"69492a84786451998
52d1b23"},"service":"audit-logger","stack":"ValidationError:
 AuditLog validation failed: action: Path `action` is 
required., resource: Path `resource` is required., 
severity: `info` is not a valid enum value for path 
`severity`.\n    at model.Document.invalidate (D:\\Work\\HR-
SM\\node_modules\\mongoose\\lib\\document.js:3362:32)\n    
at invalidate (D:\\Work\\HR-SM\\node_modules\\mongoose\\lib\
\document.js:3123:17)\n    at fn (D:\\Work\\HR-SM\\node_modu
les\\mongoose\\lib\\schemaType.js:1446:9)\n    at 
processTicksAndRejections (node:internal/process/task_queues
:85:11)","timestamp":"2025-12-22T11:24:52.624Z"}

      at Console.write [as log] (node_modules/winston/lib/wi
nston/transports/console.js:87:23)

    console.log
      error: Failed to create audit log {"error":"AuditLog 
validation failed: action: Path `action` is required., 
resource: Path `resource` is required., severity: `info` is 
not a valid enum value for path `severity`.","logData":{"det
ails":{"index":0},"eventType":"VALIDATION_SUCCESS","moduleKe
y":"hr-core","severity":"info","tenantId":"69492a84786451998
52d1b26"},"service":"audit-logger","stack":"ValidationError:
 AuditLog validation failed: action: Path `action` is 
required., resource: Path `resource` is required., 
severity: `info` is not a valid enum value for path 
`severity`.\n    at model.Document.invalidate (D:\\Work\\HR-
SM\\node_modules\\mongoose\\lib\\document.js:3362:32)\n    
at invalidate (D:\\Work\\HR-SM\\node_modules\\mongoose\\lib\
\document.js:3123:17)\n    at fn (D:\\Work\\HR-SM\\node_modu
les\\mongoose\\lib\\schemaType.js:1446:9)\n    at 
processTicksAndRejections (node:internal/process/task_queues
:85:11)","timestamp":"2025-12-22T11:24:52.633Z"}

      at Console.write [as log] (node_modules/winston/lib/wi
nston/transports/console.js:87:23)

  ΓùÅ Audit Log Query Filtering - Property-Based Tests ΓÇ║ 
Property 35: Audit Log Query Filtering ΓÇ║ should filter 
audit logs by tenant ID

    Property failed after 1 tests
    { seed: 567447664, path: "0:0:0:0", endOnFailure: true }
    Counterexample: [{"moduleKey":"hr-core","eventType":"VAL
IDATION_SUCCESS","logsPerTenant":2}]
    Shrunk 3 time(s)

    Hint: Enable verbose mode in order to have the list of 
all failing values encountered during the run

      at buildError (node_modules/fast-check/lib/check/runne
r/utils/RunDetailsFormatter.js:156:19)
      at buildError (node_modules/fast-check/lib/check/runne
r/utils/RunDetailsFormatter.js:170:11)

    Cause:
    ValidationError: AuditLog validation failed: action: 
Path `action` is required., resource: Path `resource` is 
required., severity: `info` is not a valid enum value for 
path `severity`.

      at model.Document.invalidate 
(node_modules/mongoose/lib/document.js:3362:32)
      at invalidate 
(node_modules/mongoose/lib/document.js:3123:17)
      at fn (node_modules/mongoose/lib/schemaType.js:1446:9)

  ΓùÅ Audit Log Query Filtering - Property-Based Tests ΓÇ║ 
Property 35: Audit Log Query Filtering ΓÇ║ should filter 
audit logs by module key

    Property failed after 1 tests
    { seed: 1858103245, path: "0:0:0:0", endOnFailure: true 
}
    Counterexample: 
[{"eventType":"VALIDATION_SUCCESS","logsPerModule":2}]
    Shrunk 3 time(s)

    Hint: Enable verbose mode in order to have the list of 
all failing values encountered during the run

      at buildError (node_modules/fast-check/lib/check/runne
r/utils/RunDetailsFormatter.js:156:19)
      at buildError (node_modules/fast-check/lib/check/runne
r/utils/RunDetailsFormatter.js:170:11)

    Cause:
    ValidationError: AuditLog validation failed: action: 
Path `action` is required., resource: Path `resource` is 
required., severity: `info` is not a valid enum value for 
path `severity`.

      at model.Document.invalidate 
(node_modules/mongoose/lib/document.js:3362:32)
      at invalidate 
(node_modules/mongoose/lib/document.js:3123:17)
      at fn (node_modules/mongoose/lib/schemaType.js:1446:9)

  ΓùÅ Audit Log Query Filtering - Property-Based Tests ΓÇ║ 
Property 35: Audit Log Query Filtering ΓÇ║ should filter 
audit logs by event type

    Property failed after 1 tests
    { seed: -1264816496, path: "0:0:0:0", endOnFailure: 
true }
    Counterexample: 
[{"moduleKey":"hr-core","logsPerEventType":2}]
    Shrunk 3 time(s)

    Hint: Enable verbose mode in order to have the list of 
all failing values encountered during the run

      at buildError (node_modules/fast-check/lib/check/runne
r/utils/RunDetailsFormatter.js:156:19)
      at buildError (node_modules/fast-check/lib/check/runne
r/utils/RunDetailsFormatter.js:170:11)

    Cause:
    ValidationError: AuditLog validation failed: action: 
Path `action` is required., resource: Path `resource` is 
required., severity: `info` is not a valid enum value for 
path `severity`.

      at model.Document.invalidate 
(node_modules/mongoose/lib/document.js:3362:32)
      at invalidate 
(node_modules/mongoose/lib/document.js:3123:17)
      at fn (node_modules/mongoose/lib/schemaType.js:1446:9)

  ΓùÅ Audit Log Query Filtering - Property-Based Tests ΓÇ║ 
Property 35: Audit Log Query Filtering ΓÇ║ should filter 
audit logs by severity level

    Property failed after 1 tests
    { seed: -94150332, path: "0:0:0:0", endOnFailure: true }
    Counterexample: 
[{"moduleKey":"hr-core","logsPerSeverity":2}]
    Shrunk 3 time(s)

    Hint: Enable verbose mode in order to have the list of 
all failing values encountered during the run

      at buildError (node_modules/fast-check/lib/check/runne
r/utils/RunDetailsFormatter.js:156:19)
      at buildError (node_modules/fast-check/lib/check/runne
r/utils/RunDetailsFormatter.js:170:11)

    Cause:
    ValidationError: AuditLog validation failed: action: 
Path `action` is required., resource: Path `resource` is 
required., severity: `info` is not a valid enum value for 
path `severity`.

      at model.Document.invalidate 
(node_modules/mongoose/lib/document.js:3362:32)
      at invalidate 
(node_modules/mongoose/lib/document.js:3123:17)
      at fn (node_modules/mongoose/lib/schemaType.js:1446:9)

  ΓùÅ Audit Log Query Filtering - Property-Based Tests ΓÇ║ 
Property 35: Audit Log Query Filtering ΓÇ║ should filter 
audit logs by date range

    Property failed after 1 tests
    { seed: 1052472248, path: "0:0:0:0:0", endOnFailure: 
true }
    Counterexample: [{"moduleKey":"hr-core","eventType":"VAL
IDATION_SUCCESS","daysAgo":2}]
    Shrunk 4 time(s)

    Hint: Enable verbose mode in order to have the list of 
all failing values encountered during the run

      at buildError (node_modules/fast-check/lib/check/runne
r/utils/RunDetailsFormatter.js:156:19)
      at buildError (node_modules/fast-check/lib/check/runne
r/utils/RunDetailsFormatter.js:170:11)

    Cause:
    expect(received).toBeGreaterThanOrEqual(expected)

    Expected: >= 2
    Received:    0

    [0m [90m 359 |[39m
     [90m 360 |[39m                         [90m// 
Assertion 1: Should include logs on and after target 
date[39m
    [31m[1m>[22m[39m[90m 361 |[39m                    
     expect(logsFromDate[33m.[39mlength)[33m.[39mtoBeGre
aterThanOrEqual([35m2[39m)[33m;[39m
     [90m     |[39m                                       
              [31m[1m^[22m[39m
     [90m 362 |[39m                         
[36mconst[39m logsFromDateIds [33m=[39m 
logsFromDate[33m.[39mmap(l [33m=>[39m 
l[33m.[39m_id[33m.[39mtoString())[33m;[39m
     [90m 363 |[39m                         expect(logsFro
mDateIds)[33m.[39mtoContain(logOn[33m.[39m_id[33m.[39m
toString())[33m;[39m
     [90m 364 |[39m                         expect(logsFro
mDateIds)[33m.[39mtoContain(logAfter[33m.[39m_id[33m.[
39mtoString())[33m;[39m[0m

      at toBeGreaterThanOrEqual (server/testing/services/aud
itLogQueryFiltering.property.test.js:361:53)
      at AsyncProperty.run (node_modules/fast-check/lib/chec
k/property/AsyncProperty.generic.js:43:28)
      at asyncRunIt 
(node_modules/fast-check/lib/check/runner/Runner.js:24:21)
      at Object.<anonymous> (server/testing/services/auditLo
gQueryFiltering.property.test.js:305:13)

  ΓùÅ Audit Log Query Filtering - Property-Based Tests ΓÇ║ 
Property 35: Audit Log Query Filtering ΓÇ║ should support 
combining multiple filters

    Property failed after 1 tests
    { seed: 555885461, path: "0:0", endOnFailure: true }
    Counterexample: [{"dummy":true}]
    Shrunk 1 time(s)

    Hint: Enable verbose mode in order to have the list of 
all failing values encountered during the run

      at buildError (node_modules/fast-check/lib/check/runne
r/utils/RunDetailsFormatter.js:156:19)
      at buildError (node_modules/fast-check/lib/check/runne
r/utils/RunDetailsFormatter.js:170:11)

    Cause:
    ValidationError: AuditLog validation failed: action: 
Path `action` is required., resource: Path `resource` is 
required., severity: `info` is not a valid enum value for 
path `severity`.

      at model.Document.invalidate 
(node_modules/mongoose/lib/document.js:3362:32)
      at invalidate 
(node_modules/mongoose/lib/document.js:3123:17)
      at fn (node_modules/mongoose/lib/schemaType.js:1446:9)

  ΓùÅ Audit Log Query Filtering - Property-Based Tests ΓÇ║ 
Property 35: Audit Log Query Filtering ΓÇ║ should respect 
limit and skip parameters

    Property failed after 1 tests
    { seed: 1752562530, path: "0:0:0:0", endOnFailure: true 
}
    Counterexample: [{"totalLogs":10,"limit":3,"skip":0}]
    Shrunk 3 time(s)

    Hint: Enable verbose mode in order to have the list of 
all failing values encountered during the run

      at buildError (node_modules/fast-check/lib/check/runne
r/utils/RunDetailsFormatter.js:156:19)
      at buildError (node_modules/fast-check/lib/check/runne
r/utils/RunDetailsFormatter.js:170:11)

    Cause:
    ValidationError: AuditLog validation failed: action: 
Path `action` is required., resource: Path `resource` is 
required., severity: `info` is not a valid enum value for 
path `severity`.

      at model.Document.invalidate 
(node_modules/mongoose/lib/document.js:3362:32)
      at invalidate 
(node_modules/mongoose/lib/document.js:3123:17)
      at fn (node_modules/mongoose/lib/schemaType.js:1446:9)

  ΓùÅ Audit Log Query Filtering - Property-Based Tests ΓÇ║ 
Property 35: Audit Log Query Filtering ΓÇ║ should return 
empty array when no logs match filters

    Property failed after 1 tests
    { seed: 995263749, path: "0:0:0:0", endOnFailure: true }
    Counterexample: 
[{"moduleKey":"hr-core","eventType":"VALIDATION_SUCCESS"}]
    Shrunk 3 time(s)

    Hint: Enable verbose mode in order to have the list of 
all failing values encountered during the run

      at buildError (node_modules/fast-check/lib/check/runne
r/utils/RunDetailsFormatter.js:156:19)
      at buildError (node_modules/fast-check/lib/check/runne
r/utils/RunDetailsFormatter.js:170:11)

    Cause:
    ValidationError: AuditLog validation failed: action: 
Path `action` is required., resource: Path `resource` is 
required., severity: `info` is not a valid enum value for 
path `severity`.

      at model.Document.invalidate 
(node_modules/mongoose/lib/document.js:3362:32)
      at invalidate 
(node_modules/mongoose/lib/document.js:3123:17)
      at fn (node_modules/mongoose/lib/schemaType.js:1446:9)

  ΓùÅ Audit Log Query Filtering - Property-Based Tests ΓÇ║ 
Property 35: Audit Log Query Filtering ΓÇ║ should maintain 
filter consistency across multiple queries

    Property failed after 1 tests
    { seed: -1864947001, path: "0:0:0:0:0:0", endOnFailure: 
true }
    Counterexample: [{"moduleKey":"hr-core","eventType":"VAL
IDATION_SUCCESS","severity":"info","queryCount":2}]
    Shrunk 5 time(s)

    Hint: Enable verbose mode in order to have the list of 
all failing values encountered during the run

      at buildError (node_modules/fast-check/lib/check/runne
r/utils/RunDetailsFormatter.js:156:19)
      at buildError (node_modules/fast-check/lib/check/runne
r/utils/RunDetailsFormatter.js:170:11)

    Cause:
    ValidationError: AuditLog validation failed: action: 
Path `action` is required., resource: Path `resource` is 
required., severity: `info` is not a valid enum value for 
path `severity`.

      at model.Document.invalidate 
(node_modules/mongoose/lib/document.js:3362:32)
      at invalidate 
(node_modules/mongoose/lib/document.js:3123:17)
      at fn (node_modules/mongoose/lib/schemaType.js:1446:9)

FAIL server/testing/services/licenseModificationChangeTracki
ng.property.test.js
  ΓùÅ License Modification Change Tracking - Property-Based 
Tests ΓÇ║ Property 36: License Modification Change Tracking 
ΓÇ║ should record previous and new values when license is 
modified

    Property failed after 1 tests
    { seed: -1432236530, path: "0:0:0:0:0", endOnFailure: 
true }
    Counterexample: [{"moduleKey":"attendance","initialTier"
:"starter","newTier":"starter","initialEnabled":false,"newEn
abled":false}]
    Shrunk 4 time(s)

    Hint: Enable verbose mode in order to have the list of 
all failing values encountered during the run

      at buildError (node_modules/fast-check/lib/check/runne
r/utils/RunDetailsFormatter.js:156:19)
      at buildError (node_modules/fast-check/lib/check/runne
r/utils/RunDetailsFormatter.js:170:11)

    Cause:
    TypeError: auditLoggerService.logLicenseUpdated is not 
a function

    [0m [90m  95 |[39m
     [90m  96 |[39m                         [90m// Log 
the license modification[39m
    [31m[1m>[22m[39m[90m  97 |[39m                    
     [36mawait[39m 
auditLoggerService[33m.[39mlogLicenseUpdated(
     [90m     |[39m                                       
           [31m[1m^[22m[39m
     [90m  98 |[39m                             
uniqueTenantId[33m.[39mtoString()[33m,[39m
     [90m  99 |[39m                             
moduleKey[33m,[39m
     [90m 100 |[39m                             
previousValue[33m,[39m[0m

      at logLicenseUpdated (server/testing/services/licenseM
odificationChangeTracking.property.test.js:97:50)
      at AsyncProperty.run (node_modules/fast-check/lib/chec
k/property/AsyncProperty.generic.js:43:28)
      at asyncRunIt 
(node_modules/fast-check/lib/check/runner/Runner.js:24:21)
      at Object.<anonymous> (server/testing/services/license
ModificationChangeTracking.property.test.js:30:13)

  ΓùÅ License Modification Change Tracking - Property-Based 
Tests ΓÇ║ Property 36: License Modification Change Tracking 
ΓÇ║ should track changes to module enabled status

    Property failed after 1 tests
    { seed: 669905459, path: "0:0", endOnFailure: true }
    Counterexample: 
[{"moduleKey":"attendance","tier":"starter"}]
    Shrunk 1 time(s)

    Hint: Enable verbose mode in order to have the list of 
all failing values encountered during the run

      at buildError (node_modules/fast-check/lib/check/runne
r/utils/RunDetailsFormatter.js:156:19)
      at buildError (node_modules/fast-check/lib/check/runne
r/utils/RunDetailsFormatter.js:170:11)

    Cause:
    TypeError: auditLoggerService.logLicenseUpdated is not 
a function

    [0m [90m 192 |[39m                         
[36mconst[39m newValue [33m=[39m { enabled[33m:[39m 
[36mfalse[39m }[33m;[39m
     [90m 193 |[39m
    [31m[1m>[22m[39m[90m 194 |[39m                    
     [36mawait[39m 
auditLoggerService[33m.[39mlogLicenseUpdated(
     [90m     |[39m                                       
           [31m[1m^[22m[39m
     [90m 195 |[39m                             
uniqueTenantId[33m.[39mtoString()[33m,[39m
     [90m 196 |[39m                             
moduleKey[33m,[39m
     [90m 197 |[39m                             
previousValue[33m,[39m[0m

      at logLicenseUpdated (server/testing/services/licenseM
odificationChangeTracking.property.test.js:194:50)
      at AsyncProperty.run (node_modules/fast-check/lib/chec
k/property/AsyncProperty.generic.js:43:28)
      at asyncRunIt 
(node_modules/fast-check/lib/check/runner/Runner.js:24:21)
      at Object.<anonymous> (server/testing/services/license
ModificationChangeTracking.property.test.js:151:13)

  ΓùÅ License Modification Change Tracking - Property-Based 
Tests ΓÇ║ Property 36: License Modification Change Tracking 
ΓÇ║ should track changes to pricing tier

    Property failed after 1 tests
    { seed: -1820303127, path: "0:0", endOnFailure: true }
    Counterexample: [{"moduleKey":"attendance","previousTier
":"enterprise","newTier":"starter"}]
    Shrunk 1 time(s)

    Hint: Enable verbose mode in order to have the list of 
all failing values encountered during the run

      at buildError (node_modules/fast-check/lib/check/runne
r/utils/RunDetailsFormatter.js:156:19)
      at buildError (node_modules/fast-check/lib/check/runne
r/utils/RunDetailsFormatter.js:170:11)

    Cause:
    TypeError: auditLoggerService.logLicenseUpdated is not 
a function

    [0m [90m 269 |[39m                         
[36mconst[39m newValue [33m=[39m { tier[33m:[39m 
newTier }[33m;[39m
     [90m 270 |[39m
    [31m[1m>[22m[39m[90m 271 |[39m                    
     [36mawait[39m 
auditLoggerService[33m.[39mlogLicenseUpdated(
     [90m     |[39m                                       
           [31m[1m^[22m[39m
     [90m 272 |[39m                             
uniqueTenantId[33m.[39mtoString()[33m,[39m
     [90m 273 |[39m                             
moduleKey[33m,[39m
     [90m 274 |[39m                             
previousValue[33m,[39m[0m

      at logLicenseUpdated (server/testing/services/licenseM
odificationChangeTracking.property.test.js:271:50)
      at AsyncProperty.run (node_modules/fast-check/lib/chec
k/property/AsyncProperty.generic.js:43:28)
      at asyncRunIt 
(node_modules/fast-check/lib/check/runner/Runner.js:24:21)
      at Object.<anonymous> (server/testing/services/license
ModificationChangeTracking.property.test.js:222:13)

  ΓùÅ License Modification Change Tracking - Property-Based 
Tests ΓÇ║ Property 36: License Modification Change Tracking 
ΓÇ║ should track changes to usage limits

    Property failed after 1 tests
    { seed: 1138356675, path: "0:0:0:0:0:0:0:0", 
endOnFailure: true }
    Counterexample: [{"moduleKey":"attendance","tier":"start
er","previousEmployees":50,"newEmployees":150,"previousStora
ge":5368709120,"newStorage":21474836480,"previousApiCalls":1
0000,"newApiCalls":75000}]
    Shrunk 7 time(s)

    Hint: Enable verbose mode in order to have the list of 
all failing values encountered during the run

      at buildError (node_modules/fast-check/lib/check/runne
r/utils/RunDetailsFormatter.js:156:19)
      at buildError (node_modules/fast-check/lib/check/runne
r/utils/RunDetailsFormatter.js:170:11)

    Cause:
    TypeError: auditLoggerService.logLicenseUpdated is not 
a function

    [0m [90m 363 |[39m                         
[36mconst[39m newValue [33m=[39m { limits[33m:[39m 
newLimits }[33m;[39m
     [90m 364 |[39m
    [31m[1m>[22m[39m[90m 365 |[39m                    
     [36mawait[39m 
auditLoggerService[33m.[39mlogLicenseUpdated(
     [90m     |[39m                                       
           [31m[1m^[22m[39m
     [90m 366 |[39m                             
uniqueTenantId[33m.[39mtoString()[33m,[39m
     [90m 367 |[39m                             
moduleKey[33m,[39m
     [90m 368 |[39m                             
previousValue[33m,[39m[0m

      at logLicenseUpdated (server/testing/services/licenseM
odificationChangeTracking.property.test.js:365:50)
      at AsyncProperty.run (node_modules/fast-check/lib/chec
k/property/AsyncProperty.generic.js:43:28)
      at asyncRunIt 
(node_modules/fast-check/lib/check/runner/Runner.js:24:21)
      at Object.<anonymous> (server/testing/services/license
ModificationChangeTracking.property.test.js:299:13)

  ΓùÅ License Modification Change Tracking - Property-Based 
Tests ΓÇ║ Property 36: License Modification Change Tracking 
ΓÇ║ should track multiple modifications in sequence

    Property failed after 1 tests
    { seed: 1561838144, path: "0:0:0:0", endOnFailure: true 
}
    Counterexample: [{"moduleKey":"attendance","tier":"start
er","modificationCount":2}]
    Shrunk 3 time(s)

    Hint: Enable verbose mode in order to have the list of 
all failing values encountered during the run

      at buildError (node_modules/fast-check/lib/check/runne
r/utils/RunDetailsFormatter.js:156:19)
      at buildError (node_modules/fast-check/lib/check/runne
r/utils/RunDetailsFormatter.js:170:11)

    Cause:
    TypeError: auditLoggerService.logLicenseUpdated is not 
a function

    [0m [90m 446 |[39m                             
[36mconst[39m newValue [33m=[39m { limits[33m:[39m { 
employees[33m:[39m currentEmployees } }[33m;[39m
     [90m 447 |[39m
    [31m[1m>[22m[39m[90m 448 |[39m                    
         [36mawait[39m 
auditLoggerService[33m.[39mlogLicenseUpdated(
     [90m     |[39m                                       
               [31m[1m^[22m[39m
     [90m 449 |[39m                                 
uniqueTenantId[33m.[39mtoString()[33m,[39m
     [90m 450 |[39m                                 
moduleKey[33m,[39m
     [90m 451 |[39m                                 
previousValue[33m,[39m[0m

      at logLicenseUpdated (server/testing/services/licenseM
odificationChangeTracking.property.test.js:448:54)
      at AsyncProperty.run (node_modules/fast-check/lib/chec
k/property/AsyncProperty.generic.js:43:28)
      at asyncRunIt 
(node_modules/fast-check/lib/check/runner/Runner.js:24:21)
      at Object.<anonymous> (server/testing/services/license
ModificationChangeTracking.property.test.js:401:13)

  ΓùÅ License Modification Change Tracking - Property-Based 
Tests ΓÇ║ Property 36: License Modification Change Tracking 
ΓÇ║ should track complex modifications with multiple field 
changes

    Property failed after 1 tests
    { seed: -1309100388, path: "0:0:0:0:0", endOnFailure: 
true }
    Counterexample: [{"moduleKey":"attendance","previousTier
":"starter","newTier":"starter","previousEnabled":false,"new
Enabled":false,"previousEmployees":50,"newEmployees":200}]
    Shrunk 4 time(s)

    Hint: Enable verbose mode in order to have the list of 
all failing values encountered during the run

      at buildError (node_modules/fast-check/lib/check/runne
r/utils/RunDetailsFormatter.js:156:19)
      at buildError (node_modules/fast-check/lib/check/runne
r/utils/RunDetailsFormatter.js:170:11)

    Cause:
    TypeError: auditLoggerService.logLicenseUpdated is not 
a function

    [0m [90m 559 |[39m                         
}[33m;[39m
     [90m 560 |[39m
    [31m[1m>[22m[39m[90m 561 |[39m                    
     [36mawait[39m 
auditLoggerService[33m.[39mlogLicenseUpdated(
     [90m     |[39m                                       
           [31m[1m^[22m[39m
     [90m 562 |[39m                             
uniqueTenantId[33m.[39mtoString()[33m,[39m
     [90m 563 |[39m                             
moduleKey[33m,[39m
     [90m 564 |[39m                             
previousValue[33m,[39m[0m

      at logLicenseUpdated (server/testing/services/licenseM
odificationChangeTracking.property.test.js:561:50)
      at AsyncProperty.run (node_modules/fast-check/lib/chec
k/property/AsyncProperty.generic.js:43:28)
      at asyncRunIt 
(node_modules/fast-check/lib/check/runner/Runner.js:24:21)
      at Object.<anonymous> (server/testing/services/license
ModificationChangeTracking.property.test.js:488:13)

  ΓùÅ License Modification Change Tracking - Property-Based 
Tests ΓÇ║ Property 36: License Modification Change Tracking 
ΓÇ║ should preserve change tracking across different modules

    Property failed after 1 tests
    { seed: 1542618451, path: "0:0:0", endOnFailure: true }
    Counterexample: [{"tier":"starter"}]
    Shrunk 2 time(s)

    Hint: Enable verbose mode in order to have the list of 
all failing values encountered during the run

      at buildError (node_modules/fast-check/lib/check/runne
r/utils/RunDetailsFormatter.js:156:19)
      at buildError (node_modules/fast-check/lib/check/runne
r/utils/RunDetailsFormatter.js:170:11)

    Cause:
    TypeError: auditLoggerService.logLicenseUpdated is not 
a function

    [0m [90m 639 |[39m                             
[36mconst[39m newValue [33m=[39m { limits[33m:[39m { 
employees[33m:[39m [35m200[39m } }[33m;[39m
     [90m 640 |[39m
    [31m[1m>[22m[39m[90m 641 |[39m                    
         [36mawait[39m 
auditLoggerService[33m.[39mlogLicenseUpdated(
     [90m     |[39m                                       
               [31m[1m^[22m[39m
     [90m 642 |[39m                                 
uniqueTenantId[33m.[39mtoString()[33m,[39m
     [90m 643 |[39m                                 
moduleKey[33m,[39m
     [90m 644 |[39m                                 
previousValue[33m,[39m[0m

      at logLicenseUpdated (server/testing/services/licenseM
odificationChangeTracking.property.test.js:641:54)
      at AsyncProperty.run (node_modules/fast-check/lib/chec
k/property/AsyncProperty.generic.js:43:28)
      at asyncRunIt 
(node_modules/fast-check/lib/check/runner/Runner.js:24:21)
      at Object.<anonymous> (server/testing/services/license
ModificationChangeTracking.property.test.js:601:13)

  ΓùÅ License Modification Change Tracking - Property-Based 
Tests ΓÇ║ Property 36: License Modification Change Tracking 
ΓÇ║ should include additional details alongside change 
tracking

    Property failed after 1 tests
    { seed: -307539535, path: "0:0:0:0:0", endOnFailure: 
true }
    Counterexample: [{"moduleKey":"attendance","tier":"start
er","reason":"Subscription upgrade"}]
    Shrunk 4 time(s)

    Hint: Enable verbose mode in order to have the list of 
all failing values encountered during the run

      at buildError (node_modules/fast-check/lib/check/runne
r/utils/RunDetailsFormatter.js:156:19)
      at buildError (node_modules/fast-check/lib/check/runne
r/utils/RunDetailsFormatter.js:170:11)

    Cause:
    TypeError: auditLoggerService.logLicenseUpdated is not 
a function

    [0m [90m 735 |[39m                         
}[33m;[39m
     [90m 736 |[39m
    [31m[1m>[22m[39m[90m 737 |[39m                    
     [36mawait[39m 
auditLoggerService[33m.[39mlogLicenseUpdated(
     [90m     |[39m                                       
           [31m[1m^[22m[39m
     [90m 738 |[39m                             
uniqueTenantId[33m.[39mtoString()[33m,[39m
     [90m 739 |[39m                             
moduleKey[33m,[39m
     [90m 740 |[39m                             
previousValue[33m,[39m[0m

      at logLicenseUpdated (server/testing/services/licenseM
odificationChangeTracking.property.test.js:737:50)
      at AsyncProperty.run (node_modules/fast-check/lib/chec
k/property/AsyncProperty.generic.js:43:28)
      at asyncRunIt 
(node_modules/fast-check/lib/check/runner/Runner.js:24:21)
      at Object.<anonymous> (server/testing/services/license
ModificationChangeTracking.property.test.js:681:13)

FAIL 
server/testing/integration/enhanced-tenant-model.test.js
  ΓùÅ Enhanced Tenant Model Integration Tests ΓÇ║ Enhanced 
Enterprise Fields ΓÇ║ should create tenant with enhanced 
enterprise fields

    MongooseError: Can't call `openUri()` on an active 
connection with different connection strings. Make sure you 
aren't calling `mongoose.connect()` multiple times. See: htt
ps://mongoosejs.com/docs/connections.html#multiple_connectio
ns

    [0m [90m  9 |[39m     mongoServer [33m=[39m 
[36mawait[39m 
[33mMongoMemoryServer[39m[33m.[39mcreate()[33m;[39m
     [90m 10 |[39m     [36mconst[39m mongoUri 
[33m=[39m mongoServer[33m.[39mgetUri()[33m;[39m
    [31m[1m>[22m[39m[90m 11 |[39m     [36mawait[39m 
mongoose[33m.[39mconnect(mongoUri)[33m;[39m
     [90m    |[39m                    [31m[1m^[22m[39m
     [90m 12 |[39m   })[33m;[39m
     [90m 13 |[39m
     [90m 14 |[39m   afterAll([36masync[39m () 
[33m=>[39m {[0m

      at NativeConnection.createClient (node_modules/mongoos
e/lib/drivers/node-mongodb-native/connection.js:251:13)
      at NativeConnection.createClient [as openUri] 
(node_modules/mongoose/lib/connection.js:1075:34)
      at Mongoose.openUri 
(node_modules/mongoose/lib/mongoose.js:450:15)
      at Object.connect (server/testing/integration/enhanced
-tenant-model.test.js:11:20)

  ΓùÅ Enhanced Tenant Model Integration Tests ΓÇ║ Enhanced 
Enterprise Fields ΓÇ║ should calculate virtual fields 
correctly

    MongooseError: Can't call `openUri()` on an active 
connection with different connection strings. Make sure you 
aren't calling `mongoose.connect()` multiple times. See: htt
ps://mongoosejs.com/docs/connections.html#multiple_connectio
ns

    [0m [90m  9 |[39m     mongoServer [33m=[39m 
[36mawait[39m 
[33mMongoMemoryServer[39m[33m.[39mcreate()[33m;[39m
     [90m 10 |[39m     [36mconst[39m mongoUri 
[33m=[39m mongoServer[33m.[39mgetUri()[33m;[39m
    [31m[1m>[22m[39m[90m 11 |[39m     [36mawait[39m 
mongoose[33m.[39mconnect(mongoUri)[33m;[39m
     [90m    |[39m                    [31m[1m^[22m[39m
     [90m 12 |[39m   })[33m;[39m
     [90m 13 |[39m
     [90m 14 |[39m   afterAll([36masync[39m () 
[33m=>[39m {[0m

      at NativeConnection.createClient (node_modules/mongoos
e/lib/drivers/node-mongodb-native/connection.js:251:13)
      at NativeConnection.createClient [as openUri] 
(node_modules/mongoose/lib/connection.js:1075:34)
      at Mongoose.openUri 
(node_modules/mongoose/lib/mongoose.js:450:15)
      at Object.connect (server/testing/integration/enhanced
-tenant-model.test.js:11:20)

  ΓùÅ Enhanced Tenant Model Integration Tests ΓÇ║ Enhanced 
Enterprise Fields ΓÇ║ should update lastActivityAt when 
usage metrics change

    MongooseError: Can't call `openUri()` on an active 
connection with different connection strings. Make sure you 
aren't calling `mongoose.connect()` multiple times. See: htt
ps://mongoosejs.com/docs/connections.html#multiple_connectio
ns

    [0m [90m  9 |[39m     mongoServer [33m=[39m 
[36mawait[39m 
[33mMongoMemoryServer[39m[33m.[39mcreate()[33m;[39m
     [90m 10 |[39m     [36mconst[39m mongoUri 
[33m=[39m mongoServer[33m.[39mgetUri()[33m;[39m
    [31m[1m>[22m[39m[90m 11 |[39m     [36mawait[39m 
mongoose[33m.[39mconnect(mongoUri)[33m;[39m
     [90m    |[39m                    [31m[1m^[22m[39m
     [90m 12 |[39m   })[33m;[39m
     [90m 13 |[39m
     [90m 14 |[39m   afterAll([36masync[39m () 
[33m=>[39m {[0m

      at NativeConnection.createClient (node_modules/mongoos
e/lib/drivers/node-mongodb-native/connection.js:251:13)
      at NativeConnection.createClient [as openUri] 
(node_modules/mongoose/lib/connection.js:1075:34)
      at Mongoose.openUri 
(node_modules/mongoose/lib/mongoose.js:450:15)
      at Object.connect (server/testing/integration/enhanced
-tenant-model.test.js:11:20)

  ΓùÅ Enhanced Tenant Model Integration Tests ΓÇ║ Enhanced 
Static Methods ΓÇ║ should get analytics correctly

    MongooseError: Can't call `openUri()` on an active 
connection with different connection strings. Make sure you 
aren't calling `mongoose.connect()` multiple times. See: htt
ps://mongoosejs.com/docs/connections.html#multiple_connectio
ns

    [0m [90m  9 |[39m     mongoServer [33m=[39m 
[36mawait[39m 
[33mMongoMemoryServer[39m[33m.[39mcreate()[33m;[39m
     [90m 10 |[39m     [36mconst[39m mongoUri 
[33m=[39m mongoServer[33m.[39mgetUri()[33m;[39m
    [31m[1m>[22m[39m[90m 11 |[39m     [36mawait[39m 
mongoose[33m.[39mconnect(mongoUri)[33m;[39m
     [90m    |[39m                    [31m[1m^[22m[39m
     [90m 12 |[39m   })[33m;[39m
     [90m 13 |[39m
     [90m 14 |[39m   afterAll([36masync[39m () 
[33m=>[39m {[0m

      at NativeConnection.createClient (node_modules/mongoos
e/lib/drivers/node-mongodb-native/connection.js:251:13)
      at NativeConnection.createClient [as openUri] 
(node_modules/mongoose/lib/connection.js:1075:34)
      at Mongoose.openUri 
(node_modules/mongoose/lib/mongoose.js:450:15)
      at Object.connect (server/testing/integration/enhanced
-tenant-model.test.js:11:20)

  ΓùÅ Enhanced Tenant Model Integration Tests ΓÇ║ Enhanced 
Static Methods ΓÇ║ should find tenants needing attention

    MongooseError: Can't call `openUri()` on an active 
connection with different connection strings. Make sure you 
aren't calling `mongoose.connect()` multiple times. See: htt
ps://mongoosejs.com/docs/connections.html#multiple_connectio
ns

    [0m [90m  9 |[39m     mongoServer [33m=[39m 
[36mawait[39m 
[33mMongoMemoryServer[39m[33m.[39mcreate()[33m;[39m
     [90m 10 |[39m     [36mconst[39m mongoUri 
[33m=[39m mongoServer[33m.[39mgetUri()[33m;[39m
    [31m[1m>[22m[39m[90m 11 |[39m     [36mawait[39m 
mongoose[33m.[39mconnect(mongoUri)[33m;[39m
     [90m    |[39m                    [31m[1m^[22m[39m
     [90m 12 |[39m   })[33m;[39m
     [90m 13 |[39m
     [90m 14 |[39m   afterAll([36masync[39m () 
[33m=>[39m {[0m

      at NativeConnection.createClient (node_modules/mongoos
e/lib/drivers/node-mongodb-native/connection.js:251:13)
      at NativeConnection.createClient [as openUri] 
(node_modules/mongoose/lib/connection.js:1075:34)
      at Mongoose.openUri 
(node_modules/mongoose/lib/mongoose.js:450:15)
      at Object.connect (server/testing/integration/enhanced
-tenant-model.test.js:11:20)

  ΓùÅ Enhanced Tenant Model Integration Tests ΓÇ║ Enhanced 
Indexes ΓÇ║ should have proper indexes for enterprise 
features

    MongooseError: Can't call `openUri()` on an active 
connection with different connection strings. Make sure you 
aren't calling `mongoose.connect()` multiple times. See: htt
ps://mongoosejs.com/docs/connections.html#multiple_connectio
ns

    [0m [90m  9 |[39m     mongoServer [33m=[39m 
[36mawait[39m 
[33mMongoMemoryServer[39m[33m.[39mcreate()[33m;[39m
     [90m 10 |[39m     [36mconst[39m mongoUri 
[33m=[39m mongoServer[33m.[39mgetUri()[33m;[39m
    [31m[1m>[22m[39m[90m 11 |[39m     [36mawait[39m 
mongoose[33m.[39mconnect(mongoUri)[33m;[39m
     [90m    |[39m                    [31m[1m^[22m[39m
     [90m 12 |[39m   })[33m;[39m
     [90m 13 |[39m
     [90m 14 |[39m   afterAll([36masync[39m () 
[33m=>[39m {[0m

      at NativeConnection.createClient (node_modules/mongoos
e/lib/drivers/node-mongodb-native/connection.js:251:13)
      at NativeConnection.createClient [as openUri] 
(node_modules/mongoose/lib/connection.js:1075:34)
      at Mongoose.openUri 
(node_modules/mongoose/lib/mongoose.js:450:15)
      at Object.connect (server/testing/integration/enhanced
-tenant-model.test.js:11:20)

FAIL 
server/testing/controllers/logIngestion.controller.test.js
  ΓùÅ Log Ingestion Controller ΓÇ║ ingestLogs ΓÇ║ should 
handle processing pipeline failures

    ReferenceError: logProcessingPipeline is not defined

    [0m [90m 186 |[39m
     [90m 187 |[39m             [90m// Mock pipeline 
failure[39m
    [31m[1m>[22m[39m[90m 188 |[39m             logProc
essingPipeline[33m.[39mprocessLog[33m.[39mmockResolvedVa
lue({
     [90m     |[39m             [31m[1m^[22m[39m
     [90m 189 |[39m                 success[33m:[39m 
[36mfalse[39m[33m,[39m
     [90m 190 |[39m                 error[33m:[39m 
[32m'Processing failed'[39m[33m,[39m
     [90m 191 |[39m                 
correlationId[33m:[39m [32m'log-corr-123'[39m[0m

      at Object.logProcessingPipeline (server/testing/contro
llers/logIngestion.controller.test.js:188:13)

  ΓùÅ Log Ingestion Controller ΓÇ║ ingestLogs ΓÇ║ should 
handle multiple logs with mixed results

    ReferenceError: logProcessingPipeline is not defined

    [0m [90m 231 |[39m
     [90m 232 |[39m             [90m// Mock mixed 
results[39m
    [31m[1m>[22m[39m[90m 233 |[39m             
logProcessingPipeline[33m.[39mprocessLog
     [90m     |[39m             [31m[1m^[22m[39m
     [90m 234 |[39m                 
[33m.[39mmockResolvedValueOnce({
     [90m 235 |[39m                     
success[33m:[39m [36mtrue[39m[33m,[39m
     [90m 236 |[39m                     
correlationId[33m:[39m [32m'corr1'[39m[0m

      at Object.logProcessingPipeline (server/testing/contro
llers/logIngestion.controller.test.js:233:13)

  ΓùÅ Log Ingestion Controller ΓÇ║ ingestLogs ΓÇ║ should 
handle processing exceptions

    ReferenceError: logProcessingPipeline is not defined

    [0m [90m 265 |[39m
     [90m 266 |[39m             [90m// Mock pipeline 
exception[39m
    [31m[1m>[22m[39m[90m 267 |[39m             logProc
essingPipeline[33m.[39mprocessLog[33m.[39mmockRejectedVa
lue([36mnew[39m [33mError[39m([32m'Pipeline 
exception'[39m))[33m;[39m
     [90m     |[39m             [31m[1m^[22m[39m
     [90m 268 |[39m
     [90m 269 |[39m             [36mawait[39m logIngesti
onController[33m.[39mingestLogs(mockReq[33m,[39m 
mockRes)[33m;[39m
     [90m 270 |[39m[0m

      at Object.logProcessingPipeline (server/testing/contro
llers/logIngestion.controller.test.js:267:13)

  ΓùÅ Log Ingestion Controller ΓÇ║ ingestLogs ΓÇ║ should 
handle controller exceptions

    TypeError: logIngestionController.ingestLogs is not a 
function

    [0m [90m 286 |[39m             })[33m;[39m
     [90m 287 |[39m
    [31m[1m>[22m[39m[90m 288 |[39m             
[36mawait[39m logIngestionController[33m.[39mingestLogs(
mockReq[33m,[39m mockRes)[33m;[39m
     [90m     |[39m                                       
   [31m[1m^[22m[39m
     [90m 289 |[39m
     [90m 290 |[39m             expect(mockRes[33m.[39ms
tatus)[33m.[39mtoHaveBeenCalledWith([35m500[39m)[33m;[
39m
     [90m 291 |[39m             expect(mockRes[33m.[39mj
son)[33m.[39mtoHaveBeenCalledWith([0m

      at Object.ingestLogs (server/testing/controllers/logIn
gestion.controller.test.js:288:42)

  ΓùÅ Log Ingestion Controller ΓÇ║ healthCheck ΓÇ║ should 
return healthy status

    ReferenceError: logProcessingPipeline is not defined

    [0m [90m 300 |[39m     
describe([32m'healthCheck'[39m[33m,[39m () [33m=>[39m 
{
     [90m 301 |[39m         test([32m'should return 
healthy status'[39m[33m,[39m [36masync[39m () 
[33m=>[39m {
    [31m[1m>[22m[39m[90m 302 |[39m             logProc
essingPipeline[33m.[39mhealthCheck[33m.[39mmockResolvedV
alue({
     [90m     |[39m             [31m[1m^[22m[39m
     [90m 303 |[39m                 status[33m:[39m 
[32m'healthy'[39m[33m,[39m
     [90m 304 |[39m                 components[33m:[39m 
{}
     [90m 305 |[39m             })[33m;[39m[0m

      at Object.logProcessingPipeline (server/testing/contro
llers/logIngestion.controller.test.js:302:13)

  ΓùÅ Log Ingestion Controller ΓÇ║ healthCheck ΓÇ║ should 
handle health check exceptions

    ReferenceError: logProcessingPipeline is not defined

    [0m [90m 318 |[39m
     [90m 319 |[39m         test([32m'should handle 
health check exceptions'[39m[33m,[39m [36masync[39m () 
[33m=>[39m {
    [31m[1m>[22m[39m[90m 320 |[39m             logProc
essingPipeline[33m.[39mhealthCheck[33m.[39mmockRejectedV
alue([36mnew[39m [33mError[39m([32m'Health check 
failed'[39m))[33m;[39m
     [90m     |[39m             [31m[1m^[22m[39m
     [90m 321 |[39m
     [90m 322 |[39m             [36mawait[39m logIngesti
onController[33m.[39mhealthCheck(mockReq[33m,[39m 
mockRes)[33m;[39m
     [90m 323 |[39m[0m

      at Object.logProcessingPipeline (server/testing/contro
llers/logIngestion.controller.test.js:320:13)

  ΓùÅ Log Ingestion Controller ΓÇ║ getIngestionStats ΓÇ║ 
should return ingestion statistics

    TypeError: logIngestionController.getIngestionStats is 
not a function

    [0m [90m 334 |[39m     
describe([32m'getIngestionStats'[39m[33m,[39m () 
[33m=>[39m {
     [90m 335 |[39m         test([32m'should return 
ingestion statistics'[39m[33m,[39m [36masync[39m () 
[33m=>[39m {
    [31m[1m>[22m[39m[90m 336 |[39m             
[36mawait[39m logIngestionController[33m.[39mgetIngestio
nStats(mockReq[33m,[39m mockRes)[33m;[39m
     [90m     |[39m                                       
   [31m[1m^[22m[39m
     [90m 337 |[39m
     [90m 338 |[39m             expect(mockRes[33m.[39ms
tatus)[33m.[39mtoHaveBeenCalledWith([35m200[39m)[33m;[
39m
     [90m 339 |[39m             expect(mockRes[33m.[39mj
son)[33m.[39mtoHaveBeenCalledWith([0m

      at Object.getIngestionStats (server/testing/controller
s/logIngestion.controller.test.js:336:42)

  ΓùÅ Log Ingestion Controller ΓÇ║ getIngestionStats ΓÇ║ 
should handle stats retrieval exceptions

    TypeError: logIngestionController.getIngestionStats is 
not a function

    [0m [90m 354 |[39m             
mockReq[33m.[39mtenant [33m=[39m 
[36mnull[39m[33m;[39m
     [90m 355 |[39m
    [31m[1m>[22m[39m[90m 356 |[39m             
[36mawait[39m logIngestionController[33m.[39mgetIngestio
nStats(mockReq[33m,[39m mockRes)[33m;[39m
     [90m     |[39m                                       
   [31m[1m^[22m[39m
     [90m 357 |[39m
     [90m 358 |[39m             expect(mockRes[33m.[39ms
tatus)[33m.[39mtoHaveBeenCalledWith([35m500[39m)[33m;[
39m
     [90m 359 |[39m             expect(mockRes[33m.[39mj
son)[33m.[39mtoHaveBeenCalledWith([0m

      at Object.getIngestionStats (server/testing/controller
s/logIngestion.controller.test.js:356:42)

  ΓùÅ Log Ingestion Controller ΓÇ║ enrichLogEntry ΓÇ║ 
should enrich log entry with context

    TypeError: logIngestionController.enrichLogEntry is not 
a function

    [0m [90m 386 |[39m             }[33m;[39m
     [90m 387 |[39m
    [31m[1m>[22m[39m[90m 388 |[39m             
[36mconst[39m enriched [33m=[39m logIngestionController
[33m.[39menrichLogEntry(logEntry[33m,[39m 
context)[33m;[39m
     [90m     |[39m                                       
              [31m[1m^[22m[39m
     [90m 389 |[39m
     [90m 390 |[39m             
expect(enriched)[33m.[39mtoMatchObject({
     [90m 391 |[39m                 
[33m...[39mlogEntry[33m,[39m[0m

      at Object.enrichLogEntry (server/testing/controllers/l
ogIngestion.controller.test.js:388:53)

  ΓùÅ Log Ingestion Controller ΓÇ║ enrichLogEntry ΓÇ║ 
should generate correlation ID if missing

    TypeError: logIngestionController.enrichLogEntry is not 
a function

    [0m [90m 416 |[39m             }[33m;[39m
     [90m 417 |[39m
    [31m[1m>[22m[39m[90m 418 |[39m             
[36mconst[39m enriched [33m=[39m logIngestionController
[33m.[39menrichLogEntry(logEntry[33m,[39m 
context)[33m;[39m
     [90m     |[39m                                       
              [31m[1m^[22m[39m
     [90m 419 |[39m
     [90m 420 |[39m             expect(enriched[33m.[39m
correlationId)[33m.[39mtoBe([32m'new-corr-123'[39m)[33m
;[39m
     [90m 421 |[39m             expect(correlationIdServic
e[33m.[39mgenerateCorrelationId)[33m.[39mtoHaveBeenCalle
d()[33m;[39m[0m

      at Object.enrichLogEntry (server/testing/controllers/l
ogIngestion.controller.test.js:418:53)

  ΓùÅ Log Ingestion Controller ΓÇ║ sanitizeLogForLogging 
ΓÇ║ should remove sensitive data

    TypeError: logIngestionController.sanitizeLogForLogging 
is not a function

    [0m [90m 436 |[39m             }[33m;[39m
     [90m 437 |[39m
    [31m[1m>[22m[39m[90m 438 |[39m             
[36mconst[39m sanitized [33m=[39m logIngestionController
[33m.[39msanitizeLogForLogging(logEntry)[33m;[39m
     [90m     |[39m                                       
               [31m[1m^[22m[39m
     [90m 439 |[39m
     [90m 440 |[39m             expect(sanitized[33m.[39
mmeta[33m.[39mpassword)[33m.[39mtoBeUndefined()[33m;[3
9m
     [90m 441 |[39m             expect(sanitized[33m.[39
mmeta[33m.[39mtoken)[33m.[39mtoBeUndefined()[33m;[39m
[0m

      at Object.sanitizeLogForLogging (server/testing/contro
llers/logIngestion.controller.test.js:438:54)

  ΓùÅ Log Ingestion Controller ΓÇ║ sanitizeLogForLogging 
ΓÇ║ should truncate long messages

    TypeError: logIngestionController.sanitizeLogForLogging 
is not a function

    [0m [90m 452 |[39m             }[33m;[39m
     [90m 453 |[39m
    [31m[1m>[22m[39m[90m 454 |[39m             
[36mconst[39m sanitized [33m=[39m logIngestionController
[33m.[39msanitizeLogForLogging(logEntry)[33m;[39m
     [90m     |[39m                                       
               [31m[1m^[22m[39m
     [90m 455 |[39m
     [90m 456 |[39m             expect(sanitized[33m.[39
mmessage[33m.[39mlength)[33m.[39mtoBeLessThan(longMessag
e[33m.[39mlength)[33m;[39m
     [90m 457 |[39m             expect(sanitized[33m.[39
mmessage)[33m.[39mtoContain([32m'... 
[truncated]'[39m)[33m;[39m[0m

      at Object.sanitizeLogForLogging (server/testing/contro
llers/logIngestion.controller.test.js:454:54)

  ΓùÅ Log Ingestion Controller ΓÇ║ updateIngestionStats ΓÇ║ 
should update statistics correctly

    TypeError: logIngestionController.updateIngestionStats 
is not a function

    [0m [90m 463 |[39m             [36mconst[39m 
companyId [33m=[39m [32m'tenant123'[39m[33m;[39m
     [90m 464 |[39m             
    [31m[1m>[22m[39m[90m 465 |[39m             logInge
stionController[33m.[39mupdateIngestionStats(companyId[33
m,[39m [35m5[39m[33m,[39m [35m2[39m)[33m;[39m
     [90m     |[39m                                    
[31m[1m^[22m[39m
     [90m 466 |[39m             
     [90m 467 |[39m             [36mconst[39m stats 
[33m=[39m logIngestionController[33m.[39mingestionStats
[33m.[39m[36mget[39m(companyId)[33m;[39m
     [90m 468 |[39m             
expect(stats)[33m.[39mtoMatchObject({[0m

      at Object.updateIngestionStats (server/testing/control
lers/logIngestion.controller.test.js:465:36)

  ΓùÅ Log Ingestion Controller ΓÇ║ updateIngestionStats ΓÇ║ 
should accumulate statistics over multiple calls

    TypeError: logIngestionController.updateIngestionStats 
is not a function

    [0m [90m 478 |[39m             [36mconst[39m 
companyId [33m=[39m [32m'tenant123'[39m[33m;[39m
     [90m 479 |[39m             
    [31m[1m>[22m[39m[90m 480 |[39m             logInge
stionController[33m.[39mupdateIngestionStats(companyId[33
m,[39m [35m3[39m[33m,[39m [35m1[39m)[33m;[39m
     [90m     |[39m                                    
[31m[1m^[22m[39m
     [90m 481 |[39m             logIngestionController[33
m.[39mupdateIngestionStats(companyId[33m,[39m 
[35m2[39m[33m,[39m [35m0[39m)[33m;[39m
     [90m 482 |[39m             
     [90m 483 |[39m             [36mconst[39m stats 
[33m=[39m logIngestionController[33m.[39mingestionStats
[33m.[39m[36mget[39m(companyId)[33m;[39m[0m

      at Object.updateIngestionStats (server/testing/control
lers/logIngestion.controller.test.js:480:36)

FAIL server/testing/services/logProcessingPipeline.service.t
est.js
  ΓùÅ Console

    console.log
      Importing correlationId.service.js

      at Object.log (server/testing/services/logProcessingPi
peline.service.test.js:26:17)

    console.log
      correlationIdModule: [Module: null prototype] {
        clearCorrelationStore: [Function: 
clearCorrelationStore],
        correlationMiddleware: [Function: 
correlationMiddleware],
        default: {
          generateCorrelationId: [Function: 
generateCorrelationId],
          generateShortCorrelationId: [Function: 
generateShortCorrelationId],
          generateSessionCorrelationId: [Function: 
generateSessionCorrelationId],
          generateRequestCorrelationId: [Function: 
generateRequestCorrelationId],
          isValidCorrelationId: [Function: 
isValidCorrelationId],
          extractTimestamp: [Function: extractTimestamp],
          correlationMiddleware: [Function: 
correlationMiddleware],
          getCorrelationContext: [Function: 
getCorrelationContext],
          linkCorrelationIds: [Function: 
linkCorrelationIds],
          getLinkedCorrelationIds: [Function: 
getLinkedCorrelationIds],
          updateCorrelationContext: [Function: 
updateCorrelationContext],
          getCorrelationStats: [Function: 
getCorrelationStats],
          clearCorrelationStore: [Function: 
clearCorrelationStore]
        },
        extractTimestamp: [Function: extractTimestamp],
        generateCorrelationId: [Function: 
generateCorrelationId],
        generateRequestCorrelationId: [Function: 
generateRequestCorrelationId],
        generateSessionCorrelationId: [Function: 
generateSessionCorrelationId],
        generateShortCorrelationId: [Function: 
generateShortCorrelationId],
        getCorrelationContext: [Function: 
getCorrelationContext],
        getCorrelationStats: [Function: 
getCorrelationStats],
        getLinkedCorrelationIds: [Function: 
getLinkedCorrelationIds],
        isValidCorrelationId: [Function: 
isValidCorrelationId],
        linkCorrelationIds: [Function: linkCorrelationIds],
        updateCorrelationContext: [Function: 
updateCorrelationContext]
      }

      at Object.log (server/testing/services/logProcessingPi
peline.service.test.js:28:17)

    console.log
      mockCorrelationIdService: {
        generateCorrelationId: [Function: 
generateCorrelationId],
        generateShortCorrelationId: [Function: 
generateShortCorrelationId],
        generateSessionCorrelationId: [Function: 
generateSessionCorrelationId],
        generateRequestCorrelationId: [Function: 
generateRequestCorrelationId],
        isValidCorrelationId: [Function: 
isValidCorrelationId],
        extractTimestamp: [Function: extractTimestamp],
        correlationMiddleware: [Function: 
correlationMiddleware],
        getCorrelationContext: [Function: 
getCorrelationContext],
        linkCorrelationIds: [Function: linkCorrelationIds],
        getLinkedCorrelationIds: [Function: 
getLinkedCorrelationIds],
        updateCorrelationContext: [Function: 
updateCorrelationContext],
        getCorrelationStats: [Function: 
getCorrelationStats],
        clearCorrelationStore: [Function: 
clearCorrelationStore]
      }

      at Object.log (server/testing/services/logProcessingPi
peline.service.test.js:30:17)

    console.log
      Importing correlationId.service.js

      at console.apply [as log] (client/hr-app/src/services/
frontendSecurityDetection.service.js:292:39)

    console.log
      correlationIdModule: [Module: null prototype] {
        clearCorrelationStore: [Function: 
clearCorrelationStore],
        correlationMiddleware: [Function: 
correlationMiddleware],
        default: {
          generateCorrelationId: [Function: 
generateCorrelationId],
          generateShortCorrelationId: [Function: 
generateShortCorrelationId],
          generateSessionCorrelationId: [Function: 
generateSessionCorrelationId],
          generateRequestCorrelationId: [Function: 
generateRequestCorrelationId],
          isValidCorrelationId: [Function: 
isValidCorrelationId],
          extractTimestamp: [Function: extractTimestamp],
          correlationMiddleware: [Function: 
correlationMiddleware],
          getCorrelationContext: [Function: 
getCorrelationContext],
          linkCorrelationIds: [Function: 
linkCorrelationIds],
          getLinkedCorrelationIds: [Function: 
getLinkedCorrelationIds],
          updateCorrelationContext: [Function: 
updateCorrelationContext],
          getCorrelationStats: [Function: 
getCorrelationStats],
          clearCorrelationStore: [Function: 
clearCorrelationStore]
        },
        extractTimestamp: [Function: extractTimestamp],
        generateCorrelationId: [Function: 
generateCorrelationId],
        generateRequestCorrelationId: [Function: 
generateRequestCorrelationId],
        generateSessionCorrelationId: [Function: 
generateSessionCorrelationId],
        generateShortCorrelationId: [Function: 
generateShortCorrelationId],
        getCorrelationContext: [Function: 
getCorrelationContext],
        getCorrelationStats: [Function: 
getCorrelationStats],
        getLinkedCorrelationIds: [Function: 
getLinkedCorrelationIds],
        isValidCorrelationId: [Function: 
isValidCorrelationId],
        linkCorrelationIds: [Function: linkCorrelationIds],
        updateCorrelationContext: [Function: 
updateCorrelationContext]
      }

      at console.apply [as log] (client/hr-app/src/services/
frontendSecurityDetection.service.js:292:39)

    console.log
      mockCorrelationIdService: {
        generateCorrelationId: [Function: 
generateCorrelationId],
        generateShortCorrelationId: [Function: 
generateShortCorrelationId],
        generateSessionCorrelationId: [Function: 
generateSessionCorrelationId],
        generateRequestCorrelationId: [Function: 
generateRequestCorrelationId],
        isValidCorrelationId: [Function: 
isValidCorrelationId],
        extractTimestamp: [Function: extractTimestamp],
        correlationMiddleware: [Function: 
correlationMiddleware],
        getCorrelationContext: [Function: 
getCorrelationContext],
        linkCorrelationIds: [Function: linkCorrelationIds],
        getLinkedCorrelationIds: [Function: 
getLinkedCorrelationIds],
        updateCorrelationContext: [Function: 
updateCorrelationContext],
        getCorrelationStats: [Function: 
getCorrelationStats],
        clearCorrelationStore: [Function: 
clearCorrelationStore]
      }

      at console.apply [as log] (client/hr-app/src/services/
frontendSecurityDetection.service.js:292:39)

    console.log
      Importing correlationId.service.js

      at console.apply [as log] (client/hr-app/src/services/
frontendSecurityDetection.service.js:292:39)

    console.log
      correlationIdModule: [Module: null prototype] {
        clearCorrelationStore: [Function: 
clearCorrelationStore],
        correlationMiddleware: [Function: 
correlationMiddleware],
        default: {
          generateCorrelationId: [Function: 
generateCorrelationId],
          generateShortCorrelationId: [Function: 
generateShortCorrelationId],
          generateSessionCorrelationId: [Function: 
generateSessionCorrelationId],
          generateRequestCorrelationId: [Function: 
generateRequestCorrelationId],
          isValidCorrelationId: [Function: 
isValidCorrelationId],
          extractTimestamp: [Function: extractTimestamp],
          correlationMiddleware: [Function: 
correlationMiddleware],
          getCorrelationContext: [Function: 
getCorrelationContext],
          linkCorrelationIds: [Function: 
linkCorrelationIds],
          getLinkedCorrelationIds: [Function: 
getLinkedCorrelationIds],
          updateCorrelationContext: [Function: 
updateCorrelationContext],
          getCorrelationStats: [Function: 
getCorrelationStats],
          clearCorrelationStore: [Function: 
clearCorrelationStore]
        },
        extractTimestamp: [Function: extractTimestamp],
        generateCorrelationId: [Function: 
generateCorrelationId],
        generateRequestCorrelationId: [Function: 
generateRequestCorrelationId],
        generateSessionCorrelationId: [Function: 
generateSessionCorrelationId],
        generateShortCorrelationId: [Function: 
generateShortCorrelationId],
        getCorrelationContext: [Function: 
getCorrelationContext],
        getCorrelationStats: [Function: 
getCorrelationStats],
        getLinkedCorrelationIds: [Function: 
getLinkedCorrelationIds],
        isValidCorrelationId: [Function: 
isValidCorrelationId],
        linkCorrelationIds: [Function: linkCorrelationIds],
        updateCorrelationContext: [Function: 
updateCorrelationContext]
      }

      at console.apply [as log] (client/hr-app/src/services/
frontendSecurityDetection.service.js:292:39)

    console.log
      mockCorrelationIdService: {
        generateCorrelationId: [Function: 
generateCorrelationId],
        generateShortCorrelationId: [Function: 
generateShortCorrelationId],
        generateSessionCorrelationId: [Function: 
generateSessionCorrelationId],
        generateRequestCorrelationId: [Function: 
generateRequestCorrelationId],
        isValidCorrelationId: [Function: 
isValidCorrelationId],
        extractTimestamp: [Function: extractTimestamp],
        correlationMiddleware: [Function: 
correlationMiddleware],
        getCorrelationContext: [Function: 
getCorrelationContext],
        linkCorrelationIds: [Function: linkCorrelationIds],
        getLinkedCorrelationIds: [Function: 
getLinkedCorrelationIds],
        updateCorrelationContext: [Function: 
updateCorrelationContext],
        getCorrelationStats: [Function: 
getCorrelationStats],
        clearCorrelationStore: [Function: 
clearCorrelationStore]
      }

      at console.apply [as log] (client/hr-app/src/services/
frontendSecurityDetection.service.js:292:39)

    console.log
      Importing correlationId.service.js

      at console.apply [as log] (client/hr-app/src/services/
frontendSecurityDetection.service.js:292:39)

    console.log
      correlationIdModule: [Module: null prototype] {
        clearCorrelationStore: [Function: 
clearCorrelationStore],
        correlationMiddleware: [Function: 
correlationMiddleware],
        default: {
          generateCorrelationId: [Function: 
generateCorrelationId],
          generateShortCorrelationId: [Function: 
generateShortCorrelationId],
          generateSessionCorrelationId: [Function: 
generateSessionCorrelationId],
          generateRequestCorrelationId: [Function: 
generateRequestCorrelationId],
          isValidCorrelationId: [Function: 
isValidCorrelationId],
          extractTimestamp: [Function: extractTimestamp],
          correlationMiddleware: [Function: 
correlationMiddleware],
          getCorrelationContext: [Function: 
getCorrelationContext],
          linkCorrelationIds: [Function: 
linkCorrelationIds],
          getLinkedCorrelationIds: [Function: 
getLinkedCorrelationIds],
          updateCorrelationContext: [Function: 
updateCorrelationContext],
          getCorrelationStats: [Function: 
getCorrelationStats],
          clearCorrelationStore: [Function: 
clearCorrelationStore]
        },
        extractTimestamp: [Function: extractTimestamp],
        generateCorrelationId: [Function: 
generateCorrelationId],
        generateRequestCorrelationId: [Function: 
generateRequestCorrelationId],
        generateSessionCorrelationId: [Function: 
generateSessionCorrelationId],
        generateShortCorrelationId: [Function: 
generateShortCorrelationId],
        getCorrelationContext: [Function: 
getCorrelationContext],
        getCorrelationStats: [Function: 
getCorrelationStats],
        getLinkedCorrelationIds: [Function: 
getLinkedCorrelationIds],
        isValidCorrelationId: [Function: 
isValidCorrelationId],
        linkCorrelationIds: [Function: linkCorrelationIds],
        updateCorrelationContext: [Function: 
updateCorrelationContext]
      }

      at console.apply [as log] (client/hr-app/src/services/
frontendSecurityDetection.service.js:292:39)

    console.log
      mockCorrelationIdService: {
        generateCorrelationId: [Function: 
generateCorrelationId],
        generateShortCorrelationId: [Function: 
generateShortCorrelationId],
        generateSessionCorrelationId: [Function: 
generateSessionCorrelationId],
        generateRequestCorrelationId: [Function: 
generateRequestCorrelationId],
        isValidCorrelationId: [Function: 
isValidCorrelationId],
        extractTimestamp: [Function: extractTimestamp],
        correlationMiddleware: [Function: 
correlationMiddleware],
        getCorrelationContext: [Function: 
getCorrelationContext],
        linkCorrelationIds: [Function: linkCorrelationIds],
        getLinkedCorrelationIds: [Function: 
getLinkedCorrelationIds],
        updateCorrelationContext: [Function: 
updateCorrelationContext],
        getCorrelationStats: [Function: 
getCorrelationStats],
        clearCorrelationStore: [Function: 
clearCorrelationStore]
      }

      at console.apply [as log] (client/hr-app/src/services/
frontendSecurityDetection.service.js:292:39)

    console.log
      Importing correlationId.service.js

      at console.apply [as log] (client/hr-app/src/services/
frontendSecurityDetection.service.js:292:39)

    console.log
      correlationIdModule: [Module: null prototype] {
        clearCorrelationStore: [Function: 
clearCorrelationStore],
        correlationMiddleware: [Function: 
correlationMiddleware],
        default: {
          generateCorrelationId: [Function: 
generateCorrelationId],
          generateShortCorrelationId: [Function: 
generateShortCorrelationId],
          generateSessionCorrelationId: [Function: 
generateSessionCorrelationId],
          generateRequestCorrelationId: [Function: 
generateRequestCorrelationId],
          isValidCorrelationId: [Function: 
isValidCorrelationId],
          extractTimestamp: [Function: extractTimestamp],
          correlationMiddleware: [Function: 
correlationMiddleware],
          getCorrelationContext: [Function: 
getCorrelationContext],
          linkCorrelationIds: [Function: 
linkCorrelationIds],
          getLinkedCorrelationIds: [Function: 
getLinkedCorrelationIds],
          updateCorrelationContext: [Function: 
updateCorrelationContext],
          getCorrelationStats: [Function: 
getCorrelationStats],
          clearCorrelationStore: [Function: 
clearCorrelationStore]
        },
        extractTimestamp: [Function: extractTimestamp],
        generateCorrelationId: [Function: 
generateCorrelationId],
        generateRequestCorrelationId: [Function: 
generateRequestCorrelationId],
        generateSessionCorrelationId: [Function: 
generateSessionCorrelationId],
        generateShortCorrelationId: [Function: 
generateShortCorrelationId],
        getCorrelationContext: [Function: 
getCorrelationContext],
        getCorrelationStats: [Function: 
getCorrelationStats],
        getLinkedCorrelationIds: [Function: 
getLinkedCorrelationIds],
        isValidCorrelationId: [Function: 
isValidCorrelationId],
        linkCorrelationIds: [Function: linkCorrelationIds],
        updateCorrelationContext: [Function: 
updateCorrelationContext]
      }

      at console.apply [as log] (client/hr-app/src/services/
frontendSecurityDetection.service.js:292:39)

    console.log
      mockCorrelationIdService: {
        generateCorrelationId: [Function: 
generateCorrelationId],
        generateShortCorrelationId: [Function: 
generateShortCorrelationId],
        generateSessionCorrelationId: [Function: 
generateSessionCorrelationId],
        generateRequestCorrelationId: [Function: 
generateRequestCorrelationId],
        isValidCorrelationId: [Function: 
isValidCorrelationId],
        extractTimestamp: [Function: extractTimestamp],
        correlationMiddleware: [Function: 
correlationMiddleware],
        getCorrelationContext: [Function: 
getCorrelationContext],
        linkCorrelationIds: [Function: linkCorrelationIds],
        getLinkedCorrelationIds: [Function: 
getLinkedCorrelationIds],
        updateCorrelationContext: [Function: 
updateCorrelationContext],
        getCorrelationStats: [Function: 
getCorrelationStats],
        clearCorrelationStore: [Function: 
clearCorrelationStore]
      }

      at console.apply [as log] (client/hr-app/src/services/
frontendSecurityDetection.service.js:292:39)

    console.log
      Importing correlationId.service.js

      at console.apply [as log] (client/hr-app/src/services/
frontendSecurityDetection.service.js:292:39)

    console.log
      correlationIdModule: [Module: null prototype] {
        clearCorrelationStore: [Function: 
clearCorrelationStore],
        correlationMiddleware: [Function: 
correlationMiddleware],
        default: {
          generateCorrelationId: [Function: 
generateCorrelationId],
          generateShortCorrelationId: [Function: 
generateShortCorrelationId],
          generateSessionCorrelationId: [Function: 
generateSessionCorrelationId],
          generateRequestCorrelationId: [Function: 
generateRequestCorrelationId],
          isValidCorrelationId: [Function: 
isValidCorrelationId],
          extractTimestamp: [Function: extractTimestamp],
          correlationMiddleware: [Function: 
correlationMiddleware],
          getCorrelationContext: [Function: 
getCorrelationContext],
          linkCorrelationIds: [Function: 
linkCorrelationIds],
          getLinkedCorrelationIds: [Function: 
getLinkedCorrelationIds],
          updateCorrelationContext: [Function: 
updateCorrelationContext],
          getCorrelationStats: [Function: 
getCorrelationStats],
          clearCorrelationStore: [Function: 
clearCorrelationStore]
        },
        extractTimestamp: [Function: extractTimestamp],
        generateCorrelationId: [Function: 
generateCorrelationId],
        generateRequestCorrelationId: [Function: 
generateRequestCorrelationId],
        generateSessionCorrelationId: [Function: 
generateSessionCorrelationId],
        generateShortCorrelationId: [Function: 
generateShortCorrelationId],
        getCorrelationContext: [Function: 
getCorrelationContext],
        getCorrelationStats: [Function: 
getCorrelationStats],
        getLinkedCorrelationIds: [Function: 
getLinkedCorrelationIds],
        isValidCorrelationId: [Function: 
isValidCorrelationId],
        linkCorrelationIds: [Function: linkCorrelationIds],
        updateCorrelationContext: [Function: 
updateCorrelationContext]
      }

      at console.apply [as log] (client/hr-app/src/services/
frontendSecurityDetection.service.js:292:39)

    console.log
      mockCorrelationIdService: {
        generateCorrelationId: [Function: 
generateCorrelationId],
        generateShortCorrelationId: [Function: 
generateShortCorrelationId],
        generateSessionCorrelationId: [Function: 
generateSessionCorrelationId],
        generateRequestCorrelationId: [Function: 
generateRequestCorrelationId],
        isValidCorrelationId: [Function: 
isValidCorrelationId],
        extractTimestamp: [Function: extractTimestamp],
        correlationMiddleware: [Function: 
correlationMiddleware],
        getCorrelationContext: [Function: 
getCorrelationContext],
        linkCorrelationIds: [Function: linkCorrelationIds],
        getLinkedCorrelationIds: [Function: 
getLinkedCorrelationIds],
        updateCorrelationContext: [Function: 
updateCorrelationContext],
        getCorrelationStats: [Function: 
getCorrelationStats],
        clearCorrelationStore: [Function: 
clearCorrelationStore]
      }

      at console.apply [as log] (client/hr-app/src/services/
frontendSecurityDetection.service.js:292:39)

    console.log
      Importing correlationId.service.js

      at console.apply [as log] (client/hr-app/src/services/
frontendSecurityDetection.service.js:292:39)

    console.log
      correlationIdModule: [Module: null prototype] {
        clearCorrelationStore: [Function: 
clearCorrelationStore],
        correlationMiddleware: [Function: 
correlationMiddleware],
        default: {
          generateCorrelationId: [Function: 
generateCorrelationId],
          generateShortCorrelationId: [Function: 
generateShortCorrelationId],
          generateSessionCorrelationId: [Function: 
generateSessionCorrelationId],
          generateRequestCorrelationId: [Function: 
generateRequestCorrelationId],
          isValidCorrelationId: [Function: 
isValidCorrelationId],
          extractTimestamp: [Function: extractTimestamp],
          correlationMiddleware: [Function: 
correlationMiddleware],
          getCorrelationContext: [Function: 
getCorrelationContext],
          linkCorrelationIds: [Function: 
linkCorrelationIds],
          getLinkedCorrelationIds: [Function: 
getLinkedCorrelationIds],
          updateCorrelationContext: [Function: 
updateCorrelationContext],
          getCorrelationStats: [Function: 
getCorrelationStats],
          clearCorrelationStore: [Function: 
clearCorrelationStore]
        },
        extractTimestamp: [Function: extractTimestamp],
        generateCorrelationId: [Function: 
generateCorrelationId],
        generateRequestCorrelationId: [Function: 
generateRequestCorrelationId],
        generateSessionCorrelationId: [Function: 
generateSessionCorrelationId],
        generateShortCorrelationId: [Function: 
generateShortCorrelationId],
        getCorrelationContext: [Function: 
getCorrelationContext],
        getCorrelationStats: [Function: 
getCorrelationStats],
        getLinkedCorrelationIds: [Function: 
getLinkedCorrelationIds],
        isValidCorrelationId: [Function: 
isValidCorrelationId],
        linkCorrelationIds: [Function: linkCorrelationIds],
        updateCorrelationContext: [Function: 
updateCorrelationContext]
      }

      at console.apply [as log] (client/hr-app/src/services/
frontendSecurityDetection.service.js:292:39)

    console.log
      mockCorrelationIdService: {
        generateCorrelationId: [Function: 
generateCorrelationId],
        generateShortCorrelationId: [Function: 
generateShortCorrelationId],
        generateSessionCorrelationId: [Function: 
generateSessionCorrelationId],
        generateRequestCorrelationId: [Function: 
generateRequestCorrelationId],
        isValidCorrelationId: [Function: 
isValidCorrelationId],
        extractTimestamp: [Function: extractTimestamp],
        correlationMiddleware: [Function: 
correlationMiddleware],
        getCorrelationContext: [Function: 
getCorrelationContext],
        linkCorrelationIds: [Function: linkCorrelationIds],
        getLinkedCorrelationIds: [Function: 
getLinkedCorrelationIds],
        updateCorrelationContext: [Function: 
updateCorrelationContext],
        getCorrelationStats: [Function: 
getCorrelationStats],
        clearCorrelationStore: [Function: 
clearCorrelationStore]
      }

      at console.apply [as log] (client/hr-app/src/services/
frontendSecurityDetection.service.js:292:39)

    console.log
      Importing correlationId.service.js

      at console.apply [as log] (client/hr-app/src/services/
frontendSecurityDetection.service.js:292:39)

    console.log
      correlationIdModule: [Module: null prototype] {
        clearCorrelationStore: [Function: 
clearCorrelationStore],
        correlationMiddleware: [Function: 
correlationMiddleware],
        default: {
          generateCorrelationId: [Function: 
generateCorrelationId],
          generateShortCorrelationId: [Function: 
generateShortCorrelationId],
          generateSessionCorrelationId: [Function: 
generateSessionCorrelationId],
          generateRequestCorrelationId: [Function: 
generateRequestCorrelationId],
          isValidCorrelationId: [Function: 
isValidCorrelationId],
          extractTimestamp: [Function: extractTimestamp],
          correlationMiddleware: [Function: 
correlationMiddleware],
          getCorrelationContext: [Function: 
getCorrelationContext],
          linkCorrelationIds: [Function: 
linkCorrelationIds],
          getLinkedCorrelationIds: [Function: 
getLinkedCorrelationIds],
          updateCorrelationContext: [Function: 
updateCorrelationContext],
          getCorrelationStats: [Function: 
getCorrelationStats],
          clearCorrelationStore: [Function: 
clearCorrelationStore]
        },
        extractTimestamp: [Function: extractTimestamp],
        generateCorrelationId: [Function: 
generateCorrelationId],
        generateRequestCorrelationId: [Function: 
generateRequestCorrelationId],
        generateSessionCorrelationId: [Function: 
generateSessionCorrelationId],
        generateShortCorrelationId: [Function: 
generateShortCorrelationId],
        getCorrelationContext: [Function: 
getCorrelationContext],
        getCorrelationStats: [Function: 
getCorrelationStats],
        getLinkedCorrelationIds: [Function: 
getLinkedCorrelationIds],
        isValidCorrelationId: [Function: 
isValidCorrelationId],
        linkCorrelationIds: [Function: linkCorrelationIds],
        updateCorrelationContext: [Function: 
updateCorrelationContext]
      }

      at console.apply [as log] (client/hr-app/src/services/
frontendSecurityDetection.service.js:292:39)

    console.log
      mockCorrelationIdService: {
        generateCorrelationId: [Function: 
generateCorrelationId],
        generateShortCorrelationId: [Function: 
generateShortCorrelationId],
        generateSessionCorrelationId: [Function: 
generateSessionCorrelationId],
        generateRequestCorrelationId: [Function: 
generateRequestCorrelationId],
        isValidCorrelationId: [Function: 
isValidCorrelationId],
        extractTimestamp: [Function: extractTimestamp],
        correlationMiddleware: [Function: 
correlationMiddleware],
        getCorrelationContext: [Function: 
getCorrelationContext],
        linkCorrelationIds: [Function: linkCorrelationIds],
        getLinkedCorrelationIds: [Function: 
getLinkedCorrelationIds],
        updateCorrelationContext: [Function: 
updateCorrelationContext],
        getCorrelationStats: [Function: 
getCorrelationStats],
        clearCorrelationStore: [Function: 
clearCorrelationStore]
      }

      at console.apply [as log] (client/hr-app/src/services/
frontendSecurityDetection.service.js:292:39)

    console.log
      Importing correlationId.service.js

      at console.apply [as log] (client/hr-app/src/services/
frontendSecurityDetection.service.js:292:39)

    console.log
      correlationIdModule: [Module: null prototype] {
        clearCorrelationStore: [Function: 
clearCorrelationStore],
        correlationMiddleware: [Function: 
correlationMiddleware],
        default: {
          generateCorrelationId: [Function: 
generateCorrelationId],
          generateShortCorrelationId: [Function: 
generateShortCorrelationId],
          generateSessionCorrelationId: [Function: 
generateSessionCorrelationId],
          generateRequestCorrelationId: [Function: 
generateRequestCorrelationId],
          isValidCorrelationId: [Function: 
isValidCorrelationId],
          extractTimestamp: [Function: extractTimestamp],
          correlationMiddleware: [Function: 
correlationMiddleware],
          getCorrelationContext: [Function: 
getCorrelationContext],
          linkCorrelationIds: [Function: 
linkCorrelationIds],
          getLinkedCorrelationIds: [Function: 
getLinkedCorrelationIds],
          updateCorrelationContext: [Function: 
updateCorrelationContext],
          getCorrelationStats: [Function: 
getCorrelationStats],
          clearCorrelationStore: [Function: 
clearCorrelationStore]
        },
        extractTimestamp: [Function: extractTimestamp],
        generateCorrelationId: [Function: 
generateCorrelationId],
        generateRequestCorrelationId: [Function: 
generateRequestCorrelationId],
        generateSessionCorrelationId: [Function: 
generateSessionCorrelationId],
        generateShortCorrelationId: [Function: 
generateShortCorrelationId],
        getCorrelationContext: [Function: 
getCorrelationContext],
        getCorrelationStats: [Function: 
getCorrelationStats],
        getLinkedCorrelationIds: [Function: 
getLinkedCorrelationIds],
        isValidCorrelationId: [Function: 
isValidCorrelationId],
        linkCorrelationIds: [Function: linkCorrelationIds],
        updateCorrelationContext: [Function: 
updateCorrelationContext]
      }

      at console.apply [as log] (client/hr-app/src/services/
frontendSecurityDetection.service.js:292:39)

    console.log
      mockCorrelationIdService: {
        generateCorrelationId: [Function: 
generateCorrelationId],
        generateShortCorrelationId: [Function: 
generateShortCorrelationId],
        generateSessionCorrelationId: [Function: 
generateSessionCorrelationId],
        generateRequestCorrelationId: [Function: 
generateRequestCorrelationId],
        isValidCorrelationId: [Function: 
isValidCorrelationId],
        extractTimestamp: [Function: extractTimestamp],
        correlationMiddleware: [Function: 
correlationMiddleware],
        getCorrelationContext: [Function: 
getCorrelationContext],
        linkCorrelationIds: [Function: linkCorrelationIds],
        getLinkedCorrelationIds: [Function: 
getLinkedCorrelationIds],
        updateCorrelationContext: [Function: 
updateCorrelationContext],
        getCorrelationStats: [Function: 
getCorrelationStats],
        clearCorrelationStore: [Function: 
clearCorrelationStore]
      }

      at console.apply [as log] (client/hr-app/src/services/
frontendSecurityDetection.service.js:292:39)

    console.log
      Importing correlationId.service.js

      at console.apply [as log] (client/hr-app/src/services/
frontendSecurityDetection.service.js:292:39)

    console.log
      correlationIdModule: [Module: null prototype] {
        clearCorrelationStore: [Function: 
clearCorrelationStore],
        correlationMiddleware: [Function: 
correlationMiddleware],
        default: {
          generateCorrelationId: [Function: 
generateCorrelationId],
          generateShortCorrelationId: [Function: 
generateShortCorrelationId],
          generateSessionCorrelationId: [Function: 
generateSessionCorrelationId],
          generateRequestCorrelationId: [Function: 
generateRequestCorrelationId],
          isValidCorrelationId: [Function: 
isValidCorrelationId],
          extractTimestamp: [Function: extractTimestamp],
          correlationMiddleware: [Function: 
correlationMiddleware],
          getCorrelationContext: [Function: 
getCorrelationContext],
          linkCorrelationIds: [Function: 
linkCorrelationIds],
          getLinkedCorrelationIds: [Function: 
getLinkedCorrelationIds],
          updateCorrelationContext: [Function: 
updateCorrelationContext],
          getCorrelationStats: [Function: 
getCorrelationStats],
          clearCorrelationStore: [Function: 
clearCorrelationStore]
        },
        extractTimestamp: [Function: extractTimestamp],
        generateCorrelationId: [Function: 
generateCorrelationId],
        generateRequestCorrelationId: [Function: 
generateRequestCorrelationId],
        generateSessionCorrelationId: [Function: 
generateSessionCorrelationId],
        generateShortCorrelationId: [Function: 
generateShortCorrelationId],
        getCorrelationContext: [Function: 
getCorrelationContext],
        getCorrelationStats: [Function: 
getCorrelationStats],
        getLinkedCorrelationIds: [Function: 
getLinkedCorrelationIds],
        isValidCorrelationId: [Function: 
isValidCorrelationId],
        linkCorrelationIds: [Function: linkCorrelationIds],
        updateCorrelationContext: [Function: 
updateCorrelationContext]
      }

      at console.apply [as log] (client/hr-app/src/services/
frontendSecurityDetection.service.js:292:39)

    console.log
      mockCorrelationIdService: {
        generateCorrelationId: [Function: 
generateCorrelationId],
        generateShortCorrelationId: [Function: 
generateShortCorrelationId],
        generateSessionCorrelationId: [Function: 
generateSessionCorrelationId],
        generateRequestCorrelationId: [Function: 
generateRequestCorrelationId],
        isValidCorrelationId: [Function: 
isValidCorrelationId],
        extractTimestamp: [Function: extractTimestamp],
        correlationMiddleware: [Function: 
correlationMiddleware],
        getCorrelationContext: [Function: 
getCorrelationContext],
        linkCorrelationIds: [Function: linkCorrelationIds],
        getLinkedCorrelationIds: [Function: 
getLinkedCorrelationIds],
        updateCorrelationContext: [Function: 
updateCorrelationContext],
        getCorrelationStats: [Function: 
getCorrelationStats],
        clearCorrelationStore: [Function: 
clearCorrelationStore]
      }

      at console.apply [as log] (client/hr-app/src/services/
frontendSecurityDetection.service.js:292:39)

    console.log
      Importing correlationId.service.js

      at console.apply [as log] (client/hr-app/src/services/
frontendSecurityDetection.service.js:292:39)

    console.log
      correlationIdModule: [Module: null prototype] {
        clearCorrelationStore: [Function: 
clearCorrelationStore],
        correlationMiddleware: [Function: 
correlationMiddleware],
        default: {
          generateCorrelationId: [Function: 
generateCorrelationId],
          generateShortCorrelationId: [Function: 
generateShortCorrelationId],
          generateSessionCorrelationId: [Function: 
generateSessionCorrelationId],
          generateRequestCorrelationId: [Function: 
generateRequestCorrelationId],
          isValidCorrelationId: [Function: 
isValidCorrelationId],
          extractTimestamp: [Function: extractTimestamp],
          correlationMiddleware: [Function: 
correlationMiddleware],
          getCorrelationContext: [Function: 
getCorrelationContext],
          linkCorrelationIds: [Function: 
linkCorrelationIds],
          getLinkedCorrelationIds: [Function: 
getLinkedCorrelationIds],
          updateCorrelationContext: [Function: 
updateCorrelationContext],
          getCorrelationStats: [Function: 
getCorrelationStats],
          clearCorrelationStore: [Function: 
clearCorrelationStore]
        },
        extractTimestamp: [Function: extractTimestamp],
        generateCorrelationId: [Function: 
generateCorrelationId],
        generateRequestCorrelationId: [Function: 
generateRequestCorrelationId],
        generateSessionCorrelationId: [Function: 
generateSessionCorrelationId],
        generateShortCorrelationId: [Function: 
generateShortCorrelationId],
        getCorrelationContext: [Function: 
getCorrelationContext],
        getCorrelationStats: [Function: 
getCorrelationStats],
        getLinkedCorrelationIds: [Function: 
getLinkedCorrelationIds],
        isValidCorrelationId: [Function: 
isValidCorrelationId],
        linkCorrelationIds: [Function: linkCorrelationIds],
        updateCorrelationContext: [Function: 
updateCorrelationContext]
      }

      at console.apply [as log] (client/hr-app/src/services/
frontendSecurityDetection.service.js:292:39)

    console.log
      mockCorrelationIdService: {
        generateCorrelationId: [Function: 
generateCorrelationId],
        generateShortCorrelationId: [Function: 
generateShortCorrelationId],
        generateSessionCorrelationId: [Function: 
generateSessionCorrelationId],
        generateRequestCorrelationId: [Function: 
generateRequestCorrelationId],
        isValidCorrelationId: [Function: 
isValidCorrelationId],
        extractTimestamp: [Function: extractTimestamp],
        correlationMiddleware: [Function: 
correlationMiddleware],
        getCorrelationContext: [Function: 
getCorrelationContext],
        linkCorrelationIds: [Function: linkCorrelationIds],
        getLinkedCorrelationIds: [Function: 
getLinkedCorrelationIds],
        updateCorrelationContext: [Function: 
updateCorrelationContext],
        getCorrelationStats: [Function: 
getCorrelationStats],
        clearCorrelationStore: [Function: 
clearCorrelationStore]
      }

      at console.apply [as log] (client/hr-app/src/services/
frontendSecurityDetection.service.js:292:39)

    console.log
      Importing correlationId.service.js

      at console.apply [as log] (client/hr-app/src/services/
frontendSecurityDetection.service.js:292:39)

    console.log
      correlationIdModule: [Module: null prototype] {
        clearCorrelationStore: [Function: 
clearCorrelationStore],
        correlationMiddleware: [Function: 
correlationMiddleware],
        default: {
          generateCorrelationId: [Function: 
generateCorrelationId],
          generateShortCorrelationId: [Function: 
generateShortCorrelationId],
          generateSessionCorrelationId: [Function: 
generateSessionCorrelationId],
          generateRequestCorrelationId: [Function: 
generateRequestCorrelationId],
          isValidCorrelationId: [Function: 
isValidCorrelationId],
          extractTimestamp: [Function: extractTimestamp],
          correlationMiddleware: [Function: 
correlationMiddleware],
          getCorrelationContext: [Function: 
getCorrelationContext],
          linkCorrelationIds: [Function: 
linkCorrelationIds],
          getLinkedCorrelationIds: [Function: 
getLinkedCorrelationIds],
          updateCorrelationContext: [Function: 
updateCorrelationContext],
          getCorrelationStats: [Function: 
getCorrelationStats],
          clearCorrelationStore: [Function: 
clearCorrelationStore]
        },
        extractTimestamp: [Function: extractTimestamp],
        generateCorrelationId: [Function: 
generateCorrelationId],
        generateRequestCorrelationId: [Function: 
generateRequestCorrelationId],
        generateSessionCorrelationId: [Function: 
generateSessionCorrelationId],
        generateShortCorrelationId: [Function: 
generateShortCorrelationId],
        getCorrelationContext: [Function: 
getCorrelationContext],
        getCorrelationStats: [Function: 
getCorrelationStats],
        getLinkedCorrelationIds: [Function: 
getLinkedCorrelationIds],
        isValidCorrelationId: [Function: 
isValidCorrelationId],
        linkCorrelationIds: [Function: linkCorrelationIds],
        updateCorrelationContext: [Function: 
updateCorrelationContext]
      }

      at console.apply [as log] (client/hr-app/src/services/
frontendSecurityDetection.service.js:292:39)

    console.log
      mockCorrelationIdService: {
        generateCorrelationId: [Function: 
generateCorrelationId],
        generateShortCorrelationId: [Function: 
generateShortCorrelationId],
        generateSessionCorrelationId: [Function: 
generateSessionCorrelationId],
        generateRequestCorrelationId: [Function: 
generateRequestCorrelationId],
        isValidCorrelationId: [Function: 
isValidCorrelationId],
        extractTimestamp: [Function: extractTimestamp],
        correlationMiddleware: [Function: 
correlationMiddleware],
        getCorrelationContext: [Function: 
getCorrelationContext],
        linkCorrelationIds: [Function: linkCorrelationIds],
        getLinkedCorrelationIds: [Function: 
getLinkedCorrelationIds],
        updateCorrelationContext: [Function: 
updateCorrelationContext],
        getCorrelationStats: [Function: 
getCorrelationStats],
        clearCorrelationStore: [Function: 
clearCorrelationStore]
      }

      at console.apply [as log] (client/hr-app/src/services/
frontendSecurityDetection.service.js:292:39)

    console.log
      Importing correlationId.service.js

      at console.apply [as log] (client/hr-app/src/services/
frontendSecurityDetection.service.js:292:39)

    console.log
      correlationIdModule: [Module: null prototype] {
        clearCorrelationStore: [Function: 
clearCorrelationStore],
        correlationMiddleware: [Function: 
correlationMiddleware],
        default: {
          generateCorrelationId: [Function: 
generateCorrelationId],
          generateShortCorrelationId: [Function: 
generateShortCorrelationId],
          generateSessionCorrelationId: [Function: 
generateSessionCorrelationId],
          generateRequestCorrelationId: [Function: 
generateRequestCorrelationId],
          isValidCorrelationId: [Function: 
isValidCorrelationId],
          extractTimestamp: [Function: extractTimestamp],
          correlationMiddleware: [Function: 
correlationMiddleware],
          getCorrelationContext: [Function: 
getCorrelationContext],
          linkCorrelationIds: [Function: 
linkCorrelationIds],
          getLinkedCorrelationIds: [Function: 
getLinkedCorrelationIds],
          updateCorrelationContext: [Function: 
updateCorrelationContext],
          getCorrelationStats: [Function: 
getCorrelationStats],
          clearCorrelationStore: [Function: 
clearCorrelationStore]
        },
        extractTimestamp: [Function: extractTimestamp],
        generateCorrelationId: [Function: 
generateCorrelationId],
        generateRequestCorrelationId: [Function: 
generateRequestCorrelationId],
        generateSessionCorrelationId: [Function: 
generateSessionCorrelationId],
        generateShortCorrelationId: [Function: 
generateShortCorrelationId],
        getCorrelationContext: [Function: 
getCorrelationContext],
        getCorrelationStats: [Function: 
getCorrelationStats],
        getLinkedCorrelationIds: [Function: 
getLinkedCorrelationIds],
        isValidCorrelationId: [Function: 
isValidCorrelationId],
        linkCorrelationIds: [Function: linkCorrelationIds],
        updateCorrelationContext: [Function: 
updateCorrelationContext]
      }

      at console.apply [as log] (client/hr-app/src/services/
frontendSecurityDetection.service.js:292:39)

    console.log
      mockCorrelationIdService: {
        generateCorrelationId: [Function: 
generateCorrelationId],
        generateShortCorrelationId: [Function: 
generateShortCorrelationId],
        generateSessionCorrelationId: [Function: 
generateSessionCorrelationId],
        generateRequestCorrelationId: [Function: 
generateRequestCorrelationId],
        isValidCorrelationId: [Function: 
isValidCorrelationId],
        extractTimestamp: [Function: extractTimestamp],
        correlationMiddleware: [Function: 
correlationMiddleware],
        getCorrelationContext: [Function: 
getCorrelationContext],
        linkCorrelationIds: [Function: linkCorrelationIds],
        getLinkedCorrelationIds: [Function: 
getLinkedCorrelationIds],
        updateCorrelationContext: [Function: 
updateCorrelationContext],
        getCorrelationStats: [Function: 
getCorrelationStats],
        clearCorrelationStore: [Function: 
clearCorrelationStore]
      }

      at console.apply [as log] (client/hr-app/src/services/
frontendSecurityDetection.service.js:292:39)

    console.log
      Importing correlationId.service.js

      at console.apply [as log] (client/hr-app/src/services/
frontendSecurityDetection.service.js:292:39)

    console.log
      correlationIdModule: [Module: null prototype] {
        clearCorrelationStore: [Function: 
clearCorrelationStore],
        correlationMiddleware: [Function: 
correlationMiddleware],
        default: {
          generateCorrelationId: [Function: 
generateCorrelationId],
          generateShortCorrelationId: [Function: 
generateShortCorrelationId],
          generateSessionCorrelationId: [Function: 
generateSessionCorrelationId],
          generateRequestCorrelationId: [Function: 
generateRequestCorrelationId],
          isValidCorrelationId: [Function: 
isValidCorrelationId],
          extractTimestamp: [Function: extractTimestamp],
          correlationMiddleware: [Function: 
correlationMiddleware],
          getCorrelationContext: [Function: 
getCorrelationContext],
          linkCorrelationIds: [Function: 
linkCorrelationIds],
          getLinkedCorrelationIds: [Function: 
getLinkedCorrelationIds],
          updateCorrelationContext: [Function: 
updateCorrelationContext],
          getCorrelationStats: [Function: 
getCorrelationStats],
          clearCorrelationStore: [Function: 
clearCorrelationStore]
        },
        extractTimestamp: [Function: extractTimestamp],
        generateCorrelationId: [Function: 
generateCorrelationId],
        generateRequestCorrelationId: [Function: 
generateRequestCorrelationId],
        generateSessionCorrelationId: [Function: 
generateSessionCorrelationId],
        generateShortCorrelationId: [Function: 
generateShortCorrelationId],
        getCorrelationContext: [Function: 
getCorrelationContext],
        getCorrelationStats: [Function: 
getCorrelationStats],
        getLinkedCorrelationIds: [Function: 
getLinkedCorrelationIds],
        isValidCorrelationId: [Function: 
isValidCorrelationId],
        linkCorrelationIds: [Function: linkCorrelationIds],
        updateCorrelationContext: [Function: 
updateCorrelationContext]
      }

      at console.apply [as log] (client/hr-app/src/services/
frontendSecurityDetection.service.js:292:39)

    console.log
      mockCorrelationIdService: {
        generateCorrelationId: [Function: 
generateCorrelationId],
        generateShortCorrelationId: [Function: 
generateShortCorrelationId],
        generateSessionCorrelationId: [Function: 
generateSessionCorrelationId],
        generateRequestCorrelationId: [Function: 
generateRequestCorrelationId],
        isValidCorrelationId: [Function: 
isValidCorrelationId],
        extractTimestamp: [Function: extractTimestamp],
        correlationMiddleware: [Function: 
correlationMiddleware],
        getCorrelationContext: [Function: 
getCorrelationContext],
        linkCorrelationIds: [Function: linkCorrelationIds],
        getLinkedCorrelationIds: [Function: 
getLinkedCorrelationIds],
        updateCorrelationContext: [Function: 
updateCorrelationContext],
        getCorrelationStats: [Function: 
getCorrelationStats],
        clearCorrelationStore: [Function: 
clearCorrelationStore]
      }

      at console.apply [as log] (client/hr-app/src/services/
frontendSecurityDetection.service.js:292:39)

    console.log
      Importing correlationId.service.js

      at console.apply [as log] (client/hr-app/src/services/
frontendSecurityDetection.service.js:292:39)

    console.log
      correlationIdModule: [Module: null prototype] {
        clearCorrelationStore: [Function: 
clearCorrelationStore],
        correlationMiddleware: [Function: 
correlationMiddleware],
        default: {
          generateCorrelationId: [Function: 
generateCorrelationId],
          generateShortCorrelationId: [Function: 
generateShortCorrelationId],
          generateSessionCorrelationId: [Function: 
generateSessionCorrelationId],
          generateRequestCorrelationId: [Function: 
generateRequestCorrelationId],
          isValidCorrelationId: [Function: 
isValidCorrelationId],
          extractTimestamp: [Function: extractTimestamp],
          correlationMiddleware: [Function: 
correlationMiddleware],
          getCorrelationContext: [Function: 
getCorrelationContext],
          linkCorrelationIds: [Function: 
linkCorrelationIds],
          getLinkedCorrelationIds: [Function: 
getLinkedCorrelationIds],
          updateCorrelationContext: [Function: 
updateCorrelationContext],
          getCorrelationStats: [Function: 
getCorrelationStats],
          clearCorrelationStore: [Function: 
clearCorrelationStore]
        },
        extractTimestamp: [Function: extractTimestamp],
        generateCorrelationId: [Function: 
generateCorrelationId],
        generateRequestCorrelationId: [Function: 
generateRequestCorrelationId],
        generateSessionCorrelationId: [Function: 
generateSessionCorrelationId],
        generateShortCorrelationId: [Function: 
generateShortCorrelationId],
        getCorrelationContext: [Function: 
getCorrelationContext],
        getCorrelationStats: [Function: 
getCorrelationStats],
        getLinkedCorrelationIds: [Function: 
getLinkedCorrelationIds],
        isValidCorrelationId: [Function: 
isValidCorrelationId],
        linkCorrelationIds: [Function: linkCorrelationIds],
        updateCorrelationContext: [Function: 
updateCorrelationContext]
      }

      at console.apply [as log] (client/hr-app/src/services/
frontendSecurityDetection.service.js:292:39)

    console.log
      mockCorrelationIdService: {
        generateCorrelationId: [Function: 
generateCorrelationId],
        generateShortCorrelationId: [Function: 
generateShortCorrelationId],
        generateSessionCorrelationId: [Function: 
generateSessionCorrelationId],
        generateRequestCorrelationId: [Function: 
generateRequestCorrelationId],
        isValidCorrelationId: [Function: 
isValidCorrelationId],
        extractTimestamp: [Function: extractTimestamp],
        correlationMiddleware: [Function: 
correlationMiddleware],
        getCorrelationContext: [Function: 
getCorrelationContext],
        linkCorrelationIds: [Function: linkCorrelationIds],
        getLinkedCorrelationIds: [Function: 
getLinkedCorrelationIds],
        updateCorrelationContext: [Function: 
updateCorrelationContext],
        getCorrelationStats: [Function: 
getCorrelationStats],
        clearCorrelationStore: [Function: 
clearCorrelationStore]
      }

      at console.apply [as log] (client/hr-app/src/services/
frontendSecurityDetection.service.js:292:39)

    console.log
      Importing correlationId.service.js

      at console.apply [as log] (client/hr-app/src/services/
frontendSecurityDetection.service.js:292:39)

    console.log
      correlationIdModule: [Module: null prototype] {
        clearCorrelationStore: [Function: 
clearCorrelationStore],
        correlationMiddleware: [Function: 
correlationMiddleware],
        default: {
          generateCorrelationId: [Function: 
generateCorrelationId],
          generateShortCorrelationId: [Function: 
generateShortCorrelationId],
          generateSessionCorrelationId: [Function: 
generateSessionCorrelationId],
          generateRequestCorrelationId: [Function: 
generateRequestCorrelationId],
          isValidCorrelationId: [Function: 
isValidCorrelationId],
          extractTimestamp: [Function: extractTimestamp],
          correlationMiddleware: [Function: 
correlationMiddleware],
          getCorrelationContext: [Function: 
getCorrelationContext],
          linkCorrelationIds: [Function: 
linkCorrelationIds],
          getLinkedCorrelationIds: [Function: 
getLinkedCorrelationIds],
          updateCorrelationContext: [Function: 
updateCorrelationContext],
          getCorrelationStats: [Function: 
getCorrelationStats],
          clearCorrelationStore: [Function: 
clearCorrelationStore]
        },
        extractTimestamp: [Function: extractTimestamp],
        generateCorrelationId: [Function: 
generateCorrelationId],
        generateRequestCorrelationId: [Function: 
generateRequestCorrelationId],
        generateSessionCorrelationId: [Function: 
generateSessionCorrelationId],
        generateShortCorrelationId: [Function: 
generateShortCorrelationId],
        getCorrelationContext: [Function: 
getCorrelationContext],
        getCorrelationStats: [Function: 
getCorrelationStats],
        getLinkedCorrelationIds: [Function: 
getLinkedCorrelationIds],
        isValidCorrelationId: [Function: 
isValidCorrelationId],
        linkCorrelationIds: [Function: linkCorrelationIds],
        updateCorrelationContext: [Function: 
updateCorrelationContext]
      }

      at console.apply [as log] (client/hr-app/src/services/
frontendSecurityDetection.service.js:292:39)

    console.log
      mockCorrelationIdService: {
        generateCorrelationId: [Function: 
generateCorrelationId],
        generateShortCorrelationId: [Function: 
generateShortCorrelationId],
        generateSessionCorrelationId: [Function: 
generateSessionCorrelationId],
        generateRequestCorrelationId: [Function: 
generateRequestCorrelationId],
        isValidCorrelationId: [Function: 
isValidCorrelationId],
        extractTimestamp: [Function: extractTimestamp],
        correlationMiddleware: [Function: 
correlationMiddleware],
        getCorrelationContext: [Function: 
getCorrelationContext],
        linkCorrelationIds: [Function: linkCorrelationIds],
        getLinkedCorrelationIds: [Function: 
getLinkedCorrelationIds],
        updateCorrelationContext: [Function: 
updateCorrelationContext],
        getCorrelationStats: [Function: 
getCorrelationStats],
        clearCorrelationStore: [Function: 
clearCorrelationStore]
      }

      at console.apply [as log] (client/hr-app/src/services/
frontendSecurityDetection.service.js:292:39)

    console.log
      Importing correlationId.service.js

      at console.apply [as log] (client/hr-app/src/services/
frontendSecurityDetection.service.js:292:39)

    console.log
      correlationIdModule: [Module: null prototype] {
        clearCorrelationStore: [Function: 
clearCorrelationStore],
        correlationMiddleware: [Function: 
correlationMiddleware],
        default: {
          generateCorrelationId: [Function: 
generateCorrelationId],
          generateShortCorrelationId: [Function: 
generateShortCorrelationId],
          generateSessionCorrelationId: [Function: 
generateSessionCorrelationId],
          generateRequestCorrelationId: [Function: 
generateRequestCorrelationId],
          isValidCorrelationId: [Function: 
isValidCorrelationId],
          extractTimestamp: [Function: extractTimestamp],
          correlationMiddleware: [Function: 
correlationMiddleware],
          getCorrelationContext: [Function: 
getCorrelationContext],
          linkCorrelationIds: [Function: 
linkCorrelationIds],
          getLinkedCorrelationIds: [Function: 
getLinkedCorrelationIds],
          updateCorrelationContext: [Function: 
updateCorrelationContext],
          getCorrelationStats: [Function: 
getCorrelationStats],
          clearCorrelationStore: [Function: 
clearCorrelationStore]
        },
        extractTimestamp: [Function: extractTimestamp],
        generateCorrelationId: [Function: 
generateCorrelationId],
        generateRequestCorrelationId: [Function: 
generateRequestCorrelationId],
        generateSessionCorrelationId: [Function: 
generateSessionCorrelationId],
        generateShortCorrelationId: [Function: 
generateShortCorrelationId],
        getCorrelationContext: [Function: 
getCorrelationContext],
        getCorrelationStats: [Function: 
getCorrelationStats],
        getLinkedCorrelationIds: [Function: 
getLinkedCorrelationIds],
        isValidCorrelationId: [Function: 
isValidCorrelationId],
        linkCorrelationIds: [Function: linkCorrelationIds],
        updateCorrelationContext: [Function: 
updateCorrelationContext]
      }

      at console.apply [as log] (client/hr-app/src/services/
frontendSecurityDetection.service.js:292:39)

    console.log
      mockCorrelationIdService: {
        generateCorrelationId: [Function: 
generateCorrelationId],
        generateShortCorrelationId: [Function: 
generateShortCorrelationId],
        generateSessionCorrelationId: [Function: 
generateSessionCorrelationId],
        generateRequestCorrelationId: [Function: 
generateRequestCorrelationId],
        isValidCorrelationId: [Function: 
isValidCorrelationId],
        extractTimestamp: [Function: extractTimestamp],
        correlationMiddleware: [Function: 
correlationMiddleware],
        getCorrelationContext: [Function: 
getCorrelationContext],
        linkCorrelationIds: [Function: linkCorrelationIds],
        getLinkedCorrelationIds: [Function: 
getLinkedCorrelationIds],
        updateCorrelationContext: [Function: 
updateCorrelationContext],
        getCorrelationStats: [Function: 
getCorrelationStats],
        clearCorrelationStore: [Function: 
clearCorrelationStore]
      }

      at console.apply [as log] (client/hr-app/src/services/
frontendSecurityDetection.service.js:292:39)

    console.log
      Importing correlationId.service.js

      at console.apply [as log] (client/hr-app/src/services/
frontendSecurityDetection.service.js:292:39)

    console.log
      correlationIdModule: [Module: null prototype] {
        clearCorrelationStore: [Function: 
clearCorrelationStore],
        correlationMiddleware: [Function: 
correlationMiddleware],
        default: {
          generateCorrelationId: [Function: 
generateCorrelationId],
          generateShortCorrelationId: [Function: 
generateShortCorrelationId],
          generateSessionCorrelationId: [Function: 
generateSessionCorrelationId],
          generateRequestCorrelationId: [Function: 
generateRequestCorrelationId],
          isValidCorrelationId: [Function: 
isValidCorrelationId],
          extractTimestamp: [Function: extractTimestamp],
          correlationMiddleware: [Function: 
correlationMiddleware],
          getCorrelationContext: [Function: 
getCorrelationContext],
          linkCorrelationIds: [Function: 
linkCorrelationIds],
          getLinkedCorrelationIds: [Function: 
getLinkedCorrelationIds],
          updateCorrelationContext: [Function: 
updateCorrelationContext],
          getCorrelationStats: [Function: 
getCorrelationStats],
          clearCorrelationStore: [Function: 
clearCorrelationStore]
        },
        extractTimestamp: [Function: extractTimestamp],
        generateCorrelationId: [Function: 
generateCorrelationId],
        generateRequestCorrelationId: [Function: 
generateRequestCorrelationId],
        generateSessionCorrelationId: [Function: 
generateSessionCorrelationId],
        generateShortCorrelationId: [Function: 
generateShortCorrelationId],
        getCorrelationContext: [Function: 
getCorrelationContext],
        getCorrelationStats: [Function: 
getCorrelationStats],
        getLinkedCorrelationIds: [Function: 
getLinkedCorrelationIds],
        isValidCorrelationId: [Function: 
isValidCorrelationId],
        linkCorrelationIds: [Function: linkCorrelationIds],
        updateCorrelationContext: [Function: 
updateCorrelationContext]
      }

      at console.apply [as log] (client/hr-app/src/services/
frontendSecurityDetection.service.js:292:39)

    console.log
      mockCorrelationIdService: {
        generateCorrelationId: [Function: 
generateCorrelationId],
        generateShortCorrelationId: [Function: 
generateShortCorrelationId],
        generateSessionCorrelationId: [Function: 
generateSessionCorrelationId],
        generateRequestCorrelationId: [Function: 
generateRequestCorrelationId],
        isValidCorrelationId: [Function: 
isValidCorrelationId],
        extractTimestamp: [Function: extractTimestamp],
        correlationMiddleware: [Function: 
correlationMiddleware],
        getCorrelationContext: [Function: 
getCorrelationContext],
        linkCorrelationIds: [Function: linkCorrelationIds],
        getLinkedCorrelationIds: [Function: 
getLinkedCorrelationIds],
        updateCorrelationContext: [Function: 
updateCorrelationContext],
        getCorrelationStats: [Function: 
getCorrelationStats],
        clearCorrelationStore: [Function: 
clearCorrelationStore]
      }

      at console.apply [as log] (client/hr-app/src/services/
frontendSecurityDetection.service.js:292:39)

    console.log
      Importing correlationId.service.js

      at console.apply [as log] (client/hr-app/src/services/
frontendSecurityDetection.service.js:292:39)

    console.log
      correlationIdModule: [Module: null prototype] {
        clearCorrelationStore: [Function: 
clearCorrelationStore],
        correlationMiddleware: [Function: 
correlationMiddleware],
        default: {
          generateCorrelationId: [Function: 
generateCorrelationId],
          generateShortCorrelationId: [Function: 
generateShortCorrelationId],
          generateSessionCorrelationId: [Function: 
generateSessionCorrelationId],
          generateRequestCorrelationId: [Function: 
generateRequestCorrelationId],
          isValidCorrelationId: [Function: 
isValidCorrelationId],
          extractTimestamp: [Function: extractTimestamp],
          correlationMiddleware: [Function: 
correlationMiddleware],
          getCorrelationContext: [Function: 
getCorrelationContext],
          linkCorrelationIds: [Function: 
linkCorrelationIds],
          getLinkedCorrelationIds: [Function: 
getLinkedCorrelationIds],
          updateCorrelationContext: [Function: 
updateCorrelationContext],
          getCorrelationStats: [Function: 
getCorrelationStats],
          clearCorrelationStore: [Function: 
clearCorrelationStore]
        },
        extractTimestamp: [Function: extractTimestamp],
        generateCorrelationId: [Function: 
generateCorrelationId],
        generateRequestCorrelationId: [Function: 
generateRequestCorrelationId],
        generateSessionCorrelationId: [Function: 
generateSessionCorrelationId],
        generateShortCorrelationId: [Function: 
generateShortCorrelationId],
        getCorrelationContext: [Function: 
getCorrelationContext],
        getCorrelationStats: [Function: 
getCorrelationStats],
        getLinkedCorrelationIds: [Function: 
getLinkedCorrelationIds],
        isValidCorrelationId: [Function: 
isValidCorrelationId],
        linkCorrelationIds: [Function: linkCorrelationIds],
        updateCorrelationContext: [Function: 
updateCorrelationContext]
      }

      at console.apply [as log] (client/hr-app/src/services/
frontendSecurityDetection.service.js:292:39)

    console.log
      mockCorrelationIdService: {
        generateCorrelationId: [Function: 
generateCorrelationId],
        generateShortCorrelationId: [Function: 
generateShortCorrelationId],
        generateSessionCorrelationId: [Function: 
generateSessionCorrelationId],
        generateRequestCorrelationId: [Function: 
generateRequestCorrelationId],
        isValidCorrelationId: [Function: 
isValidCorrelationId],
        extractTimestamp: [Function: extractTimestamp],
        correlationMiddleware: [Function: 
correlationMiddleware],
        getCorrelationContext: [Function: 
getCorrelationContext],
        linkCorrelationIds: [Function: linkCorrelationIds],
        getLinkedCorrelationIds: [Function: 
getLinkedCorrelationIds],
        updateCorrelationContext: [Function: 
updateCorrelationContext],
        getCorrelationStats: [Function: 
getCorrelationStats],
        clearCorrelationStore: [Function: 
clearCorrelationStore]
      }

      at console.apply [as log] (client/hr-app/src/services/
frontendSecurityDetection.service.js:292:39)

    console.log
      Importing correlationId.service.js

      at console.apply [as log] (client/hr-app/src/services/
frontendSecurityDetection.service.js:292:39)

    console.log
      correlationIdModule: [Module: null prototype] {
        clearCorrelationStore: [Function: 
clearCorrelationStore],
        correlationMiddleware: [Function: 
correlationMiddleware],
        default: {
          generateCorrelationId: [Function: 
generateCorrelationId],
          generateShortCorrelationId: [Function: 
generateShortCorrelationId],
          generateSessionCorrelationId: [Function: 
generateSessionCorrelationId],
          generateRequestCorrelationId: [Function: 
generateRequestCorrelationId],
          isValidCorrelationId: [Function: 
isValidCorrelationId],
          extractTimestamp: [Function: extractTimestamp],
          correlationMiddleware: [Function: 
correlationMiddleware],
          getCorrelationContext: [Function: 
getCorrelationContext],
          linkCorrelationIds: [Function: 
linkCorrelationIds],
          getLinkedCorrelationIds: [Function: 
getLinkedCorrelationIds],
          updateCorrelationContext: [Function: 
updateCorrelationContext],
          getCorrelationStats: [Function: 
getCorrelationStats],
          clearCorrelationStore: [Function: 
clearCorrelationStore]
        },
        extractTimestamp: [Function: extractTimestamp],
        generateCorrelationId: [Function: 
generateCorrelationId],
        generateRequestCorrelationId: [Function: 
generateRequestCorrelationId],
        generateSessionCorrelationId: [Function: 
generateSessionCorrelationId],
        generateShortCorrelationId: [Function: 
generateShortCorrelationId],
        getCorrelationContext: [Function: 
getCorrelationContext],
        getCorrelationStats: [Function: 
getCorrelationStats],
        getLinkedCorrelationIds: [Function: 
getLinkedCorrelationIds],
        isValidCorrelationId: [Function: 
isValidCorrelationId],
        linkCorrelationIds: [Function: linkCorrelationIds],
        updateCorrelationContext: [Function: 
updateCorrelationContext]
      }

      at console.apply [as log] (client/hr-app/src/services/
frontendSecurityDetection.service.js:292:39)

    console.log
      mockCorrelationIdService: {
        generateCorrelationId: [Function: 
generateCorrelationId],
        generateShortCorrelationId: [Function: 
generateShortCorrelationId],
        generateSessionCorrelationId: [Function: 
generateSessionCorrelationId],
        generateRequestCorrelationId: [Function: 
generateRequestCorrelationId],
        isValidCorrelationId: [Function: 
isValidCorrelationId],
        extractTimestamp: [Function: extractTimestamp],
        correlationMiddleware: [Function: 
correlationMiddleware],
        getCorrelationContext: [Function: 
getCorrelationContext],
        linkCorrelationIds: [Function: linkCorrelationIds],
        getLinkedCorrelationIds: [Function: 
getLinkedCorrelationIds],
        updateCorrelationContext: [Function: 
updateCorrelationContext],
        getCorrelationStats: [Function: 
getCorrelationStats],
        clearCorrelationStore: [Function: 
clearCorrelationStore]
      }

      at console.apply [as log] (client/hr-app/src/services/
frontendSecurityDetection.service.js:292:39)

    console.log
      Importing correlationId.service.js

      at console.apply [as log] (client/hr-app/src/services/
frontendSecurityDetection.service.js:292:39)

    console.log
      correlationIdModule: [Module: null prototype] {
        clearCorrelationStore: [Function: 
clearCorrelationStore],
        correlationMiddleware: [Function: 
correlationMiddleware],
        default: {
          generateCorrelationId: [Function: 
generateCorrelationId],
          generateShortCorrelationId: [Function: 
generateShortCorrelationId],
          generateSessionCorrelationId: [Function: 
generateSessionCorrelationId],
          generateRequestCorrelationId: [Function: 
generateRequestCorrelationId],
          isValidCorrelationId: [Function: 
isValidCorrelationId],
          extractTimestamp: [Function: extractTimestamp],
          correlationMiddleware: [Function: 
correlationMiddleware],
          getCorrelationContext: [Function: 
getCorrelationContext],
          linkCorrelationIds: [Function: 
linkCorrelationIds],
          getLinkedCorrelationIds: [Function: 
getLinkedCorrelationIds],
          updateCorrelationContext: [Function: 
updateCorrelationContext],
          getCorrelationStats: [Function: 
getCorrelationStats],
          clearCorrelationStore: [Function: 
clearCorrelationStore]
        },
        extractTimestamp: [Function: extractTimestamp],
        generateCorrelationId: [Function: 
generateCorrelationId],
        generateRequestCorrelationId: [Function: 
generateRequestCorrelationId],
        generateSessionCorrelationId: [Function: 
generateSessionCorrelationId],
        generateShortCorrelationId: [Function: 
generateShortCorrelationId],
        getCorrelationContext: [Function: 
getCorrelationContext],
        getCorrelationStats: [Function: 
getCorrelationStats],
        getLinkedCorrelationIds: [Function: 
getLinkedCorrelationIds],
        isValidCorrelationId: [Function: 
isValidCorrelationId],
        linkCorrelationIds: [Function: linkCorrelationIds],
        updateCorrelationContext: [Function: 
updateCorrelationContext]
      }

      at console.apply [as log] (client/hr-app/src/services/
frontendSecurityDetection.service.js:292:39)

    console.log
      mockCorrelationIdService: {
        generateCorrelationId: [Function: 
generateCorrelationId],
        generateShortCorrelationId: [Function: 
generateShortCorrelationId],
        generateSessionCorrelationId: [Function: 
generateSessionCorrelationId],
        generateRequestCorrelationId: [Function: 
generateRequestCorrelationId],
        isValidCorrelationId: [Function: 
isValidCorrelationId],
        extractTimestamp: [Function: extractTimestamp],
        correlationMiddleware: [Function: 
correlationMiddleware],
        getCorrelationContext: [Function: 
getCorrelationContext],
        linkCorrelationIds: [Function: linkCorrelationIds],
        getLinkedCorrelationIds: [Function: 
getLinkedCorrelationIds],
        updateCorrelationContext: [Function: 
updateCorrelationContext],
        getCorrelationStats: [Function: 
getCorrelationStats],
        clearCorrelationStore: [Function: 
clearCorrelationStore]
      }

      at console.apply [as log] (client/hr-app/src/services/
frontendSecurityDetection.service.js:292:39)

    console.log
      Importing correlationId.service.js

      at console.apply [as log] (client/hr-app/src/services/
frontendSecurityDetection.service.js:292:39)

    console.log
      correlationIdModule: [Module: null prototype] {
        clearCorrelationStore: [Function: 
clearCorrelationStore],
        correlationMiddleware: [Function: 
correlationMiddleware],
        default: {
          generateCorrelationId: [Function: 
generateCorrelationId],
          generateShortCorrelationId: [Function: 
generateShortCorrelationId],
          generateSessionCorrelationId: [Function: 
generateSessionCorrelationId],
          generateRequestCorrelationId: [Function: 
generateRequestCorrelationId],
          isValidCorrelationId: [Function: 
isValidCorrelationId],
          extractTimestamp: [Function: extractTimestamp],
          correlationMiddleware: [Function: 
correlationMiddleware],
          getCorrelationContext: [Function: 
getCorrelationContext],
          linkCorrelationIds: [Function: 
linkCorrelationIds],
          getLinkedCorrelationIds: [Function: 
getLinkedCorrelationIds],
          updateCorrelationContext: [Function: 
updateCorrelationContext],
          getCorrelationStats: [Function: 
getCorrelationStats],
          clearCorrelationStore: [Function: 
clearCorrelationStore]
        },
        extractTimestamp: [Function: extractTimestamp],
        generateCorrelationId: [Function: 
generateCorrelationId],
        generateRequestCorrelationId: [Function: 
generateRequestCorrelationId],
        generateSessionCorrelationId: [Function: 
generateSessionCorrelationId],
        generateShortCorrelationId: [Function: 
generateShortCorrelationId],
        getCorrelationContext: [Function: 
getCorrelationContext],
        getCorrelationStats: [Function: 
getCorrelationStats],
        getLinkedCorrelationIds: [Function: 
getLinkedCorrelationIds],
        isValidCorrelationId: [Function: 
isValidCorrelationId],
        linkCorrelationIds: [Function: linkCorrelationIds],
        updateCorrelationContext: [Function: 
updateCorrelationContext]
      }

      at console.apply [as log] (client/hr-app/src/services/
frontendSecurityDetection.service.js:292:39)

    console.log
      mockCorrelationIdService: {
        generateCorrelationId: [Function: 
generateCorrelationId],
        generateShortCorrelationId: [Function: 
generateShortCorrelationId],
        generateSessionCorrelationId: [Function: 
generateSessionCorrelationId],
        generateRequestCorrelationId: [Function: 
generateRequestCorrelationId],
        isValidCorrelationId: [Function: 
isValidCorrelationId],
        extractTimestamp: [Function: extractTimestamp],
        correlationMiddleware: [Function: 
correlationMiddleware],
        getCorrelationContext: [Function: 
getCorrelationContext],
        linkCorrelationIds: [Function: linkCorrelationIds],
        getLinkedCorrelationIds: [Function: 
getLinkedCorrelationIds],
        updateCorrelationContext: [Function: 
updateCorrelationContext],
        getCorrelationStats: [Function: 
getCorrelationStats],
        clearCorrelationStore: [Function: 
clearCorrelationStore]
      }

      at console.apply [as log] (client/hr-app/src/services/
frontendSecurityDetection.service.js:292:39)

    console.log
      Importing correlationId.service.js

      at console.apply [as log] (client/hr-app/src/services/
frontendSecurityDetection.service.js:292:39)

    console.log
      correlationIdModule: [Module: null prototype] {
        clearCorrelationStore: [Function: 
clearCorrelationStore],
        correlationMiddleware: [Function: 
correlationMiddleware],
        default: {
          generateCorrelationId: [Function: 
generateCorrelationId],
          generateShortCorrelationId: [Function: 
generateShortCorrelationId],
          generateSessionCorrelationId: [Function: 
generateSessionCorrelationId],
          generateRequestCorrelationId: [Function: 
generateRequestCorrelationId],
          isValidCorrelationId: [Function: 
isValidCorrelationId],
          extractTimestamp: [Function: extractTimestamp],
          correlationMiddleware: [Function: 
correlationMiddleware],
          getCorrelationContext: [Function: 
getCorrelationContext],
          linkCorrelationIds: [Function: 
linkCorrelationIds],
          getLinkedCorrelationIds: [Function: 
getLinkedCorrelationIds],
          updateCorrelationContext: [Function: 
updateCorrelationContext],
          getCorrelationStats: [Function: 
getCorrelationStats],
          clearCorrelationStore: [Function: 
clearCorrelationStore]
        },
        extractTimestamp: [Function: extractTimestamp],
        generateCorrelationId: [Function: 
generateCorrelationId],
        generateRequestCorrelationId: [Function: 
generateRequestCorrelationId],
        generateSessionCorrelationId: [Function: 
generateSessionCorrelationId],
        generateShortCorrelationId: [Function: 
generateShortCorrelationId],
        getCorrelationContext: [Function: 
getCorrelationContext],
        getCorrelationStats: [Function: 
getCorrelationStats],
        getLinkedCorrelationIds: [Function: 
getLinkedCorrelationIds],
        isValidCorrelationId: [Function: 
isValidCorrelationId],
        linkCorrelationIds: [Function: linkCorrelationIds],
        updateCorrelationContext: [Function: 
updateCorrelationContext]
      }

      at console.apply [as log] (client/hr-app/src/services/
frontendSecurityDetection.service.js:292:39)

    console.log
      mockCorrelationIdService: {
        generateCorrelationId: [Function: 
generateCorrelationId],
        generateShortCorrelationId: [Function: 
generateShortCorrelationId],
        generateSessionCorrelationId: [Function: 
generateSessionCorrelationId],
        generateRequestCorrelationId: [Function: 
generateRequestCorrelationId],
        isValidCorrelationId: [Function: 
isValidCorrelationId],
        extractTimestamp: [Function: extractTimestamp],
        correlationMiddleware: [Function: 
correlationMiddleware],
        getCorrelationContext: [Function: 
getCorrelationContext],
        linkCorrelationIds: [Function: linkCorrelationIds],
        getLinkedCorrelationIds: [Function: 
getLinkedCorrelationIds],
        updateCorrelationContext: [Function: 
updateCorrelationContext],
        getCorrelationStats: [Function: 
getCorrelationStats],
        clearCorrelationStore: [Function: 
clearCorrelationStore]
      }

      at console.apply [as log] (client/hr-app/src/services/
frontendSecurityDetection.service.js:292:39)

    console.log
      Importing correlationId.service.js

      at console.apply [as log] (client/hr-app/src/services/
frontendSecurityDetection.service.js:292:39)

    console.log
      correlationIdModule: [Module: null prototype] {
        clearCorrelationStore: [Function: 
clearCorrelationStore],
        correlationMiddleware: [Function: 
correlationMiddleware],
        default: {
          generateCorrelationId: [Function: 
generateCorrelationId],
          generateShortCorrelationId: [Function: 
generateShortCorrelationId],
          generateSessionCorrelationId: [Function: 
generateSessionCorrelationId],
          generateRequestCorrelationId: [Function: 
generateRequestCorrelationId],
          isValidCorrelationId: [Function: 
isValidCorrelationId],
          extractTimestamp: [Function: extractTimestamp],
          correlationMiddleware: [Function: 
correlationMiddleware],
          getCorrelationContext: [Function: 
getCorrelationContext],
          linkCorrelationIds: [Function: 
linkCorrelationIds],
          getLinkedCorrelationIds: [Function: 
getLinkedCorrelationIds],
          updateCorrelationContext: [Function: 
updateCorrelationContext],
          getCorrelationStats: [Function: 
getCorrelationStats],
          clearCorrelationStore: [Function: 
clearCorrelationStore]
        },
        extractTimestamp: [Function: extractTimestamp],
        generateCorrelationId: [Function: 
generateCorrelationId],
        generateRequestCorrelationId: [Function: 
generateRequestCorrelationId],
        generateSessionCorrelationId: [Function: 
generateSessionCorrelationId],
        generateShortCorrelationId: [Function: 
generateShortCorrelationId],
        getCorrelationContext: [Function: 
getCorrelationContext],
        getCorrelationStats: [Function: 
getCorrelationStats],
        getLinkedCorrelationIds: [Function: 
getLinkedCorrelationIds],
        isValidCorrelationId: [Function: 
isValidCorrelationId],
        linkCorrelationIds: [Function: linkCorrelationIds],
        updateCorrelationContext: [Function: 
updateCorrelationContext]
      }

      at console.apply [as log] (client/hr-app/src/services/
frontendSecurityDetection.service.js:292:39)

    console.log
      mockCorrelationIdService: {
        generateCorrelationId: [Function: 
generateCorrelationId],
        generateShortCorrelationId: [Function: 
generateShortCorrelationId],
        generateSessionCorrelationId: [Function: 
generateSessionCorrelationId],
        generateRequestCorrelationId: [Function: 
generateRequestCorrelationId],
        isValidCorrelationId: [Function: 
isValidCorrelationId],
        extractTimestamp: [Function: extractTimestamp],
        correlationMiddleware: [Function: 
correlationMiddleware],
        getCorrelationContext: [Function: 
getCorrelationContext],
        linkCorrelationIds: [Function: linkCorrelationIds],
        getLinkedCorrelationIds: [Function: 
getLinkedCorrelationIds],
        updateCorrelationContext: [Function: 
updateCorrelationContext],
        getCorrelationStats: [Function: 
getCorrelationStats],
        clearCorrelationStore: [Function: 
clearCorrelationStore]
      }

      at console.apply [as log] (client/hr-app/src/services/
frontendSecurityDetection.service.js:292:39)

    console.log
      Importing correlationId.service.js

      at console.apply [as log] (client/hr-app/src/services/
frontendSecurityDetection.service.js:292:39)

    console.log
      correlationIdModule: [Module: null prototype] {
        clearCorrelationStore: [Function: 
clearCorrelationStore],
        correlationMiddleware: [Function: 
correlationMiddleware],
        default: {
          generateCorrelationId: [Function: 
generateCorrelationId],
          generateShortCorrelationId: [Function: 
generateShortCorrelationId],
          generateSessionCorrelationId: [Function: 
generateSessionCorrelationId],
          generateRequestCorrelationId: [Function: 
generateRequestCorrelationId],
          isValidCorrelationId: [Function: 
isValidCorrelationId],
          extractTimestamp: [Function: extractTimestamp],
          correlationMiddleware: [Function: 
correlationMiddleware],
          getCorrelationContext: [Function: 
getCorrelationContext],
          linkCorrelationIds: [Function: 
linkCorrelationIds],
          getLinkedCorrelationIds: [Function: 
getLinkedCorrelationIds],
          updateCorrelationContext: [Function: 
updateCorrelationContext],
          getCorrelationStats: [Function: 
getCorrelationStats],
          clearCorrelationStore: [Function: 
clearCorrelationStore]
        },
        extractTimestamp: [Function: extractTimestamp],
        generateCorrelationId: [Function: 
generateCorrelationId],
        generateRequestCorrelationId: [Function: 
generateRequestCorrelationId],
        generateSessionCorrelationId: [Function: 
generateSessionCorrelationId],
        generateShortCorrelationId: [Function: 
generateShortCorrelationId],
        getCorrelationContext: [Function: 
getCorrelationContext],
        getCorrelationStats: [Function: 
getCorrelationStats],
        getLinkedCorrelationIds: [Function: 
getLinkedCorrelationIds],
        isValidCorrelationId: [Function: 
isValidCorrelationId],
        linkCorrelationIds: [Function: linkCorrelationIds],
        updateCorrelationContext: [Function: 
updateCorrelationContext]
      }

      at console.apply [as log] (client/hr-app/src/services/
frontendSecurityDetection.service.js:292:39)

    console.log
      mockCorrelationIdService: {
        generateCorrelationId: [Function: 
generateCorrelationId],
        generateShortCorrelationId: [Function: 
generateShortCorrelationId],
        generateSessionCorrelationId: [Function: 
generateSessionCorrelationId],
        generateRequestCorrelationId: [Function: 
generateRequestCorrelationId],
        isValidCorrelationId: [Function: 
isValidCorrelationId],
        extractTimestamp: [Function: extractTimestamp],
        correlationMiddleware: [Function: 
correlationMiddleware],
        getCorrelationContext: [Function: 
getCorrelationContext],
        linkCorrelationIds: [Function: linkCorrelationIds],
        getLinkedCorrelationIds: [Function: 
getLinkedCorrelationIds],
        updateCorrelationContext: [Function: 
updateCorrelationContext],
        getCorrelationStats: [Function: 
getCorrelationStats],
        clearCorrelationStore: [Function: 
clearCorrelationStore]
      }

      at console.apply [as log] (client/hr-app/src/services/
frontendSecurityDetection.service.js:292:39)

    console.log
      Importing correlationId.service.js

      at console.apply [as log] (client/hr-app/src/services/
frontendSecurityDetection.service.js:292:39)

    console.log
      correlationIdModule: [Module: null prototype] {
        clearCorrelationStore: [Function: 
clearCorrelationStore],
        correlationMiddleware: [Function: 
correlationMiddleware],
        default: {
          generateCorrelationId: [Function: 
generateCorrelationId],
          generateShortCorrelationId: [Function: 
generateShortCorrelationId],
          generateSessionCorrelationId: [Function: 
generateSessionCorrelationId],
          generateRequestCorrelationId: [Function: 
generateRequestCorrelationId],
          isValidCorrelationId: [Function: 
isValidCorrelationId],
          extractTimestamp: [Function: extractTimestamp],
          correlationMiddleware: [Function: 
correlationMiddleware],
          getCorrelationContext: [Function: 
getCorrelationContext],
          linkCorrelationIds: [Function: 
linkCorrelationIds],
          getLinkedCorrelationIds: [Function: 
getLinkedCorrelationIds],
          updateCorrelationContext: [Function: 
updateCorrelationContext],
          getCorrelationStats: [Function: 
getCorrelationStats],
          clearCorrelationStore: [Function: 
clearCorrelationStore]
        },
        extractTimestamp: [Function: extractTimestamp],
        generateCorrelationId: [Function: 
generateCorrelationId],
        generateRequestCorrelationId: [Function: 
generateRequestCorrelationId],
        generateSessionCorrelationId: [Function: 
generateSessionCorrelationId],
        generateShortCorrelationId: [Function: 
generateShortCorrelationId],
        getCorrelationContext: [Function: 
getCorrelationContext],
        getCorrelationStats: [Function: 
getCorrelationStats],
        getLinkedCorrelationIds: [Function: 
getLinkedCorrelationIds],
        isValidCorrelationId: [Function: 
isValidCorrelationId],
        linkCorrelationIds: [Function: linkCorrelationIds],
        updateCorrelationContext: [Function: 
updateCorrelationContext]
      }

      at console.apply [as log] (client/hr-app/src/services/
frontendSecurityDetection.service.js:292:39)

    console.log
      mockCorrelationIdService: {
        generateCorrelationId: [Function: 
generateCorrelationId],
        generateShortCorrelationId: [Function: 
generateShortCorrelationId],
        generateSessionCorrelationId: [Function: 
generateSessionCorrelationId],
        generateRequestCorrelationId: [Function: 
generateRequestCorrelationId],
        isValidCorrelationId: [Function: 
isValidCorrelationId],
        extractTimestamp: [Function: extractTimestamp],
        correlationMiddleware: [Function: 
correlationMiddleware],
        getCorrelationContext: [Function: 
getCorrelationContext],
        linkCorrelationIds: [Function: linkCorrelationIds],
        getLinkedCorrelationIds: [Function: 
getLinkedCorrelationIds],
        updateCorrelationContext: [Function: 
updateCorrelationContext],
        getCorrelationStats: [Function: 
getCorrelationStats],
        clearCorrelationStore: [Function: 
clearCorrelationStore]
      }

      at console.apply [as log] (client/hr-app/src/services/
frontendSecurityDetection.service.js:292:39)

    console.log
      Importing correlationId.service.js

      at console.apply [as log] (client/hr-app/src/services/
frontendSecurityDetection.service.js:292:39)

    console.log
      correlationIdModule: [Module: null prototype] {
        clearCorrelationStore: [Function: 
clearCorrelationStore],
        correlationMiddleware: [Function: 
correlationMiddleware],
        default: {
          generateCorrelationId: [Function: 
generateCorrelationId],
          generateShortCorrelationId: [Function: 
generateShortCorrelationId],
          generateSessionCorrelationId: [Function: 
generateSessionCorrelationId],
          generateRequestCorrelationId: [Function: 
generateRequestCorrelationId],
          isValidCorrelationId: [Function: 
isValidCorrelationId],
          extractTimestamp: [Function: extractTimestamp],
          correlationMiddleware: [Function: 
correlationMiddleware],
          getCorrelationContext: [Function: 
getCorrelationContext],
          linkCorrelationIds: [Function: 
linkCorrelationIds],
          getLinkedCorrelationIds: [Function: 
getLinkedCorrelationIds],
          updateCorrelationContext: [Function: 
updateCorrelationContext],
          getCorrelationStats: [Function: 
getCorrelationStats],
          clearCorrelationStore: [Function: 
clearCorrelationStore]
        },
        extractTimestamp: [Function: extractTimestamp],
        generateCorrelationId: [Function: 
generateCorrelationId],
        generateRequestCorrelationId: [Function: 
generateRequestCorrelationId],
        generateSessionCorrelationId: [Function: 
generateSessionCorrelationId],
        generateShortCorrelationId: [Function: 
generateShortCorrelationId],
        getCorrelationContext: [Function: 
getCorrelationContext],
        getCorrelationStats: [Function: 
getCorrelationStats],
        getLinkedCorrelationIds: [Function: 
getLinkedCorrelationIds],
        isValidCorrelationId: [Function: 
isValidCorrelationId],
        linkCorrelationIds: [Function: linkCorrelationIds],
        updateCorrelationContext: [Function: 
updateCorrelationContext]
      }

      at console.apply [as log] (client/hr-app/src/services/
frontendSecurityDetection.service.js:292:39)

    console.log
      mockCorrelationIdService: {
        generateCorrelationId: [Function: 
generateCorrelationId],
        generateShortCorrelationId: [Function: 
generateShortCorrelationId],
        generateSessionCorrelationId: [Function: 
generateSessionCorrelationId],
        generateRequestCorrelationId: [Function: 
generateRequestCorrelationId],
        isValidCorrelationId: [Function: 
isValidCorrelationId],
        extractTimestamp: [Function: extractTimestamp],
        correlationMiddleware: [Function: 
correlationMiddleware],
        getCorrelationContext: [Function: 
getCorrelationContext],
        linkCorrelationIds: [Function: linkCorrelationIds],
        getLinkedCorrelationIds: [Function: 
getLinkedCorrelationIds],
        updateCorrelationContext: [Function: 
updateCorrelationContext],
        getCorrelationStats: [Function: 
getCorrelationStats],
        clearCorrelationStore: [Function: 
clearCorrelationStore]
      }

      at console.apply [as log] (client/hr-app/src/services/
frontendSecurityDetection.service.js:292:39)

    console.log
      Importing correlationId.service.js

      at console.apply [as log] (client/hr-app/src/services/
frontendSecurityDetection.service.js:292:39)

    console.log
      correlationIdModule: [Module: null prototype] {
        clearCorrelationStore: [Function: 
clearCorrelationStore],
        correlationMiddleware: [Function: 
correlationMiddleware],
        default: {
          generateCorrelationId: [Function: 
generateCorrelationId],
          generateShortCorrelationId: [Function: 
generateShortCorrelationId],
          generateSessionCorrelationId: [Function: 
generateSessionCorrelationId],
          generateRequestCorrelationId: [Function: 
generateRequestCorrelationId],
          isValidCorrelationId: [Function: 
isValidCorrelationId],
          extractTimestamp: [Function: extractTimestamp],
          correlationMiddleware: [Function: 
correlationMiddleware],
          getCorrelationContext: [Function: 
getCorrelationContext],
          linkCorrelationIds: [Function: 
linkCorrelationIds],
          getLinkedCorrelationIds: [Function: 
getLinkedCorrelationIds],
          updateCorrelationContext: [Function: 
updateCorrelationContext],
          getCorrelationStats: [Function: 
getCorrelationStats],
          clearCorrelationStore: [Function: 
clearCorrelationStore]
        },
        extractTimestamp: [Function: extractTimestamp],
        generateCorrelationId: [Function: 
generateCorrelationId],
        generateRequestCorrelationId: [Function: 
generateRequestCorrelationId],
        generateSessionCorrelationId: [Function: 
generateSessionCorrelationId],
        generateShortCorrelationId: [Function: 
generateShortCorrelationId],
        getCorrelationContext: [Function: 
getCorrelationContext],
        getCorrelationStats: [Function: 
getCorrelationStats],
        getLinkedCorrelationIds: [Function: 
getLinkedCorrelationIds],
        isValidCorrelationId: [Function: 
isValidCorrelationId],
        linkCorrelationIds: [Function: linkCorrelationIds],
        updateCorrelationContext: [Function: 
updateCorrelationContext]
      }

      at console.apply [as log] (client/hr-app/src/services/
frontendSecurityDetection.service.js:292:39)

    console.log
      mockCorrelationIdService: {
        generateCorrelationId: [Function: 
generateCorrelationId],
        generateShortCorrelationId: [Function: 
generateShortCorrelationId],
        generateSessionCorrelationId: [Function: 
generateSessionCorrelationId],
        generateRequestCorrelationId: [Function: 
generateRequestCorrelationId],
        isValidCorrelationId: [Function: 
isValidCorrelationId],
        extractTimestamp: [Function: extractTimestamp],
        correlationMiddleware: [Function: 
correlationMiddleware],
        getCorrelationContext: [Function: 
getCorrelationContext],
        linkCorrelationIds: [Function: linkCorrelationIds],
        getLinkedCorrelationIds: [Function: 
getLinkedCorrelationIds],
        updateCorrelationContext: [Function: 
updateCorrelationContext],
        getCorrelationStats: [Function: 
getCorrelationStats],
        clearCorrelationStore: [Function: 
clearCorrelationStore]
      }

      at console.apply [as log] (client/hr-app/src/services/
frontendSecurityDetection.service.js:292:39)

    console.log
      Importing correlationId.service.js

      at console.apply [as log] (client/hr-app/src/services/
frontendSecurityDetection.service.js:292:39)

    console.log
      correlationIdModule: [Module: null prototype] {
        clearCorrelationStore: [Function: 
clearCorrelationStore],
        correlationMiddleware: [Function: 
correlationMiddleware],
        default: {
          generateCorrelationId: [Function: 
generateCorrelationId],
          generateShortCorrelationId: [Function: 
generateShortCorrelationId],
          generateSessionCorrelationId: [Function: 
generateSessionCorrelationId],
          generateRequestCorrelationId: [Function: 
generateRequestCorrelationId],
          isValidCorrelationId: [Function: 
isValidCorrelationId],
          extractTimestamp: [Function: extractTimestamp],
          correlationMiddleware: [Function: 
correlationMiddleware],
          getCorrelationContext: [Function: 
getCorrelationContext],
          linkCorrelationIds: [Function: 
linkCorrelationIds],
          getLinkedCorrelationIds: [Function: 
getLinkedCorrelationIds],
          updateCorrelationContext: [Function: 
updateCorrelationContext],
          getCorrelationStats: [Function: 
getCorrelationStats],
          clearCorrelationStore: [Function: 
clearCorrelationStore]
        },
        extractTimestamp: [Function: extractTimestamp],
        generateCorrelationId: [Function: 
generateCorrelationId],
        generateRequestCorrelationId: [Function: 
generateRequestCorrelationId],
        generateSessionCorrelationId: [Function: 
generateSessionCorrelationId],
        generateShortCorrelationId: [Function: 
generateShortCorrelationId],
        getCorrelationContext: [Function: 
getCorrelationContext],
        getCorrelationStats: [Function: 
getCorrelationStats],
        getLinkedCorrelationIds: [Function: 
getLinkedCorrelationIds],
        isValidCorrelationId: [Function: 
isValidCorrelationId],
        linkCorrelationIds: [Function: linkCorrelationIds],
        updateCorrelationContext: [Function: 
updateCorrelationContext]
      }

      at console.apply [as log] (client/hr-app/src/services/
frontendSecurityDetection.service.js:292:39)

    console.log
      mockCorrelationIdService: {
        generateCorrelationId: [Function: 
generateCorrelationId],
        generateShortCorrelationId: [Function: 
generateShortCorrelationId],
        generateSessionCorrelationId: [Function: 
generateSessionCorrelationId],
        generateRequestCorrelationId: [Function: 
generateRequestCorrelationId],
        isValidCorrelationId: [Function: 
isValidCorrelationId],
        extractTimestamp: [Function: extractTimestamp],
        correlationMiddleware: [Function: 
correlationMiddleware],
        getCorrelationContext: [Function: 
getCorrelationContext],
        linkCorrelationIds: [Function: linkCorrelationIds],
        getLinkedCorrelationIds: [Function: 
getLinkedCorrelationIds],
        updateCorrelationContext: [Function: 
updateCorrelationContext],
        getCorrelationStats: [Function: 
getCorrelationStats],
        clearCorrelationStore: [Function: 
clearCorrelationStore]
      }

      at console.apply [as log] (client/hr-app/src/services/
frontendSecurityDetection.service.js:292:39)

    console.log
      Importing correlationId.service.js

      at console.apply [as log] (client/hr-app/src/services/
frontendSecurityDetection.service.js:292:39)

    console.log
      correlationIdModule: [Module: null prototype] {
        clearCorrelationStore: [Function: 
clearCorrelationStore],
        correlationMiddleware: [Function: 
correlationMiddleware],
        default: {
          generateCorrelationId: [Function: 
generateCorrelationId],
          generateShortCorrelationId: [Function: 
generateShortCorrelationId],
          generateSessionCorrelationId: [Function: 
generateSessionCorrelationId],
          generateRequestCorrelationId: [Function: 
generateRequestCorrelationId],
          isValidCorrelationId: [Function: 
isValidCorrelationId],
          extractTimestamp: [Function: extractTimestamp],
          correlationMiddleware: [Function: 
correlationMiddleware],
          getCorrelationContext: [Function: 
getCorrelationContext],
          linkCorrelationIds: [Function: 
linkCorrelationIds],
          getLinkedCorrelationIds: [Function: 
getLinkedCorrelationIds],
          updateCorrelationContext: [Function: 
updateCorrelationContext],
          getCorrelationStats: [Function: 
getCorrelationStats],
          clearCorrelationStore: [Function: 
clearCorrelationStore]
        },
        extractTimestamp: [Function: extractTimestamp],
        generateCorrelationId: [Function: 
generateCorrelationId],
        generateRequestCorrelationId: [Function: 
generateRequestCorrelationId],
        generateSessionCorrelationId: [Function: 
generateSessionCorrelationId],
        generateShortCorrelationId: [Function: 
generateShortCorrelationId],
        getCorrelationContext: [Function: 
getCorrelationContext],
        getCorrelationStats: [Function: 
getCorrelationStats],
        getLinkedCorrelationIds: [Function: 
getLinkedCorrelationIds],
        isValidCorrelationId: [Function: 
isValidCorrelationId],
        linkCorrelationIds: [Function: linkCorrelationIds],
        updateCorrelationContext: [Function: 
updateCorrelationContext]
      }

      at console.apply [as log] (client/hr-app/src/services/
frontendSecurityDetection.service.js:292:39)

    console.log
      mockCorrelationIdService: {
        generateCorrelationId: [Function: 
generateCorrelationId],
        generateShortCorrelationId: [Function: 
generateShortCorrelationId],
        generateSessionCorrelationId: [Function: 
generateSessionCorrelationId],
        generateRequestCorrelationId: [Function: 
generateRequestCorrelationId],
        isValidCorrelationId: [Function: 
isValidCorrelationId],
        extractTimestamp: [Function: extractTimestamp],
        correlationMiddleware: [Function: 
correlationMiddleware],
        getCorrelationContext: [Function: 
getCorrelationContext],
        linkCorrelationIds: [Function: linkCorrelationIds],
        getLinkedCorrelationIds: [Function: 
getLinkedCorrelationIds],
        updateCorrelationContext: [Function: 
updateCorrelationContext],
        getCorrelationStats: [Function: 
getCorrelationStats],
        clearCorrelationStore: [Function: 
clearCorrelationStore]
      }

      at console.apply [as log] (client/hr-app/src/services/
frontendSecurityDetection.service.js:292:39)

    console.log
      Importing correlationId.service.js

      at console.apply [as log] (client/hr-app/src/services/
frontendSecurityDetection.service.js:292:39)

    console.log
      correlationIdModule: [Module: null prototype] {
        clearCorrelationStore: [Function: 
clearCorrelationStore],
        correlationMiddleware: [Function: 
correlationMiddleware],
        default: {
          generateCorrelationId: [Function: 
generateCorrelationId],
          generateShortCorrelationId: [Function: 
generateShortCorrelationId],
          generateSessionCorrelationId: [Function: 
generateSessionCorrelationId],
          generateRequestCorrelationId: [Function: 
generateRequestCorrelationId],
          isValidCorrelationId: [Function: 
isValidCorrelationId],
          extractTimestamp: [Function: extractTimestamp],
          correlationMiddleware: [Function: 
correlationMiddleware],
          getCorrelationContext: [Function: 
getCorrelationContext],
          linkCorrelationIds: [Function: 
linkCorrelationIds],
          getLinkedCorrelationIds: [Function: 
getLinkedCorrelationIds],
          updateCorrelationContext: [Function: 
updateCorrelationContext],
          getCorrelationStats: [Function: 
getCorrelationStats],
          clearCorrelationStore: [Function: 
clearCorrelationStore]
        },
        extractTimestamp: [Function: extractTimestamp],
        generateCorrelationId: [Function: 
generateCorrelationId],
        generateRequestCorrelationId: [Function: 
generateRequestCorrelationId],
        generateSessionCorrelationId: [Function: 
generateSessionCorrelationId],
        generateShortCorrelationId: [Function: 
generateShortCorrelationId],
        getCorrelationContext: [Function: 
getCorrelationContext],
        getCorrelationStats: [Function: 
getCorrelationStats],
        getLinkedCorrelationIds: [Function: 
getLinkedCorrelationIds],
        isValidCorrelationId: [Function: 
isValidCorrelationId],
        linkCorrelationIds: [Function: linkCorrelationIds],
        updateCorrelationContext: [Function: 
updateCorrelationContext]
      }

      at console.apply [as log] (client/hr-app/src/services/
frontendSecurityDetection.service.js:292:39)

    console.log
      mockCorrelationIdService: {
        generateCorrelationId: [Function: 
generateCorrelationId],
        generateShortCorrelationId: [Function: 
generateShortCorrelationId],
        generateSessionCorrelationId: [Function: 
generateSessionCorrelationId],
        generateRequestCorrelationId: [Function: 
generateRequestCorrelationId],
        isValidCorrelationId: [Function: 
isValidCorrelationId],
        extractTimestamp: [Function: extractTimestamp],
        correlationMiddleware: [Function: 
correlationMiddleware],
        getCorrelationContext: [Function: 
getCorrelationContext],
        linkCorrelationIds: [Function: linkCorrelationIds],
        getLinkedCorrelationIds: [Function: 
getLinkedCorrelationIds],
        updateCorrelationContext: [Function: 
updateCorrelationContext],
        getCorrelationStats: [Function: 
getCorrelationStats],
        clearCorrelationStore: [Function: 
clearCorrelationStore]
      }

      at console.apply [as log] (client/hr-app/src/services/
frontendSecurityDetection.service.js:292:39)

    console.log
      Importing correlationId.service.js

      at console.apply [as log] (client/hr-app/src/services/
frontendSecurityDetection.service.js:292:39)

    console.log
      correlationIdModule: [Module: null prototype] {
        clearCorrelationStore: [Function: 
clearCorrelationStore],
        correlationMiddleware: [Function: 
correlationMiddleware],
        default: {
          generateCorrelationId: [Function: 
generateCorrelationId],
          generateShortCorrelationId: [Function: 
generateShortCorrelationId],
          generateSessionCorrelationId: [Function: 
generateSessionCorrelationId],
          generateRequestCorrelationId: [Function: 
generateRequestCorrelationId],
          isValidCorrelationId: [Function: 
isValidCorrelationId],
          extractTimestamp: [Function: extractTimestamp],
          correlationMiddleware: [Function: 
correlationMiddleware],
          getCorrelationContext: [Function: 
getCorrelationContext],
          linkCorrelationIds: [Function: 
linkCorrelationIds],
          getLinkedCorrelationIds: [Function: 
getLinkedCorrelationIds],
          updateCorrelationContext: [Function: 
updateCorrelationContext],
          getCorrelationStats: [Function: 
getCorrelationStats],
          clearCorrelationStore: [Function: 
clearCorrelationStore]
        },
        extractTimestamp: [Function: extractTimestamp],
        generateCorrelationId: [Function: 
generateCorrelationId],
        generateRequestCorrelationId: [Function: 
generateRequestCorrelationId],
        generateSessionCorrelationId: [Function: 
generateSessionCorrelationId],
        generateShortCorrelationId: [Function: 
generateShortCorrelationId],
        getCorrelationContext: [Function: 
getCorrelationContext],
        getCorrelationStats: [Function: 
getCorrelationStats],
        getLinkedCorrelationIds: [Function: 
getLinkedCorrelationIds],
        isValidCorrelationId: [Function: 
isValidCorrelationId],
        linkCorrelationIds: [Function: linkCorrelationIds],
        updateCorrelationContext: [Function: 
updateCorrelationContext]
      }

      at console.apply [as log] (client/hr-app/src/services/
frontendSecurityDetection.service.js:292:39)

    console.log
      mockCorrelationIdService: {
        generateCorrelationId: [Function: 
generateCorrelationId],
        generateShortCorrelationId: [Function: 
generateShortCorrelationId],
        generateSessionCorrelationId: [Function: 
generateSessionCorrelationId],
        generateRequestCorrelationId: [Function: 
generateRequestCorrelationId],
        isValidCorrelationId: [Function: 
isValidCorrelationId],
        extractTimestamp: [Function: extractTimestamp],
        correlationMiddleware: [Function: 
correlationMiddleware],
        getCorrelationContext: [Function: 
getCorrelationContext],
        linkCorrelationIds: [Function: linkCorrelationIds],
        getLinkedCorrelationIds: [Function: 
getLinkedCorrelationIds],
        updateCorrelationContext: [Function: 
updateCorrelationContext],
        getCorrelationStats: [Function: 
getCorrelationStats],
        clearCorrelationStore: [Function: 
clearCorrelationStore]
      }

      at console.apply [as log] (client/hr-app/src/services/
frontendSecurityDetection.service.js:292:39)

  ΓùÅ Log Processing Pipeline Service ΓÇ║ processLog ΓÇ║ 
should successfully process valid log entry

    TypeError: Cannot read properties of undefined (reading 
'isValidCorrelationId')

    [0m [90m 58 |[39m         [90m// Setup default mock 
implementations[39m
     [90m 59 |[39m         [90m// The service uses the 
default export, so we need to set up mocks on the default 
object[39m
    [31m[1m>[22m[39m[90m 60 |[39m         mockCorrelat
ionIdService[33m.[39m[36mdefault[39m[33m.[39misValidCo
rrelationId[33m.[39mmockReturnValue([36mtrue[39m)[33m;
[39m
     [90m    |[39m                                        
  [31m[1m^[22m[39m
     [90m 61 |[39m         mockCorrelationIdService[33m.
[39m[36mdefault[39m[33m.[39mgenerateCorrelationId[33m.
[39mmockReturnValue([32m'new-corr-123'[39m)[33m;[39m
     [90m 62 |[39m         
     [90m 63 |[39m         [36mconst[39m linkLogMock 
[33m=[39m mockLogCorrelationService[33m.[39mlinkLog 
[33m||[39m [0m

      at Object.isValidCorrelationId (server/testing/service
s/logProcessingPipeline.service.test.js:60:42)

  ΓùÅ Log Processing Pipeline Service ΓÇ║ processLog ΓÇ║ 
should handle validation failures

    TypeError: Cannot read properties of undefined (reading 
'isValidCorrelationId')

    [0m [90m 58 |[39m         [90m// Setup default mock 
implementations[39m
     [90m 59 |[39m         [90m// The service uses the 
default export, so we need to set up mocks on the default 
object[39m
    [31m[1m>[22m[39m[90m 60 |[39m         mockCorrelat
ionIdService[33m.[39m[36mdefault[39m[33m.[39misValidCo
rrelationId[33m.[39mmockReturnValue([36mtrue[39m)[33m;
[39m
     [90m    |[39m                                        
  [31m[1m^[22m[39m
     [90m 61 |[39m         mockCorrelationIdService[33m.
[39m[36mdefault[39m[33m.[39mgenerateCorrelationId[33m.
[39mmockReturnValue([32m'new-corr-123'[39m)[33m;[39m
     [90m 62 |[39m         
     [90m 63 |[39m         [36mconst[39m linkLogMock 
[33m=[39m mockLogCorrelationService[33m.[39mlinkLog 
[33m||[39m [0m

      at Object.isValidCorrelationId (server/testing/service
s/logProcessingPipeline.service.test.js:60:42)

  ΓùÅ Log Processing Pipeline Service ΓÇ║ processLog ΓÇ║ 
should handle tenant isolation violations

    TypeError: Cannot read properties of undefined (reading 
'isValidCorrelationId')

    [0m [90m 58 |[39m         [90m// Setup default mock 
implementations[39m
     [90m 59 |[39m         [90m// The service uses the 
default export, so we need to set up mocks on the default 
object[39m
    [31m[1m>[22m[39m[90m 60 |[39m         mockCorrelat
ionIdService[33m.[39m[36mdefault[39m[33m.[39misValidCo
rrelationId[33m.[39mmockReturnValue([36mtrue[39m)[33m;
[39m
     [90m    |[39m                                        
  [31m[1m^[22m[39m
     [90m 61 |[39m         mockCorrelationIdService[33m.
[39m[36mdefault[39m[33m.[39mgenerateCorrelationId[33m.
[39mmockReturnValue([32m'new-corr-123'[39m)[33m;[39m
     [90m 62 |[39m         
     [90m 63 |[39m         [36mconst[39m linkLogMock 
[33m=[39m mockLogCorrelationService[33m.[39mlinkLog 
[33m||[39m [0m

      at Object.isValidCorrelationId (server/testing/service
s/logProcessingPipeline.service.test.js:60:42)

  ΓùÅ Log Processing Pipeline Service ΓÇ║ processLog ΓÇ║ 
should process correlation ID validation and linking

    TypeError: Cannot read properties of undefined (reading 
'isValidCorrelationId')

    [0m [90m 58 |[39m         [90m// Setup default mock 
implementations[39m
     [90m 59 |[39m         [90m// The service uses the 
default export, so we need to set up mocks on the default 
object[39m
    [31m[1m>[22m[39m[90m 60 |[39m         mockCorrelat
ionIdService[33m.[39m[36mdefault[39m[33m.[39misValidCo
rrelationId[33m.[39mmockReturnValue([36mtrue[39m)[33m;
[39m
     [90m    |[39m                                        
  [31m[1m^[22m[39m
     [90m 61 |[39m         mockCorrelationIdService[33m.
[39m[36mdefault[39m[33m.[39mgenerateCorrelationId[33m.
[39mmockReturnValue([32m'new-corr-123'[39m)[33m;[39m
     [90m 62 |[39m         
     [90m 63 |[39m         [36mconst[39m linkLogMock 
[33m=[39m mockLogCorrelationService[33m.[39mlinkLog 
[33m||[39m [0m

      at Object.isValidCorrelationId (server/testing/service
s/logProcessingPipeline.service.test.js:60:42)

  ΓùÅ Log Processing Pipeline Service ΓÇ║ processLog ΓÇ║ 
should generate new correlation ID for invalid ones

    TypeError: Cannot read properties of undefined (reading 
'isValidCorrelationId')

    [0m [90m 58 |[39m         [90m// Setup default mock 
implementations[39m
     [90m 59 |[39m         [90m// The service uses the 
default export, so we need to set up mocks on the default 
object[39m
    [31m[1m>[22m[39m[90m 60 |[39m         mockCorrelat
ionIdService[33m.[39m[36mdefault[39m[33m.[39misValidCo
rrelationId[33m.[39mmockReturnValue([36mtrue[39m)[33m;
[39m
     [90m    |[39m                                        
  [31m[1m^[22m[39m
     [90m 61 |[39m         mockCorrelationIdService[33m.
[39m[36mdefault[39m[33m.[39mgenerateCorrelationId[33m.
[39mmockReturnValue([32m'new-corr-123'[39m)[33m;[39m
     [90m 62 |[39m         
     [90m 63 |[39m         [36mconst[39m linkLogMock 
[33m=[39m mockLogCorrelationService[33m.[39mlinkLog 
[33m||[39m [0m

      at Object.isValidCorrelationId (server/testing/service
s/logProcessingPipeline.service.test.js:60:42)

  ΓùÅ Log Processing Pipeline Service ΓÇ║ processLog ΓÇ║ 
should detect and report security events

    TypeError: Cannot read properties of undefined (reading 
'isValidCorrelationId')

    [0m [90m 58 |[39m         [90m// Setup default mock 
implementations[39m
     [90m 59 |[39m         [90m// The service uses the 
default export, so we need to set up mocks on the default 
object[39m
    [31m[1m>[22m[39m[90m 60 |[39m         mockCorrelat
ionIdService[33m.[39m[36mdefault[39m[33m.[39misValidCo
rrelationId[33m.[39mmockReturnValue([36mtrue[39m)[33m;
[39m
     [90m    |[39m                                        
  [31m[1m^[22m[39m
     [90m 61 |[39m         mockCorrelationIdService[33m.
[39m[36mdefault[39m[33m.[39mgenerateCorrelationId[33m.
[39mmockReturnValue([32m'new-corr-123'[39m)[33m;[39m
     [90m 62 |[39m         
     [90m 63 |[39m         [36mconst[39m linkLogMock 
[33m=[39m mockLogCorrelationService[33m.[39mlinkLog 
[33m||[39m [0m

      at Object.isValidCorrelationId (server/testing/service
s/logProcessingPipeline.service.test.js:60:42)

  ΓùÅ Log Processing Pipeline Service ΓÇ║ processLog ΓÇ║ 
should route logs to appropriate storage based on security 
events

    TypeError: Cannot read properties of undefined (reading 
'isValidCorrelationId')

    [0m [90m 58 |[39m         [90m// Setup default mock 
implementations[39m
     [90m 59 |[39m         [90m// The service uses the 
default export, so we need to set up mocks on the default 
object[39m
    [31m[1m>[22m[39m[90m 60 |[39m         mockCorrelat
ionIdService[33m.[39m[36mdefault[39m[33m.[39misValidCo
rrelationId[33m.[39mmockReturnValue([36mtrue[39m)[33m;
[39m
     [90m    |[39m                                        
  [31m[1m^[22m[39m
     [90m 61 |[39m         mockCorrelationIdService[33m.
[39m[36mdefault[39m[33m.[39mgenerateCorrelationId[33m.
[39mmockReturnValue([32m'new-corr-123'[39m)[33m;[39m
     [90m 62 |[39m         
     [90m 63 |[39m         [36mconst[39m linkLogMock 
[33m=[39m mockLogCorrelationService[33m.[39mlinkLog 
[33m||[39m [0m

      at Object.isValidCorrelationId (server/testing/service
s/logProcessingPipeline.service.test.js:60:42)

  ΓùÅ Log Processing Pipeline Service ΓÇ║ processLog ΓÇ║ 
should route error logs to error storage

    TypeError: Cannot read properties of undefined (reading 
'isValidCorrelationId')

    [0m [90m 58 |[39m         [90m// Setup default mock 
implementations[39m
     [90m 59 |[39m         [90m// The service uses the 
default export, so we need to set up mocks on the default 
object[39m
    [31m[1m>[22m[39m[90m 60 |[39m         mockCorrelat
ionIdService[33m.[39m[36mdefault[39m[33m.[39misValidCo
rrelationId[33m.[39mmockReturnValue([36mtrue[39m)[33m;
[39m
     [90m    |[39m                                        
  [31m[1m^[22m[39m
     [90m 61 |[39m         mockCorrelationIdService[33m.
[39m[36mdefault[39m[33m.[39mgenerateCorrelationId[33m.
[39mmockReturnValue([32m'new-corr-123'[39m)[33m;[39m
     [90m 62 |[39m         
     [90m 63 |[39m         [36mconst[39m linkLogMock 
[33m=[39m mockLogCorrelationService[33m.[39mlinkLog 
[33m||[39m [0m

      at Object.isValidCorrelationId (server/testing/service
s/logProcessingPipeline.service.test.js:60:42)

  ΓùÅ Log Processing Pipeline Service ΓÇ║ processLog ΓÇ║ 
should route performance logs to performance storage

    TypeError: Cannot read properties of undefined (reading 
'isValidCorrelationId')

    [0m [90m 58 |[39m         [90m// Setup default mock 
implementations[39m
     [90m 59 |[39m         [90m// The service uses the 
default export, so we need to set up mocks on the default 
object[39m
    [31m[1m>[22m[39m[90m 60 |[39m         mockCorrelat
ionIdService[33m.[39m[36mdefault[39m[33m.[39misValidCo
rrelationId[33m.[39mmockReturnValue([36mtrue[39m)[33m;
[39m
     [90m    |[39m                                        
  [31m[1m^[22m[39m
     [90m 61 |[39m         mockCorrelationIdService[33m.
[39m[36mdefault[39m[33m.[39mgenerateCorrelationId[33m.
[39mmockReturnValue([32m'new-corr-123'[39m)[33m;[39m
     [90m 62 |[39m         
     [90m 63 |[39m         [36mconst[39m linkLogMock 
[33m=[39m mockLogCorrelationService[33m.[39mlinkLog 
[33m||[39m [0m

      at Object.isValidCorrelationId (server/testing/service
s/logProcessingPipeline.service.test.js:60:42)

  ΓùÅ Log Processing Pipeline Service ΓÇ║ processLog ΓÇ║ 
should handle storage failures

    TypeError: Cannot read properties of undefined (reading 
'isValidCorrelationId')

    [0m [90m 58 |[39m         [90m// Setup default mock 
implementations[39m
     [90m 59 |[39m         [90m// The service uses the 
default export, so we need to set up mocks on the default 
object[39m
    [31m[1m>[22m[39m[90m 60 |[39m         mockCorrelat
ionIdService[33m.[39m[36mdefault[39m[33m.[39misValidCo
rrelationId[33m.[39mmockReturnValue([36mtrue[39m)[33m;
[39m
     [90m    |[39m                                        
  [31m[1m^[22m[39m
     [90m 61 |[39m         mockCorrelationIdService[33m.
[39m[36mdefault[39m[33m.[39mgenerateCorrelationId[33m.
[39mmockReturnValue([32m'new-corr-123'[39m)[33m;[39m
     [90m 62 |[39m         
     [90m 63 |[39m         [36mconst[39m linkLogMock 
[33m=[39m mockLogCorrelationService[33m.[39mlinkLog 
[33m||[39m [0m

      at Object.isValidCorrelationId (server/testing/service
s/logProcessingPipeline.service.test.js:60:42)

  ΓùÅ Log Processing Pipeline Service ΓÇ║ processLog ΓÇ║ 
should handle processing exceptions

    TypeError: Cannot read properties of undefined (reading 
'isValidCorrelationId')

    [0m [90m 58 |[39m         [90m// Setup default mock 
implementations[39m
     [90m 59 |[39m         [90m// The service uses the 
default export, so we need to set up mocks on the default 
object[39m
    [31m[1m>[22m[39m[90m 60 |[39m         mockCorrelat
ionIdService[33m.[39m[36mdefault[39m[33m.[39misValidCo
rrelationId[33m.[39mmockReturnValue([36mtrue[39m)[33m;
[39m
     [90m    |[39m                                        
  [31m[1m^[22m[39m
     [90m 61 |[39m         mockCorrelationIdService[33m.
[39m[36mdefault[39m[33m.[39mgenerateCorrelationId[33m.
[39mmockReturnValue([32m'new-corr-123'[39m)[33m;[39m
     [90m 62 |[39m         
     [90m 63 |[39m         [36mconst[39m linkLogMock 
[33m=[39m mockLogCorrelationService[33m.[39mlinkLog 
[33m||[39m [0m

      at Object.isValidCorrelationId (server/testing/service
s/logProcessingPipeline.service.test.js:60:42)

  ΓùÅ Log Processing Pipeline Service ΓÇ║ processLog ΓÇ║ 
should track processing timeout warnings

    TypeError: Cannot read properties of undefined (reading 
'isValidCorrelationId')

    [0m [90m 58 |[39m         [90m// Setup default mock 
implementations[39m
     [90m 59 |[39m         [90m// The service uses the 
default export, so we need to set up mocks on the default 
object[39m
    [31m[1m>[22m[39m[90m 60 |[39m         mockCorrelat
ionIdService[33m.[39m[36mdefault[39m[33m.[39misValidCo
rrelationId[33m.[39mmockReturnValue([36mtrue[39m)[33m;
[39m
     [90m    |[39m                                        
  [31m[1m^[22m[39m
     [90m 61 |[39m         mockCorrelationIdService[33m.
[39m[36mdefault[39m[33m.[39mgenerateCorrelationId[33m.
[39mmockReturnValue([32m'new-corr-123'[39m)[33m;[39m
     [90m 62 |[39m         
     [90m 63 |[39m         [36mconst[39m linkLogMock 
[33m=[39m mockLogCorrelationService[33m.[39mlinkLog 
[33m||[39m [0m

      at Object.isValidCorrelationId (server/testing/service
s/logProcessingPipeline.service.test.js:60:42)

  ΓùÅ Log Processing Pipeline Service ΓÇ║ processLog ΓÇ║ 
should update processing statistics

    TypeError: Cannot read properties of undefined (reading 
'isValidCorrelationId')

    [0m [90m 58 |[39m         [90m// Setup default mock 
implementations[39m
     [90m 59 |[39m         [90m// The service uses the 
default export, so we need to set up mocks on the default 
object[39m
    [31m[1m>[22m[39m[90m 60 |[39m         mockCorrelat
ionIdService[33m.[39m[36mdefault[39m[33m.[39misValidCo
rrelationId[33m.[39mmockReturnValue([36mtrue[39m)[33m;
[39m
     [90m    |[39m                                        
  [31m[1m^[22m[39m
     [90m 61 |[39m         mockCorrelationIdService[33m.
[39m[36mdefault[39m[33m.[39mgenerateCorrelationId[33m.
[39mmockReturnValue([32m'new-corr-123'[39m)[33m;[39m
     [90m 62 |[39m         
     [90m 63 |[39m         [36mconst[39m linkLogMock 
[33m=[39m mockLogCorrelationService[33m.[39mlinkLog 
[33m||[39m [0m

      at Object.isValidCorrelationId (server/testing/service
s/logProcessingPipeline.service.test.js:60:42)

  ΓùÅ Log Processing Pipeline Service ΓÇ║ validateLogEntry 
ΓÇ║ should validate required fields

    TypeError: Cannot read properties of undefined (reading 
'isValidCorrelationId')

    [0m [90m 58 |[39m         [90m// Setup default mock 
implementations[39m
     [90m 59 |[39m         [90m// The service uses the 
default export, so we need to set up mocks on the default 
object[39m
    [31m[1m>[22m[39m[90m 60 |[39m         mockCorrelat
ionIdService[33m.[39m[36mdefault[39m[33m.[39misValidCo
rrelationId[33m.[39mmockReturnValue([36mtrue[39m)[33m;
[39m
     [90m    |[39m                                        
  [31m[1m^[22m[39m
     [90m 61 |[39m         mockCorrelationIdService[33m.
[39m[36mdefault[39m[33m.[39mgenerateCorrelationId[33m.
[39mmockReturnValue([32m'new-corr-123'[39m)[33m;[39m
     [90m 62 |[39m         
     [90m 63 |[39m         [36mconst[39m linkLogMock 
[33m=[39m mockLogCorrelationService[33m.[39mlinkLog 
[33m||[39m [0m

      at Object.isValidCorrelationId (server/testing/service
s/logProcessingPipeline.service.test.js:60:42)

  ΓùÅ Log Processing Pipeline Service ΓÇ║ validateLogEntry 
ΓÇ║ should detect missing required fields

    TypeError: Cannot read properties of undefined (reading 
'isValidCorrelationId')

    [0m [90m 58 |[39m         [90m// Setup default mock 
implementations[39m
     [90m 59 |[39m         [90m// The service uses the 
default export, so we need to set up mocks on the default 
object[39m
    [31m[1m>[22m[39m[90m 60 |[39m         mockCorrelat
ionIdService[33m.[39m[36mdefault[39m[33m.[39misValidCo
rrelationId[33m.[39mmockReturnValue([36mtrue[39m)[33m;
[39m
     [90m    |[39m                                        
  [31m[1m^[22m[39m
     [90m 61 |[39m         mockCorrelationIdService[33m.
[39m[36mdefault[39m[33m.[39mgenerateCorrelationId[33m.
[39mmockReturnValue([32m'new-corr-123'[39m)[33m;[39m
     [90m 62 |[39m         
     [90m 63 |[39m         [36mconst[39m linkLogMock 
[33m=[39m mockLogCorrelationService[33m.[39mlinkLog 
[33m||[39m [0m

      at Object.isValidCorrelationId (server/testing/service
s/logProcessingPipeline.service.test.js:60:42)

  ΓùÅ Log Processing Pipeline Service ΓÇ║ validateLogEntry 
ΓÇ║ should validate timestamp format

    TypeError: Cannot read properties of undefined (reading 
'isValidCorrelationId')

    [0m [90m 58 |[39m         [90m// Setup default mock 
implementations[39m
     [90m 59 |[39m         [90m// The service uses the 
default export, so we need to set up mocks on the default 
object[39m
    [31m[1m>[22m[39m[90m 60 |[39m         mockCorrelat
ionIdService[33m.[39m[36mdefault[39m[33m.[39misValidCo
rrelationId[33m.[39mmockReturnValue([36mtrue[39m)[33m;
[39m
     [90m    |[39m                                        
  [31m[1m^[22m[39m
     [90m 61 |[39m         mockCorrelationIdService[33m.
[39m[36mdefault[39m[33m.[39mgenerateCorrelationId[33m.
[39mmockReturnValue([32m'new-corr-123'[39m)[33m;[39m
     [90m 62 |[39m         
     [90m 63 |[39m         [36mconst[39m linkLogMock 
[33m=[39m mockLogCorrelationService[33m.[39mlinkLog 
[33m||[39m [0m

      at Object.isValidCorrelationId (server/testing/service
s/logProcessingPipeline.service.test.js:60:42)

  ΓùÅ Log Processing Pipeline Service ΓÇ║ validateLogEntry 
ΓÇ║ should validate log level

    TypeError: Cannot read properties of undefined (reading 
'isValidCorrelationId')

    [0m [90m 58 |[39m         [90m// Setup default mock 
implementations[39m
     [90m 59 |[39m         [90m// The service uses the 
default export, so we need to set up mocks on the default 
object[39m
    [31m[1m>[22m[39m[90m 60 |[39m         mockCorrelat
ionIdService[33m.[39m[36mdefault[39m[33m.[39misValidCo
rrelationId[33m.[39mmockReturnValue([36mtrue[39m)[33m;
[39m
     [90m    |[39m                                        
  [31m[1m^[22m[39m
     [90m 61 |[39m         mockCorrelationIdService[33m.
[39m[36mdefault[39m[33m.[39mgenerateCorrelationId[33m.
[39mmockReturnValue([32m'new-corr-123'[39m)[33m;[39m
     [90m 62 |[39m         
     [90m 63 |[39m         [36mconst[39m linkLogMock 
[33m=[39m mockLogCorrelationService[33m.[39mlinkLog 
[33m||[39m [0m

      at Object.isValidCorrelationId (server/testing/service
s/logProcessingPipeline.service.test.js:60:42)

  ΓùÅ Log Processing Pipeline Service ΓÇ║ validateLogEntry 
ΓÇ║ should validate source field

    TypeError: Cannot read properties of undefined (reading 
'isValidCorrelationId')

    [0m [90m 58 |[39m         [90m// Setup default mock 
implementations[39m
     [90m 59 |[39m         [90m// The service uses the 
default export, so we need to set up mocks on the default 
object[39m
    [31m[1m>[22m[39m[90m 60 |[39m         mockCorrelat
ionIdService[33m.[39m[36mdefault[39m[33m.[39misValidCo
rrelationId[33m.[39mmockReturnValue([36mtrue[39m)[33m;
[39m
     [90m    |[39m                                        
  [31m[1m^[22m[39m
     [90m 61 |[39m         mockCorrelationIdService[33m.
[39m[36mdefault[39m[33m.[39mgenerateCorrelationId[33m.
[39mmockReturnValue([32m'new-corr-123'[39m)[33m;[39m
     [90m 62 |[39m         
     [90m 63 |[39m         [36mconst[39m linkLogMock 
[33m=[39m mockLogCorrelationService[33m.[39mlinkLog 
[33m||[39m [0m

      at Object.isValidCorrelationId (server/testing/service
s/logProcessingPipeline.service.test.js:60:42)

  ΓùÅ Log Processing Pipeline Service ΓÇ║ validateLogEntry 
ΓÇ║ should warn about long messages

    TypeError: Cannot read properties of undefined (reading 
'isValidCorrelationId')

    [0m [90m 58 |[39m         [90m// Setup default mock 
implementations[39m
     [90m 59 |[39m         [90m// The service uses the 
default export, so we need to set up mocks on the default 
object[39m
    [31m[1m>[22m[39m[90m 60 |[39m         mockCorrelat
ionIdService[33m.[39m[36mdefault[39m[33m.[39misValidCo
rrelationId[33m.[39mmockReturnValue([36mtrue[39m)[33m;
[39m
     [90m    |[39m                                        
  [31m[1m^[22m[39m
     [90m 61 |[39m         mockCorrelationIdService[33m.
[39m[36mdefault[39m[33m.[39mgenerateCorrelationId[33m.
[39mmockReturnValue([32m'new-corr-123'[39m)[33m;[39m
     [90m 62 |[39m         
     [90m 63 |[39m         [36mconst[39m linkLogMock 
[33m=[39m mockLogCorrelationService[33m.[39mlinkLog 
[33m||[39m [0m

      at Object.isValidCorrelationId (server/testing/service
s/logProcessingPipeline.service.test.js:60:42)

  ΓùÅ Log Processing Pipeline Service ΓÇ║ validateLogEntry 
ΓÇ║ should detect suspicious content

    TypeError: Cannot read properties of undefined (reading 
'isValidCorrelationId')

    [0m [90m 58 |[39m         [90m// Setup default mock 
implementations[39m
     [90m 59 |[39m         [90m// The service uses the 
default export, so we need to set up mocks on the default 
object[39m
    [31m[1m>[22m[39m[90m 60 |[39m         mockCorrelat
ionIdService[33m.[39m[36mdefault[39m[33m.[39misValidCo
rrelationId[33m.[39mmockReturnValue([36mtrue[39m)[33m;
[39m
     [90m    |[39m                                        
  [31m[1m^[22m[39m
     [90m 61 |[39m         mockCorrelationIdService[33m.
[39m[36mdefault[39m[33m.[39mgenerateCorrelationId[33m.
[39mmockReturnValue([32m'new-corr-123'[39m)[33m;[39m
     [90m 62 |[39m         
     [90m 63 |[39m         [36mconst[39m linkLogMock 
[33m=[39m mockLogCorrelationService[33m.[39mlinkLog 
[33m||[39m [0m

      at Object.isValidCorrelationId (server/testing/service
s/logProcessingPipeline.service.test.js:60:42)

  ΓùÅ Log Processing Pipeline Service ΓÇ║ 
analyzeCrossSystemSecurity ΓÇ║ should detect rapid API calls

    TypeError: Cannot read properties of undefined (reading 
'isValidCorrelationId')

    [0m [90m 58 |[39m         [90m// Setup default mock 
implementations[39m
     [90m 59 |[39m         [90m// The service uses the 
default export, so we need to set up mocks on the default 
object[39m
    [31m[1m>[22m[39m[90m 60 |[39m         mockCorrelat
ionIdService[33m.[39m[36mdefault[39m[33m.[39misValidCo
rrelationId[33m.[39mmockReturnValue([36mtrue[39m)[33m;
[39m
     [90m    |[39m                                        
  [31m[1m^[22m[39m
     [90m 61 |[39m         mockCorrelationIdService[33m.
[39m[36mdefault[39m[33m.[39mgenerateCorrelationId[33m.
[39mmockReturnValue([32m'new-corr-123'[39m)[33m;[39m
     [90m 62 |[39m         
     [90m 63 |[39m         [36mconst[39m linkLogMock 
[33m=[39m mockLogCorrelationService[33m.[39mlinkLog 
[33m||[39m [0m

      at Object.isValidCorrelationId (server/testing/service
s/logProcessingPipeline.service.test.js:60:42)

  ΓùÅ Log Processing Pipeline Service ΓÇ║ 
analyzeCrossSystemSecurity ΓÇ║ should detect high error 
rates

    TypeError: Cannot read properties of undefined (reading 
'isValidCorrelationId')

    [0m [90m 58 |[39m         [90m// Setup default mock 
implementations[39m
     [90m 59 |[39m         [90m// The service uses the 
default export, so we need to set up mocks on the default 
object[39m
    [31m[1m>[22m[39m[90m 60 |[39m         mockCorrelat
ionIdService[33m.[39m[36mdefault[39m[33m.[39misValidCo
rrelationId[33m.[39mmockReturnValue([36mtrue[39m)[33m;
[39m
     [90m    |[39m                                        
  [31m[1m^[22m[39m
     [90m 61 |[39m         mockCorrelationIdService[33m.
[39m[36mdefault[39m[33m.[39mgenerateCorrelationId[33m.
[39mmockReturnValue([32m'new-corr-123'[39m)[33m;[39m
     [90m 62 |[39m         
     [90m 63 |[39m         [36mconst[39m linkLogMock 
[33m=[39m mockLogCorrelationService[33m.[39mlinkLog 
[33m||[39m [0m

      at Object.isValidCorrelationId (server/testing/service
s/logProcessingPipeline.service.test.js:60:42)

  ΓùÅ Log Processing Pipeline Service ΓÇ║ 
analyzeCrossSystemSecurity ΓÇ║ should handle analysis 
errors gracefully

    TypeError: Cannot read properties of undefined (reading 
'isValidCorrelationId')

    [0m [90m 58 |[39m         [90m// Setup default mock 
implementations[39m
     [90m 59 |[39m         [90m// The service uses the 
default export, so we need to set up mocks on the default 
object[39m
    [31m[1m>[22m[39m[90m 60 |[39m         mockCorrelat
ionIdService[33m.[39m[36mdefault[39m[33m.[39misValidCo
rrelationId[33m.[39mmockReturnValue([36mtrue[39m)[33m;
[39m
     [90m    |[39m                                        
  [31m[1m^[22m[39m
     [90m 61 |[39m         mockCorrelationIdService[33m.
[39m[36mdefault[39m[33m.[39mgenerateCorrelationId[33m.
[39mmockReturnValue([32m'new-corr-123'[39m)[33m;[39m
     [90m 62 |[39m         
     [90m 63 |[39m         [36mconst[39m linkLogMock 
[33m=[39m mockLogCorrelationService[33m.[39mlinkLog 
[33m||[39m [0m

      at Object.isValidCorrelationId (server/testing/service
s/logProcessingPipeline.service.test.js:60:42)

  ΓùÅ Log Processing Pipeline Service ΓÇ║ healthCheck ΓÇ║ 
should return healthy status

    TypeError: Cannot read properties of undefined (reading 
'isValidCorrelationId')

    [0m [90m 58 |[39m         [90m// Setup default mock 
implementations[39m
     [90m 59 |[39m         [90m// The service uses the 
default export, so we need to set up mocks on the default 
object[39m
    [31m[1m>[22m[39m[90m 60 |[39m         mockCorrelat
ionIdService[33m.[39m[36mdefault[39m[33m.[39misValidCo
rrelationId[33m.[39mmockReturnValue([36mtrue[39m)[33m;
[39m
     [90m    |[39m                                        
  [31m[1m^[22m[39m
     [90m 61 |[39m         mockCorrelationIdService[33m.
[39m[36mdefault[39m[33m.[39mgenerateCorrelationId[33m.
[39mmockReturnValue([32m'new-corr-123'[39m)[33m;[39m
     [90m 62 |[39m         
     [90m 63 |[39m         [36mconst[39m linkLogMock 
[33m=[39m mockLogCorrelationService[33m.[39mlinkLog 
[33m||[39m [0m

      at Object.isValidCorrelationId (server/testing/service
s/logProcessingPipeline.service.test.js:60:42)

  ΓùÅ Log Processing Pipeline Service ΓÇ║ healthCheck ΓÇ║ 
should calculate success rate

    TypeError: Cannot read properties of undefined (reading 
'isValidCorrelationId')

    [0m [90m 58 |[39m         [90m// Setup default mock 
implementations[39m
     [90m 59 |[39m         [90m// The service uses the 
default export, so we need to set up mocks on the default 
object[39m
    [31m[1m>[22m[39m[90m 60 |[39m         mockCorrelat
ionIdService[33m.[39m[36mdefault[39m[33m.[39misValidCo
rrelationId[33m.[39mmockReturnValue([36mtrue[39m)[33m;
[39m
     [90m    |[39m                                        
  [31m[1m^[22m[39m
     [90m 61 |[39m         mockCorrelationIdService[33m.
[39m[36mdefault[39m[33m.[39mgenerateCorrelationId[33m.
[39mmockReturnValue([32m'new-corr-123'[39m)[33m;[39m
     [90m 62 |[39m         
     [90m 63 |[39m         [36mconst[39m linkLogMock 
[33m=[39m mockLogCorrelationService[33m.[39mlinkLog 
[33m||[39m [0m

      at Object.isValidCorrelationId (server/testing/service
s/logProcessingPipeline.service.test.js:60:42)

  ΓùÅ Log Processing Pipeline Service ΓÇ║ healthCheck ΓÇ║ 
should handle health check errors

    TypeError: Cannot read properties of undefined (reading 
'isValidCorrelationId')

    [0m [90m 58 |[39m         [90m// Setup default mock 
implementations[39m
     [90m 59 |[39m         [90m// The service uses the 
default export, so we need to set up mocks on the default 
object[39m
    [31m[1m>[22m[39m[90m 60 |[39m         mockCorrelat
ionIdService[33m.[39m[36mdefault[39m[33m.[39misValidCo
rrelationId[33m.[39mmockReturnValue([36mtrue[39m)[33m;
[39m
     [90m    |[39m                                        
  [31m[1m^[22m[39m
     [90m 61 |[39m         mockCorrelationIdService[33m.
[39m[36mdefault[39m[33m.[39mgenerateCorrelationId[33m.
[39mmockReturnValue([32m'new-corr-123'[39m)[33m;[39m
     [90m 62 |[39m         
     [90m 63 |[39m         [36mconst[39m linkLogMock 
[33m=[39m mockLogCorrelationService[33m.[39mlinkLog 
[33m||[39m [0m

      at Object.isValidCorrelationId (server/testing/service
s/logProcessingPipeline.service.test.js:60:42)

  ΓùÅ Log Processing Pipeline Service ΓÇ║ helper methods 
ΓÇ║ should generate unique processing IDs

    TypeError: Cannot read properties of undefined (reading 
'isValidCorrelationId')

    [0m [90m 58 |[39m         [90m// Setup default mock 
implementations[39m
     [90m 59 |[39m         [90m// The service uses the 
default export, so we need to set up mocks on the default 
object[39m
    [31m[1m>[22m[39m[90m 60 |[39m         mockCorrelat
ionIdService[33m.[39m[36mdefault[39m[33m.[39misValidCo
rrelationId[33m.[39mmockReturnValue([36mtrue[39m)[33m;
[39m
     [90m    |[39m                                        
  [31m[1m^[22m[39m
     [90m 61 |[39m         mockCorrelationIdService[33m.
[39m[36mdefault[39m[33m.[39mgenerateCorrelationId[33m.
[39mmockReturnValue([32m'new-corr-123'[39m)[33m;[39m
     [90m 62 |[39m         
     [90m 63 |[39m         [36mconst[39m linkLogMock 
[33m=[39m mockLogCorrelationService[33m.[39mlinkLog 
[33m||[39m [0m

      at Object.isValidCorrelationId (server/testing/service
s/logProcessingPipeline.service.test.js:60:42)

  ΓùÅ Log Processing Pipeline Service ΓÇ║ helper methods 
ΓÇ║ should validate timestamps correctly

    TypeError: Cannot read properties of undefined (reading 
'isValidCorrelationId')

    [0m [90m 58 |[39m         [90m// Setup default mock 
implementations[39m
     [90m 59 |[39m         [90m// The service uses the 
default export, so we need to set up mocks on the default 
object[39m
    [31m[1m>[22m[39m[90m 60 |[39m         mockCorrelat
ionIdService[33m.[39m[36mdefault[39m[33m.[39misValidCo
rrelationId[33m.[39mmockReturnValue([36mtrue[39m)[33m;
[39m
     [90m    |[39m                                        
  [31m[1m^[22m[39m
     [90m 61 |[39m         mockCorrelationIdService[33m.
[39m[36mdefault[39m[33m.[39mgenerateCorrelationId[33m.
[39mmockReturnValue([32m'new-corr-123'[39m)[33m;[39m
     [90m 62 |[39m         
     [90m 63 |[39m         [36mconst[39m linkLogMock 
[33m=[39m mockLogCorrelationService[33m.[39mlinkLog 
[33m||[39m [0m

      at Object.isValidCorrelationId (server/testing/service
s/logProcessingPipeline.service.test.js:60:42)

  ΓùÅ Log Processing Pipeline Service ΓÇ║ helper methods 
ΓÇ║ should detect suspicious content patterns

    TypeError: Cannot read properties of undefined (reading 
'isValidCorrelationId')

    [0m [90m 58 |[39m         [90m// Setup default mock 
implementations[39m
     [90m 59 |[39m         [90m// The service uses the 
default export, so we need to set up mocks on the default 
object[39m
    [31m[1m>[22m[39m[90m 60 |[39m         mockCorrelat
ionIdService[33m.[39m[36mdefault[39m[33m.[39misValidCo
rrelationId[33m.[39mmockReturnValue([36mtrue[39m)[33m;
[39m
     [90m    |[39m                                        
  [31m[1m^[22m[39m
     [90m 61 |[39m         mockCorrelationIdService[33m.
[39m[36mdefault[39m[33m.[39mgenerateCorrelationId[33m.
[39mmockReturnValue([32m'new-corr-123'[39m)[33m;[39m
     [90m 62 |[39m         
     [90m 63 |[39m         [36mconst[39m linkLogMock 
[33m=[39m mockLogCorrelationService[33m.[39mlinkLog 
[33m||[39m [0m

      at Object.isValidCorrelationId (server/testing/service
s/logProcessingPipeline.service.test.js:60:42)

  ΓùÅ Log Processing Pipeline Service ΓÇ║ helper methods 
ΓÇ║ should sanitize log entries

    TypeError: Cannot read properties of undefined (reading 
'isValidCorrelationId')

    [0m [90m 58 |[39m         [90m// Setup default mock 
implementations[39m
     [90m 59 |[39m         [90m// The service uses the 
default export, so we need to set up mocks on the default 
object[39m
    [31m[1m>[22m[39m[90m 60 |[39m         mockCorrelat
ionIdService[33m.[39m[36mdefault[39m[33m.[39misValidCo
rrelationId[33m.[39mmockReturnValue([36mtrue[39m)[33m;
[39m
     [90m    |[39m                                        
  [31m[1m^[22m[39m
     [90m 61 |[39m         mockCorrelationIdService[33m.
[39m[36mdefault[39m[33m.[39mgenerateCorrelationId[33m.
[39mmockReturnValue([32m'new-corr-123'[39m)[33m;[39m
     [90m 62 |[39m         
     [90m 63 |[39m         [36mconst[39m linkLogMock 
[33m=[39m mockLogCorrelationService[33m.[39mlinkLog 
[33m||[39m [0m

      at Object.isValidCorrelationId (server/testing/service
s/logProcessingPipeline.service.test.js:60:42)

  ΓùÅ Log Processing Pipeline Service ΓÇ║ getStats ΓÇ║ 
should return processing statistics with success rate

    TypeError: Cannot read properties of undefined (reading 
'isValidCorrelationId')

    [0m [90m 58 |[39m         [90m// Setup default mock 
implementations[39m
     [90m 59 |[39m         [90m// The service uses the 
default export, so we need to set up mocks on the default 
object[39m
    [31m[1m>[22m[39m[90m 60 |[39m         mockCorrelat
ionIdService[33m.[39m[36mdefault[39m[33m.[39misValidCo
rrelationId[33m.[39mmockReturnValue([36mtrue[39m)[33m;
[39m
     [90m    |[39m                                        
  [31m[1m^[22m[39m
     [90m 61 |[39m         mockCorrelationIdService[33m.
[39m[36mdefault[39m[33m.[39mgenerateCorrelationId[33m.
[39mmockReturnValue([32m'new-corr-123'[39m)[33m;[39m
     [90m 62 |[39m         
     [90m 63 |[39m         [36mconst[39m linkLogMock 
[33m=[39m mockLogCorrelationService[33m.[39mlinkLog 
[33m||[39m [0m

      at Object.isValidCorrelationId (server/testing/service
s/logProcessingPipeline.service.test.js:60:42)

  ΓùÅ Log Processing Pipeline Service ΓÇ║ getStats ΓÇ║ 
should handle zero processed logs

    TypeError: Cannot read properties of undefined (reading 
'isValidCorrelationId')

    [0m [90m 58 |[39m         [90m// Setup default mock 
implementations[39m
     [90m 59 |[39m         [90m// The service uses the 
default export, so we need to set up mocks on the default 
object[39m
    [31m[1m>[22m[39m[90m 60 |[39m         mockCorrelat
ionIdService[33m.[39m[36mdefault[39m[33m.[39misValidCo
rrelationId[33m.[39mmockReturnValue([36mtrue[39m)[33m;
[39m
     [90m    |[39m                                        
  [31m[1m^[22m[39m
     [90m 61 |[39m         mockCorrelationIdService[33m.
[39m[36mdefault[39m[33m.[39mgenerateCorrelationId[33m.
[39mmockReturnValue([32m'new-corr-123'[39m)[33m;[39m
     [90m 62 |[39m         
     [90m 63 |[39m         [36mconst[39m linkLogMock 
[33m=[39m mockLogCorrelationService[33m.[39mlinkLog 
[33m||[39m [0m

      at Object.isValidCorrelationId (server/testing/service
s/logProcessingPipeline.service.test.js:60:42)

FAIL server/testing/services/alertGeneration.service.test.js
  ΓùÅ Console

    console.log
      2025-12-22 13:24:58 [PLATFORM] [[31merror[39m]: 
Alert: System Alert {
        "platform": true,
        "alertId": "bfd57bc2-28bb-4c61-a393-d9ddf89e270f",
        "alert": {
          "id": "bfd57bc2-28bb-4c61-a393-d9ddf89e270f",
          "timestamp": "2025-12-22T11:24:58.291Z",
          "severity": "critical",
          "type": "system_error",
          "title": "System Alert",
          "message": "Critical test alert",
          "source": "system",
          "metadata": {},
          "context": {}
        },
        "alertDelivery": true
      }

      at Console.write [as log] (node_modules/winston/lib/wi
nston/transports/console.js:87:23)

    console.log
      2025-12-22 13:24:58 [PLATFORM] [[31merror[39m]: 
Alert: System Alert {
        "platform": true,
        "alertId": "02576e71-1c79-4497-af67-b7f9cd946916",
        "alert": {
          "id": "02576e71-1c79-4497-af67-b7f9cd946916",
          "timestamp": "2025-12-22T11:24:58.302Z",
          "severity": "critical",
          "type": "security_breach",
          "title": "System Alert",
          "message": "Rate limit test",
          "source": "system",
          "metadata": {},
          "context": {}
        },
        "alertDelivery": true
      }

      at Console.write [as log] (node_modules/winston/lib/wi
nston/transports/console.js:87:23)

    console.log
      2025-12-22 13:24:58 [PLATFORM] [[31merror[39m]: 
Alert: System Alert {
        "platform": true,
        "alertId": "e723e4b5-8cfc-401f-bfc2-3b1db24b2a33",
        "alert": {
          "id": "e723e4b5-8cfc-401f-bfc2-3b1db24b2a33",
          "timestamp": "2025-12-22T11:24:58.303Z",
          "severity": "critical",
          "type": "security_breach",
          "title": "System Alert",
          "message": "Rate limit test",
          "source": "system",
          "metadata": {},
          "context": {}
        },
        "alertDelivery": true
      }

      at Console.write [as log] (node_modules/winston/lib/wi
nston/transports/console.js:87:23)

    console.log
      2025-12-22 13:24:58 [PLATFORM] [[31merror[39m]: 
Alert: System Alert {
        "platform": true,
        "alertId": "127b943e-ba68-4969-b5fc-9e43080d7b81",
        "alert": {
          "id": "127b943e-ba68-4969-b5fc-9e43080d7b81",
          "timestamp": "2025-12-22T11:24:58.305Z",
          "severity": "critical",
          "type": "security_breach",
          "title": "System Alert",
          "message": "Rate limit test",
          "source": "system",
          "metadata": {},
          "context": {}
        },
        "alertDelivery": true
      }

      at Console.write [as log] (node_modules/winston/lib/wi
nston/transports/console.js:87:23)

    console.log
      2025-12-22 13:24:58 [PLATFORM] [[31merror[39m]: 
Alert: System Alert {
        "platform": true,
        "alertId": "77a776e3-a3f3-4de5-a1d5-0472c8ed2682",
        "alert": {
          "id": "77a776e3-a3f3-4de5-a1d5-0472c8ed2682",
          "timestamp": "2025-12-22T11:24:58.306Z",
          "severity": "critical",
          "type": "security_breach",
          "title": "System Alert",
          "message": "Rate limit test",
          "source": "system",
          "metadata": {},
          "context": {}
        },
        "alertDelivery": true
      }

      at Console.write [as log] (node_modules/winston/lib/wi
nston/transports/console.js:87:23)

    console.log
      2025-12-22 13:24:58 [PLATFORM] [[31merror[39m]: 
Alert: System Alert {
        "platform": true,
        "alertId": "784a0da3-2591-4bab-b950-2ae3d73aabd7",
        "alert": {
          "id": "784a0da3-2591-4bab-b950-2ae3d73aabd7",
          "timestamp": "2025-12-22T11:24:58.307Z",
          "severity": "critical",
          "type": "security_breach",
          "title": "System Alert",
          "message": "Rate limit test",
          "source": "system",
          "metadata": {},
          "context": {}
        },
        "alertDelivery": true
      }

      at Console.write [as log] (node_modules/winston/lib/wi
nston/transports/console.js:87:23)

    console.log
      2025-12-22 13:24:58 [PLATFORM] [[31merror[39m]: 
Alert: System Alert {
        "platform": true,
        "alertId": "71f21fce-3254-49c6-95e9-854f64a8f8cb",
        "alert": {
          "id": "71f21fce-3254-49c6-95e9-854f64a8f8cb",
          "timestamp": "2025-12-22T11:24:58.308Z",
          "severity": "critical",
          "type": "security_breach",
          "title": "System Alert",
          "message": "Rate limit test",
          "source": "system",
          "metadata": {},
          "context": {}
        },
        "alertDelivery": true
      }

      at Console.write [as log] (node_modules/winston/lib/wi
nston/transports/console.js:87:23)

    console.log
      2025-12-22 13:24:58 [PLATFORM] [[31merror[39m]: 
Alert: System Alert {
        "platform": true,
        "alertId": "7924d38d-e9c3-4030-ac05-3424a9554da9",
        "alert": {
          "id": "7924d38d-e9c3-4030-ac05-3424a9554da9",
          "timestamp": "2025-12-22T11:24:58.310Z",
          "severity": "critical",
          "type": "security_breach",
          "title": "System Alert",
          "message": "Rate limit test",
          "source": "system",
          "metadata": {},
          "context": {}
        },
        "alertDelivery": true
      }

      at Console.write [as log] (node_modules/winston/lib/wi
nston/transports/console.js:87:23)

    console.log
      2025-12-22 13:24:58 [PLATFORM] [[31merror[39m]: 
Alert: System Alert {
        "platform": true,
        "alertId": "2f974709-c0a8-43c1-96d6-f7e393099671",
        "alert": {
          "id": "2f974709-c0a8-43c1-96d6-f7e393099671",
          "timestamp": "2025-12-22T11:24:58.311Z",
          "severity": "critical",
          "type": "security_breach",
          "title": "System Alert",
          "message": "Rate limit test",
          "source": "system",
          "metadata": {},
          "context": {}
        },
        "alertDelivery": true
      }

      at Console.write [as log] (node_modules/winston/lib/wi
nston/transports/console.js:87:23)

    console.log
      2025-12-22 13:24:58 [PLATFORM] [[31merror[39m]: 
Alert: System Alert {
        "platform": true,
        "alertId": "5d6535f4-ae34-4db4-b11a-28d19e8b7b2e",
        "alert": {
          "id": "5d6535f4-ae34-4db4-b11a-28d19e8b7b2e",
          "timestamp": "2025-12-22T11:24:58.312Z",
          "severity": "critical",
          "type": "security_breach",
          "title": "System Alert",
          "message": "Rate limit test",
          "source": "system",
          "metadata": {},
          "context": {}
        },
        "alertDelivery": true
      }

      at Console.write [as log] (node_modules/winston/lib/wi
nston/transports/console.js:87:23)

    console.log
      2025-12-22 13:24:58 [PLATFORM] [[31merror[39m]: 
Alert: System Alert {
        "platform": true,
        "alertId": "8144197b-01e4-46b0-bfa7-cf2f4c8c5611",
        "alert": {
          "id": "8144197b-01e4-46b0-bfa7-cf2f4c8c5611",
          "timestamp": "2025-12-22T11:24:58.313Z",
          "severity": "critical",
          "type": "security_breach",
          "title": "System Alert",
          "message": "Rate limit test",
          "source": "system",
          "metadata": {},
          "context": {}
        },
        "alertDelivery": true
      }

      at Console.write [as log] (node_modules/winston/lib/wi
nston/transports/console.js:87:23)

    console.log
      2025-12-22 13:24:58 [PLATFORM] [[31merror[39m]: 
Alert: System Alert {
        "platform": true,
        "alertId": "b004a47b-0b9a-4bfd-8bf4-6375145b5c19",
        "alert": {
          "id": "b004a47b-0b9a-4bfd-8bf4-6375145b5c19",
          "timestamp": "2025-12-22T11:24:58.315Z",
          "severity": "critical",
          "type": "security_breach",
          "title": "System Alert",
          "message": "Security alert",
          "source": "system",
          "metadata": {},
          "context": {}
        },
        "alertDelivery": true
      }

      at Console.write [as log] (node_modules/winston/lib/wi
nston/transports/console.js:87:23)

    console.log
      2025-12-22 13:24:58 [PLATFORM] [[31merror[39m]: 
Alert: System Alert {
        "platform": true,
        "alertId": "7403cc4c-d260-4208-bda1-22c5e0687a26",
        "alert": {
          "id": "7403cc4c-d260-4208-bda1-22c5e0687a26",
          "timestamp": "2025-12-22T11:24:58.316Z",
          "severity": "critical",
          "type": "performance_degradation",
          "title": "System Alert",
          "message": "Performance alert",
          "source": "system",
          "metadata": {},
          "context": {}
        },
        "alertDelivery": true
      }

      at Console.write [as log] (node_modules/winston/lib/wi
nston/transports/console.js:87:23)

  ΓùÅ AlertGenerationService ΓÇ║ alert history cleanup ΓÇ║ 
should clear old alerts from history

    expect(received).toBe(expected) // Object.is equality

    Expected: 2
    Received: 0

    [0m [90m 197 |[39m             })[33m;[39m
     [90m 198 |[39m
    [31m[1m>[22m[39m[90m 199 |[39m             expect(
alertGenerationService[33m.[39malertHistory[33m.[39msize
)[33m.[39mtoBe([35m2[39m)[33m;[39m
     [90m     |[39m                                       
                       [31m[1m^[22m[39m
     [90m 200 |[39m
     [90m 201 |[39m             [90m// Clear alerts 
older than 0 hours (should clear all)[39m
     [90m 202 |[39m             [36mconst[39m cleared 
[33m=[39m alertGenerationService[33m.[39mclearAlertHisto
ry([35m0[39m)[33m;[39m[0m

      at Object.toBe (server/testing/services/alertGeneratio
n.service.test.js:199:62)

FAIL server/testing/services/platformSecurityMonitoring.serv
ice.test.js
  ΓùÅ Platform Security Monitoring Service ΓÇ║ Unauthorized 
Admin Access Detection ΓÇ║ should detect failed 
authentication to admin endpoint

    TypeError: expect(received).toHaveLength(expected)

    Matcher error: received value must have a length 
property whose value must be a number

    Received has type:  object
    Received has value: Promise {}

    [0m [90m 39 |[39m
     [90m 40 |[39m             
expect(violations)[33m.[39mtoBeTruthy()[33m;[39m
    [31m[1m>[22m[39m[90m 41 |[39m             expect(v
iolations)[33m.[39mtoHaveLength([35m1[39m)[33m;[39m
     [90m    |[39m                                
[31m[1m^[22m[39m
     [90m 42 |[39m             expect(violations[[35m0[3
9m][33m.[39mtype)[33m.[39mtoBe([32m'unauthorized_admin_
access'[39m)[33m;[39m
     [90m 43 |[39m             expect(violations[[35m0[3
9m][33m.[39mseverity)[33m.[39mtoBe([32m'high'[39m)[33
m;[39m
     [90m 44 |[39m             expect(violations[[35m0[3
9m][33m.[39mdescription)[33m.[39mtoBe([32m'Failed 
authentication to admin endpoint'[39m)[33m;[39m[0m

      at Object.toHaveLength (server/testing/services/platfo
rmSecurityMonitoring.service.test.js:41:32)

  ΓùÅ Platform Security Monitoring Service ΓÇ║ Unauthorized 
Admin Access Detection ΓÇ║ should detect brute force attack 
on admin endpoint

    expect(received).toBeGreaterThan(expected)

    Matcher error: received value must be a number or bigint

    Received has value: undefined

    [0m [90m 62 |[39m
     [90m 63 |[39m             
expect(violations)[33m.[39mtoBeTruthy()[33m;[39m
    [31m[1m>[22m[39m[90m 64 |[39m             expect(v
iolations[33m.[39mlength)[33m.[39mtoBeGreaterThan([35m1
[39m)[33m;[39m
     [90m    |[39m                                       
[31m[1m^[22m[39m
     [90m 65 |[39m             
expect(violations[33m.[39msome(v [33m=>[39m 
v[33m.[39mdescription[33m.[39mincludes([32m'Brute 
force 
attack'[39m)))[33m.[39mtoBe([36mtrue[39m)[33m;[39m
     [90m 66 |[39m         })[33m;[39m
     [90m 67 |[39m[0m

      at Object.toBeGreaterThan (server/testing/services/pla
tformSecurityMonitoring.service.test.js:64:39)

  ΓùÅ Platform Security Monitoring Service ΓÇ║ Unauthorized 
Admin Access Detection ΓÇ║ should detect access without 
proper admin role

    TypeError: violations.some is not a function

    [0m [90m 80 |[39m
     [90m 81 |[39m             
expect(violations)[33m.[39mtoBeTruthy()[33m;[39m
    [31m[1m>[22m[39m[90m 82 |[39m             
expect(violations[33m.[39msome(v [33m=>[39m 
     [90m    |[39m                               
[31m[1m^[22m[39m
     [90m 83 |[39m                 
v[33m.[39mdescription[33m.[39mincludes([32m'Successful 
access to admin endpoint without admin role'[39m)
     [90m 84 |[39m             
))[33m.[39mtoBe([36mtrue[39m)[33m;[39m
     [90m 85 |[39m         })[33m;[39m[0m

      at Object.some (server/testing/services/platformSecuri
tyMonitoring.service.test.js:82:31)

  ΓùÅ Platform Security Monitoring Service ΓÇ║ Unauthorized 
Admin Access Detection ΓÇ║ should detect suspicious user 
agent

    TypeError: violations.some is not a function

    [0m [90m  99 |[39m
     [90m 100 |[39m             
expect(violations)[33m.[39mtoBeTruthy()[33m;[39m
    [31m[1m>[22m[39m[90m 101 |[39m             
expect(violations[33m.[39msome(v [33m=>[39m 
     [90m     |[39m                               
[31m[1m^[22m[39m
     [90m 102 |[39m                 
v[33m.[39mdescription[33m.[39mincludes([32m'Suspicious 
user agent'[39m)
     [90m 103 |[39m             
))[33m.[39mtoBe([36mtrue[39m)[33m;[39m
     [90m 104 |[39m         })[33m;[39m[0m

      at Object.some (server/testing/services/platformSecuri
tyMonitoring.service.test.js:101:31)

  ΓùÅ Platform Security Monitoring Service ΓÇ║ Cross-Tenant 
Violation Detection ΓÇ║ should detect cross-tenant data 
access attempt

    TypeError: expect(received).toHaveLength(expected)

    Matcher error: received value must have a length 
property whose value must be a number

    Received has type:  object
    Received has value: Promise {}

    [0m [90m 122 |[39m
     [90m 123 |[39m             
expect(violations)[33m.[39mtoBeTruthy()[33m;[39m
    [31m[1m>[22m[39m[90m 124 |[39m             expect(
violations)[33m.[39mtoHaveLength([35m1[39m)[33m;[39m
     [90m     |[39m                                
[31m[1m^[22m[39m
     [90m 125 |[39m             expect(violations[[35m0[
39m][33m.[39mtype)[33m.[39mtoBe([32m'tenant_boundary_br
each'[39m)[33m;[39m
     [90m 126 |[39m             expect(violations[[35m0[
39m][33m.[39mseverity)[33m.[39mtoBe([32m'critical'[39m
)[33m;[39m
     [90m 127 |[39m             expect(violations[[35m0[
39m][33m.[39mdescription)[33m.[39mtoBe([32m'Cross-tenan
t data access attempt detected'[39m)[33m;[39m[0m

      at Object.toHaveLength (server/testing/services/platfo
rmSecurityMonitoring.service.test.js:124:32)

  ΓùÅ Platform Security Monitoring Service ΓÇ║ Cross-Tenant 
Violation Detection ΓÇ║ should detect systematic 
cross-tenant violation pattern

    TypeError: violations.some is not a function

    [0m [90m 148 |[39m
     [90m 149 |[39m             
expect(violations)[33m.[39mtoBeTruthy()[33m;[39m
    [31m[1m>[22m[39m[90m 150 |[39m             
expect(violations[33m.[39msome(v [33m=>[39m 
     [90m     |[39m                               
[31m[1m^[22m[39m
     [90m 151 |[39m                 
v[33m.[39mdescription[33m.[39mincludes([32m'Systematic 
cross-tenant violation pattern'[39m)
     [90m 152 |[39m             
))[33m.[39mtoBe([36mtrue[39m)[33m;[39m
     [90m 153 |[39m         })[33m;[39m[0m

      at Object.some (server/testing/services/platformSecuri
tyMonitoring.service.test.js:150:31)

  ΓùÅ Platform Security Monitoring Service ΓÇ║ Cross-Tenant 
Violation Detection ΓÇ║ should detect multi-tenant data 
harvesting

    TypeError: violations.some is not a function

    [0m [90m 175 |[39m
     [90m 176 |[39m             
expect(violations)[33m.[39mtoBeTruthy()[33m;[39m
    [31m[1m>[22m[39m[90m 177 |[39m             
expect(violations[33m.[39msome(v [33m=>[39m 
     [90m     |[39m                               
[31m[1m^[22m[39m
     [90m 178 |[39m                 v[33m.[39mdescriptio
n[33m.[39mincludes([32m'Multi-tenant data harvesting 
attempt'[39m)
     [90m 179 |[39m             
))[33m.[39mtoBe([36mtrue[39m)[33m;[39m
     [90m 180 |[39m         })[33m;[39m[0m

      at Object.some (server/testing/services/platformSecuri
tyMonitoring.service.test.js:177:31)

  ΓùÅ Platform Security Monitoring Service ΓÇ║ Cross-Tenant 
Violation Detection ΓÇ║ should not detect violation for 
same company access

    expect(received).toBeNull()

    Received: Promise {}

    [0m [90m 195 |[39m             [36mconst[39m 
violations [33m=[39m platformSecurityMonitoring[33m.[39m
detectCrossTenantViolations(operationData)[33m;[39m
     [90m 196 |[39m
    [31m[1m>[22m[39m[90m 197 |[39m             
expect(violations)[33m.[39mtoBeNull()[33m;[39m
     [90m     |[39m                                
[31m[1m^[22m[39m
     [90m 198 |[39m         })[33m;[39m
     [90m 199 |[39m     })[33m;[39m
     [90m 200 |[39m[0m

      at Object.toBeNull (server/testing/services/platformSe
curityMonitoring.service.test.js:197:32)

  ΓùÅ Platform Security Monitoring Service ΓÇ║ 
Infrastructure Attack Detection ΓÇ║ should detect DDoS 
attack pattern

    TypeError: violations.some is not a function

    [0m [90m 216 |[39m
     [90m 217 |[39m             
expect(violations)[33m.[39mtoBeTruthy()[33m;[39m
    [31m[1m>[22m[39m[90m 218 |[39m             
expect(violations[33m.[39msome(v [33m=>[39m 
     [90m     |[39m                               
[31m[1m^[22m[39m
     [90m 219 |[39m                 v[33m.[39mdescriptio
n[33m.[39mincludes([32m'High-volume request pattern 
detected'[39m)
     [90m 220 |[39m             
))[33m.[39mtoBe([36mtrue[39m)[33m;[39m
     [90m 221 |[39m         })[33m;[39m[0m

      at Object.some (server/testing/services/platformSecuri
tyMonitoring.service.test.js:218:31)

  ΓùÅ Platform Security Monitoring Service ΓÇ║ 
Infrastructure Attack Detection ΓÇ║ should detect large 
request attack

    TypeError: violations.some is not a function

    [0m [90m 234 |[39m
     [90m 235 |[39m             
expect(violations)[33m.[39mtoBeTruthy()[33m;[39m
    [31m[1m>[22m[39m[90m 236 |[39m             
expect(violations[33m.[39msome(v [33m=>[39m 
     [90m     |[39m                               
[31m[1m^[22m[39m
     [90m 237 |[39m                 
v[33m.[39mdescription[33m.[39mincludes([32m'Unusually 
large request detected'[39m)
     [90m 238 |[39m             
))[33m.[39mtoBe([36mtrue[39m)[33m;[39m
     [90m 239 |[39m         })[33m;[39m[0m

      at Object.some (server/testing/services/platformSecuri
tyMonitoring.service.test.js:236:31)

  ΓùÅ Platform Security Monitoring Service ΓÇ║ 
Infrastructure Attack Detection ΓÇ║ should detect 
systematic targeting of sensitive endpoints

    TypeError: violations.some is not a function

    [0m [90m 255 |[39m
     [90m 256 |[39m             
expect(violations)[33m.[39mtoBeTruthy()[33m;[39m
    [31m[1m>[22m[39m[90m 257 |[39m             
expect(violations[33m.[39msome(v [33m=>[39m 
     [90m     |[39m                               
[31m[1m^[22m[39m
     [90m 258 |[39m                 
v[33m.[39mdescription[33m.[39mincludes([32m'Systematic 
targeting of sensitive endpoints'[39m)
     [90m 259 |[39m             
))[33m.[39mtoBe([36mtrue[39m)[33m;[39m
     [90m 260 |[39m         })[33m;[39m[0m

      at Object.some (server/testing/services/platformSecuri
tyMonitoring.service.test.js:257:31)

FAIL server/testing/controllers/request.controller.test.js 
(30.281 s)
  ΓùÅ Request System Unit Tests ΓÇ║ Tenant Isolation ΓÇ║ 
should filter requests by tenant

    MongoServerError: E11000 duplicate key error 
collection: test.departments index: tenantId_1_name_1 dup 
key: { tenantId: "test_tenant_123", name: "IT Department" }

      at InsertOneOperation.handleOk (node_modules/mongoose/
node_modules/mongodb/src/operations/insert.ts:79:13)
      at handleOk (node_modules/mongoose/node_modules/mongod
b/src/operations/execute_operation.ts:290:26)
      at executeOperation (node_modules/mongoose/node_module
s/mongodb/src/operations/execute_operation.ts:119:12)
      at Collection.insertOne (node_modules/mongoose/node_mo
dules/mongodb/src/collection.ts:294:12)

  ΓùÅ Request System Unit Tests ΓÇ║ Tenant Isolation ΓÇ║ 
should prevent cross-tenant request access

    MongoServerError: E11000 duplicate key error 
collection: test.departments index: tenantId_1_name_1 dup 
key: { tenantId: "test_tenant_123", name: "IT Department" }

      at InsertOneOperation.handleOk (node_modules/mongoose/
node_modules/mongodb/src/operations/insert.ts:79:13)
      at handleOk (node_modules/mongoose/node_modules/mongod
b/src/operations/execute_operation.ts:290:26)
      at executeOperation (node_modules/mongoose/node_module
s/mongodb/src/operations/execute_operation.ts:119:12)
      at Collection.insertOne (node_modules/mongoose/node_mo
dules/mongodb/src/collection.ts:294:12)

PASS 
server/testing/platform/tenantSuspension.property.test.js 
(57.461 s)
PASS server/testing/services/usageMetricTracking.property.te
st.js (71.234 s)
  ΓùÅ Console

    console.log
      2025-12-22 13:25:31 [[31merror[39m]: Usage tracking 
error {
        "tenantId": "69492aabfcadba224afab15c",
        "moduleKey": "leave",
        "usageType": "jxz,@|}j",
        "amount": 5,
        "error": "Invalid usage type: jxz,@|}j. Must be one 
of: employees, storage, apiCalls",
        "stack": "Error: Invalid usage type: jxz,@|}j. Must 
be one of: employees, storage, apiCalls\n    at 
UsageTracker.trackUsage (D:\\Work\\HR-SM\\server\\services\\
usageTracker.service.js:73:23)\n    at trackUsage (D:\\Work\
\HR-SM\\server\\testing\\services\\usageMetricTracking.prope
rty.test.js:441:55)\n    at processTicksAndRejections 
(node:internal/process/task_queues:105:5)\n    at 
AsyncProperty.run (D:\\Work\\HR-SM\\node_modules\\fast-check
\\lib\\check\\property\\AsyncProperty.generic.js:43:28)\n   
 at asyncRunIt (D:\\Work\\HR-SM\\node_modules\\fast-check\\l
ib\\check\\runner\\Runner.js:24:21)\n    at 
Object.<anonymous> (D:\\Work\\HR-SM\\server\\testing\\servic
es\\usageMetricTracking.property.test.js:408:9)"
      }

      at Console.write [as log] (node_modules/winston/lib/wi
nston/transports/console.js:87:23)

    console.log
      2025-12-22 13:25:31 [[31merror[39m]: Usage tracking 
error {
        "tenantId": "69492aabfcadba224afab15f",
        "moduleKey": "leave",
        "usageType": "SQ.])1",
        "amount": 3,
        "error": "Invalid usage type: SQ.])1. Must be one 
of: employees, storage, apiCalls",
        "stack": "Error: Invalid usage type: SQ.])1. Must 
be one of: employees, storage, apiCalls\n    at 
UsageTracker.trackUsage (D:\\Work\\HR-SM\\server\\services\\
usageTracker.service.js:73:23)\n    at trackUsage (D:\\Work\
\HR-SM\\server\\testing\\services\\usageMetricTracking.prope
rty.test.js:441:55)\n    at processTicksAndRejections 
(node:internal/process/task_queues:105:5)\n    at 
AsyncProperty.run (D:\\Work\\HR-SM\\node_modules\\fast-check
\\lib\\check\\property\\AsyncProperty.generic.js:43:28)\n   
 at asyncRunIt (D:\\Work\\HR-SM\\node_modules\\fast-check\\l
ib\\check\\runner\\Runner.js:24:21)\n    at 
Object.<anonymous> (D:\\Work\\HR-SM\\server\\testing\\servic
es\\usageMetricTracking.property.test.js:408:9)"
      }

      at Console.write [as log] (node_modules/winston/lib/wi
nston/transports/console.js:87:23)

    console.log
      2025-12-22 13:25:31 [[31merror[39m]: Usage tracking 
error {
        "tenantId": "69492aabfcadba224afab162",
        "moduleKey": "attendance",
        "usageType": ":C",
        "amount": 76,
        "error": "Invalid usage type: :C. Must be one of: 
employees, storage, apiCalls",
        "stack": "Error: Invalid usage type: :C. Must be 
one of: employees, storage, apiCalls\n    at 
UsageTracker.trackUsage (D:\\Work\\HR-SM\\server\\services\\
usageTracker.service.js:73:23)\n    at trackUsage (D:\\Work\
\HR-SM\\server\\testing\\services\\usageMetricTracking.prope
rty.test.js:441:55)\n    at processTicksAndRejections 
(node:internal/process/task_queues:105:5)\n    at 
AsyncProperty.run (D:\\Work\\HR-SM\\node_modules\\fast-check
\\lib\\check\\property\\AsyncProperty.generic.js:43:28)\n   
 at asyncRunIt (D:\\Work\\HR-SM\\node_modules\\fast-check\\l
ib\\check\\runner\\Runner.js:24:21)\n    at 
Object.<anonymous> (D:\\Work\\HR-SM\\server\\testing\\servic
es\\usageMetricTracking.property.test.js:408:9)"
      }

      at Console.write [as log] (node_modules/winston/lib/wi
nston/transports/console.js:87:23)

    console.log
      2025-12-22 13:25:31 [[31merror[39m]: Usage tracking 
error {
        "tenantId": "69492aabfcadba224afab165",
        "moduleKey": "attendance",
        "usageType": "jD##R~#Q",
        "amount": 37,
        "error": "Invalid usage type: jD##R~#Q. Must be one 
of: employees, storage, apiCalls",
        "stack": "Error: Invalid usage type: jD##R~#Q. Must 
be one of: employees, storage, apiCalls\n    at 
UsageTracker.trackUsage (D:\\Work\\HR-SM\\server\\services\\
usageTracker.service.js:73:23)\n    at trackUsage (D:\\Work\
\HR-SM\\server\\testing\\services\\usageMetricTracking.prope
rty.test.js:441:55)\n    at processTicksAndRejections 
(node:internal/process/task_queues:105:5)\n    at 
AsyncProperty.run (D:\\Work\\HR-SM\\node_modules\\fast-check
\\lib\\check\\property\\AsyncProperty.generic.js:43:28)\n   
 at asyncRunIt (D:\\Work\\HR-SM\\node_modules\\fast-check\\l
ib\\check\\runner\\Runner.js:24:21)\n    at 
Object.<anonymous> (D:\\Work\\HR-SM\\server\\testing\\servic
es\\usageMetricTracking.property.test.js:408:9)"
      }

      at Console.write [as log] (node_modules/winston/lib/wi
nston/transports/console.js:87:23)

    console.log
      2025-12-22 13:25:31 [[31merror[39m]: Usage tracking 
error {
        "tenantId": "69492aabfcadba224afab168",
        "moduleKey": "leave",
        "usageType": "EuGD:",
        "amount": 97,
        "error": "Invalid usage type: EuGD:. Must be one 
of: employees, storage, apiCalls",
        "stack": "Error: Invalid usage type: EuGD:. Must be 
one of: employees, storage, apiCalls\n    at 
UsageTracker.trackUsage (D:\\Work\\HR-SM\\server\\services\\
usageTracker.service.js:73:23)\n    at trackUsage (D:\\Work\
\HR-SM\\server\\testing\\services\\usageMetricTracking.prope
rty.test.js:441:55)\n    at processTicksAndRejections 
(node:internal/process/task_queues:105:5)\n    at 
AsyncProperty.run (D:\\Work\\HR-SM\\node_modules\\fast-check
\\lib\\check\\property\\AsyncProperty.generic.js:43:28)\n   
 at asyncRunIt (D:\\Work\\HR-SM\\node_modules\\fast-check\\l
ib\\check\\runner\\Runner.js:24:21)\n    at 
Object.<anonymous> (D:\\Work\\HR-SM\\server\\testing\\servic
es\\usageMetricTracking.property.test.js:408:9)"
      }

      at Console.write [as log] (node_modules/winston/lib/wi
nston/transports/console.js:87:23)

    console.log
      2025-12-22 13:25:31 [[31merror[39m]: Usage tracking 
error {
        "tenantId": "69492aabfcadba224afab16b",
        "moduleKey": "leave",
        "usageType": "<#~#",
        "amount": 3,
        "error": "Invalid usage type: <#~#. Must be one of: 
employees, storage, apiCalls",
        "stack": "Error: Invalid usage type: <#~#. Must be 
one of: employees, storage, apiCalls\n    at 
UsageTracker.trackUsage (D:\\Work\\HR-SM\\server\\services\\
usageTracker.service.js:73:23)\n    at trackUsage (D:\\Work\
\HR-SM\\server\\testing\\services\\usageMetricTracking.prope
rty.test.js:441:55)\n    at processTicksAndRejections 
(node:internal/process/task_queues:105:5)\n    at 
AsyncProperty.run (D:\\Work\\HR-SM\\node_modules\\fast-check
\\lib\\check\\property\\AsyncProperty.generic.js:43:28)\n   
 at asyncRunIt (D:\\Work\\HR-SM\\node_modules\\fast-check\\l
ib\\check\\runner\\Runner.js:24:21)\n    at 
Object.<anonymous> (D:\\Work\\HR-SM\\server\\testing\\servic
es\\usageMetricTracking.property.test.js:408:9)"
      }

      at Console.write [as log] (node_modules/winston/lib/wi
nston/transports/console.js:87:23)

    console.log
      2025-12-22 13:25:31 [[31merror[39m]: Usage tracking 
error {
        "tenantId": "69492aabfcadba224afab16e",
        "moduleKey": "attendance",
        "usageType": "-<//#",
        "amount": 100,
        "error": "Invalid usage type: -<//#. Must be one 
of: employees, storage, apiCalls",
        "stack": "Error: Invalid usage type: -<//#. Must be 
one of: employees, storage, apiCalls\n    at 
UsageTracker.trackUsage (D:\\Work\\HR-SM\\server\\services\\
usageTracker.service.js:73:23)\n    at trackUsage (D:\\Work\
\HR-SM\\server\\testing\\services\\usageMetricTracking.prope
rty.test.js:441:55)\n    at processTicksAndRejections 
(node:internal/process/task_queues:105:5)\n    at 
AsyncProperty.run (D:\\Work\\HR-SM\\node_modules\\fast-check
\\lib\\check\\property\\AsyncProperty.generic.js:43:28)\n   
 at asyncRunIt (D:\\Work\\HR-SM\\node_modules\\fast-check\\l
ib\\check\\runner\\Runner.js:24:21)\n    at 
Object.<anonymous> (D:\\Work\\HR-SM\\server\\testing\\servic
es\\usageMetricTracking.property.test.js:408:9)"
      }

      at Console.write [as log] (node_modules/winston/lib/wi
nston/transports/console.js:87:23)

    console.log
      2025-12-22 13:25:31 [[31merror[39m]: Usage tracking 
error {
        "tenantId": "69492aabfcadba224afab171",
        "moduleKey": "leave",
        "usageType": "!GC",
        "amount": 97,
        "error": "Invalid usage type: !GC. Must be one of: 
employees, storage, apiCalls",
        "stack": "Error: Invalid usage type: !GC. Must be 
one of: employees, storage, apiCalls\n    at 
UsageTracker.trackUsage (D:\\Work\\HR-SM\\server\\services\\
usageTracker.service.js:73:23)\n    at trackUsage (D:\\Work\
\HR-SM\\server\\testing\\services\\usageMetricTracking.prope
rty.test.js:441:55)\n    at processTicksAndRejections 
(node:internal/process/task_queues:105:5)\n    at 
AsyncProperty.run (D:\\Work\\HR-SM\\node_modules\\fast-check
\\lib\\check\\property\\AsyncProperty.generic.js:43:28)\n   
 at asyncRunIt (D:\\Work\\HR-SM\\node_modules\\fast-check\\l
ib\\check\\runner\\Runner.js:24:21)\n    at 
Object.<anonymous> (D:\\Work\\HR-SM\\server\\testing\\servic
es\\usageMetricTracking.property.test.js:408:9)"
      }

      at Console.write [as log] (node_modules/winston/lib/wi
nston/transports/console.js:87:23)

    console.log
      2025-12-22 13:25:31 [[31merror[39m]: Usage tracking 
error {
        "tenantId": "69492aabfcadba224afab174",
        "moduleKey": "leave",
        "usageType": "pa1|WQ",
        "amount": 37,
        "error": "Invalid usage type: pa1|WQ. Must be one 
of: employees, storage, apiCalls",
        "stack": "Error: Invalid usage type: pa1|WQ. Must 
be one of: employees, storage, apiCalls\n    at 
UsageTracker.trackUsage (D:\\Work\\HR-SM\\server\\services\\
usageTracker.service.js:73:23)\n    at trackUsage (D:\\Work\
\HR-SM\\server\\testing\\services\\usageMetricTracking.prope
rty.test.js:441:55)\n    at processTicksAndRejections 
(node:internal/process/task_queues:105:5)\n    at 
AsyncProperty.run (D:\\Work\\HR-SM\\node_modules\\fast-check
\\lib\\check\\property\\AsyncProperty.generic.js:43:28)\n   
 at asyncRunIt (D:\\Work\\HR-SM\\node_modules\\fast-check\\l
ib\\check\\runner\\Runner.js:24:21)\n    at 
Object.<anonymous> (D:\\Work\\HR-SM\\server\\testing\\servic
es\\usageMetricTracking.property.test.js:408:9)"
      }

      at Console.write [as log] (node_modules/winston/lib/wi
nston/transports/console.js:87:23)

    console.log
      2025-12-22 13:25:31 [[31merror[39m]: Usage tracking 
error {
        "tenantId": "69492aabfcadba224afab177",
        "moduleKey": "attendance",
        "usageType": "=(?",
        "amount": 97,
        "error": "Invalid usage type: =(?. Must be one of: 
employees, storage, apiCalls",
        "stack": "Error: Invalid usage type: =(?. Must be 
one of: employees, storage, apiCalls\n    at 
UsageTracker.trackUsage (D:\\Work\\HR-SM\\server\\services\\
usageTracker.service.js:73:23)\n    at trackUsage (D:\\Work\
\HR-SM\\server\\testing\\services\\usageMetricTracking.prope
rty.test.js:441:55)\n    at processTicksAndRejections 
(node:internal/process/task_queues:105:5)\n    at 
AsyncProperty.run (D:\\Work\\HR-SM\\node_modules\\fast-check
\\lib\\check\\property\\AsyncProperty.generic.js:43:28)\n   
 at asyncRunIt (D:\\Work\\HR-SM\\node_modules\\fast-check\\l
ib\\check\\runner\\Runner.js:24:21)\n    at 
Object.<anonymous> (D:\\Work\\HR-SM\\server\\testing\\servic
es\\usageMetricTracking.property.test.js:408:9)"
      }

      at Console.write [as log] (node_modules/winston/lib/wi
nston/transports/console.js:87:23)

    console.log
      2025-12-22 13:25:31 [[31merror[39m]: Usage tracking 
error {
        "tenantId": "69492aabfcadba224afab17a",
        "moduleKey": "leave",
        "usageType": "iG/3]",
        "amount": 4,
        "error": "Invalid usage type: iG/3]. Must be one 
of: employees, storage, apiCalls",
        "stack": "Error: Invalid usage type: iG/3]. Must be 
one of: employees, storage, apiCalls\n    at 
UsageTracker.trackUsage (D:\\Work\\HR-SM\\server\\services\\
usageTracker.service.js:73:23)\n    at trackUsage (D:\\Work\
\HR-SM\\server\\testing\\services\\usageMetricTracking.prope
rty.test.js:441:55)\n    at processTicksAndRejections 
(node:internal/process/task_queues:105:5)\n    at 
AsyncProperty.run (D:\\Work\\HR-SM\\node_modules\\fast-check
\\lib\\check\\property\\AsyncProperty.generic.js:43:28)\n   
 at asyncRunIt (D:\\Work\\HR-SM\\node_modules\\fast-check\\l
ib\\check\\runner\\Runner.js:24:21)\n    at 
Object.<anonymous> (D:\\Work\\HR-SM\\server\\testing\\servic
es\\usageMetricTracking.property.test.js:408:9)"
      }

      at Console.write [as log] (node_modules/winston/lib/wi
nston/transports/console.js:87:23)

    console.log
      2025-12-22 13:25:31 [[31merror[39m]: Usage tracking 
error {
        "tenantId": "69492aabfcadba224afab17d",
        "moduleKey": "leave",
        "usageType": ";.z;PrO5",
        "amount": 6,
        "error": "Invalid usage type: ;.z;PrO5. Must be one 
of: employees, storage, apiCalls",
        "stack": "Error: Invalid usage type: ;.z;PrO5. Must 
be one of: employees, storage, apiCalls\n    at 
UsageTracker.trackUsage (D:\\Work\\HR-SM\\server\\services\\
usageTracker.service.js:73:23)\n    at trackUsage (D:\\Work\
\HR-SM\\server\\testing\\services\\usageMetricTracking.prope
rty.test.js:441:55)\n    at processTicksAndRejections 
(node:internal/process/task_queues:105:5)\n    at 
AsyncProperty.run (D:\\Work\\HR-SM\\node_modules\\fast-check
\\lib\\check\\property\\AsyncProperty.generic.js:43:28)\n   
 at asyncRunIt (D:\\Work\\HR-SM\\node_modules\\fast-check\\l
ib\\check\\runner\\Runner.js:24:21)\n    at 
Object.<anonymous> (D:\\Work\\HR-SM\\server\\testing\\servic
es\\usageMetricTracking.property.test.js:408:9)"
      }

      at Console.write [as log] (node_modules/winston/lib/wi
nston/transports/console.js:87:23)

    console.log
      2025-12-22 13:25:31 [[31merror[39m]: Usage tracking 
error {
        "tenantId": "69492aabfcadba224afab180",
        "moduleKey": "leave",
        "usageType": "W>K",
        "amount": 26,
        "error": "Invalid usage type: W>K. Must be one of: 
employees, storage, apiCalls",
        "stack": "Error: Invalid usage type: W>K. Must be 
one of: employees, storage, apiCalls\n    at 
UsageTracker.trackUsage (D:\\Work\\HR-SM\\server\\services\\
usageTracker.service.js:73:23)\n    at trackUsage (D:\\Work\
\HR-SM\\server\\testing\\services\\usageMetricTracking.prope
rty.test.js:441:55)\n    at processTicksAndRejections 
(node:internal/process/task_queues:105:5)\n    at 
AsyncProperty.run (D:\\Work\\HR-SM\\node_modules\\fast-check
\\lib\\check\\property\\AsyncProperty.generic.js:43:28)\n   
 at asyncRunIt (D:\\Work\\HR-SM\\node_modules\\fast-check\\l
ib\\check\\runner\\Runner.js:24:21)\n    at 
Object.<anonymous> (D:\\Work\\HR-SM\\server\\testing\\servic
es\\usageMetricTracking.property.test.js:408:9)"
      }

      at Console.write [as log] (node_modules/winston/lib/wi
nston/transports/console.js:87:23)

    console.log
      2025-12-22 13:25:31 [[31merror[39m]: Usage tracking 
error {
        "tenantId": "69492aabfcadba224afab183",
        "moduleKey": "attendance",
        "usageType": "&$%",
        "amount": 39,
        "error": "Invalid usage type: &$%. Must be one of: 
employees, storage, apiCalls",
        "stack": "Error: Invalid usage type: &$%. Must be 
one of: employees, storage, apiCalls\n    at 
UsageTracker.trackUsage (D:\\Work\\HR-SM\\server\\services\\
usageTracker.service.js:73:23)\n    at trackUsage (D:\\Work\
\HR-SM\\server\\testing\\services\\usageMetricTracking.prope
rty.test.js:441:55)\n    at processTicksAndRejections 
(node:internal/process/task_queues:105:5)\n    at 
AsyncProperty.run (D:\\Work\\HR-SM\\node_modules\\fast-check
\\lib\\check\\property\\AsyncProperty.generic.js:43:28)\n   
 at asyncRunIt (D:\\Work\\HR-SM\\node_modules\\fast-check\\l
ib\\check\\runner\\Runner.js:24:21)\n    at 
Object.<anonymous> (D:\\Work\\HR-SM\\server\\testing\\servic
es\\usageMetricTracking.property.test.js:408:9)"
      }

      at Console.write [as log] (node_modules/winston/lib/wi
nston/transports/console.js:87:23)

    console.log
      2025-12-22 13:25:31 [[31merror[39m]: Usage tracking 
error {
        "tenantId": "69492aabfcadba224afab186",
        "moduleKey": "attendance",
        "usageType": "o;s;++-p",
        "amount": 6,
        "error": "Invalid usage type: o;s;++-p. Must be one 
of: employees, storage, apiCalls",
        "stack": "Error: Invalid usage type: o;s;++-p. Must 
be one of: employees, storage, apiCalls\n    at 
UsageTracker.trackUsage (D:\\Work\\HR-SM\\server\\services\\
usageTracker.service.js:73:23)\n    at trackUsage (D:\\Work\
\HR-SM\\server\\testing\\services\\usageMetricTracking.prope
rty.test.js:441:55)\n    at processTicksAndRejections 
(node:internal/process/task_queues:105:5)\n    at 
AsyncProperty.run (D:\\Work\\HR-SM\\node_modules\\fast-check
\\lib\\check\\property\\AsyncProperty.generic.js:43:28)\n   
 at asyncRunIt (D:\\Work\\HR-SM\\node_modules\\fast-check\\l
ib\\check\\runner\\Runner.js:24:21)\n    at 
Object.<anonymous> (D:\\Work\\HR-SM\\server\\testing\\servic
es\\usageMetricTracking.property.test.js:408:9)"
      }

      at Console.write [as log] (node_modules/winston/lib/wi
nston/transports/console.js:87:23)

    console.log
      2025-12-22 13:25:31 [[31merror[39m]: Usage tracking 
error {
        "tenantId": "69492aabfcadba224afab189",
        "moduleKey": "leave",
        "usageType": "Q?9@+G",
        "amount": 36,
        "error": "Invalid usage type: Q?9@+G. Must be one 
of: employees, storage, apiCalls",
        "stack": "Error: Invalid usage type: Q?9@+G. Must 
be one of: employees, storage, apiCalls\n    at 
UsageTracker.trackUsage (D:\\Work\\HR-SM\\server\\services\\
usageTracker.service.js:73:23)\n    at trackUsage (D:\\Work\
\HR-SM\\server\\testing\\services\\usageMetricTracking.prope
rty.test.js:441:55)\n    at processTicksAndRejections 
(node:internal/process/task_queues:105:5)\n    at 
AsyncProperty.run (D:\\Work\\HR-SM\\node_modules\\fast-check
\\lib\\check\\property\\AsyncProperty.generic.js:43:28)\n   
 at asyncRunIt (D:\\Work\\HR-SM\\node_modules\\fast-check\\l
ib\\check\\runner\\Runner.js:24:21)\n    at 
Object.<anonymous> (D:\\Work\\HR-SM\\server\\testing\\servic
es\\usageMetricTracking.property.test.js:408:9)"
      }

      at Console.write [as log] (node_modules/winston/lib/wi
nston/transports/console.js:87:23)

    console.log
      2025-12-22 13:25:31 [[31merror[39m]: Usage tracking 
error {
        "tenantId": "69492aabfcadba224afab18c",
        "moduleKey": "leave",
        "usageType": "`{_jiB8",
        "amount": 93,
        "error": "Invalid usage type: `{_jiB8. Must be one 
of: employees, storage, apiCalls",
        "stack": "Error: Invalid usage type: `{_jiB8. Must 
be one of: employees, storage, apiCalls\n    at 
UsageTracker.trackUsage (D:\\Work\\HR-SM\\server\\services\\
usageTracker.service.js:73:23)\n    at trackUsage (D:\\Work\
\HR-SM\\server\\testing\\services\\usageMetricTracking.prope
rty.test.js:441:55)\n    at processTicksAndRejections 
(node:internal/process/task_queues:105:5)\n    at 
AsyncProperty.run (D:\\Work\\HR-SM\\node_modules\\fast-check
\\lib\\check\\property\\AsyncProperty.generic.js:43:28)\n   
 at asyncRunIt (D:\\Work\\HR-SM\\node_modules\\fast-check\\l
ib\\check\\runner\\Runner.js:24:21)\n    at 
Object.<anonymous> (D:\\Work\\HR-SM\\server\\testing\\servic
es\\usageMetricTracking.property.test.js:408:9)"
      }

      at Console.write [as log] (node_modules/winston/lib/wi
nston/transports/console.js:87:23)

    console.log
      2025-12-22 13:25:31 [[31merror[39m]: Usage tracking 
error {
        "tenantId": "69492aabfcadba224afab18f",
        "moduleKey": "leave",
        "usageType": "4o=s*~HPQGE;",
        "amount": 96,
        "error": "Invalid usage type: 4o=s*~HPQGE;. Must be 
one of: employees, storage, apiCalls",
        "stack": "Error: Invalid usage type: 4o=s*~HPQGE;. 
Must be one of: employees, storage, apiCalls\n    at 
UsageTracker.trackUsage (D:\\Work\\HR-SM\\server\\services\\
usageTracker.service.js:73:23)\n    at trackUsage (D:\\Work\
\HR-SM\\server\\testing\\services\\usageMetricTracking.prope
rty.test.js:441:55)\n    at processTicksAndRejections 
(node:internal/process/task_queues:105:5)\n    at 
AsyncProperty.run (D:\\Work\\HR-SM\\node_modules\\fast-check
\\lib\\check\\property\\AsyncProperty.generic.js:43:28)\n   
 at asyncRunIt (D:\\Work\\HR-SM\\node_modules\\fast-check\\l
ib\\check\\runner\\Runner.js:24:21)\n    at 
Object.<anonymous> (D:\\Work\\HR-SM\\server\\testing\\servic
es\\usageMetricTracking.property.test.js:408:9)"
      }

      at Console.write [as log] (node_modules/winston/lib/wi
nston/transports/console.js:87:23)

    console.log
      2025-12-22 13:25:31 [[31merror[39m]: Usage tracking 
error {
        "tenantId": "69492aabfcadba224afab192",
        "moduleKey": "leave",
        "usageType": "}j",
        "amount": 34,
        "error": "Invalid usage type: }j. Must be one of: 
employees, storage, apiCalls",
        "stack": "Error: Invalid usage type: }j. Must be 
one of: employees, storage, apiCalls\n    at 
UsageTracker.trackUsage (D:\\Work\\HR-SM\\server\\services\\
usageTracker.service.js:73:23)\n    at trackUsage (D:\\Work\
\HR-SM\\server\\testing\\services\\usageMetricTracking.prope
rty.test.js:441:55)\n    at processTicksAndRejections 
(node:internal/process/task_queues:105:5)\n    at 
AsyncProperty.run (D:\\Work\\HR-SM\\node_modules\\fast-check
\\lib\\check\\property\\AsyncProperty.generic.js:43:28)\n   
 at asyncRunIt (D:\\Work\\HR-SM\\node_modules\\fast-check\\l
ib\\check\\runner\\Runner.js:24:21)\n    at 
Object.<anonymous> (D:\\Work\\HR-SM\\server\\testing\\servic
es\\usageMetricTracking.property.test.js:408:9)"
      }

      at Console.write [as log] (node_modules/winston/lib/wi
nston/transports/console.js:87:23)

    console.log
      2025-12-22 13:25:31 [[31merror[39m]: Usage tracking 
error {
        "tenantId": "69492aabfcadba224afab195",
        "moduleKey": "leave",
        "usageType": "5_l51\"&eRJ[",
        "amount": 2,
        "error": "Invalid usage type: 5_l51\"&eRJ[. Must be 
one of: employees, storage, apiCalls",
        "stack": "Error: Invalid usage type: 5_l51\"&eRJ[. 
Must be one of: employees, storage, apiCalls\n    at 
UsageTracker.trackUsage (D:\\Work\\HR-SM\\server\\services\\
usageTracker.service.js:73:23)\n    at trackUsage (D:\\Work\
\HR-SM\\server\\testing\\services\\usageMetricTracking.prope
rty.test.js:441:55)\n    at processTicksAndRejections 
(node:internal/process/task_queues:105:5)\n    at 
AsyncProperty.run (D:\\Work\\HR-SM\\node_modules\\fast-check
\\lib\\check\\property\\AsyncProperty.generic.js:43:28)\n   
 at asyncRunIt (D:\\Work\\HR-SM\\node_modules\\fast-check\\l
ib\\check\\runner\\Runner.js:24:21)\n    at 
Object.<anonymous> (D:\\Work\\HR-SM\\server\\testing\\servic
es\\usageMetricTracking.property.test.js:408:9)"
      }

      at Console.write [as log] (node_modules/winston/lib/wi
nston/transports/console.js:87:23)

    console.log
      2025-12-22 13:25:31 [[31merror[39m]: Usage tracking 
error {
        "tenantId": "69492aabfcadba224afab198",
        "moduleKey": "leave",
        "usageType": "qF",
        "amount": 94,
        "error": "Invalid usage type: qF. Must be one of: 
employees, storage, apiCalls",
        "stack": "Error: Invalid usage type: qF. Must be 
one of: employees, storage, apiCalls\n    at 
UsageTracker.trackUsage (D:\\Work\\HR-SM\\server\\services\\
usageTracker.service.js:73:23)\n    at trackUsage (D:\\Work\
\HR-SM\\server\\testing\\services\\usageMetricTracking.prope
rty.test.js:441:55)\n    at processTicksAndRejections 
(node:internal/process/task_queues:105:5)\n    at 
AsyncProperty.run (D:\\Work\\HR-SM\\node_modules\\fast-check
\\lib\\check\\property\\AsyncProperty.generic.js:43:28)\n   
 at asyncRunIt (D:\\Work\\HR-SM\\node_modules\\fast-check\\l
ib\\check\\runner\\Runner.js:24:21)\n    at 
Object.<anonymous> (D:\\Work\\HR-SM\\server\\testing\\servic
es\\usageMetricTracking.property.test.js:408:9)"
      }

      at Console.write [as log] (node_modules/winston/lib/wi
nston/transports/console.js:87:23)

    console.log
      2025-12-22 13:25:31 [[31merror[39m]: Usage tracking 
error {
        "tenantId": "69492aabfcadba224afab19b",
        "moduleKey": "leave",
        "usageType": "Yxc;",
        "amount": 39,
        "error": "Invalid usage type: Yxc;. Must be one of: 
employees, storage, apiCalls",
        "stack": "Error: Invalid usage type: Yxc;. Must be 
one of: employees, storage, apiCalls\n    at 
UsageTracker.trackUsage (D:\\Work\\HR-SM\\server\\services\\
usageTracker.service.js:73:23)\n    at trackUsage (D:\\Work\
\HR-SM\\server\\testing\\services\\usageMetricTracking.prope
rty.test.js:441:55)\n    at processTicksAndRejections 
(node:internal/process/task_queues:105:5)\n    at 
AsyncProperty.run (D:\\Work\\HR-SM\\node_modules\\fast-check
\\lib\\check\\property\\AsyncProperty.generic.js:43:28)\n   
 at asyncRunIt (D:\\Work\\HR-SM\\node_modules\\fast-check\\l
ib\\check\\runner\\Runner.js:24:21)\n    at 
Object.<anonymous> (D:\\Work\\HR-SM\\server\\testing\\servic
es\\usageMetricTracking.property.test.js:408:9)"
      }

      at Console.write [as log] (node_modules/winston/lib/wi
nston/transports/console.js:87:23)

    console.log
      2025-12-22 13:25:31 [[31merror[39m]: Usage tracking 
error {
        "tenantId": "69492aabfcadba224afab19e",
        "moduleKey": "leave",
        "usageType": "f#\" ",
        "amount": 67,
        "error": "Invalid usage type: f#\" . Must be one 
of: employees, storage, apiCalls",
        "stack": "Error: Invalid usage type: f#\" . Must be 
one of: employees, storage, apiCalls\n    at 
UsageTracker.trackUsage (D:\\Work\\HR-SM\\server\\services\\
usageTracker.service.js:73:23)\n    at trackUsage (D:\\Work\
\HR-SM\\server\\testing\\services\\usageMetricTracking.prope
rty.test.js:441:55)\n    at processTicksAndRejections 
(node:internal/process/task_queues:105:5)\n    at 
AsyncProperty.run (D:\\Work\\HR-SM\\node_modules\\fast-check
\\lib\\check\\property\\AsyncProperty.generic.js:43:28)\n   
 at asyncRunIt (D:\\Work\\HR-SM\\node_modules\\fast-check\\l
ib\\check\\runner\\Runner.js:24:21)\n    at 
Object.<anonymous> (D:\\Work\\HR-SM\\server\\testing\\servic
es\\usageMetricTracking.property.test.js:408:9)"
      }

      at Console.write [as log] (node_modules/winston/lib/wi
nston/transports/console.js:87:23)

    console.log
      2025-12-22 13:25:31 [[31merror[39m]: Usage tracking 
error {
        "tenantId": "69492aabfcadba224afab1a1",
        "moduleKey": "attendance",
        "usageType": "r",
        "amount": 50,
        "error": "Invalid usage type: r. Must be one of: 
employees, storage, apiCalls",
        "stack": "Error: Invalid usage type: r. Must be one 
of: employees, storage, apiCalls\n    at 
UsageTracker.trackUsage (D:\\Work\\HR-SM\\server\\services\\
usageTracker.service.js:73:23)\n    at trackUsage (D:\\Work\
\HR-SM\\server\\testing\\services\\usageMetricTracking.prope
rty.test.js:441:55)\n    at processTicksAndRejections 
(node:internal/process/task_queues:105:5)\n    at 
AsyncProperty.run (D:\\Work\\HR-SM\\node_modules\\fast-check
\\lib\\check\\property\\AsyncProperty.generic.js:43:28)\n   
 at asyncRunIt (D:\\Work\\HR-SM\\node_modules\\fast-check\\l
ib\\check\\runner\\Runner.js:24:21)\n    at 
Object.<anonymous> (D:\\Work\\HR-SM\\server\\testing\\servic
es\\usageMetricTracking.property.test.js:408:9)"
      }

      at Console.write [as log] (node_modules/winston/lib/wi
nston/transports/console.js:87:23)

    console.log
      2025-12-22 13:25:31 [[31merror[39m]: Usage tracking 
error {
        "tenantId": "69492aabfcadba224afab1a4",
        "moduleKey": "attendance",
        "usageType": "$dj|mXsR(m",
        "amount": 74,
        "error": "Invalid usage type: $dj|mXsR(m. Must be 
one of: employees, storage, apiCalls",
        "stack": "Error: Invalid usage type: $dj|mXsR(m. 
Must be one of: employees, storage, apiCalls\n    at 
UsageTracker.trackUsage (D:\\Work\\HR-SM\\server\\services\\
usageTracker.service.js:73:23)\n    at trackUsage (D:\\Work\
\HR-SM\\server\\testing\\services\\usageMetricTracking.prope
rty.test.js:441:55)\n    at processTicksAndRejections 
(node:internal/process/task_queues:105:5)\n    at 
AsyncProperty.run (D:\\Work\\HR-SM\\node_modules\\fast-check
\\lib\\check\\property\\AsyncProperty.generic.js:43:28)\n   
 at asyncRunIt (D:\\Work\\HR-SM\\node_modules\\fast-check\\l
ib\\check\\runner\\Runner.js:24:21)\n    at 
Object.<anonymous> (D:\\Work\\HR-SM\\server\\testing\\servic
es\\usageMetricTracking.property.test.js:408:9)"
      }

      at Console.write [as log] (node_modules/winston/lib/wi
nston/transports/console.js:87:23)

    console.log
      2025-12-22 13:25:31 [[31merror[39m]: Usage tracking 
error {
        "tenantId": "69492aabfcadba224afab1a7",
        "moduleKey": "leave",
        "usageType": ".?N-)69|",
        "amount": 97,
        "error": "Invalid usage type: .?N-)69|. Must be one 
of: employees, storage, apiCalls",
        "stack": "Error: Invalid usage type: .?N-)69|. Must 
be one of: employees, storage, apiCalls\n    at 
UsageTracker.trackUsage (D:\\Work\\HR-SM\\server\\services\\
usageTracker.service.js:73:23)\n    at trackUsage (D:\\Work\
\HR-SM\\server\\testing\\services\\usageMetricTracking.prope
rty.test.js:441:55)\n    at processTicksAndRejections 
(node:internal/process/task_queues:105:5)\n    at 
AsyncProperty.run (D:\\Work\\HR-SM\\node_modules\\fast-check
\\lib\\check\\property\\AsyncProperty.generic.js:43:28)\n   
 at asyncRunIt (D:\\Work\\HR-SM\\node_modules\\fast-check\\l
ib\\check\\runner\\Runner.js:24:21)\n    at 
Object.<anonymous> (D:\\Work\\HR-SM\\server\\testing\\servic
es\\usageMetricTracking.property.test.js:408:9)"
      }

      at Console.write [as log] (node_modules/winston/lib/wi
nston/transports/console.js:87:23)

    console.log
      2025-12-22 13:25:31 [[31merror[39m]: Usage tracking 
error {
        "tenantId": "69492aabfcadba224afab1aa",
        "moduleKey": "leave",
        "usageType": "4:X",
        "amount": 3,
        "error": "Invalid usage type: 4:X. Must be one of: 
employees, storage, apiCalls",
        "stack": "Error: Invalid usage type: 4:X. Must be 
one of: employees, storage, apiCalls\n    at 
UsageTracker.trackUsage (D:\\Work\\HR-SM\\server\\services\\
usageTracker.service.js:73:23)\n    at trackUsage (D:\\Work\
\HR-SM\\server\\testing\\services\\usageMetricTracking.prope
rty.test.js:441:55)\n    at processTicksAndRejections 
(node:internal/process/task_queues:105:5)\n    at 
AsyncProperty.run (D:\\Work\\HR-SM\\node_modules\\fast-check
\\lib\\check\\property\\AsyncProperty.generic.js:43:28)\n   
 at asyncRunIt (D:\\Work\\HR-SM\\node_modules\\fast-check\\l
ib\\check\\runner\\Runner.js:24:21)\n    at 
Object.<anonymous> (D:\\Work\\HR-SM\\server\\testing\\servic
es\\usageMetricTracking.property.test.js:408:9)"
      }

      at Console.write [as log] (node_modules/winston/lib/wi
nston/transports/console.js:87:23)

    console.log
      2025-12-22 13:25:31 [[31merror[39m]: Usage tracking 
error {
        "tenantId": "69492aabfcadba224afab1ad",
        "moduleKey": "leave",
        "usageType": "$",
        "amount": 97,
        "error": "Invalid usage type: $. Must be one of: 
employees, storage, apiCalls",
        "stack": "Error: Invalid usage type: $. Must be one 
of: employees, storage, apiCalls\n    at 
UsageTracker.trackUsage (D:\\Work\\HR-SM\\server\\services\\
usageTracker.service.js:73:23)\n    at trackUsage (D:\\Work\
\HR-SM\\server\\testing\\services\\usageMetricTracking.prope
rty.test.js:441:55)\n    at processTicksAndRejections 
(node:internal/process/task_queues:105:5)\n    at 
AsyncProperty.run (D:\\Work\\HR-SM\\node_modules\\fast-check
\\lib\\check\\property\\AsyncProperty.generic.js:43:28)\n   
 at asyncRunIt (D:\\Work\\HR-SM\\node_modules\\fast-check\\l
ib\\check\\runner\\Runner.js:24:21)\n    at 
Object.<anonymous> (D:\\Work\\HR-SM\\server\\testing\\servic
es\\usageMetricTracking.property.test.js:408:9)"
      }

      at Console.write [as log] (node_modules/winston/lib/wi
nston/transports/console.js:87:23)

    console.log
      2025-12-22 13:25:31 [[31merror[39m]: Usage tracking 
error {
        "tenantId": "69492aabfcadba224afab1b0",
        "moduleKey": "leave",
        "usageType": "j*",
        "amount": 92,
        "error": "Invalid usage type: j*. Must be one of: 
employees, storage, apiCalls",
        "stack": "Error: Invalid usage type: j*. Must be 
one of: employees, storage, apiCalls\n    at 
UsageTracker.trackUsage (D:\\Work\\HR-SM\\server\\services\\
usageTracker.service.js:73:23)\n    at trackUsage (D:\\Work\
\HR-SM\\server\\testing\\services\\usageMetricTracking.prope
rty.test.js:441:55)\n    at processTicksAndRejections 
(node:internal/process/task_queues:105:5)\n    at 
AsyncProperty.run (D:\\Work\\HR-SM\\node_modules\\fast-check
\\lib\\check\\property\\AsyncProperty.generic.js:43:28)\n   
 at asyncRunIt (D:\\Work\\HR-SM\\node_modules\\fast-check\\l
ib\\check\\runner\\Runner.js:24:21)\n    at 
Object.<anonymous> (D:\\Work\\HR-SM\\server\\testing\\servic
es\\usageMetricTracking.property.test.js:408:9)"
      }

      at Console.write [as log] (node_modules/winston/lib/wi
nston/transports/console.js:87:23)

    console.log
      2025-12-22 13:25:31 [[31merror[39m]: Usage tracking 
error {
        "tenantId": "69492aabfcadba224afab1b3",
        "moduleKey": "attendance",
        "usageType": "{W /vy/hO/R|",
        "amount": 2,
        "error": "Invalid usage type: {W /vy/hO/R|. Must be 
one of: employees, storage, apiCalls",
        "stack": "Error: Invalid usage type: {W /vy/hO/R|. 
Must be one of: employees, storage, apiCalls\n    at 
UsageTracker.trackUsage (D:\\Work\\HR-SM\\server\\services\\
usageTracker.service.js:73:23)\n    at trackUsage (D:\\Work\
\HR-SM\\server\\testing\\services\\usageMetricTracking.prope
rty.test.js:441:55)\n    at processTicksAndRejections 
(node:internal/process/task_queues:105:5)\n    at 
AsyncProperty.run (D:\\Work\\HR-SM\\node_modules\\fast-check
\\lib\\check\\property\\AsyncProperty.generic.js:43:28)\n   
 at asyncRunIt (D:\\Work\\HR-SM\\node_modules\\fast-check\\l
ib\\check\\runner\\Runner.js:24:21)\n    at 
Object.<anonymous> (D:\\Work\\HR-SM\\server\\testing\\servic
es\\usageMetricTracking.property.test.js:408:9)"
      }

      at Console.write [as log] (node_modules/winston/lib/wi
nston/transports/console.js:87:23)

    console.log
      2025-12-22 13:25:31 [[31merror[39m]: Usage tracking 
error {
        "tenantId": "69492aabfcadba224afab1b6",
        "moduleKey": "leave",
        "usageType": "atea+\"I",
        "amount": 40,
        "error": "Invalid usage type: atea+\"I. Must be one 
of: employees, storage, apiCalls",
        "stack": "Error: Invalid usage type: atea+\"I. Must 
be one of: employees, storage, apiCalls\n    at 
UsageTracker.trackUsage (D:\\Work\\HR-SM\\server\\services\\
usageTracker.service.js:73:23)\n    at trackUsage (D:\\Work\
\HR-SM\\server\\testing\\services\\usageMetricTracking.prope
rty.test.js:441:55)\n    at processTicksAndRejections 
(node:internal/process/task_queues:105:5)\n    at 
AsyncProperty.run (D:\\Work\\HR-SM\\node_modules\\fast-check
\\lib\\check\\property\\AsyncProperty.generic.js:43:28)\n   
 at asyncRunIt (D:\\Work\\HR-SM\\node_modules\\fast-check\\l
ib\\check\\runner\\Runner.js:24:21)\n    at 
Object.<anonymous> (D:\\Work\\HR-SM\\server\\testing\\servic
es\\usageMetricTracking.property.test.js:408:9)"
      }

      at Console.write [as log] (node_modules/winston/lib/wi
nston/transports/console.js:87:23)

    console.log
      2025-12-22 13:25:31 [[31merror[39m]: Usage tracking 
error {
        "tenantId": "69492aabfcadba224afab1b9",
        "moduleKey": "leave",
        "usageType": "\"\\%?pu#\"y&|",
        "amount": 34,
        "error": "Invalid usage type: \"\\%?pu#\"y&|. Must 
be one of: employees, storage, apiCalls",
        "stack": "Error: Invalid usage type: 
\"\\%?pu#\"y&|. Must be one of: employees, storage, 
apiCalls\n    at UsageTracker.trackUsage (D:\\Work\\HR-SM\\s
erver\\services\\usageTracker.service.js:73:23)\n    at 
trackUsage (D:\\Work\\HR-SM\\server\\testing\\services\\usag
eMetricTracking.property.test.js:441:55)\n    at 
processTicksAndRejections 
(node:internal/process/task_queues:105:5)\n    at 
AsyncProperty.run (D:\\Work\\HR-SM\\node_modules\\fast-check
\\lib\\check\\property\\AsyncProperty.generic.js:43:28)\n   
 at asyncRunIt (D:\\Work\\HR-SM\\node_modules\\fast-check\\l
ib\\check\\runner\\Runner.js:24:21)\n    at 
Object.<anonymous> (D:\\Work\\HR-SM\\server\\testing\\servic
es\\usageMetricTracking.property.test.js:408:9)"
      }

      at Console.write [as log] (node_modules/winston/lib/wi
nston/transports/console.js:87:23)

    console.log
      2025-12-22 13:25:31 [[31merror[39m]: Usage tracking 
error {
        "tenantId": "69492aabfcadba224afab1bc",
        "moduleKey": "leave",
        "usageType": "v]x",
        "amount": 5,
        "error": "Invalid usage type: v]x. Must be one of: 
employees, storage, apiCalls",
        "stack": "Error: Invalid usage type: v]x. Must be 
one of: employees, storage, apiCalls\n    at 
UsageTracker.trackUsage (D:\\Work\\HR-SM\\server\\services\\
usageTracker.service.js:73:23)\n    at trackUsage (D:\\Work\
\HR-SM\\server\\testing\\services\\usageMetricTracking.prope
rty.test.js:441:55)\n    at processTicksAndRejections 
(node:internal/process/task_queues:105:5)\n    at 
AsyncProperty.run (D:\\Work\\HR-SM\\node_modules\\fast-check
\\lib\\check\\property\\AsyncProperty.generic.js:43:28)\n   
 at asyncRunIt (D:\\Work\\HR-SM\\node_modules\\fast-check\\l
ib\\check\\runner\\Runner.js:24:21)\n    at 
Object.<anonymous> (D:\\Work\\HR-SM\\server\\testing\\servic
es\\usageMetricTracking.property.test.js:408:9)"
      }

      at Console.write [as log] (node_modules/winston/lib/wi
nston/transports/console.js:87:23)

    console.log
      2025-12-22 13:25:31 [[31merror[39m]: Usage tracking 
error {
        "tenantId": "69492aabfcadba224afab1bf",
        "moduleKey": "leave",
        "usageType": "hP4}M/9#Wx;&",
        "amount": 43,
        "error": "Invalid usage type: hP4}M/9#Wx;&. Must be 
one of: employees, storage, apiCalls",
        "stack": "Error: Invalid usage type: hP4}M/9#Wx;&. 
Must be one of: employees, storage, apiCalls\n    at 
UsageTracker.trackUsage (D:\\Work\\HR-SM\\server\\services\\
usageTracker.service.js:73:23)\n    at trackUsage (D:\\Work\
\HR-SM\\server\\testing\\services\\usageMetricTracking.prope
rty.test.js:441:55)\n    at processTicksAndRejections 
(node:internal/process/task_queues:105:5)\n    at 
AsyncProperty.run (D:\\Work\\HR-SM\\node_modules\\fast-check
\\lib\\check\\property\\AsyncProperty.generic.js:43:28)\n   
 at asyncRunIt (D:\\Work\\HR-SM\\node_modules\\fast-check\\l
ib\\check\\runner\\Runner.js:24:21)\n    at 
Object.<anonymous> (D:\\Work\\HR-SM\\server\\testing\\servic
es\\usageMetricTracking.property.test.js:408:9)"
      }

      at Console.write [as log] (node_modules/winston/lib/wi
nston/transports/console.js:87:23)

    console.log
      2025-12-22 13:25:31 [[31merror[39m]: Usage tracking 
error {
        "tenantId": "69492aabfcadba224afab1c2",
        "moduleKey": "attendance",
        "usageType": "p.;;",
        "amount": 64,
        "error": "Invalid usage type: p.;;. Must be one of: 
employees, storage, apiCalls",
        "stack": "Error: Invalid usage type: p.;;. Must be 
one of: employees, storage, apiCalls\n    at 
UsageTracker.trackUsage (D:\\Work\\HR-SM\\server\\services\\
usageTracker.service.js:73:23)\n    at trackUsage (D:\\Work\
\HR-SM\\server\\testing\\services\\usageMetricTracking.prope
rty.test.js:441:55)\n    at processTicksAndRejections 
(node:internal/process/task_queues:105:5)\n    at 
AsyncProperty.run (D:\\Work\\HR-SM\\node_modules\\fast-check
\\lib\\check\\property\\AsyncProperty.generic.js:43:28)\n   
 at asyncRunIt (D:\\Work\\HR-SM\\node_modules\\fast-check\\l
ib\\check\\runner\\Runner.js:24:21)\n    at 
Object.<anonymous> (D:\\Work\\HR-SM\\server\\testing\\servic
es\\usageMetricTracking.property.test.js:408:9)"
      }

      at Console.write [as log] (node_modules/winston/lib/wi
nston/transports/console.js:87:23)

    console.log
      2025-12-22 13:25:31 [[31merror[39m]: Usage tracking 
error {
        "tenantId": "69492aabfcadba224afab1c5",
        "moduleKey": "leave",
        "usageType": "-FJL:5H",
        "amount": 7,
        "error": "Invalid usage type: -FJL:5H. Must be one 
of: employees, storage, apiCalls",
        "stack": "Error: Invalid usage type: -FJL:5H. Must 
be one of: employees, storage, apiCalls\n    at 
UsageTracker.trackUsage (D:\\Work\\HR-SM\\server\\services\\
usageTracker.service.js:73:23)\n    at trackUsage (D:\\Work\
\HR-SM\\server\\testing\\services\\usageMetricTracking.prope
rty.test.js:441:55)\n    at processTicksAndRejections 
(node:internal/process/task_queues:105:5)\n    at 
AsyncProperty.run (D:\\Work\\HR-SM\\node_modules\\fast-check
\\lib\\check\\property\\AsyncProperty.generic.js:43:28)\n   
 at asyncRunIt (D:\\Work\\HR-SM\\node_modules\\fast-check\\l
ib\\check\\runner\\Runner.js:24:21)\n    at 
Object.<anonymous> (D:\\Work\\HR-SM\\server\\testing\\servic
es\\usageMetricTracking.property.test.js:408:9)"
      }

      at Console.write [as log] (node_modules/winston/lib/wi
nston/transports/console.js:87:23)

    console.log
      2025-12-22 13:25:31 [[31merror[39m]: Usage tracking 
error {
        "tenantId": "69492aabfcadba224afab1c8",
        "moduleKey": "leave",
        "usageType": "cm",
        "amount": 6,
        "error": "Invalid usage type: cm. Must be one of: 
employees, storage, apiCalls",
        "stack": "Error: Invalid usage type: cm. Must be 
one of: employees, storage, apiCalls\n    at 
UsageTracker.trackUsage (D:\\Work\\HR-SM\\server\\services\\
usageTracker.service.js:73:23)\n    at trackUsage (D:\\Work\
\HR-SM\\server\\testing\\services\\usageMetricTracking.prope
rty.test.js:441:55)\n    at processTicksAndRejections 
(node:internal/process/task_queues:105:5)\n    at 
AsyncProperty.run (D:\\Work\\HR-SM\\node_modules\\fast-check
\\lib\\check\\property\\AsyncProperty.generic.js:43:28)\n   
 at asyncRunIt (D:\\Work\\HR-SM\\node_modules\\fast-check\\l
ib\\check\\runner\\Runner.js:24:21)\n    at 
Object.<anonymous> (D:\\Work\\HR-SM\\server\\testing\\servic
es\\usageMetricTracking.property.test.js:408:9)"
      }

      at Console.write [as log] (node_modules/winston/lib/wi
nston/transports/console.js:87:23)

    console.log
      2025-12-22 13:25:31 [[31merror[39m]: Usage tracking 
error {
        "tenantId": "69492aabfcadba224afab1cb",
        "moduleKey": "attendance",
        "usageType": ";>d?hKq**G-T",
        "amount": 12,
        "error": "Invalid usage type: ;>d?hKq**G-T. Must be 
one of: employees, storage, apiCalls",
        "stack": "Error: Invalid usage type: ;>d?hKq**G-T. 
Must be one of: employees, storage, apiCalls\n    at 
UsageTracker.trackUsage (D:\\Work\\HR-SM\\server\\services\\
usageTracker.service.js:73:23)\n    at trackUsage (D:\\Work\
\HR-SM\\server\\testing\\services\\usageMetricTracking.prope
rty.test.js:441:55)\n    at processTicksAndRejections 
(node:internal/process/task_queues:105:5)\n    at 
AsyncProperty.run (D:\\Work\\HR-SM\\node_modules\\fast-check
\\lib\\check\\property\\AsyncProperty.generic.js:43:28)\n   
 at asyncRunIt (D:\\Work\\HR-SM\\node_modules\\fast-check\\l
ib\\check\\runner\\Runner.js:24:21)\n    at 
Object.<anonymous> (D:\\Work\\HR-SM\\server\\testing\\servic
es\\usageMetricTracking.property.test.js:408:9)"
      }

      at Console.write [as log] (node_modules/winston/lib/wi
nston/transports/console.js:87:23)

    console.log
      2025-12-22 13:25:31 [[31merror[39m]: Usage tracking 
error {
        "tenantId": "69492aabfcadba224afab1ce",
        "moduleKey": "attendance",
        "usageType": "nbY",
        "amount": 94,
        "error": "Invalid usage type: nbY. Must be one of: 
employees, storage, apiCalls",
        "stack": "Error: Invalid usage type: nbY. Must be 
one of: employees, storage, apiCalls\n    at 
UsageTracker.trackUsage (D:\\Work\\HR-SM\\server\\services\\
usageTracker.service.js:73:23)\n    at trackUsage (D:\\Work\
\HR-SM\\server\\testing\\services\\usageMetricTracking.prope
rty.test.js:441:55)\n    at processTicksAndRejections 
(node:internal/process/task_queues:105:5)\n    at 
AsyncProperty.run (D:\\Work\\HR-SM\\node_modules\\fast-check
\\lib\\check\\property\\AsyncProperty.generic.js:43:28)\n   
 at asyncRunIt (D:\\Work\\HR-SM\\node_modules\\fast-check\\l
ib\\check\\runner\\Runner.js:24:21)\n    at 
Object.<anonymous> (D:\\Work\\HR-SM\\server\\testing\\servic
es\\usageMetricTracking.property.test.js:408:9)"
      }

      at Console.write [as log] (node_modules/winston/lib/wi
nston/transports/console.js:87:23)

    console.log
      2025-12-22 13:25:31 [[31merror[39m]: Usage tracking 
error {
        "tenantId": "69492aabfcadba224afab1d1",
        "moduleKey": "attendance",
        "usageType": "ylM/w\\",
        "amount": 52,
        "error": "Invalid usage type: ylM/w\\. Must be one 
of: employees, storage, apiCalls",
        "stack": "Error: Invalid usage type: ylM/w\\. Must 
be one of: employees, storage, apiCalls\n    at 
UsageTracker.trackUsage (D:\\Work\\HR-SM\\server\\services\\
usageTracker.service.js:73:23)\n    at trackUsage (D:\\Work\
\HR-SM\\server\\testing\\services\\usageMetricTracking.prope
rty.test.js:441:55)\n    at processTicksAndRejections 
(node:internal/process/task_queues:105:5)\n    at 
AsyncProperty.run (D:\\Work\\HR-SM\\node_modules\\fast-check
\\lib\\check\\property\\AsyncProperty.generic.js:43:28)\n   
 at asyncRunIt (D:\\Work\\HR-SM\\node_modules\\fast-check\\l
ib\\check\\runner\\Runner.js:24:21)\n    at 
Object.<anonymous> (D:\\Work\\HR-SM\\server\\testing\\servic
es\\usageMetricTracking.property.test.js:408:9)"
      }

      at Console.write [as log] (node_modules/winston/lib/wi
nston/transports/console.js:87:23)

    console.log
      2025-12-22 13:25:31 [[31merror[39m]: Usage tracking 
error {
        "tenantId": "69492aabfcadba224afab1d4",
        "moduleKey": "leave",
        "usageType": "R:`k",
        "amount": 95,
        "error": "Invalid usage type: R:`k. Must be one of: 
employees, storage, apiCalls",
        "stack": "Error: Invalid usage type: R:`k. Must be 
one of: employees, storage, apiCalls\n    at 
UsageTracker.trackUsage (D:\\Work\\HR-SM\\server\\services\\
usageTracker.service.js:73:23)\n    at trackUsage (D:\\Work\
\HR-SM\\server\\testing\\services\\usageMetricTracking.prope
rty.test.js:441:55)\n    at processTicksAndRejections 
(node:internal/process/task_queues:105:5)\n    at 
AsyncProperty.run (D:\\Work\\HR-SM\\node_modules\\fast-check
\\lib\\check\\property\\AsyncProperty.generic.js:43:28)\n   
 at asyncRunIt (D:\\Work\\HR-SM\\node_modules\\fast-check\\l
ib\\check\\runner\\Runner.js:24:21)\n    at 
Object.<anonymous> (D:\\Work\\HR-SM\\server\\testing\\servic
es\\usageMetricTracking.property.test.js:408:9)"
      }

      at Console.write [as log] (node_modules/winston/lib/wi
nston/transports/console.js:87:23)

    console.log
      2025-12-22 13:25:31 [[31merror[39m]: Usage tracking 
error {
        "tenantId": "69492aabfcadba224afab1d7",
        "moduleKey": "attendance",
        "usageType": "?JP",
        "amount": 96,
        "error": "Invalid usage type: ?JP. Must be one of: 
employees, storage, apiCalls",
        "stack": "Error: Invalid usage type: ?JP. Must be 
one of: employees, storage, apiCalls\n    at 
UsageTracker.trackUsage (D:\\Work\\HR-SM\\server\\services\\
usageTracker.service.js:73:23)\n    at trackUsage (D:\\Work\
\HR-SM\\server\\testing\\services\\usageMetricTracking.prope
rty.test.js:441:55)\n    at processTicksAndRejections 
(node:internal/process/task_queues:105:5)\n    at 
AsyncProperty.run (D:\\Work\\HR-SM\\node_modules\\fast-check
\\lib\\check\\property\\AsyncProperty.generic.js:43:28)\n   
 at asyncRunIt (D:\\Work\\HR-SM\\node_modules\\fast-check\\l
ib\\check\\runner\\Runner.js:24:21)\n    at 
Object.<anonymous> (D:\\Work\\HR-SM\\server\\testing\\servic
es\\usageMetricTracking.property.test.js:408:9)"
      }

      at Console.write [as log] (node_modules/winston/lib/wi
nston/transports/console.js:87:23)

    console.log
      2025-12-22 13:25:31 [[31merror[39m]: Usage tracking 
error {
        "tenantId": "69492aabfcadba224afab1da",
        "moduleKey": "leave",
        "usageType": "[-T#zW%_%'Dz",
        "amount": 73,
        "error": "Invalid usage type: [-T#zW%_%'Dz. Must be 
one of: employees, storage, apiCalls",
        "stack": "Error: Invalid usage type: [-T#zW%_%'Dz. 
Must be one of: employees, storage, apiCalls\n    at 
UsageTracker.trackUsage (D:\\Work\\HR-SM\\server\\services\\
usageTracker.service.js:73:23)\n    at trackUsage (D:\\Work\
\HR-SM\\server\\testing\\services\\usageMetricTracking.prope
rty.test.js:441:55)\n    at processTicksAndRejections 
(node:internal/process/task_queues:105:5)\n    at 
AsyncProperty.run (D:\\Work\\HR-SM\\node_modules\\fast-check
\\lib\\check\\property\\AsyncProperty.generic.js:43:28)\n   
 at asyncRunIt (D:\\Work\\HR-SM\\node_modules\\fast-check\\l
ib\\check\\runner\\Runner.js:24:21)\n    at 
Object.<anonymous> (D:\\Work\\HR-SM\\server\\testing\\servic
es\\usageMetricTracking.property.test.js:408:9)"
      }

      at Console.write [as log] (node_modules/winston/lib/wi
nston/transports/console.js:87:23)

    console.log
      2025-12-22 13:25:31 [[31merror[39m]: Usage tracking 
error {
        "tenantId": "69492aabfcadba224afab1dd",
        "moduleKey": "attendance",
        "usageType": "^rkB-JR",
        "amount": 63,
        "error": "Invalid usage type: ^rkB-JR. Must be one 
of: employees, storage, apiCalls",
        "stack": "Error: Invalid usage type: ^rkB-JR. Must 
be one of: employees, storage, apiCalls\n    at 
UsageTracker.trackUsage (D:\\Work\\HR-SM\\server\\services\\
usageTracker.service.js:73:23)\n    at trackUsage (D:\\Work\
\HR-SM\\server\\testing\\services\\usageMetricTracking.prope
rty.test.js:441:55)\n    at processTicksAndRejections 
(node:internal/process/task_queues:105:5)\n    at 
AsyncProperty.run (D:\\Work\\HR-SM\\node_modules\\fast-check
\\lib\\check\\property\\AsyncProperty.generic.js:43:28)\n   
 at asyncRunIt (D:\\Work\\HR-SM\\node_modules\\fast-check\\l
ib\\check\\runner\\Runner.js:24:21)\n    at 
Object.<anonymous> (D:\\Work\\HR-SM\\server\\testing\\servic
es\\usageMetricTracking.property.test.js:408:9)"
      }

      at Console.write [as log] (node_modules/winston/lib/wi
nston/transports/console.js:87:23)

    console.log
      2025-12-22 13:25:32 [[31merror[39m]: Usage tracking 
error {
        "tenantId": "69492aabfcadba224afab1e0",
        "moduleKey": "leave",
        "usageType": "`!Z}hBP'VZO",
        "amount": 99,
        "error": "Invalid usage type: `!Z}hBP'VZO. Must be 
one of: employees, storage, apiCalls",
        "stack": "Error: Invalid usage type: `!Z}hBP'VZO. 
Must be one of: employees, storage, apiCalls\n    at 
UsageTracker.trackUsage (D:\\Work\\HR-SM\\server\\services\\
usageTracker.service.js:73:23)\n    at trackUsage (D:\\Work\
\HR-SM\\server\\testing\\services\\usageMetricTracking.prope
rty.test.js:441:55)\n    at processTicksAndRejections 
(node:internal/process/task_queues:105:5)\n    at 
AsyncProperty.run (D:\\Work\\HR-SM\\node_modules\\fast-check
\\lib\\check\\property\\AsyncProperty.generic.js:43:28)\n   
 at asyncRunIt (D:\\Work\\HR-SM\\node_modules\\fast-check\\l
ib\\check\\runner\\Runner.js:24:21)\n    at 
Object.<anonymous> (D:\\Work\\HR-SM\\server\\testing\\servic
es\\usageMetricTracking.property.test.js:408:9)"
      }

      at Console.write [as log] (node_modules/winston/lib/wi
nston/transports/console.js:87:23)

    console.log
      2025-12-22 13:25:32 [[31merror[39m]: Usage tracking 
error {
        "tenantId": "69492aacfcadba224afab1e3",
        "moduleKey": "leave",
        "usageType": "o2L",
        "amount": 95,
        "error": "Invalid usage type: o2L. Must be one of: 
employees, storage, apiCalls",
        "stack": "Error: Invalid usage type: o2L. Must be 
one of: employees, storage, apiCalls\n    at 
UsageTracker.trackUsage (D:\\Work\\HR-SM\\server\\services\\
usageTracker.service.js:73:23)\n    at trackUsage (D:\\Work\
\HR-SM\\server\\testing\\services\\usageMetricTracking.prope
rty.test.js:441:55)\n    at processTicksAndRejections 
(node:internal/process/task_queues:105:5)\n    at 
AsyncProperty.run (D:\\Work\\HR-SM\\node_modules\\fast-check
\\lib\\check\\property\\AsyncProperty.generic.js:43:28)\n   
 at asyncRunIt (D:\\Work\\HR-SM\\node_modules\\fast-check\\l
ib\\check\\runner\\Runner.js:24:21)\n    at 
Object.<anonymous> (D:\\Work\\HR-SM\\server\\testing\\servic
es\\usageMetricTracking.property.test.js:408:9)"
      }

      at Console.write [as log] (node_modules/winston/lib/wi
nston/transports/console.js:87:23)

    console.log
      2025-12-22 13:25:32 [[31merror[39m]: Usage tracking 
error {
        "tenantId": "69492aacfcadba224afab1e6",
        "moduleKey": "leave",
        "usageType": "%^3x",
        "amount": 20,
        "error": "Invalid usage type: %^3x. Must be one of: 
employees, storage, apiCalls",
        "stack": "Error: Invalid usage type: %^3x. Must be 
one of: employees, storage, apiCalls\n    at 
UsageTracker.trackUsage (D:\\Work\\HR-SM\\server\\services\\
usageTracker.service.js:73:23)\n    at trackUsage (D:\\Work\
\HR-SM\\server\\testing\\services\\usageMetricTracking.prope
rty.test.js:441:55)\n    at processTicksAndRejections 
(node:internal/process/task_queues:105:5)\n    at 
AsyncProperty.run (D:\\Work\\HR-SM\\node_modules\\fast-check
\\lib\\check\\property\\AsyncProperty.generic.js:43:28)\n   
 at asyncRunIt (D:\\Work\\HR-SM\\node_modules\\fast-check\\l
ib\\check\\runner\\Runner.js:24:21)\n    at 
Object.<anonymous> (D:\\Work\\HR-SM\\server\\testing\\servic
es\\usageMetricTracking.property.test.js:408:9)"
      }

      at Console.write [as log] (node_modules/winston/lib/wi
nston/transports/console.js:87:23)

    console.log
      2025-12-22 13:25:32 [[31merror[39m]: Usage tracking 
error {
        "tenantId": "69492aacfcadba224afab1e9",
        "moduleKey": "leave",
        "usageType": "%:F%q>k8tD&",
        "amount": 70,
        "error": "Invalid usage type: %:F%q>k8tD&. Must be 
one of: employees, storage, apiCalls",
        "stack": "Error: Invalid usage type: %:F%q>k8tD&. 
Must be one of: employees, storage, apiCalls\n    at 
UsageTracker.trackUsage (D:\\Work\\HR-SM\\server\\services\\
usageTracker.service.js:73:23)\n    at trackUsage (D:\\Work\
\HR-SM\\server\\testing\\services\\usageMetricTracking.prope
rty.test.js:441:55)\n    at processTicksAndRejections 
(node:internal/process/task_queues:105:5)\n    at 
AsyncProperty.run (D:\\Work\\HR-SM\\node_modules\\fast-check
\\lib\\check\\property\\AsyncProperty.generic.js:43:28)\n   
 at asyncRunIt (D:\\Work\\HR-SM\\node_modules\\fast-check\\l
ib\\check\\runner\\Runner.js:24:21)\n    at 
Object.<anonymous> (D:\\Work\\HR-SM\\server\\testing\\servic
es\\usageMetricTracking.property.test.js:408:9)"
      }

      at Console.write [as log] (node_modules/winston/lib/wi
nston/transports/console.js:87:23)

    console.log
      2025-12-22 13:25:32 [[31merror[39m]: Usage tracking 
error {
        "tenantId": "69492aacfcadba224afab1ec",
        "moduleKey": "leave",
        "usageType": "E",
        "amount": 35,
        "error": "Invalid usage type: E. Must be one of: 
employees, storage, apiCalls",
        "stack": "Error: Invalid usage type: E. Must be one 
of: employees, storage, apiCalls\n    at 
UsageTracker.trackUsage (D:\\Work\\HR-SM\\server\\services\\
usageTracker.service.js:73:23)\n    at trackUsage (D:\\Work\
\HR-SM\\server\\testing\\services\\usageMetricTracking.prope
rty.test.js:441:55)\n    at processTicksAndRejections 
(node:internal/process/task_queues:105:5)\n    at 
AsyncProperty.run (D:\\Work\\HR-SM\\node_modules\\fast-check
\\lib\\check\\property\\AsyncProperty.generic.js:43:28)\n   
 at asyncRunIt (D:\\Work\\HR-SM\\node_modules\\fast-check\\l
ib\\check\\runner\\Runner.js:24:21)\n    at 
Object.<anonymous> (D:\\Work\\HR-SM\\server\\testing\\servic
es\\usageMetricTracking.property.test.js:408:9)"
      }

      at Console.write [as log] (node_modules/winston/lib/wi
nston/transports/console.js:87:23)

    console.log
      2025-12-22 13:25:32 [[31merror[39m]: Usage tracking 
error {
        "tenantId": "69492aacfcadba224afab1ef",
        "moduleKey": "leave",
        "usageType": ",x",
        "amount": 3,
        "error": "Invalid usage type: ,x. Must be one of: 
employees, storage, apiCalls",
        "stack": "Error: Invalid usage type: ,x. Must be 
one of: employees, storage, apiCalls\n    at 
UsageTracker.trackUsage (D:\\Work\\HR-SM\\server\\services\\
usageTracker.service.js:73:23)\n    at trackUsage (D:\\Work\
\HR-SM\\server\\testing\\services\\usageMetricTracking.prope
rty.test.js:441:55)\n    at processTicksAndRejections 
(node:internal/process/task_queues:105:5)\n    at 
AsyncProperty.run (D:\\Work\\HR-SM\\node_modules\\fast-check
\\lib\\check\\property\\AsyncProperty.generic.js:43:28)\n   
 at asyncRunIt (D:\\Work\\HR-SM\\node_modules\\fast-check\\l
ib\\check\\runner\\Runner.js:24:21)\n    at 
Object.<anonymous> (D:\\Work\\HR-SM\\server\\testing\\servic
es\\usageMetricTracking.property.test.js:408:9)"
      }

      at Console.write [as log] (node_modules/winston/lib/wi
nston/transports/console.js:87:23)

    console.log
      2025-12-22 13:25:32 [[31merror[39m]: Usage tracking 
error {
        "tenantId": "69492aacfcadba224afab1f2",
        "moduleKey": "leave",
        "usageType": "&X0B",
        "amount": 79,
        "error": "Invalid usage type: &X0B. Must be one of: 
employees, storage, apiCalls",
        "stack": "Error: Invalid usage type: &X0B. Must be 
one of: employees, storage, apiCalls\n    at 
UsageTracker.trackUsage (D:\\Work\\HR-SM\\server\\services\\
usageTracker.service.js:73:23)\n    at trackUsage (D:\\Work\
\HR-SM\\server\\testing\\services\\usageMetricTracking.prope
rty.test.js:441:55)\n    at processTicksAndRejections 
(node:internal/process/task_queues:105:5)\n    at 
AsyncProperty.run (D:\\Work\\HR-SM\\node_modules\\fast-check
\\lib\\check\\property\\AsyncProperty.generic.js:43:28)\n   
 at asyncRunIt (D:\\Work\\HR-SM\\node_modules\\fast-check\\l
ib\\check\\runner\\Runner.js:24:21)\n    at 
Object.<anonymous> (D:\\Work\\HR-SM\\server\\testing\\servic
es\\usageMetricTracking.property.test.js:408:9)"
      }

      at Console.write [as log] (node_modules/winston/lib/wi
nston/transports/console.js:87:23)

    console.log
      2025-12-22 13:25:32 [[31merror[39m]: Usage tracking 
error {
        "tenantId": "69492aacfcadba224afab1f5",
        "moduleKey": "attendance",
        "usageType": "LA#uD+Wv",
        "amount": 44,
        "error": "Invalid usage type: LA#uD+Wv. Must be one 
of: employees, storage, apiCalls",
        "stack": "Error: Invalid usage type: LA#uD+Wv. Must 
be one of: employees, storage, apiCalls\n    at 
UsageTracker.trackUsage (D:\\Work\\HR-SM\\server\\services\\
usageTracker.service.js:73:23)\n    at trackUsage (D:\\Work\
\HR-SM\\server\\testing\\services\\usageMetricTracking.prope
rty.test.js:441:55)\n    at processTicksAndRejections 
(node:internal/process/task_queues:105:5)\n    at 
AsyncProperty.run (D:\\Work\\HR-SM\\node_modules\\fast-check
\\lib\\check\\property\\AsyncProperty.generic.js:43:28)\n   
 at asyncRunIt (D:\\Work\\HR-SM\\node_modules\\fast-check\\l
ib\\check\\runner\\Runner.js:24:21)\n    at 
Object.<anonymous> (D:\\Work\\HR-SM\\server\\testing\\servic
es\\usageMetricTracking.property.test.js:408:9)"
      }

      at Console.write [as log] (node_modules/winston/lib/wi
nston/transports/console.js:87:23)

    console.log
      2025-12-22 13:25:32 [[31merror[39m]: Usage tracking 
error {
        "tenantId": "69492aacfcadba224afab1f8",
        "moduleKey": "attendance",
        "usageType": "x",
        "amount": 48,
        "error": "Invalid usage type: x. Must be one of: 
employees, storage, apiCalls",
        "stack": "Error: Invalid usage type: x. Must be one 
of: employees, storage, apiCalls\n    at 
UsageTracker.trackUsage (D:\\Work\\HR-SM\\server\\services\\
usageTracker.service.js:73:23)\n    at trackUsage (D:\\Work\
\HR-SM\\server\\testing\\services\\usageMetricTracking.prope
rty.test.js:441:55)\n    at processTicksAndRejections 
(node:internal/process/task_queues:105:5)\n    at 
AsyncProperty.run (D:\\Work\\HR-SM\\node_modules\\fast-check
\\lib\\check\\property\\AsyncProperty.generic.js:43:28)\n   
 at asyncRunIt (D:\\Work\\HR-SM\\node_modules\\fast-check\\l
ib\\check\\runner\\Runner.js:24:21)\n    at 
Object.<anonymous> (D:\\Work\\HR-SM\\server\\testing\\servic
es\\usageMetricTracking.property.test.js:408:9)"
      }

      at Console.write [as log] (node_modules/winston/lib/wi
nston/transports/console.js:87:23)

    console.log
      2025-12-22 13:25:32 [[31merror[39m]: Usage tracking 
error {
        "tenantId": "69492aacfcadba224afab1fb",
        "moduleKey": "leave",
        "usageType": "+G+",
        "amount": 41,
        "error": "Invalid usage type: +G+. Must be one of: 
employees, storage, apiCalls",
        "stack": "Error: Invalid usage type: +G+. Must be 
one of: employees, storage, apiCalls\n    at 
UsageTracker.trackUsage (D:\\Work\\HR-SM\\server\\services\\
usageTracker.service.js:73:23)\n    at trackUsage (D:\\Work\
\HR-SM\\server\\testing\\services\\usageMetricTracking.prope
rty.test.js:441:55)\n    at processTicksAndRejections 
(node:internal/process/task_queues:105:5)\n    at 
AsyncProperty.run (D:\\Work\\HR-SM\\node_modules\\fast-check
\\lib\\check\\property\\AsyncProperty.generic.js:43:28)\n   
 at asyncRunIt (D:\\Work\\HR-SM\\node_modules\\fast-check\\l
ib\\check\\runner\\Runner.js:24:21)\n    at 
Object.<anonymous> (D:\\Work\\HR-SM\\server\\testing\\servic
es\\usageMetricTracking.property.test.js:408:9)"
      }

      at Console.write [as log] (node_modules/winston/lib/wi
nston/transports/console.js:87:23)

    console.log
      2025-12-22 13:25:32 [[31merror[39m]: Usage tracking 
error {
        "tenantId": "69492aacfcadba224afab1fe",
        "moduleKey": "leave",
        "usageType": "uoAB",
        "amount": 87,
        "error": "Invalid usage type: uoAB. Must be one of: 
employees, storage, apiCalls",
        "stack": "Error: Invalid usage type: uoAB. Must be 
one of: employees, storage, apiCalls\n    at 
UsageTracker.trackUsage (D:\\Work\\HR-SM\\server\\services\\
usageTracker.service.js:73:23)\n    at trackUsage (D:\\Work\
\HR-SM\\server\\testing\\services\\usageMetricTracking.prope
rty.test.js:441:55)\n    at processTicksAndRejections 
(node:internal/process/task_queues:105:5)\n    at 
AsyncProperty.run (D:\\Work\\HR-SM\\node_modules\\fast-check
\\lib\\check\\property\\AsyncProperty.generic.js:43:28)\n   
 at asyncRunIt (D:\\Work\\HR-SM\\node_modules\\fast-check\\l
ib\\check\\runner\\Runner.js:24:21)\n    at 
Object.<anonymous> (D:\\Work\\HR-SM\\server\\testing\\servic
es\\usageMetricTracking.property.test.js:408:9)"
      }

      at Console.write [as log] (node_modules/winston/lib/wi
nston/transports/console.js:87:23)

    console.log
      2025-12-22 13:25:32 [[31merror[39m]: Usage tracking 
error {
        "tenantId": "69492aacfcadba224afab201",
        "moduleKey": "attendance",
        "usageType": "UVS~[{4=&*w(",
        "amount": 95,
        "error": "Invalid usage type: UVS~[{4=&*w(. Must be 
one of: employees, storage, apiCalls",
        "stack": "Error: Invalid usage type: UVS~[{4=&*w(. 
Must be one of: employees, storage, apiCalls\n    at 
UsageTracker.trackUsage (D:\\Work\\HR-SM\\server\\services\\
usageTracker.service.js:73:23)\n    at trackUsage (D:\\Work\
\HR-SM\\server\\testing\\services\\usageMetricTracking.prope
rty.test.js:441:55)\n    at processTicksAndRejections 
(node:internal/process/task_queues:105:5)\n    at 
AsyncProperty.run (D:\\Work\\HR-SM\\node_modules\\fast-check
\\lib\\check\\property\\AsyncProperty.generic.js:43:28)\n   
 at asyncRunIt (D:\\Work\\HR-SM\\node_modules\\fast-check\\l
ib\\check\\runner\\Runner.js:24:21)\n    at 
Object.<anonymous> (D:\\Work\\HR-SM\\server\\testing\\servic
es\\usageMetricTracking.property.test.js:408:9)"
      }

      at Console.write [as log] (node_modules/winston/lib/wi
nston/transports/console.js:87:23)

    console.log
      2025-12-22 13:25:32 [[31merror[39m]: Usage tracking 
error {
        "tenantId": "69492aacfcadba224afab204",
        "moduleKey": "leave",
        "usageType": "xv$xtA)=",
        "amount": 1,
        "error": "Invalid usage type: xv$xtA)=. Must be one 
of: employees, storage, apiCalls",
        "stack": "Error: Invalid usage type: xv$xtA)=. Must 
be one of: employees, storage, apiCalls\n    at 
UsageTracker.trackUsage (D:\\Work\\HR-SM\\server\\services\\
usageTracker.service.js:73:23)\n    at trackUsage (D:\\Work\
\HR-SM\\server\\testing\\services\\usageMetricTracking.prope
rty.test.js:441:55)\n    at processTicksAndRejections 
(node:internal/process/task_queues:105:5)\n    at 
AsyncProperty.run (D:\\Work\\HR-SM\\node_modules\\fast-check
\\lib\\check\\property\\AsyncProperty.generic.js:43:28)\n   
 at asyncRunIt (D:\\Work\\HR-SM\\node_modules\\fast-check\\l
ib\\check\\runner\\Runner.js:24:21)\n    at 
Object.<anonymous> (D:\\Work\\HR-SM\\server\\testing\\servic
es\\usageMetricTracking.property.test.js:408:9)"
      }

      at Console.write [as log] (node_modules/winston/lib/wi
nston/transports/console.js:87:23)

    console.log
      2025-12-22 13:25:32 [[31merror[39m]: Usage tracking 
error {
        "tenantId": "69492aacfcadba224afab207",
        "moduleKey": "leave",
        "usageType": "{)",
        "amount": 40,
        "error": "Invalid usage type: {). Must be one of: 
employees, storage, apiCalls",
        "stack": "Error: Invalid usage type: {). Must be 
one of: employees, storage, apiCalls\n    at 
UsageTracker.trackUsage (D:\\Work\\HR-SM\\server\\services\\
usageTracker.service.js:73:23)\n    at trackUsage (D:\\Work\
\HR-SM\\server\\testing\\services\\usageMetricTracking.prope
rty.test.js:441:55)\n    at processTicksAndRejections 
(node:internal/process/task_queues:105:5)\n    at 
AsyncProperty.run (D:\\Work\\HR-SM\\node_modules\\fast-check
\\lib\\check\\property\\AsyncProperty.generic.js:43:28)\n   
 at asyncRunIt (D:\\Work\\HR-SM\\node_modules\\fast-check\\l
ib\\check\\runner\\Runner.js:24:21)\n    at 
Object.<anonymous> (D:\\Work\\HR-SM\\server\\testing\\servic
es\\usageMetricTracking.property.test.js:408:9)"
      }

      at Console.write [as log] (node_modules/winston/lib/wi
nston/transports/console.js:87:23)

    console.log
      2025-12-22 13:25:32 [[31merror[39m]: Usage tracking 
error {
        "tenantId": "69492aacfcadba224afab20a",
        "moduleKey": "leave",
        "usageType": ">tnVl",
        "amount": 13,
        "error": "Invalid usage type: >tnVl. Must be one 
of: employees, storage, apiCalls",
        "stack": "Error: Invalid usage type: >tnVl. Must be 
one of: employees, storage, apiCalls\n    at 
UsageTracker.trackUsage (D:\\Work\\HR-SM\\server\\services\\
usageTracker.service.js:73:23)\n    at trackUsage (D:\\Work\
\HR-SM\\server\\testing\\services\\usageMetricTracking.prope
rty.test.js:441:55)\n    at processTicksAndRejections 
(node:internal/process/task_queues:105:5)\n    at 
AsyncProperty.run (D:\\Work\\HR-SM\\node_modules\\fast-check
\\lib\\check\\property\\AsyncProperty.generic.js:43:28)\n   
 at asyncRunIt (D:\\Work\\HR-SM\\node_modules\\fast-check\\l
ib\\check\\runner\\Runner.js:24:21)\n    at 
Object.<anonymous> (D:\\Work\\HR-SM\\server\\testing\\servic
es\\usageMetricTracking.property.test.js:408:9)"
      }

      at Console.write [as log] (node_modules/winston/lib/wi
nston/transports/console.js:87:23)

    console.log
      2025-12-22 13:25:32 [[31merror[39m]: Usage tracking 
error {
        "tenantId": "69492aacfcadba224afab20d",
        "moduleKey": "leave",
        "usageType": "kTEDWw R*(b",
        "amount": 1,
        "error": "Invalid usage type: kTEDWw R*(b. Must be 
one of: employees, storage, apiCalls",
        "stack": "Error: Invalid usage type: kTEDWw R*(b. 
Must be one of: employees, storage, apiCalls\n    at 
UsageTracker.trackUsage (D:\\Work\\HR-SM\\server\\services\\
usageTracker.service.js:73:23)\n    at trackUsage (D:\\Work\
\HR-SM\\server\\testing\\services\\usageMetricTracking.prope
rty.test.js:441:55)\n    at processTicksAndRejections 
(node:internal/process/task_queues:105:5)\n    at 
AsyncProperty.run (D:\\Work\\HR-SM\\node_modules\\fast-check
\\lib\\check\\property\\AsyncProperty.generic.js:43:28)\n   
 at asyncRunIt (D:\\Work\\HR-SM\\node_modules\\fast-check\\l
ib\\check\\runner\\Runner.js:24:21)\n    at 
Object.<anonymous> (D:\\Work\\HR-SM\\server\\testing\\servic
es\\usageMetricTracking.property.test.js:408:9)"
      }

      at Console.write [as log] (node_modules/winston/lib/wi
nston/transports/console.js:87:23)

    console.log
      2025-12-22 13:25:32 [[31merror[39m]: Usage tracking 
error {
        "tenantId": "69492aacfcadba224afab210",
        "moduleKey": "attendance",
        "usageType": "#",
        "amount": 25,
        "error": "Invalid usage type: #. Must be one of: 
employees, storage, apiCalls",
        "stack": "Error: Invalid usage type: #. Must be one 
of: employees, storage, apiCalls\n    at 
UsageTracker.trackUsage (D:\\Work\\HR-SM\\server\\services\\
usageTracker.service.js:73:23)\n    at trackUsage (D:\\Work\
\HR-SM\\server\\testing\\services\\usageMetricTracking.prope
rty.test.js:441:55)\n    at processTicksAndRejections 
(node:internal/process/task_queues:105:5)\n    at 
AsyncProperty.run (D:\\Work\\HR-SM\\node_modules\\fast-check
\\lib\\check\\property\\AsyncProperty.generic.js:43:28)\n   
 at asyncRunIt (D:\\Work\\HR-SM\\node_modules\\fast-check\\l
ib\\check\\runner\\Runner.js:24:21)\n    at 
Object.<anonymous> (D:\\Work\\HR-SM\\server\\testing\\servic
es\\usageMetricTracking.property.test.js:408:9)"
      }

      at Console.write [as log] (node_modules/winston/lib/wi
nston/transports/console.js:87:23)

    console.log
      2025-12-22 13:25:32 [[31merror[39m]: Usage tracking 
error {
        "tenantId": "69492aacfcadba224afab213",
        "moduleKey": "attendance",
        "usageType": "}}",
        "amount": 95,
        "error": "Invalid usage type: }}. Must be one of: 
employees, storage, apiCalls",
        "stack": "Error: Invalid usage type: }}. Must be 
one of: employees, storage, apiCalls\n    at 
UsageTracker.trackUsage (D:\\Work\\HR-SM\\server\\services\\
usageTracker.service.js:73:23)\n    at trackUsage (D:\\Work\
\HR-SM\\server\\testing\\services\\usageMetricTracking.prope
rty.test.js:441:55)\n    at processTicksAndRejections 
(node:internal/process/task_queues:105:5)\n    at 
AsyncProperty.run (D:\\Work\\HR-SM\\node_modules\\fast-check
\\lib\\check\\property\\AsyncProperty.generic.js:43:28)\n   
 at asyncRunIt (D:\\Work\\HR-SM\\node_modules\\fast-check\\l
ib\\check\\runner\\Runner.js:24:21)\n    at 
Object.<anonymous> (D:\\Work\\HR-SM\\server\\testing\\servic
es\\usageMetricTracking.property.test.js:408:9)"
      }

      at Console.write [as log] (node_modules/winston/lib/wi
nston/transports/console.js:87:23)

    console.log
      2025-12-22 13:25:32 [[31merror[39m]: Usage tracking 
error {
        "tenantId": "69492aacfcadba224afab216",
        "moduleKey": "leave",
        "usageType": "sf",
        "amount": 5,
        "error": "Invalid usage type: sf. Must be one of: 
employees, storage, apiCalls",
        "stack": "Error: Invalid usage type: sf. Must be 
one of: employees, storage, apiCalls\n    at 
UsageTracker.trackUsage (D:\\Work\\HR-SM\\server\\services\\
usageTracker.service.js:73:23)\n    at trackUsage (D:\\Work\
\HR-SM\\server\\testing\\services\\usageMetricTracking.prope
rty.test.js:441:55)\n    at processTicksAndRejections 
(node:internal/process/task_queues:105:5)\n    at 
AsyncProperty.run (D:\\Work\\HR-SM\\node_modules\\fast-check
\\lib\\check\\property\\AsyncProperty.generic.js:43:28)\n   
 at asyncRunIt (D:\\Work\\HR-SM\\node_modules\\fast-check\\l
ib\\check\\runner\\Runner.js:24:21)\n    at 
Object.<anonymous> (D:\\Work\\HR-SM\\server\\testing\\servic
es\\usageMetricTracking.property.test.js:408:9)"
      }

      at Console.write [as log] (node_modules/winston/lib/wi
nston/transports/console.js:87:23)

    console.log
      2025-12-22 13:25:32 [[31merror[39m]: Usage tracking 
error {
        "tenantId": "69492aacfcadba224afab219",
        "moduleKey": "attendance",
        "usageType": "maQ4F",
        "amount": 73,
        "error": "Invalid usage type: maQ4F. Must be one 
of: employees, storage, apiCalls",
        "stack": "Error: Invalid usage type: maQ4F. Must be 
one of: employees, storage, apiCalls\n    at 
UsageTracker.trackUsage (D:\\Work\\HR-SM\\server\\services\\
usageTracker.service.js:73:23)\n    at trackUsage (D:\\Work\
\HR-SM\\server\\testing\\services\\usageMetricTracking.prope
rty.test.js:441:55)\n    at processTicksAndRejections 
(node:internal/process/task_queues:105:5)\n    at 
AsyncProperty.run (D:\\Work\\HR-SM\\node_modules\\fast-check
\\lib\\check\\property\\AsyncProperty.generic.js:43:28)\n   
 at asyncRunIt (D:\\Work\\HR-SM\\node_modules\\fast-check\\l
ib\\check\\runner\\Runner.js:24:21)\n    at 
Object.<anonymous> (D:\\Work\\HR-SM\\server\\testing\\servic
es\\usageMetricTracking.property.test.js:408:9)"
      }

      at Console.write [as log] (node_modules/winston/lib/wi
nston/transports/console.js:87:23)

    console.log
      2025-12-22 13:25:32 [[31merror[39m]: Usage tracking 
error {
        "tenantId": "69492aacfcadba224afab21c",
        "moduleKey": "leave",
        "usageType": "r^wkb|",
        "amount": 96,
        "error": "Invalid usage type: r^wkb|. Must be one 
of: employees, storage, apiCalls",
        "stack": "Error: Invalid usage type: r^wkb|. Must 
be one of: employees, storage, apiCalls\n    at 
UsageTracker.trackUsage (D:\\Work\\HR-SM\\server\\services\\
usageTracker.service.js:73:23)\n    at trackUsage (D:\\Work\
\HR-SM\\server\\testing\\services\\usageMetricTracking.prope
rty.test.js:441:55)\n    at processTicksAndRejections 
(node:internal/process/task_queues:105:5)\n    at 
AsyncProperty.run (D:\\Work\\HR-SM\\node_modules\\fast-check
\\lib\\check\\property\\AsyncProperty.generic.js:43:28)\n   
 at asyncRunIt (D:\\Work\\HR-SM\\node_modules\\fast-check\\l
ib\\check\\runner\\Runner.js:24:21)\n    at 
Object.<anonymous> (D:\\Work\\HR-SM\\server\\testing\\servic
es\\usageMetricTracking.property.test.js:408:9)"
      }

      at Console.write [as log] (node_modules/winston/lib/wi
nston/transports/console.js:87:23)

    console.log
      2025-12-22 13:25:32 [[31merror[39m]: Usage tracking 
error {
        "tenantId": "69492aacfcadba224afab21f",
        "moduleKey": "attendance",
        "usageType": "y )XPUJeC@F9",
        "amount": 2,
        "error": "Invalid usage type: y )XPUJeC@F9. Must be 
one of: employees, storage, apiCalls",
        "stack": "Error: Invalid usage type: y )XPUJeC@F9. 
Must be one of: employees, storage, apiCalls\n    at 
UsageTracker.trackUsage (D:\\Work\\HR-SM\\server\\services\\
usageTracker.service.js:73:23)\n    at trackUsage (D:\\Work\
\HR-SM\\server\\testing\\services\\usageMetricTracking.prope
rty.test.js:441:55)\n    at processTicksAndRejections 
(node:internal/process/task_queues:105:5)\n    at 
AsyncProperty.run (D:\\Work\\HR-SM\\node_modules\\fast-check
\\lib\\check\\property\\AsyncProperty.generic.js:43:28)\n   
 at asyncRunIt (D:\\Work\\HR-SM\\node_modules\\fast-check\\l
ib\\check\\runner\\Runner.js:24:21)\n    at 
Object.<anonymous> (D:\\Work\\HR-SM\\server\\testing\\servic
es\\usageMetricTracking.property.test.js:408:9)"
      }

      at Console.write [as log] (node_modules/winston/lib/wi
nston/transports/console.js:87:23)

    console.log
      2025-12-22 13:25:32 [[31merror[39m]: Usage tracking 
error {
        "tenantId": "69492aacfcadba224afab222",
        "moduleKey": "leave",
        "usageType": "D-p&!",
        "amount": 49,
        "error": "Invalid usage type: D-p&!. Must be one 
of: employees, storage, apiCalls",
        "stack": "Error: Invalid usage type: D-p&!. Must be 
one of: employees, storage, apiCalls\n    at 
UsageTracker.trackUsage (D:\\Work\\HR-SM\\server\\services\\
usageTracker.service.js:73:23)\n    at trackUsage (D:\\Work\
\HR-SM\\server\\testing\\services\\usageMetricTracking.prope
rty.test.js:441:55)\n    at processTicksAndRejections 
(node:internal/process/task_queues:105:5)\n    at 
AsyncProperty.run (D:\\Work\\HR-SM\\node_modules\\fast-check
\\lib\\check\\property\\AsyncProperty.generic.js:43:28)\n   
 at asyncRunIt (D:\\Work\\HR-SM\\node_modules\\fast-check\\l
ib\\check\\runner\\Runner.js:24:21)\n    at 
Object.<anonymous> (D:\\Work\\HR-SM\\server\\testing\\servic
es\\usageMetricTracking.property.test.js:408:9)"
      }

      at Console.write [as log] (node_modules/winston/lib/wi
nston/transports/console.js:87:23)

    console.log
      2025-12-22 13:25:32 [[31merror[39m]: Usage tracking 
error {
        "tenantId": "69492aacfcadba224afab225",
        "moduleKey": "attendance",
        "usageType": "?$9l$ FS 5f^",
        "amount": 98,
        "error": "Invalid usage type: ?$9l$ FS 5f^. Must be 
one of: employees, storage, apiCalls",
        "stack": "Error: Invalid usage type: ?$9l$ FS 5f^. 
Must be one of: employees, storage, apiCalls\n    at 
UsageTracker.trackUsage (D:\\Work\\HR-SM\\server\\services\\
usageTracker.service.js:73:23)\n    at trackUsage (D:\\Work\
\HR-SM\\server\\testing\\services\\usageMetricTracking.prope
rty.test.js:441:55)\n    at processTicksAndRejections 
(node:internal/process/task_queues:105:5)\n    at 
AsyncProperty.run (D:\\Work\\HR-SM\\node_modules\\fast-check
\\lib\\check\\property\\AsyncProperty.generic.js:43:28)\n   
 at asyncRunIt (D:\\Work\\HR-SM\\node_modules\\fast-check\\l
ib\\check\\runner\\Runner.js:24:21)\n    at 
Object.<anonymous> (D:\\Work\\HR-SM\\server\\testing\\servic
es\\usageMetricTracking.property.test.js:408:9)"
      }

      at Console.write [as log] (node_modules/winston/lib/wi
nston/transports/console.js:87:23)

    console.log
      2025-12-22 13:25:32 [[31merror[39m]: Usage tracking 
error {
        "tenantId": "69492aacfcadba224afab228",
        "moduleKey": "leave",
        "usageType": "` mA6!6n|g",
        "amount": 67,
        "error": "Invalid usage type: ` mA6!6n|g. Must be 
one of: employees, storage, apiCalls",
        "stack": "Error: Invalid usage type: ` mA6!6n|g. 
Must be one of: employees, storage, apiCalls\n    at 
UsageTracker.trackUsage (D:\\Work\\HR-SM\\server\\services\\
usageTracker.service.js:73:23)\n    at trackUsage (D:\\Work\
\HR-SM\\server\\testing\\services\\usageMetricTracking.prope
rty.test.js:441:55)\n    at processTicksAndRejections 
(node:internal/process/task_queues:105:5)\n    at 
AsyncProperty.run (D:\\Work\\HR-SM\\node_modules\\fast-check
\\lib\\check\\property\\AsyncProperty.generic.js:43:28)\n   
 at asyncRunIt (D:\\Work\\HR-SM\\node_modules\\fast-check\\l
ib\\check\\runner\\Runner.js:24:21)\n    at 
Object.<anonymous> (D:\\Work\\HR-SM\\server\\testing\\servic
es\\usageMetricTracking.property.test.js:408:9)"
      }

      at Console.write [as log] (node_modules/winston/lib/wi
nston/transports/console.js:87:23)

    console.log
      2025-12-22 13:25:32 [[31merror[39m]: Usage tracking 
error {
        "tenantId": "69492aacfcadba224afab22b",
        "moduleKey": "leave",
        "usageType": "3z\"yw#w$#=4B",
        "amount": 96,
        "error": "Invalid usage type: 3z\"yw#w$#=4B. Must 
be one of: employees, storage, apiCalls",
        "stack": "Error: Invalid usage type: 3z\"yw#w$#=4B. 
Must be one of: employees, storage, apiCalls\n    at 
UsageTracker.trackUsage (D:\\Work\\HR-SM\\server\\services\\
usageTracker.service.js:73:23)\n    at trackUsage (D:\\Work\
\HR-SM\\server\\testing\\services\\usageMetricTracking.prope
rty.test.js:441:55)\n    at processTicksAndRejections 
(node:internal/process/task_queues:105:5)\n    at 
AsyncProperty.run (D:\\Work\\HR-SM\\node_modules\\fast-check
\\lib\\check\\property\\AsyncProperty.generic.js:43:28)\n   
 at asyncRunIt (D:\\Work\\HR-SM\\node_modules\\fast-check\\l
ib\\check\\runner\\Runner.js:24:21)\n    at 
Object.<anonymous> (D:\\Work\\HR-SM\\server\\testing\\servic
es\\usageMetricTracking.property.test.js:408:9)"
      }

      at Console.write [as log] (node_modules/winston/lib/wi
nston/transports/console.js:87:23)

    console.log
      2025-12-22 13:25:32 [[31merror[39m]: Usage tracking 
error {
        "tenantId": "69492aacfcadba224afab22e",
        "moduleKey": "leave",
        "usageType": "I2G",
        "amount": 56,
        "error": "Invalid usage type: I2G. Must be one of: 
employees, storage, apiCalls",
        "stack": "Error: Invalid usage type: I2G. Must be 
one of: employees, storage, apiCalls\n    at 
UsageTracker.trackUsage (D:\\Work\\HR-SM\\server\\services\\
usageTracker.service.js:73:23)\n    at trackUsage (D:\\Work\
\HR-SM\\server\\testing\\services\\usageMetricTracking.prope
rty.test.js:441:55)\n    at processTicksAndRejections 
(node:internal/process/task_queues:105:5)\n    at 
AsyncProperty.run (D:\\Work\\HR-SM\\node_modules\\fast-check
\\lib\\check\\property\\AsyncProperty.generic.js:43:28)\n   
 at asyncRunIt (D:\\Work\\HR-SM\\node_modules\\fast-check\\l
ib\\check\\runner\\Runner.js:24:21)\n    at 
Object.<anonymous> (D:\\Work\\HR-SM\\server\\testing\\servic
es\\usageMetricTracking.property.test.js:408:9)"
      }

      at Console.write [as log] (node_modules/winston/lib/wi
nston/transports/console.js:87:23)

    console.log
      2025-12-22 13:25:32 [[31merror[39m]: Usage tracking 
error {
        "tenantId": "69492aacfcadba224afab231",
        "moduleKey": "attendance",
        "usageType": "M+8]0+39`?",
        "amount": 21,
        "error": "Invalid usage type: M+8]0+39`?. Must be 
one of: employees, storage, apiCalls",
        "stack": "Error: Invalid usage type: M+8]0+39`?. 
Must be one of: employees, storage, apiCalls\n    at 
UsageTracker.trackUsage (D:\\Work\\HR-SM\\server\\services\\
usageTracker.service.js:73:23)\n    at trackUsage (D:\\Work\
\HR-SM\\server\\testing\\services\\usageMetricTracking.prope
rty.test.js:441:55)\n    at processTicksAndRejections 
(node:internal/process/task_queues:105:5)\n    at 
AsyncProperty.run (D:\\Work\\HR-SM\\node_modules\\fast-check
\\lib\\check\\property\\AsyncProperty.generic.js:43:28)\n   
 at asyncRunIt (D:\\Work\\HR-SM\\node_modules\\fast-check\\l
ib\\check\\runner\\Runner.js:24:21)\n    at 
Object.<anonymous> (D:\\Work\\HR-SM\\server\\testing\\servic
es\\usageMetricTracking.property.test.js:408:9)"
      }

      at Console.write [as log] (node_modules/winston/lib/wi
nston/transports/console.js:87:23)

    console.log
      2025-12-22 13:25:32 [[31merror[39m]: Usage tracking 
error {
        "tenantId": "69492aacfcadba224afab234",
        "moduleKey": "leave",
        "usageType": ";nd!<*amOQE8",
        "amount": 81,
        "error": "Invalid usage type: ;nd!<*amOQE8. Must be 
one of: employees, storage, apiCalls",
        "stack": "Error: Invalid usage type: ;nd!<*amOQE8. 
Must be one of: employees, storage, apiCalls\n    at 
UsageTracker.trackUsage (D:\\Work\\HR-SM\\server\\services\\
usageTracker.service.js:73:23)\n    at trackUsage (D:\\Work\
\HR-SM\\server\\testing\\services\\usageMetricTracking.prope
rty.test.js:441:55)\n    at processTicksAndRejections 
(node:internal/process/task_queues:105:5)\n    at 
AsyncProperty.run (D:\\Work\\HR-SM\\node_modules\\fast-check
\\lib\\check\\property\\AsyncProperty.generic.js:43:28)\n   
 at asyncRunIt (D:\\Work\\HR-SM\\node_modules\\fast-check\\l
ib\\check\\runner\\Runner.js:24:21)\n    at 
Object.<anonymous> (D:\\Work\\HR-SM\\server\\testing\\servic
es\\usageMetricTracking.property.test.js:408:9)"
      }

      at Console.write [as log] (node_modules/winston/lib/wi
nston/transports/console.js:87:23)

    console.log
      2025-12-22 13:25:32 [[31merror[39m]: Usage tracking 
error {
        "tenantId": "69492aacfcadba224afab237",
        "moduleKey": "leave",
        "usageType": "XY",
        "amount": 1,
        "error": "Invalid usage type: XY. Must be one of: 
employees, storage, apiCalls",
        "stack": "Error: Invalid usage type: XY. Must be 
one of: employees, storage, apiCalls\n    at 
UsageTracker.trackUsage (D:\\Work\\HR-SM\\server\\services\\
usageTracker.service.js:73:23)\n    at trackUsage (D:\\Work\
\HR-SM\\server\\testing\\services\\usageMetricTracking.prope
rty.test.js:441:55)\n    at processTicksAndRejections 
(node:internal/process/task_queues:105:5)\n    at 
AsyncProperty.run (D:\\Work\\HR-SM\\node_modules\\fast-check
\\lib\\check\\property\\AsyncProperty.generic.js:43:28)\n   
 at asyncRunIt (D:\\Work\\HR-SM\\node_modules\\fast-check\\l
ib\\check\\runner\\Runner.js:24:21)\n    at 
Object.<anonymous> (D:\\Work\\HR-SM\\server\\testing\\servic
es\\usageMetricTracking.property.test.js:408:9)"
      }

      at Console.write [as log] (node_modules/winston/lib/wi
nston/transports/console.js:87:23)

    console.log
      2025-12-22 13:25:32 [[31merror[39m]: Usage tracking 
error {
        "tenantId": "69492aacfcadba224afab23a",
        "moduleKey": "attendance",
        "usageType": "H@$$",
        "amount": 7,
        "error": "Invalid usage type: H@$$. Must be one of: 
employees, storage, apiCalls",
        "stack": "Error: Invalid usage type: H@$$. Must be 
one of: employees, storage, apiCalls\n    at 
UsageTracker.trackUsage (D:\\Work\\HR-SM\\server\\services\\
usageTracker.service.js:73:23)\n    at trackUsage (D:\\Work\
\HR-SM\\server\\testing\\services\\usageMetricTracking.prope
rty.test.js:441:55)\n    at processTicksAndRejections 
(node:internal/process/task_queues:105:5)\n    at 
AsyncProperty.run (D:\\Work\\HR-SM\\node_modules\\fast-check
\\lib\\check\\property\\AsyncProperty.generic.js:43:28)\n   
 at asyncRunIt (D:\\Work\\HR-SM\\node_modules\\fast-check\\l
ib\\check\\runner\\Runner.js:24:21)\n    at 
Object.<anonymous> (D:\\Work\\HR-SM\\server\\testing\\servic
es\\usageMetricTracking.property.test.js:408:9)"
      }

      at Console.write [as log] (node_modules/winston/lib/wi
nston/transports/console.js:87:23)

    console.log
      2025-12-22 13:25:32 [[31merror[39m]: Usage tracking 
error {
        "tenantId": "69492aacfcadba224afab23d",
        "moduleKey": "attendance",
        "usageType": "i)Q%M&W&&.W",
        "amount": 49,
        "error": "Invalid usage type: i)Q%M&W&&.W. Must be 
one of: employees, storage, apiCalls",
        "stack": "Error: Invalid usage type: i)Q%M&W&&.W. 
Must be one of: employees, storage, apiCalls\n    at 
UsageTracker.trackUsage (D:\\Work\\HR-SM\\server\\services\\
usageTracker.service.js:73:23)\n    at trackUsage (D:\\Work\
\HR-SM\\server\\testing\\services\\usageMetricTracking.prope
rty.test.js:441:55)\n    at processTicksAndRejections 
(node:internal/process/task_queues:105:5)\n    at 
AsyncProperty.run (D:\\Work\\HR-SM\\node_modules\\fast-check
\\lib\\check\\property\\AsyncProperty.generic.js:43:28)\n   
 at asyncRunIt (D:\\Work\\HR-SM\\node_modules\\fast-check\\l
ib\\check\\runner\\Runner.js:24:21)\n    at 
Object.<anonymous> (D:\\Work\\HR-SM\\server\\testing\\servic
es\\usageMetricTracking.property.test.js:408:9)"
      }

      at Console.write [as log] (node_modules/winston/lib/wi
nston/transports/console.js:87:23)

    console.log
      2025-12-22 13:25:32 [[31merror[39m]: Usage tracking 
error {
        "tenantId": "69492aacfcadba224afab240",
        "moduleKey": "leave",
        "usageType": "hYiI: k-bO|=",
        "amount": 46,
        "error": "Invalid usage type: hYiI: k-bO|=. Must be 
one of: employees, storage, apiCalls",
        "stack": "Error: Invalid usage type: hYiI: k-bO|=. 
Must be one of: employees, storage, apiCalls\n    at 
UsageTracker.trackUsage (D:\\Work\\HR-SM\\server\\services\\
usageTracker.service.js:73:23)\n    at trackUsage (D:\\Work\
\HR-SM\\server\\testing\\services\\usageMetricTracking.prope
rty.test.js:441:55)\n    at processTicksAndRejections 
(node:internal/process/task_queues:105:5)\n    at 
AsyncProperty.run (D:\\Work\\HR-SM\\node_modules\\fast-check
\\lib\\check\\property\\AsyncProperty.generic.js:43:28)\n   
 at asyncRunIt (D:\\Work\\HR-SM\\node_modules\\fast-check\\l
ib\\check\\runner\\Runner.js:24:21)\n    at 
Object.<anonymous> (D:\\Work\\HR-SM\\server\\testing\\servic
es\\usageMetricTracking.property.test.js:408:9)"
      }

      at Console.write [as log] (node_modules/winston/lib/wi
nston/transports/console.js:87:23)

    console.log
      2025-12-22 13:25:32 [[31merror[39m]: Usage tracking 
error {
        "tenantId": "69492aacfcadba224afab243",
        "moduleKey": "leave",
        "usageType": "+r0%##>",
        "amount": 34,
        "error": "Invalid usage type: +r0%##>. Must be one 
of: employees, storage, apiCalls",
        "stack": "Error: Invalid usage type: +r0%##>. Must 
be one of: employees, storage, apiCalls\n    at 
UsageTracker.trackUsage (D:\\Work\\HR-SM\\server\\services\\
usageTracker.service.js:73:23)\n    at trackUsage (D:\\Work\
\HR-SM\\server\\testing\\services\\usageMetricTracking.prope
rty.test.js:441:55)\n    at processTicksAndRejections 
(node:internal/process/task_queues:105:5)\n    at 
AsyncProperty.run (D:\\Work\\HR-SM\\node_modules\\fast-check
\\lib\\check\\property\\AsyncProperty.generic.js:43:28)\n   
 at asyncRunIt (D:\\Work\\HR-SM\\node_modules\\fast-check\\l
ib\\check\\runner\\Runner.js:24:21)\n    at 
Object.<anonymous> (D:\\Work\\HR-SM\\server\\testing\\servic
es\\usageMetricTracking.property.test.js:408:9)"
      }

      at Console.write [as log] (node_modules/winston/lib/wi
nston/transports/console.js:87:23)

    console.log
      2025-12-22 13:25:32 [[31merror[39m]: Usage tracking 
error {
        "tenantId": "69492aacfcadba224afab246",
        "moduleKey": "attendance",
        "usageType": "!X!8u'W",
        "amount": 98,
        "error": "Invalid usage type: !X!8u'W. Must be one 
of: employees, storage, apiCalls",
        "stack": "Error: Invalid usage type: !X!8u'W. Must 
be one of: employees, storage, apiCalls\n    at 
UsageTracker.trackUsage (D:\\Work\\HR-SM\\server\\services\\
usageTracker.service.js:73:23)\n    at trackUsage (D:\\Work\
\HR-SM\\server\\testing\\services\\usageMetricTracking.prope
rty.test.js:441:55)\n    at processTicksAndRejections 
(node:internal/process/task_queues:105:5)\n    at 
AsyncProperty.run (D:\\Work\\HR-SM\\node_modules\\fast-check
\\lib\\check\\property\\AsyncProperty.generic.js:43:28)\n   
 at asyncRunIt (D:\\Work\\HR-SM\\node_modules\\fast-check\\l
ib\\check\\runner\\Runner.js:24:21)\n    at 
Object.<anonymous> (D:\\Work\\HR-SM\\server\\testing\\servic
es\\usageMetricTracking.property.test.js:408:9)"
      }

      at Console.write [as log] (node_modules/winston/lib/wi
nston/transports/console.js:87:23)

    console.log
      2025-12-22 13:25:32 [[31merror[39m]: Usage tracking 
error {
        "tenantId": "69492aacfcadba224afab249",
        "moduleKey": "attendance",
        "usageType": "Hgy4G|Cfj+",
        "amount": 6,
        "error": "Invalid usage type: Hgy4G|Cfj+. Must be 
one of: employees, storage, apiCalls",
        "stack": "Error: Invalid usage type: Hgy4G|Cfj+. 
Must be one of: employees, storage, apiCalls\n    at 
UsageTracker.trackUsage (D:\\Work\\HR-SM\\server\\services\\
usageTracker.service.js:73:23)\n    at trackUsage (D:\\Work\
\HR-SM\\server\\testing\\services\\usageMetricTracking.prope
rty.test.js:441:55)\n    at processTicksAndRejections 
(node:internal/process/task_queues:105:5)\n    at 
AsyncProperty.run (D:\\Work\\HR-SM\\node_modules\\fast-check
\\lib\\check\\property\\AsyncProperty.generic.js:43:28)\n   
 at asyncRunIt (D:\\Work\\HR-SM\\node_modules\\fast-check\\l
ib\\check\\runner\\Runner.js:24:21)\n    at 
Object.<anonymous> (D:\\Work\\HR-SM\\server\\testing\\servic
es\\usageMetricTracking.property.test.js:408:9)"
      }

      at Console.write [as log] (node_modules/winston/lib/wi
nston/transports/console.js:87:23)

    console.log
      2025-12-22 13:25:32 [[31merror[39m]: Usage tracking 
error {
        "tenantId": "69492aacfcadba224afab24c",
        "moduleKey": "leave",
        "usageType": ".)\";~5l%fgPe",
        "amount": 56,
        "error": "Invalid usage type: .)\";~5l%fgPe. Must 
be one of: employees, storage, apiCalls",
        "stack": "Error: Invalid usage type: .)\";~5l%fgPe. 
Must be one of: employees, storage, apiCalls\n    at 
UsageTracker.trackUsage (D:\\Work\\HR-SM\\server\\services\\
usageTracker.service.js:73:23)\n    at trackUsage (D:\\Work\
\HR-SM\\server\\testing\\services\\usageMetricTracking.prope
rty.test.js:441:55)\n    at processTicksAndRejections 
(node:internal/process/task_queues:105:5)\n    at 
AsyncProperty.run (D:\\Work\\HR-SM\\node_modules\\fast-check
\\lib\\check\\property\\AsyncProperty.generic.js:43:28)\n   
 at asyncRunIt (D:\\Work\\HR-SM\\node_modules\\fast-check\\l
ib\\check\\runner\\Runner.js:24:21)\n    at 
Object.<anonymous> (D:\\Work\\HR-SM\\server\\testing\\servic
es\\usageMetricTracking.property.test.js:408:9)"
      }

      at Console.write [as log] (node_modules/winston/lib/wi
nston/transports/console.js:87:23)

    console.log
      2025-12-22 13:25:32 [[31merror[39m]: Usage tracking 
error {
        "tenantId": "69492aacfcadba224afab24f",
        "moduleKey": "leave",
        "usageType": "!!",
        "amount": 100,
        "error": "Invalid usage type: !!. Must be one of: 
employees, storage, apiCalls",
        "stack": "Error: Invalid usage type: !!. Must be 
one of: employees, storage, apiCalls\n    at 
UsageTracker.trackUsage (D:\\Work\\HR-SM\\server\\services\\
usageTracker.service.js:73:23)\n    at trackUsage (D:\\Work\
\HR-SM\\server\\testing\\services\\usageMetricTracking.prope
rty.test.js:441:55)\n    at processTicksAndRejections 
(node:internal/process/task_queues:105:5)\n    at 
AsyncProperty.run (D:\\Work\\HR-SM\\node_modules\\fast-check
\\lib\\check\\property\\AsyncProperty.generic.js:43:28)\n   
 at asyncRunIt (D:\\Work\\HR-SM\\node_modules\\fast-check\\l
ib\\check\\runner\\Runner.js:24:21)\n    at 
Object.<anonymous> (D:\\Work\\HR-SM\\server\\testing\\servic
es\\usageMetricTracking.property.test.js:408:9)"
      }

      at Console.write [as log] (node_modules/winston/lib/wi
nston/transports/console.js:87:23)

    console.log
      2025-12-22 13:25:32 [[31merror[39m]: Usage tracking 
error {
        "tenantId": "69492aacfcadba224afab252",
        "moduleKey": "attendance",
        "usageType": " \"$\"x Z@Y",
        "amount": 5,
        "error": "Invalid usage type:  \"$\"x Z@Y. Must be 
one of: employees, storage, apiCalls",
        "stack": "Error: Invalid usage type:  \"$\"x Z@Y. 
Must be one of: employees, storage, apiCalls\n    at 
UsageTracker.trackUsage (D:\\Work\\HR-SM\\server\\services\\
usageTracker.service.js:73:23)\n    at trackUsage (D:\\Work\
\HR-SM\\server\\testing\\services\\usageMetricTracking.prope
rty.test.js:441:55)\n    at processTicksAndRejections 
(node:internal/process/task_queues:105:5)\n    at 
AsyncProperty.run (D:\\Work\\HR-SM\\node_modules\\fast-check
\\lib\\check\\property\\AsyncProperty.generic.js:43:28)\n   
 at asyncRunIt (D:\\Work\\HR-SM\\node_modules\\fast-check\\l
ib\\check\\runner\\Runner.js:24:21)\n    at 
Object.<anonymous> (D:\\Work\\HR-SM\\server\\testing\\servic
es\\usageMetricTracking.property.test.js:408:9)"
      }

      at Console.write [as log] (node_modules/winston/lib/wi
nston/transports/console.js:87:23)

    console.log
      2025-12-22 13:25:32 [[31merror[39m]: Usage tracking 
error {
        "tenantId": "69492aacfcadba224afab255",
        "moduleKey": "attendance",
        "usageType": "kn",
        "amount": 87,
        "error": "Invalid usage type: kn. Must be one of: 
employees, storage, apiCalls",
        "stack": "Error: Invalid usage type: kn. Must be 
one of: employees, storage, apiCalls\n    at 
UsageTracker.trackUsage (D:\\Work\\HR-SM\\server\\services\\
usageTracker.service.js:73:23)\n    at trackUsage (D:\\Work\
\HR-SM\\server\\testing\\services\\usageMetricTracking.prope
rty.test.js:441:55)\n    at processTicksAndRejections 
(node:internal/process/task_queues:105:5)\n    at 
AsyncProperty.run (D:\\Work\\HR-SM\\node_modules\\fast-check
\\lib\\check\\property\\AsyncProperty.generic.js:43:28)\n   
 at asyncRunIt (D:\\Work\\HR-SM\\node_modules\\fast-check\\l
ib\\check\\runner\\Runner.js:24:21)\n    at 
Object.<anonymous> (D:\\Work\\HR-SM\\server\\testing\\servic
es\\usageMetricTracking.property.test.js:408:9)"
      }

      at Console.write [as log] (node_modules/winston/lib/wi
nston/transports/console.js:87:23)

    console.log
      2025-12-22 13:25:32 [[31merror[39m]: Usage tracking 
error {
        "tenantId": "69492aacfcadba224afab258",
        "moduleKey": "leave",
        "usageType": "I=|",
        "amount": 67,
        "error": "Invalid usage type: I=|. Must be one of: 
employees, storage, apiCalls",
        "stack": "Error: Invalid usage type: I=|. Must be 
one of: employees, storage, apiCalls\n    at 
UsageTracker.trackUsage (D:\\Work\\HR-SM\\server\\services\\
usageTracker.service.js:73:23)\n    at trackUsage (D:\\Work\
\HR-SM\\server\\testing\\services\\usageMetricTracking.prope
rty.test.js:441:55)\n    at processTicksAndRejections 
(node:internal/process/task_queues:105:5)\n    at 
AsyncProperty.run (D:\\Work\\HR-SM\\node_modules\\fast-check
\\lib\\check\\property\\AsyncProperty.generic.js:43:28)\n   
 at asyncRunIt (D:\\Work\\HR-SM\\node_modules\\fast-check\\l
ib\\check\\runner\\Runner.js:24:21)\n    at 
Object.<anonymous> (D:\\Work\\HR-SM\\server\\testing\\servic
es\\usageMetricTracking.property.test.js:408:9)"
      }

      at Console.write [as log] (node_modules/winston/lib/wi
nston/transports/console.js:87:23)

    console.log
      2025-12-22 13:25:32 [[31merror[39m]: Usage tracking 
error {
        "tenantId": "69492aacfcadba224afab25b",
        "moduleKey": "attendance",
        "usageType": "md{RKZ#<",
        "amount": 51,
        "error": "Invalid usage type: md{RKZ#<. Must be one 
of: employees, storage, apiCalls",
        "stack": "Error: Invalid usage type: md{RKZ#<. Must 
be one of: employees, storage, apiCalls\n    at 
UsageTracker.trackUsage (D:\\Work\\HR-SM\\server\\services\\
usageTracker.service.js:73:23)\n    at trackUsage (D:\\Work\
\HR-SM\\server\\testing\\services\\usageMetricTracking.prope
rty.test.js:441:55)\n    at processTicksAndRejections 
(node:internal/process/task_queues:105:5)\n    at 
AsyncProperty.run (D:\\Work\\HR-SM\\node_modules\\fast-check
\\lib\\check\\property\\AsyncProperty.generic.js:43:28)\n   
 at asyncRunIt (D:\\Work\\HR-SM\\node_modules\\fast-check\\l
ib\\check\\runner\\Runner.js:24:21)\n    at 
Object.<anonymous> (D:\\Work\\HR-SM\\server\\testing\\servic
es\\usageMetricTracking.property.test.js:408:9)"
      }

      at Console.write [as log] (node_modules/winston/lib/wi
nston/transports/console.js:87:23)

    console.log
      2025-12-22 13:25:32 [[31merror[39m]: Usage tracking 
error {
        "tenantId": "69492aacfcadba224afab25e",
        "moduleKey": "attendance",
        "usageType": "RYf4r[",
        "amount": 33,
        "error": "Invalid usage type: RYf4r[. Must be one 
of: employees, storage, apiCalls",
        "stack": "Error: Invalid usage type: RYf4r[. Must 
be one of: employees, storage, apiCalls\n    at 
UsageTracker.trackUsage (D:\\Work\\HR-SM\\server\\services\\
usageTracker.service.js:73:23)\n    at trackUsage (D:\\Work\
\HR-SM\\server\\testing\\services\\usageMetricTracking.prope
rty.test.js:441:55)\n    at processTicksAndRejections 
(node:internal/process/task_queues:105:5)\n    at 
AsyncProperty.run (D:\\Work\\HR-SM\\node_modules\\fast-check
\\lib\\check\\property\\AsyncProperty.generic.js:43:28)\n   
 at asyncRunIt (D:\\Work\\HR-SM\\node_modules\\fast-check\\l
ib\\check\\runner\\Runner.js:24:21)\n    at 
Object.<anonymous> (D:\\Work\\HR-SM\\server\\testing\\servic
es\\usageMetricTracking.property.test.js:408:9)"
      }

      at Console.write [as log] (node_modules/winston/lib/wi
nston/transports/console.js:87:23)

    console.log
      2025-12-22 13:25:32 [[31merror[39m]: Usage tracking 
error {
        "tenantId": "69492aacfcadba224afab261",
        "moduleKey": "attendance",
        "usageType": "YL%=bJ]",
        "amount": 96,
        "error": "Invalid usage type: YL%=bJ]. Must be one 
of: employees, storage, apiCalls",
        "stack": "Error: Invalid usage type: YL%=bJ]. Must 
be one of: employees, storage, apiCalls\n    at 
UsageTracker.trackUsage (D:\\Work\\HR-SM\\server\\services\\
usageTracker.service.js:73:23)\n    at trackUsage (D:\\Work\
\HR-SM\\server\\testing\\services\\usageMetricTracking.prope
rty.test.js:441:55)\n    at processTicksAndRejections 
(node:internal/process/task_queues:105:5)\n    at 
AsyncProperty.run (D:\\Work\\HR-SM\\node_modules\\fast-check
\\lib\\check\\property\\AsyncProperty.generic.js:43:28)\n   
 at asyncRunIt (D:\\Work\\HR-SM\\node_modules\\fast-check\\l
ib\\check\\runner\\Runner.js:24:21)\n    at 
Object.<anonymous> (D:\\Work\\HR-SM\\server\\testing\\servic
es\\usageMetricTracking.property.test.js:408:9)"
      }

      at Console.write [as log] (node_modules/winston/lib/wi
nston/transports/console.js:87:23)

    console.log
      2025-12-22 13:25:32 [[31merror[39m]: Usage tracking 
error {
        "tenantId": "69492aacfcadba224afab264",
        "moduleKey": "attendance",
        "usageType": "`cW",
        "amount": 40,
        "error": "Invalid usage type: `cW. Must be one of: 
employees, storage, apiCalls",
        "stack": "Error: Invalid usage type: `cW. Must be 
one of: employees, storage, apiCalls\n    at 
UsageTracker.trackUsage (D:\\Work\\HR-SM\\server\\services\\
usageTracker.service.js:73:23)\n    at trackUsage (D:\\Work\
\HR-SM\\server\\testing\\services\\usageMetricTracking.prope
rty.test.js:441:55)\n    at processTicksAndRejections 
(node:internal/process/task_queues:105:5)\n    at 
AsyncProperty.run (D:\\Work\\HR-SM\\node_modules\\fast-check
\\lib\\check\\property\\AsyncProperty.generic.js:43:28)\n   
 at asyncRunIt (D:\\Work\\HR-SM\\node_modules\\fast-check\\l
ib\\check\\runner\\Runner.js:24:21)\n    at 
Object.<anonymous> (D:\\Work\\HR-SM\\server\\testing\\servic
es\\usageMetricTracking.property.test.js:408:9)"
      }

      at Console.write [as log] (node_modules/winston/lib/wi
nston/transports/console.js:87:23)

    console.log
      2025-12-22 13:25:32 [[31merror[39m]: Usage tracking 
error {
        "tenantId": "69492aacfcadba224afab267",
        "moduleKey": "attendance",
        "usageType": "%R`",
        "amount": 19,
        "error": "Invalid usage type: %R`. Must be one of: 
employees, storage, apiCalls",
        "stack": "Error: Invalid usage type: %R`. Must be 
one of: employees, storage, apiCalls\n    at 
UsageTracker.trackUsage (D:\\Work\\HR-SM\\server\\services\\
usageTracker.service.js:73:23)\n    at trackUsage (D:\\Work\
\HR-SM\\server\\testing\\services\\usageMetricTracking.prope
rty.test.js:441:55)\n    at processTicksAndRejections 
(node:internal/process/task_queues:105:5)\n    at 
AsyncProperty.run (D:\\Work\\HR-SM\\node_modules\\fast-check
\\lib\\check\\property\\AsyncProperty.generic.js:43:28)\n   
 at asyncRunIt (D:\\Work\\HR-SM\\node_modules\\fast-check\\l
ib\\check\\runner\\Runner.js:24:21)\n    at 
Object.<anonymous> (D:\\Work\\HR-SM\\server\\testing\\servic
es\\usageMetricTracking.property.test.js:408:9)"
      }

      at Console.write [as log] (node_modules/winston/lib/wi
nston/transports/console.js:87:23)

    console.log
      2025-12-22 13:25:32 [[31merror[39m]: Usage tracking 
error {
        "tenantId": "69492aacfcadba224afab26a",
        "moduleKey": "attendance",
        "usageType": "+2)<F HJ(",
        "amount": 36,
        "error": "Invalid usage type: +2)<F HJ(. Must be 
one of: employees, storage, apiCalls",
        "stack": "Error: Invalid usage type: +2)<F HJ(. 
Must be one of: employees, storage, apiCalls\n    at 
UsageTracker.trackUsage (D:\\Work\\HR-SM\\server\\services\\
usageTracker.service.js:73:23)\n    at trackUsage (D:\\Work\
\HR-SM\\server\\testing\\services\\usageMetricTracking.prope
rty.test.js:441:55)\n    at processTicksAndRejections 
(node:internal/process/task_queues:105:5)\n    at 
AsyncProperty.run (D:\\Work\\HR-SM\\node_modules\\fast-check
\\lib\\check\\property\\AsyncProperty.generic.js:43:28)\n   
 at asyncRunIt (D:\\Work\\HR-SM\\node_modules\\fast-check\\l
ib\\check\\runner\\Runner.js:24:21)\n    at 
Object.<anonymous> (D:\\Work\\HR-SM\\server\\testing\\servic
es\\usageMetricTracking.property.test.js:408:9)"
      }

      at Console.write [as log] (node_modules/winston/lib/wi
nston/transports/console.js:87:23)

    console.log
      2025-12-22 13:25:32 [[31merror[39m]: Usage tracking 
error {
        "tenantId": "69492aacfcadba224afab26d",
        "moduleKey": "attendance",
        "usageType": "b",
        "amount": 14,
        "error": "Invalid usage type: b. Must be one of: 
employees, storage, apiCalls",
        "stack": "Error: Invalid usage type: b. Must be one 
of: employees, storage, apiCalls\n    at 
UsageTracker.trackUsage (D:\\Work\\HR-SM\\server\\services\\
usageTracker.service.js:73:23)\n    at trackUsage (D:\\Work\
\HR-SM\\server\\testing\\services\\usageMetricTracking.prope
rty.test.js:441:55)\n    at processTicksAndRejections 
(node:internal/process/task_queues:105:5)\n    at 
AsyncProperty.run (D:\\Work\\HR-SM\\node_modules\\fast-check
\\lib\\check\\property\\AsyncProperty.generic.js:43:28)\n   
 at asyncRunIt (D:\\Work\\HR-SM\\node_modules\\fast-check\\l
ib\\check\\runner\\Runner.js:24:21)\n    at 
Object.<anonymous> (D:\\Work\\HR-SM\\server\\testing\\servic
es\\usageMetricTracking.property.test.js:408:9)"
      }

      at Console.write [as log] (node_modules/winston/lib/wi
nston/transports/console.js:87:23)

    console.log
      2025-12-22 13:25:32 [[31merror[39m]: Usage tracking 
error {
        "tenantId": "69492aacfcadba224afab270",
        "moduleKey": "attendance",
        "usageType": "m$8!,",
        "amount": 65,
        "error": "Invalid usage type: m$8!,. Must be one 
of: employees, storage, apiCalls",
        "stack": "Error: Invalid usage type: m$8!,. Must be 
one of: employees, storage, apiCalls\n    at 
UsageTracker.trackUsage (D:\\Work\\HR-SM\\server\\services\\
usageTracker.service.js:73:23)\n    at trackUsage (D:\\Work\
\HR-SM\\server\\testing\\services\\usageMetricTracking.prope
rty.test.js:441:55)\n    at processTicksAndRejections 
(node:internal/process/task_queues:105:5)\n    at 
AsyncProperty.run (D:\\Work\\HR-SM\\node_modules\\fast-check
\\lib\\check\\property\\AsyncProperty.generic.js:43:28)\n   
 at asyncRunIt (D:\\Work\\HR-SM\\node_modules\\fast-check\\l
ib\\check\\runner\\Runner.js:24:21)\n    at 
Object.<anonymous> (D:\\Work\\HR-SM\\server\\testing\\servic
es\\usageMetricTracking.property.test.js:408:9)"
      }

      at Console.write [as log] (node_modules/winston/lib/wi
nston/transports/console.js:87:23)

    console.log
      2025-12-22 13:25:32 [[31merror[39m]: Usage tracking 
error {
        "tenantId": "69492aacfcadba224afab273",
        "moduleKey": "attendance",
        "usageType": " rPY?Cwp.P",
        "amount": 46,
        "error": "Invalid usage type:  rPY?Cwp.P. Must be 
one of: employees, storage, apiCalls",
        "stack": "Error: Invalid usage type:  rPY?Cwp.P. 
Must be one of: employees, storage, apiCalls\n    at 
UsageTracker.trackUsage (D:\\Work\\HR-SM\\server\\services\\
usageTracker.service.js:73:23)\n    at trackUsage (D:\\Work\
\HR-SM\\server\\testing\\services\\usageMetricTracking.prope
rty.test.js:441:55)\n    at processTicksAndRejections 
(node:internal/process/task_queues:105:5)\n    at 
AsyncProperty.run (D:\\Work\\HR-SM\\node_modules\\fast-check
\\lib\\check\\property\\AsyncProperty.generic.js:43:28)\n   
 at asyncRunIt (D:\\Work\\HR-SM\\node_modules\\fast-check\\l
ib\\check\\runner\\Runner.js:24:21)\n    at 
Object.<anonymous> (D:\\Work\\HR-SM\\server\\testing\\servic
es\\usageMetricTracking.property.test.js:408:9)"
      }

      at Console.write [as log] (node_modules/winston/lib/wi
nston/transports/console.js:87:23)

    console.log
      2025-12-22 13:25:32 [[31merror[39m]: Usage tracking 
error {
        "tenantId": "69492aacfcadba224afab276",
        "moduleKey": "attendance",
        "usageType": "9tj2",
        "amount": 54,
        "error": "Invalid usage type: 9tj2. Must be one of: 
employees, storage, apiCalls",
        "stack": "Error: Invalid usage type: 9tj2. Must be 
one of: employees, storage, apiCalls\n    at 
UsageTracker.trackUsage (D:\\Work\\HR-SM\\server\\services\\
usageTracker.service.js:73:23)\n    at trackUsage (D:\\Work\
\HR-SM\\server\\testing\\services\\usageMetricTracking.prope
rty.test.js:441:55)\n    at processTicksAndRejections 
(node:internal/process/task_queues:105:5)\n    at 
AsyncProperty.run (D:\\Work\\HR-SM\\node_modules\\fast-check
\\lib\\check\\property\\AsyncProperty.generic.js:43:28)\n   
 at asyncRunIt (D:\\Work\\HR-SM\\node_modules\\fast-check\\l
ib\\check\\runner\\Runner.js:24:21)\n    at 
Object.<anonymous> (D:\\Work\\HR-SM\\server\\testing\\servic
es\\usageMetricTracking.property.test.js:408:9)"
      }

      at Console.write [as log] (node_modules/winston/lib/wi
nston/transports/console.js:87:23)

    console.log
      2025-12-22 13:25:32 [[31merror[39m]: Usage tracking 
error {
        "tenantId": "69492aacfcadba224afab279",
        "moduleKey": "attendance",
        "usageType": "^\"#V[9b$ {'/",
        "amount": 7,
        "error": "Invalid usage type: ^\"#V[9b$ {'/. Must 
be one of: employees, storage, apiCalls",
        "stack": "Error: Invalid usage type: ^\"#V[9b$ {'/. 
Must be one of: employees, storage, apiCalls\n    at 
UsageTracker.trackUsage (D:\\Work\\HR-SM\\server\\services\\
usageTracker.service.js:73:23)\n    at trackUsage (D:\\Work\
\HR-SM\\server\\testing\\services\\usageMetricTracking.prope
rty.test.js:441:55)\n    at processTicksAndRejections 
(node:internal/process/task_queues:105:5)\n    at 
AsyncProperty.run (D:\\Work\\HR-SM\\node_modules\\fast-check
\\lib\\check\\property\\AsyncProperty.generic.js:43:28)\n   
 at asyncRunIt (D:\\Work\\HR-SM\\node_modules\\fast-check\\l
ib\\check\\runner\\Runner.js:24:21)\n    at 
Object.<anonymous> (D:\\Work\\HR-SM\\server\\testing\\servic
es\\usageMetricTracking.property.test.js:408:9)"
      }

      at Console.write [as log] (node_modules/winston/lib/wi
nston/transports/console.js:87:23)

    console.log
      2025-12-22 13:25:32 [[31merror[39m]: Usage tracking 
error {
        "tenantId": "69492aacfcadba224afab27c",
        "moduleKey": "attendance",
        "usageType": "509LpY#",
        "amount": 4,
        "error": "Invalid usage type: 509LpY#. Must be one 
of: employees, storage, apiCalls",
        "stack": "Error: Invalid usage type: 509LpY#. Must 
be one of: employees, storage, apiCalls\n    at 
UsageTracker.trackUsage (D:\\Work\\HR-SM\\server\\services\\
usageTracker.service.js:73:23)\n    at trackUsage (D:\\Work\
\HR-SM\\server\\testing\\services\\usageMetricTracking.prope
rty.test.js:441:55)\n    at processTicksAndRejections 
(node:internal/process/task_queues:105:5)\n    at 
AsyncProperty.run (D:\\Work\\HR-SM\\node_modules\\fast-check
\\lib\\check\\property\\AsyncProperty.generic.js:43:28)\n   
 at asyncRunIt (D:\\Work\\HR-SM\\node_modules\\fast-check\\l
ib\\check\\runner\\Runner.js:24:21)\n    at 
Object.<anonymous> (D:\\Work\\HR-SM\\server\\testing\\servic
es\\usageMetricTracking.property.test.js:408:9)"
      }

      at Console.write [as log] (node_modules/winston/lib/wi
nston/transports/console.js:87:23)

    console.log
      2025-12-22 13:25:32 [[31merror[39m]: Usage tracking 
error {
        "tenantId": "69492aacfcadba224afab27f",
        "moduleKey": "leave",
        "usageType": "$x&{{UL!vy$",
        "amount": 85,
        "error": "Invalid usage type: $x&{{UL!vy$. Must be 
one of: employees, storage, apiCalls",
        "stack": "Error: Invalid usage type: $x&{{UL!vy$. 
Must be one of: employees, storage, apiCalls\n    at 
UsageTracker.trackUsage (D:\\Work\\HR-SM\\server\\services\\
usageTracker.service.js:73:23)\n    at trackUsage (D:\\Work\
\HR-SM\\server\\testing\\services\\usageMetricTracking.prope
rty.test.js:441:55)\n    at processTicksAndRejections 
(node:internal/process/task_queues:105:5)\n    at 
AsyncProperty.run (D:\\Work\\HR-SM\\node_modules\\fast-check
\\lib\\check\\property\\AsyncProperty.generic.js:43:28)\n   
 at asyncRunIt (D:\\Work\\HR-SM\\node_modules\\fast-check\\l
ib\\check\\runner\\Runner.js:24:21)\n    at 
Object.<anonymous> (D:\\Work\\HR-SM\\server\\testing\\servic
es\\usageMetricTracking.property.test.js:408:9)"
      }

      at Console.write [as log] (node_modules/winston/lib/wi
nston/transports/console.js:87:23)

    console.log
      2025-12-22 13:25:32 [[31merror[39m]: Usage tracking 
error {
        "tenantId": "69492aacfcadba224afab282",
        "moduleKey": "attendance",
        "usageType": "!m}oFz:",
        "amount": 70,
        "error": "Invalid usage type: !m}oFz:. Must be one 
of: employees, storage, apiCalls",
        "stack": "Error: Invalid usage type: !m}oFz:. Must 
be one of: employees, storage, apiCalls\n    at 
UsageTracker.trackUsage (D:\\Work\\HR-SM\\server\\services\\
usageTracker.service.js:73:23)\n    at trackUsage (D:\\Work\
\HR-SM\\server\\testing\\services\\usageMetricTracking.prope
rty.test.js:441:55)\n    at processTicksAndRejections 
(node:internal/process/task_queues:105:5)\n    at 
AsyncProperty.run (D:\\Work\\HR-SM\\node_modules\\fast-check
\\lib\\check\\property\\AsyncProperty.generic.js:43:28)\n   
 at asyncRunIt (D:\\Work\\HR-SM\\node_modules\\fast-check\\l
ib\\check\\runner\\Runner.js:24:21)\n    at 
Object.<anonymous> (D:\\Work\\HR-SM\\server\\testing\\servic
es\\usageMetricTracking.property.test.js:408:9)"
      }

      at Console.write [as log] (node_modules/winston/lib/wi
nston/transports/console.js:87:23)

    console.log
      2025-12-22 13:25:32 [[31merror[39m]: Usage tracking 
error {
        "tenantId": "69492aacfcadba224afab285",
        "moduleKey": "leave",
        "usageType": "8I",
        "amount": 40,
        "error": "Invalid usage type: 8I. Must be one of: 
employees, storage, apiCalls",
        "stack": "Error: Invalid usage type: 8I. Must be 
one of: employees, storage, apiCalls\n    at 
UsageTracker.trackUsage (D:\\Work\\HR-SM\\server\\services\\
usageTracker.service.js:73:23)\n    at trackUsage (D:\\Work\
\HR-SM\\server\\testing\\services\\usageMetricTracking.prope
rty.test.js:441:55)\n    at processTicksAndRejections 
(node:internal/process/task_queues:105:5)\n    at 
AsyncProperty.run (D:\\Work\\HR-SM\\node_modules\\fast-check
\\lib\\check\\property\\AsyncProperty.generic.js:43:28)\n   
 at asyncRunIt (D:\\Work\\HR-SM\\node_modules\\fast-check\\l
ib\\check\\runner\\Runner.js:24:21)\n    at 
Object.<anonymous> (D:\\Work\\HR-SM\\server\\testing\\servic
es\\usageMetricTracking.property.test.js:408:9)"
      }

      at Console.write [as log] (node_modules/winston/lib/wi
nston/transports/console.js:87:23)

PASS server/testing/modules/hr-core/backupIsolation.property
.test.js (85.996 s)
  ΓùÅ Console

    console.log
      2025-12-22 13:26:24 [[31merror[39m]: Error 
restoring backup for tenant target_tP8AlsesMGS: Backup 
tenant ID (source_sProproto) does not match target tenant 
ID (target_tP8AlsesMGS) {
        "stack": "Error: Backup tenant ID 
(source_sProproto) does not match target tenant ID 
(target_tP8AlsesMGS)\n    at BackupService.restoreBackup (D:
\\Work\\HR-SM\\server\\modules\\hr-core\\backup\\services\\b
ackupService.js:96:23)\n    at restoreBackup (D:\\Work\\HR-S
M\\server\\testing\\modules\\hr-core\\backupIsolation.proper
ty.test.js:689:45)\n    at AsyncProperty.p [as predicate] (D
:\\Work\\HR-SM\\node_modules\\fast-check\\lib\\check\\proper
ty\\AsyncProperty.js:14:59)\n    at AsyncProperty.predicate 
[as run] (D:\\Work\\HR-SM\\node_modules\\fast-check\\lib\\ch
eck\\property\\AsyncProperty.generic.js:43:39)\n    at run (
D:\\Work\\HR-SM\\node_modules\\fast-check\\lib\\check\\runne
r\\Runner.js:24:36)\n    at processTicksAndRejections 
(node:internal/process/task_queues:105:5)\n    at 
Object.<anonymous> (D:\\Work\\HR-SM\\server\\testing\\module
s\\hr-core\\backupIsolation.property.test.js:651:9)"
      }

      at Console.write [as log] (node_modules/winston/lib/wi
nston/transports/console.js:87:23)

    console.log
      2025-12-22 13:26:24 [[31merror[39m]: Error 
restoring backup for tenant target_5jqE4LFwi: Backup tenant 
ID (source_proefin) does not match target tenant ID 
(target_5jqE4LFwi) {
        "stack": "Error: Backup tenant ID (source_proefin) 
does not match target tenant ID (target_5jqE4LFwi)\n    at 
BackupService.restoreBackup (D:\\Work\\HR-SM\\server\\module
s\\hr-core\\backup\\services\\backupService.js:96:23)\n    
at restoreBackup (D:\\Work\\HR-SM\\server\\testing\\modules\
\hr-core\\backupIsolation.property.test.js:689:45)\n    at 
AsyncProperty.p [as predicate] (D:\\Work\\HR-SM\\node_module
s\\fast-check\\lib\\check\\property\\AsyncProperty.js:14:59)
\n    at AsyncProperty.predicate [as run] (D:\\Work\\HR-SM\\
node_modules\\fast-check\\lib\\check\\property\\AsyncPropert
y.generic.js:43:39)\n    at run (D:\\Work\\HR-SM\\node_modul
es\\fast-check\\lib\\check\\runner\\Runner.js:24:36)\n    
at processTicksAndRejections 
(node:internal/process/task_queues:105:5)\n    at 
Object.<anonymous> (D:\\Work\\HR-SM\\server\\testing\\module
s\\hr-core\\backupIsolation.property.test.js:651:9)"
      }

      at Console.write [as log] (node_modules/winston/lib/wi
nston/transports/console.js:87:23)

    console.log
      2025-12-22 13:26:24 [[31merror[39m]: Error 
restoring backup for tenant target_5f02QuBn: Backup tenant 
ID (source_V) does not match target tenant ID 
(target_5f02QuBn) {
        "stack": "Error: Backup tenant ID (source_V) does 
not match target tenant ID (target_5f02QuBn)\n    at 
BackupService.restoreBackup (D:\\Work\\HR-SM\\server\\module
s\\hr-core\\backup\\services\\backupService.js:96:23)\n    
at restoreBackup (D:\\Work\\HR-SM\\server\\testing\\modules\
\hr-core\\backupIsolation.property.test.js:689:45)\n    at 
AsyncProperty.p [as predicate] (D:\\Work\\HR-SM\\node_module
s\\fast-check\\lib\\check\\property\\AsyncProperty.js:14:59)
\n    at AsyncProperty.predicate [as run] (D:\\Work\\HR-SM\\
node_modules\\fast-check\\lib\\check\\property\\AsyncPropert
y.generic.js:43:39)\n    at run (D:\\Work\\HR-SM\\node_modul
es\\fast-check\\lib\\check\\runner\\Runner.js:24:36)\n    
at processTicksAndRejections 
(node:internal/process/task_queues:105:5)\n    at 
Object.<anonymous> (D:\\Work\\HR-SM\\server\\testing\\module
s\\hr-core\\backupIsolation.property.test.js:651:9)"
      }

      at Console.write [as log] (node_modules/winston/lib/wi
nston/transports/console.js:87:23)

    console.log
      2025-12-22 13:26:24 [[31merror[39m]: Error 
restoring backup for tenant target_sMIEOhHw: Backup tenant 
ID (source_O2JKUQplqed1W) does not match target tenant ID 
(target_sMIEOhHw) {
        "stack": "Error: Backup tenant ID 
(source_O2JKUQplqed1W) does not match target tenant ID 
(target_sMIEOhHw)\n    at BackupService.restoreBackup (D:\\W
ork\\HR-SM\\server\\modules\\hr-core\\backup\\services\\back
upService.js:96:23)\n    at restoreBackup (D:\\Work\\HR-SM\\
server\\testing\\modules\\hr-core\\backupIsolation.property.
test.js:689:45)\n    at AsyncProperty.p [as predicate] (D:\\
Work\\HR-SM\\node_modules\\fast-check\\lib\\check\\property\
\AsyncProperty.js:14:59)\n    at AsyncProperty.predicate 
[as run] (D:\\Work\\HR-SM\\node_modules\\fast-check\\lib\\ch
eck\\property\\AsyncProperty.generic.js:43:39)\n    at run (
D:\\Work\\HR-SM\\node_modules\\fast-check\\lib\\check\\runne
r\\Runner.js:24:36)\n    at processTicksAndRejections 
(node:internal/process/task_queues:105:5)\n    at 
Object.<anonymous> (D:\\Work\\HR-SM\\server\\testing\\module
s\\hr-core\\backupIsolation.property.test.js:651:9)"
      }

      at Console.write [as log] (node_modules/winston/lib/wi
nston/transports/console.js:87:23)

    console.log
      2025-12-22 13:26:24 [[31merror[39m]: Error 
restoring backup for tenant target_efine: Backup tenant ID 
(source_QWx) does not match target tenant ID (target_efine) 
{
        "stack": "Error: Backup tenant ID (source_QWx) does 
not match target tenant ID (target_efine)\n    at 
BackupService.restoreBackup (D:\\Work\\HR-SM\\server\\module
s\\hr-core\\backup\\services\\backupService.js:96:23)\n    
at restoreBackup (D:\\Work\\HR-SM\\server\\testing\\modules\
\hr-core\\backupIsolation.property.test.js:689:45)\n    at 
AsyncProperty.p [as predicate] (D:\\Work\\HR-SM\\node_module
s\\fast-check\\lib\\check\\property\\AsyncProperty.js:14:59)
\n    at AsyncProperty.predicate [as run] (D:\\Work\\HR-SM\\
node_modules\\fast-check\\lib\\check\\property\\AsyncPropert
y.generic.js:43:39)\n    at run (D:\\Work\\HR-SM\\node_modul
es\\fast-check\\lib\\check\\runner\\Runner.js:24:36)\n    
at processTicksAndRejections 
(node:internal/process/task_queues:105:5)\n    at 
Object.<anonymous> (D:\\Work\\HR-SM\\server\\testing\\module
s\\hr-core\\backupIsolation.property.test.js:651:9)"
      }

      at Console.write [as log] (node_modules/winston/lib/wi
nston/transports/console.js:87:23)

    console.log
      2025-12-22 13:26:24 [[31merror[39m]: Error 
restoring backup for tenant target_1cMcqMr: Backup tenant 
ID (source_ECpb) does not match target tenant ID 
(target_1cMcqMr) {
        "stack": "Error: Backup tenant ID (source_ECpb) 
does not match target tenant ID (target_1cMcqMr)\n    at 
BackupService.restoreBackup (D:\\Work\\HR-SM\\server\\module
s\\hr-core\\backup\\services\\backupService.js:96:23)\n    
at restoreBackup (D:\\Work\\HR-SM\\server\\testing\\modules\
\hr-core\\backupIsolation.property.test.js:689:45)\n    at 
AsyncProperty.p [as predicate] (D:\\Work\\HR-SM\\node_module
s\\fast-check\\lib\\check\\property\\AsyncProperty.js:14:59)
\n    at AsyncProperty.predicate [as run] (D:\\Work\\HR-SM\\
node_modules\\fast-check\\lib\\check\\property\\AsyncPropert
y.generic.js:43:39)\n    at run (D:\\Work\\HR-SM\\node_modul
es\\fast-check\\lib\\check\\runner\\Runner.js:24:36)\n    
at processTicksAndRejections 
(node:internal/process/task_queues:105:5)\n    at 
Object.<anonymous> (D:\\Work\\HR-SM\\server\\testing\\module
s\\hr-core\\backupIsolation.property.test.js:651:9)"
      }

      at Console.write [as log] (node_modules/winston/lib/wi
nston/transports/console.js:87:23)

    console.log
      2025-12-22 13:26:24 [[31merror[39m]: Error 
restoring backup for tenant target_3OS8N: Backup tenant ID 
(source_AwYYuIa) does not match target tenant ID 
(target_3OS8N) {
        "stack": "Error: Backup tenant ID (source_AwYYuIa) 
does not match target tenant ID (target_3OS8N)\n    at 
BackupService.restoreBackup (D:\\Work\\HR-SM\\server\\module
s\\hr-core\\backup\\services\\backupService.js:96:23)\n    
at restoreBackup (D:\\Work\\HR-SM\\server\\testing\\modules\
\hr-core\\backupIsolation.property.test.js:689:45)\n    at 
AsyncProperty.p [as predicate] (D:\\Work\\HR-SM\\node_module
s\\fast-check\\lib\\check\\property\\AsyncProperty.js:14:59)
\n    at AsyncProperty.predicate [as run] (D:\\Work\\HR-SM\\
node_modules\\fast-check\\lib\\check\\property\\AsyncPropert
y.generic.js:43:39)\n    at run (D:\\Work\\HR-SM\\node_modul
es\\fast-check\\lib\\check\\runner\\Runner.js:24:36)\n    
at processTicksAndRejections 
(node:internal/process/task_queues:105:5)\n    at 
Object.<anonymous> (D:\\Work\\HR-SM\\server\\testing\\module
s\\hr-core\\backupIsolation.property.test.js:651:9)"
      }

      at Console.write [as log] (node_modules/winston/lib/wi
nston/transports/console.js:87:23)

    console.log
      2025-12-22 13:26:24 [[31merror[39m]: Error 
restoring backup for tenant target_y42yK: Backup tenant ID 
(source_xh4ulXs8L2) does not match target tenant ID 
(target_y42yK) {
        "stack": "Error: Backup tenant ID 
(source_xh4ulXs8L2) does not match target tenant ID 
(target_y42yK)\n    at BackupService.restoreBackup (D:\\Work
\\HR-SM\\server\\modules\\hr-core\\backup\\services\\backupS
ervice.js:96:23)\n    at restoreBackup (D:\\Work\\HR-SM\\ser
ver\\testing\\modules\\hr-core\\backupIsolation.property.tes
t.js:689:45)\n    at AsyncProperty.p [as predicate] (D:\\Wor
k\\HR-SM\\node_modules\\fast-check\\lib\\check\\property\\As
yncProperty.js:14:59)\n    at AsyncProperty.predicate [as 
run] (D:\\Work\\HR-SM\\node_modules\\fast-check\\lib\\check\
\property\\AsyncProperty.generic.js:43:39)\n    at run (D:\\
Work\\HR-SM\\node_modules\\fast-check\\lib\\check\\runner\\R
unner.js:24:36)\n    at processTicksAndRejections 
(node:internal/process/task_queues:105:5)\n    at 
Object.<anonymous> (D:\\Work\\HR-SM\\server\\testing\\module
s\\hr-core\\backupIsolation.property.test.js:651:9)"
      }

      at Console.write [as log] (node_modules/winston/lib/wi
nston/transports/console.js:87:23)

    console.log
      2025-12-22 13:26:24 [[31merror[39m]: Error 
restoring backup for tenant target_xx: Backup tenant ID 
(source_zsT) does not match target tenant ID (target_xx) {
        "stack": "Error: Backup tenant ID (source_zsT) does 
not match target tenant ID (target_xx)\n    at 
BackupService.restoreBackup (D:\\Work\\HR-SM\\server\\module
s\\hr-core\\backup\\services\\backupService.js:96:23)\n    
at restoreBackup (D:\\Work\\HR-SM\\server\\testing\\modules\
\hr-core\\backupIsolation.property.test.js:689:45)\n    at 
AsyncProperty.p [as predicate] (D:\\Work\\HR-SM\\node_module
s\\fast-check\\lib\\check\\property\\AsyncProperty.js:14:59)
\n    at AsyncProperty.predicate [as run] (D:\\Work\\HR-SM\\
node_modules\\fast-check\\lib\\check\\property\\AsyncPropert
y.generic.js:43:39)\n    at run (D:\\Work\\HR-SM\\node_modul
es\\fast-check\\lib\\check\\runner\\Runner.js:24:36)\n    
at processTicksAndRejections 
(node:internal/process/task_queues:105:5)\n    at 
Object.<anonymous> (D:\\Work\\HR-SM\\server\\testing\\module
s\\hr-core\\backupIsolation.property.test.js:651:9)"
      }

      at Console.write [as log] (node_modules/winston/lib/wi
nston/transports/console.js:87:23)

    console.log
      2025-12-22 13:26:24 [[31merror[39m]: Error 
restoring backup for tenant target_oXnfdiFC: Backup tenant 
ID (source_tlz0NQj4) does not match target tenant ID 
(target_oXnfdiFC) {
        "stack": "Error: Backup tenant ID (source_tlz0NQj4) 
does not match target tenant ID (target_oXnfdiFC)\n    at 
BackupService.restoreBackup (D:\\Work\\HR-SM\\server\\module
s\\hr-core\\backup\\services\\backupService.js:96:23)\n    
at restoreBackup (D:\\Work\\HR-SM\\server\\testing\\modules\
\hr-core\\backupIsolation.property.test.js:689:45)\n    at 
AsyncProperty.p [as predicate] (D:\\Work\\HR-SM\\node_module
s\\fast-check\\lib\\check\\property\\AsyncProperty.js:14:59)
\n    at AsyncProperty.predicate [as run] (D:\\Work\\HR-SM\\
node_modules\\fast-check\\lib\\check\\property\\AsyncPropert
y.generic.js:43:39)\n    at run (D:\\Work\\HR-SM\\node_modul
es\\fast-check\\lib\\check\\runner\\Runner.js:24:36)\n    
at processTicksAndRejections 
(node:internal/process/task_queues:105:5)\n    at 
Object.<anonymous> (D:\\Work\\HR-SM\\server\\testing\\module
s\\hr-core\\backupIsolation.property.test.js:651:9)"
      }

      at Console.write [as log] (node_modules/winston/lib/wi
nston/transports/console.js:87:23)

    console.log
      2025-12-22 13:26:24 [[31merror[39m]: Error 
restoring backup for tenant target_: Backup tenant ID 
(source_JBeZYtSf8Dg) does not match target tenant ID 
(target_) {
        "stack": "Error: Backup tenant ID 
(source_JBeZYtSf8Dg) does not match target tenant ID 
(target_)\n    at BackupService.restoreBackup (D:\\Work\\HR-
SM\\server\\modules\\hr-core\\backup\\services\\backupServic
e.js:96:23)\n    at restoreBackup (D:\\Work\\HR-SM\\server\\
testing\\modules\\hr-core\\backupIsolation.property.test.js:
689:45)\n    at AsyncProperty.p [as predicate] (D:\\Work\\HR
-SM\\node_modules\\fast-check\\lib\\check\\property\\AsyncPr
operty.js:14:59)\n    at AsyncProperty.predicate [as run] (D
:\\Work\\HR-SM\\node_modules\\fast-check\\lib\\check\\proper
ty\\AsyncProperty.generic.js:43:39)\n    at run (D:\\Work\\H
R-SM\\node_modules\\fast-check\\lib\\check\\runner\\Runner.j
s:24:36)\n    at processTicksAndRejections 
(node:internal/process/task_queues:105:5)\n    at 
Object.<anonymous> (D:\\Work\\HR-SM\\server\\testing\\module
s\\hr-core\\backupIsolation.property.test.js:651:9)"
      }

      at Console.write [as log] (node_modules/winston/lib/wi
nston/transports/console.js:87:23)

    console.log
      2025-12-22 13:26:24 [[31merror[39m]: Error 
restoring backup for tenant target_qu9p96P: Backup tenant 
ID (source_Kh) does not match target tenant ID 
(target_qu9p96P) {
        "stack": "Error: Backup tenant ID (source_Kh) does 
not match target tenant ID (target_qu9p96P)\n    at 
BackupService.restoreBackup (D:\\Work\\HR-SM\\server\\module
s\\hr-core\\backup\\services\\backupService.js:96:23)\n    
at restoreBackup (D:\\Work\\HR-SM\\server\\testing\\modules\
\hr-core\\backupIsolation.property.test.js:689:45)\n    at 
AsyncProperty.p [as predicate] (D:\\Work\\HR-SM\\node_module
s\\fast-check\\lib\\check\\property\\AsyncProperty.js:14:59)
\n    at AsyncProperty.predicate [as run] (D:\\Work\\HR-SM\\
node_modules\\fast-check\\lib\\check\\property\\AsyncPropert
y.generic.js:43:39)\n    at run (D:\\Work\\HR-SM\\node_modul
es\\fast-check\\lib\\check\\runner\\Runner.js:24:36)\n    
at processTicksAndRejections 
(node:internal/process/task_queues:105:5)\n    at 
Object.<anonymous> (D:\\Work\\HR-SM\\server\\testing\\module
s\\hr-core\\backupIsolation.property.test.js:651:9)"
      }

      at Console.write [as log] (node_modules/winston/lib/wi
nston/transports/console.js:87:23)

    console.log
      2025-12-22 13:26:24 [[31merror[39m]: Error 
restoring backup for tenant target_1HzoH: Backup tenant ID 
(source_9hubDm8NrHR) does not match target tenant ID 
(target_1HzoH) {
        "stack": "Error: Backup tenant ID 
(source_9hubDm8NrHR) does not match target tenant ID 
(target_1HzoH)\n    at BackupService.restoreBackup (D:\\Work
\\HR-SM\\server\\modules\\hr-core\\backup\\services\\backupS
ervice.js:96:23)\n    at restoreBackup (D:\\Work\\HR-SM\\ser
ver\\testing\\modules\\hr-core\\backupIsolation.property.tes
t.js:689:45)\n    at AsyncProperty.p [as predicate] (D:\\Wor
k\\HR-SM\\node_modules\\fast-check\\lib\\check\\property\\As
yncProperty.js:14:59)\n    at AsyncProperty.predicate [as 
run] (D:\\Work\\HR-SM\\node_modules\\fast-check\\lib\\check\
\property\\AsyncProperty.generic.js:43:39)\n    at run (D:\\
Work\\HR-SM\\node_modules\\fast-check\\lib\\check\\runner\\R
unner.js:24:36)\n    at processTicksAndRejections 
(node:internal/process/task_queues:105:5)\n    at 
Object.<anonymous> (D:\\Work\\HR-SM\\server\\testing\\module
s\\hr-core\\backupIsolation.property.test.js:651:9)"
      }

      at Console.write [as log] (node_modules/winston/lib/wi
nston/transports/console.js:87:23)

    console.log
      2025-12-22 13:26:24 [[31merror[39m]: Error 
restoring backup for tenant target_2CksvFln: Backup tenant 
ID (source_) does not match target tenant ID 
(target_2CksvFln) {
        "stack": "Error: Backup tenant ID (source_) does 
not match target tenant ID (target_2CksvFln)\n    at 
BackupService.restoreBackup (D:\\Work\\HR-SM\\server\\module
s\\hr-core\\backup\\services\\backupService.js:96:23)\n    
at restoreBackup (D:\\Work\\HR-SM\\server\\testing\\modules\
\hr-core\\backupIsolation.property.test.js:689:45)\n    at 
AsyncProperty.p [as predicate] (D:\\Work\\HR-SM\\node_module
s\\fast-check\\lib\\check\\property\\AsyncProperty.js:14:59)
\n    at AsyncProperty.predicate [as run] (D:\\Work\\HR-SM\\
node_modules\\fast-check\\lib\\check\\property\\AsyncPropert
y.generic.js:43:39)\n    at run (D:\\Work\\HR-SM\\node_modul
es\\fast-check\\lib\\check\\runner\\Runner.js:24:36)\n    
at processTicksAndRejections 
(node:internal/process/task_queues:105:5)\n    at 
Object.<anonymous> (D:\\Work\\HR-SM\\server\\testing\\module
s\\hr-core\\backupIsolation.property.test.js:651:9)"
      }

      at Console.write [as log] (node_modules/winston/lib/wi
nston/transports/console.js:87:23)

    console.log
      2025-12-22 13:26:24 [[31merror[39m]: Error 
restoring backup for tenant target_nqu: Backup tenant ID 
(source_JV13Be1kn2S) does not match target tenant ID 
(target_nqu) {
        "stack": "Error: Backup tenant ID 
(source_JV13Be1kn2S) does not match target tenant ID 
(target_nqu)\n    at BackupService.restoreBackup (D:\\Work\\
HR-SM\\server\\modules\\hr-core\\backup\\services\\backupSer
vice.js:96:23)\n    at restoreBackup (D:\\Work\\HR-SM\\serve
r\\testing\\modules\\hr-core\\backupIsolation.property.test.
js:689:45)\n    at AsyncProperty.p [as predicate] (D:\\Work\
\HR-SM\\node_modules\\fast-check\\lib\\check\\property\\Asyn
cProperty.js:14:59)\n    at AsyncProperty.predicate [as 
run] (D:\\Work\\HR-SM\\node_modules\\fast-check\\lib\\check\
\property\\AsyncProperty.generic.js:43:39)\n    at run (D:\\
Work\\HR-SM\\node_modules\\fast-check\\lib\\check\\runner\\R
unner.js:24:36)\n    at processTicksAndRejections 
(node:internal/process/task_queues:105:5)\n    at 
Object.<anonymous> (D:\\Work\\HR-SM\\server\\testing\\module
s\\hr-core\\backupIsolation.property.test.js:651:9)"
      }

      at Console.write [as log] (node_modules/winston/lib/wi
nston/transports/console.js:87:23)

    console.log
      2025-12-22 13:26:24 [[31merror[39m]: Error 
restoring backup for tenant target_xsK3nZLP1RD: Backup 
tenant ID (source_bHrwh) does not match target tenant ID 
(target_xsK3nZLP1RD) {
        "stack": "Error: Backup tenant ID (source_bHrwh) 
does not match target tenant ID (target_xsK3nZLP1RD)\n    
at BackupService.restoreBackup (D:\\Work\\HR-SM\\server\\mod
ules\\hr-core\\backup\\services\\backupService.js:96:23)\n  
  at restoreBackup (D:\\Work\\HR-SM\\server\\testing\\module
s\\hr-core\\backupIsolation.property.test.js:689:45)\n    
at AsyncProperty.p [as predicate] (D:\\Work\\HR-SM\\node_mod
ules\\fast-check\\lib\\check\\property\\AsyncProperty.js:14:
59)\n    at AsyncProperty.predicate [as run] (D:\\Work\\HR-S
M\\node_modules\\fast-check\\lib\\check\\property\\AsyncProp
erty.generic.js:43:39)\n    at run (D:\\Work\\HR-SM\\node_mo
dules\\fast-check\\lib\\check\\runner\\Runner.js:24:36)\n   
 at processTicksAndRejections 
(node:internal/process/task_queues:105:5)\n    at 
Object.<anonymous> (D:\\Work\\HR-SM\\server\\testing\\module
s\\hr-core\\backupIsolation.property.test.js:651:9)"
      }

      at Console.write [as log] (node_modules/winston/lib/wi
nston/transports/console.js:87:23)

    console.log
      2025-12-22 13:26:24 [[31merror[39m]: Error 
restoring backup for tenant target_qC: Backup tenant ID 
(source_I5ANuKFQ) does not match target tenant ID 
(target_qC) {
        "stack": "Error: Backup tenant ID (source_I5ANuKFQ) 
does not match target tenant ID (target_qC)\n    at 
BackupService.restoreBackup (D:\\Work\\HR-SM\\server\\module
s\\hr-core\\backup\\services\\backupService.js:96:23)\n    
at restoreBackup (D:\\Work\\HR-SM\\server\\testing\\modules\
\hr-core\\backupIsolation.property.test.js:689:45)\n    at 
AsyncProperty.p [as predicate] (D:\\Work\\HR-SM\\node_module
s\\fast-check\\lib\\check\\property\\AsyncProperty.js:14:59)
\n    at AsyncProperty.predicate [as run] (D:\\Work\\HR-SM\\
node_modules\\fast-check\\lib\\check\\property\\AsyncPropert
y.generic.js:43:39)\n    at run (D:\\Work\\HR-SM\\node_modul
es\\fast-check\\lib\\check\\runner\\Runner.js:24:36)\n    
at processTicksAndRejections 
(node:internal/process/task_queues:105:5)\n    at 
Object.<anonymous> (D:\\Work\\HR-SM\\server\\testing\\module
s\\hr-core\\backupIsolation.property.test.js:651:9)"
      }

      at Console.write [as log] (node_modules/winston/lib/wi
nston/transports/console.js:87:23)

    console.log
      2025-12-22 13:26:24 [[31merror[39m]: Error 
restoring backup for tenant target_roN: Backup tenant ID 
(source_8tn3rW8P) does not match target tenant ID 
(target_roN) {
        "stack": "Error: Backup tenant ID (source_8tn3rW8P) 
does not match target tenant ID (target_roN)\n    at 
BackupService.restoreBackup (D:\\Work\\HR-SM\\server\\module
s\\hr-core\\backup\\services\\backupService.js:96:23)\n    
at restoreBackup (D:\\Work\\HR-SM\\server\\testing\\modules\
\hr-core\\backupIsolation.property.test.js:689:45)\n    at 
AsyncProperty.p [as predicate] (D:\\Work\\HR-SM\\node_module
s\\fast-check\\lib\\check\\property\\AsyncProperty.js:14:59)
\n    at AsyncProperty.predicate [as run] (D:\\Work\\HR-SM\\
node_modules\\fast-check\\lib\\check\\property\\AsyncPropert
y.generic.js:43:39)\n    at run (D:\\Work\\HR-SM\\node_modul
es\\fast-check\\lib\\check\\runner\\Runner.js:24:36)\n    
at processTicksAndRejections 
(node:internal/process/task_queues:105:5)\n    at 
Object.<anonymous> (D:\\Work\\HR-SM\\server\\testing\\module
s\\hr-core\\backupIsolation.property.test.js:651:9)"
      }

      at Console.write [as log] (node_modules/winston/lib/wi
nston/transports/console.js:87:23)

    console.log
      2025-12-22 13:26:24 [[31merror[39m]: Error 
restoring backup for tenant target_arguments: Backup tenant 
ID (source_CFFuWrghc4J) does not match target tenant ID 
(target_arguments) {
        "stack": "Error: Backup tenant ID 
(source_CFFuWrghc4J) does not match target tenant ID 
(target_arguments)\n    at BackupService.restoreBackup (D:\\
Work\\HR-SM\\server\\modules\\hr-core\\backup\\services\\bac
kupService.js:96:23)\n    at restoreBackup (D:\\Work\\HR-SM\
\server\\testing\\modules\\hr-core\\backupIsolation.property
.test.js:689:45)\n    at AsyncProperty.p [as predicate] (D:\
\Work\\HR-SM\\node_modules\\fast-check\\lib\\check\\property
\\AsyncProperty.js:14:59)\n    at AsyncProperty.predicate 
[as run] (D:\\Work\\HR-SM\\node_modules\\fast-check\\lib\\ch
eck\\property\\AsyncProperty.generic.js:43:39)\n    at run (
D:\\Work\\HR-SM\\node_modules\\fast-check\\lib\\check\\runne
r\\Runner.js:24:36)\n    at processTicksAndRejections 
(node:internal/process/task_queues:105:5)\n    at 
Object.<anonymous> (D:\\Work\\HR-SM\\server\\testing\\module
s\\hr-core\\backupIsolation.property.test.js:651:9)"
      }

      at Console.write [as log] (node_modules/winston/lib/wi
nston/transports/console.js:87:23)

    console.log
      2025-12-22 13:26:24 [[31merror[39m]: Error 
restoring backup for tenant target_1nzEQl2w: Backup tenant 
ID (source_64NOVReotVfeN) does not match target tenant ID 
(target_1nzEQl2w) {
        "stack": "Error: Backup tenant ID 
(source_64NOVReotVfeN) does not match target tenant ID 
(target_1nzEQl2w)\n    at BackupService.restoreBackup (D:\\W
ork\\HR-SM\\server\\modules\\hr-core\\backup\\services\\back
upService.js:96:23)\n    at restoreBackup (D:\\Work\\HR-SM\\
server\\testing\\modules\\hr-core\\backupIsolation.property.
test.js:689:45)\n    at AsyncProperty.p [as predicate] (D:\\
Work\\HR-SM\\node_modules\\fast-check\\lib\\check\\property\
\AsyncProperty.js:14:59)\n    at AsyncProperty.predicate 
[as run] (D:\\Work\\HR-SM\\node_modules\\fast-check\\lib\\ch
eck\\property\\AsyncProperty.generic.js:43:39)\n    at run (
D:\\Work\\HR-SM\\node_modules\\fast-check\\lib\\check\\runne
r\\Runner.js:24:36)\n    at processTicksAndRejections 
(node:internal/process/task_queues:105:5)\n    at 
Object.<anonymous> (D:\\Work\\HR-SM\\server\\testing\\module
s\\hr-core\\backupIsolation.property.test.js:651:9)"
      }

      at Console.write [as log] (node_modules/winston/lib/wi
nston/transports/console.js:87:23)

    console.log
      2025-12-22 13:26:24 [[31merror[39m]: Error 
restoring backup for tenant target_def: Backup tenant ID 
(source_r9Fs4pbETZPd9L) does not match target tenant ID 
(target_def) {
        "stack": "Error: Backup tenant ID 
(source_r9Fs4pbETZPd9L) does not match target tenant ID 
(target_def)\n    at BackupService.restoreBackup (D:\\Work\\
HR-SM\\server\\modules\\hr-core\\backup\\services\\backupSer
vice.js:96:23)\n    at restoreBackup (D:\\Work\\HR-SM\\serve
r\\testing\\modules\\hr-core\\backupIsolation.property.test.
js:689:45)\n    at AsyncProperty.p [as predicate] (D:\\Work\
\HR-SM\\node_modules\\fast-check\\lib\\check\\property\\Asyn
cProperty.js:14:59)\n    at AsyncProperty.predicate [as 
run] (D:\\Work\\HR-SM\\node_modules\\fast-check\\lib\\check\
\property\\AsyncProperty.generic.js:43:39)\n    at run (D:\\
Work\\HR-SM\\node_modules\\fast-check\\lib\\check\\runner\\R
unner.js:24:36)\n    at processTicksAndRejections 
(node:internal/process/task_queues:105:5)\n    at 
Object.<anonymous> (D:\\Work\\HR-SM\\server\\testing\\module
s\\hr-core\\backupIsolation.property.test.js:651:9)"
      }

      at Console.write [as log] (node_modules/winston/lib/wi
nston/transports/console.js:87:23)

    console.log
      2025-12-22 13:26:24 [[31merror[39m]: Error 
restoring backup for tenant target_JSbPp73lMEYz: Backup 
tenant ID (source_iH0a53XM) does not match target tenant ID 
(target_JSbPp73lMEYz) {
        "stack": "Error: Backup tenant ID (source_iH0a53XM) 
does not match target tenant ID (target_JSbPp73lMEYz)\n    
at BackupService.restoreBackup (D:\\Work\\HR-SM\\server\\mod
ules\\hr-core\\backup\\services\\backupService.js:96:23)\n  
  at restoreBackup (D:\\Work\\HR-SM\\server\\testing\\module
s\\hr-core\\backupIsolation.property.test.js:689:45)\n    
at AsyncProperty.p [as predicate] (D:\\Work\\HR-SM\\node_mod
ules\\fast-check\\lib\\check\\property\\AsyncProperty.js:14:
59)\n    at AsyncProperty.predicate [as run] (D:\\Work\\HR-S
M\\node_modules\\fast-check\\lib\\check\\property\\AsyncProp
erty.generic.js:43:39)\n    at run (D:\\Work\\HR-SM\\node_mo
dules\\fast-check\\lib\\check\\runner\\Runner.js:24:36)\n   
 at processTicksAndRejections 
(node:internal/process/task_queues:105:5)\n    at 
Object.<anonymous> (D:\\Work\\HR-SM\\server\\testing\\module
s\\hr-core\\backupIsolation.property.test.js:651:9)"
      }

      at Console.write [as log] (node_modules/winston/lib/wi
nston/transports/console.js:87:23)

    console.log
      2025-12-22 13:26:24 [[31merror[39m]: Error 
restoring backup for tenant target_iKG: Backup tenant ID 
(source_nR8cam) does not match target tenant ID 
(target_iKG) {
        "stack": "Error: Backup tenant ID (source_nR8cam) 
does not match target tenant ID (target_iKG)\n    at 
BackupService.restoreBackup (D:\\Work\\HR-SM\\server\\module
s\\hr-core\\backup\\services\\backupService.js:96:23)\n    
at restoreBackup (D:\\Work\\HR-SM\\server\\testing\\modules\
\hr-core\\backupIsolation.property.test.js:689:45)\n    at 
AsyncProperty.p [as predicate] (D:\\Work\\HR-SM\\node_module
s\\fast-check\\lib\\check\\property\\AsyncProperty.js:14:59)
\n    at AsyncProperty.predicate [as run] (D:\\Work\\HR-SM\\
node_modules\\fast-check\\lib\\check\\property\\AsyncPropert
y.generic.js:43:39)\n    at run (D:\\Work\\HR-SM\\node_modul
es\\fast-check\\lib\\check\\runner\\Runner.js:24:36)\n    
at processTicksAndRejections 
(node:internal/process/task_queues:105:5)\n    at 
Object.<anonymous> (D:\\Work\\HR-SM\\server\\testing\\module
s\\hr-core\\backupIsolation.property.test.js:651:9)"
      }

      at Console.write [as log] (node_modules/winston/lib/wi
nston/transports/console.js:87:23)

    console.log
      2025-12-22 13:26:24 [[31merror[39m]: Error 
restoring backup for tenant target_Gdkiitmlu: Backup tenant 
ID (source_8JWOERU) does not match target tenant ID 
(target_Gdkiitmlu) {
        "stack": "Error: Backup tenant ID (source_8JWOERU) 
does not match target tenant ID (target_Gdkiitmlu)\n    at 
BackupService.restoreBackup (D:\\Work\\HR-SM\\server\\module
s\\hr-core\\backup\\services\\backupService.js:96:23)\n    
at restoreBackup (D:\\Work\\HR-SM\\server\\testing\\modules\
\hr-core\\backupIsolation.property.test.js:689:45)\n    at 
AsyncProperty.p [as predicate] (D:\\Work\\HR-SM\\node_module
s\\fast-check\\lib\\check\\property\\AsyncProperty.js:14:59)
\n    at AsyncProperty.predicate [as run] (D:\\Work\\HR-SM\\
node_modules\\fast-check\\lib\\check\\property\\AsyncPropert
y.generic.js:43:39)\n    at run (D:\\Work\\HR-SM\\node_modul
es\\fast-check\\lib\\check\\runner\\Runner.js:24:36)\n    
at processTicksAndRejections 
(node:internal/process/task_queues:105:5)\n    at 
Object.<anonymous> (D:\\Work\\HR-SM\\server\\testing\\module
s\\hr-core\\backupIsolation.property.test.js:651:9)"
      }

      at Console.write [as log] (node_modules/winston/lib/wi
nston/transports/console.js:87:23)

    console.log
      2025-12-22 13:26:24 [[31merror[39m]: Error 
restoring backup for tenant target_qmc: Backup tenant ID 
(source_ooJ) does not match target tenant ID (target_qmc) {
        "stack": "Error: Backup tenant ID (source_ooJ) does 
not match target tenant ID (target_qmc)\n    at 
BackupService.restoreBackup (D:\\Work\\HR-SM\\server\\module
s\\hr-core\\backup\\services\\backupService.js:96:23)\n    
at restoreBackup (D:\\Work\\HR-SM\\server\\testing\\modules\
\hr-core\\backupIsolation.property.test.js:689:45)\n    at 
AsyncProperty.p [as predicate] (D:\\Work\\HR-SM\\node_module
s\\fast-check\\lib\\check\\property\\AsyncProperty.js:14:59)
\n    at AsyncProperty.predicate [as run] (D:\\Work\\HR-SM\\
node_modules\\fast-check\\lib\\check\\property\\AsyncPropert
y.generic.js:43:39)\n    at run (D:\\Work\\HR-SM\\node_modul
es\\fast-check\\lib\\check\\runner\\Runner.js:24:36)\n    
at processTicksAndRejections 
(node:internal/process/task_queues:105:5)\n    at 
Object.<anonymous> (D:\\Work\\HR-SM\\server\\testing\\module
s\\hr-core\\backupIsolation.property.test.js:651:9)"
      }

      at Console.write [as log] (node_modules/winston/lib/wi
nston/transports/console.js:87:23)

    console.log
      2025-12-22 13:26:24 [[31merror[39m]: Error 
restoring backup for tenant target_0inbIAbIV: Backup tenant 
ID (source_Ri7P) does not match target tenant ID 
(target_0inbIAbIV) {
        "stack": "Error: Backup tenant ID (source_Ri7P) 
does not match target tenant ID (target_0inbIAbIV)\n    at 
BackupService.restoreBackup (D:\\Work\\HR-SM\\server\\module
s\\hr-core\\backup\\services\\backupService.js:96:23)\n    
at restoreBackup (D:\\Work\\HR-SM\\server\\testing\\modules\
\hr-core\\backupIsolation.property.test.js:689:45)\n    at 
AsyncProperty.p [as predicate] (D:\\Work\\HR-SM\\node_module
s\\fast-check\\lib\\check\\property\\AsyncProperty.js:14:59)
\n    at AsyncProperty.predicate [as run] (D:\\Work\\HR-SM\\
node_modules\\fast-check\\lib\\check\\property\\AsyncPropert
y.generic.js:43:39)\n    at run (D:\\Work\\HR-SM\\node_modul
es\\fast-check\\lib\\check\\runner\\Runner.js:24:36)\n    
at processTicksAndRejections 
(node:internal/process/task_queues:105:5)\n    at 
Object.<anonymous> (D:\\Work\\HR-SM\\server\\testing\\module
s\\hr-core\\backupIsolation.property.test.js:651:9)"
      }

      at Console.write [as log] (node_modules/winston/lib/wi
nston/transports/console.js:87:23)

    console.log
      2025-12-22 13:26:24 [[31merror[39m]: Error 
restoring backup for tenant target_5lnjmm: Backup tenant ID 
(source_wMxhb) does not match target tenant ID 
(target_5lnjmm) {
        "stack": "Error: Backup tenant ID (source_wMxhb) 
does not match target tenant ID (target_5lnjmm)\n    at 
BackupService.restoreBackup (D:\\Work\\HR-SM\\server\\module
s\\hr-core\\backup\\services\\backupService.js:96:23)\n    
at restoreBackup (D:\\Work\\HR-SM\\server\\testing\\modules\
\hr-core\\backupIsolation.property.test.js:689:45)\n    at 
AsyncProperty.p [as predicate] (D:\\Work\\HR-SM\\node_module
s\\fast-check\\lib\\check\\property\\AsyncProperty.js:14:59)
\n    at AsyncProperty.predicate [as run] (D:\\Work\\HR-SM\\
node_modules\\fast-check\\lib\\check\\property\\AsyncPropert
y.generic.js:43:39)\n    at run (D:\\Work\\HR-SM\\node_modul
es\\fast-check\\lib\\check\\runner\\Runner.js:24:36)\n    
at processTicksAndRejections 
(node:internal/process/task_queues:105:5)\n    at 
Object.<anonymous> (D:\\Work\\HR-SM\\server\\testing\\module
s\\hr-core\\backupIsolation.property.test.js:651:9)"
      }

      at Console.write [as log] (node_modules/winston/lib/wi
nston/transports/console.js:87:23)

    console.log
      2025-12-22 13:26:24 [[31merror[39m]: Error 
restoring backup for tenant target_otyhlu: Backup tenant ID 
(source_dBzD8ihUIfHUkP) does not match target tenant ID 
(target_otyhlu) {
        "stack": "Error: Backup tenant ID 
(source_dBzD8ihUIfHUkP) does not match target tenant ID 
(target_otyhlu)\n    at BackupService.restoreBackup (D:\\Wor
k\\HR-SM\\server\\modules\\hr-core\\backup\\services\\backup
Service.js:96:23)\n    at restoreBackup (D:\\Work\\HR-SM\\se
rver\\testing\\modules\\hr-core\\backupIsolation.property.te
st.js:689:45)\n    at AsyncProperty.p [as predicate] (D:\\Wo
rk\\HR-SM\\node_modules\\fast-check\\lib\\check\\property\\A
syncProperty.js:14:59)\n    at AsyncProperty.predicate [as 
run] (D:\\Work\\HR-SM\\node_modules\\fast-check\\lib\\check\
\property\\AsyncProperty.generic.js:43:39)\n    at run (D:\\
Work\\HR-SM\\node_modules\\fast-check\\lib\\check\\runner\\R
unner.js:24:36)\n    at processTicksAndRejections 
(node:internal/process/task_queues:105:5)\n    at 
Object.<anonymous> (D:\\Work\\HR-SM\\server\\testing\\module
s\\hr-core\\backupIsolation.property.test.js:651:9)"
      }

      at Console.write [as log] (node_modules/winston/lib/wi
nston/transports/console.js:87:23)

    console.log
      2025-12-22 13:26:24 [[31merror[39m]: Error 
restoring backup for tenant target_zvYl0e: Backup tenant ID 
(source_Bk5MEx6gwvpdw) does not match target tenant ID 
(target_zvYl0e) {
        "stack": "Error: Backup tenant ID 
(source_Bk5MEx6gwvpdw) does not match target tenant ID 
(target_zvYl0e)\n    at BackupService.restoreBackup (D:\\Wor
k\\HR-SM\\server\\modules\\hr-core\\backup\\services\\backup
Service.js:96:23)\n    at restoreBackup (D:\\Work\\HR-SM\\se
rver\\testing\\modules\\hr-core\\backupIsolation.property.te
st.js:689:45)\n    at AsyncProperty.p [as predicate] (D:\\Wo
rk\\HR-SM\\node_modules\\fast-check\\lib\\check\\property\\A
syncProperty.js:14:59)\n    at AsyncProperty.predicate [as 
run] (D:\\Work\\HR-SM\\node_modules\\fast-check\\lib\\check\
\property\\AsyncProperty.generic.js:43:39)\n    at run (D:\\
Work\\HR-SM\\node_modules\\fast-check\\lib\\check\\runner\\R
unner.js:24:36)\n    at processTicksAndRejections 
(node:internal/process/task_queues:105:5)\n    at 
Object.<anonymous> (D:\\Work\\HR-SM\\server\\testing\\module
s\\hr-core\\backupIsolation.property.test.js:651:9)"
      }

      at Console.write [as log] (node_modules/winston/lib/wi
nston/transports/console.js:87:23)

    console.log
      2025-12-22 13:26:24 [[31merror[39m]: Error 
restoring backup for tenant target_def: Backup tenant ID 
(source_bAk9U) does not match target tenant ID (target_def) 
{
        "stack": "Error: Backup tenant ID (source_bAk9U) 
does not match target tenant ID (target_def)\n    at 
BackupService.restoreBackup (D:\\Work\\HR-SM\\server\\module
s\\hr-core\\backup\\services\\backupService.js:96:23)\n    
at restoreBackup (D:\\Work\\HR-SM\\server\\testing\\modules\
\hr-core\\backupIsolation.property.test.js:689:45)\n    at 
AsyncProperty.p [as predicate] (D:\\Work\\HR-SM\\node_module
s\\fast-check\\lib\\check\\property\\AsyncProperty.js:14:59)
\n    at AsyncProperty.predicate [as run] (D:\\Work\\HR-SM\\
node_modules\\fast-check\\lib\\check\\property\\AsyncPropert
y.generic.js:43:39)\n    at run (D:\\Work\\HR-SM\\node_modul
es\\fast-check\\lib\\check\\runner\\Runner.js:24:36)\n    
at processTicksAndRejections 
(node:internal/process/task_queues:105:5)\n    at 
Object.<anonymous> (D:\\Work\\HR-SM\\server\\testing\\module
s\\hr-core\\backupIsolation.property.test.js:651:9)"
      }

      at Console.write [as log] (node_modules/winston/lib/wi
nston/transports/console.js:87:23)

    console.log
      2025-12-22 13:26:24 [[31merror[39m]: Error 
restoring backup for tenant target_yBBy0kg: Backup tenant 
ID (source_ePjoX) does not match target tenant ID 
(target_yBBy0kg) {
        "stack": "Error: Backup tenant ID (source_ePjoX) 
does not match target tenant ID (target_yBBy0kg)\n    at 
BackupService.restoreBackup (D:\\Work\\HR-SM\\server\\module
s\\hr-core\\backup\\services\\backupService.js:96:23)\n    
at restoreBackup (D:\\Work\\HR-SM\\server\\testing\\modules\
\hr-core\\backupIsolation.property.test.js:689:45)\n    at 
AsyncProperty.p [as predicate] (D:\\Work\\HR-SM\\node_module
s\\fast-check\\lib\\check\\property\\AsyncProperty.js:14:59)
\n    at AsyncProperty.predicate [as run] (D:\\Work\\HR-SM\\
node_modules\\fast-check\\lib\\check\\property\\AsyncPropert
y.generic.js:43:39)\n    at run (D:\\Work\\HR-SM\\node_modul
es\\fast-check\\lib\\check\\runner\\Runner.js:24:36)\n    
at processTicksAndRejections 
(node:internal/process/task_queues:105:5)\n    at 
Object.<anonymous> (D:\\Work\\HR-SM\\server\\testing\\module
s\\hr-core\\backupIsolation.property.test.js:651:9)"
      }

      at Console.write [as log] (node_modules/winston/lib/wi
nston/transports/console.js:87:23)

    console.log
      2025-12-22 13:26:24 [[31merror[39m]: Error 
restoring backup for tenant target_XO74O: Backup tenant ID 
(source_Tqsq) does not match target tenant ID 
(target_XO74O) {
        "stack": "Error: Backup tenant ID (source_Tqsq) 
does not match target tenant ID (target_XO74O)\n    at 
BackupService.restoreBackup (D:\\Work\\HR-SM\\server\\module
s\\hr-core\\backup\\services\\backupService.js:96:23)\n    
at restoreBackup (D:\\Work\\HR-SM\\server\\testing\\modules\
\hr-core\\backupIsolation.property.test.js:689:45)\n    at 
AsyncProperty.p [as predicate] (D:\\Work\\HR-SM\\node_module
s\\fast-check\\lib\\check\\property\\AsyncProperty.js:14:59)
\n    at AsyncProperty.predicate [as run] (D:\\Work\\HR-SM\\
node_modules\\fast-check\\lib\\check\\property\\AsyncPropert
y.generic.js:43:39)\n    at run (D:\\Work\\HR-SM\\node_modul
es\\fast-check\\lib\\check\\runner\\Runner.js:24:36)\n    
at processTicksAndRejections 
(node:internal/process/task_queues:105:5)\n    at 
Object.<anonymous> (D:\\Work\\HR-SM\\server\\testing\\module
s\\hr-core\\backupIsolation.property.test.js:651:9)"
      }

      at Console.write [as log] (node_modules/winston/lib/wi
nston/transports/console.js:87:23)

    console.log
      2025-12-22 13:26:24 [[31merror[39m]: Error 
restoring backup for tenant target_4H: Backup tenant ID 
(source_zDQRLmd8aw0di1x) does not match target tenant ID 
(target_4H) {
        "stack": "Error: Backup tenant ID 
(source_zDQRLmd8aw0di1x) does not match target tenant ID 
(target_4H)\n    at BackupService.restoreBackup (D:\\Work\\H
R-SM\\server\\modules\\hr-core\\backup\\services\\backupServ
ice.js:96:23)\n    at restoreBackup (D:\\Work\\HR-SM\\server
\\testing\\modules\\hr-core\\backupIsolation.property.test.j
s:689:45)\n    at AsyncProperty.p [as predicate] (D:\\Work\\
HR-SM\\node_modules\\fast-check\\lib\\check\\property\\Async
Property.js:14:59)\n    at AsyncProperty.predicate [as run] 
(D:\\Work\\HR-SM\\node_modules\\fast-check\\lib\\check\\prop
erty\\AsyncProperty.generic.js:43:39)\n    at run (D:\\Work\
\HR-SM\\node_modules\\fast-check\\lib\\check\\runner\\Runner
.js:24:36)\n    at processTicksAndRejections 
(node:internal/process/task_queues:105:5)\n    at 
Object.<anonymous> (D:\\Work\\HR-SM\\server\\testing\\module
s\\hr-core\\backupIsolation.property.test.js:651:9)"
      }

      at Console.write [as log] (node_modules/winston/lib/wi
nston/transports/console.js:87:23)

    console.log
      2025-12-22 13:26:24 [[31merror[39m]: Error 
restoring backup for tenant target_oyLPYWdHr: Backup tenant 
ID (source_smZ8LtzcW) does not match target tenant ID 
(target_oyLPYWdHr) {
        "stack": "Error: Backup tenant ID 
(source_smZ8LtzcW) does not match target tenant ID 
(target_oyLPYWdHr)\n    at BackupService.restoreBackup (D:\\
Work\\HR-SM\\server\\modules\\hr-core\\backup\\services\\bac
kupService.js:96:23)\n    at restoreBackup (D:\\Work\\HR-SM\
\server\\testing\\modules\\hr-core\\backupIsolation.property
.test.js:689:45)\n    at AsyncProperty.p [as predicate] (D:\
\Work\\HR-SM\\node_modules\\fast-check\\lib\\check\\property
\\AsyncProperty.js:14:59)\n    at AsyncProperty.predicate 
[as run] (D:\\Work\\HR-SM\\node_modules\\fast-check\\lib\\ch
eck\\property\\AsyncProperty.generic.js:43:39)\n    at run (
D:\\Work\\HR-SM\\node_modules\\fast-check\\lib\\check\\runne
r\\Runner.js:24:36)\n    at processTicksAndRejections 
(node:internal/process/task_queues:105:5)\n    at 
Object.<anonymous> (D:\\Work\\HR-SM\\server\\testing\\module
s\\hr-core\\backupIsolation.property.test.js:651:9)"
      }

      at Console.write [as log] (node_modules/winston/lib/wi
nston/transports/console.js:87:23)

    console.log
      2025-12-22 13:26:24 [[31merror[39m]: Error 
restoring backup for tenant target_tBOkkSrmAorjN: Backup 
tenant ID (source_jr8fem) does not match target tenant ID 
(target_tBOkkSrmAorjN) {
        "stack": "Error: Backup tenant ID (source_jr8fem) 
does not match target tenant ID (target_tBOkkSrmAorjN)\n    
at BackupService.restoreBackup (D:\\Work\\HR-SM\\server\\mod
ules\\hr-core\\backup\\services\\backupService.js:96:23)\n  
  at restoreBackup (D:\\Work\\HR-SM\\server\\testing\\module
s\\hr-core\\backupIsolation.property.test.js:689:45)\n    
at AsyncProperty.p [as predicate] (D:\\Work\\HR-SM\\node_mod
ules\\fast-check\\lib\\check\\property\\AsyncProperty.js:14:
59)\n    at AsyncProperty.predicate [as run] (D:\\Work\\HR-S
M\\node_modules\\fast-check\\lib\\check\\property\\AsyncProp
erty.generic.js:43:39)\n    at run (D:\\Work\\HR-SM\\node_mo
dules\\fast-check\\lib\\check\\runner\\Runner.js:24:36)\n   
 at processTicksAndRejections 
(node:internal/process/task_queues:105:5)\n    at 
Object.<anonymous> (D:\\Work\\HR-SM\\server\\testing\\module
s\\hr-core\\backupIsolation.property.test.js:651:9)"
      }

      at Console.write [as log] (node_modules/winston/lib/wi
nston/transports/console.js:87:23)

    console.log
      2025-12-22 13:26:24 [[31merror[39m]: Error 
restoring backup for tenant target_k2H55zJqMS: Backup 
tenant ID (source_8e) does not match target tenant ID 
(target_k2H55zJqMS) {
        "stack": "Error: Backup tenant ID (source_8e) does 
not match target tenant ID (target_k2H55zJqMS)\n    at 
BackupService.restoreBackup (D:\\Work\\HR-SM\\server\\module
s\\hr-core\\backup\\services\\backupService.js:96:23)\n    
at restoreBackup (D:\\Work\\HR-SM\\server\\testing\\modules\
\hr-core\\backupIsolation.property.test.js:689:45)\n    at 
AsyncProperty.p [as predicate] (D:\\Work\\HR-SM\\node_module
s\\fast-check\\lib\\check\\property\\AsyncProperty.js:14:59)
\n    at AsyncProperty.predicate [as run] (D:\\Work\\HR-SM\\
node_modules\\fast-check\\lib\\check\\property\\AsyncPropert
y.generic.js:43:39)\n    at run (D:\\Work\\HR-SM\\node_modul
es\\fast-check\\lib\\check\\runner\\Runner.js:24:36)\n    
at processTicksAndRejections 
(node:internal/process/task_queues:105:5)\n    at 
Object.<anonymous> (D:\\Work\\HR-SM\\server\\testing\\module
s\\hr-core\\backupIsolation.property.test.js:651:9)"
      }

      at Console.write [as log] (node_modules/winston/lib/wi
nston/transports/console.js:87:23)

    console.log
      2025-12-22 13:26:24 [[31merror[39m]: Error 
restoring backup for tenant target_DIrW3lwwl: Backup tenant 
ID (source_8cons) does not match target tenant ID 
(target_DIrW3lwwl) {
        "stack": "Error: Backup tenant ID (source_8cons) 
does not match target tenant ID (target_DIrW3lwwl)\n    at 
BackupService.restoreBackup (D:\\Work\\HR-SM\\server\\module
s\\hr-core\\backup\\services\\backupService.js:96:23)\n    
at restoreBackup (D:\\Work\\HR-SM\\server\\testing\\modules\
\hr-core\\backupIsolation.property.test.js:689:45)\n    at 
AsyncProperty.p [as predicate] (D:\\Work\\HR-SM\\node_module
s\\fast-check\\lib\\check\\property\\AsyncProperty.js:14:59)
\n    at AsyncProperty.predicate [as run] (D:\\Work\\HR-SM\\
node_modules\\fast-check\\lib\\check\\property\\AsyncPropert
y.generic.js:43:39)\n    at run (D:\\Work\\HR-SM\\node_modul
es\\fast-check\\lib\\check\\runner\\Runner.js:24:36)\n    
at processTicksAndRejections 
(node:internal/process/task_queues:105:5)\n    at 
Object.<anonymous> (D:\\Work\\HR-SM\\server\\testing\\module
s\\hr-core\\backupIsolation.property.test.js:651:9)"
      }

      at Console.write [as log] (node_modules/winston/lib/wi
nston/transports/console.js:87:23)

    console.log
      2025-12-22 13:26:24 [[31merror[39m]: Error 
restoring backup for tenant target_SeHcZjf: Backup tenant 
ID (source_VdYfuNj6kt) does not match target tenant ID 
(target_SeHcZjf) {
        "stack": "Error: Backup tenant ID 
(source_VdYfuNj6kt) does not match target tenant ID 
(target_SeHcZjf)\n    at BackupService.restoreBackup (D:\\Wo
rk\\HR-SM\\server\\modules\\hr-core\\backup\\services\\backu
pService.js:96:23)\n    at restoreBackup (D:\\Work\\HR-SM\\s
erver\\testing\\modules\\hr-core\\backupIsolation.property.t
est.js:689:45)\n    at AsyncProperty.p [as predicate] (D:\\W
ork\\HR-SM\\node_modules\\fast-check\\lib\\check\\property\\
AsyncProperty.js:14:59)\n    at AsyncProperty.predicate [as 
run] (D:\\Work\\HR-SM\\node_modules\\fast-check\\lib\\check\
\property\\AsyncProperty.generic.js:43:39)\n    at run (D:\\
Work\\HR-SM\\node_modules\\fast-check\\lib\\check\\runner\\R
unner.js:24:36)\n    at processTicksAndRejections 
(node:internal/process/task_queues:105:5)\n    at 
Object.<anonymous> (D:\\Work\\HR-SM\\server\\testing\\module
s\\hr-core\\backupIsolation.property.test.js:651:9)"
      }

      at Console.write [as log] (node_modules/winston/lib/wi
nston/transports/console.js:87:23)

    console.log
      2025-12-22 13:26:24 [[31merror[39m]: Error 
restoring backup for tenant target_ShB4N: Backup tenant ID 
(source_JX1X9d6vu) does not match target tenant ID 
(target_ShB4N) {
        "stack": "Error: Backup tenant ID 
(source_JX1X9d6vu) does not match target tenant ID 
(target_ShB4N)\n    at BackupService.restoreBackup (D:\\Work
\\HR-SM\\server\\modules\\hr-core\\backup\\services\\backupS
ervice.js:96:23)\n    at restoreBackup (D:\\Work\\HR-SM\\ser
ver\\testing\\modules\\hr-core\\backupIsolation.property.tes
t.js:689:45)\n    at AsyncProperty.p [as predicate] (D:\\Wor
k\\HR-SM\\node_modules\\fast-check\\lib\\check\\property\\As
yncProperty.js:14:59)\n    at AsyncProperty.predicate [as 
run] (D:\\Work\\HR-SM\\node_modules\\fast-check\\lib\\check\
\property\\AsyncProperty.generic.js:43:39)\n    at run (D:\\
Work\\HR-SM\\node_modules\\fast-check\\lib\\check\\runner\\R
unner.js:24:36)\n    at processTicksAndRejections 
(node:internal/process/task_queues:105:5)\n    at 
Object.<anonymous> (D:\\Work\\HR-SM\\server\\testing\\module
s\\hr-core\\backupIsolation.property.test.js:651:9)"
      }

      at Console.write [as log] (node_modules/winston/lib/wi
nston/transports/console.js:87:23)

    console.log
      2025-12-22 13:26:24 [[31merror[39m]: Error 
restoring backup for tenant target_PCi40TBDVG: Backup 
tenant ID (source_yazm8Aiu) does not match target tenant ID 
(target_PCi40TBDVG) {
        "stack": "Error: Backup tenant ID (source_yazm8Aiu) 
does not match target tenant ID (target_PCi40TBDVG)\n    at 
BackupService.restoreBackup (D:\\Work\\HR-SM\\server\\module
s\\hr-core\\backup\\services\\backupService.js:96:23)\n    
at restoreBackup (D:\\Work\\HR-SM\\server\\testing\\modules\
\hr-core\\backupIsolation.property.test.js:689:45)\n    at 
AsyncProperty.p [as predicate] (D:\\Work\\HR-SM\\node_module
s\\fast-check\\lib\\check\\property\\AsyncProperty.js:14:59)
\n    at AsyncProperty.predicate [as run] (D:\\Work\\HR-SM\\
node_modules\\fast-check\\lib\\check\\property\\AsyncPropert
y.generic.js:43:39)\n    at run (D:\\Work\\HR-SM\\node_modul
es\\fast-check\\lib\\check\\runner\\Runner.js:24:36)\n    
at processTicksAndRejections 
(node:internal/process/task_queues:105:5)\n    at 
Object.<anonymous> (D:\\Work\\HR-SM\\server\\testing\\module
s\\hr-core\\backupIsolation.property.test.js:651:9)"
      }

      at Console.write [as log] (node_modules/winston/lib/wi
nston/transports/console.js:87:23)

    console.log
      2025-12-22 13:26:24 [[31merror[39m]: Error 
restoring backup for tenant target_hrdDW5nj: Backup tenant 
ID (source_umiZIfx) does not match target tenant ID 
(target_hrdDW5nj) {
        "stack": "Error: Backup tenant ID (source_umiZIfx) 
does not match target tenant ID (target_hrdDW5nj)\n    at 
BackupService.restoreBackup (D:\\Work\\HR-SM\\server\\module
s\\hr-core\\backup\\services\\backupService.js:96:23)\n    
at restoreBackup (D:\\Work\\HR-SM\\server\\testing\\modules\
\hr-core\\backupIsolation.property.test.js:689:45)\n    at 
AsyncProperty.p [as predicate] (D:\\Work\\HR-SM\\node_module
s\\fast-check\\lib\\check\\property\\AsyncProperty.js:14:59)
\n    at AsyncProperty.predicate [as run] (D:\\Work\\HR-SM\\
node_modules\\fast-check\\lib\\check\\property\\AsyncPropert
y.generic.js:43:39)\n    at run (D:\\Work\\HR-SM\\node_modul
es\\fast-check\\lib\\check\\runner\\Runner.js:24:36)\n    
at processTicksAndRejections 
(node:internal/process/task_queues:105:5)\n    at 
Object.<anonymous> (D:\\Work\\HR-SM\\server\\testing\\module
s\\hr-core\\backupIsolation.property.test.js:651:9)"
      }

      at Console.write [as log] (node_modules/winston/lib/wi
nston/transports/console.js:87:23)

    console.log
      2025-12-22 13:26:24 [[31merror[39m]: Error 
restoring backup for tenant target_9ZtbIQ: Backup tenant ID 
(source_wXXZne) does not match target tenant ID 
(target_9ZtbIQ) {
        "stack": "Error: Backup tenant ID (source_wXXZne) 
does not match target tenant ID (target_9ZtbIQ)\n    at 
BackupService.restoreBackup (D:\\Work\\HR-SM\\server\\module
s\\hr-core\\backup\\services\\backupService.js:96:23)\n    
at restoreBackup (D:\\Work\\HR-SM\\server\\testing\\modules\
\hr-core\\backupIsolation.property.test.js:689:45)\n    at 
AsyncProperty.p [as predicate] (D:\\Work\\HR-SM\\node_module
s\\fast-check\\lib\\check\\property\\AsyncProperty.js:14:59)
\n    at AsyncProperty.predicate [as run] (D:\\Work\\HR-SM\\
node_modules\\fast-check\\lib\\check\\property\\AsyncPropert
y.generic.js:43:39)\n    at run (D:\\Work\\HR-SM\\node_modul
es\\fast-check\\lib\\check\\runner\\Runner.js:24:36)\n    
at processTicksAndRejections 
(node:internal/process/task_queues:105:5)\n    at 
Object.<anonymous> (D:\\Work\\HR-SM\\server\\testing\\module
s\\hr-core\\backupIsolation.property.test.js:651:9)"
      }

      at Console.write [as log] (node_modules/winston/lib/wi
nston/transports/console.js:87:23)

    console.log
      2025-12-22 13:26:24 [[31merror[39m]: Error 
restoring backup for tenant target_c4Sp: Backup tenant ID 
(source_y3at) does not match target tenant ID (target_c4Sp) 
{
        "stack": "Error: Backup tenant ID (source_y3at) 
does not match target tenant ID (target_c4Sp)\n    at 
BackupService.restoreBackup (D:\\Work\\HR-SM\\server\\module
s\\hr-core\\backup\\services\\backupService.js:96:23)\n    
at restoreBackup (D:\\Work\\HR-SM\\server\\testing\\modules\
\hr-core\\backupIsolation.property.test.js:689:45)\n    at 
AsyncProperty.p [as predicate] (D:\\Work\\HR-SM\\node_module
s\\fast-check\\lib\\check\\property\\AsyncProperty.js:14:59)
\n    at AsyncProperty.predicate [as run] (D:\\Work\\HR-SM\\
node_modules\\fast-check\\lib\\check\\property\\AsyncPropert
y.generic.js:43:39)\n    at run (D:\\Work\\HR-SM\\node_modul
es\\fast-check\\lib\\check\\runner\\Runner.js:24:36)\n    
at processTicksAndRejections 
(node:internal/process/task_queues:105:5)\n    at 
Object.<anonymous> (D:\\Work\\HR-SM\\server\\testing\\module
s\\hr-core\\backupIsolation.property.test.js:651:9)"
      }

      at Console.write [as log] (node_modules/winston/lib/wi
nston/transports/console.js:87:23)

    console.log
      2025-12-22 13:26:24 [[31merror[39m]: Error 
restoring backup for tenant target_Qbh1QrN: Backup tenant 
ID (source_TYR4v) does not match target tenant ID 
(target_Qbh1QrN) {
        "stack": "Error: Backup tenant ID (source_TYR4v) 
does not match target tenant ID (target_Qbh1QrN)\n    at 
BackupService.restoreBackup (D:\\Work\\HR-SM\\server\\module
s\\hr-core\\backup\\services\\backupService.js:96:23)\n    
at restoreBackup (D:\\Work\\HR-SM\\server\\testing\\modules\
\hr-core\\backupIsolation.property.test.js:689:45)\n    at 
AsyncProperty.p [as predicate] (D:\\Work\\HR-SM\\node_module
s\\fast-check\\lib\\check\\property\\AsyncProperty.js:14:59)
\n    at AsyncProperty.predicate [as run] (D:\\Work\\HR-SM\\
node_modules\\fast-check\\lib\\check\\property\\AsyncPropert
y.generic.js:43:39)\n    at run (D:\\Work\\HR-SM\\node_modul
es\\fast-check\\lib\\check\\runner\\Runner.js:24:36)\n    
at processTicksAndRejections 
(node:internal/process/task_queues:105:5)\n    at 
Object.<anonymous> (D:\\Work\\HR-SM\\server\\testing\\module
s\\hr-core\\backupIsolation.property.test.js:651:9)"
      }

      at Console.write [as log] (node_modules/winston/lib/wi
nston/transports/console.js:87:23)

    console.log
      2025-12-22 13:26:24 [[31merror[39m]: Error 
restoring backup for tenant target_wAKpGWLlYqc8yjf: Backup 
tenant ID (source_ov2W) does not match target tenant ID 
(target_wAKpGWLlYqc8yjf) {
        "stack": "Error: Backup tenant ID (source_ov2W) 
does not match target tenant ID (target_wAKpGWLlYqc8yjf)\n  
  at BackupService.restoreBackup (D:\\Work\\HR-SM\\server\\m
odules\\hr-core\\backup\\services\\backupService.js:96:23)\n
    at restoreBackup (D:\\Work\\HR-SM\\server\\testing\\modu
les\\hr-core\\backupIsolation.property.test.js:689:45)\n    
at AsyncProperty.p [as predicate] (D:\\Work\\HR-SM\\node_mod
ules\\fast-check\\lib\\check\\property\\AsyncProperty.js:14:
59)\n    at AsyncProperty.predicate [as run] (D:\\Work\\HR-S
M\\node_modules\\fast-check\\lib\\check\\property\\AsyncProp
erty.generic.js:43:39)\n    at run (D:\\Work\\HR-SM\\node_mo
dules\\fast-check\\lib\\check\\runner\\Runner.js:24:36)\n   
 at processTicksAndRejections 
(node:internal/process/task_queues:105:5)\n    at 
Object.<anonymous> (D:\\Work\\HR-SM\\server\\testing\\module
s\\hr-core\\backupIsolation.property.test.js:651:9)"
      }

      at Console.write [as log] (node_modules/winston/lib/wi
nston/transports/console.js:87:23)

    console.log
      2025-12-22 13:26:24 [[31merror[39m]: Error 
restoring backup for tenant target_UAkbKAcweKV: Backup 
tenant ID (source_OlOKOnRY) does not match target tenant ID 
(target_UAkbKAcweKV) {
        "stack": "Error: Backup tenant ID (source_OlOKOnRY) 
does not match target tenant ID (target_UAkbKAcweKV)\n    
at BackupService.restoreBackup (D:\\Work\\HR-SM\\server\\mod
ules\\hr-core\\backup\\services\\backupService.js:96:23)\n  
  at restoreBackup (D:\\Work\\HR-SM\\server\\testing\\module
s\\hr-core\\backupIsolation.property.test.js:689:45)\n    
at AsyncProperty.p [as predicate] (D:\\Work\\HR-SM\\node_mod
ules\\fast-check\\lib\\check\\property\\AsyncProperty.js:14:
59)\n    at AsyncProperty.predicate [as run] (D:\\Work\\HR-S
M\\node_modules\\fast-check\\lib\\check\\property\\AsyncProp
erty.generic.js:43:39)\n    at run (D:\\Work\\HR-SM\\node_mo
dules\\fast-check\\lib\\check\\runner\\Runner.js:24:36)\n   
 at processTicksAndRejections 
(node:internal/process/task_queues:105:5)\n    at 
Object.<anonymous> (D:\\Work\\HR-SM\\server\\testing\\module
s\\hr-core\\backupIsolation.property.test.js:651:9)"
      }

      at Console.write [as log] (node_modules/winston/lib/wi
nston/transports/console.js:87:23)

    console.log
      2025-12-22 13:26:24 [[31merror[39m]: Error 
restoring backup for tenant target_zKsd: Backup tenant ID 
(source_DN2zy2JnL) does not match target tenant ID 
(target_zKsd) {
        "stack": "Error: Backup tenant ID 
(source_DN2zy2JnL) does not match target tenant ID 
(target_zKsd)\n    at BackupService.restoreBackup (D:\\Work\
\HR-SM\\server\\modules\\hr-core\\backup\\services\\backupSe
rvice.js:96:23)\n    at restoreBackup (D:\\Work\\HR-SM\\serv
er\\testing\\modules\\hr-core\\backupIsolation.property.test
.js:689:45)\n    at AsyncProperty.p [as predicate] (D:\\Work
\\HR-SM\\node_modules\\fast-check\\lib\\check\\property\\Asy
ncProperty.js:14:59)\n    at AsyncProperty.predicate [as 
run] (D:\\Work\\HR-SM\\node_modules\\fast-check\\lib\\check\
\property\\AsyncProperty.generic.js:43:39)\n    at run (D:\\
Work\\HR-SM\\node_modules\\fast-check\\lib\\check\\runner\\R
unner.js:24:36)\n    at processTicksAndRejections 
(node:internal/process/task_queues:105:5)\n    at 
Object.<anonymous> (D:\\Work\\HR-SM\\server\\testing\\module
s\\hr-core\\backupIsolation.property.test.js:651:9)"
      }

      at Console.write [as log] (node_modules/winston/lib/wi
nston/transports/console.js:87:23)

    console.log
      2025-12-22 13:26:24 [[31merror[39m]: Error 
restoring backup for tenant target_Xx2ZF: Backup tenant ID 
(source_Hde) does not match target tenant ID (target_Xx2ZF) 
{
        "stack": "Error: Backup tenant ID (source_Hde) does 
not match target tenant ID (target_Xx2ZF)\n    at 
BackupService.restoreBackup (D:\\Work\\HR-SM\\server\\module
s\\hr-core\\backup\\services\\backupService.js:96:23)\n    
at restoreBackup (D:\\Work\\HR-SM\\server\\testing\\modules\
\hr-core\\backupIsolation.property.test.js:689:45)\n    at 
AsyncProperty.p [as predicate] (D:\\Work\\HR-SM\\node_module
s\\fast-check\\lib\\check\\property\\AsyncProperty.js:14:59)
\n    at AsyncProperty.predicate [as run] (D:\\Work\\HR-SM\\
node_modules\\fast-check\\lib\\check\\property\\AsyncPropert
y.generic.js:43:39)\n    at run (D:\\Work\\HR-SM\\node_modul
es\\fast-check\\lib\\check\\runner\\Runner.js:24:36)\n    
at processTicksAndRejections 
(node:internal/process/task_queues:105:5)\n    at 
Object.<anonymous> (D:\\Work\\HR-SM\\server\\testing\\module
s\\hr-core\\backupIsolation.property.test.js:651:9)"
      }

      at Console.write [as log] (node_modules/winston/lib/wi
nston/transports/console.js:87:23)

    console.log
      2025-12-22 13:26:24 [[31merror[39m]: Error 
restoring backup for tenant target_Trgi: Backup tenant ID 
(source_1pOUeB4G4ma) does not match target tenant ID 
(target_Trgi) {
        "stack": "Error: Backup tenant ID 
(source_1pOUeB4G4ma) does not match target tenant ID 
(target_Trgi)\n    at BackupService.restoreBackup (D:\\Work\
\HR-SM\\server\\modules\\hr-core\\backup\\services\\backupSe
rvice.js:96:23)\n    at restoreBackup (D:\\Work\\HR-SM\\serv
er\\testing\\modules\\hr-core\\backupIsolation.property.test
.js:689:45)\n    at AsyncProperty.p [as predicate] (D:\\Work
\\HR-SM\\node_modules\\fast-check\\lib\\check\\property\\Asy
ncProperty.js:14:59)\n    at AsyncProperty.predicate [as 
run] (D:\\Work\\HR-SM\\node_modules\\fast-check\\lib\\check\
\property\\AsyncProperty.generic.js:43:39)\n    at run (D:\\
Work\\HR-SM\\node_modules\\fast-check\\lib\\check\\runner\\R
unner.js:24:36)\n    at processTicksAndRejections 
(node:internal/process/task_queues:105:5)\n    at 
Object.<anonymous> (D:\\Work\\HR-SM\\server\\testing\\module
s\\hr-core\\backupIsolation.property.test.js:651:9)"
      }

      at Console.write [as log] (node_modules/winston/lib/wi
nston/transports/console.js:87:23)

    console.log
      2025-12-22 13:26:24 [[31merror[39m]: Error 
restoring backup for tenant target_oB6GZn: Backup tenant ID 
(source_v8GSLGPFrXRk8) does not match target tenant ID 
(target_oB6GZn) {
        "stack": "Error: Backup tenant ID 
(source_v8GSLGPFrXRk8) does not match target tenant ID 
(target_oB6GZn)\n    at BackupService.restoreBackup (D:\\Wor
k\\HR-SM\\server\\modules\\hr-core\\backup\\services\\backup
Service.js:96:23)\n    at restoreBackup (D:\\Work\\HR-SM\\se
rver\\testing\\modules\\hr-core\\backupIsolation.property.te
st.js:689:45)\n    at AsyncProperty.p [as predicate] (D:\\Wo
rk\\HR-SM\\node_modules\\fast-check\\lib\\check\\property\\A
syncProperty.js:14:59)\n    at AsyncProperty.predicate [as 
run] (D:\\Work\\HR-SM\\node_modules\\fast-check\\lib\\check\
\property\\AsyncProperty.generic.js:43:39)\n    at run (D:\\
Work\\HR-SM\\node_modules\\fast-check\\lib\\check\\runner\\R
unner.js:24:36)\n    at processTicksAndRejections 
(node:internal/process/task_queues:105:5)\n    at 
Object.<anonymous> (D:\\Work\\HR-SM\\server\\testing\\module
s\\hr-core\\backupIsolation.property.test.js:651:9)"
      }

      at Console.write [as log] (node_modules/winston/lib/wi
nston/transports/console.js:87:23)

    console.log
      2025-12-22 13:26:24 [[31merror[39m]: Error 
restoring backup for tenant target_0d1LEXWjGl93hZP: Backup 
tenant ID (source_A2ttCFKZ) does not match target tenant ID 
(target_0d1LEXWjGl93hZP) {
        "stack": "Error: Backup tenant ID (source_A2ttCFKZ) 
does not match target tenant ID (target_0d1LEXWjGl93hZP)\n  
  at BackupService.restoreBackup (D:\\Work\\HR-SM\\server\\m
odules\\hr-core\\backup\\services\\backupService.js:96:23)\n
    at restoreBackup (D:\\Work\\HR-SM\\server\\testing\\modu
les\\hr-core\\backupIsolation.property.test.js:689:45)\n    
at AsyncProperty.p [as predicate] (D:\\Work\\HR-SM\\node_mod
ules\\fast-check\\lib\\check\\property\\AsyncProperty.js:14:
59)\n    at AsyncProperty.predicate [as run] (D:\\Work\\HR-S
M\\node_modules\\fast-check\\lib\\check\\property\\AsyncProp
erty.generic.js:43:39)\n    at run (D:\\Work\\HR-SM\\node_mo
dules\\fast-check\\lib\\check\\runner\\Runner.js:24:36)\n   
 at processTicksAndRejections 
(node:internal/process/task_queues:105:5)\n    at 
Object.<anonymous> (D:\\Work\\HR-SM\\server\\testing\\module
s\\hr-core\\backupIsolation.property.test.js:651:9)"
      }

      at Console.write [as log] (node_modules/winston/lib/wi
nston/transports/console.js:87:23)

    console.log
      2025-12-22 13:26:24 [[31merror[39m]: Error 
restoring backup for tenant target_NdT0bIw: Backup tenant 
ID (source_K9Tz3l) does not match target tenant ID 
(target_NdT0bIw) {
        "stack": "Error: Backup tenant ID (source_K9Tz3l) 
does not match target tenant ID (target_NdT0bIw)\n    at 
BackupService.restoreBackup (D:\\Work\\HR-SM\\server\\module
s\\hr-core\\backup\\services\\backupService.js:96:23)\n    
at restoreBackup (D:\\Work\\HR-SM\\server\\testing\\modules\
\hr-core\\backupIsolation.property.test.js:689:45)\n    at 
AsyncProperty.p [as predicate] (D:\\Work\\HR-SM\\node_module
s\\fast-check\\lib\\check\\property\\AsyncProperty.js:14:59)
\n    at AsyncProperty.predicate [as run] (D:\\Work\\HR-SM\\
node_modules\\fast-check\\lib\\check\\property\\AsyncPropert
y.generic.js:43:39)\n    at run (D:\\Work\\HR-SM\\node_modul
es\\fast-check\\lib\\check\\runner\\Runner.js:24:36)\n    
at processTicksAndRejections 
(node:internal/process/task_queues:105:5)\n    at 
Object.<anonymous> (D:\\Work\\HR-SM\\server\\testing\\module
s\\hr-core\\backupIsolation.property.test.js:651:9)"
      }

      at Console.write [as log] (node_modules/winston/lib/wi
nston/transports/console.js:87:23)

    console.log
      2025-12-22 13:26:24 [[31merror[39m]: Error 
restoring backup for tenant target_apply: Backup tenant ID 
(source_T2aINK0z) does not match target tenant ID 
(target_apply) {
        "stack": "Error: Backup tenant ID (source_T2aINK0z) 
does not match target tenant ID (target_apply)\n    at 
BackupService.restoreBackup (D:\\Work\\HR-SM\\server\\module
s\\hr-core\\backup\\services\\backupService.js:96:23)\n    
at restoreBackup (D:\\Work\\HR-SM\\server\\testing\\modules\
\hr-core\\backupIsolation.property.test.js:689:45)\n    at 
AsyncProperty.p [as predicate] (D:\\Work\\HR-SM\\node_module
s\\fast-check\\lib\\check\\property\\AsyncProperty.js:14:59)
\n    at AsyncProperty.predicate [as run] (D:\\Work\\HR-SM\\
node_modules\\fast-check\\lib\\check\\property\\AsyncPropert
y.generic.js:43:39)\n    at run (D:\\Work\\HR-SM\\node_modul
es\\fast-check\\lib\\check\\runner\\Runner.js:24:36)\n    
at processTicksAndRejections 
(node:internal/process/task_queues:105:5)\n    at 
Object.<anonymous> (D:\\Work\\HR-SM\\server\\testing\\module
s\\hr-core\\backupIsolation.property.test.js:651:9)"
      }

      at Console.write [as log] (node_modules/winston/lib/wi
nston/transports/console.js:87:23)

    console.log
      2025-12-22 13:26:24 [[31merror[39m]: Error 
restoring backup for tenant target_Fb9Dw: Backup tenant ID 
(source_y6nojR) does not match target tenant ID 
(target_Fb9Dw) {
        "stack": "Error: Backup tenant ID (source_y6nojR) 
does not match target tenant ID (target_Fb9Dw)\n    at 
BackupService.restoreBackup (D:\\Work\\HR-SM\\server\\module
s\\hr-core\\backup\\services\\backupService.js:96:23)\n    
at restoreBackup (D:\\Work\\HR-SM\\server\\testing\\modules\
\hr-core\\backupIsolation.property.test.js:689:45)\n    at 
AsyncProperty.p [as predicate] (D:\\Work\\HR-SM\\node_module
s\\fast-check\\lib\\check\\property\\AsyncProperty.js:14:59)
\n    at AsyncProperty.predicate [as run] (D:\\Work\\HR-SM\\
node_modules\\fast-check\\lib\\check\\property\\AsyncPropert
y.generic.js:43:39)\n    at run (D:\\Work\\HR-SM\\node_modul
es\\fast-check\\lib\\check\\runner\\Runner.js:24:36)\n    
at processTicksAndRejections 
(node:internal/process/task_queues:105:5)\n    at 
Object.<anonymous> (D:\\Work\\HR-SM\\server\\testing\\module
s\\hr-core\\backupIsolation.property.test.js:651:9)"
      }

      at Console.write [as log] (node_modules/winston/lib/wi
nston/transports/console.js:87:23)

    console.log
      2025-12-22 13:26:24 [[31merror[39m]: Error 
restoring backup for tenant target_DLk0nAjUwdsaQC: Backup 
tenant ID (source_5AogE) does not match target tenant ID 
(target_DLk0nAjUwdsaQC) {
        "stack": "Error: Backup tenant ID (source_5AogE) 
does not match target tenant ID (target_DLk0nAjUwdsaQC)\n   
 at BackupService.restoreBackup (D:\\Work\\HR-SM\\server\\mo
dules\\hr-core\\backup\\services\\backupService.js:96:23)\n 
   at restoreBackup (D:\\Work\\HR-SM\\server\\testing\\modul
es\\hr-core\\backupIsolation.property.test.js:689:45)\n    
at AsyncProperty.p [as predicate] (D:\\Work\\HR-SM\\node_mod
ules\\fast-check\\lib\\check\\property\\AsyncProperty.js:14:
59)\n    at AsyncProperty.predicate [as run] (D:\\Work\\HR-S
M\\node_modules\\fast-check\\lib\\check\\property\\AsyncProp
erty.generic.js:43:39)\n    at run (D:\\Work\\HR-SM\\node_mo
dules\\fast-check\\lib\\check\\runner\\Runner.js:24:36)\n   
 at processTicksAndRejections 
(node:internal/process/task_queues:105:5)\n    at 
Object.<anonymous> (D:\\Work\\HR-SM\\server\\testing\\module
s\\hr-core\\backupIsolation.property.test.js:651:9)"
      }

      at Console.write [as log] (node_modules/winston/lib/wi
nston/transports/console.js:87:23)

    console.log
      2025-12-22 13:26:24 [[31merror[39m]: Error 
restoring backup for tenant target_E855JTt9t: Backup tenant 
ID (source_wMLaxE2) does not match target tenant ID 
(target_E855JTt9t) {
        "stack": "Error: Backup tenant ID (source_wMLaxE2) 
does not match target tenant ID (target_E855JTt9t)\n    at 
BackupService.restoreBackup (D:\\Work\\HR-SM\\server\\module
s\\hr-core\\backup\\services\\backupService.js:96:23)\n    
at restoreBackup (D:\\Work\\HR-SM\\server\\testing\\modules\
\hr-core\\backupIsolation.property.test.js:689:45)\n    at 
AsyncProperty.p [as predicate] (D:\\Work\\HR-SM\\node_module
s\\fast-check\\lib\\check\\property\\AsyncProperty.js:14:59)
\n    at AsyncProperty.predicate [as run] (D:\\Work\\HR-SM\\
node_modules\\fast-check\\lib\\check\\property\\AsyncPropert
y.generic.js:43:39)\n    at run (D:\\Work\\HR-SM\\node_modul
es\\fast-check\\lib\\check\\runner\\Runner.js:24:36)\n    
at processTicksAndRejections 
(node:internal/process/task_queues:105:5)\n    at 
Object.<anonymous> (D:\\Work\\HR-SM\\server\\testing\\module
s\\hr-core\\backupIsolation.property.test.js:651:9)"
      }

      at Console.write [as log] (node_modules/winston/lib/wi
nston/transports/console.js:87:23)

    console.log
      2025-12-22 13:26:24 [[31merror[39m]: Error 
restoring backup for tenant target_3LuR4b: Backup tenant ID 
(source_8AxXj) does not match target tenant ID 
(target_3LuR4b) {
        "stack": "Error: Backup tenant ID (source_8AxXj) 
does not match target tenant ID (target_3LuR4b)\n    at 
BackupService.restoreBackup (D:\\Work\\HR-SM\\server\\module
s\\hr-core\\backup\\services\\backupService.js:96:23)\n    
at restoreBackup (D:\\Work\\HR-SM\\server\\testing\\modules\
\hr-core\\backupIsolation.property.test.js:689:45)\n    at 
AsyncProperty.p [as predicate] (D:\\Work\\HR-SM\\node_module
s\\fast-check\\lib\\check\\property\\AsyncProperty.js:14:59)
\n    at AsyncProperty.predicate [as run] (D:\\Work\\HR-SM\\
node_modules\\fast-check\\lib\\check\\property\\AsyncPropert
y.generic.js:43:39)\n    at run (D:\\Work\\HR-SM\\node_modul
es\\fast-check\\lib\\check\\runner\\Runner.js:24:36)\n    
at processTicksAndRejections 
(node:internal/process/task_queues:105:5)\n    at 
Object.<anonymous> (D:\\Work\\HR-SM\\server\\testing\\module
s\\hr-core\\backupIsolation.property.test.js:651:9)"
      }

      at Console.write [as log] (node_modules/winston/lib/wi
nston/transports/console.js:87:23)

    console.log
      2025-12-22 13:26:24 [[31merror[39m]: Error 
restoring backup for tenant target_Xwcq: Backup tenant ID 
(source_cIxf8) does not match target tenant ID 
(target_Xwcq) {
        "stack": "Error: Backup tenant ID (source_cIxf8) 
does not match target tenant ID (target_Xwcq)\n    at 
BackupService.restoreBackup (D:\\Work\\HR-SM\\server\\module
s\\hr-core\\backup\\services\\backupService.js:96:23)\n    
at restoreBackup (D:\\Work\\HR-SM\\server\\testing\\modules\
\hr-core\\backupIsolation.property.test.js:689:45)\n    at 
AsyncProperty.p [as predicate] (D:\\Work\\HR-SM\\node_module
s\\fast-check\\lib\\check\\property\\AsyncProperty.js:14:59)
\n    at AsyncProperty.predicate [as run] (D:\\Work\\HR-SM\\
node_modules\\fast-check\\lib\\check\\property\\AsyncPropert
y.generic.js:43:39)\n    at run (D:\\Work\\HR-SM\\node_modul
es\\fast-check\\lib\\check\\runner\\Runner.js:24:36)\n    
at processTicksAndRejections 
(node:internal/process/task_queues:105:5)\n    at 
Object.<anonymous> (D:\\Work\\HR-SM\\server\\testing\\module
s\\hr-core\\backupIsolation.property.test.js:651:9)"
      }

      at Console.write [as log] (node_modules/winston/lib/wi
nston/transports/console.js:87:23)

    console.log
      2025-12-22 13:26:24 [[31merror[39m]: Error 
restoring backup for tenant target_RMKuj9: Backup tenant ID 
(source_Oz3KQs3) does not match target tenant ID 
(target_RMKuj9) {
        "stack": "Error: Backup tenant ID (source_Oz3KQs3) 
does not match target tenant ID (target_RMKuj9)\n    at 
BackupService.restoreBackup (D:\\Work\\HR-SM\\server\\module
s\\hr-core\\backup\\services\\backupService.js:96:23)\n    
at restoreBackup (D:\\Work\\HR-SM\\server\\testing\\modules\
\hr-core\\backupIsolation.property.test.js:689:45)\n    at 
AsyncProperty.p [as predicate] (D:\\Work\\HR-SM\\node_module
s\\fast-check\\lib\\check\\property\\AsyncProperty.js:14:59)
\n    at AsyncProperty.predicate [as run] (D:\\Work\\HR-SM\\
node_modules\\fast-check\\lib\\check\\property\\AsyncPropert
y.generic.js:43:39)\n    at run (D:\\Work\\HR-SM\\node_modul
es\\fast-check\\lib\\check\\runner\\Runner.js:24:36)\n    
at processTicksAndRejections 
(node:internal/process/task_queues:105:5)\n    at 
Object.<anonymous> (D:\\Work\\HR-SM\\server\\testing\\module
s\\hr-core\\backupIsolation.property.test.js:651:9)"
      }

      at Console.write [as log] (node_modules/winston/lib/wi
nston/transports/console.js:87:23)

    console.log
      2025-12-22 13:26:24 [[31merror[39m]: Error 
restoring backup for tenant target_uTv5SDcUv1RB: Backup 
tenant ID (source_KC5H) does not match target tenant ID 
(target_uTv5SDcUv1RB) {
        "stack": "Error: Backup tenant ID (source_KC5H) 
does not match target tenant ID (target_uTv5SDcUv1RB)\n    
at BackupService.restoreBackup (D:\\Work\\HR-SM\\server\\mod
ules\\hr-core\\backup\\services\\backupService.js:96:23)\n  
  at restoreBackup (D:\\Work\\HR-SM\\server\\testing\\module
s\\hr-core\\backupIsolation.property.test.js:689:45)\n    
at AsyncProperty.p [as predicate] (D:\\Work\\HR-SM\\node_mod
ules\\fast-check\\lib\\check\\property\\AsyncProperty.js:14:
59)\n    at AsyncProperty.predicate [as run] (D:\\Work\\HR-S
M\\node_modules\\fast-check\\lib\\check\\property\\AsyncProp
erty.generic.js:43:39)\n    at run (D:\\Work\\HR-SM\\node_mo
dules\\fast-check\\lib\\check\\runner\\Runner.js:24:36)\n   
 at processTicksAndRejections 
(node:internal/process/task_queues:105:5)\n    at 
Object.<anonymous> (D:\\Work\\HR-SM\\server\\testing\\module
s\\hr-core\\backupIsolation.property.test.js:651:9)"
      }

      at Console.write [as log] (node_modules/winston/lib/wi
nston/transports/console.js:87:23)

    console.log
      2025-12-22 13:26:24 [[31merror[39m]: Error 
restoring backup for tenant target_6uTFZsglth: Backup 
tenant ID (source_Gj) does not match target tenant ID 
(target_6uTFZsglth) {
        "stack": "Error: Backup tenant ID (source_Gj) does 
not match target tenant ID (target_6uTFZsglth)\n    at 
BackupService.restoreBackup (D:\\Work\\HR-SM\\server\\module
s\\hr-core\\backup\\services\\backupService.js:96:23)\n    
at restoreBackup (D:\\Work\\HR-SM\\server\\testing\\modules\
\hr-core\\backupIsolation.property.test.js:689:45)\n    at 
AsyncProperty.p [as predicate] (D:\\Work\\HR-SM\\node_module
s\\fast-check\\lib\\check\\property\\AsyncProperty.js:14:59)
\n    at AsyncProperty.predicate [as run] (D:\\Work\\HR-SM\\
node_modules\\fast-check\\lib\\check\\property\\AsyncPropert
y.generic.js:43:39)\n    at run (D:\\Work\\HR-SM\\node_modul
es\\fast-check\\lib\\check\\runner\\Runner.js:24:36)\n    
at processTicksAndRejections 
(node:internal/process/task_queues:105:5)\n    at 
Object.<anonymous> (D:\\Work\\HR-SM\\server\\testing\\module
s\\hr-core\\backupIsolation.property.test.js:651:9)"
      }

      at Console.write [as log] (node_modules/winston/lib/wi
nston/transports/console.js:87:23)

    console.log
      2025-12-22 13:26:24 [[31merror[39m]: Error 
restoring backup for tenant target_nKy: Backup tenant ID 
(source_valueOf) does not match target tenant ID 
(target_nKy) {
        "stack": "Error: Backup tenant ID (source_valueOf) 
does not match target tenant ID (target_nKy)\n    at 
BackupService.restoreBackup (D:\\Work\\HR-SM\\server\\module
s\\hr-core\\backup\\services\\backupService.js:96:23)\n    
at restoreBackup (D:\\Work\\HR-SM\\server\\testing\\modules\
\hr-core\\backupIsolation.property.test.js:689:45)\n    at 
AsyncProperty.p [as predicate] (D:\\Work\\HR-SM\\node_module
s\\fast-check\\lib\\check\\property\\AsyncProperty.js:14:59)
\n    at AsyncProperty.predicate [as run] (D:\\Work\\HR-SM\\
node_modules\\fast-check\\lib\\check\\property\\AsyncPropert
y.generic.js:43:39)\n    at run (D:\\Work\\HR-SM\\node_modul
es\\fast-check\\lib\\check\\runner\\Runner.js:24:36)\n    
at processTicksAndRejections 
(node:internal/process/task_queues:105:5)\n    at 
Object.<anonymous> (D:\\Work\\HR-SM\\server\\testing\\module
s\\hr-core\\backupIsolation.property.test.js:651:9)"
      }

      at Console.write [as log] (node_modules/winston/lib/wi
nston/transports/console.js:87:23)

    console.log
      2025-12-22 13:26:24 [[31merror[39m]: Error 
restoring backup for tenant target_rCicyFRw: Backup tenant 
ID (source_Set9Mprototyp) does not match target tenant ID 
(target_rCicyFRw) {
        "stack": "Error: Backup tenant ID 
(source_Set9Mprototyp) does not match target tenant ID 
(target_rCicyFRw)\n    at BackupService.restoreBackup (D:\\W
ork\\HR-SM\\server\\modules\\hr-core\\backup\\services\\back
upService.js:96:23)\n    at restoreBackup (D:\\Work\\HR-SM\\
server\\testing\\modules\\hr-core\\backupIsolation.property.
test.js:689:45)\n    at AsyncProperty.p [as predicate] (D:\\
Work\\HR-SM\\node_modules\\fast-check\\lib\\check\\property\
\AsyncProperty.js:14:59)\n    at AsyncProperty.predicate 
[as run] (D:\\Work\\HR-SM\\node_modules\\fast-check\\lib\\ch
eck\\property\\AsyncProperty.generic.js:43:39)\n    at run (
D:\\Work\\HR-SM\\node_modules\\fast-check\\lib\\check\\runne
r\\Runner.js:24:36)\n    at processTicksAndRejections 
(node:internal/process/task_queues:105:5)\n    at 
Object.<anonymous> (D:\\Work\\HR-SM\\server\\testing\\module
s\\hr-core\\backupIsolation.property.test.js:651:9)"
      }

      at Console.write [as log] (node_modules/winston/lib/wi
nston/transports/console.js:87:23)

    console.log
      2025-12-22 13:26:24 [[31merror[39m]: Error 
restoring backup for tenant target_sjK: Backup tenant ID 
(source_UBt) does not match target tenant ID (target_sjK) {
        "stack": "Error: Backup tenant ID (source_UBt) does 
not match target tenant ID (target_sjK)\n    at 
BackupService.restoreBackup (D:\\Work\\HR-SM\\server\\module
s\\hr-core\\backup\\services\\backupService.js:96:23)\n    
at restoreBackup (D:\\Work\\HR-SM\\server\\testing\\modules\
\hr-core\\backupIsolation.property.test.js:689:45)\n    at 
AsyncProperty.p [as predicate] (D:\\Work\\HR-SM\\node_module
s\\fast-check\\lib\\check\\property\\AsyncProperty.js:14:59)
\n    at AsyncProperty.predicate [as run] (D:\\Work\\HR-SM\\
node_modules\\fast-check\\lib\\check\\property\\AsyncPropert
y.generic.js:43:39)\n    at run (D:\\Work\\HR-SM\\node_modul
es\\fast-check\\lib\\check\\runner\\Runner.js:24:36)\n    
at processTicksAndRejections 
(node:internal/process/task_queues:105:5)\n    at 
Object.<anonymous> (D:\\Work\\HR-SM\\server\\testing\\module
s\\hr-core\\backupIsolation.property.test.js:651:9)"
      }

      at Console.write [as log] (node_modules/winston/lib/wi
nston/transports/console.js:87:23)

    console.log
      2025-12-22 13:26:24 [[31merror[39m]: Error 
restoring backup for tenant target_ah3zrrwHn: Backup tenant 
ID (source_xQCzw) does not match target tenant ID 
(target_ah3zrrwHn) {
        "stack": "Error: Backup tenant ID (source_xQCzw) 
does not match target tenant ID (target_ah3zrrwHn)\n    at 
BackupService.restoreBackup (D:\\Work\\HR-SM\\server\\module
s\\hr-core\\backup\\services\\backupService.js:96:23)\n    
at restoreBackup (D:\\Work\\HR-SM\\server\\testing\\modules\
\hr-core\\backupIsolation.property.test.js:689:45)\n    at 
AsyncProperty.p [as predicate] (D:\\Work\\HR-SM\\node_module
s\\fast-check\\lib\\check\\property\\AsyncProperty.js:14:59)
\n    at AsyncProperty.predicate [as run] (D:\\Work\\HR-SM\\
node_modules\\fast-check\\lib\\check\\property\\AsyncPropert
y.generic.js:43:39)\n    at run (D:\\Work\\HR-SM\\node_modul
es\\fast-check\\lib\\check\\runner\\Runner.js:24:36)\n    
at processTicksAndRejections 
(node:internal/process/task_queues:105:5)\n    at 
Object.<anonymous> (D:\\Work\\HR-SM\\server\\testing\\module
s\\hr-core\\backupIsolation.property.test.js:651:9)"
      }

      at Console.write [as log] (node_modules/winston/lib/wi
nston/transports/console.js:87:23)

    console.log
      2025-12-22 13:26:24 [[31merror[39m]: Error 
restoring backup for tenant target_35: Backup tenant ID 
(source_OkE6e) does not match target tenant ID (target_35) {
        "stack": "Error: Backup tenant ID (source_OkE6e) 
does not match target tenant ID (target_35)\n    at 
BackupService.restoreBackup (D:\\Work\\HR-SM\\server\\module
s\\hr-core\\backup\\services\\backupService.js:96:23)\n    
at restoreBackup (D:\\Work\\HR-SM\\server\\testing\\modules\
\hr-core\\backupIsolation.property.test.js:689:45)\n    at 
AsyncProperty.p [as predicate] (D:\\Work\\HR-SM\\node_module
s\\fast-check\\lib\\check\\property\\AsyncProperty.js:14:59)
\n    at AsyncProperty.predicate [as run] (D:\\Work\\HR-SM\\
node_modules\\fast-check\\lib\\check\\property\\AsyncPropert
y.generic.js:43:39)\n    at run (D:\\Work\\HR-SM\\node_modul
es\\fast-check\\lib\\check\\runner\\Runner.js:24:36)\n    
at processTicksAndRejections 
(node:internal/process/task_queues:105:5)\n    at 
Object.<anonymous> (D:\\Work\\HR-SM\\server\\testing\\module
s\\hr-core\\backupIsolation.property.test.js:651:9)"
      }

      at Console.write [as log] (node_modules/winston/lib/wi
nston/transports/console.js:87:23)

    console.log
      2025-12-22 13:26:24 [[31merror[39m]: Error 
restoring backup for tenant target_pId7: Backup tenant ID 
(source_BUxZ6eim) does not match target tenant ID 
(target_pId7) {
        "stack": "Error: Backup tenant ID (source_BUxZ6eim) 
does not match target tenant ID (target_pId7)\n    at 
BackupService.restoreBackup (D:\\Work\\HR-SM\\server\\module
s\\hr-core\\backup\\services\\backupService.js:96:23)\n    
at restoreBackup (D:\\Work\\HR-SM\\server\\testing\\modules\
\hr-core\\backupIsolation.property.test.js:689:45)\n    at 
AsyncProperty.p [as predicate] (D:\\Work\\HR-SM\\node_module
s\\fast-check\\lib\\check\\property\\AsyncProperty.js:14:59)
\n    at AsyncProperty.predicate [as run] (D:\\Work\\HR-SM\\
node_modules\\fast-check\\lib\\check\\property\\AsyncPropert
y.generic.js:43:39)\n    at run (D:\\Work\\HR-SM\\node_modul
es\\fast-check\\lib\\check\\runner\\Runner.js:24:36)\n    
at processTicksAndRejections 
(node:internal/process/task_queues:105:5)\n    at 
Object.<anonymous> (D:\\Work\\HR-SM\\server\\testing\\module
s\\hr-core\\backupIsolation.property.test.js:651:9)"
      }

      at Console.write [as log] (node_modules/winston/lib/wi
nston/transports/console.js:87:23)

    console.log
      2025-12-22 13:26:24 [[31merror[39m]: Error 
restoring backup for tenant target_d3: Backup tenant ID 
(source_EnumerabltoSt) does not match target tenant ID 
(target_d3) {
        "stack": "Error: Backup tenant ID 
(source_EnumerabltoSt) does not match target tenant ID 
(target_d3)\n    at BackupService.restoreBackup (D:\\Work\\H
R-SM\\server\\modules\\hr-core\\backup\\services\\backupServ
ice.js:96:23)\n    at restoreBackup (D:\\Work\\HR-SM\\server
\\testing\\modules\\hr-core\\backupIsolation.property.test.j
s:689:45)\n    at AsyncProperty.p [as predicate] (D:\\Work\\
HR-SM\\node_modules\\fast-check\\lib\\check\\property\\Async
Property.js:14:59)\n    at AsyncProperty.predicate [as run] 
(D:\\Work\\HR-SM\\node_modules\\fast-check\\lib\\check\\prop
erty\\AsyncProperty.generic.js:43:39)\n    at run (D:\\Work\
\HR-SM\\node_modules\\fast-check\\lib\\check\\runner\\Runner
.js:24:36)\n    at processTicksAndRejections 
(node:internal/process/task_queues:105:5)\n    at 
Object.<anonymous> (D:\\Work\\HR-SM\\server\\testing\\module
s\\hr-core\\backupIsolation.property.test.js:651:9)"
      }

      at Console.write [as log] (node_modules/winston/lib/wi
nston/transports/console.js:87:23)

    console.log
      2025-12-22 13:26:24 [[31merror[39m]: Error 
restoring backup for tenant target_SeJEsadcydUw: Backup 
tenant ID (source_iyKn) does not match target tenant ID 
(target_SeJEsadcydUw) {
        "stack": "Error: Backup tenant ID (source_iyKn) 
does not match target tenant ID (target_SeJEsadcydUw)\n    
at BackupService.restoreBackup (D:\\Work\\HR-SM\\server\\mod
ules\\hr-core\\backup\\services\\backupService.js:96:23)\n  
  at restoreBackup (D:\\Work\\HR-SM\\server\\testing\\module
s\\hr-core\\backupIsolation.property.test.js:689:45)\n    
at AsyncProperty.p [as predicate] (D:\\Work\\HR-SM\\node_mod
ules\\fast-check\\lib\\check\\property\\AsyncProperty.js:14:
59)\n    at AsyncProperty.predicate [as run] (D:\\Work\\HR-S
M\\node_modules\\fast-check\\lib\\check\\property\\AsyncProp
erty.generic.js:43:39)\n    at run (D:\\Work\\HR-SM\\node_mo
dules\\fast-check\\lib\\check\\runner\\Runner.js:24:36)\n   
 at processTicksAndRejections 
(node:internal/process/task_queues:105:5)\n    at 
Object.<anonymous> (D:\\Work\\HR-SM\\server\\testing\\module
s\\hr-core\\backupIsolation.property.test.js:651:9)"
      }

      at Console.write [as log] (node_modules/winston/lib/wi
nston/transports/console.js:87:23)

    console.log
      2025-12-22 13:26:24 [[31merror[39m]: Error 
restoring backup for tenant target_d7XkknfyP: Backup tenant 
ID (source_WRlfJ) does not match target tenant ID 
(target_d7XkknfyP) {
        "stack": "Error: Backup tenant ID (source_WRlfJ) 
does not match target tenant ID (target_d7XkknfyP)\n    at 
BackupService.restoreBackup (D:\\Work\\HR-SM\\server\\module
s\\hr-core\\backup\\services\\backupService.js:96:23)\n    
at restoreBackup (D:\\Work\\HR-SM\\server\\testing\\modules\
\hr-core\\backupIsolation.property.test.js:689:45)\n    at 
AsyncProperty.p [as predicate] (D:\\Work\\HR-SM\\node_module
s\\fast-check\\lib\\check\\property\\AsyncProperty.js:14:59)
\n    at AsyncProperty.predicate [as run] (D:\\Work\\HR-SM\\
node_modules\\fast-check\\lib\\check\\property\\AsyncPropert
y.generic.js:43:39)\n    at run (D:\\Work\\HR-SM\\node_modul
es\\fast-check\\lib\\check\\runner\\Runner.js:24:36)\n    
at processTicksAndRejections 
(node:internal/process/task_queues:105:5)\n    at 
Object.<anonymous> (D:\\Work\\HR-SM\\server\\testing\\module
s\\hr-core\\backupIsolation.property.test.js:651:9)"
      }

      at Console.write [as log] (node_modules/winston/lib/wi
nston/transports/console.js:87:23)

    console.log
      2025-12-22 13:26:24 [[31merror[39m]: Error 
restoring backup for tenant target_lookupGetter: Backup 
tenant ID (source_Psc) does not match target tenant ID 
(target_lookupGetter) {
        "stack": "Error: Backup tenant ID (source_Psc) does 
not match target tenant ID (target_lookupGetter)\n    at 
BackupService.restoreBackup (D:\\Work\\HR-SM\\server\\module
s\\hr-core\\backup\\services\\backupService.js:96:23)\n    
at restoreBackup (D:\\Work\\HR-SM\\server\\testing\\modules\
\hr-core\\backupIsolation.property.test.js:689:45)\n    at 
AsyncProperty.p [as predicate] (D:\\Work\\HR-SM\\node_module
s\\fast-check\\lib\\check\\property\\AsyncProperty.js:14:59)
\n    at AsyncProperty.predicate [as run] (D:\\Work\\HR-SM\\
node_modules\\fast-check\\lib\\check\\property\\AsyncPropert
y.generic.js:43:39)\n    at run (D:\\Work\\HR-SM\\node_modul
es\\fast-check\\lib\\check\\runner\\Runner.js:24:36)\n    
at processTicksAndRejections 
(node:internal/process/task_queues:105:5)\n    at 
Object.<anonymous> (D:\\Work\\HR-SM\\server\\testing\\module
s\\hr-core\\backupIsolation.property.test.js:651:9)"
      }

      at Console.write [as log] (node_modules/winston/lib/wi
nston/transports/console.js:87:23)

    console.log
      2025-12-22 13:26:24 [[31merror[39m]: Error 
restoring backup for tenant target_FxKfxr55: Backup tenant 
ID (source_ItoLoc) does not match target tenant ID 
(target_FxKfxr55) {
        "stack": "Error: Backup tenant ID (source_ItoLoc) 
does not match target tenant ID (target_FxKfxr55)\n    at 
BackupService.restoreBackup (D:\\Work\\HR-SM\\server\\module
s\\hr-core\\backup\\services\\backupService.js:96:23)\n    
at restoreBackup (D:\\Work\\HR-SM\\server\\testing\\modules\
\hr-core\\backupIsolation.property.test.js:689:45)\n    at 
AsyncProperty.p [as predicate] (D:\\Work\\HR-SM\\node_module
s\\fast-check\\lib\\check\\property\\AsyncProperty.js:14:59)
\n    at AsyncProperty.predicate [as run] (D:\\Work\\HR-SM\\
node_modules\\fast-check\\lib\\check\\property\\AsyncPropert
y.generic.js:43:39)\n    at run (D:\\Work\\HR-SM\\node_modul
es\\fast-check\\lib\\check\\runner\\Runner.js:24:36)\n    
at processTicksAndRejections 
(node:internal/process/task_queues:105:5)\n    at 
Object.<anonymous> (D:\\Work\\HR-SM\\server\\testing\\module
s\\hr-core\\backupIsolation.property.test.js:651:9)"
      }

      at Console.write [as log] (node_modules/winston/lib/wi
nston/transports/console.js:87:23)

    console.log
      2025-12-22 13:26:24 [[31merror[39m]: Error 
restoring backup for tenant target_axfn10qC: Backup tenant 
ID (source_sw) does not match target tenant ID 
(target_axfn10qC) {
        "stack": "Error: Backup tenant ID (source_sw) does 
not match target tenant ID (target_axfn10qC)\n    at 
BackupService.restoreBackup (D:\\Work\\HR-SM\\server\\module
s\\hr-core\\backup\\services\\backupService.js:96:23)\n    
at restoreBackup (D:\\Work\\HR-SM\\server\\testing\\modules\
\hr-core\\backupIsolation.property.test.js:689:45)\n    at 
AsyncProperty.p [as predicate] (D:\\Work\\HR-SM\\node_module
s\\fast-check\\lib\\check\\property\\AsyncProperty.js:14:59)
\n    at AsyncProperty.predicate [as run] (D:\\Work\\HR-SM\\
node_modules\\fast-check\\lib\\check\\property\\AsyncPropert
y.generic.js:43:39)\n    at run (D:\\Work\\HR-SM\\node_modul
es\\fast-check\\lib\\check\\runner\\Runner.js:24:36)\n    
at processTicksAndRejections 
(node:internal/process/task_queues:105:5)\n    at 
Object.<anonymous> (D:\\Work\\HR-SM\\server\\testing\\module
s\\hr-core\\backupIsolation.property.test.js:651:9)"
      }

      at Console.write [as log] (node_modules/winston/lib/wi
nston/transports/console.js:87:23)

    console.log
      2025-12-22 13:26:24 [[31merror[39m]: Error 
restoring backup for tenant target_5drUkn: Backup tenant ID 
(source_b0iM) does not match target tenant ID 
(target_5drUkn) {
        "stack": "Error: Backup tenant ID (source_b0iM) 
does not match target tenant ID (target_5drUkn)\n    at 
BackupService.restoreBackup (D:\\Work\\HR-SM\\server\\module
s\\hr-core\\backup\\services\\backupService.js:96:23)\n    
at restoreBackup (D:\\Work\\HR-SM\\server\\testing\\modules\
\hr-core\\backupIsolation.property.test.js:689:45)\n    at 
AsyncProperty.p [as predicate] (D:\\Work\\HR-SM\\node_module
s\\fast-check\\lib\\check\\property\\AsyncProperty.js:14:59)
\n    at AsyncProperty.predicate [as run] (D:\\Work\\HR-SM\\
node_modules\\fast-check\\lib\\check\\property\\AsyncPropert
y.generic.js:43:39)\n    at run (D:\\Work\\HR-SM\\node_modul
es\\fast-check\\lib\\check\\runner\\Runner.js:24:36)\n    
at processTicksAndRejections 
(node:internal/process/task_queues:105:5)\n    at 
Object.<anonymous> (D:\\Work\\HR-SM\\server\\testing\\module
s\\hr-core\\backupIsolation.property.test.js:651:9)"
      }

      at Console.write [as log] (node_modules/winston/lib/wi
nston/transports/console.js:87:23)

    console.log
      2025-12-22 13:26:24 [[31merror[39m]: Error 
restoring backup for tenant target_y4lgWF: Backup tenant ID 
(source_rdgPAOmpB) does not match target tenant ID 
(target_y4lgWF) {
        "stack": "Error: Backup tenant ID 
(source_rdgPAOmpB) does not match target tenant ID 
(target_y4lgWF)\n    at BackupService.restoreBackup (D:\\Wor
k\\HR-SM\\server\\modules\\hr-core\\backup\\services\\backup
Service.js:96:23)\n    at restoreBackup (D:\\Work\\HR-SM\\se
rver\\testing\\modules\\hr-core\\backupIsolation.property.te
st.js:689:45)\n    at AsyncProperty.p [as predicate] (D:\\Wo
rk\\HR-SM\\node_modules\\fast-check\\lib\\check\\property\\A
syncProperty.js:14:59)\n    at AsyncProperty.predicate [as 
run] (D:\\Work\\HR-SM\\node_modules\\fast-check\\lib\\check\
\property\\AsyncProperty.generic.js:43:39)\n    at run (D:\\
Work\\HR-SM\\node_modules\\fast-check\\lib\\check\\runner\\R
unner.js:24:36)\n    at processTicksAndRejections 
(node:internal/process/task_queues:105:5)\n    at 
Object.<anonymous> (D:\\Work\\HR-SM\\server\\testing\\module
s\\hr-core\\backupIsolation.property.test.js:651:9)"
      }

      at Console.write [as log] (node_modules/winston/lib/wi
nston/transports/console.js:87:23)

    console.log
      2025-12-22 13:26:24 [[31merror[39m]: Error 
restoring backup for tenant target_tzyZjSCqYB9: Backup 
tenant ID (source_d6Es9cfAaNAMb) does not match target 
tenant ID (target_tzyZjSCqYB9) {
        "stack": "Error: Backup tenant ID 
(source_d6Es9cfAaNAMb) does not match target tenant ID 
(target_tzyZjSCqYB9)\n    at BackupService.restoreBackup (D:
\\Work\\HR-SM\\server\\modules\\hr-core\\backup\\services\\b
ackupService.js:96:23)\n    at restoreBackup (D:\\Work\\HR-S
M\\server\\testing\\modules\\hr-core\\backupIsolation.proper
ty.test.js:689:45)\n    at AsyncProperty.p [as predicate] (D
:\\Work\\HR-SM\\node_modules\\fast-check\\lib\\check\\proper
ty\\AsyncProperty.js:14:59)\n    at AsyncProperty.predicate 
[as run] (D:\\Work\\HR-SM\\node_modules\\fast-check\\lib\\ch
eck\\property\\AsyncProperty.generic.js:43:39)\n    at run (
D:\\Work\\HR-SM\\node_modules\\fast-check\\lib\\check\\runne
r\\Runner.js:24:36)\n    at processTicksAndRejections 
(node:internal/process/task_queues:105:5)\n    at 
Object.<anonymous> (D:\\Work\\HR-SM\\server\\testing\\module
s\\hr-core\\backupIsolation.property.test.js:651:9)"
      }

      at Console.write [as log] (node_modules/winston/lib/wi
nston/transports/console.js:87:23)

    console.log
      2025-12-22 13:26:24 [[31merror[39m]: Error 
restoring backup for tenant target_GdIDPluY5f3: Backup 
tenant ID (source_fX4KhEMD61L) does not match target tenant 
ID (target_GdIDPluY5f3) {
        "stack": "Error: Backup tenant ID 
(source_fX4KhEMD61L) does not match target tenant ID 
(target_GdIDPluY5f3)\n    at BackupService.restoreBackup (D:
\\Work\\HR-SM\\server\\modules\\hr-core\\backup\\services\\b
ackupService.js:96:23)\n    at restoreBackup (D:\\Work\\HR-S
M\\server\\testing\\modules\\hr-core\\backupIsolation.proper
ty.test.js:689:45)\n    at AsyncProperty.p [as predicate] (D
:\\Work\\HR-SM\\node_modules\\fast-check\\lib\\check\\proper
ty\\AsyncProperty.js:14:59)\n    at AsyncProperty.predicate 
[as run] (D:\\Work\\HR-SM\\node_modules\\fast-check\\lib\\ch
eck\\property\\AsyncProperty.generic.js:43:39)\n    at run (
D:\\Work\\HR-SM\\node_modules\\fast-check\\lib\\check\\runne
r\\Runner.js:24:36)\n    at processTicksAndRejections 
(node:internal/process/task_queues:105:5)\n    at 
Object.<anonymous> (D:\\Work\\HR-SM\\server\\testing\\module
s\\hr-core\\backupIsolation.property.test.js:651:9)"
      }

      at Console.write [as log] (node_modules/winston/lib/wi
nston/transports/console.js:87:23)

    console.log
      2025-12-22 13:26:24 [[31merror[39m]: Error 
restoring backup for tenant target_OmbRI: Backup tenant ID 
(source_toLo) does not match target tenant ID 
(target_OmbRI) {
        "stack": "Error: Backup tenant ID (source_toLo) 
does not match target tenant ID (target_OmbRI)\n    at 
BackupService.restoreBackup (D:\\Work\\HR-SM\\server\\module
s\\hr-core\\backup\\services\\backupService.js:96:23)\n    
at restoreBackup (D:\\Work\\HR-SM\\server\\testing\\modules\
\hr-core\\backupIsolation.property.test.js:689:45)\n    at 
AsyncProperty.p [as predicate] (D:\\Work\\HR-SM\\node_module
s\\fast-check\\lib\\check\\property\\AsyncProperty.js:14:59)
\n    at AsyncProperty.predicate [as run] (D:\\Work\\HR-SM\\
node_modules\\fast-check\\lib\\check\\property\\AsyncPropert
y.generic.js:43:39)\n    at run (D:\\Work\\HR-SM\\node_modul
es\\fast-check\\lib\\check\\runner\\Runner.js:24:36)\n    
at processTicksAndRejections 
(node:internal/process/task_queues:105:5)\n    at 
Object.<anonymous> (D:\\Work\\HR-SM\\server\\testing\\module
s\\hr-core\\backupIsolation.property.test.js:651:9)"
      }

      at Console.write [as log] (node_modules/winston/lib/wi
nston/transports/console.js:87:23)

    console.log
      2025-12-22 13:26:24 [[31merror[39m]: Error 
restoring backup for tenant target_Wz8z: Backup tenant ID 
(source_toString) does not match target tenant ID 
(target_Wz8z) {
        "stack": "Error: Backup tenant ID (source_toString) 
does not match target tenant ID (target_Wz8z)\n    at 
BackupService.restoreBackup (D:\\Work\\HR-SM\\server\\module
s\\hr-core\\backup\\services\\backupService.js:96:23)\n    
at restoreBackup (D:\\Work\\HR-SM\\server\\testing\\modules\
\hr-core\\backupIsolation.property.test.js:689:45)\n    at 
AsyncProperty.p [as predicate] (D:\\Work\\HR-SM\\node_module
s\\fast-check\\lib\\check\\property\\AsyncProperty.js:14:59)
\n    at AsyncProperty.predicate [as run] (D:\\Work\\HR-SM\\
node_modules\\fast-check\\lib\\check\\property\\AsyncPropert
y.generic.js:43:39)\n    at run (D:\\Work\\HR-SM\\node_modul
es\\fast-check\\lib\\check\\runner\\Runner.js:24:36)\n    
at processTicksAndRejections 
(node:internal/process/task_queues:105:5)\n    at 
Object.<anonymous> (D:\\Work\\HR-SM\\server\\testing\\module
s\\hr-core\\backupIsolation.property.test.js:651:9)"
      }

      at Console.write [as log] (node_modules/winston/lib/wi
nston/transports/console.js:87:23)

    console.log
      2025-12-22 13:26:24 [[31merror[39m]: Error 
restoring backup for tenant target_ZHYftG6W: Backup tenant 
ID (source_q7J401E) does not match target tenant ID 
(target_ZHYftG6W) {
        "stack": "Error: Backup tenant ID (source_q7J401E) 
does not match target tenant ID (target_ZHYftG6W)\n    at 
BackupService.restoreBackup (D:\\Work\\HR-SM\\server\\module
s\\hr-core\\backup\\services\\backupService.js:96:23)\n    
at restoreBackup (D:\\Work\\HR-SM\\server\\testing\\modules\
\hr-core\\backupIsolation.property.test.js:689:45)\n    at 
AsyncProperty.p [as predicate] (D:\\Work\\HR-SM\\node_module
s\\fast-check\\lib\\check\\property\\AsyncProperty.js:14:59)
\n    at AsyncProperty.predicate [as run] (D:\\Work\\HR-SM\\
node_modules\\fast-check\\lib\\check\\property\\AsyncPropert
y.generic.js:43:39)\n    at run (D:\\Work\\HR-SM\\node_modul
es\\fast-check\\lib\\check\\runner\\Runner.js:24:36)\n    
at processTicksAndRejections 
(node:internal/process/task_queues:105:5)\n    at 
Object.<anonymous> (D:\\Work\\HR-SM\\server\\testing\\module
s\\hr-core\\backupIsolation.property.test.js:651:9)"
      }

      at Console.write [as log] (node_modules/winston/lib/wi
nston/transports/console.js:87:23)

    console.log
      2025-12-22 13:26:24 [[31merror[39m]: Error 
restoring backup for tenant target_Q7ydM: Backup tenant ID 
(source_xpknZMvMXr) does not match target tenant ID 
(target_Q7ydM) {
        "stack": "Error: Backup tenant ID 
(source_xpknZMvMXr) does not match target tenant ID 
(target_Q7ydM)\n    at BackupService.restoreBackup (D:\\Work
\\HR-SM\\server\\modules\\hr-core\\backup\\services\\backupS
ervice.js:96:23)\n    at restoreBackup (D:\\Work\\HR-SM\\ser
ver\\testing\\modules\\hr-core\\backupIsolation.property.tes
t.js:689:45)\n    at AsyncProperty.p [as predicate] (D:\\Wor
k\\HR-SM\\node_modules\\fast-check\\lib\\check\\property\\As
yncProperty.js:14:59)\n    at AsyncProperty.predicate [as 
run] (D:\\Work\\HR-SM\\node_modules\\fast-check\\lib\\check\
\property\\AsyncProperty.generic.js:43:39)\n    at run (D:\\
Work\\HR-SM\\node_modules\\fast-check\\lib\\check\\runner\\R
unner.js:24:36)\n    at processTicksAndRejections 
(node:internal/process/task_queues:105:5)\n    at 
Object.<anonymous> (D:\\Work\\HR-SM\\server\\testing\\module
s\\hr-core\\backupIsolation.property.test.js:651:9)"
      }

      at Console.write [as log] (node_modules/winston/lib/wi
nston/transports/console.js:87:23)

    console.log
      2025-12-22 13:26:24 [[31merror[39m]: Error 
restoring backup for tenant target_G: Backup tenant ID 
(source_i8zox) does not match target tenant ID (target_G) {
        "stack": "Error: Backup tenant ID (source_i8zox) 
does not match target tenant ID (target_G)\n    at 
BackupService.restoreBackup (D:\\Work\\HR-SM\\server\\module
s\\hr-core\\backup\\services\\backupService.js:96:23)\n    
at restoreBackup (D:\\Work\\HR-SM\\server\\testing\\modules\
\hr-core\\backupIsolation.property.test.js:689:45)\n    at 
AsyncProperty.p [as predicate] (D:\\Work\\HR-SM\\node_module
s\\fast-check\\lib\\check\\property\\AsyncProperty.js:14:59)
\n    at AsyncProperty.predicate [as run] (D:\\Work\\HR-SM\\
node_modules\\fast-check\\lib\\check\\property\\AsyncPropert
y.generic.js:43:39)\n    at run (D:\\Work\\HR-SM\\node_modul
es\\fast-check\\lib\\check\\runner\\Runner.js:24:36)\n    
at processTicksAndRejections 
(node:internal/process/task_queues:105:5)\n    at 
Object.<anonymous> (D:\\Work\\HR-SM\\server\\testing\\module
s\\hr-core\\backupIsolation.property.test.js:651:9)"
      }

      at Console.write [as log] (node_modules/winston/lib/wi
nston/transports/console.js:87:23)

    console.log
      2025-12-22 13:26:24 [[31merror[39m]: Error 
restoring backup for tenant target_VcT: Backup tenant ID 
(source_JgcXaXymLnU) does not match target tenant ID 
(target_VcT) {
        "stack": "Error: Backup tenant ID 
(source_JgcXaXymLnU) does not match target tenant ID 
(target_VcT)\n    at BackupService.restoreBackup (D:\\Work\\
HR-SM\\server\\modules\\hr-core\\backup\\services\\backupSer
vice.js:96:23)\n    at restoreBackup (D:\\Work\\HR-SM\\serve
r\\testing\\modules\\hr-core\\backupIsolation.property.test.
js:689:45)\n    at AsyncProperty.p [as predicate] (D:\\Work\
\HR-SM\\node_modules\\fast-check\\lib\\check\\property\\Asyn
cProperty.js:14:59)\n    at AsyncProperty.predicate [as 
run] (D:\\Work\\HR-SM\\node_modules\\fast-check\\lib\\check\
\property\\AsyncProperty.generic.js:43:39)\n    at run (D:\\
Work\\HR-SM\\node_modules\\fast-check\\lib\\check\\runner\\R
unner.js:24:36)\n    at processTicksAndRejections 
(node:internal/process/task_queues:105:5)\n    at 
Object.<anonymous> (D:\\Work\\HR-SM\\server\\testing\\module
s\\hr-core\\backupIsolation.property.test.js:651:9)"
      }

      at Console.write [as log] (node_modules/winston/lib/wi
nston/transports/console.js:87:23)

    console.log
      2025-12-22 13:26:24 [[31merror[39m]: Error 
restoring backup for tenant target_caller: Backup tenant ID 
(source_gYuwH3p) does not match target tenant ID 
(target_caller) {
        "stack": "Error: Backup tenant ID (source_gYuwH3p) 
does not match target tenant ID (target_caller)\n    at 
BackupService.restoreBackup (D:\\Work\\HR-SM\\server\\module
s\\hr-core\\backup\\services\\backupService.js:96:23)\n    
at restoreBackup (D:\\Work\\HR-SM\\server\\testing\\modules\
\hr-core\\backupIsolation.property.test.js:689:45)\n    at 
AsyncProperty.p [as predicate] (D:\\Work\\HR-SM\\node_module
s\\fast-check\\lib\\check\\property\\AsyncProperty.js:14:59)
\n    at AsyncProperty.predicate [as run] (D:\\Work\\HR-SM\\
node_modules\\fast-check\\lib\\check\\property\\AsyncPropert
y.generic.js:43:39)\n    at run (D:\\Work\\HR-SM\\node_modul
es\\fast-check\\lib\\check\\runner\\Runner.js:24:36)\n    
at processTicksAndRejections 
(node:internal/process/task_queues:105:5)\n    at 
Object.<anonymous> (D:\\Work\\HR-SM\\server\\testing\\module
s\\hr-core\\backupIsolation.property.test.js:651:9)"
      }

      at Console.write [as log] (node_modules/winston/lib/wi
nston/transports/console.js:87:23)

    console.log
      2025-12-22 13:26:24 [[31merror[39m]: Error 
restoring backup for tenant target_orUmdefineSette: Backup 
tenant ID (source_sjHb4hxPOz) does not match target tenant 
ID (target_orUmdefineSette) {
        "stack": "Error: Backup tenant ID 
(source_sjHb4hxPOz) does not match target tenant ID 
(target_orUmdefineSette)\n    at 
BackupService.restoreBackup (D:\\Work\\HR-SM\\server\\module
s\\hr-core\\backup\\services\\backupService.js:96:23)\n    
at restoreBackup (D:\\Work\\HR-SM\\server\\testing\\modules\
\hr-core\\backupIsolation.property.test.js:689:45)\n    at 
AsyncProperty.p [as predicate] (D:\\Work\\HR-SM\\node_module
s\\fast-check\\lib\\check\\property\\AsyncProperty.js:14:59)
\n    at AsyncProperty.predicate [as run] (D:\\Work\\HR-SM\\
node_modules\\fast-check\\lib\\check\\property\\AsyncPropert
y.generic.js:43:39)\n    at run (D:\\Work\\HR-SM\\node_modul
es\\fast-check\\lib\\check\\runner\\Runner.js:24:36)\n    
at processTicksAndRejections 
(node:internal/process/task_queues:105:5)\n    at 
Object.<anonymous> (D:\\Work\\HR-SM\\server\\testing\\module
s\\hr-core\\backupIsolation.property.test.js:651:9)"
      }

      at Console.write [as log] (node_modules/winston/lib/wi
nston/transports/console.js:87:23)

    console.log
      2025-12-22 13:26:24 [[31merror[39m]: Error 
restoring backup for tenant target_3mQMA: Backup tenant ID 
(source_rlDOu2jpF3k8) does not match target tenant ID 
(target_3mQMA) {
        "stack": "Error: Backup tenant ID 
(source_rlDOu2jpF3k8) does not match target tenant ID 
(target_3mQMA)\n    at BackupService.restoreBackup (D:\\Work
\\HR-SM\\server\\modules\\hr-core\\backup\\services\\backupS
ervice.js:96:23)\n    at restoreBackup (D:\\Work\\HR-SM\\ser
ver\\testing\\modules\\hr-core\\backupIsolation.property.tes
t.js:689:45)\n    at AsyncProperty.p [as predicate] (D:\\Wor
k\\HR-SM\\node_modules\\fast-check\\lib\\check\\property\\As
yncProperty.js:14:59)\n    at AsyncProperty.predicate [as 
run] (D:\\Work\\HR-SM\\node_modules\\fast-check\\lib\\check\
\property\\AsyncProperty.generic.js:43:39)\n    at run (D:\\
Work\\HR-SM\\node_modules\\fast-check\\lib\\check\\runner\\R
unner.js:24:36)\n    at processTicksAndRejections 
(node:internal/process/task_queues:105:5)\n    at 
Object.<anonymous> (D:\\Work\\HR-SM\\server\\testing\\module
s\\hr-core\\backupIsolation.property.test.js:651:9)"
      }

      at Console.write [as log] (node_modules/winston/lib/wi
nston/transports/console.js:87:23)

    console.log
      2025-12-22 13:26:24 [[31merror[39m]: Error 
restoring backup for tenant target_eWF2q: Backup tenant ID 
(source_yGVmjcR) does not match target tenant ID 
(target_eWF2q) {
        "stack": "Error: Backup tenant ID (source_yGVmjcR) 
does not match target tenant ID (target_eWF2q)\n    at 
BackupService.restoreBackup (D:\\Work\\HR-SM\\server\\module
s\\hr-core\\backup\\services\\backupService.js:96:23)\n    
at restoreBackup (D:\\Work\\HR-SM\\server\\testing\\modules\
\hr-core\\backupIsolation.property.test.js:689:45)\n    at 
AsyncProperty.p [as predicate] (D:\\Work\\HR-SM\\node_module
s\\fast-check\\lib\\check\\property\\AsyncProperty.js:14:59)
\n    at AsyncProperty.predicate [as run] (D:\\Work\\HR-SM\\
node_modules\\fast-check\\lib\\check\\property\\AsyncPropert
y.generic.js:43:39)\n    at run (D:\\Work\\HR-SM\\node_modul
es\\fast-check\\lib\\check\\runner\\Runner.js:24:36)\n    
at processTicksAndRejections 
(node:internal/process/task_queues:105:5)\n    at 
Object.<anonymous> (D:\\Work\\HR-SM\\server\\testing\\module
s\\hr-core\\backupIsolation.property.test.js:651:9)"
      }

      at Console.write [as log] (node_modules/winston/lib/wi
nston/transports/console.js:87:23)

    console.log
      2025-12-22 13:26:24 [[31merror[39m]: Error 
restoring backup for tenant target_9HJlzLSs: Backup tenant 
ID (source_E53AArg3CrkPPLgv) does not match target tenant 
ID (target_9HJlzLSs) {
        "stack": "Error: Backup tenant ID 
(source_E53AArg3CrkPPLgv) does not match target tenant ID 
(target_9HJlzLSs)\n    at BackupService.restoreBackup (D:\\W
ork\\HR-SM\\server\\modules\\hr-core\\backup\\services\\back
upService.js:96:23)\n    at restoreBackup (D:\\Work\\HR-SM\\
server\\testing\\modules\\hr-core\\backupIsolation.property.
test.js:689:45)\n    at AsyncProperty.p [as predicate] (D:\\
Work\\HR-SM\\node_modules\\fast-check\\lib\\check\\property\
\AsyncProperty.js:14:59)\n    at AsyncProperty.predicate 
[as run] (D:\\Work\\HR-SM\\node_modules\\fast-check\\lib\\ch
eck\\property\\AsyncProperty.generic.js:43:39)\n    at run (
D:\\Work\\HR-SM\\node_modules\\fast-check\\lib\\check\\runne
r\\Runner.js:24:36)\n    at processTicksAndRejections 
(node:internal/process/task_queues:105:5)\n    at 
Object.<anonymous> (D:\\Work\\HR-SM\\server\\testing\\module
s\\hr-core\\backupIsolation.property.test.js:651:9)"
      }

      at Console.write [as log] (node_modules/winston/lib/wi
nston/transports/console.js:87:23)

    console.log
      2025-12-22 13:26:24 [[31merror[39m]: Error 
restoring backup for tenant target_SaTX: Backup tenant ID 
(source_wQj) does not match target tenant ID (target_SaTX) {
        "stack": "Error: Backup tenant ID (source_wQj) does 
not match target tenant ID (target_SaTX)\n    at 
BackupService.restoreBackup (D:\\Work\\HR-SM\\server\\module
s\\hr-core\\backup\\services\\backupService.js:96:23)\n    
at restoreBackup (D:\\Work\\HR-SM\\server\\testing\\modules\
\hr-core\\backupIsolation.property.test.js:689:45)\n    at 
AsyncProperty.p [as predicate] (D:\\Work\\HR-SM\\node_module
s\\fast-check\\lib\\check\\property\\AsyncProperty.js:14:59)
\n    at AsyncProperty.predicate [as run] (D:\\Work\\HR-SM\\
node_modules\\fast-check\\lib\\check\\property\\AsyncPropert
y.generic.js:43:39)\n    at run (D:\\Work\\HR-SM\\node_modul
es\\fast-check\\lib\\check\\runner\\Runner.js:24:36)\n    
at processTicksAndRejections 
(node:internal/process/task_queues:105:5)\n    at 
Object.<anonymous> (D:\\Work\\HR-SM\\server\\testing\\module
s\\hr-core\\backupIsolation.property.test.js:651:9)"
      }

      at Console.write [as log] (node_modules/winston/lib/wi
nston/transports/console.js:87:23)

    console.log
      2025-12-22 13:26:24 [[31merror[39m]: Error 
restoring backup for tenant target_CNFNmvtQMk: Backup 
tenant ID (source_GZW8QQUpo) does not match target tenant 
ID (target_CNFNmvtQMk) {
        "stack": "Error: Backup tenant ID 
(source_GZW8QQUpo) does not match target tenant ID 
(target_CNFNmvtQMk)\n    at BackupService.restoreBackup (D:\
\Work\\HR-SM\\server\\modules\\hr-core\\backup\\services\\ba
ckupService.js:96:23)\n    at restoreBackup (D:\\Work\\HR-SM
\\server\\testing\\modules\\hr-core\\backupIsolation.propert
y.test.js:689:45)\n    at AsyncProperty.p [as predicate] (D:
\\Work\\HR-SM\\node_modules\\fast-check\\lib\\check\\propert
y\\AsyncProperty.js:14:59)\n    at AsyncProperty.predicate 
[as run] (D:\\Work\\HR-SM\\node_modules\\fast-check\\lib\\ch
eck\\property\\AsyncProperty.generic.js:43:39)\n    at run (
D:\\Work\\HR-SM\\node_modules\\fast-check\\lib\\check\\runne
r\\Runner.js:24:36)\n    at processTicksAndRejections 
(node:internal/process/task_queues:105:5)\n    at 
Object.<anonymous> (D:\\Work\\HR-SM\\server\\testing\\module
s\\hr-core\\backupIsolation.property.test.js:651:9)"
      }

      at Console.write [as log] (node_modules/winston/lib/wi
nston/transports/console.js:87:23)

    console.log
      2025-12-22 13:26:24 [[31merror[39m]: Error 
restoring backup for tenant target_hJJXsQDX0UF: Backup 
tenant ID (source_BbuD7CyVGqD2HqoW) does not match target 
tenant ID (target_hJJXsQDX0UF) {
        "stack": "Error: Backup tenant ID 
(source_BbuD7CyVGqD2HqoW) does not match target tenant ID 
(target_hJJXsQDX0UF)\n    at BackupService.restoreBackup (D:
\\Work\\HR-SM\\server\\modules\\hr-core\\backup\\services\\b
ackupService.js:96:23)\n    at restoreBackup (D:\\Work\\HR-S
M\\server\\testing\\modules\\hr-core\\backupIsolation.proper
ty.test.js:689:45)\n    at AsyncProperty.p [as predicate] (D
:\\Work\\HR-SM\\node_modules\\fast-check\\lib\\check\\proper
ty\\AsyncProperty.js:14:59)\n    at AsyncProperty.predicate 
[as run] (D:\\Work\\HR-SM\\node_modules\\fast-check\\lib\\ch
eck\\property\\AsyncProperty.generic.js:43:39)\n    at run (
D:\\Work\\HR-SM\\node_modules\\fast-check\\lib\\check\\runne
r\\Runner.js:24:36)\n    at processTicksAndRejections 
(node:internal/process/task_queues:105:5)\n    at 
Object.<anonymous> (D:\\Work\\HR-SM\\server\\testing\\module
s\\hr-core\\backupIsolation.property.test.js:651:9)"
      }

      at Console.write [as log] (node_modules/winston/lib/wi
nston/transports/console.js:87:23)

    console.log
      2025-12-22 13:26:24 [[31merror[39m]: Error 
restoring backup for tenant target_ae5T1gF9q: Backup tenant 
ID (source_aXEL5) does not match target tenant ID 
(target_ae5T1gF9q) {
        "stack": "Error: Backup tenant ID (source_aXEL5) 
does not match target tenant ID (target_ae5T1gF9q)\n    at 
BackupService.restoreBackup (D:\\Work\\HR-SM\\server\\module
s\\hr-core\\backup\\services\\backupService.js:96:23)\n    
at restoreBackup (D:\\Work\\HR-SM\\server\\testing\\modules\
\hr-core\\backupIsolation.property.test.js:689:45)\n    at 
AsyncProperty.p [as predicate] (D:\\Work\\HR-SM\\node_module
s\\fast-check\\lib\\check\\property\\AsyncProperty.js:14:59)
\n    at AsyncProperty.predicate [as run] (D:\\Work\\HR-SM\\
node_modules\\fast-check\\lib\\check\\property\\AsyncPropert
y.generic.js:43:39)\n    at run (D:\\Work\\HR-SM\\node_modul
es\\fast-check\\lib\\check\\runner\\Runner.js:24:36)\n    
at processTicksAndRejections 
(node:internal/process/task_queues:105:5)\n    at 
Object.<anonymous> (D:\\Work\\HR-SM\\server\\testing\\module
s\\hr-core\\backupIsolation.property.test.js:651:9)"
      }

      at Console.write [as log] (node_modules/winston/lib/wi
nston/transports/console.js:87:23)

    console.log
      2025-12-22 13:26:24 [[31merror[39m]: Error 
restoring backup for tenant target_jx3cyDyN: Backup tenant 
ID (source_YYr8xwf) does not match target tenant ID 
(target_jx3cyDyN) {
        "stack": "Error: Backup tenant ID (source_YYr8xwf) 
does not match target tenant ID (target_jx3cyDyN)\n    at 
BackupService.restoreBackup (D:\\Work\\HR-SM\\server\\module
s\\hr-core\\backup\\services\\backupService.js:96:23)\n    
at restoreBackup (D:\\Work\\HR-SM\\server\\testing\\modules\
\hr-core\\backupIsolation.property.test.js:689:45)\n    at 
AsyncProperty.p [as predicate] (D:\\Work\\HR-SM\\node_module
s\\fast-check\\lib\\check\\property\\AsyncProperty.js:14:59)
\n    at AsyncProperty.predicate [as run] (D:\\Work\\HR-SM\\
node_modules\\fast-check\\lib\\check\\property\\AsyncPropert
y.generic.js:43:39)\n    at run (D:\\Work\\HR-SM\\node_modul
es\\fast-check\\lib\\check\\runner\\Runner.js:24:36)\n    
at processTicksAndRejections 
(node:internal/process/task_queues:105:5)\n    at 
Object.<anonymous> (D:\\Work\\HR-SM\\server\\testing\\module
s\\hr-core\\backupIsolation.property.test.js:651:9)"
      }

      at Console.write [as log] (node_modules/winston/lib/wi
nston/transports/console.js:87:23)

    console.log
      2025-12-22 13:26:24 [[31merror[39m]: Error 
restoring backup for tenant target_Dpro: Backup tenant ID 
(source_zxaz4Aclyyr) does not match target tenant ID 
(target_Dpro) {
        "stack": "Error: Backup tenant ID 
(source_zxaz4Aclyyr) does not match target tenant ID 
(target_Dpro)\n    at BackupService.restoreBackup (D:\\Work\
\HR-SM\\server\\modules\\hr-core\\backup\\services\\backupSe
rvice.js:96:23)\n    at restoreBackup (D:\\Work\\HR-SM\\serv
er\\testing\\modules\\hr-core\\backupIsolation.property.test
.js:689:45)\n    at AsyncProperty.p [as predicate] (D:\\Work
\\HR-SM\\node_modules\\fast-check\\lib\\check\\property\\Asy
ncProperty.js:14:59)\n    at AsyncProperty.predicate [as 
run] (D:\\Work\\HR-SM\\node_modules\\fast-check\\lib\\check\
\property\\AsyncProperty.generic.js:43:39)\n    at run (D:\\
Work\\HR-SM\\node_modules\\fast-check\\lib\\check\\runner\\R
unner.js:24:36)\n    at processTicksAndRejections 
(node:internal/process/task_queues:105:5)\n    at 
Object.<anonymous> (D:\\Work\\HR-SM\\server\\testing\\module
s\\hr-core\\backupIsolation.property.test.js:651:9)"
      }

      at Console.write [as log] (node_modules/winston/lib/wi
nston/transports/console.js:87:23)

    console.log
      2025-12-22 13:26:24 [[31merror[39m]: Error 
restoring backup for tenant target_GKw6OhafWLRA: Backup 
tenant ID (source_gCLYYQk5) does not match target tenant ID 
(target_GKw6OhafWLRA) {
        "stack": "Error: Backup tenant ID (source_gCLYYQk5) 
does not match target tenant ID (target_GKw6OhafWLRA)\n    
at BackupService.restoreBackup (D:\\Work\\HR-SM\\server\\mod
ules\\hr-core\\backup\\services\\backupService.js:96:23)\n  
  at restoreBackup (D:\\Work\\HR-SM\\server\\testing\\module
s\\hr-core\\backupIsolation.property.test.js:689:45)\n    
at AsyncProperty.p [as predicate] (D:\\Work\\HR-SM\\node_mod
ules\\fast-check\\lib\\check\\property\\AsyncProperty.js:14:
59)\n    at AsyncProperty.predicate [as run] (D:\\Work\\HR-S
M\\node_modules\\fast-check\\lib\\check\\property\\AsyncProp
erty.generic.js:43:39)\n    at run (D:\\Work\\HR-SM\\node_mo
dules\\fast-check\\lib\\check\\runner\\Runner.js:24:36)\n   
 at processTicksAndRejections 
(node:internal/process/task_queues:105:5)\n    at 
Object.<anonymous> (D:\\Work\\HR-SM\\server\\testing\\module
s\\hr-core\\backupIsolation.property.test.js:651:9)"
      }

      at Console.write [as log] (node_modules/winston/lib/wi
nston/transports/console.js:87:23)

    console.log
      2025-12-22 13:26:24 [[31merror[39m]: Error 
restoring backup for tenant target_wNHJ4ZD1Ax4oqO: Backup 
tenant ID (source_ebiM3) does not match target tenant ID 
(target_wNHJ4ZD1Ax4oqO) {
        "stack": "Error: Backup tenant ID (source_ebiM3) 
does not match target tenant ID (target_wNHJ4ZD1Ax4oqO)\n   
 at BackupService.restoreBackup (D:\\Work\\HR-SM\\server\\mo
dules\\hr-core\\backup\\services\\backupService.js:96:23)\n 
   at restoreBackup (D:\\Work\\HR-SM\\server\\testing\\modul
es\\hr-core\\backupIsolation.property.test.js:689:45)\n    
at AsyncProperty.p [as predicate] (D:\\Work\\HR-SM\\node_mod
ules\\fast-check\\lib\\check\\property\\AsyncProperty.js:14:
59)\n    at AsyncProperty.predicate [as run] (D:\\Work\\HR-S
M\\node_modules\\fast-check\\lib\\check\\property\\AsyncProp
erty.generic.js:43:39)\n    at run (D:\\Work\\HR-SM\\node_mo
dules\\fast-check\\lib\\check\\runner\\Runner.js:24:36)\n   
 at processTicksAndRejections 
(node:internal/process/task_queues:105:5)\n    at 
Object.<anonymous> (D:\\Work\\HR-SM\\server\\testing\\module
s\\hr-core\\backupIsolation.property.test.js:651:9)"
      }

      at Console.write [as log] (node_modules/winston/lib/wi
nston/transports/console.js:87:23)

    console.log
      2025-12-22 13:26:24 [[31merror[39m]: Error 
restoring backup for tenant target_VUAh: Backup tenant ID 
(source_zPGruc) does not match target tenant ID 
(target_VUAh) {
        "stack": "Error: Backup tenant ID (source_zPGruc) 
does not match target tenant ID (target_VUAh)\n    at 
BackupService.restoreBackup (D:\\Work\\HR-SM\\server\\module
s\\hr-core\\backup\\services\\backupService.js:96:23)\n    
at restoreBackup (D:\\Work\\HR-SM\\server\\testing\\modules\
\hr-core\\backupIsolation.property.test.js:689:45)\n    at 
AsyncProperty.p [as predicate] (D:\\Work\\HR-SM\\node_module
s\\fast-check\\lib\\check\\property\\AsyncProperty.js:14:59)
\n    at AsyncProperty.predicate [as run] (D:\\Work\\HR-SM\\
node_modules\\fast-check\\lib\\check\\property\\AsyncPropert
y.generic.js:43:39)\n    at run (D:\\Work\\HR-SM\\node_modul
es\\fast-check\\lib\\check\\runner\\Runner.js:24:36)\n    
at processTicksAndRejections 
(node:internal/process/task_queues:105:5)\n    at 
Object.<anonymous> (D:\\Work\\HR-SM\\server\\testing\\module
s\\hr-core\\backupIsolation.property.test.js:651:9)"
      }

      at Console.write [as log] (node_modules/winston/lib/wi
nston/transports/console.js:87:23)

    console.log
      2025-12-22 13:26:24 [[31merror[39m]: Error 
restoring backup for tenant target_3WrBB: Backup tenant ID 
(source_3yK3FXs4y0ot3q) does not match target tenant ID 
(target_3WrBB) {
        "stack": "Error: Backup tenant ID 
(source_3yK3FXs4y0ot3q) does not match target tenant ID 
(target_3WrBB)\n    at BackupService.restoreBackup (D:\\Work
\\HR-SM\\server\\modules\\hr-core\\backup\\services\\backupS
ervice.js:96:23)\n    at restoreBackup (D:\\Work\\HR-SM\\ser
ver\\testing\\modules\\hr-core\\backupIsolation.property.tes
t.js:689:45)\n    at AsyncProperty.p [as predicate] (D:\\Wor
k\\HR-SM\\node_modules\\fast-check\\lib\\check\\property\\As
yncProperty.js:14:59)\n    at AsyncProperty.predicate [as 
run] (D:\\Work\\HR-SM\\node_modules\\fast-check\\lib\\check\
\property\\AsyncProperty.generic.js:43:39)\n    at run (D:\\
Work\\HR-SM\\node_modules\\fast-check\\lib\\check\\runner\\R
unner.js:24:36)\n    at processTicksAndRejections 
(node:internal/process/task_queues:105:5)\n    at 
Object.<anonymous> (D:\\Work\\HR-SM\\server\\testing\\module
s\\hr-core\\backupIsolation.property.test.js:651:9)"
      }

      at Console.write [as log] (node_modules/winston/lib/wi
nston/transports/console.js:87:23)

    console.log
      2025-12-22 13:26:24 [[31merror[39m]: Error 
restoring backup for tenant target_sc0t: Backup tenant ID 
(source_p67n8) does not match target tenant ID 
(target_sc0t) {
        "stack": "Error: Backup tenant ID (source_p67n8) 
does not match target tenant ID (target_sc0t)\n    at 
BackupService.restoreBackup (D:\\Work\\HR-SM\\server\\module
s\\hr-core\\backup\\services\\backupService.js:96:23)\n    
at restoreBackup (D:\\Work\\HR-SM\\server\\testing\\modules\
\hr-core\\backupIsolation.property.test.js:689:45)\n    at 
AsyncProperty.p [as predicate] (D:\\Work\\HR-SM\\node_module
s\\fast-check\\lib\\check\\property\\AsyncProperty.js:14:59)
\n    at AsyncProperty.predicate [as run] (D:\\Work\\HR-SM\\
node_modules\\fast-check\\lib\\check\\property\\AsyncPropert
y.generic.js:43:39)\n    at run (D:\\Work\\HR-SM\\node_modul
es\\fast-check\\lib\\check\\runner\\Runner.js:24:36)\n    
at processTicksAndRejections 
(node:internal/process/task_queues:105:5)\n    at 
Object.<anonymous> (D:\\Work\\HR-SM\\server\\testing\\module
s\\hr-core\\backupIsolation.property.test.js:651:9)"
      }

      at Console.write [as log] (node_modules/winston/lib/wi
nston/transports/console.js:87:23)

    console.log
      2025-12-22 13:26:24 [[31merror[39m]: Error 
restoring backup for tenant target_oztW6Vp: Backup tenant 
ID (source_HH7U) does not match target tenant ID 
(target_oztW6Vp) {
        "stack": "Error: Backup tenant ID (source_HH7U) 
does not match target tenant ID (target_oztW6Vp)\n    at 
BackupService.restoreBackup (D:\\Work\\HR-SM\\server\\module
s\\hr-core\\backup\\services\\backupService.js:96:23)\n    
at restoreBackup (D:\\Work\\HR-SM\\server\\testing\\modules\
\hr-core\\backupIsolation.property.test.js:689:45)\n    at 
AsyncProperty.p [as predicate] (D:\\Work\\HR-SM\\node_module
s\\fast-check\\lib\\check\\property\\AsyncProperty.js:14:59)
\n    at AsyncProperty.predicate [as run] (D:\\Work\\HR-SM\\
node_modules\\fast-check\\lib\\check\\property\\AsyncPropert
y.generic.js:43:39)\n    at run (D:\\Work\\HR-SM\\node_modul
es\\fast-check\\lib\\check\\runner\\Runner.js:24:36)\n    
at processTicksAndRejections 
(node:internal/process/task_queues:105:5)\n    at 
Object.<anonymous> (D:\\Work\\HR-SM\\server\\testing\\module
s\\hr-core\\backupIsolation.property.test.js:651:9)"
      }

      at Console.write [as log] (node_modules/winston/lib/wi
nston/transports/console.js:87:23)

PASS 
server/testing/services/licenseValidator.property.test.js 
(26.402 s)
PASS server/testing/services/subscriptionExpirationHandling.
property.test.js (28.777 s)
PASS server/testing/modules/email-service/emailServiceIntegr
ation.test.js (19.823 s)
  ΓùÅ Console

    console.log
      Processing vacation approval for request 
69492ae502a320bab6a05c55

      at RequestService.log [as handleVacationApproval] (ser
ver/modules/hr-core/requests/services/requestService.js:179:
13)

    console.log
      Processing mission approval for request 
69492ae602a320bab6a05c68

      at RequestService.log [as handleMissionApproval] (serv
er/modules/hr-core/requests/services/requestService.js:191:1
3)

    console.log
      Processing permission approval for request 
69492ae802a320bab6a05c92

      at RequestService.log [as handlePermissionApproval] (s
erver/modules/hr-core/requests/services/requestService.js:21
5:13)

    console.log
      2025-12-22 13:26:36 [[31merror[39m]: [HR-Core] 
Error sending overtime request notification: SMTP server 
unavailable {
        "stack": "Error: SMTP server unavailable\n    at 
Object.<anonymous> (D:\\Work\\HR-SM\\server\\testing\\module
s\\email-service\\emailServiceIntegration.test.js:395:9)\n  
  at Promise.finally.completed (D:\\Work\\HR-SM\\node_module
s\\jest-circus\\build\\jestAdapterInit.js:1557:28)\n    at 
new Promise (<anonymous>)\n    at callAsyncCircusFn (D:\\Wor
k\\HR-SM\\node_modules\\jest-circus\\build\\jestAdapterInit.
js:1497:10)\n    at _callCircusTest (D:\\Work\\HR-SM\\node_m
odules\\jest-circus\\build\\jestAdapterInit.js:1007:40)\n   
 at processTicksAndRejections 
(node:internal/process/task_queues:105:5)\n    at _runTest (
D:\\Work\\HR-SM\\node_modules\\jest-circus\\build\\jestAdapt
erInit.js:947:3)\n    at D:\\Work\\HR-SM\\node_modules\\jest
-circus\\build\\jestAdapterInit.js:849:7\n    at 
_runTestsForDescribeBlock (D:\\Work\\HR-SM\\node_modules\\je
st-circus\\build\\jestAdapterInit.js:862:11)\n    at 
_runTestsForDescribeBlock (D:\\Work\\HR-SM\\node_modules\\je
st-circus\\build\\jestAdapterInit.js:857:11)\n    at 
_runTestsForDescribeBlock (D:\\Work\\HR-SM\\node_modules\\je
st-circus\\build\\jestAdapterInit.js:857:11)\n    at run (D:
\\Work\\HR-SM\\node_modules\\jest-circus\\build\\jestAdapter
Init.js:761:3)\n    at runAndTransformResultsToJestFormat (D
:\\Work\\HR-SM\\node_modules\\jest-circus\\build\\jestAdapte
rInit.js:1918:21)\n    at jestAdapter (D:\\Work\\HR-SM\\node
_modules\\jest-circus\\build\\runner.js:103:25)\n    at 
runTestInternal (D:\\Work\\HR-SM\\node_modules\\jest-runner\
\build\\testWorker.js:275:16)\n    at runTest (D:\\Work\\HR-
SM\\node_modules\\jest-runner\\build\\testWorker.js:343:7)\n
    at Object.worker (D:\\Work\\HR-SM\\node_modules\\jest-ru
nner\\build\\testWorker.js:497:12)"
      }

      at Console.write [as log] (node_modules/winston/lib/wi
nston/transports/console.js:87:23)

    console.log
      Processing vacation approval for request 
69492af402a320bab6a05d37

      at RequestService.log [as handleVacationApproval] (ser
ver/modules/hr-core/requests/services/requestService.js:179:
13)

    console.log
      Processing overtime approval for request 
69492af502a320bab6a05d48

      at RequestService.log [as handleOvertimeApproval] (ser
ver/modules/hr-core/requests/services/requestService.js:166:
13)

    console.log
      2025-12-22 13:26:45 [[31merror[39m]: [HR-Core] 
Error sending overtime request notification: Email server 
down {
        "stack": "Error: Email server down\n    at 
Object.<anonymous> (D:\\Work\\HR-SM\\server\\testing\\module
s\\email-service\\emailServiceIntegration.test.js:616:48)\n 
   at Promise.finally.completed (D:\\Work\\HR-SM\\node_modul
es\\jest-circus\\build\\jestAdapterInit.js:1557:28)\n    at 
new Promise (<anonymous>)\n    at callAsyncCircusFn (D:\\Wor
k\\HR-SM\\node_modules\\jest-circus\\build\\jestAdapterInit.
js:1497:10)\n    at _callCircusTest (D:\\Work\\HR-SM\\node_m
odules\\jest-circus\\build\\jestAdapterInit.js:1007:40)\n   
 at processTicksAndRejections 
(node:internal/process/task_queues:105:5)\n    at _runTest (
D:\\Work\\HR-SM\\node_modules\\jest-circus\\build\\jestAdapt
erInit.js:947:3)\n    at D:\\Work\\HR-SM\\node_modules\\jest
-circus\\build\\jestAdapterInit.js:849:7\n    at 
_runTestsForDescribeBlock (D:\\Work\\HR-SM\\node_modules\\je
st-circus\\build\\jestAdapterInit.js:862:11)\n    at 
_runTestsForDescribeBlock (D:\\Work\\HR-SM\\node_modules\\je
st-circus\\build\\jestAdapterInit.js:857:11)\n    at 
_runTestsForDescribeBlock (D:\\Work\\HR-SM\\node_modules\\je
st-circus\\build\\jestAdapterInit.js:857:11)\n    at run (D:
\\Work\\HR-SM\\node_modules\\jest-circus\\build\\jestAdapter
Init.js:761:3)\n    at runAndTransformResultsToJestFormat (D
:\\Work\\HR-SM\\node_modules\\jest-circus\\build\\jestAdapte
rInit.js:1918:21)\n    at jestAdapter (D:\\Work\\HR-SM\\node
_modules\\jest-circus\\build\\runner.js:103:25)\n    at 
runTestInternal (D:\\Work\\HR-SM\\node_modules\\jest-runner\
\build\\testWorker.js:275:16)\n    at runTest (D:\\Work\\HR-
SM\\node_modules\\jest-runner\\build\\testWorker.js:343:7)\n
    at Object.worker (D:\\Work\\HR-SM\\node_modules\\jest-ru
nner\\build\\testWorker.js:497:12)"
      }

      at Console.write [as log] (node_modules/winston/lib/wi
nston/transports/console.js:87:23)

PASS server/testing/services/violationHighPriorityLogging.pr
operty.test.js (24.742 s)
PASS server/testing/services/auditLogEntryCompleteness.prope
rty.test.js (15.046 s)
PASS 
server/testing/controllers/securityAudit.controller.test.js 
(17.066 s)
PASS server/testing/controllers/user.controller.test.js 
(17.005 s)
  ΓùÅ Console

    console.log
      ≡ƒöì Fetching users with query: { tenantId: 
'test_tenant_123' }

      at Module.log (server/modules/hr-core/users/controller
s/user.controller.js:63:17)

    console.log
      Γ£ô Found 1 users for tenant test_tenant_123

      at Module.log (server/modules/hr-core/users/controller
s/user.controller.js:75:17)

    console.log
      ≡ƒöì Fetching users with query: { tenantId: 
'test_tenant_123' }

      at Module.log (server/modules/hr-core/users/controller
s/user.controller.js:63:17)

    console.error
      Γ¥î Error fetching users: Error: Database error
          at Function.User.find (D:\Work\HR-SM\server\testin
g\controllers\user.controller.test.js:71:15)
          at Module.find (D:\Work\HR-SM\server\modules\hr-co
re\users\controllers\user.controller.js:65:34)
          at Object.getAllUsers (D:\Work\HR-SM\server\testin
g\controllers\user.controller.test.js:74:28)
          at Promise.finally.completed (D:\Work\HR-SM\node_m
odules\jest-circus\build\jestAdapterInit.js:1557:28)
          at new Promise (<anonymous>)
          at callAsyncCircusFn (D:\Work\HR-SM\node_modules\j
est-circus\build\jestAdapterInit.js:1497:10)
          at _callCircusTest (D:\Work\HR-SM\node_modules\jes
t-circus\build\jestAdapterInit.js:1007:40)
          at processTicksAndRejections 
(node:internal/process/task_queues:105:5)
          at _runTest (D:\Work\HR-SM\node_modules\jest-circu
s\build\jestAdapterInit.js:947:3)
          at D:\Work\HR-SM\node_modules\jest-circus\build\je
stAdapterInit.js:849:7
          at _runTestsForDescribeBlock (D:\Work\HR-SM\node_m
odules\jest-circus\build\jestAdapterInit.js:862:11)
          at _runTestsForDescribeBlock (D:\Work\HR-SM\node_m
odules\jest-circus\build\jestAdapterInit.js:857:11)
          at _runTestsForDescribeBlock (D:\Work\HR-SM\node_m
odules\jest-circus\build\jestAdapterInit.js:857:11)
          at run (D:\Work\HR-SM\node_modules\jest-circus\bui
ld\jestAdapterInit.js:761:3)
          at runAndTransformResultsToJestFormat (D:\Work\HR-
SM\node_modules\jest-circus\build\jestAdapterInit.js:1918:21
)
          at jestAdapter (D:\Work\HR-SM\node_modules\jest-ci
rcus\build\runner.js:103:25)
          at runTestInternal (D:\Work\HR-SM\node_modules\jes
t-runner\build\testWorker.js:275:16)
          at runTest (D:\Work\HR-SM\node_modules\jest-runner
\build\testWorker.js:343:7)
          at Object.worker (D:\Work\HR-SM\node_modules\jest-
runner\build\testWorker.js:497:12)

    [0m [90m 85 |[39m         res[33m.[39mjson(users[3
3m.[39mmap(sanitizeUser))[33m;[39m
     [90m 86 |[39m     } [36mcatch[39m (err) {
    [31m[1m>[22m[39m[90m 87 |[39m         
console[33m.[39merror([32m'Γ¥î Error fetching 
users:'[39m[33m,[39m err)[33m;[39m
     [90m    |[39m                 [31m[1m^[22m[39m
     [90m 88 |[39m         
logControllerError(req[33m,[39m err[33m,[39m {
     [90m 89 |[39m             controller[33m:[39m 
[32m'UserController'[39m[33m,[39m
     [90m 90 |[39m             action[33m:[39m 
[32m'getAllUsers'[39m[0m

      at Module.error (server/modules/hr-core/users/controll
ers/user.controller.js:87:17)
      at Object.getAllUsers 
(server/testing/controllers/user.controller.test.js:74:28)

    console.log
      ≡ƒöì Fetching user by ID with query: { _id: 
'69492afc2c498d8afa9cc73b', tenantId: 'test_tenant_123' }

      at Module.log (server/modules/hr-core/users/controller
s/user.controller.js:108:17)

    console.log
      Γ£ô Found user test@test.com for tenant 
test_tenant_123

      at Module.log (server/modules/hr-core/users/controller
s/user.controller.js:125:17)

    console.log
      ≡ƒöì Fetching user by ID with query: { _id: 
'69492afd2c498d8afa9cc74f', tenantId: 'test_tenant_123' }

      at Module.log (server/modules/hr-core/users/controller
s/user.controller.js:108:17)

    console.log
      Γ¥î User not found with ID 69492afd2c498d8afa9cc74f 
for tenant test_tenant_123

      at Module.log (server/modules/hr-core/users/controller
s/user.controller.js:121:21)

    console.log
      ≡ƒöì Fetching user by ID with query: { _id: 
'invalid-id', tenantId: 'test_tenant_123' }

      at Module.log (server/modules/hr-core/users/controller
s/user.controller.js:108:17)

    console.error
      Γ¥î Error fetching user by ID: CastError: Cast to 
ObjectId failed for value "invalid-id" (type string) at 
path "_id" for model "User"
          at SchemaObjectId.cast (D:\Work\HR-SM\node_modules
\mongoose\lib\schema\objectId.js:253:11)
          at SchemaObjectId.cast [as applySetters] (D:\Work\
HR-SM\node_modules\mongoose\lib\schemaType.js:1288:12)
          at SchemaObjectId.applySetters (D:\Work\HR-SM\node
_modules\mongoose\lib\schemaType.js:1724:17)
          at castForQuery 
(D:\Work\HR-SM\node_modules\mongoose\lib\cast.js:390:32)
          at model.Query.cast 
(D:\Work\HR-SM\node_modules\mongoose\lib\query.js:5060:12)
          at model.Query.cast [as _castConditions] 
(D:\Work\HR-SM\node_modules\mongoose\lib\query.js:2374:10)
          at model.Query._castConditions [as _findOne] 
(D:\Work\HR-SM\node_modules\mongoose\lib\query.js:2697:8)
          at model.Query.exec 
(D:\Work\HR-SM\node_modules\mongoose\lib\query.js:4627:80)
          at processTicksAndRejections 
(node:internal/process/task_queues:105:5)
          at Module.getUserById (D:\Work\HR-SM\server\module
s\hr-core\users\controllers\user.controller.js:110:22)
          at Object.<anonymous> (D:\Work\HR-SM\server\testin
g\controllers\user.controller.test.js:104:7) {
        stringValue: '"invalid-id"',
        messageFormat: undefined,
        kind: 'ObjectId',
        value: 'invalid-id',
        path: '_id',
        reason: BSONError: input must be a 24 character hex 
string, 12 byte Uint8Array, or an integer
            at new ObjectId 
(D:\Work\HR-SM\node_modules\bson\src\objectid.ts:120:15)
            at castObjectId (D:\Work\HR-SM\node_modules\mong
oose\lib\cast\objectid.js:25:12)
            at SchemaObjectId.castObjectId [as cast] (D:\Wor
k\HR-SM\node_modules\mongoose\lib\schema\objectId.js:251:12)
            at SchemaObjectId.cast [as applySetters] (D:\Wor
k\HR-SM\node_modules\mongoose\lib\schemaType.js:1288:12)
            at SchemaObjectId.applySetters (D:\Work\HR-SM\no
de_modules\mongoose\lib\schemaType.js:1724:17)
            at castForQuery 
(D:\Work\HR-SM\node_modules\mongoose\lib\cast.js:390:32)
            at model.Query.cast 
(D:\Work\HR-SM\node_modules\mongoose\lib\query.js:5060:12)
            at model.Query.cast [as _castConditions] 
(D:\Work\HR-SM\node_modules\mongoose\lib\query.js:2374:10)
            at model.Query._castConditions [as _findOne] 
(D:\Work\HR-SM\node_modules\mongoose\lib\query.js:2697:8)
            at model.Query.exec 
(D:\Work\HR-SM\node_modules\mongoose\lib\query.js:4627:80)
            at processTicksAndRejections 
(node:internal/process/task_queues:105:5)
            at Module.getUserById (D:\Work\HR-SM\server\modu
les\hr-core\users\controllers\user.controller.js:110:22)
            at Object.<anonymous> (D:\Work\HR-SM\server\test
ing\controllers\user.controller.test.js:104:7),
        valueType: 'string'
      }

    [0m [90m 126 |[39m         
res[33m.[39mjson(sanitizeUser(user))[33m;[39m
     [90m 127 |[39m     } [36mcatch[39m (err) {
    [31m[1m>[22m[39m[90m 128 |[39m         
console[33m.[39merror([32m'Γ¥î Error fetching user by 
ID:'[39m[33m,[39m err)[33m;[39m
     [90m     |[39m                 [31m[1m^[22m[39m
     [90m 129 |[39m         
res[33m.[39mstatus([35m500[39m)[33m.[39mjson({ 
error[33m:[39m err[33m.[39mmessage })[33m;[39m
     [90m 130 |[39m     }
     [90m 131 |[39m }[33m;[39m[0m

      at Module.error (server/modules/hr-core/users/controll
ers/user.controller.js:128:17)
      at Object.<anonymous> 
(server/testing/controllers/user.controller.test.js:104:7)

    console.log
      ≡ƒæñ Creating user with tenant context: { email: 
'new@test.com', tenantId: 'test_tenant_123' }

      at Module.log (server/modules/hr-core/users/controller
s/user.controller.js:167:17)

    console.log
      Γ£Å∩╕Å Updating user with query: { _id: 
'69492b012c498d8afa9cc7d4', tenantId: 'test_tenant_123' }

      at Module.log (server/modules/hr-core/users/controller
s/user.controller.js:234:17)

    console.log
      Γ£ô Updated user test@test.com for tenant 
test_tenant_123

      at Module.log (server/modules/hr-core/users/controller
s/user.controller.js:251:17)

    console.log
      Γ£Å∩╕Å Updating user with query: { _id: 
'69492b022c498d8afa9cc7e8', tenantId: 'test_tenant_123' }

      at Module.log (server/modules/hr-core/users/controller
s/user.controller.js:234:17)

    console.log
      Γ¥î User not found for update with ID 
69492b022c498d8afa9cc7e8 for tenant test_tenant_123

      at Module.log (server/modules/hr-core/users/controller
s/user.controller.js:247:21)

    console.log
      ≡ƒùæ∩╕Å Deleting user with query: { _id: 
'69492b042c498d8afa9cc816', tenantId: 'test_tenant_123' }

      at Module.log (server/modules/hr-core/users/controller
s/user.controller.js:277:17)

    console.log
      Γ£ô Deleted user test@test.com for tenant 
test_tenant_123

      at Module.log (server/modules/hr-core/users/controller
s/user.controller.js:285:17)

    console.log
      ≡ƒùæ∩╕Å Deleting user with query: { _id: 
'69492b052c498d8afa9cc829', tenantId: 'test_tenant_123' }

      at Module.log (server/modules/hr-core/users/controller
s/user.controller.js:277:17)

    console.log
      Γ¥î User not found for deletion with ID 
69492b052c498d8afa9cc829 for tenant test_tenant_123

      at Module.log (server/modules/hr-core/users/controller
s/user.controller.js:281:21)

    console.log
      ≡ƒùæ∩╕Å Deleting user with query: { _id: 
'invalid-id', tenantId: 'test_tenant_123' }

      at Module.log (server/modules/hr-core/users/controller
s/user.controller.js:277:17)

    console.error
      Γ¥î Error deleting user: CastError: Cast to ObjectId 
failed for value "invalid-id" (type string) at path "_id" 
for model "User"
          at SchemaObjectId.cast (D:\Work\HR-SM\node_modules
\mongoose\lib\schema\objectId.js:253:11)
          at SchemaObjectId.cast [as applySetters] (D:\Work\
HR-SM\node_modules\mongoose\lib\schemaType.js:1288:12)
          at SchemaObjectId.applySetters (D:\Work\HR-SM\node
_modules\mongoose\lib\schemaType.js:1724:17)
          at castForQuery 
(D:\Work\HR-SM\node_modules\mongoose\lib\cast.js:390:32)
          at model.Query.cast 
(D:\Work\HR-SM\node_modules\mongoose\lib\query.js:5060:12)
          at model.Query.cast [as _castConditions] 
(D:\Work\HR-SM\node_modules\mongoose\lib\query.js:2374:10)
          at model.Query._castConditions [as 
_findOneAndDelete] 
(D:\Work\HR-SM\node_modules\mongoose\lib\query.js:3616:8)
          at model.Query.exec 
(D:\Work\HR-SM\node_modules\mongoose\lib\query.js:4627:80)
          at processTicksAndRejections 
(node:internal/process/task_queues:105:5)
          at Module.deleteUser (D:\Work\HR-SM\server\modules
\hr-core\users\controllers\user.controller.js:279:22)
          at Object.<anonymous> (D:\Work\HR-SM\server\testin
g\controllers\user.controller.test.js:295:7) {
        stringValue: '"invalid-id"',
        messageFormat: undefined,
        kind: 'ObjectId',
        value: 'invalid-id',
        path: '_id',
        reason: BSONError: input must be a 24 character hex 
string, 12 byte Uint8Array, or an integer
            at new ObjectId 
(D:\Work\HR-SM\node_modules\bson\src\objectid.ts:120:15)
            at castObjectId (D:\Work\HR-SM\node_modules\mong
oose\lib\cast\objectid.js:25:12)
            at SchemaObjectId.castObjectId [as cast] (D:\Wor
k\HR-SM\node_modules\mongoose\lib\schema\objectId.js:251:12)
            at SchemaObjectId.cast [as applySetters] (D:\Wor
k\HR-SM\node_modules\mongoose\lib\schemaType.js:1288:12)
            at SchemaObjectId.applySetters (D:\Work\HR-SM\no
de_modules\mongoose\lib\schemaType.js:1724:17)
            at castForQuery 
(D:\Work\HR-SM\node_modules\mongoose\lib\cast.js:390:32)
            at model.Query.cast 
(D:\Work\HR-SM\node_modules\mongoose\lib\query.js:5060:12)
            at model.Query.cast [as _castConditions] 
(D:\Work\HR-SM\node_modules\mongoose\lib\query.js:2374:10)
            at model.Query._castConditions [as 
_findOneAndDelete] 
(D:\Work\HR-SM\node_modules\mongoose\lib\query.js:3616:8)
            at model.Query.exec 
(D:\Work\HR-SM\node_modules\mongoose\lib\query.js:4627:80)
            at processTicksAndRejections 
(node:internal/process/task_queues:105:5)
            at Module.deleteUser (D:\Work\HR-SM\server\modul
es\hr-core\users\controllers\user.controller.js:279:22)
            at Object.<anonymous> (D:\Work\HR-SM\server\test
ing\controllers\user.controller.test.js:295:7),
        valueType: 'string'
      }

    [0m [90m 286 |[39m         res[33m.[39mjson({ 
message[33m:[39m [32m'User deleted'[39m })[33m;[39m
     [90m 287 |[39m     } [36mcatch[39m (err) {
    [31m[1m>[22m[39m[90m 288 |[39m         
console[33m.[39merror([32m'Γ¥î Error deleting 
user:'[39m[33m,[39m err)[33m;[39m
     [90m     |[39m                 [31m[1m^[22m[39m
     [90m 289 |[39m         
res[33m.[39mstatus([35m500[39m)[33m.[39mjson({ 
error[33m:[39m err[33m.[39mmessage })[33m;[39m
     [90m 290 |[39m     }
     [90m 291 |[39m }[33m;[39m[0m

      at Module.error (server/modules/hr-core/users/controll
ers/user.controller.js:288:17)
      at Object.<anonymous> 
(server/testing/controllers/user.controller.test.js:295:7)

PASS server/testing/services/usageLimitCheckLogging.property
.test.js (17.215 s)
PASS server/testing/models/survey.model.test.js (16.363 s)
PASS server/testing/services/subscriptionModuleActivation.pr
operty.test.js (14.861 s)
PASS 
server/testing/controllers/mixedVacation.controller.test.js 
(14.995 s)
PASS server/testing/controllers/securitySettings.controller.
test.js (14.424 s)
PASS server/testing/services/expiredLicenseBlocking.property
.test.js (14.841 s)
PASS 
server/testing/controllers/permission.controller.test.js 
(10.341 s)
PASS server/testing/controllers/backupExecution.controller.t
est.js (11.938 s)
PASS server/testing/controllers/backup.controller.test.js 
(10.956 s)
PASS server/testing/core/tenantIsolation.property.test.js 
(200.853 s)
PASS server/testing/controllers/report.controller.test.js 
(14.524 s)
PASS 
server/testing/controllers/announcement.controller.test.js 
(9.22 s)
PASS server/testing/platform/tenantProvisioning.test.js 
(14.115 s)
PASS server/testing/services/coreHRAlwaysAccessible.property
.test.js (10.234 s)
  ΓùÅ Console

    console.log
      2025-12-22 13:28:02 [[31merror[39m]: Failed to log 
validation audit {
        "tenantId": "00000009-4cf7-6a21-8000-00137e705c31",
        "moduleKey": "hr-core",
        "success": true,
        "error": "LicenseAudit validation failed: tenantId: 
Cast to ObjectId failed for value 
\"00000009-4cf7-6a21-8000-00137e705c31\" (type string) at 
path \"tenantId\" because of \"BSONError\""
      }

      at Console.write [as log] (node_modules/winston/lib/wi
nston/transports/console.js:87:23)

    console.log
      2025-12-22 13:28:02 [[31merror[39m]: Failed to log 
validation audit {
        "tenantId": "d73c45d5-0011-1000-8147-a596ffffffee",
        "moduleKey": "hr-core",
        "success": true,
        "error": "LicenseAudit validation failed: tenantId: 
Cast to ObjectId failed for value 
\"d73c45d5-0011-1000-8147-a596ffffffee\" (type string) at 
path \"tenantId\" because of \"BSONError\""
      }

      at Console.write [as log] (node_modules/winston/lib/wi
nston/transports/console.js:87:23)

    console.log
      2025-12-22 13:28:02 [[31merror[39m]: Failed to log 
validation audit {
        "tenantId": "00000009-000b-1000-98b4-b9270000001f",
        "moduleKey": "hr-core",
        "success": true,
        "error": "LicenseAudit validation failed: tenantId: 
Cast to ObjectId failed for value 
\"00000009-000b-1000-98b4-b9270000001f\" (type string) at 
path \"tenantId\" because of \"BSONError\""
      }

      at Console.write [as log] (node_modules/winston/lib/wi
nston/transports/console.js:87:23)

    console.log
      2025-12-22 13:28:02 [[31merror[39m]: Failed to log 
validation audit {
        "tenantId": "1af6c3e9-c2fb-62e6-b260-9d06ffffffe4",
        "moduleKey": "hr-core",
        "success": true,
        "error": "LicenseAudit validation failed: tenantId: 
Cast to ObjectId failed for value 
\"1af6c3e9-c2fb-62e6-b260-9d06ffffffe4\" (type string) at 
path \"tenantId\" because of \"BSONError\""
      }

      at Console.write [as log] (node_modules/winston/lib/wi
nston/transports/console.js:87:23)

    console.log
      2025-12-22 13:28:02 [[31merror[39m]: Failed to log 
validation audit {
        "tenantId": "8f199e1f-81c1-7225-bfff-ffe700000004",
        "moduleKey": "hr-core",
        "success": true,
        "error": "LicenseAudit validation failed: tenantId: 
Cast to ObjectId failed for value 
\"8f199e1f-81c1-7225-bfff-ffe700000004\" (type string) at 
path \"tenantId\" because of \"BSONError\""
      }

      at Console.write [as log] (node_modules/winston/lib/wi
nston/transports/console.js:87:23)

    console.log
      2025-12-22 13:28:02 [[31merror[39m]: Failed to log 
validation audit {
        "tenantId": "82557600-ffe8-8fff-8000-0012fffffff9",
        "moduleKey": "hr-core",
        "success": true,
        "error": "LicenseAudit validation failed: tenantId: 
Cast to ObjectId failed for value 
\"82557600-ffe8-8fff-8000-0012fffffff9\" (type string) at 
path \"tenantId\" because of \"BSONError\""
      }

      at Console.write [as log] (node_modules/winston/lib/wi
nston/transports/console.js:87:23)

    console.log
      2025-12-22 13:28:02 [[31merror[39m]: Failed to log 
validation audit {
        "tenantId": "88a905a5-ffe3-8fff-bf08-e9c50000001a",
        "moduleKey": "hr-core",
        "success": true,
        "error": "LicenseAudit validation failed: tenantId: 
Cast to ObjectId failed for value 
\"88a905a5-ffe3-8fff-bf08-e9c50000001a\" (type string) at 
path \"tenantId\" because of \"BSONError\""
      }

      at Console.write [as log] (node_modules/winston/lib/wi
nston/transports/console.js:87:23)

    console.log
      2025-12-22 13:28:02 [[31merror[39m]: Failed to log 
validation audit {
        "tenantId": "0000000c-001d-1000-8000-001b2f4d0de5",
        "moduleKey": "hr-core",
        "success": true,
        "error": "LicenseAudit validation failed: tenantId: 
Cast to ObjectId failed for value 
\"0000000c-001d-1000-8000-001b2f4d0de5\" (type string) at 
path \"tenantId\" because of \"BSONError\""
      }

      at Console.write [as log] (node_modules/winston/lib/wi
nston/transports/console.js:87:23)

    console.log
      2025-12-22 13:28:02 [[31merror[39m]: Failed to log 
validation audit {
        "tenantId": "0000001e-000b-1000-8000-000c00000017",
        "moduleKey": "hr-core",
        "success": true,
        "error": "LicenseAudit validation failed: tenantId: 
Cast to ObjectId failed for value 
\"0000001e-000b-1000-8000-000c00000017\" (type string) at 
path \"tenantId\" because of \"BSONError\""
      }

      at Console.write [as log] (node_modules/winston/lib/wi
nston/transports/console.js:87:23)

    console.log
      2025-12-22 13:28:02 [[31merror[39m]: Failed to log 
validation audit {
        "tenantId": "004a9100-06b1-2d5e-9dca-3ea200000001",
        "moduleKey": "hr-core",
        "success": true,
        "error": "LicenseAudit validation failed: tenantId: 
Cast to ObjectId failed for value 
\"004a9100-06b1-2d5e-9dca-3ea200000001\" (type string) at 
path \"tenantId\" because of \"BSONError\""
      }

      at Console.write [as log] (node_modules/winston/lib/wi
nston/transports/console.js:87:23)

    console.log
      2025-12-22 13:28:02 [[31merror[39m]: Failed to log 
validation audit {
        "tenantId": "fffffffd-b9f4-6b1c-ab10-e47a00000018",
        "moduleKey": "hr-core",
        "success": true,
        "error": "LicenseAudit validation failed: tenantId: 
Cast to ObjectId failed for value 
\"fffffffd-b9f4-6b1c-ab10-e47a00000018\" (type string) at 
path \"tenantId\" because of \"BSONError\""
      }

      at Console.write [as log] (node_modules/winston/lib/wi
nston/transports/console.js:87:23)

    console.log
      2025-12-22 13:28:02 [[31merror[39m]: Failed to log 
validation audit {
        "tenantId": "e65c66ad-8c0f-7ba3-8000-0013294ad097",
        "moduleKey": "hr-core",
        "success": true,
        "error": "LicenseAudit validation failed: tenantId: 
Cast to ObjectId failed for value 
\"e65c66ad-8c0f-7ba3-8000-0013294ad097\" (type string) at 
path \"tenantId\" because of \"BSONError\""
      }

      at Console.write [as log] (node_modules/winston/lib/wi
nston/transports/console.js:87:23)

    console.log
      2025-12-22 13:28:02 [[31merror[39m]: Failed to log 
validation audit {
        "tenantId": "17854e2c-123d-10e9-a4fb-ddf9ffffffe1",
        "moduleKey": "hr-core",
        "success": true,
        "error": "LicenseAudit validation failed: tenantId: 
Cast to ObjectId failed for value 
\"17854e2c-123d-10e9-a4fb-ddf9ffffffe1\" (type string) at 
path \"tenantId\" because of \"BSONError\""
      }

      at Console.write [as log] (node_modules/winston/lib/wi
nston/transports/console.js:87:23)

    console.log
      2025-12-22 13:28:02 [[31merror[39m]: Failed to log 
validation audit {
        "tenantId": "ffffffe6-1ba3-4671-adaf-7542e34d8057",
        "moduleKey": "hr-core",
        "success": true,
        "error": "LicenseAudit validation failed: tenantId: 
Cast to ObjectId failed for value 
\"ffffffe6-1ba3-4671-adaf-7542e34d8057\" (type string) at 
path \"tenantId\" because of \"BSONError\""
      }

      at Console.write [as log] (node_modules/winston/lib/wi
nston/transports/console.js:87:23)

    console.log
      2025-12-22 13:28:02 [[31merror[39m]: Failed to log 
validation audit {
        "tenantId": "00000006-b384-2fd6-bbe6-59705ac8cb4e",
        "moduleKey": "hr-core",
        "success": true,
        "error": "LicenseAudit validation failed: tenantId: 
Cast to ObjectId failed for value 
\"00000006-b384-2fd6-bbe6-59705ac8cb4e\" (type string) at 
path \"tenantId\" because of \"BSONError\""
      }

      at Console.write [as log] (node_modules/winston/lib/wi
nston/transports/console.js:87:23)

    console.log
      2025-12-22 13:28:02 [[31merror[39m]: Failed to log 
validation audit {
        "tenantId": "0000001d-78a7-6cf9-9a78-c930693affc9",
        "moduleKey": "hr-core",
        "success": true,
        "error": "LicenseAudit validation failed: tenantId: 
Cast to ObjectId failed for value 
\"0000001d-78a7-6cf9-9a78-c930693affc9\" (type string) at 
path \"tenantId\" because of \"BSONError\""
      }

      at Console.write [as log] (node_modules/winston/lib/wi
nston/transports/console.js:87:23)

    console.log
      2025-12-22 13:28:02 [[31merror[39m]: Failed to log 
validation audit {
        "tenantId": "936ffad0-d672-2437-becf-6e0e0000001a",
        "moduleKey": "hr-core",
        "success": true,
        "error": "LicenseAudit validation failed: tenantId: 
Cast to ObjectId failed for value 
\"936ffad0-d672-2437-becf-6e0e0000001a\" (type string) at 
path \"tenantId\" because of \"BSONError\""
      }

      at Console.write [as log] (node_modules/winston/lib/wi
nston/transports/console.js:87:23)

    console.log
      2025-12-22 13:28:02 [[31merror[39m]: Failed to log 
validation audit {
        "tenantId": "64e60010-8844-7b30-9f70-5da40000000f",
        "moduleKey": "hr-core",
        "success": true,
        "error": "LicenseAudit validation failed: tenantId: 
Cast to ObjectId failed for value 
\"64e60010-8844-7b30-9f70-5da40000000f\" (type string) at 
path \"tenantId\" because of \"BSONError\""
      }

      at Console.write [as log] (node_modules/winston/lib/wi
nston/transports/console.js:87:23)

    console.log
      2025-12-22 13:28:02 [[31merror[39m]: Failed to log 
validation audit {
        "tenantId": "c9d5f468-0006-1000-bd76-7ba841baf73f",
        "moduleKey": "hr-core",
        "success": true,
        "error": "LicenseAudit validation failed: tenantId: 
Cast to ObjectId failed for value 
\"c9d5f468-0006-1000-bd76-7ba841baf73f\" (type string) at 
path \"tenantId\" because of \"BSONError\""
      }

      at Console.write [as log] (node_modules/winston/lib/wi
nston/transports/console.js:87:23)

    console.log
      2025-12-22 13:28:02 [[31merror[39m]: Failed to log 
validation audit {
        "tenantId": "a81a749f-446b-80eb-984c-2bb0ffffffe6",
        "moduleKey": "hr-core",
        "success": true,
        "error": "LicenseAudit validation failed: tenantId: 
Cast to ObjectId failed for value 
\"a81a749f-446b-80eb-984c-2bb0ffffffe6\" (type string) at 
path \"tenantId\" because of \"BSONError\""
      }

      at Console.write [as log] (node_modules/winston/lib/wi
nston/transports/console.js:87:23)

    console.log
      2025-12-22 13:28:02 [[31merror[39m]: Failed to log 
validation audit {
        "tenantId": "8df22156-15c8-7e9f-8000-0002c13cf7d9",
        "moduleKey": "hr-core",
        "success": true,
        "error": "LicenseAudit validation failed: tenantId: 
Cast to ObjectId failed for value 
\"8df22156-15c8-7e9f-8000-0002c13cf7d9\" (type string) at 
path \"tenantId\" because of \"BSONError\""
      }

      at Console.write [as log] (node_modules/winston/lib/wi
nston/transports/console.js:87:23)

    console.log
      2025-12-22 13:28:02 [[31merror[39m]: Failed to log 
validation audit {
        "tenantId": "da9226a1-ffe1-8fff-9127-71a04cd03aec",
        "moduleKey": "hr-core",
        "success": true,
        "error": "LicenseAudit validation failed: tenantId: 
Cast to ObjectId failed for value 
\"da9226a1-ffe1-8fff-9127-71a04cd03aec\" (type string) at 
path \"tenantId\" because of \"BSONError\""
      }

      at Console.write [as log] (node_modules/winston/lib/wi
nston/transports/console.js:87:23)

    console.log
      2025-12-22 13:28:02 [[31merror[39m]: Failed to log 
validation audit {
        "tenantId": "00000008-ff89-8408-b57e-d10a0000001e",
        "moduleKey": "hr-core",
        "success": true,
        "error": "LicenseAudit validation failed: tenantId: 
Cast to ObjectId failed for value 
\"00000008-ff89-8408-b57e-d10a0000001e\" (type string) at 
path \"tenantId\" because of \"BSONError\""
      }

      at Console.write [as log] (node_modules/winston/lib/wi
nston/transports/console.js:87:23)

    console.log
      2025-12-22 13:28:02 [[31merror[39m]: Failed to log 
validation audit {
        "tenantId": "d9e70661-a992-393a-917c-70ffb52744c7",
        "moduleKey": "hr-core",
        "success": true,
        "error": "LicenseAudit validation failed: tenantId: 
Cast to ObjectId failed for value 
\"d9e70661-a992-393a-917c-70ffb52744c7\" (type string) at 
path \"tenantId\" because of \"BSONError\""
      }

      at Console.write [as log] (node_modules/winston/lib/wi
nston/transports/console.js:87:23)

    console.log
      2025-12-22 13:28:02 [[31merror[39m]: Failed to log 
validation audit {
        "tenantId": "1e623e76-1837-677a-bfff-fffc00000004",
        "moduleKey": "hr-core",
        "success": true,
        "error": "LicenseAudit validation failed: tenantId: 
Cast to ObjectId failed for value 
\"1e623e76-1837-677a-bfff-fffc00000004\" (type string) at 
path \"tenantId\" because of \"BSONError\""
      }

      at Console.write [as log] (node_modules/winston/lib/wi
nston/transports/console.js:87:23)

    console.log
      2025-12-22 13:28:02 [[31merror[39m]: Failed to log 
validation audit {
        "tenantId": "0000000d-000c-1000-83b8-c379c76ec4be",
        "moduleKey": "hr-core",
        "success": true,
        "error": "LicenseAudit validation failed: tenantId: 
Cast to ObjectId failed for value 
\"0000000d-000c-1000-83b8-c379c76ec4be\" (type string) at 
path \"tenantId\" because of \"BSONError\""
      }

      at Console.write [as log] (node_modules/winston/lib/wi
nston/transports/console.js:87:23)

    console.log
      2025-12-22 13:28:02 [[31merror[39m]: Failed to log 
validation audit {
        "tenantId": "a8e0e785-000d-1000-a06d-40d8b87293ff",
        "moduleKey": "hr-core",
        "success": true,
        "error": "LicenseAudit validation failed: tenantId: 
Cast to ObjectId failed for value 
\"a8e0e785-000d-1000-a06d-40d8b87293ff\" (type string) at 
path \"tenantId\" because of \"BSONError\""
      }

      at Console.write [as log] (node_modules/winston/lib/wi
nston/transports/console.js:87:23)

    console.log
      2025-12-22 13:28:02 [[31merror[39m]: Failed to log 
validation audit {
        "tenantId": "1963c5c3-2e19-45f1-b056-d0600b07658e",
        "moduleKey": "hr-core",
        "success": true,
        "error": "LicenseAudit validation failed: tenantId: 
Cast to ObjectId failed for value 
\"1963c5c3-2e19-45f1-b056-d0600b07658e\" (type string) at 
path \"tenantId\" because of \"BSONError\""
      }

      at Console.write [as log] (node_modules/winston/lib/wi
nston/transports/console.js:87:23)

    console.log
      2025-12-22 13:28:02 [[31merror[39m]: Failed to log 
validation audit {
        "tenantId": "eb5359f6-6632-1f05-901d-a0cd7dfe7444",
        "moduleKey": "hr-core",
        "success": true,
        "error": "LicenseAudit validation failed: tenantId: 
Cast to ObjectId failed for value 
\"eb5359f6-6632-1f05-901d-a0cd7dfe7444\" (type string) at 
path \"tenantId\" because of \"BSONError\""
      }

      at Console.write [as log] (node_modules/winston/lib/wi
nston/transports/console.js:87:23)

    console.log
      2025-12-22 13:28:02 [[31merror[39m]: Failed to log 
validation audit {
        "tenantId": "ae8ebd4d-8bfe-49e8-89cd-70d4cddfee1c",
        "moduleKey": "hr-core",
        "success": true,
        "error": "LicenseAudit validation failed: tenantId: 
Cast to ObjectId failed for value 
\"ae8ebd4d-8bfe-49e8-89cd-70d4cddfee1c\" (type string) at 
path \"tenantId\" because of \"BSONError\""
      }

      at Console.write [as log] (node_modules/winston/lib/wi
nston/transports/console.js:87:23)

    console.log
      2025-12-22 13:28:02 [[31merror[39m]: Failed to log 
validation audit {
        "tenantId": "00000016-b496-8446-8000-000b3d7b1d04",
        "moduleKey": "hr-core",
        "success": true,
        "error": "LicenseAudit validation failed: tenantId: 
Cast to ObjectId failed for value 
\"00000016-b496-8446-8000-000b3d7b1d04\" (type string) at 
path \"tenantId\" because of \"BSONError\""
      }

      at Console.write [as log] (node_modules/winston/lib/wi
nston/transports/console.js:87:23)

    console.log
      2025-12-22 13:28:02 [[31merror[39m]: Failed to log 
validation audit {
        "tenantId": "500b1230-000c-1000-aea2-297e5d3267e4",
        "moduleKey": "hr-core",
        "success": true,
        "error": "LicenseAudit validation failed: tenantId: 
Cast to ObjectId failed for value 
\"500b1230-000c-1000-aea2-297e5d3267e4\" (type string) at 
path \"tenantId\" because of \"BSONError\""
      }

      at Console.write [as log] (node_modules/winston/lib/wi
nston/transports/console.js:87:23)

    console.log
      2025-12-22 13:28:02 [[31merror[39m]: Failed to log 
validation audit {
        "tenantId": "6036712c-c80a-7935-8000-000d9cb677c9",
        "moduleKey": "hr-core",
        "success": true,
        "error": "LicenseAudit validation failed: tenantId: 
Cast to ObjectId failed for value 
\"6036712c-c80a-7935-8000-000d9cb677c9\" (type string) at 
path \"tenantId\" because of \"BSONError\""
      }

      at Console.write [as log] (node_modules/winston/lib/wi
nston/transports/console.js:87:23)

    console.log
      2025-12-22 13:28:02 [[31merror[39m]: Failed to log 
validation audit {
        "tenantId": "4a682db5-ffe8-8fff-8000-000a00000017",
        "moduleKey": "hr-core",
        "success": true,
        "error": "LicenseAudit validation failed: tenantId: 
Cast to ObjectId failed for value 
\"4a682db5-ffe8-8fff-8000-000a00000017\" (type string) at 
path \"tenantId\" because of \"BSONError\""
      }

      at Console.write [as log] (node_modules/winston/lib/wi
nston/transports/console.js:87:23)

    console.log
      2025-12-22 13:28:02 [[31merror[39m]: Failed to log 
validation audit {
        "tenantId": "f1cd6845-b9b5-7107-9540-313300000011",
        "moduleKey": "hr-core",
        "success": true,
        "error": "LicenseAudit validation failed: tenantId: 
Cast to ObjectId failed for value 
\"f1cd6845-b9b5-7107-9540-313300000011\" (type string) at 
path \"tenantId\" because of \"BSONError\""
      }

      at Console.write [as log] (node_modules/winston/lib/wi
nston/transports/console.js:87:23)

    console.log
      2025-12-22 13:28:02 [[31merror[39m]: Failed to log 
validation audit {
        "tenantId": "67f3f49f-75b0-7237-bd54-d80a2bdb8376",
        "moduleKey": "hr-core",
        "success": true,
        "error": "LicenseAudit validation failed: tenantId: 
Cast to ObjectId failed for value 
\"67f3f49f-75b0-7237-bd54-d80a2bdb8376\" (type string) at 
path \"tenantId\" because of \"BSONError\""
      }

      at Console.write [as log] (node_modules/winston/lib/wi
nston/transports/console.js:87:23)

    console.log
      2025-12-22 13:28:02 [[31merror[39m]: Failed to log 
validation audit {
        "tenantId": "b94b1986-7628-2186-8000-000541d6f40a",
        "moduleKey": "hr-core",
        "success": true,
        "error": "LicenseAudit validation failed: tenantId: 
Cast to ObjectId failed for value 
\"b94b1986-7628-2186-8000-000541d6f40a\" (type string) at 
path \"tenantId\" because of \"BSONError\""
      }

      at Console.write [as log] (node_modules/winston/lib/wi
nston/transports/console.js:87:23)

    console.log
      2025-12-22 13:28:02 [[31merror[39m]: Failed to log 
validation audit {
        "tenantId": "e3c86cdf-4fb3-7a82-be74-dc61983ad5e5",
        "moduleKey": "hr-core",
        "success": true,
        "error": "LicenseAudit validation failed: tenantId: 
Cast to ObjectId failed for value 
\"e3c86cdf-4fb3-7a82-be74-dc61983ad5e5\" (type string) at 
path \"tenantId\" because of \"BSONError\""
      }

      at Console.write [as log] (node_modules/winston/lib/wi
nston/transports/console.js:87:23)

    console.log
      2025-12-22 13:28:02 [[31merror[39m]: Failed to log 
validation audit {
        "tenantId": "00000010-d9e4-3e23-a903-8c10f96795c7",
        "moduleKey": "hr-core",
        "success": true,
        "error": "LicenseAudit validation failed: tenantId: 
Cast to ObjectId failed for value 
\"00000010-d9e4-3e23-a903-8c10f96795c7\" (type string) at 
path \"tenantId\" because of \"BSONError\""
      }

      at Console.write [as log] (node_modules/winston/lib/wi
nston/transports/console.js:87:23)

    console.log
      2025-12-22 13:28:02 [[31merror[39m]: Failed to log 
validation audit {
        "tenantId": "aa5e2464-0000-1000-b316-ce500000000e",
        "moduleKey": "hr-core",
        "success": true,
        "error": "LicenseAudit validation failed: tenantId: 
Cast to ObjectId failed for value 
\"aa5e2464-0000-1000-b316-ce500000000e\" (type string) at 
path \"tenantId\" because of \"BSONError\""
      }

      at Console.write [as log] (node_modules/winston/lib/wi
nston/transports/console.js:87:23)

    console.log
      2025-12-22 13:28:02 [[31merror[39m]: Failed to log 
validation audit {
        "tenantId": "4a7c6ba1-d9cc-1509-89fd-085a0000000a",
        "moduleKey": "hr-core",
        "success": true,
        "error": "LicenseAudit validation failed: tenantId: 
Cast to ObjectId failed for value 
\"4a7c6ba1-d9cc-1509-89fd-085a0000000a\" (type string) at 
path \"tenantId\" because of \"BSONError\""
      }

      at Console.write [as log] (node_modules/winston/lib/wi
nston/transports/console.js:87:23)

    console.log
      2025-12-22 13:28:02 [[31merror[39m]: Failed to log 
validation audit {
        "tenantId": "fffffff3-be96-8669-b2f0-334d00000004",
        "moduleKey": "hr-core",
        "success": true,
        "error": "LicenseAudit validation failed: tenantId: 
Cast to ObjectId failed for value 
\"fffffff3-be96-8669-b2f0-334d00000004\" (type string) at 
path \"tenantId\" because of \"BSONError\""
      }

      at Console.write [as log] (node_modules/winston/lib/wi
nston/transports/console.js:87:23)

    console.log
      2025-12-22 13:28:02 [[31merror[39m]: Failed to log 
validation audit {
        "tenantId": "fffffffa-0437-4853-a4c1-58e8e3e4850d",
        "moduleKey": "hr-core",
        "success": true,
        "error": "LicenseAudit validation failed: tenantId: 
Cast to ObjectId failed for value 
\"fffffffa-0437-4853-a4c1-58e8e3e4850d\" (type string) at 
path \"tenantId\" because of \"BSONError\""
      }

      at Console.write [as log] (node_modules/winston/lib/wi
nston/transports/console.js:87:23)

    console.log
      2025-12-22 13:28:02 [[31merror[39m]: Failed to log 
validation audit {
        "tenantId": "e0f10606-001b-1000-bc43-a08100000018",
        "moduleKey": "hr-core",
        "success": true,
        "error": "LicenseAudit validation failed: tenantId: 
Cast to ObjectId failed for value 
\"e0f10606-001b-1000-bc43-a08100000018\" (type string) at 
path \"tenantId\" because of \"BSONError\""
      }

      at Console.write [as log] (node_modules/winston/lib/wi
nston/transports/console.js:87:23)

    console.log
      2025-12-22 13:28:02 [[31merror[39m]: Failed to log 
validation audit {
        "tenantId": "a0e022b6-979c-73b6-8000-0016d65f4b8f",
        "moduleKey": "hr-core",
        "success": true,
        "error": "LicenseAudit validation failed: tenantId: 
Cast to ObjectId failed for value 
\"a0e022b6-979c-73b6-8000-0016d65f4b8f\" (type string) at 
path \"tenantId\" because of \"BSONError\""
      }

      at Console.write [as log] (node_modules/winston/lib/wi
nston/transports/console.js:87:23)

    console.log
      2025-12-22 13:28:02 [[31merror[39m]: Failed to log 
validation audit {
        "tenantId": "12ff3d35-001e-1000-9733-9931ffffffe7",
        "moduleKey": "hr-core",
        "success": true,
        "error": "LicenseAudit validation failed: tenantId: 
Cast to ObjectId failed for value 
\"12ff3d35-001e-1000-9733-9931ffffffe7\" (type string) at 
path \"tenantId\" because of \"BSONError\""
      }

      at Console.write [as log] (node_modules/winston/lib/wi
nston/transports/console.js:87:23)

    console.log
      2025-12-22 13:28:02 [[31merror[39m]: Failed to log 
validation audit {
        "tenantId": "ffffffe6-a83e-50ee-bfff-fff84a7d540f",
        "moduleKey": "hr-core",
        "success": true,
        "error": "LicenseAudit validation failed: tenantId: 
Cast to ObjectId failed for value 
\"ffffffe6-a83e-50ee-bfff-fff84a7d540f\" (type string) at 
path \"tenantId\" because of \"BSONError\""
      }

      at Console.write [as log] (node_modules/winston/lib/wi
nston/transports/console.js:87:23)

    console.log
      2025-12-22 13:28:02 [[31merror[39m]: Failed to log 
validation audit {
        "tenantId": "00000005-210b-2b2d-bc02-5ccb87c52722",
        "moduleKey": "hr-core",
        "success": true,
        "error": "LicenseAudit validation failed: tenantId: 
Cast to ObjectId failed for value 
\"00000005-210b-2b2d-bc02-5ccb87c52722\" (type string) at 
path \"tenantId\" because of \"BSONError\""
      }

      at Console.write [as log] (node_modules/winston/lib/wi
nston/transports/console.js:87:23)

    console.log
      2025-12-22 13:28:02 [[31merror[39m]: Failed to log 
validation audit {
        "tenantId": "e82c3933-eb82-6f4a-a2a5-a846dcf7159a",
        "moduleKey": "hr-core",
        "success": true,
        "error": "LicenseAudit validation failed: tenantId: 
Cast to ObjectId failed for value 
\"e82c3933-eb82-6f4a-a2a5-a846dcf7159a\" (type string) at 
path \"tenantId\" because of \"BSONError\""
      }

      at Console.write [as log] (node_modules/winston/lib/wi
nston/transports/console.js:87:23)

    console.log
      2025-12-22 13:28:02 [[31merror[39m]: Failed to log 
validation audit {
        "tenantId": "321e325b-916d-4d11-9eff-2544933f492d",
        "moduleKey": "hr-core",
        "success": true,
        "error": "LicenseAudit validation failed: tenantId: 
Cast to ObjectId failed for value 
\"321e325b-916d-4d11-9eff-2544933f492d\" (type string) at 
path \"tenantId\" because of \"BSONError\""
      }

      at Console.write [as log] (node_modules/winston/lib/wi
nston/transports/console.js:87:23)

    console.log
      2025-12-22 13:28:02 [[31merror[39m]: Failed to log 
validation audit {
        "tenantId": "5a0b9f56-3ed2-86ef-8439-e66fa2e64fba",
        "moduleKey": "hr-core",
        "success": true,
        "error": "LicenseAudit validation failed: tenantId: 
Cast to ObjectId failed for value 
\"5a0b9f56-3ed2-86ef-8439-e66fa2e64fba\" (type string) at 
path \"tenantId\" because of \"BSONError\""
      }

      at Console.write [as log] (node_modules/winston/lib/wi
nston/transports/console.js:87:23)

    console.log
      2025-12-22 13:28:02 [[31merror[39m]: Failed to log 
validation audit {
        "tenantId": "00000008-94bc-525b-bd30-4a690cb66c4e",
        "moduleKey": "hr-core",
        "success": true,
        "error": "LicenseAudit validation failed: tenantId: 
Cast to ObjectId failed for value 
\"00000008-94bc-525b-bd30-4a690cb66c4e\" (type string) at 
path \"tenantId\" because of \"BSONError\""
      }

      at Console.write [as log] (node_modules/winston/lib/wi
nston/transports/console.js:87:23)

    console.log
      2025-12-22 13:28:02 [[31merror[39m]: Failed to log 
validation audit {
        "tenantId": "00000016-0640-5ea2-8408-780e0000001c",
        "moduleKey": "hr-core",
        "success": true,
        "error": "LicenseAudit validation failed: tenantId: 
Cast to ObjectId failed for value 
\"00000016-0640-5ea2-8408-780e0000001c\" (type string) at 
path \"tenantId\" because of \"BSONError\""
      }

      at Console.write [as log] (node_modules/winston/lib/wi
nston/transports/console.js:87:23)

    console.log
      2025-12-22 13:28:02 [[31merror[39m]: Failed to log 
validation audit {
        "tenantId": "9891fc1b-0001-1000-8000-0003aa0cdc88",
        "moduleKey": "hr-core",
        "success": true,
        "error": "LicenseAudit validation failed: tenantId: 
Cast to ObjectId failed for value 
\"9891fc1b-0001-1000-8000-0003aa0cdc88\" (type string) at 
path \"tenantId\" because of \"BSONError\""
      }

      at Console.write [as log] (node_modules/winston/lib/wi
nston/transports/console.js:87:23)

    console.log
      2025-12-22 13:28:02 [[31merror[39m]: Failed to log 
validation audit {
        "tenantId": "9dce7189-db0c-8a2a-bfac-b79400000006",
        "moduleKey": "hr-core",
        "success": true,
        "error": "LicenseAudit validation failed: tenantId: 
Cast to ObjectId failed for value 
\"9dce7189-db0c-8a2a-bfac-b79400000006\" (type string) at 
path \"tenantId\" because of \"BSONError\""
      }

      at Console.write [as log] (node_modules/winston/lib/wi
nston/transports/console.js:87:23)

    console.log
      2025-12-22 13:28:02 [[31merror[39m]: Failed to log 
validation audit {
        "tenantId": "a5e8052d-f686-1a6b-9e5c-68f0231a5e9d",
        "moduleKey": "hr-core",
        "success": true,
        "error": "LicenseAudit validation failed: tenantId: 
Cast to ObjectId failed for value 
\"a5e8052d-f686-1a6b-9e5c-68f0231a5e9d\" (type string) at 
path \"tenantId\" because of \"BSONError\""
      }

      at Console.write [as log] (node_modules/winston/lib/wi
nston/transports/console.js:87:23)

    console.log
      2025-12-22 13:28:02 [[31merror[39m]: Failed to log 
validation audit {
        "tenantId": "4957878f-9f1c-123d-a99e-8b1934c4b7f8",
        "moduleKey": "hr-core",
        "success": true,
        "error": "LicenseAudit validation failed: tenantId: 
Cast to ObjectId failed for value 
\"4957878f-9f1c-123d-a99e-8b1934c4b7f8\" (type string) at 
path \"tenantId\" because of \"BSONError\""
      }

      at Console.write [as log] (node_modules/winston/lib/wi
nston/transports/console.js:87:23)

    console.log
      2025-12-22 13:28:02 [[31merror[39m]: Failed to log 
validation audit {
        "tenantId": "89beac75-964d-2471-a619-fa98ffffffed",
        "moduleKey": "hr-core",
        "success": true,
        "error": "LicenseAudit validation failed: tenantId: 
Cast to ObjectId failed for value 
\"89beac75-964d-2471-a619-fa98ffffffed\" (type string) at 
path \"tenantId\" because of \"BSONError\""
      }

      at Console.write [as log] (node_modules/winston/lib/wi
nston/transports/console.js:87:23)

    console.log
      2025-12-22 13:28:02 [[31merror[39m]: Failed to log 
validation audit {
        "tenantId": "155a165e-5da2-1fa3-9ffc-bd6b47882aa0",
        "moduleKey": "hr-core",
        "success": true,
        "error": "LicenseAudit validation failed: tenantId: 
Cast to ObjectId failed for value 
\"155a165e-5da2-1fa3-9ffc-bd6b47882aa0\" (type string) at 
path \"tenantId\" because of \"BSONError\""
      }

      at Console.write [as log] (node_modules/winston/lib/wi
nston/transports/console.js:87:23)

    console.log
      2025-12-22 13:28:02 [[31merror[39m]: Failed to log 
validation audit {
        "tenantId": "fffffff9-0014-1000-8178-b15696cbaac9",
        "moduleKey": "hr-core",
        "success": true,
        "error": "LicenseAudit validation failed: tenantId: 
Cast to ObjectId failed for value 
\"fffffff9-0014-1000-8178-b15696cbaac9\" (type string) at 
path \"tenantId\" because of \"BSONError\""
      }

      at Console.write [as log] (node_modules/winston/lib/wi
nston/transports/console.js:87:23)

    console.log
      2025-12-22 13:28:02 [[31merror[39m]: Failed to log 
validation audit {
        "tenantId": "74c8e06b-0016-1000-bd00-d04200000009",
        "moduleKey": "hr-core",
        "success": true,
        "error": "LicenseAudit validation failed: tenantId: 
Cast to ObjectId failed for value 
\"74c8e06b-0016-1000-bd00-d04200000009\" (type string) at 
path \"tenantId\" because of \"BSONError\""
      }

      at Console.write [as log] (node_modules/winston/lib/wi
nston/transports/console.js:87:23)

    console.log
      2025-12-22 13:28:02 [[31merror[39m]: Failed to log 
validation audit {
        "tenantId": "004bfedf-ffe2-8fff-80f7-7be20000001c",
        "moduleKey": "hr-core",
        "success": true,
        "error": "LicenseAudit validation failed: tenantId: 
Cast to ObjectId failed for value 
\"004bfedf-ffe2-8fff-80f7-7be20000001c\" (type string) at 
path \"tenantId\" because of \"BSONError\""
      }

      at Console.write [as log] (node_modules/winston/lib/wi
nston/transports/console.js:87:23)

    console.log
      2025-12-22 13:28:02 [[31merror[39m]: Failed to log 
validation audit {
        "tenantId": "00000000-7284-641b-b2c8-68d5f2772c6c",
        "moduleKey": "hr-core",
        "success": true,
        "error": "LicenseAudit validation failed: tenantId: 
Cast to ObjectId failed for value 
\"00000000-7284-641b-b2c8-68d5f2772c6c\" (type string) at 
path \"tenantId\" because of \"BSONError\""
      }

      at Console.write [as log] (node_modules/winston/lib/wi
nston/transports/console.js:87:23)

    console.log
      2025-12-22 13:28:02 [[31merror[39m]: Failed to log 
validation audit {
        "tenantId": "d7b905cd-fff0-8fff-ac72-329e42f08f49",
        "moduleKey": "hr-core",
        "success": true,
        "error": "LicenseAudit validation failed: tenantId: 
Cast to ObjectId failed for value 
\"d7b905cd-fff0-8fff-ac72-329e42f08f49\" (type string) at 
path \"tenantId\" because of \"BSONError\""
      }

      at Console.write [as log] (node_modules/winston/lib/wi
nston/transports/console.js:87:23)

    console.log
      2025-12-22 13:28:02 [[31merror[39m]: Failed to log 
validation audit {
        "tenantId": "b21fceb6-ffec-8fff-bbe6-25baa7b2d341",
        "moduleKey": "hr-core",
        "success": true,
        "error": "LicenseAudit validation failed: tenantId: 
Cast to ObjectId failed for value 
\"b21fceb6-ffec-8fff-bbe6-25baa7b2d341\" (type string) at 
path \"tenantId\" because of \"BSONError\""
      }

      at Console.write [as log] (node_modules/winston/lib/wi
nston/transports/console.js:87:23)

    console.log
      2025-12-22 13:28:02 [[31merror[39m]: Failed to log 
validation audit {
        "tenantId": "bcfc82a7-4eeb-82d8-bfff-fff500000014",
        "moduleKey": "hr-core",
        "success": true,
        "error": "LicenseAudit validation failed: tenantId: 
Cast to ObjectId failed for value 
\"bcfc82a7-4eeb-82d8-bfff-fff500000014\" (type string) at 
path \"tenantId\" because of \"BSONError\""
      }

      at Console.write [as log] (node_modules/winston/lib/wi
nston/transports/console.js:87:23)

    console.log
      2025-12-22 13:28:02 [[31merror[39m]: Failed to log 
validation audit {
        "tenantId": "fffffffc-384b-326f-8000-00020798883a",
        "moduleKey": "hr-core",
        "success": true,
        "error": "LicenseAudit validation failed: tenantId: 
Cast to ObjectId failed for value 
\"fffffffc-384b-326f-8000-00020798883a\" (type string) at 
path \"tenantId\" because of \"BSONError\""
      }

      at Console.write [as log] (node_modules/winston/lib/wi
nston/transports/console.js:87:23)

    console.log
      2025-12-22 13:28:02 [[31merror[39m]: Failed to log 
validation audit {
        "tenantId": "bfb82f1e-001d-1000-8000-0006fffffffb",
        "moduleKey": "hr-core",
        "success": true,
        "error": "LicenseAudit validation failed: tenantId: 
Cast to ObjectId failed for value 
\"bfb82f1e-001d-1000-8000-0006fffffffb\" (type string) at 
path \"tenantId\" because of \"BSONError\""
      }

      at Console.write [as log] (node_modules/winston/lib/wi
nston/transports/console.js:87:23)

    console.log
      2025-12-22 13:28:02 [[31merror[39m]: Failed to log 
validation audit {
        "tenantId": "fffffffb-d43b-868f-9fcb-684500000009",
        "moduleKey": "hr-core",
        "success": true,
        "error": "LicenseAudit validation failed: tenantId: 
Cast to ObjectId failed for value 
\"fffffffb-d43b-868f-9fcb-684500000009\" (type string) at 
path \"tenantId\" because of \"BSONError\""
      }

      at Console.write [as log] (node_modules/winston/lib/wi
nston/transports/console.js:87:23)

    console.log
      2025-12-22 13:28:02 [[31merror[39m]: Failed to log 
validation audit {
        "tenantId": "1eddfe6f-a229-1d65-bed5-1af50b708c63",
        "moduleKey": "hr-core",
        "success": true,
        "error": "LicenseAudit validation failed: tenantId: 
Cast to ObjectId failed for value 
\"1eddfe6f-a229-1d65-bed5-1af50b708c63\" (type string) at 
path \"tenantId\" because of \"BSONError\""
      }

      at Console.write [as log] (node_modules/winston/lib/wi
nston/transports/console.js:87:23)

    console.log
      2025-12-22 13:28:02 [[31merror[39m]: Failed to log 
validation audit {
        "tenantId": "fffffff6-8b5b-34de-96d2-cfa200000009",
        "moduleKey": "hr-core",
        "success": true,
        "error": "LicenseAudit validation failed: tenantId: 
Cast to ObjectId failed for value 
\"fffffff6-8b5b-34de-96d2-cfa200000009\" (type string) at 
path \"tenantId\" because of \"BSONError\""
      }

      at Console.write [as log] (node_modules/winston/lib/wi
nston/transports/console.js:87:23)

    console.log
      2025-12-22 13:28:02 [[31merror[39m]: Failed to log 
validation audit {
        "tenantId": "8708f00a-fff3-8fff-8627-db8800000009",
        "moduleKey": "hr-core",
        "success": true,
        "error": "LicenseAudit validation failed: tenantId: 
Cast to ObjectId failed for value 
\"8708f00a-fff3-8fff-8627-db8800000009\" (type string) at 
path \"tenantId\" because of \"BSONError\""
      }

      at Console.write [as log] (node_modules/winston/lib/wi
nston/transports/console.js:87:23)

    console.log
      2025-12-22 13:28:02 [[31merror[39m]: Failed to log 
validation audit {
        "tenantId": "fffffff6-1cf0-758d-b104-bd8c00000009",
        "moduleKey": "hr-core",
        "success": true,
        "error": "LicenseAudit validation failed: tenantId: 
Cast to ObjectId failed for value 
\"fffffff6-1cf0-758d-b104-bd8c00000009\" (type string) at 
path \"tenantId\" because of \"BSONError\""
      }

      at Console.write [as log] (node_modules/winston/lib/wi
nston/transports/console.js:87:23)

    console.log
      2025-12-22 13:28:02 [[31merror[39m]: Failed to log 
validation audit {
        "tenantId": "00000008-000a-1000-a3f3-606ec404538f",
        "moduleKey": "hr-core",
        "success": true,
        "error": "LicenseAudit validation failed: tenantId: 
Cast to ObjectId failed for value 
\"00000008-000a-1000-a3f3-606ec404538f\" (type string) at 
path \"tenantId\" because of \"BSONError\""
      }

      at Console.write [as log] (node_modules/winston/lib/wi
nston/transports/console.js:87:23)

    console.log
      2025-12-22 13:28:02 [[31merror[39m]: Failed to log 
validation audit {
        "tenantId": "17edee52-e736-579b-8000-00125086f7a3",
        "moduleKey": "hr-core",
        "success": true,
        "error": "LicenseAudit validation failed: tenantId: 
Cast to ObjectId failed for value 
\"17edee52-e736-579b-8000-00125086f7a3\" (type string) at 
path \"tenantId\" because of \"BSONError\""
      }

      at Console.write [as log] (node_modules/winston/lib/wi
nston/transports/console.js:87:23)

    console.log
      2025-12-22 13:28:02 [[31merror[39m]: Failed to log 
validation audit {
        "tenantId": "3b21ae67-70b6-7803-8500-4b3d6329f414",
        "moduleKey": "hr-core",
        "success": true,
        "error": "LicenseAudit validation failed: tenantId: 
Cast to ObjectId failed for value 
\"3b21ae67-70b6-7803-8500-4b3d6329f414\" (type string) at 
path \"tenantId\" because of \"BSONError\""
      }

      at Console.write [as log] (node_modules/winston/lib/wi
nston/transports/console.js:87:23)

    console.log
      2025-12-22 13:28:02 [[31merror[39m]: Failed to log 
validation audit {
        "tenantId": "ffffffee-14d8-82c1-b24d-5b6ffdea1a20",
        "moduleKey": "hr-core",
        "success": true,
        "error": "LicenseAudit validation failed: tenantId: 
Cast to ObjectId failed for value 
\"ffffffee-14d8-82c1-b24d-5b6ffdea1a20\" (type string) at 
path \"tenantId\" because of \"BSONError\""
      }

      at Console.write [as log] (node_modules/winston/lib/wi
nston/transports/console.js:87:23)

    console.log
      2025-12-22 13:28:02 [[31merror[39m]: Failed to log 
validation audit {
        "tenantId": "35565680-fffb-8fff-9770-219800000004",
        "moduleKey": "hr-core",
        "success": true,
        "error": "LicenseAudit validation failed: tenantId: 
Cast to ObjectId failed for value 
\"35565680-fffb-8fff-9770-219800000004\" (type string) at 
path \"tenantId\" because of \"BSONError\""
      }

      at Console.write [as log] (node_modules/winston/lib/wi
nston/transports/console.js:87:23)

    console.log
      2025-12-22 13:28:02 [[31merror[39m]: Failed to log 
validation audit {
        "tenantId": "910f9fdc-001c-1000-a5bd-5ee5328ceea2",
        "moduleKey": "hr-core",
        "success": true,
        "error": "LicenseAudit validation failed: tenantId: 
Cast to ObjectId failed for value 
\"910f9fdc-001c-1000-a5bd-5ee5328ceea2\" (type string) at 
path \"tenantId\" because of \"BSONError\""
      }

      at Console.write [as log] (node_modules/winston/lib/wi
nston/transports/console.js:87:23)

    console.log
      2025-12-22 13:28:02 [[31merror[39m]: Failed to log 
validation audit {
        "tenantId": "857e9465-068a-8000-8e20-c119cc4a597a",
        "moduleKey": "hr-core",
        "success": true,
        "error": "LicenseAudit validation failed: tenantId: 
Cast to ObjectId failed for value 
\"857e9465-068a-8000-8e20-c119cc4a597a\" (type string) at 
path \"tenantId\" because of \"BSONError\""
      }

      at Console.write [as log] (node_modules/winston/lib/wi
nston/transports/console.js:87:23)

    console.log
      2025-12-22 13:28:02 [[31merror[39m]: Failed to log 
validation audit {
        "tenantId": "ffffffff-0015-1000-9387-2dc453bb48e4",
        "moduleKey": "hr-core",
        "success": true,
        "error": "LicenseAudit validation failed: tenantId: 
Cast to ObjectId failed for value 
\"ffffffff-0015-1000-9387-2dc453bb48e4\" (type string) at 
path \"tenantId\" because of \"BSONError\""
      }

      at Console.write [as log] (node_modules/winston/lib/wi
nston/transports/console.js:87:23)

    console.log
      2025-12-22 13:28:02 [[31merror[39m]: Failed to log 
validation audit {
        "tenantId": "9f2a0d02-52d6-7df2-a6ea-74f00000001c",
        "moduleKey": "hr-core",
        "success": true,
        "error": "LicenseAudit validation failed: tenantId: 
Cast to ObjectId failed for value 
\"9f2a0d02-52d6-7df2-a6ea-74f00000001c\" (type string) at 
path \"tenantId\" because of \"BSONError\""
      }

      at Console.write [as log] (node_modules/winston/lib/wi
nston/transports/console.js:87:23)

    console.log
      2025-12-22 13:28:02 [[31merror[39m]: Failed to log 
validation audit {
        "tenantId": "ffffffee-c46b-8fca-8000-0006360da3b3",
        "moduleKey": "hr-core",
        "success": true,
        "error": "LicenseAudit validation failed: tenantId: 
Cast to ObjectId failed for value 
\"ffffffee-c46b-8fca-8000-0006360da3b3\" (type string) at 
path \"tenantId\" because of \"BSONError\""
      }

      at Console.write [as log] (node_modules/winston/lib/wi
nston/transports/console.js:87:23)

    console.log
      2025-12-22 13:28:02 [[31merror[39m]: Failed to log 
validation audit {
        "tenantId": "00000016-6e7c-8fc3-b2e7-633830baa291",
        "moduleKey": "hr-core",
        "success": true,
        "error": "LicenseAudit validation failed: tenantId: 
Cast to ObjectId failed for value 
\"00000016-6e7c-8fc3-b2e7-633830baa291\" (type string) at 
path \"tenantId\" because of \"BSONError\""
      }

      at Console.write [as log] (node_modules/winston/lib/wi
nston/transports/console.js:87:23)

    console.log
      2025-12-22 13:28:02 [[31merror[39m]: Failed to log 
validation audit {
        "tenantId": "60bd0333-6d82-366b-a9e7-47495d332c4e",
        "moduleKey": "hr-core",
        "success": true,
        "error": "LicenseAudit validation failed: tenantId: 
Cast to ObjectId failed for value 
\"60bd0333-6d82-366b-a9e7-47495d332c4e\" (type string) at 
path \"tenantId\" because of \"BSONError\""
      }

      at Console.write [as log] (node_modules/winston/lib/wi
nston/transports/console.js:87:23)

    console.log
      2025-12-22 13:28:02 [[31merror[39m]: Failed to log 
validation audit {
        "tenantId": "b5178516-82fb-6b2c-abd8-a3b480154768",
        "moduleKey": "hr-core",
        "success": true,
        "error": "LicenseAudit validation failed: tenantId: 
Cast to ObjectId failed for value 
\"b5178516-82fb-6b2c-abd8-a3b480154768\" (type string) at 
path \"tenantId\" because of \"BSONError\""
      }

      at Console.write [as log] (node_modules/winston/lib/wi
nston/transports/console.js:87:23)

    console.log
      2025-12-22 13:28:02 [[31merror[39m]: Failed to log 
validation audit {
        "tenantId": "cf529cda-fff0-8fff-869d-7c9bffffffff",
        "moduleKey": "hr-core",
        "success": true,
        "error": "LicenseAudit validation failed: tenantId: 
Cast to ObjectId failed for value 
\"cf529cda-fff0-8fff-869d-7c9bffffffff\" (type string) at 
path \"tenantId\" because of \"BSONError\""
      }

      at Console.write [as log] (node_modules/winston/lib/wi
nston/transports/console.js:87:23)

    console.log
      2025-12-22 13:28:02 [[31merror[39m]: Failed to log 
validation audit {
        "tenantId": "c01b4840-b019-618d-a5e7-ad4600000019",
        "moduleKey": "hr-core",
        "success": true,
        "error": "LicenseAudit validation failed: tenantId: 
Cast to ObjectId failed for value 
\"c01b4840-b019-618d-a5e7-ad4600000019\" (type string) at 
path \"tenantId\" because of \"BSONError\""
      }

      at Console.write [as log] (node_modules/winston/lib/wi
nston/transports/console.js:87:23)

    console.log
      2025-12-22 13:28:02 [[31merror[39m]: Failed to log 
validation audit {
        "tenantId": "3f7f59d5-6585-6eb6-9eb1-693b3ce6d577",
        "moduleKey": "hr-core",
        "success": true,
        "error": "LicenseAudit validation failed: tenantId: 
Cast to ObjectId failed for value 
\"3f7f59d5-6585-6eb6-9eb1-693b3ce6d577\" (type string) at 
path \"tenantId\" because of \"BSONError\""
      }

      at Console.write [as log] (node_modules/winston/lib/wi
nston/transports/console.js:87:23)

    console.log
      2025-12-22 13:28:02 [[31merror[39m]: Failed to log 
validation audit {
        "tenantId": "4898d43f-0010-1000-8000-001451066d8d",
        "moduleKey": "hr-core",
        "success": true,
        "error": "LicenseAudit validation failed: tenantId: 
Cast to ObjectId failed for value 
\"4898d43f-0010-1000-8000-001451066d8d\" (type string) at 
path \"tenantId\" because of \"BSONError\""
      }

      at Console.write [as log] (node_modules/winston/lib/wi
nston/transports/console.js:87:23)

    console.log
      2025-12-22 13:28:02 [[31merror[39m]: Failed to log 
validation audit {
        "tenantId": "8a027288-000c-1000-b115-42c31e0d2e1f",
        "moduleKey": "hr-core",
        "success": true,
        "error": "LicenseAudit validation failed: tenantId: 
Cast to ObjectId failed for value 
\"8a027288-000c-1000-b115-42c31e0d2e1f\" (type string) at 
path \"tenantId\" because of \"BSONError\""
      }

      at Console.write [as log] (node_modules/winston/lib/wi
nston/transports/console.js:87:23)

    console.log
      2025-12-22 13:28:02 [[31merror[39m]: Failed to log 
validation audit {
        "tenantId": "e30eef4e-8365-8890-ba52-abfe30278083",
        "moduleKey": "hr-core",
        "success": true,
        "error": "LicenseAudit validation failed: tenantId: 
Cast to ObjectId failed for value 
\"e30eef4e-8365-8890-ba52-abfe30278083\" (type string) at 
path \"tenantId\" because of \"BSONError\""
      }

      at Console.write [as log] (node_modules/winston/lib/wi
nston/transports/console.js:87:23)

    console.log
      2025-12-22 13:28:02 [[31merror[39m]: Failed to log 
validation audit {
        "tenantId": "00000016-8eec-8c45-9c74-6b39a9b333e9",
        "moduleKey": "hr-core",
        "success": true,
        "error": "LicenseAudit validation failed: tenantId: 
Cast to ObjectId failed for value 
\"00000016-8eec-8c45-9c74-6b39a9b333e9\" (type string) at 
path \"tenantId\" because of \"BSONError\""
      }

      at Console.write [as log] (node_modules/winston/lib/wi
nston/transports/console.js:87:23)

    console.log
      2025-12-22 13:28:02 [[31merror[39m]: Failed to log 
validation audit {
        "tenantId": "ffffffe9-a69a-3034-8000-0012ea93b0c9",
        "moduleKey": "hr-core",
        "success": true,
        "error": "LicenseAudit validation failed: tenantId: 
Cast to ObjectId failed for value 
\"ffffffe9-a69a-3034-8000-0012ea93b0c9\" (type string) at 
path \"tenantId\" because of \"BSONError\""
      }

      at Console.write [as log] (node_modules/winston/lib/wi
nston/transports/console.js:87:23)

    console.log
      2025-12-22 13:28:02 [[31merror[39m]: Failed to log 
validation audit {
        "tenantId": "41c8c0e6-cf79-3427-bd4a-22553a7af35c",
        "moduleKey": "hr-core",
        "success": true,
        "error": "LicenseAudit validation failed: tenantId: 
Cast to ObjectId failed for value 
\"41c8c0e6-cf79-3427-bd4a-22553a7af35c\" (type string) at 
path \"tenantId\" because of \"BSONError\""
      }

      at Console.write [as log] (node_modules/winston/lib/wi
nston/transports/console.js:87:23)

    console.log
      2025-12-22 13:28:02 [[31merror[39m]: Failed to log 
validation audit {
        "tenantId": "9f6891c5-1451-745e-a303-32098c8546eb",
        "moduleKey": "hr-core",
        "success": true,
        "error": "LicenseAudit validation failed: tenantId: 
Cast to ObjectId failed for value 
\"9f6891c5-1451-745e-a303-32098c8546eb\" (type string) at 
path \"tenantId\" because of \"BSONError\""
      }

      at Console.write [as log] (node_modules/winston/lib/wi
nston/transports/console.js:87:23)

    console.log
      2025-12-22 13:28:02 [[31merror[39m]: Failed to log 
validation audit {
        "tenantId": "3254f614-cb32-71db-ae3a-a86e30cc500b",
        "moduleKey": "hr-core",
        "success": true,
        "error": "LicenseAudit validation failed: tenantId: 
Cast to ObjectId failed for value 
\"3254f614-cb32-71db-ae3a-a86e30cc500b\" (type string) at 
path \"tenantId\" because of \"BSONError\""
      }

      at Console.write [as log] (node_modules/winston/lib/wi
nston/transports/console.js:87:23)

    console.log
      2025-12-22 13:28:02 [[31merror[39m]: Failed to log 
validation audit {
        "tenantId": "882fdd75-e045-23ba-b1a9-7cdea7117bb1",
        "moduleKey": "hr-core",
        "success": true,
        "error": "LicenseAudit validation failed: tenantId: 
Cast to ObjectId failed for value 
\"882fdd75-e045-23ba-b1a9-7cdea7117bb1\" (type string) at 
path \"tenantId\" because of \"BSONError\""
      }

      at Console.write [as log] (node_modules/winston/lib/wi
nston/transports/console.js:87:23)

    console.log
      2025-12-22 13:28:02 [[31merror[39m]: Failed to log 
validation audit {
        "tenantId": "f8ce6cee-0002-1000-81e9-34ccfffffff9",
        "moduleKey": "hr-core",
        "success": true,
        "error": "LicenseAudit validation failed: tenantId: 
Cast to ObjectId failed for value 
\"f8ce6cee-0002-1000-81e9-34ccfffffff9\" (type string) at 
path \"tenantId\" because of \"BSONError\""
      }

      at Console.write [as log] (node_modules/winston/lib/wi
nston/transports/console.js:87:23)

    console.log
      2025-12-22 13:28:02 [[31merror[39m]: Failed to log 
validation audit {
        "tenantId": "e93a75c7-ce67-7229-bfff-fff5e439977d",
        "moduleKey": "hr-core",
        "success": true,
        "error": "LicenseAudit validation failed: tenantId: 
Cast to ObjectId failed for value 
\"e93a75c7-ce67-7229-bfff-fff5e439977d\" (type string) at 
path \"tenantId\" because of \"BSONError\""
      }

      at Console.write [as log] (node_modules/winston/lib/wi
nston/transports/console.js:87:23)

PASS 
server/testing/controllers/attendance.controller.test.js 
(7.293 s)
PASS server/testing/controllers/survey.controller.test.js 
(13.457 s)
  ΓùÅ Console

    console.log
      [getEmployeeSurveys] User: undefined (undefined)

      at Module.log (server/modules/surveys/controllers/surv
ey.controller.js:58:17)

    console.log
      [getEmployeeSurveys] User: undefined (undefined)

      at Module.log (server/modules/surveys/controllers/surv
ey.controller.js:58:17)

PASS 
server/testing/controllers/analytics.controller.test.js 
(10.712 s)
PASS server/testing/models/user.model.test.js (9.282 s)
PASS server/testing/controllers/hardcopy.controller.test.js 
(7.918 s)
PASS server/testing/models/reportExecution.model.test.js 
(10.529 s)
PASS server/testing/services/tenantRestrictionEnforcement.pr
operty.test.js (13.383 s)
PASS server/testing/controllers/permissionAudit.controller.t
est.js (17.24 s)
PASS server/testing/models/permissionAudit.model.test.js 
(12.375 s)
PASS server/testing/controllers/surveyNotification.controlle
r.test.js (9.375 s)
PASS server/testing/controllers/position.controller.test.js 
(9.062 s)
PASS 
server/testing/controllers/department.controller.test.js 
(8.866 s)
PASS server/testing/models/idCard.model.test.js (7.744 s)
PASS server/testing/middleware/licenseValidation.middleware.
property.test.js (44.707 s)
PASS server/testing/controllers/event.controller.test.js 
(10.856 s)
PASS server/testing/controllers/documentTemplate.controller.
test.js (8.474 s)
PASS server/testing/models/backupExecution.model.test.js 
(7.052 s)
PASS server/testing/models/resignedEmployee.model.test.js 
(5.733 s)
PASS server/testing/controllers/payroll.controller.test.js 
(7.603 s)
PASS server/testing/controllers/resignedEmployee.controller.
test.js (8.56 s)
  ΓùÅ Console

    console.error
      Get resigned employee by ID error: CastError: Cast to 
ObjectId failed for value "invalid-id" (type string) at 
path "_id" for model "ResignedEmployee"
          at SchemaObjectId.cast (D:\Work\HR-SM\node_modules
\mongoose\lib\schema\objectId.js:253:11)
          at SchemaObjectId.cast [as applySetters] (D:\Work\
HR-SM\node_modules\mongoose\lib\schemaType.js:1288:12)
          at SchemaObjectId.applySetters (D:\Work\HR-SM\node
_modules\mongoose\lib\schemaType.js:1724:17)
          at castForQuery 
(D:\Work\HR-SM\node_modules\mongoose\lib\cast.js:390:32)
          at model.Query.cast 
(D:\Work\HR-SM\node_modules\mongoose\lib\query.js:5060:12)
          at model.Query.cast [as _castConditions] 
(D:\Work\HR-SM\node_modules\mongoose\lib\query.js:2374:10)
          at model.Query._castConditions [as _findOne] 
(D:\Work\HR-SM\node_modules\mongoose\lib\query.js:2697:8)
          at model.Query.exec 
(D:\Work\HR-SM\node_modules\mongoose\lib\query.js:4627:80)
          at processTicksAndRejections 
(node:internal/process/task_queues:105:5)
          at Module.getResignedEmployeeById (D:\Work\HR-SM\s
erver\modules\hr-core\users\controllers\resignedEmployee.con
troller.js:91:34)
          at Object.<anonymous> (D:\Work\HR-SM\server\testin
g\controllers\resignedEmployee.controller.test.js:49:13) {
        stringValue: '"invalid-id"',
        messageFormat: undefined,
        kind: 'ObjectId',
        value: 'invalid-id',
        path: '_id',
        reason: BSONError: input must be a 24 character hex 
string, 12 byte Uint8Array, or an integer
            at new ObjectId 
(D:\Work\HR-SM\node_modules\bson\src\objectid.ts:120:15)
            at castObjectId (D:\Work\HR-SM\node_modules\mong
oose\lib\cast\objectid.js:25:12)
            at SchemaObjectId.castObjectId [as cast] (D:\Wor
k\HR-SM\node_modules\mongoose\lib\schema\objectId.js:251:12)
            at SchemaObjectId.cast [as applySetters] (D:\Wor
k\HR-SM\node_modules\mongoose\lib\schemaType.js:1288:12)
            at SchemaObjectId.applySetters (D:\Work\HR-SM\no
de_modules\mongoose\lib\schemaType.js:1724:17)
            at castForQuery 
(D:\Work\HR-SM\node_modules\mongoose\lib\cast.js:390:32)
            at model.Query.cast 
(D:\Work\HR-SM\node_modules\mongoose\lib\query.js:5060:12)
            at model.Query.cast [as _castConditions] 
(D:\Work\HR-SM\node_modules\mongoose\lib\query.js:2374:10)
            at model.Query._castConditions [as _findOne] 
(D:\Work\HR-SM\node_modules\mongoose\lib\query.js:2697:8)
            at model.Query.exec 
(D:\Work\HR-SM\node_modules\mongoose\lib\query.js:4627:80)
            at processTicksAndRejections 
(node:internal/process/task_queues:105:5)
            at Module.getResignedEmployeeById (D:\Work\HR-SM
\server\modules\hr-core\users\controllers\resignedEmployee.c
ontroller.js:91:34)
            at Object.<anonymous> (D:\Work\HR-SM\server\test
ing\controllers\resignedEmployee.controller.test.js:49:13),
        valueType: 'string'
      }

    [0m [90m 110 |[39m         })[33m;[39m
     [90m 111 |[39m     } [36mcatch[39m (err) {
    [31m[1m>[22m[39m[90m 112 |[39m         
console[33m.[39merror([32m'Get resigned employee by ID 
error:'[39m[33m,[39m err)[33m;[39m
     [90m     |[39m                 [31m[1m^[22m[39m
     [90m 113 |[39m         
res[33m.[39mstatus([35m500[39m)[33m.[39mjson({ 
     [90m 114 |[39m             success[33m:[39m 
[36mfalse[39m[33m,[39m
     [90m 115 |[39m             message[33m:[39m 
err[33m.[39mmessage [0m

      at Module.error (server/modules/hr-core/users/controll
ers/resignedEmployee.controller.js:112:17)
      at Object.<anonymous> (server/testing/controllers/resi
gnedEmployee.controller.test.js:49:13)

    console.error
      Create resigned employee error: Error: 
ResignedEmployee validation failed: resignationReason: Path 
`resignationReason` is required., lastWorkingDay: Path 
`lastWorkingDay` is required., resignationDate: Path 
`resignationDate` is required., position: Path `position` 
is required., department: Path `department` is required., 
employee: Path `employee` is required.
          at ValidationError.inspect (D:\Work\HR-SM\node_mod
ules\mongoose\lib\error\validation.js:52:26)
          at formatValue (node:internal/util/inspect:809:19)
          at inspect (node:internal/util/inspect:368:10)
          at formatWithOptionsInternal 
(node:internal/util/inspect:2307:40)
          at format (node:internal/util/inspect:2164:10)
          at console.error (D:\Work\HR-SM\node_modules\@jest
\console\build\index.js:124:43)
          at Module.error (D:\Work\HR-SM\server\modules\hr-c
ore\users\controllers\resignedEmployee.controller.js:78:17)
          at processTicksAndRejections 
(node:internal/process/task_queues:105:5)
          at Object.<anonymous> (D:\Work\HR-SM\server\testin
g\controllers\resignedEmployee.controller.test.js:57:13) {
        errors: {
          resignationReason: ValidatorError: Path 
`resignationReason` is required.
              at validate (D:\Work\HR-SM\node_modules\mongoo
se\lib\schemaType.js:1443:13)
              at SchemaString.validate [as doValidate] (D:\W
ork\HR-SM\node_modules\mongoose\lib\schemaType.js:1427:7)
              at doValidate (D:\Work\HR-SM\node_modules\mong
oose\lib\document.js:3115:18)
              at processTicksAndRejections 
(node:internal/process/task_queues:85:11) {
            properties: [Object],
            kind: 'required',
            path: 'resignationReason',
            value: undefined,
            reason: undefined,
            [Symbol(mongoose#validatorError)]: true
          },
          lastWorkingDay: ValidatorError: Path 
`lastWorkingDay` is required.
              at validate (D:\Work\HR-SM\node_modules\mongoo
se\lib\schemaType.js:1443:13)
              at SchemaDate.validate [as doValidate] (D:\Wor
k\HR-SM\node_modules\mongoose\lib\schemaType.js:1427:7)
              at doValidate (D:\Work\HR-SM\node_modules\mong
oose\lib\document.js:3115:18)
              at processTicksAndRejections 
(node:internal/process/task_queues:85:11) {
            properties: [Object],
            kind: 'required',
            path: 'lastWorkingDay',
            value: undefined,
            reason: undefined,
            [Symbol(mongoose#validatorError)]: true
          },
          resignationDate: ValidatorError: Path 
`resignationDate` is required.
              at validate (D:\Work\HR-SM\node_modules\mongoo
se\lib\schemaType.js:1443:13)
              at SchemaDate.validate [as doValidate] (D:\Wor
k\HR-SM\node_modules\mongoose\lib\schemaType.js:1427:7)
              at doValidate (D:\Work\HR-SM\node_modules\mong
oose\lib\document.js:3115:18)
              at processTicksAndRejections 
(node:internal/process/task_queues:85:11) {
            properties: [Object],
            kind: 'required',
            path: 'resignationDate',
            value: undefined,
            reason: undefined,
            [Symbol(mongoose#validatorError)]: true
          },
          position: ValidatorError: Path `position` is 
required.
              at validate (D:\Work\HR-SM\node_modules\mongoo
se\lib\schemaType.js:1443:13)
              at SchemaObjectId.validate [as doValidate] (D:
\Work\HR-SM\node_modules\mongoose\lib\schemaType.js:1427:7)
              at doValidate (D:\Work\HR-SM\node_modules\mong
oose\lib\document.js:3115:18)
              at processTicksAndRejections 
(node:internal/process/task_queues:85:11) {
            properties: [Object],
            kind: 'required',
            path: 'position',
            value: undefined,
            reason: undefined,
            [Symbol(mongoose#validatorError)]: true
          },
          department: ValidatorError: Path `department` is 
required.
              at validate (D:\Work\HR-SM\node_modules\mongoo
se\lib\schemaType.js:1443:13)
              at SchemaObjectId.validate [as doValidate] (D:
\Work\HR-SM\node_modules\mongoose\lib\schemaType.js:1427:7)
              at doValidate (D:\Work\HR-SM\node_modules\mong
oose\lib\document.js:3115:18)
              at processTicksAndRejections 
(node:internal/process/task_queues:85:11) {
            properties: [Object],
            kind: 'required',
            path: 'department',
            value: undefined,
            reason: undefined,
            [Symbol(mongoose#validatorError)]: true
          },
          employee: ValidatorError: Path `employee` is 
required.
              at validate (D:\Work\HR-SM\node_modules\mongoo
se\lib\schemaType.js:1443:13)
              at SchemaObjectId.validate [as doValidate] (D:
\Work\HR-SM\node_modules\mongoose\lib\schemaType.js:1427:7)
              at doValidate (D:\Work\HR-SM\node_modules\mong
oose\lib\document.js:3115:18)
              at processTicksAndRejections 
(node:internal/process/task_queues:85:11) {
            properties: [Object],
            kind: 'required',
            path: 'employee',
            value: undefined,
            reason: undefined,
            [Symbol(mongoose#validatorError)]: true
          }
        },
        _message: 'ResignedEmployee validation failed'
      }

    [0m [90m 76 |[39m         })[33m;[39m
     [90m 77 |[39m     } [36mcatch[39m (err) {
    [31m[1m>[22m[39m[90m 78 |[39m         
console[33m.[39merror([32m'Create resigned employee 
error:'[39m[33m,[39m err)[33m;[39m
     [90m    |[39m                 [31m[1m^[22m[39m
     [90m 79 |[39m         
res[33m.[39mstatus([35m400[39m)[33m.[39mjson({
     [90m 80 |[39m             success[33m:[39m 
[36mfalse[39m[33m,[39m
     [90m 81 |[39m             message[33m:[39m 
err[33m.[39mmessage[0m

      at Module.error (server/modules/hr-core/users/controll
ers/resignedEmployee.controller.js:78:17)
      at Object.<anonymous> (server/testing/controllers/resi
gnedEmployee.controller.test.js:57:13)

    console.error
      Create resigned employee error: Error: 
ResignedEmployee validation failed: resignationReason: Path 
`resignationReason` is required., lastWorkingDay: Path 
`lastWorkingDay` is required., resignationDate: Path 
`resignationDate` is required., position: Path `position` 
is required., department: Path `department` is required., 
employee: Path `employee` is required.
          at ValidationError.inspect (D:\Work\HR-SM\node_mod
ules\mongoose\lib\error\validation.js:52:26)
          at formatValue (node:internal/util/inspect:809:19)
          at inspect (node:internal/util/inspect:368:10)
          at formatWithOptionsInternal 
(node:internal/util/inspect:2307:40)
          at format (node:internal/util/inspect:2164:10)
          at console.error (D:\Work\HR-SM\node_modules\@jest
\console\build\index.js:124:43)
          at Module.error (D:\Work\HR-SM\server\modules\hr-c
ore\users\controllers\resignedEmployee.controller.js:78:17)
          at processTicksAndRejections 
(node:internal/process/task_queues:105:5)
          at Object.<anonymous> (D:\Work\HR-SM\server\testin
g\controllers\resignedEmployee.controller.test.js:64:13) {
        errors: {
          resignationReason: ValidatorError: Path 
`resignationReason` is required.
              at validate (D:\Work\HR-SM\node_modules\mongoo
se\lib\schemaType.js:1443:13)
              at SchemaString.validate [as doValidate] (D:\W
ork\HR-SM\node_modules\mongoose\lib\schemaType.js:1427:7)
              at doValidate (D:\Work\HR-SM\node_modules\mong
oose\lib\document.js:3115:18)
              at processTicksAndRejections 
(node:internal/process/task_queues:85:11) {
            properties: [Object],
            kind: 'required',
            path: 'resignationReason',
            value: undefined,
            reason: undefined,
            [Symbol(mongoose#validatorError)]: true
          },
          lastWorkingDay: ValidatorError: Path 
`lastWorkingDay` is required.
              at validate (D:\Work\HR-SM\node_modules\mongoo
se\lib\schemaType.js:1443:13)
              at SchemaDate.validate [as doValidate] (D:\Wor
k\HR-SM\node_modules\mongoose\lib\schemaType.js:1427:7)
              at doValidate (D:\Work\HR-SM\node_modules\mong
oose\lib\document.js:3115:18)
              at processTicksAndRejections 
(node:internal/process/task_queues:85:11) {
            properties: [Object],
            kind: 'required',
            path: 'lastWorkingDay',
            value: undefined,
            reason: undefined,
            [Symbol(mongoose#validatorError)]: true
          },
          resignationDate: ValidatorError: Path 
`resignationDate` is required.
              at validate (D:\Work\HR-SM\node_modules\mongoo
se\lib\schemaType.js:1443:13)
              at SchemaDate.validate [as doValidate] (D:\Wor
k\HR-SM\node_modules\mongoose\lib\schemaType.js:1427:7)
              at doValidate (D:\Work\HR-SM\node_modules\mong
oose\lib\document.js:3115:18)
              at processTicksAndRejections 
(node:internal/process/task_queues:85:11) {
            properties: [Object],
            kind: 'required',
            path: 'resignationDate',
            value: undefined,
            reason: undefined,
            [Symbol(mongoose#validatorError)]: true
          },
          position: ValidatorError: Path `position` is 
required.
              at validate (D:\Work\HR-SM\node_modules\mongoo
se\lib\schemaType.js:1443:13)
              at SchemaObjectId.validate [as doValidate] (D:
\Work\HR-SM\node_modules\mongoose\lib\schemaType.js:1427:7)
              at doValidate (D:\Work\HR-SM\node_modules\mong
oose\lib\document.js:3115:18)
              at processTicksAndRejections 
(node:internal/process/task_queues:85:11) {
            properties: [Object],
            kind: 'required',
            path: 'position',
            value: undefined,
            reason: undefined,
            [Symbol(mongoose#validatorError)]: true
          },
          department: ValidatorError: Path `department` is 
required.
              at validate (D:\Work\HR-SM\node_modules\mongoo
se\lib\schemaType.js:1443:13)
              at SchemaObjectId.validate [as doValidate] (D:
\Work\HR-SM\node_modules\mongoose\lib\schemaType.js:1427:7)
              at doValidate (D:\Work\HR-SM\node_modules\mong
oose\lib\document.js:3115:18)
              at processTicksAndRejections 
(node:internal/process/task_queues:85:11) {
            properties: [Object],
            kind: 'required',
            path: 'department',
            value: undefined,
            reason: undefined,
            [Symbol(mongoose#validatorError)]: true
          },
          employee: ValidatorError: Path `employee` is 
required.
              at validate (D:\Work\HR-SM\node_modules\mongoo
se\lib\schemaType.js:1443:13)
              at SchemaObjectId.validate [as doValidate] (D:
\Work\HR-SM\node_modules\mongoose\lib\schemaType.js:1427:7)
              at doValidate (D:\Work\HR-SM\node_modules\mong
oose\lib\document.js:3115:18)
              at processTicksAndRejections 
(node:internal/process/task_queues:85:11) {
            properties: [Object],
            kind: 'required',
            path: 'employee',
            value: undefined,
            reason: undefined,
            [Symbol(mongoose#validatorError)]: true
          }
        },
        _message: 'ResignedEmployee validation failed'
      }

    [0m [90m 76 |[39m         })[33m;[39m
     [90m 77 |[39m     } [36mcatch[39m (err) {
    [31m[1m>[22m[39m[90m 78 |[39m         
console[33m.[39merror([32m'Create resigned employee 
error:'[39m[33m,[39m err)[33m;[39m
     [90m    |[39m                 [31m[1m^[22m[39m
     [90m 79 |[39m         
res[33m.[39mstatus([35m400[39m)[33m.[39mjson({
     [90m 80 |[39m             success[33m:[39m 
[36mfalse[39m[33m,[39m
     [90m 81 |[39m             message[33m:[39m 
err[33m.[39mmessage[0m

      at Module.error (server/modules/hr-core/users/controll
ers/resignedEmployee.controller.js:78:17)
      at Object.<anonymous> (server/testing/controllers/resi
gnedEmployee.controller.test.js:64:13)

    console.error
      Update resigned employee error: CastError: Cast to 
ObjectId failed for value "invalid-id" (type string) at 
path "_id" for model "ResignedEmployee"
          at SchemaObjectId.cast (D:\Work\HR-SM\node_modules
\mongoose\lib\schema\objectId.js:253:11)
          at SchemaObjectId.cast [as applySetters] (D:\Work\
HR-SM\node_modules\mongoose\lib\schemaType.js:1288:12)
          at SchemaObjectId.applySetters (D:\Work\HR-SM\node
_modules\mongoose\lib\schemaType.js:1724:17)
          at castForQuery 
(D:\Work\HR-SM\node_modules\mongoose\lib\cast.js:390:32)
          at model.Query.cast 
(D:\Work\HR-SM\node_modules\mongoose\lib\query.js:5060:12)
          at model.Query.cast [as _castConditions] 
(D:\Work\HR-SM\node_modules\mongoose\lib\query.js:2374:10)
          at model.Query._castConditions [as 
_findOneAndUpdate] 
(D:\Work\HR-SM\node_modules\mongoose\lib\query.js:3477:8)
          at model.Query.exec 
(D:\Work\HR-SM\node_modules\mongoose\lib\query.js:4627:80)
          at processTicksAndRejections 
(node:internal/process/task_queues:105:5)
          at Module.updateResignedEmployee (D:\Work\HR-SM\se
rver\modules\hr-core\users\controllers\resignedEmployee.cont
roller.js:125:34)
          at Object.<anonymous> (D:\Work\HR-SM\server\testin
g\controllers\resignedEmployee.controller.test.js:79:13) {
        stringValue: '"invalid-id"',
        messageFormat: undefined,
        kind: 'ObjectId',
        value: 'invalid-id',
        path: '_id',
        reason: BSONError: input must be a 24 character hex 
string, 12 byte Uint8Array, or an integer
            at new ObjectId 
(D:\Work\HR-SM\node_modules\bson\src\objectid.ts:120:15)
            at castObjectId (D:\Work\HR-SM\node_modules\mong
oose\lib\cast\objectid.js:25:12)
            at SchemaObjectId.castObjectId [as cast] (D:\Wor
k\HR-SM\node_modules\mongoose\lib\schema\objectId.js:251:12)
            at SchemaObjectId.cast [as applySetters] (D:\Wor
k\HR-SM\node_modules\mongoose\lib\schemaType.js:1288:12)
            at SchemaObjectId.applySetters (D:\Work\HR-SM\no
de_modules\mongoose\lib\schemaType.js:1724:17)
            at castForQuery 
(D:\Work\HR-SM\node_modules\mongoose\lib\cast.js:390:32)
            at model.Query.cast 
(D:\Work\HR-SM\node_modules\mongoose\lib\query.js:5060:12)
            at model.Query.cast [as _castConditions] 
(D:\Work\HR-SM\node_modules\mongoose\lib\query.js:2374:10)
            at model.Query._castConditions [as 
_findOneAndUpdate] 
(D:\Work\HR-SM\node_modules\mongoose\lib\query.js:3477:8)
            at model.Query.exec 
(D:\Work\HR-SM\node_modules\mongoose\lib\query.js:4627:80)
            at processTicksAndRejections 
(node:internal/process/task_queues:105:5)
            at Module.updateResignedEmployee (D:\Work\HR-SM\
server\modules\hr-core\users\controllers\resignedEmployee.co
ntroller.js:125:34)
            at Object.<anonymous> (D:\Work\HR-SM\server\test
ing\controllers\resignedEmployee.controller.test.js:79:13),
        valueType: 'string'
      }

    [0m [90m 145 |[39m         })[33m;[39m
     [90m 146 |[39m     } [36mcatch[39m (err) {
    [31m[1m>[22m[39m[90m 147 |[39m         
console[33m.[39merror([32m'Update resigned employee 
error:'[39m[33m,[39m err)[33m;[39m
     [90m     |[39m                 [31m[1m^[22m[39m
     [90m 148 |[39m         
res[33m.[39mstatus([35m400[39m)[33m.[39mjson({ 
     [90m 149 |[39m             success[33m:[39m 
[36mfalse[39m[33m,[39m
     [90m 150 |[39m             message[33m:[39m 
err[33m.[39mmessage [0m

      at Module.error (server/modules/hr-core/users/controll
ers/resignedEmployee.controller.js:147:17)
      at Object.<anonymous> (server/testing/controllers/resi
gnedEmployee.controller.test.js:79:13)

    console.error
      Delete resigned employee error: CastError: Cast to 
ObjectId failed for value "invalid-id" (type string) at 
path "_id" for model "ResignedEmployee"
          at SchemaObjectId.cast (D:\Work\HR-SM\node_modules
\mongoose\lib\schema\objectId.js:253:11)
          at SchemaObjectId.cast [as applySetters] (D:\Work\
HR-SM\node_modules\mongoose\lib\schemaType.js:1288:12)
          at SchemaObjectId.applySetters (D:\Work\HR-SM\node
_modules\mongoose\lib\schemaType.js:1724:17)
          at castForQuery 
(D:\Work\HR-SM\node_modules\mongoose\lib\cast.js:390:32)
          at model.Query.cast 
(D:\Work\HR-SM\node_modules\mongoose\lib\query.js:5060:12)
          at model.Query.cast [as _castConditions] 
(D:\Work\HR-SM\node_modules\mongoose\lib\query.js:2374:10)
          at model.Query._castConditions [as 
_findOneAndDelete] 
(D:\Work\HR-SM\node_modules\mongoose\lib\query.js:3616:8)
          at model.Query.exec 
(D:\Work\HR-SM\node_modules\mongoose\lib\query.js:4627:80)
          at processTicksAndRejections 
(node:internal/process/task_queues:105:5)
          at Module.deleteResignedEmployee (D:\Work\HR-SM\se
rver\modules\hr-core\users\controllers\resignedEmployee.cont
roller.js:160:34)
          at Object.<anonymous> (D:\Work\HR-SM\server\testin
g\controllers\resignedEmployee.controller.test.js:94:13) {
        stringValue: '"invalid-id"',
        messageFormat: undefined,
        kind: 'ObjectId',
        value: 'invalid-id',
        path: '_id',
        reason: BSONError: input must be a 24 character hex 
string, 12 byte Uint8Array, or an integer
            at new ObjectId 
(D:\Work\HR-SM\node_modules\bson\src\objectid.ts:120:15)
            at castObjectId (D:\Work\HR-SM\node_modules\mong
oose\lib\cast\objectid.js:25:12)
            at SchemaObjectId.castObjectId [as cast] (D:\Wor
k\HR-SM\node_modules\mongoose\lib\schema\objectId.js:251:12)
            at SchemaObjectId.cast [as applySetters] (D:\Wor
k\HR-SM\node_modules\mongoose\lib\schemaType.js:1288:12)
            at SchemaObjectId.applySetters (D:\Work\HR-SM\no
de_modules\mongoose\lib\schemaType.js:1724:17)
            at castForQuery 
(D:\Work\HR-SM\node_modules\mongoose\lib\cast.js:390:32)
            at model.Query.cast 
(D:\Work\HR-SM\node_modules\mongoose\lib\query.js:5060:12)
            at model.Query.cast [as _castConditions] 
(D:\Work\HR-SM\node_modules\mongoose\lib\query.js:2374:10)
            at model.Query._castConditions [as 
_findOneAndDelete] 
(D:\Work\HR-SM\node_modules\mongoose\lib\query.js:3616:8)
            at model.Query.exec 
(D:\Work\HR-SM\node_modules\mongoose\lib\query.js:4627:80)
            at processTicksAndRejections 
(node:internal/process/task_queues:105:5)
            at Module.deleteResignedEmployee (D:\Work\HR-SM\
server\modules\hr-core\users\controllers\resignedEmployee.co
ntroller.js:160:34)
            at Object.<anonymous> (D:\Work\HR-SM\server\test
ing\controllers\resignedEmployee.controller.test.js:94:13),
        valueType: 'string'
      }

    [0m [90m 175 |[39m         })[33m;[39m
     [90m 176 |[39m     } [36mcatch[39m (err) {
    [31m[1m>[22m[39m[90m 177 |[39m         
console[33m.[39merror([32m'Delete resigned employee 
error:'[39m[33m,[39m err)[33m;[39m
     [90m     |[39m                 [31m[1m^[22m[39m
     [90m 178 |[39m         
res[33m.[39mstatus([35m500[39m)[33m.[39mjson({ 
     [90m 179 |[39m             success[33m:[39m 
[36mfalse[39m[33m,[39m
     [90m 180 |[39m             message[33m:[39m 
err[33m.[39mmessage [0m

      at Module.error (server/modules/hr-core/users/controll
ers/resignedEmployee.controller.js:177:17)
      at Object.<anonymous> (server/testing/controllers/resi
gnedEmployee.controller.test.js:94:13)

PASS 
server/testing/services/licenseFileLoader.property.test.js 
(6.647 s)
  ΓùÅ Console

    console.log
      2025-12-22 13:28:55 [[31merror[39m]: License file 
validation failed {
        "errors": [
          "Invalid license signature"
        ],
        "path": "D:\\Work\\HR-SM\\test-licenses\\test-licens
e-1766402935039-ovfu3f.json"
      }

      at Console.write [as log] (node_modules/winston/lib/wi
nston/transports/console.js:87:23)

    console.log
      2025-12-22 13:28:55 [[31merror[39m]: No valid 
license available

      at Console.write [as log] (node_modules/winston/lib/wi
nston/transports/console.js:87:23)

    console.log
      2025-12-22 13:28:55 [[31merror[39m]: No valid 
license available

      at Console.write [as log] (node_modules/winston/lib/wi
nston/transports/console.js:87:23)

    console.log
      2025-12-22 13:28:55 [[31merror[39m]: No valid 
license available

      at Console.write [as log] (node_modules/winston/lib/wi
nston/transports/console.js:87:23)

    console.log
      2025-12-22 13:28:55 [[31merror[39m]: No valid 
license available

      at Console.write [as log] (node_modules/winston/lib/wi
nston/transports/console.js:87:23)

    console.log
      2025-12-22 13:28:55 [[31merror[39m]: No valid 
license available

      at Console.write [as log] (node_modules/winston/lib/wi
nston/transports/console.js:87:23)

    console.log
      2025-12-22 13:28:55 [[31merror[39m]: No valid 
license available

      at Console.write [as log] (node_modules/winston/lib/wi
nston/transports/console.js:87:23)

    console.log
      2025-12-22 13:28:55 [[31merror[39m]: No valid 
license available

      at Console.write [as log] (node_modules/winston/lib/wi
nston/transports/console.js:87:23)

    console.log
      2025-12-22 13:28:55 [[31merror[39m]: No valid 
license available

      at Console.write [as log] (node_modules/winston/lib/wi
nston/transports/console.js:87:23)

    console.log
      2025-12-22 13:28:55 [[31merror[39m]: No valid 
license available

      at Console.write [as log] (node_modules/winston/lib/wi
nston/transports/console.js:87:23)

    console.log
      2025-12-22 13:28:55 [[31merror[39m]: No valid 
license available

      at Console.write [as log] (node_modules/winston/lib/wi
nston/transports/console.js:87:23)

    console.log
      2025-12-22 13:28:55 [[31merror[39m]: No valid 
license available

      at Console.write [as log] (node_modules/winston/lib/wi
nston/transports/console.js:87:23)

    console.log
      2025-12-22 13:28:55 [[31merror[39m]: No valid 
license available

      at Console.write [as log] (node_modules/winston/lib/wi
nston/transports/console.js:87:23)

    console.log
      2025-12-22 13:28:55 [[31merror[39m]: License file 
validation failed {
        "errors": [
          "Invalid license key format. Expected: 
HRMS-XXXX-XXXX-XXXX",
          "Invalid license signature"
        ],
        "path": "D:\\Work\\HR-SM\\test-licenses\\test-licens
e-1766402935089-ln4h4.json"
      }

      at Console.write [as log] (node_modules/winston/lib/wi
nston/transports/console.js:87:23)

    console.log
      2025-12-22 13:28:55 [[31merror[39m]: No valid 
license available

      at Console.write [as log] (node_modules/winston/lib/wi
nston/transports/console.js:87:23)

    console.log
      2025-12-22 13:28:55 [[31merror[39m]: No valid 
license available

      at Console.write [as log] (node_modules/winston/lib/wi
nston/transports/console.js:87:23)

    console.log
      2025-12-22 13:28:55 [[31merror[39m]: No valid 
license available

      at Console.write [as log] (node_modules/winston/lib/wi
nston/transports/console.js:87:23)

    console.log
      2025-12-22 13:28:55 [[31merror[39m]: No valid 
license available

      at Console.write [as log] (node_modules/winston/lib/wi
nston/transports/console.js:87:23)

    console.log
      2025-12-22 13:28:55 [[31merror[39m]: No valid 
license available

      at Console.write [as log] (node_modules/winston/lib/wi
nston/transports/console.js:87:23)

    console.log
      2025-12-22 13:28:55 [[31merror[39m]: No valid 
license available

      at Console.write [as log] (node_modules/winston/lib/wi
nston/transports/console.js:87:23)

    console.log
      2025-12-22 13:28:55 [[31merror[39m]: No valid 
license available

      at Console.write [as log] (node_modules/winston/lib/wi
nston/transports/console.js:87:23)

    console.log
      2025-12-22 13:28:55 [[31merror[39m]: No valid 
license available

      at Console.write [as log] (node_modules/winston/lib/wi
nston/transports/console.js:87:23)

    console.log
      2025-12-22 13:28:55 [[31merror[39m]: No valid 
license available

      at Console.write [as log] (node_modules/winston/lib/wi
nston/transports/console.js:87:23)

    console.log
      2025-12-22 13:28:55 [[31merror[39m]: No valid 
license available

      at Console.write [as log] (node_modules/winston/lib/wi
nston/transports/console.js:87:23)

    console.log
      2025-12-22 13:28:55 [[31merror[39m]: No valid 
license available

      at Console.write [as log] (node_modules/winston/lib/wi
nston/transports/console.js:87:23)

    console.log
      2025-12-22 13:28:55 [[31merror[39m]: No valid 
license available

      at Console.write [as log] (node_modules/winston/lib/wi
nston/transports/console.js:87:23)

    console.log
      2025-12-22 13:28:55 [[31merror[39m]: License file 
validation failed {
        "errors": [
          "Missing required field: companyName",
          "Invalid license signature"
        ],
        "path": "D:\\Work\\HR-SM\\test-licenses\\test-licens
e-1766402935101-vd7hv.json"
      }

      at Console.write [as log] (node_modules/winston/lib/wi
nston/transports/console.js:87:23)

    console.log
      2025-12-22 13:28:55 [[31merror[39m]: No valid 
license available

      at Console.write [as log] (node_modules/winston/lib/wi
nston/transports/console.js:87:23)

    console.log
      2025-12-22 13:28:55 [[31merror[39m]: No valid 
license available

      at Console.write [as log] (node_modules/winston/lib/wi
nston/transports/console.js:87:23)

    console.log
      2025-12-22 13:28:55 [[31merror[39m]: No valid 
license available

      at Console.write [as log] (node_modules/winston/lib/wi
nston/transports/console.js:87:23)

    console.log
      2025-12-22 13:28:55 [[31merror[39m]: No valid 
license available

      at Console.write [as log] (node_modules/winston/lib/wi
nston/transports/console.js:87:23)

    console.log
      2025-12-22 13:28:55 [[31merror[39m]: No valid 
license available

      at Console.write [as log] (node_modules/winston/lib/wi
nston/transports/console.js:87:23)

    console.log
      2025-12-22 13:28:55 [[31merror[39m]: No valid 
license available

      at Console.write [as log] (node_modules/winston/lib/wi
nston/transports/console.js:87:23)

    console.log
      2025-12-22 13:28:55 [[31merror[39m]: No valid 
license available

      at Console.write [as log] (node_modules/winston/lib/wi
nston/transports/console.js:87:23)

    console.log
      2025-12-22 13:28:55 [[31merror[39m]: No valid 
license available

      at Console.write [as log] (node_modules/winston/lib/wi
nston/transports/console.js:87:23)

    console.log
      2025-12-22 13:28:55 [[31merror[39m]: No valid 
license available

      at Console.write [as log] (node_modules/winston/lib/wi
nston/transports/console.js:87:23)

    console.log
      2025-12-22 13:28:55 [[31merror[39m]: No valid 
license available

      at Console.write [as log] (node_modules/winston/lib/wi
nston/transports/console.js:87:23)

    console.log
      2025-12-22 13:28:55 [[31merror[39m]: No valid 
license available

      at Console.write [as log] (node_modules/winston/lib/wi
nston/transports/console.js:87:23)

    console.log
      2025-12-22 13:28:55 [[31merror[39m]: No valid 
license available

      at Console.write [as log] (node_modules/winston/lib/wi
nston/transports/console.js:87:23)

    console.log
      2025-12-22 13:28:55 [[31merror[39m]: License file 
validation failed {
        "errors": [
          "Invalid issuedAt date format",
          "Invalid license signature"
        ],
        "path": "D:\\Work\\HR-SM\\test-licenses\\test-licens
e-1766402935116-5kgpsh.json"
      }

      at Console.write [as log] (node_modules/winston/lib/wi
nston/transports/console.js:87:23)

    console.log
      2025-12-22 13:28:55 [[31merror[39m]: No valid 
license available

      at Console.write [as log] (node_modules/winston/lib/wi
nston/transports/console.js:87:23)

    console.log
      2025-12-22 13:28:55 [[31merror[39m]: No valid 
license available

      at Console.write [as log] (node_modules/winston/lib/wi
nston/transports/console.js:87:23)

    console.log
      2025-12-22 13:28:55 [[31merror[39m]: No valid 
license available

      at Console.write [as log] (node_modules/winston/lib/wi
nston/transports/console.js:87:23)

    console.log
      2025-12-22 13:28:55 [[31merror[39m]: No valid 
license available

      at Console.write [as log] (node_modules/winston/lib/wi
nston/transports/console.js:87:23)

    console.log
      2025-12-22 13:28:55 [[31merror[39m]: No valid 
license available

      at Console.write [as log] (node_modules/winston/lib/wi
nston/transports/console.js:87:23)

    console.log
      2025-12-22 13:28:55 [[31merror[39m]: No valid 
license available

      at Console.write [as log] (node_modules/winston/lib/wi
nston/transports/console.js:87:23)

    console.log
      2025-12-22 13:28:55 [[31merror[39m]: No valid 
license available

      at Console.write [as log] (node_modules/winston/lib/wi
nston/transports/console.js:87:23)

    console.log
      2025-12-22 13:28:55 [[31merror[39m]: No valid 
license available

      at Console.write [as log] (node_modules/winston/lib/wi
nston/transports/console.js:87:23)

    console.log
      2025-12-22 13:28:55 [[31merror[39m]: No valid 
license available

      at Console.write [as log] (node_modules/winston/lib/wi
nston/transports/console.js:87:23)

    console.log
      2025-12-22 13:28:55 [[31merror[39m]: No valid 
license available

      at Console.write [as log] (node_modules/winston/lib/wi
nston/transports/console.js:87:23)

    console.log
      2025-12-22 13:28:55 [[31merror[39m]: No valid 
license available

      at Console.write [as log] (node_modules/winston/lib/wi
nston/transports/console.js:87:23)

    console.log
      2025-12-22 13:28:55 [[31merror[39m]: No valid 
license available

      at Console.write [as log] (node_modules/winston/lib/wi
nston/transports/console.js:87:23)

    console.log
      2025-12-22 13:28:55 [[31merror[39m]: License file 
validation failed {
        "errors": [
          "Invalid license signature"
        ],
        "path": "D:\\Work\\HR-SM\\test-licenses\\test-licens
e-1766402935136-xusvb8.json"
      }

      at Console.write [as log] (node_modules/winston/lib/wi
nston/transports/console.js:87:23)

    console.log
      2025-12-22 13:28:55 [[31merror[39m]: No valid 
license available

      at Console.write [as log] (node_modules/winston/lib/wi
nston/transports/console.js:87:23)

    console.log
      2025-12-22 13:28:55 [[31merror[39m]: No valid 
license available

      at Console.write [as log] (node_modules/winston/lib/wi
nston/transports/console.js:87:23)

    console.log
      2025-12-22 13:28:55 [[31merror[39m]: No valid 
license available

      at Console.write [as log] (node_modules/winston/lib/wi
nston/transports/console.js:87:23)

    console.log
      2025-12-22 13:28:55 [[31merror[39m]: No valid 
license available

      at Console.write [as log] (node_modules/winston/lib/wi
nston/transports/console.js:87:23)

    console.log
      2025-12-22 13:28:55 [[31merror[39m]: No valid 
license available

      at Console.write [as log] (node_modules/winston/lib/wi
nston/transports/console.js:87:23)

    console.log
      2025-12-22 13:28:55 [[31merror[39m]: No valid 
license available

      at Console.write [as log] (node_modules/winston/lib/wi
nston/transports/console.js:87:23)

    console.log
      2025-12-22 13:28:55 [[31merror[39m]: No valid 
license available

      at Console.write [as log] (node_modules/winston/lib/wi
nston/transports/console.js:87:23)

    console.log
      2025-12-22 13:28:55 [[31merror[39m]: No valid 
license available

      at Console.write [as log] (node_modules/winston/lib/wi
nston/transports/console.js:87:23)

    console.log
      2025-12-22 13:28:55 [[31merror[39m]: No valid 
license available

      at Console.write [as log] (node_modules/winston/lib/wi
nston/transports/console.js:87:23)

    console.log
      2025-12-22 13:28:55 [[31merror[39m]: No valid 
license available

      at Console.write [as log] (node_modules/winston/lib/wi
nston/transports/console.js:87:23)

    console.log
      2025-12-22 13:28:55 [[31merror[39m]: No valid 
license available

      at Console.write [as log] (node_modules/winston/lib/wi
nston/transports/console.js:87:23)

    console.log
      2025-12-22 13:28:55 [[31merror[39m]: No valid 
license available

      at Console.write [as log] (node_modules/winston/lib/wi
nston/transports/console.js:87:23)

    console.log
      2025-12-22 13:28:55 [[31merror[39m]: License file 
validation failed {
        "errors": [
          "Failed to parse license file: Unexpected token 
'r', \"ref\" is not valid JSON"
        ],
        "path": "D:\\Work\\HR-SM\\test-licenses\\test-licens
e-1766402935166-gpp54.json"
      }

      at Console.write [as log] (node_modules/winston/lib/wi
nston/transports/console.js:87:23)

    console.log
      2025-12-22 13:28:55 [[31merror[39m]: No valid 
license available

      at Console.write [as log] (node_modules/winston/lib/wi
nston/transports/console.js:87:23)

    console.log
      2025-12-22 13:28:55 [[31merror[39m]: No valid 
license available

      at Console.write [as log] (node_modules/winston/lib/wi
nston/transports/console.js:87:23)

    console.log
      2025-12-22 13:28:55 [[31merror[39m]: No valid 
license available

      at Console.write [as log] (node_modules/winston/lib/wi
nston/transports/console.js:87:23)

    console.log
      2025-12-22 13:28:55 [[31merror[39m]: No valid 
license available

      at Console.write [as log] (node_modules/winston/lib/wi
nston/transports/console.js:87:23)

    console.log
      2025-12-22 13:28:55 [[31merror[39m]: No valid 
license available

      at Console.write [as log] (node_modules/winston/lib/wi
nston/transports/console.js:87:23)

    console.log
      2025-12-22 13:28:55 [[31merror[39m]: No valid 
license available

      at Console.write [as log] (node_modules/winston/lib/wi
nston/transports/console.js:87:23)

    console.log
      2025-12-22 13:28:55 [[31merror[39m]: No valid 
license available

      at Console.write [as log] (node_modules/winston/lib/wi
nston/transports/console.js:87:23)

    console.log
      2025-12-22 13:28:55 [[31merror[39m]: No valid 
license available

      at Console.write [as log] (node_modules/winston/lib/wi
nston/transports/console.js:87:23)

    console.log
      2025-12-22 13:28:55 [[31merror[39m]: No valid 
license available

      at Console.write [as log] (node_modules/winston/lib/wi
nston/transports/console.js:87:23)

    console.log
      2025-12-22 13:28:55 [[31merror[39m]: No valid 
license available

      at Console.write [as log] (node_modules/winston/lib/wi
nston/transports/console.js:87:23)

    console.log
      2025-12-22 13:28:55 [[31merror[39m]: No valid 
license available

      at Console.write [as log] (node_modules/winston/lib/wi
nston/transports/console.js:87:23)

    console.log
      2025-12-22 13:28:55 [[31merror[39m]: No valid 
license available

      at Console.write [as log] (node_modules/winston/lib/wi
nston/transports/console.js:87:23)

    console.log
      2025-12-22 13:28:55 [[31merror[39m]: License file 
validation failed {
        "errors": [
          "Invalid license signature"
        ],
        "path": "D:\\Work\\HR-SM\\test-licenses\\test-licens
e-1766402935177-0gzc9q.json"
      }

      at Console.write [as log] (node_modules/winston/lib/wi
nston/transports/console.js:87:23)

    console.log
      2025-12-22 13:28:55 [[31merror[39m]: No valid 
license available

      at Console.write [as log] (node_modules/winston/lib/wi
nston/transports/console.js:87:23)

    console.log
      2025-12-22 13:28:55 [[31merror[39m]: No valid 
license available

      at Console.write [as log] (node_modules/winston/lib/wi
nston/transports/console.js:87:23)

    console.log
      2025-12-22 13:28:55 [[31merror[39m]: No valid 
license available

      at Console.write [as log] (node_modules/winston/lib/wi
nston/transports/console.js:87:23)

    console.log
      2025-12-22 13:28:55 [[31merror[39m]: No valid 
license available

      at Console.write [as log] (node_modules/winston/lib/wi
nston/transports/console.js:87:23)

    console.log
      2025-12-22 13:28:55 [[31merror[39m]: No valid 
license available

      at Console.write [as log] (node_modules/winston/lib/wi
nston/transports/console.js:87:23)

    console.log
      2025-12-22 13:28:55 [[31merror[39m]: No valid 
license available

      at Console.write [as log] (node_modules/winston/lib/wi
nston/transports/console.js:87:23)

    console.log
      2025-12-22 13:28:55 [[31merror[39m]: No valid 
license available

      at Console.write [as log] (node_modules/winston/lib/wi
nston/transports/console.js:87:23)

    console.log
      2025-12-22 13:28:55 [[31merror[39m]: No valid 
license available

      at Console.write [as log] (node_modules/winston/lib/wi
nston/transports/console.js:87:23)

    console.log
      2025-12-22 13:28:55 [[31merror[39m]: No valid 
license available

      at Console.write [as log] (node_modules/winston/lib/wi
nston/transports/console.js:87:23)

    console.log
      2025-12-22 13:28:55 [[31merror[39m]: No valid 
license available

      at Console.write [as log] (node_modules/winston/lib/wi
nston/transports/console.js:87:23)

    console.log
      2025-12-22 13:28:55 [[31merror[39m]: No valid 
license available

      at Console.write [as log] (node_modules/winston/lib/wi
nston/transports/console.js:87:23)

    console.log
      2025-12-22 13:28:55 [[31merror[39m]: No valid 
license available

      at Console.write [as log] (node_modules/winston/lib/wi
nston/transports/console.js:87:23)

    console.log
      2025-12-22 13:28:55 [[31merror[39m]: License file 
validation failed {
        "errors": [
          "Invalid issuedAt date format",
          "Invalid license signature"
        ],
        "path": "D:\\Work\\HR-SM\\test-licenses\\test-licens
e-1766402935190-dgpyeu.json"
      }

      at Console.write [as log] (node_modules/winston/lib/wi
nston/transports/console.js:87:23)

    console.log
      2025-12-22 13:28:55 [[31merror[39m]: No valid 
license available

      at Console.write [as log] (node_modules/winston/lib/wi
nston/transports/console.js:87:23)

    console.log
      2025-12-22 13:28:55 [[31merror[39m]: No valid 
license available

      at Console.write [as log] (node_modules/winston/lib/wi
nston/transports/console.js:87:23)

    console.log
      2025-12-22 13:28:55 [[31merror[39m]: No valid 
license available

      at Console.write [as log] (node_modules/winston/lib/wi
nston/transports/console.js:87:23)

    console.log
      2025-12-22 13:28:55 [[31merror[39m]: No valid 
license available

      at Console.write [as log] (node_modules/winston/lib/wi
nston/transports/console.js:87:23)

    console.log
      2025-12-22 13:28:55 [[31merror[39m]: No valid 
license available

      at Console.write [as log] (node_modules/winston/lib/wi
nston/transports/console.js:87:23)

    console.log
      2025-12-22 13:28:55 [[31merror[39m]: No valid 
license available

      at Console.write [as log] (node_modules/winston/lib/wi
nston/transports/console.js:87:23)

    console.log
      2025-12-22 13:28:55 [[31merror[39m]: No valid 
license available

      at Console.write [as log] (node_modules/winston/lib/wi
nston/transports/console.js:87:23)

    console.log
      2025-12-22 13:28:55 [[31merror[39m]: No valid 
license available

      at Console.write [as log] (node_modules/winston/lib/wi
nston/transports/console.js:87:23)

    console.log
      2025-12-22 13:28:55 [[31merror[39m]: No valid 
license available

      at Console.write [as log] (node_modules/winston/lib/wi
nston/transports/console.js:87:23)

    console.log
      2025-12-22 13:28:55 [[31merror[39m]: No valid 
license available

      at Console.write [as log] (node_modules/winston/lib/wi
nston/transports/console.js:87:23)

    console.log
      2025-12-22 13:28:55 [[31merror[39m]: No valid 
license available

      at Console.write [as log] (node_modules/winston/lib/wi
nston/transports/console.js:87:23)

    console.log
      2025-12-22 13:28:55 [[31merror[39m]: No valid 
license available

      at Console.write [as log] (node_modules/winston/lib/wi
nston/transports/console.js:87:23)

    console.log
      2025-12-22 13:28:55 [[31merror[39m]: License file 
validation failed {
        "errors": [
          "Invalid issuedAt date format",
          "Invalid license signature"
        ],
        "path": "D:\\Work\\HR-SM\\test-licenses\\test-licens
e-1766402935203-f3kvi.json"
      }

      at Console.write [as log] (node_modules/winston/lib/wi
nston/transports/console.js:87:23)

    console.log
      2025-12-22 13:28:55 [[31merror[39m]: No valid 
license available

      at Console.write [as log] (node_modules/winston/lib/wi
nston/transports/console.js:87:23)

    console.log
      2025-12-22 13:28:55 [[31merror[39m]: No valid 
license available

      at Console.write [as log] (node_modules/winston/lib/wi
nston/transports/console.js:87:23)

    console.log
      2025-12-22 13:28:55 [[31merror[39m]: No valid 
license available

      at Console.write [as log] (node_modules/winston/lib/wi
nston/transports/console.js:87:23)

    console.log
      2025-12-22 13:28:55 [[31merror[39m]: No valid 
license available

      at Console.write [as log] (node_modules/winston/lib/wi
nston/transports/console.js:87:23)

    console.log
      2025-12-22 13:28:55 [[31merror[39m]: No valid 
license available

      at Console.write [as log] (node_modules/winston/lib/wi
nston/transports/console.js:87:23)

    console.log
      2025-12-22 13:28:55 [[31merror[39m]: No valid 
license available

      at Console.write [as log] (node_modules/winston/lib/wi
nston/transports/console.js:87:23)

    console.log
      2025-12-22 13:28:55 [[31merror[39m]: No valid 
license available

      at Console.write [as log] (node_modules/winston/lib/wi
nston/transports/console.js:87:23)

    console.log
      2025-12-22 13:28:55 [[31merror[39m]: No valid 
license available

      at Console.write [as log] (node_modules/winston/lib/wi
nston/transports/console.js:87:23)

    console.log
      2025-12-22 13:28:55 [[31merror[39m]: No valid 
license available

      at Console.write [as log] (node_modules/winston/lib/wi
nston/transports/console.js:87:23)

    console.log
      2025-12-22 13:28:55 [[31merror[39m]: No valid 
license available

      at Console.write [as log] (node_modules/winston/lib/wi
nston/transports/console.js:87:23)

    console.log
      2025-12-22 13:28:55 [[31merror[39m]: No valid 
license available

      at Console.write [as log] (node_modules/winston/lib/wi
nston/transports/console.js:87:23)

    console.log
      2025-12-22 13:28:55 [[31merror[39m]: No valid 
license available

      at Console.write [as log] (node_modules/winston/lib/wi
nston/transports/console.js:87:23)

    console.log
      2025-12-22 13:28:55 [[31merror[39m]: License file 
validation failed {
        "errors": [
          "Failed to parse license file: Unexpected 
non-whitespace character after JSON at position 1 (line 1 
column 2)"
        ],
        "path": "D:\\Work\\HR-SM\\test-licenses\\test-licens
e-1766402935215-10tps6.json"
      }

      at Console.write [as log] (node_modules/winston/lib/wi
nston/transports/console.js:87:23)

    console.log
      2025-12-22 13:28:55 [[31merror[39m]: No valid 
license available

      at Console.write [as log] (node_modules/winston/lib/wi
nston/transports/console.js:87:23)

    console.log
      2025-12-22 13:28:55 [[31merror[39m]: No valid 
license available

      at Console.write [as log] (node_modules/winston/lib/wi
nston/transports/console.js:87:23)

    console.log
      2025-12-22 13:28:55 [[31merror[39m]: No valid 
license available

      at Console.write [as log] (node_modules/winston/lib/wi
nston/transports/console.js:87:23)

    console.log
      2025-12-22 13:28:55 [[31merror[39m]: No valid 
license available

      at Console.write [as log] (node_modules/winston/lib/wi
nston/transports/console.js:87:23)

    console.log
      2025-12-22 13:28:55 [[31merror[39m]: No valid 
license available

      at Console.write [as log] (node_modules/winston/lib/wi
nston/transports/console.js:87:23)

    console.log
      2025-12-22 13:28:55 [[31merror[39m]: No valid 
license available

      at Console.write [as log] (node_modules/winston/lib/wi
nston/transports/console.js:87:23)

    console.log
      2025-12-22 13:28:55 [[31merror[39m]: No valid 
license available

      at Console.write [as log] (node_modules/winston/lib/wi
nston/transports/console.js:87:23)

    console.log
      2025-12-22 13:28:55 [[31merror[39m]: No valid 
license available

      at Console.write [as log] (node_modules/winston/lib/wi
nston/transports/console.js:87:23)

    console.log
      2025-12-22 13:28:55 [[31merror[39m]: No valid 
license available

      at Console.write [as log] (node_modules/winston/lib/wi
nston/transports/console.js:87:23)

    console.log
      2025-12-22 13:28:55 [[31merror[39m]: No valid 
license available

      at Console.write [as log] (node_modules/winston/lib/wi
nston/transports/console.js:87:23)

    console.log
      2025-12-22 13:28:55 [[31merror[39m]: No valid 
license available

      at Console.write [as log] (node_modules/winston/lib/wi
nston/transports/console.js:87:23)

    console.log
      2025-12-22 13:28:55 [[31merror[39m]: No valid 
license available

      at Console.write [as log] (node_modules/winston/lib/wi
nston/transports/console.js:87:23)

    console.log
      2025-12-22 13:28:55 [[31merror[39m]: License file 
validation failed {
        "errors": [
          "Missing required field: companyName",
          "Invalid license signature"
        ],
        "path": "D:\\Work\\HR-SM\\test-licenses\\test-licens
e-1766402935230-eejvm.json"
      }

      at Console.write [as log] (node_modules/winston/lib/wi
nston/transports/console.js:87:23)

    console.log
      2025-12-22 13:28:55 [[31merror[39m]: No valid 
license available

      at Console.write [as log] (node_modules/winston/lib/wi
nston/transports/console.js:87:23)

    console.log
      2025-12-22 13:28:55 [[31merror[39m]: No valid 
license available

      at Console.write [as log] (node_modules/winston/lib/wi
nston/transports/console.js:87:23)

    console.log
      2025-12-22 13:28:55 [[31merror[39m]: No valid 
license available

      at Console.write [as log] (node_modules/winston/lib/wi
nston/transports/console.js:87:23)

    console.log
      2025-12-22 13:28:55 [[31merror[39m]: No valid 
license available

      at Console.write [as log] (node_modules/winston/lib/wi
nston/transports/console.js:87:23)

    console.log
      2025-12-22 13:28:55 [[31merror[39m]: No valid 
license available

      at Console.write [as log] (node_modules/winston/lib/wi
nston/transports/console.js:87:23)

    console.log
      2025-12-22 13:28:55 [[31merror[39m]: No valid 
license available

      at Console.write [as log] (node_modules/winston/lib/wi
nston/transports/console.js:87:23)

    console.log
      2025-12-22 13:28:55 [[31merror[39m]: No valid 
license available

      at Console.write [as log] (node_modules/winston/lib/wi
nston/transports/console.js:87:23)

    console.log
      2025-12-22 13:28:55 [[31merror[39m]: No valid 
license available

      at Console.write [as log] (node_modules/winston/lib/wi
nston/transports/console.js:87:23)

    console.log
      2025-12-22 13:28:55 [[31merror[39m]: No valid 
license available

      at Console.write [as log] (node_modules/winston/lib/wi
nston/transports/console.js:87:23)

    console.log
      2025-12-22 13:28:55 [[31merror[39m]: No valid 
license available

      at Console.write [as log] (node_modules/winston/lib/wi
nston/transports/console.js:87:23)

    console.log
      2025-12-22 13:28:55 [[31merror[39m]: No valid 
license available

      at Console.write [as log] (node_modules/winston/lib/wi
nston/transports/console.js:87:23)

    console.log
      2025-12-22 13:28:55 [[31merror[39m]: No valid 
license available

      at Console.write [as log] (node_modules/winston/lib/wi
nston/transports/console.js:87:23)

    console.log
      2025-12-22 13:28:55 [[31merror[39m]: License file 
validation failed {
        "errors": [
          "Missing required field: licenseKey",
          "Invalid license signature"
        ],
        "path": "D:\\Work\\HR-SM\\test-licenses\\test-licens
e-1766402935248-2hmhw.json"
      }

      at Console.write [as log] (node_modules/winston/lib/wi
nston/transports/console.js:87:23)

    console.log
      2025-12-22 13:28:55 [[31merror[39m]: No valid 
license available

      at Console.write [as log] (node_modules/winston/lib/wi
nston/transports/console.js:87:23)

    console.log
      2025-12-22 13:28:55 [[31merror[39m]: No valid 
license available

      at Console.write [as log] (node_modules/winston/lib/wi
nston/transports/console.js:87:23)

    console.log
      2025-12-22 13:28:55 [[31merror[39m]: No valid 
license available

      at Console.write [as log] (node_modules/winston/lib/wi
nston/transports/console.js:87:23)

    console.log
      2025-12-22 13:28:55 [[31merror[39m]: No valid 
license available

      at Console.write [as log] (node_modules/winston/lib/wi
nston/transports/console.js:87:23)

    console.log
      2025-12-22 13:28:55 [[31merror[39m]: No valid 
license available

      at Console.write [as log] (node_modules/winston/lib/wi
nston/transports/console.js:87:23)

    console.log
      2025-12-22 13:28:55 [[31merror[39m]: No valid 
license available

      at Console.write [as log] (node_modules/winston/lib/wi
nston/transports/console.js:87:23)

    console.log
      2025-12-22 13:28:55 [[31merror[39m]: No valid 
license available

      at Console.write [as log] (node_modules/winston/lib/wi
nston/transports/console.js:87:23)

    console.log
      2025-12-22 13:28:55 [[31merror[39m]: No valid 
license available

      at Console.write [as log] (node_modules/winston/lib/wi
nston/transports/console.js:87:23)

    console.log
      2025-12-22 13:28:55 [[31merror[39m]: No valid 
license available

      at Console.write [as log] (node_modules/winston/lib/wi
nston/transports/console.js:87:23)

    console.log
      2025-12-22 13:28:55 [[31merror[39m]: No valid 
license available

      at Console.write [as log] (node_modules/winston/lib/wi
nston/transports/console.js:87:23)

    console.log
      2025-12-22 13:28:55 [[31merror[39m]: No valid 
license available

      at Console.write [as log] (node_modules/winston/lib/wi
nston/transports/console.js:87:23)

    console.log
      2025-12-22 13:28:55 [[31merror[39m]: No valid 
license available

      at Console.write [as log] (node_modules/winston/lib/wi
nston/transports/console.js:87:23)

    console.log
      2025-12-22 13:28:55 [[31merror[39m]: License file 
validation failed {
        "errors": [
          "Invalid expiresAt date format",
          "Invalid license signature"
        ],
        "path": "D:\\Work\\HR-SM\\test-licenses\\test-licens
e-1766402935259-v2r5ep.json"
      }

      at Console.write [as log] (node_modules/winston/lib/wi
nston/transports/console.js:87:23)

    console.log
      2025-12-22 13:28:55 [[31merror[39m]: No valid 
license available

      at Console.write [as log] (node_modules/winston/lib/wi
nston/transports/console.js:87:23)

    console.log
      2025-12-22 13:28:55 [[31merror[39m]: No valid 
license available

      at Console.write [as log] (node_modules/winston/lib/wi
nston/transports/console.js:87:23)

    console.log
      2025-12-22 13:28:55 [[31merror[39m]: No valid 
license available

      at Console.write [as log] (node_modules/winston/lib/wi
nston/transports/console.js:87:23)

    console.log
      2025-12-22 13:28:55 [[31merror[39m]: No valid 
license available

      at Console.write [as log] (node_modules/winston/lib/wi
nston/transports/console.js:87:23)

    console.log
      2025-12-22 13:28:55 [[31merror[39m]: No valid 
license available

      at Console.write [as log] (node_modules/winston/lib/wi
nston/transports/console.js:87:23)

    console.log
      2025-12-22 13:28:55 [[31merror[39m]: No valid 
license available

      at Console.write [as log] (node_modules/winston/lib/wi
nston/transports/console.js:87:23)

    console.log
      2025-12-22 13:28:55 [[31merror[39m]: No valid 
license available

      at Console.write [as log] (node_modules/winston/lib/wi
nston/transports/console.js:87:23)

    console.log
      2025-12-22 13:28:55 [[31merror[39m]: No valid 
license available

      at Console.write [as log] (node_modules/winston/lib/wi
nston/transports/console.js:87:23)

    console.log
      2025-12-22 13:28:55 [[31merror[39m]: No valid 
license available

      at Console.write [as log] (node_modules/winston/lib/wi
nston/transports/console.js:87:23)

    console.log
      2025-12-22 13:28:55 [[31merror[39m]: No valid 
license available

      at Console.write [as log] (node_modules/winston/lib/wi
nston/transports/console.js:87:23)

    console.log
      2025-12-22 13:28:55 [[31merror[39m]: No valid 
license available

      at Console.write [as log] (node_modules/winston/lib/wi
nston/transports/console.js:87:23)

    console.log
      2025-12-22 13:28:55 [[31merror[39m]: No valid 
license available

      at Console.write [as log] (node_modules/winston/lib/wi
nston/transports/console.js:87:23)

    console.log
      2025-12-22 13:28:55 [[31merror[39m]: License file 
validation failed {
        "errors": [
          "Invalid expiresAt date format",
          "Invalid license signature"
        ],
        "path": "D:\\Work\\HR-SM\\test-licenses\\test-licens
e-1766402935273-qinki.json"
      }

      at Console.write [as log] (node_modules/winston/lib/wi
nston/transports/console.js:87:23)

    console.log
      2025-12-22 13:28:55 [[31merror[39m]: No valid 
license available

      at Console.write [as log] (node_modules/winston/lib/wi
nston/transports/console.js:87:23)

    console.log
      2025-12-22 13:28:55 [[31merror[39m]: No valid 
license available

      at Console.write [as log] (node_modules/winston/lib/wi
nston/transports/console.js:87:23)

    console.log
      2025-12-22 13:28:55 [[31merror[39m]: No valid 
license available

      at Console.write [as log] (node_modules/winston/lib/wi
nston/transports/console.js:87:23)

    console.log
      2025-12-22 13:28:55 [[31merror[39m]: No valid 
license available

      at Console.write [as log] (node_modules/winston/lib/wi
nston/transports/console.js:87:23)

    console.log
      2025-12-22 13:28:55 [[31merror[39m]: No valid 
license available

      at Console.write [as log] (node_modules/winston/lib/wi
nston/transports/console.js:87:23)

    console.log
      2025-12-22 13:28:55 [[31merror[39m]: No valid 
license available

      at Console.write [as log] (node_modules/winston/lib/wi
nston/transports/console.js:87:23)

    console.log
      2025-12-22 13:28:55 [[31merror[39m]: No valid 
license available

      at Console.write [as log] (node_modules/winston/lib/wi
nston/transports/console.js:87:23)

    console.log
      2025-12-22 13:28:55 [[31merror[39m]: No valid 
license available

      at Console.write [as log] (node_modules/winston/lib/wi
nston/transports/console.js:87:23)

    console.log
      2025-12-22 13:28:55 [[31merror[39m]: No valid 
license available

      at Console.write [as log] (node_modules/winston/lib/wi
nston/transports/console.js:87:23)

    console.log
      2025-12-22 13:28:55 [[31merror[39m]: No valid 
license available

      at Console.write [as log] (node_modules/winston/lib/wi
nston/transports/console.js:87:23)

    console.log
      2025-12-22 13:28:55 [[31merror[39m]: No valid 
license available

      at Console.write [as log] (node_modules/winston/lib/wi
nston/transports/console.js:87:23)

    console.log
      2025-12-22 13:28:55 [[31merror[39m]: No valid 
license available

      at Console.write [as log] (node_modules/winston/lib/wi
nston/transports/console.js:87:23)

    console.log
      2025-12-22 13:28:55 [[31merror[39m]: License file 
validation failed {
        "errors": [
          "Missing required field: modules",
          "Invalid license signature"
        ],
        "path": "D:\\Work\\HR-SM\\test-licenses\\test-licens
e-1766402935286-cjlem.json"
      }

      at Console.write [as log] (node_modules/winston/lib/wi
nston/transports/console.js:87:23)

    console.log
      2025-12-22 13:28:55 [[31merror[39m]: No valid 
license available

      at Console.write [as log] (node_modules/winston/lib/wi
nston/transports/console.js:87:23)

    console.log
      2025-12-22 13:28:55 [[31merror[39m]: No valid 
license available

      at Console.write [as log] (node_modules/winston/lib/wi
nston/transports/console.js:87:23)

    console.log
      2025-12-22 13:28:55 [[31merror[39m]: No valid 
license available

      at Console.write [as log] (node_modules/winston/lib/wi
nston/transports/console.js:87:23)

    console.log
      2025-12-22 13:28:55 [[31merror[39m]: No valid 
license available

      at Console.write [as log] (node_modules/winston/lib/wi
nston/transports/console.js:87:23)

    console.log
      2025-12-22 13:28:55 [[31merror[39m]: No valid 
license available

      at Console.write [as log] (node_modules/winston/lib/wi
nston/transports/console.js:87:23)

    console.log
      2025-12-22 13:28:55 [[31merror[39m]: No valid 
license available

      at Console.write [as log] (node_modules/winston/lib/wi
nston/transports/console.js:87:23)

    console.log
      2025-12-22 13:28:55 [[31merror[39m]: No valid 
license available

      at Console.write [as log] (node_modules/winston/lib/wi
nston/transports/console.js:87:23)

    console.log
      2025-12-22 13:28:55 [[31merror[39m]: No valid 
license available

      at Console.write [as log] (node_modules/winston/lib/wi
nston/transports/console.js:87:23)

    console.log
      2025-12-22 13:28:55 [[31merror[39m]: No valid 
license available

      at Console.write [as log] (node_modules/winston/lib/wi
nston/transports/console.js:87:23)

    console.log
      2025-12-22 13:28:55 [[31merror[39m]: No valid 
license available

      at Console.write [as log] (node_modules/winston/lib/wi
nston/transports/console.js:87:23)

    console.log
      2025-12-22 13:28:55 [[31merror[39m]: No valid 
license available

      at Console.write [as log] (node_modules/winston/lib/wi
nston/transports/console.js:87:23)

    console.log
      2025-12-22 13:28:55 [[31merror[39m]: No valid 
license available

      at Console.write [as log] (node_modules/winston/lib/wi
nston/transports/console.js:87:23)

    console.log
      2025-12-22 13:28:55 [[31merror[39m]: License file 
validation failed {
        "errors": [
          "Invalid license key format. Expected: 
HRMS-XXXX-XXXX-XXXX",
          "Invalid license signature"
        ],
        "path": "D:\\Work\\HR-SM\\test-licenses\\test-licens
e-1766402935302-86oaa.json"
      }

      at Console.write [as log] (node_modules/winston/lib/wi
nston/transports/console.js:87:23)

    console.log
      2025-12-22 13:28:55 [[31merror[39m]: No valid 
license available

      at Console.write [as log] (node_modules/winston/lib/wi
nston/transports/console.js:87:23)

    console.log
      2025-12-22 13:28:55 [[31merror[39m]: No valid 
license available

      at Console.write [as log] (node_modules/winston/lib/wi
nston/transports/console.js:87:23)

    console.log
      2025-12-22 13:28:55 [[31merror[39m]: No valid 
license available

      at Console.write [as log] (node_modules/winston/lib/wi
nston/transports/console.js:87:23)

    console.log
      2025-12-22 13:28:55 [[31merror[39m]: No valid 
license available

      at Console.write [as log] (node_modules/winston/lib/wi
nston/transports/console.js:87:23)

    console.log
      2025-12-22 13:28:55 [[31merror[39m]: No valid 
license available

      at Console.write [as log] (node_modules/winston/lib/wi
nston/transports/console.js:87:23)

    console.log
      2025-12-22 13:28:55 [[31merror[39m]: No valid 
license available

      at Console.write [as log] (node_modules/winston/lib/wi
nston/transports/console.js:87:23)

    console.log
      2025-12-22 13:28:55 [[31merror[39m]: No valid 
license available

      at Console.write [as log] (node_modules/winston/lib/wi
nston/transports/console.js:87:23)

    console.log
      2025-12-22 13:28:55 [[31merror[39m]: No valid 
license available

      at Console.write [as log] (node_modules/winston/lib/wi
nston/transports/console.js:87:23)

    console.log
      2025-12-22 13:28:55 [[31merror[39m]: No valid 
license available

      at Console.write [as log] (node_modules/winston/lib/wi
nston/transports/console.js:87:23)

    console.log
      2025-12-22 13:28:55 [[31merror[39m]: No valid 
license available

      at Console.write [as log] (node_modules/winston/lib/wi
nston/transports/console.js:87:23)

    console.log
      2025-12-22 13:28:55 [[31merror[39m]: No valid 
license available

      at Console.write [as log] (node_modules/winston/lib/wi
nston/transports/console.js:87:23)

    console.log
      2025-12-22 13:28:55 [[31merror[39m]: No valid 
license available

      at Console.write [as log] (node_modules/winston/lib/wi
nston/transports/console.js:87:23)

    console.log
      2025-12-22 13:28:55 [[31merror[39m]: License file 
validation failed {
        "errors": [
          "Missing required field: modules",
          "Invalid license signature"
        ],
        "path": "D:\\Work\\HR-SM\\test-licenses\\test-licens
e-1766402935313-rjvu1.json"
      }

      at Console.write [as log] (node_modules/winston/lib/wi
nston/transports/console.js:87:23)

    console.log
      2025-12-22 13:28:55 [[31merror[39m]: No valid 
license available

      at Console.write [as log] (node_modules/winston/lib/wi
nston/transports/console.js:87:23)

    console.log
      2025-12-22 13:28:55 [[31merror[39m]: No valid 
license available

      at Console.write [as log] (node_modules/winston/lib/wi
nston/transports/console.js:87:23)

    console.log
      2025-12-22 13:28:55 [[31merror[39m]: No valid 
license available

      at Console.write [as log] (node_modules/winston/lib/wi
nston/transports/console.js:87:23)

    console.log
      2025-12-22 13:28:55 [[31merror[39m]: No valid 
license available

      at Console.write [as log] (node_modules/winston/lib/wi
nston/transports/console.js:87:23)

    console.log
      2025-12-22 13:28:55 [[31merror[39m]: No valid 
license available

      at Console.write [as log] (node_modules/winston/lib/wi
nston/transports/console.js:87:23)

    console.log
      2025-12-22 13:28:55 [[31merror[39m]: No valid 
license available

      at Console.write [as log] (node_modules/winston/lib/wi
nston/transports/console.js:87:23)

    console.log
      2025-12-22 13:28:55 [[31merror[39m]: No valid 
license available

      at Console.write [as log] (node_modules/winston/lib/wi
nston/transports/console.js:87:23)

    console.log
      2025-12-22 13:28:55 [[31merror[39m]: No valid 
license available

      at Console.write [as log] (node_modules/winston/lib/wi
nston/transports/console.js:87:23)

    console.log
      2025-12-22 13:28:55 [[31merror[39m]: No valid 
license available

      at Console.write [as log] (node_modules/winston/lib/wi
nston/transports/console.js:87:23)

    console.log
      2025-12-22 13:28:55 [[31merror[39m]: No valid 
license available

      at Console.write [as log] (node_modules/winston/lib/wi
nston/transports/console.js:87:23)

    console.log
      2025-12-22 13:28:55 [[31merror[39m]: No valid 
license available

      at Console.write [as log] (node_modules/winston/lib/wi
nston/transports/console.js:87:23)

    console.log
      2025-12-22 13:28:55 [[31merror[39m]: No valid 
license available

      at Console.write [as log] (node_modules/winston/lib/wi
nston/transports/console.js:87:23)

    console.log
      2025-12-22 13:28:55 [[31merror[39m]: License file 
validation failed {
        "errors": [
          "Invalid license signature"
        ],
        "path": "D:\\Work\\HR-SM\\test-licenses\\test-licens
e-1766402935327-b6e42g.json"
      }

      at Console.write [as log] (node_modules/winston/lib/wi
nston/transports/console.js:87:23)

    console.log
      2025-12-22 13:28:55 [[31merror[39m]: No valid 
license available

      at Console.write [as log] (node_modules/winston/lib/wi
nston/transports/console.js:87:23)

    console.log
      2025-12-22 13:28:55 [[31merror[39m]: No valid 
license available

      at Console.write [as log] (node_modules/winston/lib/wi
nston/transports/console.js:87:23)

    console.log
      2025-12-22 13:28:55 [[31merror[39m]: No valid 
license available

      at Console.write [as log] (node_modules/winston/lib/wi
nston/transports/console.js:87:23)

    console.log
      2025-12-22 13:28:55 [[31merror[39m]: No valid 
license available

      at Console.write [as log] (node_modules/winston/lib/wi
nston/transports/console.js:87:23)

    console.log
      2025-12-22 13:28:55 [[31merror[39m]: No valid 
license available

      at Console.write [as log] (node_modules/winston/lib/wi
nston/transports/console.js:87:23)

    console.log
      2025-12-22 13:28:55 [[31merror[39m]: No valid 
license available

      at Console.write [as log] (node_modules/winston/lib/wi
nston/transports/console.js:87:23)

    console.log
      2025-12-22 13:28:55 [[31merror[39m]: No valid 
license available

      at Console.write [as log] (node_modules/winston/lib/wi
nston/transports/console.js:87:23)

    console.log
      2025-12-22 13:28:55 [[31merror[39m]: No valid 
license available

      at Console.write [as log] (node_modules/winston/lib/wi
nston/transports/console.js:87:23)

    console.log
      2025-12-22 13:28:55 [[31merror[39m]: No valid 
license available

      at Console.write [as log] (node_modules/winston/lib/wi
nston/transports/console.js:87:23)

    console.log
      2025-12-22 13:28:55 [[31merror[39m]: No valid 
license available

      at Console.write [as log] (node_modules/winston/lib/wi
nston/transports/console.js:87:23)

    console.log
      2025-12-22 13:28:55 [[31merror[39m]: No valid 
license available

      at Console.write [as log] (node_modules/winston/lib/wi
nston/transports/console.js:87:23)

    console.log
      2025-12-22 13:28:55 [[31merror[39m]: No valid 
license available

      at Console.write [as log] (node_modules/winston/lib/wi
nston/transports/console.js:87:23)

    console.log
      2025-12-22 13:28:55 [[31merror[39m]: License file 
validation failed {
        "errors": [
          "Invalid license key format. Expected: 
HRMS-XXXX-XXXX-XXXX",
          "Invalid license signature"
        ],
        "path": "D:\\Work\\HR-SM\\test-licenses\\test-licens
e-1766402935344-yn2t1c.json"
      }

      at Console.write [as log] (node_modules/winston/lib/wi
nston/transports/console.js:87:23)

    console.log
      2025-12-22 13:28:55 [[31merror[39m]: No valid 
license available

      at Console.write [as log] (node_modules/winston/lib/wi
nston/transports/console.js:87:23)

    console.log
      2025-12-22 13:28:55 [[31merror[39m]: No valid 
license available

      at Console.write [as log] (node_modules/winston/lib/wi
nston/transports/console.js:87:23)

    console.log
      2025-12-22 13:28:55 [[31merror[39m]: No valid 
license available

      at Console.write [as log] (node_modules/winston/lib/wi
nston/transports/console.js:87:23)

    console.log
      2025-12-22 13:28:55 [[31merror[39m]: No valid 
license available

      at Console.write [as log] (node_modules/winston/lib/wi
nston/transports/console.js:87:23)

    console.log
      2025-12-22 13:28:55 [[31merror[39m]: No valid 
license available

      at Console.write [as log] (node_modules/winston/lib/wi
nston/transports/console.js:87:23)

    console.log
      2025-12-22 13:28:55 [[31merror[39m]: No valid 
license available

      at Console.write [as log] (node_modules/winston/lib/wi
nston/transports/console.js:87:23)

    console.log
      2025-12-22 13:28:55 [[31merror[39m]: No valid 
license available

      at Console.write [as log] (node_modules/winston/lib/wi
nston/transports/console.js:87:23)

    console.log
      2025-12-22 13:28:55 [[31merror[39m]: No valid 
license available

      at Console.write [as log] (node_modules/winston/lib/wi
nston/transports/console.js:87:23)

    console.log
      2025-12-22 13:28:55 [[31merror[39m]: No valid 
license available

      at Console.write [as log] (node_modules/winston/lib/wi
nston/transports/console.js:87:23)

    console.log
      2025-12-22 13:28:55 [[31merror[39m]: No valid 
license available

      at Console.write [as log] (node_modules/winston/lib/wi
nston/transports/console.js:87:23)

    console.log
      2025-12-22 13:28:55 [[31merror[39m]: No valid 
license available

      at Console.write [as log] (node_modules/winston/lib/wi
nston/transports/console.js:87:23)

    console.log
      2025-12-22 13:28:55 [[31merror[39m]: No valid 
license available

      at Console.write [as log] (node_modules/winston/lib/wi
nston/transports/console.js:87:23)

    console.log
      2025-12-22 13:28:55 [[31merror[39m]: License file 
validation failed {
        "errors": [
          "Invalid license key format. Expected: 
HRMS-XXXX-XXXX-XXXX",
          "Invalid license signature"
        ],
        "path": "D:\\Work\\HR-SM\\test-licenses\\test-licens
e-1766402935356-2sjoql.json"
      }

      at Console.write [as log] (node_modules/winston/lib/wi
nston/transports/console.js:87:23)

    console.log
      2025-12-22 13:28:55 [[31merror[39m]: No valid 
license available

      at Console.write [as log] (node_modules/winston/lib/wi
nston/transports/console.js:87:23)

    console.log
      2025-12-22 13:28:55 [[31merror[39m]: No valid 
license available

      at Console.write [as log] (node_modules/winston/lib/wi
nston/transports/console.js:87:23)

    console.log
      2025-12-22 13:28:55 [[31merror[39m]: No valid 
license available

      at Console.write [as log] (node_modules/winston/lib/wi
nston/transports/console.js:87:23)

    console.log
      2025-12-22 13:28:55 [[31merror[39m]: No valid 
license available

      at Console.write [as log] (node_modules/winston/lib/wi
nston/transports/console.js:87:23)

    console.log
      2025-12-22 13:28:55 [[31merror[39m]: No valid 
license available

      at Console.write [as log] (node_modules/winston/lib/wi
nston/transports/console.js:87:23)

    console.log
      2025-12-22 13:28:55 [[31merror[39m]: No valid 
license available

      at Console.write [as log] (node_modules/winston/lib/wi
nston/transports/console.js:87:23)

    console.log
      2025-12-22 13:28:55 [[31merror[39m]: No valid 
license available

      at Console.write [as log] (node_modules/winston/lib/wi
nston/transports/console.js:87:23)

    console.log
      2025-12-22 13:28:55 [[31merror[39m]: No valid 
license available

      at Console.write [as log] (node_modules/winston/lib/wi
nston/transports/console.js:87:23)

    console.log
      2025-12-22 13:28:55 [[31merror[39m]: No valid 
license available

      at Console.write [as log] (node_modules/winston/lib/wi
nston/transports/console.js:87:23)

    console.log
      2025-12-22 13:28:55 [[31merror[39m]: No valid 
license available

      at Console.write [as log] (node_modules/winston/lib/wi
nston/transports/console.js:87:23)

    console.log
      2025-12-22 13:28:55 [[31merror[39m]: No valid 
license available

      at Console.write [as log] (node_modules/winston/lib/wi
nston/transports/console.js:87:23)

    console.log
      2025-12-22 13:28:55 [[31merror[39m]: No valid 
license available

      at Console.write [as log] (node_modules/winston/lib/wi
nston/transports/console.js:87:23)

    console.log
      2025-12-22 13:28:55 [[31merror[39m]: License file 
validation failed {
        "errors": [
          "Invalid expiresAt date format",
          "Invalid license signature"
        ],
        "path": "D:\\Work\\HR-SM\\test-licenses\\test-licens
e-1766402935377-f8sd7u.json"
      }

      at Console.write [as log] (node_modules/winston/lib/wi
nston/transports/console.js:87:23)

    console.log
      2025-12-22 13:28:55 [[31merror[39m]: No valid 
license available

      at Console.write [as log] (node_modules/winston/lib/wi
nston/transports/console.js:87:23)

    console.log
      2025-12-22 13:28:55 [[31merror[39m]: No valid 
license available

      at Console.write [as log] (node_modules/winston/lib/wi
nston/transports/console.js:87:23)

    console.log
      2025-12-22 13:28:55 [[31merror[39m]: No valid 
license available

      at Console.write [as log] (node_modules/winston/lib/wi
nston/transports/console.js:87:23)

    console.log
      2025-12-22 13:28:55 [[31merror[39m]: No valid 
license available

      at Console.write [as log] (node_modules/winston/lib/wi
nston/transports/console.js:87:23)

    console.log
      2025-12-22 13:28:55 [[31merror[39m]: No valid 
license available

      at Console.write [as log] (node_modules/winston/lib/wi
nston/transports/console.js:87:23)

    console.log
      2025-12-22 13:28:55 [[31merror[39m]: No valid 
license available

      at Console.write [as log] (node_modules/winston/lib/wi
nston/transports/console.js:87:23)

    console.log
      2025-12-22 13:28:55 [[31merror[39m]: No valid 
license available

      at Console.write [as log] (node_modules/winston/lib/wi
nston/transports/console.js:87:23)

    console.log
      2025-12-22 13:28:55 [[31merror[39m]: No valid 
license available

      at Console.write [as log] (node_modules/winston/lib/wi
nston/transports/console.js:87:23)

    console.log
      2025-12-22 13:28:55 [[31merror[39m]: No valid 
license available

      at Console.write [as log] (node_modules/winston/lib/wi
nston/transports/console.js:87:23)

    console.log
      2025-12-22 13:28:55 [[31merror[39m]: No valid 
license available

      at Console.write [as log] (node_modules/winston/lib/wi
nston/transports/console.js:87:23)

    console.log
      2025-12-22 13:28:55 [[31merror[39m]: No valid 
license available

      at Console.write [as log] (node_modules/winston/lib/wi
nston/transports/console.js:87:23)

    console.log
      2025-12-22 13:28:55 [[31merror[39m]: No valid 
license available

      at Console.write [as log] (node_modules/winston/lib/wi
nston/transports/console.js:87:23)

    console.log
      2025-12-22 13:28:55 [[31merror[39m]: License file 
validation failed {
        "errors": [
          "Missing required field: companyName",
          "Invalid license signature"
        ],
        "path": "D:\\Work\\HR-SM\\test-licenses\\test-licens
e-1766402935392-iwky5o.json"
      }

      at Console.write [as log] (node_modules/winston/lib/wi
nston/transports/console.js:87:23)

    console.log
      2025-12-22 13:28:55 [[31merror[39m]: No valid 
license available

      at Console.write [as log] (node_modules/winston/lib/wi
nston/transports/console.js:87:23)

    console.log
      2025-12-22 13:28:55 [[31merror[39m]: No valid 
license available

      at Console.write [as log] (node_modules/winston/lib/wi
nston/transports/console.js:87:23)

    console.log
      2025-12-22 13:28:55 [[31merror[39m]: No valid 
license available

      at Console.write [as log] (node_modules/winston/lib/wi
nston/transports/console.js:87:23)

    console.log
      2025-12-22 13:28:55 [[31merror[39m]: No valid 
license available

      at Console.write [as log] (node_modules/winston/lib/wi
nston/transports/console.js:87:23)

    console.log
      2025-12-22 13:28:55 [[31merror[39m]: No valid 
license available

      at Console.write [as log] (node_modules/winston/lib/wi
nston/transports/console.js:87:23)

    console.log
      2025-12-22 13:28:55 [[31merror[39m]: No valid 
license available

      at Console.write [as log] (node_modules/winston/lib/wi
nston/transports/console.js:87:23)

    console.log
      2025-12-22 13:28:55 [[31merror[39m]: No valid 
license available

      at Console.write [as log] (node_modules/winston/lib/wi
nston/transports/console.js:87:23)

    console.log
      2025-12-22 13:28:55 [[31merror[39m]: No valid 
license available

      at Console.write [as log] (node_modules/winston/lib/wi
nston/transports/console.js:87:23)

    console.log
      2025-12-22 13:28:55 [[31merror[39m]: No valid 
license available

      at Console.write [as log] (node_modules/winston/lib/wi
nston/transports/console.js:87:23)

    console.log
      2025-12-22 13:28:55 [[31merror[39m]: No valid 
license available

      at Console.write [as log] (node_modules/winston/lib/wi
nston/transports/console.js:87:23)

    console.log
      2025-12-22 13:28:55 [[31merror[39m]: No valid 
license available

      at Console.write [as log] (node_modules/winston/lib/wi
nston/transports/console.js:87:23)

    console.log
      2025-12-22 13:28:55 [[31merror[39m]: No valid 
license available

      at Console.write [as log] (node_modules/winston/lib/wi
nston/transports/console.js:87:23)

    console.log
      2025-12-22 13:28:55 [[31merror[39m]: License file 
validation failed {
        "errors": [
          "Failed to parse license file: Unexpected token 
'J', \"Jz!z\" is not valid JSON"
        ],
        "path": "D:\\Work\\HR-SM\\test-licenses\\test-licens
e-1766402935403-x391ts.json"
      }

      at Console.write [as log] (node_modules/winston/lib/wi
nston/transports/console.js:87:23)

    console.log
      2025-12-22 13:28:55 [[31merror[39m]: No valid 
license available

      at Console.write [as log] (node_modules/winston/lib/wi
nston/transports/console.js:87:23)

    console.log
      2025-12-22 13:28:55 [[31merror[39m]: No valid 
license available

      at Console.write [as log] (node_modules/winston/lib/wi
nston/transports/console.js:87:23)

    console.log
      2025-12-22 13:28:55 [[31merror[39m]: No valid 
license available

      at Console.write [as log] (node_modules/winston/lib/wi
nston/transports/console.js:87:23)

    console.log
      2025-12-22 13:28:55 [[31merror[39m]: No valid 
license available

      at Console.write [as log] (node_modules/winston/lib/wi
nston/transports/console.js:87:23)

    console.log
      2025-12-22 13:28:55 [[31merror[39m]: No valid 
license available

      at Console.write [as log] (node_modules/winston/lib/wi
nston/transports/console.js:87:23)

    console.log
      2025-12-22 13:28:55 [[31merror[39m]: No valid 
license available

      at Console.write [as log] (node_modules/winston/lib/wi
nston/transports/console.js:87:23)

    console.log
      2025-12-22 13:28:55 [[31merror[39m]: No valid 
license available

      at Console.write [as log] (node_modules/winston/lib/wi
nston/transports/console.js:87:23)

    console.log
      2025-12-22 13:28:55 [[31merror[39m]: No valid 
license available

      at Console.write [as log] (node_modules/winston/lib/wi
nston/transports/console.js:87:23)

    console.log
      2025-12-22 13:28:55 [[31merror[39m]: No valid 
license available

      at Console.write [as log] (node_modules/winston/lib/wi
nston/transports/console.js:87:23)

    console.log
      2025-12-22 13:28:55 [[31merror[39m]: No valid 
license available

      at Console.write [as log] (node_modules/winston/lib/wi
nston/transports/console.js:87:23)

    console.log
      2025-12-22 13:28:55 [[31merror[39m]: No valid 
license available

      at Console.write [as log] (node_modules/winston/lib/wi
nston/transports/console.js:87:23)

    console.log
      2025-12-22 13:28:55 [[31merror[39m]: No valid 
license available

      at Console.write [as log] (node_modules/winston/lib/wi
nston/transports/console.js:87:23)

    console.log
      2025-12-22 13:28:55 [[31merror[39m]: License file 
validation failed {
        "errors": [
          "Invalid license signature"
        ],
        "path": "D:\\Work\\HR-SM\\test-licenses\\test-licens
e-1766402935417-57rg9c.json"
      }

      at Console.write [as log] (node_modules/winston/lib/wi
nston/transports/console.js:87:23)

    console.log
      2025-12-22 13:28:55 [[31merror[39m]: No valid 
license available

      at Console.write [as log] (node_modules/winston/lib/wi
nston/transports/console.js:87:23)

    console.log
      2025-12-22 13:28:55 [[31merror[39m]: No valid 
license available

      at Console.write [as log] (node_modules/winston/lib/wi
nston/transports/console.js:87:23)

    console.log
      2025-12-22 13:28:55 [[31merror[39m]: No valid 
license available

      at Console.write [as log] (node_modules/winston/lib/wi
nston/transports/console.js:87:23)

    console.log
      2025-12-22 13:28:55 [[31merror[39m]: No valid 
license available

      at Console.write [as log] (node_modules/winston/lib/wi
nston/transports/console.js:87:23)

    console.log
      2025-12-22 13:28:55 [[31merror[39m]: No valid 
license available

      at Console.write [as log] (node_modules/winston/lib/wi
nston/transports/console.js:87:23)

    console.log
      2025-12-22 13:28:55 [[31merror[39m]: No valid 
license available

      at Console.write [as log] (node_modules/winston/lib/wi
nston/transports/console.js:87:23)

    console.log
      2025-12-22 13:28:55 [[31merror[39m]: No valid 
license available

      at Console.write [as log] (node_modules/winston/lib/wi
nston/transports/console.js:87:23)

    console.log
      2025-12-22 13:28:55 [[31merror[39m]: No valid 
license available

      at Console.write [as log] (node_modules/winston/lib/wi
nston/transports/console.js:87:23)

    console.log
      2025-12-22 13:28:55 [[31merror[39m]: No valid 
license available

      at Console.write [as log] (node_modules/winston/lib/wi
nston/transports/console.js:87:23)

    console.log
      2025-12-22 13:28:55 [[31merror[39m]: No valid 
license available

      at Console.write [as log] (node_modules/winston/lib/wi
nston/transports/console.js:87:23)

    console.log
      2025-12-22 13:28:55 [[31merror[39m]: No valid 
license available

      at Console.write [as log] (node_modules/winston/lib/wi
nston/transports/console.js:87:23)

    console.log
      2025-12-22 13:28:55 [[31merror[39m]: No valid 
license available

      at Console.write [as log] (node_modules/winston/lib/wi
nston/transports/console.js:87:23)

    console.log
      2025-12-22 13:28:55 [[31merror[39m]: License file 
validation failed {
        "errors": [
          "Invalid license key format. Expected: 
HRMS-XXXX-XXXX-XXXX",
          "Invalid license signature"
        ],
        "path": "D:\\Work\\HR-SM\\test-licenses\\test-licens
e-1766402935432-8kwc2p.json"
      }

      at Console.write [as log] (node_modules/winston/lib/wi
nston/transports/console.js:87:23)

    console.log
      2025-12-22 13:28:55 [[31merror[39m]: No valid 
license available

      at Console.write [as log] (node_modules/winston/lib/wi
nston/transports/console.js:87:23)

    console.log
      2025-12-22 13:28:55 [[31merror[39m]: No valid 
license available

      at Console.write [as log] (node_modules/winston/lib/wi
nston/transports/console.js:87:23)

    console.log
      2025-12-22 13:28:55 [[31merror[39m]: No valid 
license available

      at Console.write [as log] (node_modules/winston/lib/wi
nston/transports/console.js:87:23)

    console.log
      2025-12-22 13:28:55 [[31merror[39m]: No valid 
license available

      at Console.write [as log] (node_modules/winston/lib/wi
nston/transports/console.js:87:23)

    console.log
      2025-12-22 13:28:55 [[31merror[39m]: No valid 
license available

      at Console.write [as log] (node_modules/winston/lib/wi
nston/transports/console.js:87:23)

    console.log
      2025-12-22 13:28:55 [[31merror[39m]: No valid 
license available

      at Console.write [as log] (node_modules/winston/lib/wi
nston/transports/console.js:87:23)

    console.log
      2025-12-22 13:28:55 [[31merror[39m]: No valid 
license available

      at Console.write [as log] (node_modules/winston/lib/wi
nston/transports/console.js:87:23)

    console.log
      2025-12-22 13:28:55 [[31merror[39m]: No valid 
license available

      at Console.write [as log] (node_modules/winston/lib/wi
nston/transports/console.js:87:23)

    console.log
      2025-12-22 13:28:55 [[31merror[39m]: No valid 
license available

      at Console.write [as log] (node_modules/winston/lib/wi
nston/transports/console.js:87:23)

    console.log
      2025-12-22 13:28:55 [[31merror[39m]: No valid 
license available

      at Console.write [as log] (node_modules/winston/lib/wi
nston/transports/console.js:87:23)

    console.log
      2025-12-22 13:28:55 [[31merror[39m]: No valid 
license available

      at Console.write [as log] (node_modules/winston/lib/wi
nston/transports/console.js:87:23)

    console.log
      2025-12-22 13:28:55 [[31merror[39m]: No valid 
license available

      at Console.write [as log] (node_modules/winston/lib/wi
nston/transports/console.js:87:23)

    console.log
      2025-12-22 13:28:55 [[31merror[39m]: License file 
validation failed {
        "errors": [
          "Invalid license signature"
        ],
        "path": "D:\\Work\\HR-SM\\test-licenses\\test-licens
e-1766402935450-1mtvyp.json"
      }

      at Console.write [as log] (node_modules/winston/lib/wi
nston/transports/console.js:87:23)

    console.log
      2025-12-22 13:28:55 [[31merror[39m]: No valid 
license available

      at Console.write [as log] (node_modules/winston/lib/wi
nston/transports/console.js:87:23)

    console.log
      2025-12-22 13:28:55 [[31merror[39m]: No valid 
license available

      at Console.write [as log] (node_modules/winston/lib/wi
nston/transports/console.js:87:23)

    console.log
      2025-12-22 13:28:55 [[31merror[39m]: No valid 
license available

      at Console.write [as log] (node_modules/winston/lib/wi
nston/transports/console.js:87:23)

    console.log
      2025-12-22 13:28:55 [[31merror[39m]: No valid 
license available

      at Console.write [as log] (node_modules/winston/lib/wi
nston/transports/console.js:87:23)

    console.log
      2025-12-22 13:28:55 [[31merror[39m]: No valid 
license available

      at Console.write [as log] (node_modules/winston/lib/wi
nston/transports/console.js:87:23)

    console.log
      2025-12-22 13:28:55 [[31merror[39m]: No valid 
license available

      at Console.write [as log] (node_modules/winston/lib/wi
nston/transports/console.js:87:23)

    console.log
      2025-12-22 13:28:55 [[31merror[39m]: No valid 
license available

      at Console.write [as log] (node_modules/winston/lib/wi
nston/transports/console.js:87:23)

    console.log
      2025-12-22 13:28:55 [[31merror[39m]: No valid 
license available

      at Console.write [as log] (node_modules/winston/lib/wi
nston/transports/console.js:87:23)

    console.log
      2025-12-22 13:28:55 [[31merror[39m]: No valid 
license available

      at Console.write [as log] (node_modules/winston/lib/wi
nston/transports/console.js:87:23)

    console.log
      2025-12-22 13:28:55 [[31merror[39m]: No valid 
license available

      at Console.write [as log] (node_modules/winston/lib/wi
nston/transports/console.js:87:23)

    console.log
      2025-12-22 13:28:55 [[31merror[39m]: No valid 
license available

      at Console.write [as log] (node_modules/winston/lib/wi
nston/transports/console.js:87:23)

    console.log
      2025-12-22 13:28:55 [[31merror[39m]: No valid 
license available

      at Console.write [as log] (node_modules/winston/lib/wi
nston/transports/console.js:87:23)

    console.log
      2025-12-22 13:28:55 [[31merror[39m]: License file 
validation failed {
        "errors": [
          "Invalid expiresAt date format",
          "Invalid license signature"
        ],
        "path": "D:\\Work\\HR-SM\\test-licenses\\test-licens
e-1766402935476-cdmaye.json"
      }

      at Console.write [as log] (node_modules/winston/lib/wi
nston/transports/console.js:87:23)

    console.log
      2025-12-22 13:28:55 [[31merror[39m]: No valid 
license available

      at Console.write [as log] (node_modules/winston/lib/wi
nston/transports/console.js:87:23)

    console.log
      2025-12-22 13:28:55 [[31merror[39m]: No valid 
license available

      at Console.write [as log] (node_modules/winston/lib/wi
nston/transports/console.js:87:23)

    console.log
      2025-12-22 13:28:55 [[31merror[39m]: No valid 
license available

      at Console.write [as log] (node_modules/winston/lib/wi
nston/transports/console.js:87:23)

    console.log
      2025-12-22 13:28:55 [[31merror[39m]: No valid 
license available

      at Console.write [as log] (node_modules/winston/lib/wi
nston/transports/console.js:87:23)

    console.log
      2025-12-22 13:28:55 [[31merror[39m]: No valid 
license available

      at Console.write [as log] (node_modules/winston/lib/wi
nston/transports/console.js:87:23)

    console.log
      2025-12-22 13:28:55 [[31merror[39m]: No valid 
license available

      at Console.write [as log] (node_modules/winston/lib/wi
nston/transports/console.js:87:23)

    console.log
      2025-12-22 13:28:55 [[31merror[39m]: No valid 
license available

      at Console.write [as log] (node_modules/winston/lib/wi
nston/transports/console.js:87:23)

    console.log
      2025-12-22 13:28:55 [[31merror[39m]: No valid 
license available

      at Console.write [as log] (node_modules/winston/lib/wi
nston/transports/console.js:87:23)

    console.log
      2025-12-22 13:28:55 [[31merror[39m]: No valid 
license available

      at Console.write [as log] (node_modules/winston/lib/wi
nston/transports/console.js:87:23)

    console.log
      2025-12-22 13:28:55 [[31merror[39m]: No valid 
license available

      at Console.write [as log] (node_modules/winston/lib/wi
nston/transports/console.js:87:23)

    console.log
      2025-12-22 13:28:55 [[31merror[39m]: No valid 
license available

      at Console.write [as log] (node_modules/winston/lib/wi
nston/transports/console.js:87:23)

    console.log
      2025-12-22 13:28:55 [[31merror[39m]: No valid 
license available

      at Console.write [as log] (node_modules/winston/lib/wi
nston/transports/console.js:87:23)

    console.log
      2025-12-22 13:28:55 [[31merror[39m]: License file 
validation failed {
        "errors": [
          "Missing required field: companyName",
          "Invalid license signature"
        ],
        "path": "D:\\Work\\HR-SM\\test-licenses\\test-licens
e-1766402935498-52j5p0f.json"
      }

      at Console.write [as log] (node_modules/winston/lib/wi
nston/transports/console.js:87:23)

    console.log
      2025-12-22 13:28:55 [[31merror[39m]: No valid 
license available

      at Console.write [as log] (node_modules/winston/lib/wi
nston/transports/console.js:87:23)

    console.log
      2025-12-22 13:28:55 [[31merror[39m]: No valid 
license available

      at Console.write [as log] (node_modules/winston/lib/wi
nston/transports/console.js:87:23)

    console.log
      2025-12-22 13:28:55 [[31merror[39m]: No valid 
license available

      at Console.write [as log] (node_modules/winston/lib/wi
nston/transports/console.js:87:23)

    console.log
      2025-12-22 13:28:55 [[31merror[39m]: No valid 
license available

      at Console.write [as log] (node_modules/winston/lib/wi
nston/transports/console.js:87:23)

    console.log
      2025-12-22 13:28:55 [[31merror[39m]: No valid 
license available

      at Console.write [as log] (node_modules/winston/lib/wi
nston/transports/console.js:87:23)

    console.log
      2025-12-22 13:28:55 [[31merror[39m]: No valid 
license available

      at Console.write [as log] (node_modules/winston/lib/wi
nston/transports/console.js:87:23)

    console.log
      2025-12-22 13:28:55 [[31merror[39m]: No valid 
license available

      at Console.write [as log] (node_modules/winston/lib/wi
nston/transports/console.js:87:23)

    console.log
      2025-12-22 13:28:55 [[31merror[39m]: No valid 
license available

      at Console.write [as log] (node_modules/winston/lib/wi
nston/transports/console.js:87:23)

    console.log
      2025-12-22 13:28:55 [[31merror[39m]: No valid 
license available

      at Console.write [as log] (node_modules/winston/lib/wi
nston/transports/console.js:87:23)

    console.log
      2025-12-22 13:28:55 [[31merror[39m]: No valid 
license available

      at Console.write [as log] (node_modules/winston/lib/wi
nston/transports/console.js:87:23)

    console.log
      2025-12-22 13:28:55 [[31merror[39m]: No valid 
license available

      at Console.write [as log] (node_modules/winston/lib/wi
nston/transports/console.js:87:23)

    console.log
      2025-12-22 13:28:55 [[31merror[39m]: No valid 
license available

      at Console.write [as log] (node_modules/winston/lib/wi
nston/transports/console.js:87:23)

    console.log
      2025-12-22 13:28:55 [[31merror[39m]: License file 
validation failed {
        "errors": [
          "Invalid license key format. Expected: 
HRMS-XXXX-XXXX-XXXX",
          "Invalid license signature"
        ],
        "path": "D:\\Work\\HR-SM\\test-licenses\\test-licens
e-1766402935510-bwjodi.json"
      }

      at Console.write [as log] (node_modules/winston/lib/wi
nston/transports/console.js:87:23)

    console.log
      2025-12-22 13:28:55 [[31merror[39m]: No valid 
license available

      at Console.write [as log] (node_modules/winston/lib/wi
nston/transports/console.js:87:23)

    console.log
      2025-12-22 13:28:55 [[31merror[39m]: No valid 
license available

      at Console.write [as log] (node_modules/winston/lib/wi
nston/transports/console.js:87:23)

    console.log
      2025-12-22 13:28:55 [[31merror[39m]: No valid 
license available

      at Console.write [as log] (node_modules/winston/lib/wi
nston/transports/console.js:87:23)

    console.log
      2025-12-22 13:28:55 [[31merror[39m]: No valid 
license available

      at Console.write [as log] (node_modules/winston/lib/wi
nston/transports/console.js:87:23)

    console.log
      2025-12-22 13:28:55 [[31merror[39m]: No valid 
license available

      at Console.write [as log] (node_modules/winston/lib/wi
nston/transports/console.js:87:23)

    console.log
      2025-12-22 13:28:55 [[31merror[39m]: No valid 
license available

      at Console.write [as log] (node_modules/winston/lib/wi
nston/transports/console.js:87:23)

    console.log
      2025-12-22 13:28:55 [[31merror[39m]: No valid 
license available

      at Console.write [as log] (node_modules/winston/lib/wi
nston/transports/console.js:87:23)

    console.log
      2025-12-22 13:28:55 [[31merror[39m]: No valid 
license available

      at Console.write [as log] (node_modules/winston/lib/wi
nston/transports/console.js:87:23)

    console.log
      2025-12-22 13:28:55 [[31merror[39m]: No valid 
license available

      at Console.write [as log] (node_modules/winston/lib/wi
nston/transports/console.js:87:23)

    console.log
      2025-12-22 13:28:55 [[31merror[39m]: No valid 
license available

      at Console.write [as log] (node_modules/winston/lib/wi
nston/transports/console.js:87:23)

    console.log
      2025-12-22 13:28:55 [[31merror[39m]: No valid 
license available

      at Console.write [as log] (node_modules/winston/lib/wi
nston/transports/console.js:87:23)

    console.log
      2025-12-22 13:28:55 [[31merror[39m]: No valid 
license available

      at Console.write [as log] (node_modules/winston/lib/wi
nston/transports/console.js:87:23)

    console.log
      2025-12-22 13:28:55 [[31merror[39m]: License file 
validation failed {
        "errors": [
          "Missing required field: expiresAt",
          "Invalid license signature"
        ],
        "path": "D:\\Work\\HR-SM\\test-licenses\\test-licens
e-1766402935529-q89vvt.json"
      }

      at Console.write [as log] (node_modules/winston/lib/wi
nston/transports/console.js:87:23)

    console.log
      2025-12-22 13:28:55 [[31merror[39m]: No valid 
license available

      at Console.write [as log] (node_modules/winston/lib/wi
nston/transports/console.js:87:23)

    console.log
      2025-12-22 13:28:55 [[31merror[39m]: No valid 
license available

      at Console.write [as log] (node_modules/winston/lib/wi
nston/transports/console.js:87:23)

    console.log
      2025-12-22 13:28:55 [[31merror[39m]: No valid 
license available

      at Console.write [as log] (node_modules/winston/lib/wi
nston/transports/console.js:87:23)

    console.log
      2025-12-22 13:28:55 [[31merror[39m]: No valid 
license available

      at Console.write [as log] (node_modules/winston/lib/wi
nston/transports/console.js:87:23)

    console.log
      2025-12-22 13:28:55 [[31merror[39m]: No valid 
license available

      at Console.write [as log] (node_modules/winston/lib/wi
nston/transports/console.js:87:23)

    console.log
      2025-12-22 13:28:55 [[31merror[39m]: No valid 
license available

      at Console.write [as log] (node_modules/winston/lib/wi
nston/transports/console.js:87:23)

    console.log
      2025-12-22 13:28:55 [[31merror[39m]: No valid 
license available

      at Console.write [as log] (node_modules/winston/lib/wi
nston/transports/console.js:87:23)

    console.log
      2025-12-22 13:28:55 [[31merror[39m]: No valid 
license available

      at Console.write [as log] (node_modules/winston/lib/wi
nston/transports/console.js:87:23)

    console.log
      2025-12-22 13:28:55 [[31merror[39m]: No valid 
license available

      at Console.write [as log] (node_modules/winston/lib/wi
nston/transports/console.js:87:23)

    console.log
      2025-12-22 13:28:55 [[31merror[39m]: No valid 
license available

      at Console.write [as log] (node_modules/winston/lib/wi
nston/transports/console.js:87:23)

    console.log
      2025-12-22 13:28:55 [[31merror[39m]: No valid 
license available

      at Console.write [as log] (node_modules/winston/lib/wi
nston/transports/console.js:87:23)

    console.log
      2025-12-22 13:28:55 [[31merror[39m]: No valid 
license available

      at Console.write [as log] (node_modules/winston/lib/wi
nston/transports/console.js:87:23)

    console.log
      2025-12-22 13:28:55 [[31merror[39m]: License file 
validation failed {
        "errors": [
          "Invalid license signature"
        ],
        "path": "D:\\Work\\HR-SM\\test-licenses\\test-licens
e-1766402935542-1wjo6r.json"
      }

      at Console.write [as log] (node_modules/winston/lib/wi
nston/transports/console.js:87:23)

    console.log
      2025-12-22 13:28:55 [[31merror[39m]: No valid 
license available

      at Console.write [as log] (node_modules/winston/lib/wi
nston/transports/console.js:87:23)

    console.log
      2025-12-22 13:28:55 [[31merror[39m]: No valid 
license available

      at Console.write [as log] (node_modules/winston/lib/wi
nston/transports/console.js:87:23)

    console.log
      2025-12-22 13:28:55 [[31merror[39m]: No valid 
license available

      at Console.write [as log] (node_modules/winston/lib/wi
nston/transports/console.js:87:23)

    console.log
      2025-12-22 13:28:55 [[31merror[39m]: No valid 
license available

      at Console.write [as log] (node_modules/winston/lib/wi
nston/transports/console.js:87:23)

    console.log
      2025-12-22 13:28:55 [[31merror[39m]: No valid 
license available

      at Console.write [as log] (node_modules/winston/lib/wi
nston/transports/console.js:87:23)

    console.log
      2025-12-22 13:28:55 [[31merror[39m]: No valid 
license available

      at Console.write [as log] (node_modules/winston/lib/wi
nston/transports/console.js:87:23)

    console.log
      2025-12-22 13:28:55 [[31merror[39m]: No valid 
license available

      at Console.write [as log] (node_modules/winston/lib/wi
nston/transports/console.js:87:23)

    console.log
      2025-12-22 13:28:55 [[31merror[39m]: No valid 
license available

      at Console.write [as log] (node_modules/winston/lib/wi
nston/transports/console.js:87:23)

    console.log
      2025-12-22 13:28:55 [[31merror[39m]: No valid 
license available

      at Console.write [as log] (node_modules/winston/lib/wi
nston/transports/console.js:87:23)

    console.log
      2025-12-22 13:28:55 [[31merror[39m]: No valid 
license available

      at Console.write [as log] (node_modules/winston/lib/wi
nston/transports/console.js:87:23)

    console.log
      2025-12-22 13:28:55 [[31merror[39m]: No valid 
license available

      at Console.write [as log] (node_modules/winston/lib/wi
nston/transports/console.js:87:23)

    console.log
      2025-12-22 13:28:55 [[31merror[39m]: No valid 
license available

      at Console.write [as log] (node_modules/winston/lib/wi
nston/transports/console.js:87:23)

    console.log
      2025-12-22 13:28:55 [[31merror[39m]: License file 
validation failed {
        "errors": [
          "Missing required field: signature",
          "Invalid license signature"
        ],
        "path": "D:\\Work\\HR-SM\\test-licenses\\test-licens
e-1766402935557-60mvfp.json"
      }

      at Console.write [as log] (node_modules/winston/lib/wi
nston/transports/console.js:87:23)

    console.log
      2025-12-22 13:28:55 [[31merror[39m]: No valid 
license available

      at Console.write [as log] (node_modules/winston/lib/wi
nston/transports/console.js:87:23)

    console.log
      2025-12-22 13:28:55 [[31merror[39m]: No valid 
license available

      at Console.write [as log] (node_modules/winston/lib/wi
nston/transports/console.js:87:23)

    console.log
      2025-12-22 13:28:55 [[31merror[39m]: No valid 
license available

      at Console.write [as log] (node_modules/winston/lib/wi
nston/transports/console.js:87:23)

    console.log
      2025-12-22 13:28:55 [[31merror[39m]: No valid 
license available

      at Console.write [as log] (node_modules/winston/lib/wi
nston/transports/console.js:87:23)

    console.log
      2025-12-22 13:28:55 [[31merror[39m]: No valid 
license available

      at Console.write [as log] (node_modules/winston/lib/wi
nston/transports/console.js:87:23)

    console.log
      2025-12-22 13:28:55 [[31merror[39m]: No valid 
license available

      at Console.write [as log] (node_modules/winston/lib/wi
nston/transports/console.js:87:23)

    console.log
      2025-12-22 13:28:55 [[31merror[39m]: No valid 
license available

      at Console.write [as log] (node_modules/winston/lib/wi
nston/transports/console.js:87:23)

    console.log
      2025-12-22 13:28:55 [[31merror[39m]: No valid 
license available

      at Console.write [as log] (node_modules/winston/lib/wi
nston/transports/console.js:87:23)

    console.log
      2025-12-22 13:28:55 [[31merror[39m]: No valid 
license available

      at Console.write [as log] (node_modules/winston/lib/wi
nston/transports/console.js:87:23)

    console.log
      2025-12-22 13:28:55 [[31merror[39m]: No valid 
license available

      at Console.write [as log] (node_modules/winston/lib/wi
nston/transports/console.js:87:23)

    console.log
      2025-12-22 13:28:55 [[31merror[39m]: No valid 
license available

      at Console.write [as log] (node_modules/winston/lib/wi
nston/transports/console.js:87:23)

    console.log
      2025-12-22 13:28:55 [[31merror[39m]: No valid 
license available

      at Console.write [as log] (node_modules/winston/lib/wi
nston/transports/console.js:87:23)

    console.log
      2025-12-22 13:28:55 [[31merror[39m]: License file 
validation failed {
        "errors": [
          "Invalid license key format. Expected: 
HRMS-XXXX-XXXX-XXXX",
          "Invalid license signature"
        ],
        "path": "D:\\Work\\HR-SM\\test-licenses\\test-licens
e-1766402935568-m9nh8a.json"
      }

      at Console.write [as log] (node_modules/winston/lib/wi
nston/transports/console.js:87:23)

    console.log
      2025-12-22 13:28:55 [[31merror[39m]: No valid 
license available

      at Console.write [as log] (node_modules/winston/lib/wi
nston/transports/console.js:87:23)

    console.log
      2025-12-22 13:28:55 [[31merror[39m]: No valid 
license available

      at Console.write [as log] (node_modules/winston/lib/wi
nston/transports/console.js:87:23)

    console.log
      2025-12-22 13:28:55 [[31merror[39m]: No valid 
license available

      at Console.write [as log] (node_modules/winston/lib/wi
nston/transports/console.js:87:23)

    console.log
      2025-12-22 13:28:55 [[31merror[39m]: No valid 
license available

      at Console.write [as log] (node_modules/winston/lib/wi
nston/transports/console.js:87:23)

    console.log
      2025-12-22 13:28:55 [[31merror[39m]: No valid 
license available

      at Console.write [as log] (node_modules/winston/lib/wi
nston/transports/console.js:87:23)

    console.log
      2025-12-22 13:28:55 [[31merror[39m]: No valid 
license available

      at Console.write [as log] (node_modules/winston/lib/wi
nston/transports/console.js:87:23)

    console.log
      2025-12-22 13:28:55 [[31merror[39m]: No valid 
license available

      at Console.write [as log] (node_modules/winston/lib/wi
nston/transports/console.js:87:23)

    console.log
      2025-12-22 13:28:55 [[31merror[39m]: No valid 
license available

      at Console.write [as log] (node_modules/winston/lib/wi
nston/transports/console.js:87:23)

    console.log
      2025-12-22 13:28:55 [[31merror[39m]: No valid 
license available

      at Console.write [as log] (node_modules/winston/lib/wi
nston/transports/console.js:87:23)

    console.log
      2025-12-22 13:28:55 [[31merror[39m]: No valid 
license available

      at Console.write [as log] (node_modules/winston/lib/wi
nston/transports/console.js:87:23)

    console.log
      2025-12-22 13:28:55 [[31merror[39m]: No valid 
license available

      at Console.write [as log] (node_modules/winston/lib/wi
nston/transports/console.js:87:23)

    console.log
      2025-12-22 13:28:55 [[31merror[39m]: No valid 
license available

      at Console.write [as log] (node_modules/winston/lib/wi
nston/transports/console.js:87:23)

    console.log
      2025-12-22 13:28:55 [[31merror[39m]: License file 
validation failed {
        "errors": [
          "Failed to parse license file: Unexpected token 
':', \":eed\" is not valid JSON"
        ],
        "path": "D:\\Work\\HR-SM\\test-licenses\\test-licens
e-1766402935585-zw9j2.json"
      }

      at Console.write [as log] (node_modules/winston/lib/wi
nston/transports/console.js:87:23)

    console.log
      2025-12-22 13:28:55 [[31merror[39m]: No valid 
license available

      at Console.write [as log] (node_modules/winston/lib/wi
nston/transports/console.js:87:23)

    console.log
      2025-12-22 13:28:55 [[31merror[39m]: No valid 
license available

      at Console.write [as log] (node_modules/winston/lib/wi
nston/transports/console.js:87:23)

    console.log
      2025-12-22 13:28:55 [[31merror[39m]: No valid 
license available

      at Console.write [as log] (node_modules/winston/lib/wi
nston/transports/console.js:87:23)

    console.log
      2025-12-22 13:28:55 [[31merror[39m]: No valid 
license available

      at Console.write [as log] (node_modules/winston/lib/wi
nston/transports/console.js:87:23)

    console.log
      2025-12-22 13:28:55 [[31merror[39m]: No valid 
license available

      at Console.write [as log] (node_modules/winston/lib/wi
nston/transports/console.js:87:23)

    console.log
      2025-12-22 13:28:55 [[31merror[39m]: No valid 
license available

      at Console.write [as log] (node_modules/winston/lib/wi
nston/transports/console.js:87:23)

    console.log
      2025-12-22 13:28:55 [[31merror[39m]: No valid 
license available

      at Console.write [as log] (node_modules/winston/lib/wi
nston/transports/console.js:87:23)

    console.log
      2025-12-22 13:28:55 [[31merror[39m]: No valid 
license available

      at Console.write [as log] (node_modules/winston/lib/wi
nston/transports/console.js:87:23)

    console.log
      2025-12-22 13:28:55 [[31merror[39m]: No valid 
license available

      at Console.write [as log] (node_modules/winston/lib/wi
nston/transports/console.js:87:23)

    console.log
      2025-12-22 13:28:55 [[31merror[39m]: No valid 
license available

      at Console.write [as log] (node_modules/winston/lib/wi
nston/transports/console.js:87:23)

    console.log
      2025-12-22 13:28:55 [[31merror[39m]: No valid 
license available

      at Console.write [as log] (node_modules/winston/lib/wi
nston/transports/console.js:87:23)

    console.log
      2025-12-22 13:28:55 [[31merror[39m]: No valid 
license available

      at Console.write [as log] (node_modules/winston/lib/wi
nston/transports/console.js:87:23)

    console.log
      2025-12-22 13:28:55 [[31merror[39m]: License file 
validation failed {
        "errors": [
          "Invalid license signature"
        ],
        "path": "D:\\Work\\HR-SM\\test-licenses\\test-licens
e-1766402935597-cd1yh8.json"
      }

      at Console.write [as log] (node_modules/winston/lib/wi
nston/transports/console.js:87:23)

    console.log
      2025-12-22 13:28:55 [[31merror[39m]: No valid 
license available

      at Console.write [as log] (node_modules/winston/lib/wi
nston/transports/console.js:87:23)

    console.log
      2025-12-22 13:28:55 [[31merror[39m]: No valid 
license available

      at Console.write [as log] (node_modules/winston/lib/wi
nston/transports/console.js:87:23)

    console.log
      2025-12-22 13:28:55 [[31merror[39m]: No valid 
license available

      at Console.write [as log] (node_modules/winston/lib/wi
nston/transports/console.js:87:23)

    console.log
      2025-12-22 13:28:55 [[31merror[39m]: No valid 
license available

      at Console.write [as log] (node_modules/winston/lib/wi
nston/transports/console.js:87:23)

    console.log
      2025-12-22 13:28:55 [[31merror[39m]: No valid 
license available

      at Console.write [as log] (node_modules/winston/lib/wi
nston/transports/console.js:87:23)

    console.log
      2025-12-22 13:28:55 [[31merror[39m]: No valid 
license available

      at Console.write [as log] (node_modules/winston/lib/wi
nston/transports/console.js:87:23)

    console.log
      2025-12-22 13:28:55 [[31merror[39m]: No valid 
license available

      at Console.write [as log] (node_modules/winston/lib/wi
nston/transports/console.js:87:23)

    console.log
      2025-12-22 13:28:55 [[31merror[39m]: No valid 
license available

      at Console.write [as log] (node_modules/winston/lib/wi
nston/transports/console.js:87:23)

    console.log
      2025-12-22 13:28:55 [[31merror[39m]: No valid 
license available

      at Console.write [as log] (node_modules/winston/lib/wi
nston/transports/console.js:87:23)

    console.log
      2025-12-22 13:28:55 [[31merror[39m]: No valid 
license available

      at Console.write [as log] (node_modules/winston/lib/wi
nston/transports/console.js:87:23)

    console.log
      2025-12-22 13:28:55 [[31merror[39m]: No valid 
license available

      at Console.write [as log] (node_modules/winston/lib/wi
nston/transports/console.js:87:23)

    console.log
      2025-12-22 13:28:55 [[31merror[39m]: No valid 
license available

      at Console.write [as log] (node_modules/winston/lib/wi
nston/transports/console.js:87:23)

    console.log
      2025-12-22 13:28:55 [[31merror[39m]: License file 
validation failed {
        "errors": [
          "Module leave: missing 'enabled' field",
          "Invalid license signature"
        ],
        "path": "D:\\Work\\HR-SM\\test-licenses\\test-licens
e-1766402935608-aaj1nk.json"
      }

      at Console.write [as log] (node_modules/winston/lib/wi
nston/transports/console.js:87:23)

    console.log
      2025-12-22 13:28:55 [[31merror[39m]: No valid 
license available

      at Console.write [as log] (node_modules/winston/lib/wi
nston/transports/console.js:87:23)

    console.log
      2025-12-22 13:28:55 [[31merror[39m]: No valid 
license available

      at Console.write [as log] (node_modules/winston/lib/wi
nston/transports/console.js:87:23)

    console.log
      2025-12-22 13:28:55 [[31merror[39m]: No valid 
license available

      at Console.write [as log] (node_modules/winston/lib/wi
nston/transports/console.js:87:23)

    console.log
      2025-12-22 13:28:55 [[31merror[39m]: No valid 
license available

      at Console.write [as log] (node_modules/winston/lib/wi
nston/transports/console.js:87:23)

    console.log
      2025-12-22 13:28:55 [[31merror[39m]: No valid 
license available

      at Console.write [as log] (node_modules/winston/lib/wi
nston/transports/console.js:87:23)

    console.log
      2025-12-22 13:28:55 [[31merror[39m]: No valid 
license available

      at Console.write [as log] (node_modules/winston/lib/wi
nston/transports/console.js:87:23)

    console.log
      2025-12-22 13:28:55 [[31merror[39m]: No valid 
license available

      at Console.write [as log] (node_modules/winston/lib/wi
nston/transports/console.js:87:23)

    console.log
      2025-12-22 13:28:55 [[31merror[39m]: No valid 
license available

      at Console.write [as log] (node_modules/winston/lib/wi
nston/transports/console.js:87:23)

    console.log
      2025-12-22 13:28:55 [[31merror[39m]: No valid 
license available

      at Console.write [as log] (node_modules/winston/lib/wi
nston/transports/console.js:87:23)

    console.log
      2025-12-22 13:28:55 [[31merror[39m]: No valid 
license available

      at Console.write [as log] (node_modules/winston/lib/wi
nston/transports/console.js:87:23)

    console.log
      2025-12-22 13:28:55 [[31merror[39m]: No valid 
license available

      at Console.write [as log] (node_modules/winston/lib/wi
nston/transports/console.js:87:23)

    console.log
      2025-12-22 13:28:55 [[31merror[39m]: No valid 
license available

      at Console.write [as log] (node_modules/winston/lib/wi
nston/transports/console.js:87:23)

    console.log
      2025-12-22 13:28:55 [[31merror[39m]: License file 
validation failed {
        "errors": [
          "Module leave: invalid tier 'invalid-tier-name'",
          "Invalid license signature"
        ],
        "path": "D:\\Work\\HR-SM\\test-licenses\\test-licens
e-1766402935620-uzp5o.json"
      }

      at Console.write [as log] (node_modules/winston/lib/wi
nston/transports/console.js:87:23)

    console.log
      2025-12-22 13:28:55 [[31merror[39m]: No valid 
license available

      at Console.write [as log] (node_modules/winston/lib/wi
nston/transports/console.js:87:23)

    console.log
      2025-12-22 13:28:55 [[31merror[39m]: No valid 
license available

      at Console.write [as log] (node_modules/winston/lib/wi
nston/transports/console.js:87:23)

    console.log
      2025-12-22 13:28:55 [[31merror[39m]: No valid 
license available

      at Console.write [as log] (node_modules/winston/lib/wi
nston/transports/console.js:87:23)

    console.log
      2025-12-22 13:28:55 [[31merror[39m]: No valid 
license available

      at Console.write [as log] (node_modules/winston/lib/wi
nston/transports/console.js:87:23)

    console.log
      2025-12-22 13:28:55 [[31merror[39m]: No valid 
license available

      at Console.write [as log] (node_modules/winston/lib/wi
nston/transports/console.js:87:23)

    console.log
      2025-12-22 13:28:55 [[31merror[39m]: No valid 
license available

      at Console.write [as log] (node_modules/winston/lib/wi
nston/transports/console.js:87:23)

    console.log
      2025-12-22 13:28:55 [[31merror[39m]: No valid 
license available

      at Console.write [as log] (node_modules/winston/lib/wi
nston/transports/console.js:87:23)

    console.log
      2025-12-22 13:28:55 [[31merror[39m]: No valid 
license available

      at Console.write [as log] (node_modules/winston/lib/wi
nston/transports/console.js:87:23)

    console.log
      2025-12-22 13:28:55 [[31merror[39m]: No valid 
license available

      at Console.write [as log] (node_modules/winston/lib/wi
nston/transports/console.js:87:23)

    console.log
      2025-12-22 13:28:55 [[31merror[39m]: No valid 
license available

      at Console.write [as log] (node_modules/winston/lib/wi
nston/transports/console.js:87:23)

    console.log
      2025-12-22 13:28:55 [[31merror[39m]: No valid 
license available

      at Console.write [as log] (node_modules/winston/lib/wi
nston/transports/console.js:87:23)

    console.log
      2025-12-22 13:28:55 [[31merror[39m]: No valid 
license available

      at Console.write [as log] (node_modules/winston/lib/wi
nston/transports/console.js:87:23)

    console.log
      2025-12-22 13:28:55 [[31merror[39m]: License file 
validation failed {
        "errors": [
          "Invalid issuedAt date format",
          "Invalid license signature"
        ],
        "path": "D:\\Work\\HR-SM\\test-licenses\\test-licens
e-1766402935642-lrcwk.json"
      }

      at Console.write [as log] (node_modules/winston/lib/wi
nston/transports/console.js:87:23)

    console.log
      2025-12-22 13:28:55 [[31merror[39m]: No valid 
license available

      at Console.write [as log] (node_modules/winston/lib/wi
nston/transports/console.js:87:23)

    console.log
      2025-12-22 13:28:55 [[31merror[39m]: No valid 
license available

      at Console.write [as log] (node_modules/winston/lib/wi
nston/transports/console.js:87:23)

    console.log
      2025-12-22 13:28:55 [[31merror[39m]: No valid 
license available

      at Console.write [as log] (node_modules/winston/lib/wi
nston/transports/console.js:87:23)

    console.log
      2025-12-22 13:28:55 [[31merror[39m]: No valid 
license available

      at Console.write [as log] (node_modules/winston/lib/wi
nston/transports/console.js:87:23)

    console.log
      2025-12-22 13:28:55 [[31merror[39m]: No valid 
license available

      at Console.write [as log] (node_modules/winston/lib/wi
nston/transports/console.js:87:23)

    console.log
      2025-12-22 13:28:55 [[31merror[39m]: No valid 
license available

      at Console.write [as log] (node_modules/winston/lib/wi
nston/transports/console.js:87:23)

    console.log
      2025-12-22 13:28:55 [[31merror[39m]: No valid 
license available

      at Console.write [as log] (node_modules/winston/lib/wi
nston/transports/console.js:87:23)

    console.log
      2025-12-22 13:28:55 [[31merror[39m]: No valid 
license available

      at Console.write [as log] (node_modules/winston/lib/wi
nston/transports/console.js:87:23)

    console.log
      2025-12-22 13:28:55 [[31merror[39m]: No valid 
license available

      at Console.write [as log] (node_modules/winston/lib/wi
nston/transports/console.js:87:23)

    console.log
      2025-12-22 13:28:55 [[31merror[39m]: No valid 
license available

      at Console.write [as log] (node_modules/winston/lib/wi
nston/transports/console.js:87:23)

    console.log
      2025-12-22 13:28:55 [[31merror[39m]: No valid 
license available

      at Console.write [as log] (node_modules/winston/lib/wi
nston/transports/console.js:87:23)

    console.log
      2025-12-22 13:28:55 [[31merror[39m]: No valid 
license available

      at Console.write [as log] (node_modules/winston/lib/wi
nston/transports/console.js:87:23)

    console.log
      2025-12-22 13:28:55 [[31merror[39m]: License file 
validation failed {
        "errors": [
          "Missing required field: companyId",
          "Invalid license signature"
        ],
        "path": "D:\\Work\\HR-SM\\test-licenses\\test-licens
e-1766402935657-ggohmg.json"
      }

      at Console.write [as log] (node_modules/winston/lib/wi
nston/transports/console.js:87:23)

    console.log
      2025-12-22 13:28:55 [[31merror[39m]: No valid 
license available

      at Console.write [as log] (node_modules/winston/lib/wi
nston/transports/console.js:87:23)

    console.log
      2025-12-22 13:28:55 [[31merror[39m]: No valid 
license available

      at Console.write [as log] (node_modules/winston/lib/wi
nston/transports/console.js:87:23)

    console.log
      2025-12-22 13:28:55 [[31merror[39m]: No valid 
license available

      at Console.write [as log] (node_modules/winston/lib/wi
nston/transports/console.js:87:23)

    console.log
      2025-12-22 13:28:55 [[31merror[39m]: No valid 
license available

      at Console.write [as log] (node_modules/winston/lib/wi
nston/transports/console.js:87:23)

    console.log
      2025-12-22 13:28:55 [[31merror[39m]: No valid 
license available

      at Console.write [as log] (node_modules/winston/lib/wi
nston/transports/console.js:87:23)

    console.log
      2025-12-22 13:28:55 [[31merror[39m]: No valid 
license available

      at Console.write [as log] (node_modules/winston/lib/wi
nston/transports/console.js:87:23)

    console.log
      2025-12-22 13:28:55 [[31merror[39m]: No valid 
license available

      at Console.write [as log] (node_modules/winston/lib/wi
nston/transports/console.js:87:23)

    console.log
      2025-12-22 13:28:55 [[31merror[39m]: No valid 
license available

      at Console.write [as log] (node_modules/winston/lib/wi
nston/transports/console.js:87:23)

    console.log
      2025-12-22 13:28:55 [[31merror[39m]: No valid 
license available

      at Console.write [as log] (node_modules/winston/lib/wi
nston/transports/console.js:87:23)

    console.log
      2025-12-22 13:28:55 [[31merror[39m]: No valid 
license available

      at Console.write [as log] (node_modules/winston/lib/wi
nston/transports/console.js:87:23)

    console.log
      2025-12-22 13:28:55 [[31merror[39m]: No valid 
license available

      at Console.write [as log] (node_modules/winston/lib/wi
nston/transports/console.js:87:23)

    console.log
      2025-12-22 13:28:55 [[31merror[39m]: No valid 
license available

      at Console.write [as log] (node_modules/winston/lib/wi
nston/transports/console.js:87:23)

    console.log
      2025-12-22 13:28:55 [[31merror[39m]: License file 
validation failed {
        "errors": [
          "Missing required field: issuedAt",
          "Invalid license signature"
        ],
        "path": "D:\\Work\\HR-SM\\test-licenses\\test-licens
e-1766402935672-nkizy.json"
      }

      at Console.write [as log] (node_modules/winston/lib/wi
nston/transports/console.js:87:23)

    console.log
      2025-12-22 13:28:55 [[31merror[39m]: No valid 
license available

      at Console.write [as log] (node_modules/winston/lib/wi
nston/transports/console.js:87:23)

    console.log
      2025-12-22 13:28:55 [[31merror[39m]: No valid 
license available

      at Console.write [as log] (node_modules/winston/lib/wi
nston/transports/console.js:87:23)

    console.log
      2025-12-22 13:28:55 [[31merror[39m]: No valid 
license available

      at Console.write [as log] (node_modules/winston/lib/wi
nston/transports/console.js:87:23)

    console.log
      2025-12-22 13:28:55 [[31merror[39m]: No valid 
license available

      at Console.write [as log] (node_modules/winston/lib/wi
nston/transports/console.js:87:23)

    console.log
      2025-12-22 13:28:55 [[31merror[39m]: No valid 
license available

      at Console.write [as log] (node_modules/winston/lib/wi
nston/transports/console.js:87:23)

    console.log
      2025-12-22 13:28:55 [[31merror[39m]: No valid 
license available

      at Console.write [as log] (node_modules/winston/lib/wi
nston/transports/console.js:87:23)

    console.log
      2025-12-22 13:28:55 [[31merror[39m]: No valid 
license available

      at Console.write [as log] (node_modules/winston/lib/wi
nston/transports/console.js:87:23)

    console.log
      2025-12-22 13:28:55 [[31merror[39m]: No valid 
license available

      at Console.write [as log] (node_modules/winston/lib/wi
nston/transports/console.js:87:23)

    console.log
      2025-12-22 13:28:55 [[31merror[39m]: No valid 
license available

      at Console.write [as log] (node_modules/winston/lib/wi
nston/transports/console.js:87:23)

    console.log
      2025-12-22 13:28:55 [[31merror[39m]: No valid 
license available

      at Console.write [as log] (node_modules/winston/lib/wi
nston/transports/console.js:87:23)

    console.log
      2025-12-22 13:28:55 [[31merror[39m]: No valid 
license available

      at Console.write [as log] (node_modules/winston/lib/wi
nston/transports/console.js:87:23)

    console.log
      2025-12-22 13:28:55 [[31merror[39m]: No valid 
license available

      at Console.write [as log] (node_modules/winston/lib/wi
nston/transports/console.js:87:23)

    console.log
      2025-12-22 13:28:55 [[31merror[39m]: License file 
validation failed {
        "errors": [
          "Missing required field: companyId",
          "Invalid license signature"
        ],
        "path": "D:\\Work\\HR-SM\\test-licenses\\test-licens
e-1766402935702-o2d6oo.json"
      }

      at Console.write [as log] (node_modules/winston/lib/wi
nston/transports/console.js:87:23)

    console.log
      2025-12-22 13:28:55 [[31merror[39m]: No valid 
license available

      at Console.write [as log] (node_modules/winston/lib/wi
nston/transports/console.js:87:23)

    console.log
      2025-12-22 13:28:55 [[31merror[39m]: No valid 
license available

      at Console.write [as log] (node_modules/winston/lib/wi
nston/transports/console.js:87:23)

    console.log
      2025-12-22 13:28:55 [[31merror[39m]: No valid 
license available

      at Console.write [as log] (node_modules/winston/lib/wi
nston/transports/console.js:87:23)

    console.log
      2025-12-22 13:28:55 [[31merror[39m]: No valid 
license available

      at Console.write [as log] (node_modules/winston/lib/wi
nston/transports/console.js:87:23)

    console.log
      2025-12-22 13:28:55 [[31merror[39m]: No valid 
license available

      at Console.write [as log] (node_modules/winston/lib/wi
nston/transports/console.js:87:23)

    console.log
      2025-12-22 13:28:55 [[31merror[39m]: No valid 
license available

      at Console.write [as log] (node_modules/winston/lib/wi
nston/transports/console.js:87:23)

    console.log
      2025-12-22 13:28:55 [[31merror[39m]: No valid 
license available

      at Console.write [as log] (node_modules/winston/lib/wi
nston/transports/console.js:87:23)

    console.log
      2025-12-22 13:28:55 [[31merror[39m]: No valid 
license available

      at Console.write [as log] (node_modules/winston/lib/wi
nston/transports/console.js:87:23)

    console.log
      2025-12-22 13:28:55 [[31merror[39m]: No valid 
license available

      at Console.write [as log] (node_modules/winston/lib/wi
nston/transports/console.js:87:23)

    console.log
      2025-12-22 13:28:55 [[31merror[39m]: No valid 
license available

      at Console.write [as log] (node_modules/winston/lib/wi
nston/transports/console.js:87:23)

    console.log
      2025-12-22 13:28:55 [[31merror[39m]: No valid 
license available

      at Console.write [as log] (node_modules/winston/lib/wi
nston/transports/console.js:87:23)

    console.log
      2025-12-22 13:28:55 [[31merror[39m]: No valid 
license available

      at Console.write [as log] (node_modules/winston/lib/wi
nston/transports/console.js:87:23)

    console.log
      2025-12-22 13:28:55 [[31merror[39m]: License file 
validation failed {
        "errors": [
          "Module leave: missing 'tier' field",
          "Invalid license signature"
        ],
        "path": "D:\\Work\\HR-SM\\test-licenses\\test-licens
e-1766402935715-ty0iab.json"
      }

      at Console.write [as log] (node_modules/winston/lib/wi
nston/transports/console.js:87:23)

    console.log
      2025-12-22 13:28:55 [[31merror[39m]: No valid 
license available

      at Console.write [as log] (node_modules/winston/lib/wi
nston/transports/console.js:87:23)

    console.log
      2025-12-22 13:28:55 [[31merror[39m]: No valid 
license available

      at Console.write [as log] (node_modules/winston/lib/wi
nston/transports/console.js:87:23)

    console.log
      2025-12-22 13:28:55 [[31merror[39m]: No valid 
license available

      at Console.write [as log] (node_modules/winston/lib/wi
nston/transports/console.js:87:23)

    console.log
      2025-12-22 13:28:55 [[31merror[39m]: No valid 
license available

      at Console.write [as log] (node_modules/winston/lib/wi
nston/transports/console.js:87:23)

    console.log
      2025-12-22 13:28:55 [[31merror[39m]: No valid 
license available

      at Console.write [as log] (node_modules/winston/lib/wi
nston/transports/console.js:87:23)

    console.log
      2025-12-22 13:28:55 [[31merror[39m]: No valid 
license available

      at Console.write [as log] (node_modules/winston/lib/wi
nston/transports/console.js:87:23)

    console.log
      2025-12-22 13:28:55 [[31merror[39m]: No valid 
license available

      at Console.write [as log] (node_modules/winston/lib/wi
nston/transports/console.js:87:23)

    console.log
      2025-12-22 13:28:55 [[31merror[39m]: No valid 
license available

      at Console.write [as log] (node_modules/winston/lib/wi
nston/transports/console.js:87:23)

    console.log
      2025-12-22 13:28:55 [[31merror[39m]: No valid 
license available

      at Console.write [as log] (node_modules/winston/lib/wi
nston/transports/console.js:87:23)

    console.log
      2025-12-22 13:28:55 [[31merror[39m]: No valid 
license available

      at Console.write [as log] (node_modules/winston/lib/wi
nston/transports/console.js:87:23)

    console.log
      2025-12-22 13:28:55 [[31merror[39m]: No valid 
license available

      at Console.write [as log] (node_modules/winston/lib/wi
nston/transports/console.js:87:23)

    console.log
      2025-12-22 13:28:55 [[31merror[39m]: No valid 
license available

      at Console.write [as log] (node_modules/winston/lib/wi
nston/transports/console.js:87:23)

    console.log
      2025-12-22 13:28:55 [[31merror[39m]: License file 
validation failed {
        "errors": [
          "Invalid issuedAt date format",
          "Invalid license signature"
        ],
        "path": "D:\\Work\\HR-SM\\test-licenses\\test-licens
e-1766402935732-pyjl6c.json"
      }

      at Console.write [as log] (node_modules/winston/lib/wi
nston/transports/console.js:87:23)

    console.log
      2025-12-22 13:28:55 [[31merror[39m]: No valid 
license available

      at Console.write [as log] (node_modules/winston/lib/wi
nston/transports/console.js:87:23)

    console.log
      2025-12-22 13:28:55 [[31merror[39m]: No valid 
license available

      at Console.write [as log] (node_modules/winston/lib/wi
nston/transports/console.js:87:23)

    console.log
      2025-12-22 13:28:55 [[31merror[39m]: No valid 
license available

      at Console.write [as log] (node_modules/winston/lib/wi
nston/transports/console.js:87:23)

    console.log
      2025-12-22 13:28:55 [[31merror[39m]: No valid 
license available

      at Console.write [as log] (node_modules/winston/lib/wi
nston/transports/console.js:87:23)

    console.log
      2025-12-22 13:28:55 [[31merror[39m]: No valid 
license available

      at Console.write [as log] (node_modules/winston/lib/wi
nston/transports/console.js:87:23)

    console.log
      2025-12-22 13:28:55 [[31merror[39m]: No valid 
license available

      at Console.write [as log] (node_modules/winston/lib/wi
nston/transports/console.js:87:23)

    console.log
      2025-12-22 13:28:55 [[31merror[39m]: No valid 
license available

      at Console.write [as log] (node_modules/winston/lib/wi
nston/transports/console.js:87:23)

    console.log
      2025-12-22 13:28:55 [[31merror[39m]: No valid 
license available

      at Console.write [as log] (node_modules/winston/lib/wi
nston/transports/console.js:87:23)

    console.log
      2025-12-22 13:28:55 [[31merror[39m]: No valid 
license available

      at Console.write [as log] (node_modules/winston/lib/wi
nston/transports/console.js:87:23)

    console.log
      2025-12-22 13:28:55 [[31merror[39m]: No valid 
license available

      at Console.write [as log] (node_modules/winston/lib/wi
nston/transports/console.js:87:23)

    console.log
      2025-12-22 13:28:55 [[31merror[39m]: No valid 
license available

      at Console.write [as log] (node_modules/winston/lib/wi
nston/transports/console.js:87:23)

    console.log
      2025-12-22 13:28:55 [[31merror[39m]: No valid 
license available

      at Console.write [as log] (node_modules/winston/lib/wi
nston/transports/console.js:87:23)

    console.log
      2025-12-22 13:28:55 [[31merror[39m]: License file 
validation failed {
        "errors": [
          "Module attendance: invalid tier 
'invalid-tier-name'",
          "Invalid license signature"
        ],
        "path": "D:\\Work\\HR-SM\\test-licenses\\test-licens
e-1766402935744-m1o8ye.json"
      }

      at Console.write [as log] (node_modules/winston/lib/wi
nston/transports/console.js:87:23)

    console.log
      2025-12-22 13:28:55 [[31merror[39m]: No valid 
license available

      at Console.write [as log] (node_modules/winston/lib/wi
nston/transports/console.js:87:23)

    console.log
      2025-12-22 13:28:55 [[31merror[39m]: No valid 
license available

      at Console.write [as log] (node_modules/winston/lib/wi
nston/transports/console.js:87:23)

    console.log
      2025-12-22 13:28:55 [[31merror[39m]: No valid 
license available

      at Console.write [as log] (node_modules/winston/lib/wi
nston/transports/console.js:87:23)

    console.log
      2025-12-22 13:28:55 [[31merror[39m]: No valid 
license available

      at Console.write [as log] (node_modules/winston/lib/wi
nston/transports/console.js:87:23)

    console.log
      2025-12-22 13:28:55 [[31merror[39m]: No valid 
license available

      at Console.write [as log] (node_modules/winston/lib/wi
nston/transports/console.js:87:23)

    console.log
      2025-12-22 13:28:55 [[31merror[39m]: No valid 
license available

      at Console.write [as log] (node_modules/winston/lib/wi
nston/transports/console.js:87:23)

    console.log
      2025-12-22 13:28:55 [[31merror[39m]: No valid 
license available

      at Console.write [as log] (node_modules/winston/lib/wi
nston/transports/console.js:87:23)

    console.log
      2025-12-22 13:28:55 [[31merror[39m]: No valid 
license available

      at Console.write [as log] (node_modules/winston/lib/wi
nston/transports/console.js:87:23)

    console.log
      2025-12-22 13:28:55 [[31merror[39m]: No valid 
license available

      at Console.write [as log] (node_modules/winston/lib/wi
nston/transports/console.js:87:23)

    console.log
      2025-12-22 13:28:55 [[31merror[39m]: No valid 
license available

      at Console.write [as log] (node_modules/winston/lib/wi
nston/transports/console.js:87:23)

    console.log
      2025-12-22 13:28:55 [[31merror[39m]: No valid 
license available

      at Console.write [as log] (node_modules/winston/lib/wi
nston/transports/console.js:87:23)

    console.log
      2025-12-22 13:28:55 [[31merror[39m]: No valid 
license available

      at Console.write [as log] (node_modules/winston/lib/wi
nston/transports/console.js:87:23)

    console.log
      2025-12-22 13:28:55 [[31merror[39m]: License file 
validation failed {
        "errors": [
          "Invalid license signature"
        ],
        "path": "D:\\Work\\HR-SM\\test-licenses\\test-licens
e-1766402935755-teh00q.json"
      }

      at Console.write [as log] (node_modules/winston/lib/wi
nston/transports/console.js:87:23)

    console.log
      2025-12-22 13:28:55 [[31merror[39m]: No valid 
license available

      at Console.write [as log] (node_modules/winston/lib/wi
nston/transports/console.js:87:23)

    console.log
      2025-12-22 13:28:55 [[31merror[39m]: No valid 
license available

      at Console.write [as log] (node_modules/winston/lib/wi
nston/transports/console.js:87:23)

    console.log
      2025-12-22 13:28:55 [[31merror[39m]: No valid 
license available

      at Console.write [as log] (node_modules/winston/lib/wi
nston/transports/console.js:87:23)

    console.log
      2025-12-22 13:28:55 [[31merror[39m]: No valid 
license available

      at Console.write [as log] (node_modules/winston/lib/wi
nston/transports/console.js:87:23)

    console.log
      2025-12-22 13:28:55 [[31merror[39m]: No valid 
license available

      at Console.write [as log] (node_modules/winston/lib/wi
nston/transports/console.js:87:23)

    console.log
      2025-12-22 13:28:55 [[31merror[39m]: No valid 
license available

      at Console.write [as log] (node_modules/winston/lib/wi
nston/transports/console.js:87:23)

    console.log
      2025-12-22 13:28:55 [[31merror[39m]: No valid 
license available

      at Console.write [as log] (node_modules/winston/lib/wi
nston/transports/console.js:87:23)

    console.log
      2025-12-22 13:28:55 [[31merror[39m]: No valid 
license available

      at Console.write [as log] (node_modules/winston/lib/wi
nston/transports/console.js:87:23)

    console.log
      2025-12-22 13:28:55 [[31merror[39m]: No valid 
license available

      at Console.write [as log] (node_modules/winston/lib/wi
nston/transports/console.js:87:23)

    console.log
      2025-12-22 13:28:55 [[31merror[39m]: No valid 
license available

      at Console.write [as log] (node_modules/winston/lib/wi
nston/transports/console.js:87:23)

    console.log
      2025-12-22 13:28:55 [[31merror[39m]: No valid 
license available

      at Console.write [as log] (node_modules/winston/lib/wi
nston/transports/console.js:87:23)

    console.log
      2025-12-22 13:28:55 [[31merror[39m]: No valid 
license available

      at Console.write [as log] (node_modules/winston/lib/wi
nston/transports/console.js:87:23)

    console.log
      2025-12-22 13:28:55 [[31merror[39m]: License file 
validation failed {
        "errors": [
          "Missing required field: companyName",
          "Invalid license signature"
        ],
        "path": "D:\\Work\\HR-SM\\test-licenses\\test-licens
e-1766402935770-yqrbvi.json"
      }

      at Console.write [as log] (node_modules/winston/lib/wi
nston/transports/console.js:87:23)

    console.log
      2025-12-22 13:28:55 [[31merror[39m]: No valid 
license available

      at Console.write [as log] (node_modules/winston/lib/wi
nston/transports/console.js:87:23)

    console.log
      2025-12-22 13:28:55 [[31merror[39m]: No valid 
license available

      at Console.write [as log] (node_modules/winston/lib/wi
nston/transports/console.js:87:23)

    console.log
      2025-12-22 13:28:55 [[31merror[39m]: No valid 
license available

      at Console.write [as log] (node_modules/winston/lib/wi
nston/transports/console.js:87:23)

    console.log
      2025-12-22 13:28:55 [[31merror[39m]: No valid 
license available

      at Console.write [as log] (node_modules/winston/lib/wi
nston/transports/console.js:87:23)

    console.log
      2025-12-22 13:28:55 [[31merror[39m]: No valid 
license available

      at Console.write [as log] (node_modules/winston/lib/wi
nston/transports/console.js:87:23)

    console.log
      2025-12-22 13:28:55 [[31merror[39m]: No valid 
license available

      at Console.write [as log] (node_modules/winston/lib/wi
nston/transports/console.js:87:23)

    console.log
      2025-12-22 13:28:55 [[31merror[39m]: No valid 
license available

      at Console.write [as log] (node_modules/winston/lib/wi
nston/transports/console.js:87:23)

    console.log
      2025-12-22 13:28:55 [[31merror[39m]: No valid 
license available

      at Console.write [as log] (node_modules/winston/lib/wi
nston/transports/console.js:87:23)

    console.log
      2025-12-22 13:28:55 [[31merror[39m]: No valid 
license available

      at Console.write [as log] (node_modules/winston/lib/wi
nston/transports/console.js:87:23)

    console.log
      2025-12-22 13:28:55 [[31merror[39m]: No valid 
license available

      at Console.write [as log] (node_modules/winston/lib/wi
nston/transports/console.js:87:23)

    console.log
      2025-12-22 13:28:55 [[31merror[39m]: No valid 
license available

      at Console.write [as log] (node_modules/winston/lib/wi
nston/transports/console.js:87:23)

    console.log
      2025-12-22 13:28:55 [[31merror[39m]: No valid 
license available

      at Console.write [as log] (node_modules/winston/lib/wi
nston/transports/console.js:87:23)

    console.log
      2025-12-22 13:28:55 [[31merror[39m]: License file 
validation failed {
        "errors": [
          "Invalid license signature"
        ],
        "path": "D:\\Work\\HR-SM\\test-licenses\\test-licens
e-1766402935785-k5l4kk.json"
      }

      at Console.write [as log] (node_modules/winston/lib/wi
nston/transports/console.js:87:23)

    console.log
      2025-12-22 13:28:55 [[31merror[39m]: No valid 
license available

      at Console.write [as log] (node_modules/winston/lib/wi
nston/transports/console.js:87:23)

    console.log
      2025-12-22 13:28:55 [[31merror[39m]: No valid 
license available

      at Console.write [as log] (node_modules/winston/lib/wi
nston/transports/console.js:87:23)

    console.log
      2025-12-22 13:28:55 [[31merror[39m]: No valid 
license available

      at Console.write [as log] (node_modules/winston/lib/wi
nston/transports/console.js:87:23)

    console.log
      2025-12-22 13:28:55 [[31merror[39m]: No valid 
license available

      at Console.write [as log] (node_modules/winston/lib/wi
nston/transports/console.js:87:23)

    console.log
      2025-12-22 13:28:55 [[31merror[39m]: No valid 
license available

      at Console.write [as log] (node_modules/winston/lib/wi
nston/transports/console.js:87:23)

    console.log
      2025-12-22 13:28:55 [[31merror[39m]: No valid 
license available

      at Console.write [as log] (node_modules/winston/lib/wi
nston/transports/console.js:87:23)

    console.log
      2025-12-22 13:28:55 [[31merror[39m]: No valid 
license available

      at Console.write [as log] (node_modules/winston/lib/wi
nston/transports/console.js:87:23)

    console.log
      2025-12-22 13:28:55 [[31merror[39m]: No valid 
license available

      at Console.write [as log] (node_modules/winston/lib/wi
nston/transports/console.js:87:23)

    console.log
      2025-12-22 13:28:55 [[31merror[39m]: No valid 
license available

      at Console.write [as log] (node_modules/winston/lib/wi
nston/transports/console.js:87:23)

    console.log
      2025-12-22 13:28:55 [[31merror[39m]: No valid 
license available

      at Console.write [as log] (node_modules/winston/lib/wi
nston/transports/console.js:87:23)

    console.log
      2025-12-22 13:28:55 [[31merror[39m]: No valid 
license available

      at Console.write [as log] (node_modules/winston/lib/wi
nston/transports/console.js:87:23)

    console.log
      2025-12-22 13:28:55 [[31merror[39m]: No valid 
license available

      at Console.write [as log] (node_modules/winston/lib/wi
nston/transports/console.js:87:23)

    console.log
      2025-12-22 13:28:55 [[31merror[39m]: License file 
validation failed {
        "errors": [
          "Missing required field: signature",
          "Invalid license signature"
        ],
        "path": "D:\\Work\\HR-SM\\test-licenses\\test-licens
e-1766402935806-w816e.json"
      }

      at Console.write [as log] (node_modules/winston/lib/wi
nston/transports/console.js:87:23)

    console.log
      2025-12-22 13:28:55 [[31merror[39m]: No valid 
license available

      at Console.write [as log] (node_modules/winston/lib/wi
nston/transports/console.js:87:23)

    console.log
      2025-12-22 13:28:55 [[31merror[39m]: No valid 
license available

      at Console.write [as log] (node_modules/winston/lib/wi
nston/transports/console.js:87:23)

    console.log
      2025-12-22 13:28:55 [[31merror[39m]: No valid 
license available

      at Console.write [as log] (node_modules/winston/lib/wi
nston/transports/console.js:87:23)

    console.log
      2025-12-22 13:28:55 [[31merror[39m]: No valid 
license available

      at Console.write [as log] (node_modules/winston/lib/wi
nston/transports/console.js:87:23)

    console.log
      2025-12-22 13:28:55 [[31merror[39m]: No valid 
license available

      at Console.write [as log] (node_modules/winston/lib/wi
nston/transports/console.js:87:23)

    console.log
      2025-12-22 13:28:55 [[31merror[39m]: No valid 
license available

      at Console.write [as log] (node_modules/winston/lib/wi
nston/transports/console.js:87:23)

    console.log
      2025-12-22 13:28:55 [[31merror[39m]: No valid 
license available

      at Console.write [as log] (node_modules/winston/lib/wi
nston/transports/console.js:87:23)

    console.log
      2025-12-22 13:28:55 [[31merror[39m]: No valid 
license available

      at Console.write [as log] (node_modules/winston/lib/wi
nston/transports/console.js:87:23)

    console.log
      2025-12-22 13:28:55 [[31merror[39m]: No valid 
license available

      at Console.write [as log] (node_modules/winston/lib/wi
nston/transports/console.js:87:23)

    console.log
      2025-12-22 13:28:55 [[31merror[39m]: No valid 
license available

      at Console.write [as log] (node_modules/winston/lib/wi
nston/transports/console.js:87:23)

    console.log
      2025-12-22 13:28:55 [[31merror[39m]: No valid 
license available

      at Console.write [as log] (node_modules/winston/lib/wi
nston/transports/console.js:87:23)

    console.log
      2025-12-22 13:28:55 [[31merror[39m]: No valid 
license available

      at Console.write [as log] (node_modules/winston/lib/wi
nston/transports/console.js:87:23)

    console.log
      2025-12-22 13:28:55 [[31merror[39m]: License file 
validation failed {
        "errors": [
          "Module attendance: invalid tier 
'invalid-tier-name'",
          "Invalid license signature"
        ],
        "path": "D:\\Work\\HR-SM\\test-licenses\\test-licens
e-1766402935820-34tykw.json"
      }

      at Console.write [as log] (node_modules/winston/lib/wi
nston/transports/console.js:87:23)

    console.log
      2025-12-22 13:28:55 [[31merror[39m]: No valid 
license available

      at Console.write [as log] (node_modules/winston/lib/wi
nston/transports/console.js:87:23)

    console.log
      2025-12-22 13:28:55 [[31merror[39m]: No valid 
license available

      at Console.write [as log] (node_modules/winston/lib/wi
nston/transports/console.js:87:23)

    console.log
      2025-12-22 13:28:55 [[31merror[39m]: No valid 
license available

      at Console.write [as log] (node_modules/winston/lib/wi
nston/transports/console.js:87:23)

    console.log
      2025-12-22 13:28:55 [[31merror[39m]: No valid 
license available

      at Console.write [as log] (node_modules/winston/lib/wi
nston/transports/console.js:87:23)

    console.log
      2025-12-22 13:28:55 [[31merror[39m]: No valid 
license available

      at Console.write [as log] (node_modules/winston/lib/wi
nston/transports/console.js:87:23)

    console.log
      2025-12-22 13:28:55 [[31merror[39m]: No valid 
license available

      at Console.write [as log] (node_modules/winston/lib/wi
nston/transports/console.js:87:23)

    console.log
      2025-12-22 13:28:55 [[31merror[39m]: No valid 
license available

      at Console.write [as log] (node_modules/winston/lib/wi
nston/transports/console.js:87:23)

    console.log
      2025-12-22 13:28:55 [[31merror[39m]: No valid 
license available

      at Console.write [as log] (node_modules/winston/lib/wi
nston/transports/console.js:87:23)

    console.log
      2025-12-22 13:28:55 [[31merror[39m]: No valid 
license available

      at Console.write [as log] (node_modules/winston/lib/wi
nston/transports/console.js:87:23)

    console.log
      2025-12-22 13:28:55 [[31merror[39m]: No valid 
license available

      at Console.write [as log] (node_modules/winston/lib/wi
nston/transports/console.js:87:23)

    console.log
      2025-12-22 13:28:55 [[31merror[39m]: No valid 
license available

      at Console.write [as log] (node_modules/winston/lib/wi
nston/transports/console.js:87:23)

    console.log
      2025-12-22 13:28:55 [[31merror[39m]: No valid 
license available

      at Console.write [as log] (node_modules/winston/lib/wi
nston/transports/console.js:87:23)

    console.log
      2025-12-22 13:28:55 [[31merror[39m]: License file 
validation failed {
        "errors": [
          "Module leave: missing 'tier' field",
          "Invalid license signature"
        ],
        "path": "D:\\Work\\HR-SM\\test-licenses\\test-licens
e-1766402935832-jk7v4.json"
      }

      at Console.write [as log] (node_modules/winston/lib/wi
nston/transports/console.js:87:23)

    console.log
      2025-12-22 13:28:55 [[31merror[39m]: No valid 
license available

      at Console.write [as log] (node_modules/winston/lib/wi
nston/transports/console.js:87:23)

    console.log
      2025-12-22 13:28:55 [[31merror[39m]: No valid 
license available

      at Console.write [as log] (node_modules/winston/lib/wi
nston/transports/console.js:87:23)

    console.log
      2025-12-22 13:28:55 [[31merror[39m]: No valid 
license available

      at Console.write [as log] (node_modules/winston/lib/wi
nston/transports/console.js:87:23)

    console.log
      2025-12-22 13:28:55 [[31merror[39m]: No valid 
license available

      at Console.write [as log] (node_modules/winston/lib/wi
nston/transports/console.js:87:23)

    console.log
      2025-12-22 13:28:55 [[31merror[39m]: No valid 
license available

      at Console.write [as log] (node_modules/winston/lib/wi
nston/transports/console.js:87:23)

    console.log
      2025-12-22 13:28:55 [[31merror[39m]: No valid 
license available

      at Console.write [as log] (node_modules/winston/lib/wi
nston/transports/console.js:87:23)

    console.log
      2025-12-22 13:28:55 [[31merror[39m]: No valid 
license available

      at Console.write [as log] (node_modules/winston/lib/wi
nston/transports/console.js:87:23)

    console.log
      2025-12-22 13:28:55 [[31merror[39m]: No valid 
license available

      at Console.write [as log] (node_modules/winston/lib/wi
nston/transports/console.js:87:23)

    console.log
      2025-12-22 13:28:55 [[31merror[39m]: No valid 
license available

      at Console.write [as log] (node_modules/winston/lib/wi
nston/transports/console.js:87:23)

    console.log
      2025-12-22 13:28:55 [[31merror[39m]: No valid 
license available

      at Console.write [as log] (node_modules/winston/lib/wi
nston/transports/console.js:87:23)

    console.log
      2025-12-22 13:28:55 [[31merror[39m]: No valid 
license available

      at Console.write [as log] (node_modules/winston/lib/wi
nston/transports/console.js:87:23)

    console.log
      2025-12-22 13:28:55 [[31merror[39m]: No valid 
license available

      at Console.write [as log] (node_modules/winston/lib/wi
nston/transports/console.js:87:23)

    console.log
      2025-12-22 13:28:55 [[31merror[39m]: License file 
validation failed {
        "errors": [
          "Invalid issuedAt date format",
          "Invalid license signature"
        ],
        "path": "D:\\Work\\HR-SM\\test-licenses\\test-licens
e-1766402935852-snvp8t.json"
      }

      at Console.write [as log] (node_modules/winston/lib/wi
nston/transports/console.js:87:23)

    console.log
      2025-12-22 13:28:55 [[31merror[39m]: No valid 
license available

      at Console.write [as log] (node_modules/winston/lib/wi
nston/transports/console.js:87:23)

    console.log
      2025-12-22 13:28:55 [[31merror[39m]: No valid 
license available

      at Console.write [as log] (node_modules/winston/lib/wi
nston/transports/console.js:87:23)

    console.log
      2025-12-22 13:28:55 [[31merror[39m]: No valid 
license available

      at Console.write [as log] (node_modules/winston/lib/wi
nston/transports/console.js:87:23)

    console.log
      2025-12-22 13:28:55 [[31merror[39m]: No valid 
license available

      at Console.write [as log] (node_modules/winston/lib/wi
nston/transports/console.js:87:23)

    console.log
      2025-12-22 13:28:55 [[31merror[39m]: No valid 
license available

      at Console.write [as log] (node_modules/winston/lib/wi
nston/transports/console.js:87:23)

    console.log
      2025-12-22 13:28:55 [[31merror[39m]: No valid 
license available

      at Console.write [as log] (node_modules/winston/lib/wi
nston/transports/console.js:87:23)

    console.log
      2025-12-22 13:28:55 [[31merror[39m]: No valid 
license available

      at Console.write [as log] (node_modules/winston/lib/wi
nston/transports/console.js:87:23)

    console.log
      2025-12-22 13:28:55 [[31merror[39m]: No valid 
license available

      at Console.write [as log] (node_modules/winston/lib/wi
nston/transports/console.js:87:23)

    console.log
      2025-12-22 13:28:55 [[31merror[39m]: No valid 
license available

      at Console.write [as log] (node_modules/winston/lib/wi
nston/transports/console.js:87:23)

    console.log
      2025-12-22 13:28:55 [[31merror[39m]: No valid 
license available

      at Console.write [as log] (node_modules/winston/lib/wi
nston/transports/console.js:87:23)

    console.log
      2025-12-22 13:28:55 [[31merror[39m]: No valid 
license available

      at Console.write [as log] (node_modules/winston/lib/wi
nston/transports/console.js:87:23)

    console.log
      2025-12-22 13:28:55 [[31merror[39m]: No valid 
license available

      at Console.write [as log] (node_modules/winston/lib/wi
nston/transports/console.js:87:23)

    console.log
      2025-12-22 13:28:55 [[31merror[39m]: License file 
validation failed {
        "errors": [
          "Invalid license key format. Expected: 
HRMS-XXXX-XXXX-XXXX",
          "Invalid license signature"
        ],
        "path": "D:\\Work\\HR-SM\\test-licenses\\test-licens
e-1766402935868-pt99go.json"
      }

      at Console.write [as log] (node_modules/winston/lib/wi
nston/transports/console.js:87:23)

    console.log
      2025-12-22 13:28:55 [[31merror[39m]: No valid 
license available

      at Console.write [as log] (node_modules/winston/lib/wi
nston/transports/console.js:87:23)

    console.log
      2025-12-22 13:28:55 [[31merror[39m]: No valid 
license available

      at Console.write [as log] (node_modules/winston/lib/wi
nston/transports/console.js:87:23)

    console.log
      2025-12-22 13:28:55 [[31merror[39m]: No valid 
license available

      at Console.write [as log] (node_modules/winston/lib/wi
nston/transports/console.js:87:23)

    console.log
      2025-12-22 13:28:55 [[31merror[39m]: No valid 
license available

      at Console.write [as log] (node_modules/winston/lib/wi
nston/transports/console.js:87:23)

    console.log
      2025-12-22 13:28:55 [[31merror[39m]: No valid 
license available

      at Console.write [as log] (node_modules/winston/lib/wi
nston/transports/console.js:87:23)

    console.log
      2025-12-22 13:28:55 [[31merror[39m]: No valid 
license available

      at Console.write [as log] (node_modules/winston/lib/wi
nston/transports/console.js:87:23)

    console.log
      2025-12-22 13:28:55 [[31merror[39m]: No valid 
license available

      at Console.write [as log] (node_modules/winston/lib/wi
nston/transports/console.js:87:23)

    console.log
      2025-12-22 13:28:55 [[31merror[39m]: No valid 
license available

      at Console.write [as log] (node_modules/winston/lib/wi
nston/transports/console.js:87:23)

    console.log
      2025-12-22 13:28:55 [[31merror[39m]: No valid 
license available

      at Console.write [as log] (node_modules/winston/lib/wi
nston/transports/console.js:87:23)

    console.log
      2025-12-22 13:28:55 [[31merror[39m]: No valid 
license available

      at Console.write [as log] (node_modules/winston/lib/wi
nston/transports/console.js:87:23)

    console.log
      2025-12-22 13:28:55 [[31merror[39m]: No valid 
license available

      at Console.write [as log] (node_modules/winston/lib/wi
nston/transports/console.js:87:23)

    console.log
      2025-12-22 13:28:55 [[31merror[39m]: No valid 
license available

      at Console.write [as log] (node_modules/winston/lib/wi
nston/transports/console.js:87:23)

    console.log
      2025-12-22 13:28:55 [[31merror[39m]: License file 
validation failed {
        "errors": [
          "Missing required field: licenseKey",
          "Invalid license signature"
        ],
        "path": "D:\\Work\\HR-SM\\test-licenses\\test-licens
e-1766402935880-nsw3kn.json"
      }

      at Console.write [as log] (node_modules/winston/lib/wi
nston/transports/console.js:87:23)

    console.log
      2025-12-22 13:28:55 [[31merror[39m]: No valid 
license available

      at Console.write [as log] (node_modules/winston/lib/wi
nston/transports/console.js:87:23)

    console.log
      2025-12-22 13:28:55 [[31merror[39m]: No valid 
license available

      at Console.write [as log] (node_modules/winston/lib/wi
nston/transports/console.js:87:23)

    console.log
      2025-12-22 13:28:55 [[31merror[39m]: No valid 
license available

      at Console.write [as log] (node_modules/winston/lib/wi
nston/transports/console.js:87:23)

    console.log
      2025-12-22 13:28:55 [[31merror[39m]: No valid 
license available

      at Console.write [as log] (node_modules/winston/lib/wi
nston/transports/console.js:87:23)

    console.log
      2025-12-22 13:28:55 [[31merror[39m]: No valid 
license available

      at Console.write [as log] (node_modules/winston/lib/wi
nston/transports/console.js:87:23)

    console.log
      2025-12-22 13:28:55 [[31merror[39m]: No valid 
license available

      at Console.write [as log] (node_modules/winston/lib/wi
nston/transports/console.js:87:23)

    console.log
      2025-12-22 13:28:55 [[31merror[39m]: No valid 
license available

      at Console.write [as log] (node_modules/winston/lib/wi
nston/transports/console.js:87:23)

    console.log
      2025-12-22 13:28:55 [[31merror[39m]: No valid 
license available

      at Console.write [as log] (node_modules/winston/lib/wi
nston/transports/console.js:87:23)

    console.log
      2025-12-22 13:28:55 [[31merror[39m]: No valid 
license available

      at Console.write [as log] (node_modules/winston/lib/wi
nston/transports/console.js:87:23)

    console.log
      2025-12-22 13:28:55 [[31merror[39m]: No valid 
license available

      at Console.write [as log] (node_modules/winston/lib/wi
nston/transports/console.js:87:23)

    console.log
      2025-12-22 13:28:55 [[31merror[39m]: No valid 
license available

      at Console.write [as log] (node_modules/winston/lib/wi
nston/transports/console.js:87:23)

    console.log
      2025-12-22 13:28:55 [[31merror[39m]: No valid 
license available

      at Console.write [as log] (node_modules/winston/lib/wi
nston/transports/console.js:87:23)

    console.log
      2025-12-22 13:28:55 [[31merror[39m]: License file 
validation failed {
        "errors": [
          "Invalid expiresAt date format",
          "Invalid license signature"
        ],
        "path": "D:\\Work\\HR-SM\\test-licenses\\test-licens
e-1766402935894-efsvt.json"
      }

      at Console.write [as log] (node_modules/winston/lib/wi
nston/transports/console.js:87:23)

    console.log
      2025-12-22 13:28:55 [[31merror[39m]: No valid 
license available

      at Console.write [as log] (node_modules/winston/lib/wi
nston/transports/console.js:87:23)

    console.log
      2025-12-22 13:28:55 [[31merror[39m]: No valid 
license available

      at Console.write [as log] (node_modules/winston/lib/wi
nston/transports/console.js:87:23)

    console.log
      2025-12-22 13:28:55 [[31merror[39m]: No valid 
license available

      at Console.write [as log] (node_modules/winston/lib/wi
nston/transports/console.js:87:23)

    console.log
      2025-12-22 13:28:55 [[31merror[39m]: No valid 
license available

      at Console.write [as log] (node_modules/winston/lib/wi
nston/transports/console.js:87:23)

    console.log
      2025-12-22 13:28:55 [[31merror[39m]: No valid 
license available

      at Console.write [as log] (node_modules/winston/lib/wi
nston/transports/console.js:87:23)

    console.log
      2025-12-22 13:28:55 [[31merror[39m]: No valid 
license available

      at Console.write [as log] (node_modules/winston/lib/wi
nston/transports/console.js:87:23)

    console.log
      2025-12-22 13:28:55 [[31merror[39m]: No valid 
license available

      at Console.write [as log] (node_modules/winston/lib/wi
nston/transports/console.js:87:23)

    console.log
      2025-12-22 13:28:55 [[31merror[39m]: No valid 
license available

      at Console.write [as log] (node_modules/winston/lib/wi
nston/transports/console.js:87:23)

    console.log
      2025-12-22 13:28:55 [[31merror[39m]: No valid 
license available

      at Console.write [as log] (node_modules/winston/lib/wi
nston/transports/console.js:87:23)

    console.log
      2025-12-22 13:28:55 [[31merror[39m]: No valid 
license available

      at Console.write [as log] (node_modules/winston/lib/wi
nston/transports/console.js:87:23)

    console.log
      2025-12-22 13:28:55 [[31merror[39m]: No valid 
license available

      at Console.write [as log] (node_modules/winston/lib/wi
nston/transports/console.js:87:23)

    console.log
      2025-12-22 13:28:55 [[31merror[39m]: No valid 
license available

      at Console.write [as log] (node_modules/winston/lib/wi
nston/transports/console.js:87:23)

    console.log
      2025-12-22 13:28:55 [[31merror[39m]: License file 
validation failed {
        "errors": [
          "Invalid issuedAt date format",
          "Invalid license signature"
        ],
        "path": "D:\\Work\\HR-SM\\test-licenses\\test-licens
e-1766402935916-9kafr.json"
      }

      at Console.write [as log] (node_modules/winston/lib/wi
nston/transports/console.js:87:23)

    console.log
      2025-12-22 13:28:55 [[31merror[39m]: No valid 
license available

      at Console.write [as log] (node_modules/winston/lib/wi
nston/transports/console.js:87:23)

    console.log
      2025-12-22 13:28:55 [[31merror[39m]: No valid 
license available

      at Console.write [as log] (node_modules/winston/lib/wi
nston/transports/console.js:87:23)

    console.log
      2025-12-22 13:28:55 [[31merror[39m]: No valid 
license available

      at Console.write [as log] (node_modules/winston/lib/wi
nston/transports/console.js:87:23)

    console.log
      2025-12-22 13:28:55 [[31merror[39m]: No valid 
license available

      at Console.write [as log] (node_modules/winston/lib/wi
nston/transports/console.js:87:23)

    console.log
      2025-12-22 13:28:55 [[31merror[39m]: No valid 
license available

      at Console.write [as log] (node_modules/winston/lib/wi
nston/transports/console.js:87:23)

    console.log
      2025-12-22 13:28:55 [[31merror[39m]: No valid 
license available

      at Console.write [as log] (node_modules/winston/lib/wi
nston/transports/console.js:87:23)

    console.log
      2025-12-22 13:28:55 [[31merror[39m]: No valid 
license available

      at Console.write [as log] (node_modules/winston/lib/wi
nston/transports/console.js:87:23)

    console.log
      2025-12-22 13:28:55 [[31merror[39m]: No valid 
license available

      at Console.write [as log] (node_modules/winston/lib/wi
nston/transports/console.js:87:23)

    console.log
      2025-12-22 13:28:55 [[31merror[39m]: No valid 
license available

      at Console.write [as log] (node_modules/winston/lib/wi
nston/transports/console.js:87:23)

    console.log
      2025-12-22 13:28:55 [[31merror[39m]: No valid 
license available

      at Console.write [as log] (node_modules/winston/lib/wi
nston/transports/console.js:87:23)

    console.log
      2025-12-22 13:28:55 [[31merror[39m]: No valid 
license available

      at Console.write [as log] (node_modules/winston/lib/wi
nston/transports/console.js:87:23)

    console.log
      2025-12-22 13:28:55 [[31merror[39m]: No valid 
license available

      at Console.write [as log] (node_modules/winston/lib/wi
nston/transports/console.js:87:23)

    console.log
      2025-12-22 13:28:55 [[31merror[39m]: License file 
validation failed {
        "errors": [
          "Invalid expiresAt date format",
          "Invalid license signature"
        ],
        "path": "D:\\Work\\HR-SM\\test-licenses\\test-licens
e-1766402935930-j8i7xg.json"
      }

      at Console.write [as log] (node_modules/winston/lib/wi
nston/transports/console.js:87:23)

    console.log
      2025-12-22 13:28:55 [[31merror[39m]: No valid 
license available

      at Console.write [as log] (node_modules/winston/lib/wi
nston/transports/console.js:87:23)

    console.log
      2025-12-22 13:28:55 [[31merror[39m]: No valid 
license available

      at Console.write [as log] (node_modules/winston/lib/wi
nston/transports/console.js:87:23)

    console.log
      2025-12-22 13:28:55 [[31merror[39m]: No valid 
license available

      at Console.write [as log] (node_modules/winston/lib/wi
nston/transports/console.js:87:23)

    console.log
      2025-12-22 13:28:55 [[31merror[39m]: No valid 
license available

      at Console.write [as log] (node_modules/winston/lib/wi
nston/transports/console.js:87:23)

    console.log
      2025-12-22 13:28:55 [[31merror[39m]: No valid 
license available

      at Console.write [as log] (node_modules/winston/lib/wi
nston/transports/console.js:87:23)

    console.log
      2025-12-22 13:28:55 [[31merror[39m]: No valid 
license available

      at Console.write [as log] (node_modules/winston/lib/wi
nston/transports/console.js:87:23)

    console.log
      2025-12-22 13:28:55 [[31merror[39m]: No valid 
license available

      at Console.write [as log] (node_modules/winston/lib/wi
nston/transports/console.js:87:23)

    console.log
      2025-12-22 13:28:55 [[31merror[39m]: No valid 
license available

      at Console.write [as log] (node_modules/winston/lib/wi
nston/transports/console.js:87:23)

    console.log
      2025-12-22 13:28:55 [[31merror[39m]: No valid 
license available

      at Console.write [as log] (node_modules/winston/lib/wi
nston/transports/console.js:87:23)

    console.log
      2025-12-22 13:28:55 [[31merror[39m]: No valid 
license available

      at Console.write [as log] (node_modules/winston/lib/wi
nston/transports/console.js:87:23)

    console.log
      2025-12-22 13:28:55 [[31merror[39m]: No valid 
license available

      at Console.write [as log] (node_modules/winston/lib/wi
nston/transports/console.js:87:23)

    console.log
      2025-12-22 13:28:55 [[31merror[39m]: No valid 
license available

      at Console.write [as log] (node_modules/winston/lib/wi
nston/transports/console.js:87:23)

    console.log
      2025-12-22 13:28:55 [[31merror[39m]: License file 
validation failed {
        "errors": [
          "Missing required field: companyId",
          "Invalid license signature"
        ],
        "path": "D:\\Work\\HR-SM\\test-licenses\\test-licens
e-1766402935943-erfhgj.json"
      }

      at Console.write [as log] (node_modules/winston/lib/wi
nston/transports/console.js:87:23)

    console.log
      2025-12-22 13:28:55 [[31merror[39m]: No valid 
license available

      at Console.write [as log] (node_modules/winston/lib/wi
nston/transports/console.js:87:23)

    console.log
      2025-12-22 13:28:55 [[31merror[39m]: No valid 
license available

      at Console.write [as log] (node_modules/winston/lib/wi
nston/transports/console.js:87:23)

    console.log
      2025-12-22 13:28:55 [[31merror[39m]: No valid 
license available

      at Console.write [as log] (node_modules/winston/lib/wi
nston/transports/console.js:87:23)

    console.log
      2025-12-22 13:28:55 [[31merror[39m]: No valid 
license available

      at Console.write [as log] (node_modules/winston/lib/wi
nston/transports/console.js:87:23)

    console.log
      2025-12-22 13:28:55 [[31merror[39m]: No valid 
license available

      at Console.write [as log] (node_modules/winston/lib/wi
nston/transports/console.js:87:23)

    console.log
      2025-12-22 13:28:55 [[31merror[39m]: No valid 
license available

      at Console.write [as log] (node_modules/winston/lib/wi
nston/transports/console.js:87:23)

    console.log
      2025-12-22 13:28:55 [[31merror[39m]: No valid 
license available

      at Console.write [as log] (node_modules/winston/lib/wi
nston/transports/console.js:87:23)

    console.log
      2025-12-22 13:28:55 [[31merror[39m]: No valid 
license available

      at Console.write [as log] (node_modules/winston/lib/wi
nston/transports/console.js:87:23)

    console.log
      2025-12-22 13:28:55 [[31merror[39m]: No valid 
license available

      at Console.write [as log] (node_modules/winston/lib/wi
nston/transports/console.js:87:23)

    console.log
      2025-12-22 13:28:55 [[31merror[39m]: No valid 
license available

      at Console.write [as log] (node_modules/winston/lib/wi
nston/transports/console.js:87:23)

    console.log
      2025-12-22 13:28:55 [[31merror[39m]: No valid 
license available

      at Console.write [as log] (node_modules/winston/lib/wi
nston/transports/console.js:87:23)

    console.log
      2025-12-22 13:28:55 [[31merror[39m]: No valid 
license available

      at Console.write [as log] (node_modules/winston/lib/wi
nston/transports/console.js:87:23)

    console.log
      2025-12-22 13:28:55 [[31merror[39m]: License file 
validation failed {
        "errors": [
          "Invalid license signature"
        ],
        "path": "D:\\Work\\HR-SM\\test-licenses\\test-licens
e-1766402935974-i7uirt.json"
      }

      at Console.write [as log] (node_modules/winston/lib/wi
nston/transports/console.js:87:23)

    console.log
      2025-12-22 13:28:55 [[31merror[39m]: No valid 
license available

      at Console.write [as log] (node_modules/winston/lib/wi
nston/transports/console.js:87:23)

    console.log
      2025-12-22 13:28:55 [[31merror[39m]: No valid 
license available

      at Console.write [as log] (node_modules/winston/lib/wi
nston/transports/console.js:87:23)

    console.log
      2025-12-22 13:28:55 [[31merror[39m]: No valid 
license available

      at Console.write [as log] (node_modules/winston/lib/wi
nston/transports/console.js:87:23)

    console.log
      2025-12-22 13:28:55 [[31merror[39m]: No valid 
license available

      at Console.write [as log] (node_modules/winston/lib/wi
nston/transports/console.js:87:23)

    console.log
      2025-12-22 13:28:55 [[31merror[39m]: No valid 
license available

      at Console.write [as log] (node_modules/winston/lib/wi
nston/transports/console.js:87:23)

    console.log
      2025-12-22 13:28:55 [[31merror[39m]: No valid 
license available

      at Console.write [as log] (node_modules/winston/lib/wi
nston/transports/console.js:87:23)

    console.log
      2025-12-22 13:28:55 [[31merror[39m]: No valid 
license available

      at Console.write [as log] (node_modules/winston/lib/wi
nston/transports/console.js:87:23)

    console.log
      2025-12-22 13:28:55 [[31merror[39m]: No valid 
license available

      at Console.write [as log] (node_modules/winston/lib/wi
nston/transports/console.js:87:23)

    console.log
      2025-12-22 13:28:55 [[31merror[39m]: No valid 
license available

      at Console.write [as log] (node_modules/winston/lib/wi
nston/transports/console.js:87:23)

    console.log
      2025-12-22 13:28:55 [[31merror[39m]: No valid 
license available

      at Console.write [as log] (node_modules/winston/lib/wi
nston/transports/console.js:87:23)

    console.log
      2025-12-22 13:28:55 [[31merror[39m]: No valid 
license available

      at Console.write [as log] (node_modules/winston/lib/wi
nston/transports/console.js:87:23)

    console.log
      2025-12-22 13:28:55 [[31merror[39m]: No valid 
license available

      at Console.write [as log] (node_modules/winston/lib/wi
nston/transports/console.js:87:23)

    console.log
      2025-12-22 13:28:55 [[31merror[39m]: License file 
validation failed {
        "errors": [
          "Invalid license key format. Expected: 
HRMS-XXXX-XXXX-XXXX",
          "Invalid license signature"
        ],
        "path": "D:\\Work\\HR-SM\\test-licenses\\test-licens
e-1766402935993-4c2dgo.json"
      }

      at Console.write [as log] (node_modules/winston/lib/wi
nston/transports/console.js:87:23)

    console.log
      2025-12-22 13:28:55 [[31merror[39m]: No valid 
license available

      at Console.write [as log] (node_modules/winston/lib/wi
nston/transports/console.js:87:23)

    console.log
      2025-12-22 13:28:55 [[31merror[39m]: No valid 
license available

      at Console.write [as log] (node_modules/winston/lib/wi
nston/transports/console.js:87:23)

    console.log
      2025-12-22 13:28:55 [[31merror[39m]: No valid 
license available

      at Console.write [as log] (node_modules/winston/lib/wi
nston/transports/console.js:87:23)

    console.log
      2025-12-22 13:28:55 [[31merror[39m]: No valid 
license available

      at Console.write [as log] (node_modules/winston/lib/wi
nston/transports/console.js:87:23)

    console.log
      2025-12-22 13:28:55 [[31merror[39m]: No valid 
license available

      at Console.write [as log] (node_modules/winston/lib/wi
nston/transports/console.js:87:23)

    console.log
      2025-12-22 13:28:55 [[31merror[39m]: No valid 
license available

      at Console.write [as log] (node_modules/winston/lib/wi
nston/transports/console.js:87:23)

    console.log
      2025-12-22 13:28:55 [[31merror[39m]: No valid 
license available

      at Console.write [as log] (node_modules/winston/lib/wi
nston/transports/console.js:87:23)

    console.log
      2025-12-22 13:28:55 [[31merror[39m]: No valid 
license available

      at Console.write [as log] (node_modules/winston/lib/wi
nston/transports/console.js:87:23)

    console.log
      2025-12-22 13:28:56 [[31merror[39m]: No valid 
license available

      at Console.write [as log] (node_modules/winston/lib/wi
nston/transports/console.js:87:23)

    console.log
      2025-12-22 13:28:56 [[31merror[39m]: No valid 
license available

      at Console.write [as log] (node_modules/winston/lib/wi
nston/transports/console.js:87:23)

    console.log
      2025-12-22 13:28:56 [[31merror[39m]: No valid 
license available

      at Console.write [as log] (node_modules/winston/lib/wi
nston/transports/console.js:87:23)

    console.log
      2025-12-22 13:28:56 [[31merror[39m]: No valid 
license available

      at Console.write [as log] (node_modules/winston/lib/wi
nston/transports/console.js:87:23)

    console.log
      2025-12-22 13:28:56 [[31merror[39m]: License file 
validation failed {
        "errors": [
          "Invalid expiresAt date format",
          "Invalid license signature"
        ],
        "path": "D:\\Work\\HR-SM\\test-licenses\\test-licens
e-1766402936003-h893in.json"
      }

      at Console.write [as log] (node_modules/winston/lib/wi
nston/transports/console.js:87:23)

    console.log
      2025-12-22 13:28:56 [[31merror[39m]: No valid 
license available

      at Console.write [as log] (node_modules/winston/lib/wi
nston/transports/console.js:87:23)

    console.log
      2025-12-22 13:28:56 [[31merror[39m]: No valid 
license available

      at Console.write [as log] (node_modules/winston/lib/wi
nston/transports/console.js:87:23)

    console.log
      2025-12-22 13:28:56 [[31merror[39m]: No valid 
license available

      at Console.write [as log] (node_modules/winston/lib/wi
nston/transports/console.js:87:23)

    console.log
      2025-12-22 13:28:56 [[31merror[39m]: No valid 
license available

      at Console.write [as log] (node_modules/winston/lib/wi
nston/transports/console.js:87:23)

    console.log
      2025-12-22 13:28:56 [[31merror[39m]: No valid 
license available

      at Console.write [as log] (node_modules/winston/lib/wi
nston/transports/console.js:87:23)

    console.log
      2025-12-22 13:28:56 [[31merror[39m]: No valid 
license available

      at Console.write [as log] (node_modules/winston/lib/wi
nston/transports/console.js:87:23)

    console.log
      2025-12-22 13:28:56 [[31merror[39m]: No valid 
license available

      at Console.write [as log] (node_modules/winston/lib/wi
nston/transports/console.js:87:23)

    console.log
      2025-12-22 13:28:56 [[31merror[39m]: No valid 
license available

      at Console.write [as log] (node_modules/winston/lib/wi
nston/transports/console.js:87:23)

    console.log
      2025-12-22 13:28:56 [[31merror[39m]: No valid 
license available

      at Console.write [as log] (node_modules/winston/lib/wi
nston/transports/console.js:87:23)

    console.log
      2025-12-22 13:28:56 [[31merror[39m]: No valid 
license available

      at Console.write [as log] (node_modules/winston/lib/wi
nston/transports/console.js:87:23)

    console.log
      2025-12-22 13:28:56 [[31merror[39m]: No valid 
license available

      at Console.write [as log] (node_modules/winston/lib/wi
nston/transports/console.js:87:23)

    console.log
      2025-12-22 13:28:56 [[31merror[39m]: No valid 
license available

      at Console.write [as log] (node_modules/winston/lib/wi
nston/transports/console.js:87:23)

    console.log
      2025-12-22 13:28:56 [[31merror[39m]: License file 
validation failed {
        "errors": [
          "Invalid expiresAt date format",
          "Invalid license signature"
        ],
        "path": "D:\\Work\\HR-SM\\test-licenses\\test-licens
e-1766402936017-t1vzhw.json"
      }

      at Console.write [as log] (node_modules/winston/lib/wi
nston/transports/console.js:87:23)

    console.log
      2025-12-22 13:28:56 [[31merror[39m]: No valid 
license available

      at Console.write [as log] (node_modules/winston/lib/wi
nston/transports/console.js:87:23)

    console.log
      2025-12-22 13:28:56 [[31merror[39m]: No valid 
license available

      at Console.write [as log] (node_modules/winston/lib/wi
nston/transports/console.js:87:23)

    console.log
      2025-12-22 13:28:56 [[31merror[39m]: No valid 
license available

      at Console.write [as log] (node_modules/winston/lib/wi
nston/transports/console.js:87:23)

    console.log
      2025-12-22 13:28:56 [[31merror[39m]: No valid 
license available

      at Console.write [as log] (node_modules/winston/lib/wi
nston/transports/console.js:87:23)

    console.log
      2025-12-22 13:28:56 [[31merror[39m]: No valid 
license available

      at Console.write [as log] (node_modules/winston/lib/wi
nston/transports/console.js:87:23)

    console.log
      2025-12-22 13:28:56 [[31merror[39m]: No valid 
license available

      at Console.write [as log] (node_modules/winston/lib/wi
nston/transports/console.js:87:23)

    console.log
      2025-12-22 13:28:56 [[31merror[39m]: No valid 
license available

      at Console.write [as log] (node_modules/winston/lib/wi
nston/transports/console.js:87:23)

    console.log
      2025-12-22 13:28:56 [[31merror[39m]: No valid 
license available

      at Console.write [as log] (node_modules/winston/lib/wi
nston/transports/console.js:87:23)

    console.log
      2025-12-22 13:28:56 [[31merror[39m]: No valid 
license available

      at Console.write [as log] (node_modules/winston/lib/wi
nston/transports/console.js:87:23)

    console.log
      2025-12-22 13:28:56 [[31merror[39m]: No valid 
license available

      at Console.write [as log] (node_modules/winston/lib/wi
nston/transports/console.js:87:23)

    console.log
      2025-12-22 13:28:56 [[31merror[39m]: No valid 
license available

      at Console.write [as log] (node_modules/winston/lib/wi
nston/transports/console.js:87:23)

    console.log
      2025-12-22 13:28:56 [[31merror[39m]: No valid 
license available

      at Console.write [as log] (node_modules/winston/lib/wi
nston/transports/console.js:87:23)

    console.log
      2025-12-22 13:28:56 [[31merror[39m]: License file 
validation failed {
        "errors": [
          "Invalid license signature"
        ],
        "path": "D:\\Work\\HR-SM\\test-licenses\\test-licens
e-1766402936030-ugi52.json"
      }

      at Console.write [as log] (node_modules/winston/lib/wi
nston/transports/console.js:87:23)

    console.log
      2025-12-22 13:28:56 [[31merror[39m]: No valid 
license available

      at Console.write [as log] (node_modules/winston/lib/wi
nston/transports/console.js:87:23)

    console.log
      2025-12-22 13:28:56 [[31merror[39m]: No valid 
license available

      at Console.write [as log] (node_modules/winston/lib/wi
nston/transports/console.js:87:23)

    console.log
      2025-12-22 13:28:56 [[31merror[39m]: No valid 
license available

      at Console.write [as log] (node_modules/winston/lib/wi
nston/transports/console.js:87:23)

    console.log
      2025-12-22 13:28:56 [[31merror[39m]: No valid 
license available

      at Console.write [as log] (node_modules/winston/lib/wi
nston/transports/console.js:87:23)

    console.log
      2025-12-22 13:28:56 [[31merror[39m]: No valid 
license available

      at Console.write [as log] (node_modules/winston/lib/wi
nston/transports/console.js:87:23)

    console.log
      2025-12-22 13:28:56 [[31merror[39m]: No valid 
license available

      at Console.write [as log] (node_modules/winston/lib/wi
nston/transports/console.js:87:23)

    console.log
      2025-12-22 13:28:56 [[31merror[39m]: No valid 
license available

      at Console.write [as log] (node_modules/winston/lib/wi
nston/transports/console.js:87:23)

    console.log
      2025-12-22 13:28:56 [[31merror[39m]: No valid 
license available

      at Console.write [as log] (node_modules/winston/lib/wi
nston/transports/console.js:87:23)

    console.log
      2025-12-22 13:28:56 [[31merror[39m]: No valid 
license available

      at Console.write [as log] (node_modules/winston/lib/wi
nston/transports/console.js:87:23)

    console.log
      2025-12-22 13:28:56 [[31merror[39m]: No valid 
license available

      at Console.write [as log] (node_modules/winston/lib/wi
nston/transports/console.js:87:23)

    console.log
      2025-12-22 13:28:56 [[31merror[39m]: No valid 
license available

      at Console.write [as log] (node_modules/winston/lib/wi
nston/transports/console.js:87:23)

    console.log
      2025-12-22 13:28:56 [[31merror[39m]: No valid 
license available

      at Console.write [as log] (node_modules/winston/lib/wi
nston/transports/console.js:87:23)

    console.log
      2025-12-22 13:28:56 [[31merror[39m]: License file 
validation failed {
        "errors": [
          "Failed to parse license file: Unexpected token 
'S', \"SV88=%g\" is not valid JSON"
        ],
        "path": "D:\\Work\\HR-SM\\test-licenses\\test-licens
e-1766402936041-8wtjo.json"
      }

      at Console.write [as log] (node_modules/winston/lib/wi
nston/transports/console.js:87:23)

    console.log
      2025-12-22 13:28:56 [[31merror[39m]: No valid 
license available

      at Console.write [as log] (node_modules/winston/lib/wi
nston/transports/console.js:87:23)

    console.log
      2025-12-22 13:28:56 [[31merror[39m]: No valid 
license available

      at Console.write [as log] (node_modules/winston/lib/wi
nston/transports/console.js:87:23)

    console.log
      2025-12-22 13:28:56 [[31merror[39m]: No valid 
license available

      at Console.write [as log] (node_modules/winston/lib/wi
nston/transports/console.js:87:23)

    console.log
      2025-12-22 13:28:56 [[31merror[39m]: No valid 
license available

      at Console.write [as log] (node_modules/winston/lib/wi
nston/transports/console.js:87:23)

    console.log
      2025-12-22 13:28:56 [[31merror[39m]: No valid 
license available

      at Console.write [as log] (node_modules/winston/lib/wi
nston/transports/console.js:87:23)

    console.log
      2025-12-22 13:28:56 [[31merror[39m]: No valid 
license available

      at Console.write [as log] (node_modules/winston/lib/wi
nston/transports/console.js:87:23)

    console.log
      2025-12-22 13:28:56 [[31merror[39m]: No valid 
license available

      at Console.write [as log] (node_modules/winston/lib/wi
nston/transports/console.js:87:23)

    console.log
      2025-12-22 13:28:56 [[31merror[39m]: No valid 
license available

      at Console.write [as log] (node_modules/winston/lib/wi
nston/transports/console.js:87:23)

    console.log
      2025-12-22 13:28:56 [[31merror[39m]: No valid 
license available

      at Console.write [as log] (node_modules/winston/lib/wi
nston/transports/console.js:87:23)

    console.log
      2025-12-22 13:28:56 [[31merror[39m]: No valid 
license available

      at Console.write [as log] (node_modules/winston/lib/wi
nston/transports/console.js:87:23)

    console.log
      2025-12-22 13:28:56 [[31merror[39m]: No valid 
license available

      at Console.write [as log] (node_modules/winston/lib/wi
nston/transports/console.js:87:23)

    console.log
      2025-12-22 13:28:56 [[31merror[39m]: No valid 
license available

      at Console.write [as log] (node_modules/winston/lib/wi
nston/transports/console.js:87:23)

    console.log
      2025-12-22 13:28:56 [[31merror[39m]: License file 
validation failed {
        "errors": [
          "Missing required field: signature",
          "Invalid license signature"
        ],
        "path": "D:\\Work\\HR-SM\\test-licenses\\test-licens
e-1766402936056-ntzbu.json"
      }

      at Console.write [as log] (node_modules/winston/lib/wi
nston/transports/console.js:87:23)

    console.log
      2025-12-22 13:28:56 [[31merror[39m]: No valid 
license available

      at Console.write [as log] (node_modules/winston/lib/wi
nston/transports/console.js:87:23)

    console.log
      2025-12-22 13:28:56 [[31merror[39m]: No valid 
license available

      at Console.write [as log] (node_modules/winston/lib/wi
nston/transports/console.js:87:23)

    console.log
      2025-12-22 13:28:56 [[31merror[39m]: No valid 
license available

      at Console.write [as log] (node_modules/winston/lib/wi
nston/transports/console.js:87:23)

    console.log
      2025-12-22 13:28:56 [[31merror[39m]: No valid 
license available

      at Console.write [as log] (node_modules/winston/lib/wi
nston/transports/console.js:87:23)

    console.log
      2025-12-22 13:28:56 [[31merror[39m]: No valid 
license available

      at Console.write [as log] (node_modules/winston/lib/wi
nston/transports/console.js:87:23)

    console.log
      2025-12-22 13:28:56 [[31merror[39m]: No valid 
license available

      at Console.write [as log] (node_modules/winston/lib/wi
nston/transports/console.js:87:23)

    console.log
      2025-12-22 13:28:56 [[31merror[39m]: No valid 
license available

      at Console.write [as log] (node_modules/winston/lib/wi
nston/transports/console.js:87:23)

    console.log
      2025-12-22 13:28:56 [[31merror[39m]: No valid 
license available

      at Console.write [as log] (node_modules/winston/lib/wi
nston/transports/console.js:87:23)

    console.log
      2025-12-22 13:28:56 [[31merror[39m]: No valid 
license available

      at Console.write [as log] (node_modules/winston/lib/wi
nston/transports/console.js:87:23)

    console.log
      2025-12-22 13:28:56 [[31merror[39m]: No valid 
license available

      at Console.write [as log] (node_modules/winston/lib/wi
nston/transports/console.js:87:23)

    console.log
      2025-12-22 13:28:56 [[31merror[39m]: No valid 
license available

      at Console.write [as log] (node_modules/winston/lib/wi
nston/transports/console.js:87:23)

    console.log
      2025-12-22 13:28:56 [[31merror[39m]: No valid 
license available

      at Console.write [as log] (node_modules/winston/lib/wi
nston/transports/console.js:87:23)

    console.log
      2025-12-22 13:28:56 [[31merror[39m]: License file 
validation failed {
        "errors": [
          "Invalid license key format. Expected: 
HRMS-XXXX-XXXX-XXXX",
          "Invalid license signature"
        ],
        "path": "D:\\Work\\HR-SM\\test-licenses\\test-licens
e-1766402936069-yi76qu.json"
      }

      at Console.write [as log] (node_modules/winston/lib/wi
nston/transports/console.js:87:23)

    console.log
      2025-12-22 13:28:56 [[31merror[39m]: No valid 
license available

      at Console.write [as log] (node_modules/winston/lib/wi
nston/transports/console.js:87:23)

    console.log
      2025-12-22 13:28:56 [[31merror[39m]: No valid 
license available

      at Console.write [as log] (node_modules/winston/lib/wi
nston/transports/console.js:87:23)

    console.log
      2025-12-22 13:28:56 [[31merror[39m]: No valid 
license available

      at Console.write [as log] (node_modules/winston/lib/wi
nston/transports/console.js:87:23)

    console.log
      2025-12-22 13:28:56 [[31merror[39m]: No valid 
license available

      at Console.write [as log] (node_modules/winston/lib/wi
nston/transports/console.js:87:23)

    console.log
      2025-12-22 13:28:56 [[31merror[39m]: No valid 
license available

      at Console.write [as log] (node_modules/winston/lib/wi
nston/transports/console.js:87:23)

    console.log
      2025-12-22 13:28:56 [[31merror[39m]: No valid 
license available

      at Console.write [as log] (node_modules/winston/lib/wi
nston/transports/console.js:87:23)

    console.log
      2025-12-22 13:28:56 [[31merror[39m]: No valid 
license available

      at Console.write [as log] (node_modules/winston/lib/wi
nston/transports/console.js:87:23)

    console.log
      2025-12-22 13:28:56 [[31merror[39m]: No valid 
license available

      at Console.write [as log] (node_modules/winston/lib/wi
nston/transports/console.js:87:23)

    console.log
      2025-12-22 13:28:56 [[31merror[39m]: No valid 
license available

      at Console.write [as log] (node_modules/winston/lib/wi
nston/transports/console.js:87:23)

    console.log
      2025-12-22 13:28:56 [[31merror[39m]: No valid 
license available

      at Console.write [as log] (node_modules/winston/lib/wi
nston/transports/console.js:87:23)

    console.log
      2025-12-22 13:28:56 [[31merror[39m]: No valid 
license available

      at Console.write [as log] (node_modules/winston/lib/wi
nston/transports/console.js:87:23)

    console.log
      2025-12-22 13:28:56 [[31merror[39m]: No valid 
license available

      at Console.write [as log] (node_modules/winston/lib/wi
nston/transports/console.js:87:23)

    console.log
      2025-12-22 13:28:56 [[31merror[39m]: License file 
validation failed {
        "errors": [
          "Module leave: invalid tier 'invalid-tier-name'",
          "Invalid license signature"
        ],
        "path": "D:\\Work\\HR-SM\\test-licenses\\test-licens
e-1766402936081-kak6h.json"
      }

      at Console.write [as log] (node_modules/winston/lib/wi
nston/transports/console.js:87:23)

    console.log
      2025-12-22 13:28:56 [[31merror[39m]: No valid 
license available

      at Console.write [as log] (node_modules/winston/lib/wi
nston/transports/console.js:87:23)

    console.log
      2025-12-22 13:28:56 [[31merror[39m]: No valid 
license available

      at Console.write [as log] (node_modules/winston/lib/wi
nston/transports/console.js:87:23)

    console.log
      2025-12-22 13:28:56 [[31merror[39m]: No valid 
license available

      at Console.write [as log] (node_modules/winston/lib/wi
nston/transports/console.js:87:23)

    console.log
      2025-12-22 13:28:56 [[31merror[39m]: No valid 
license available

      at Console.write [as log] (node_modules/winston/lib/wi
nston/transports/console.js:87:23)

    console.log
      2025-12-22 13:28:56 [[31merror[39m]: No valid 
license available

      at Console.write [as log] (node_modules/winston/lib/wi
nston/transports/console.js:87:23)

    console.log
      2025-12-22 13:28:56 [[31merror[39m]: No valid 
license available

      at Console.write [as log] (node_modules/winston/lib/wi
nston/transports/console.js:87:23)

    console.log
      2025-12-22 13:28:56 [[31merror[39m]: No valid 
license available

      at Console.write [as log] (node_modules/winston/lib/wi
nston/transports/console.js:87:23)

    console.log
      2025-12-22 13:28:56 [[31merror[39m]: No valid 
license available

      at Console.write [as log] (node_modules/winston/lib/wi
nston/transports/console.js:87:23)

    console.log
      2025-12-22 13:28:56 [[31merror[39m]: No valid 
license available

      at Console.write [as log] (node_modules/winston/lib/wi
nston/transports/console.js:87:23)

    console.log
      2025-12-22 13:28:56 [[31merror[39m]: No valid 
license available

      at Console.write [as log] (node_modules/winston/lib/wi
nston/transports/console.js:87:23)

    console.log
      2025-12-22 13:28:56 [[31merror[39m]: No valid 
license available

      at Console.write [as log] (node_modules/winston/lib/wi
nston/transports/console.js:87:23)

    console.log
      2025-12-22 13:28:56 [[31merror[39m]: No valid 
license available

      at Console.write [as log] (node_modules/winston/lib/wi
nston/transports/console.js:87:23)

    console.log
      2025-12-22 13:28:56 [[31merror[39m]: License file 
validation failed {
        "errors": [
          "Invalid license key format. Expected: 
HRMS-XXXX-XXXX-XXXX",
          "Invalid license signature"
        ],
        "path": "D:\\Work\\HR-SM\\test-licenses\\test-licens
e-1766402936096-4vqpll.json"
      }

      at Console.write [as log] (node_modules/winston/lib/wi
nston/transports/console.js:87:23)

    console.log
      2025-12-22 13:28:56 [[31merror[39m]: No valid 
license available

      at Console.write [as log] (node_modules/winston/lib/wi
nston/transports/console.js:87:23)

    console.log
      2025-12-22 13:28:56 [[31merror[39m]: No valid 
license available

      at Console.write [as log] (node_modules/winston/lib/wi
nston/transports/console.js:87:23)

    console.log
      2025-12-22 13:28:56 [[31merror[39m]: No valid 
license available

      at Console.write [as log] (node_modules/winston/lib/wi
nston/transports/console.js:87:23)

    console.log
      2025-12-22 13:28:56 [[31merror[39m]: No valid 
license available

      at Console.write [as log] (node_modules/winston/lib/wi
nston/transports/console.js:87:23)

    console.log
      2025-12-22 13:28:56 [[31merror[39m]: No valid 
license available

      at Console.write [as log] (node_modules/winston/lib/wi
nston/transports/console.js:87:23)

    console.log
      2025-12-22 13:28:56 [[31merror[39m]: No valid 
license available

      at Console.write [as log] (node_modules/winston/lib/wi
nston/transports/console.js:87:23)

    console.log
      2025-12-22 13:28:56 [[31merror[39m]: No valid 
license available

      at Console.write [as log] (node_modules/winston/lib/wi
nston/transports/console.js:87:23)

    console.log
      2025-12-22 13:28:56 [[31merror[39m]: No valid 
license available

      at Console.write [as log] (node_modules/winston/lib/wi
nston/transports/console.js:87:23)

    console.log
      2025-12-22 13:28:56 [[31merror[39m]: No valid 
license available

      at Console.write [as log] (node_modules/winston/lib/wi
nston/transports/console.js:87:23)

    console.log
      2025-12-22 13:28:56 [[31merror[39m]: No valid 
license available

      at Console.write [as log] (node_modules/winston/lib/wi
nston/transports/console.js:87:23)

    console.log
      2025-12-22 13:28:56 [[31merror[39m]: No valid 
license available

      at Console.write [as log] (node_modules/winston/lib/wi
nston/transports/console.js:87:23)

    console.log
      2025-12-22 13:28:56 [[31merror[39m]: No valid 
license available

      at Console.write [as log] (node_modules/winston/lib/wi
nston/transports/console.js:87:23)

    console.log
      2025-12-22 13:28:56 [[31merror[39m]: License file 
validation failed {
        "errors": [
          "Failed to parse license file: Unexpected token 
'I', \"I%#:#/\"=,l#\" is not valid JSON"
        ],
        "path": "D:\\Work\\HR-SM\\test-licenses\\test-licens
e-1766402936113-6is31o.json"
      }

      at Console.write [as log] (node_modules/winston/lib/wi
nston/transports/console.js:87:23)

    console.log
      2025-12-22 13:28:56 [[31merror[39m]: No valid 
license available

      at Console.write [as log] (node_modules/winston/lib/wi
nston/transports/console.js:87:23)

    console.log
      2025-12-22 13:28:56 [[31merror[39m]: No valid 
license available

      at Console.write [as log] (node_modules/winston/lib/wi
nston/transports/console.js:87:23)

    console.log
      2025-12-22 13:28:56 [[31merror[39m]: No valid 
license available

      at Console.write [as log] (node_modules/winston/lib/wi
nston/transports/console.js:87:23)

    console.log
      2025-12-22 13:28:56 [[31merror[39m]: No valid 
license available

      at Console.write [as log] (node_modules/winston/lib/wi
nston/transports/console.js:87:23)

    console.log
      2025-12-22 13:28:56 [[31merror[39m]: No valid 
license available

      at Console.write [as log] (node_modules/winston/lib/wi
nston/transports/console.js:87:23)

    console.log
      2025-12-22 13:28:56 [[31merror[39m]: No valid 
license available

      at Console.write [as log] (node_modules/winston/lib/wi
nston/transports/console.js:87:23)

    console.log
      2025-12-22 13:28:56 [[31merror[39m]: No valid 
license available

      at Console.write [as log] (node_modules/winston/lib/wi
nston/transports/console.js:87:23)

    console.log
      2025-12-22 13:28:56 [[31merror[39m]: No valid 
license available

      at Console.write [as log] (node_modules/winston/lib/wi
nston/transports/console.js:87:23)

    console.log
      2025-12-22 13:28:56 [[31merror[39m]: No valid 
license available

      at Console.write [as log] (node_modules/winston/lib/wi
nston/transports/console.js:87:23)

    console.log
      2025-12-22 13:28:56 [[31merror[39m]: No valid 
license available

      at Console.write [as log] (node_modules/winston/lib/wi
nston/transports/console.js:87:23)

    console.log
      2025-12-22 13:28:56 [[31merror[39m]: No valid 
license available

      at Console.write [as log] (node_modules/winston/lib/wi
nston/transports/console.js:87:23)

    console.log
      2025-12-22 13:28:56 [[31merror[39m]: No valid 
license available

      at Console.write [as log] (node_modules/winston/lib/wi
nston/transports/console.js:87:23)

    console.log
      2025-12-22 13:28:56 [[31merror[39m]: License file 
validation failed {
        "errors": [
          "Missing required field: licenseKey",
          "Invalid license signature"
        ],
        "path": "D:\\Work\\HR-SM\\test-licenses\\test-licens
e-1766402936128-pybodg.json"
      }

      at Console.write [as log] (node_modules/winston/lib/wi
nston/transports/console.js:87:23)

    console.log
      2025-12-22 13:28:56 [[31merror[39m]: No valid 
license available

      at Console.write [as log] (node_modules/winston/lib/wi
nston/transports/console.js:87:23)

    console.log
      2025-12-22 13:28:56 [[31merror[39m]: No valid 
license available

      at Console.write [as log] (node_modules/winston/lib/wi
nston/transports/console.js:87:23)

    console.log
      2025-12-22 13:28:56 [[31merror[39m]: No valid 
license available

      at Console.write [as log] (node_modules/winston/lib/wi
nston/transports/console.js:87:23)

    console.log
      2025-12-22 13:28:56 [[31merror[39m]: No valid 
license available

      at Console.write [as log] (node_modules/winston/lib/wi
nston/transports/console.js:87:23)

    console.log
      2025-12-22 13:28:56 [[31merror[39m]: No valid 
license available

      at Console.write [as log] (node_modules/winston/lib/wi
nston/transports/console.js:87:23)

    console.log
      2025-12-22 13:28:56 [[31merror[39m]: No valid 
license available

      at Console.write [as log] (node_modules/winston/lib/wi
nston/transports/console.js:87:23)

    console.log
      2025-12-22 13:28:56 [[31merror[39m]: No valid 
license available

      at Console.write [as log] (node_modules/winston/lib/wi
nston/transports/console.js:87:23)

    console.log
      2025-12-22 13:28:56 [[31merror[39m]: No valid 
license available

      at Console.write [as log] (node_modules/winston/lib/wi
nston/transports/console.js:87:23)

    console.log
      2025-12-22 13:28:56 [[31merror[39m]: No valid 
license available

      at Console.write [as log] (node_modules/winston/lib/wi
nston/transports/console.js:87:23)

    console.log
      2025-12-22 13:28:56 [[31merror[39m]: No valid 
license available

      at Console.write [as log] (node_modules/winston/lib/wi
nston/transports/console.js:87:23)

    console.log
      2025-12-22 13:28:56 [[31merror[39m]: No valid 
license available

      at Console.write [as log] (node_modules/winston/lib/wi
nston/transports/console.js:87:23)

    console.log
      2025-12-22 13:28:56 [[31merror[39m]: No valid 
license available

      at Console.write [as log] (node_modules/winston/lib/wi
nston/transports/console.js:87:23)

    console.log
      2025-12-22 13:28:56 [[31merror[39m]: License file 
validation failed {
        "errors": [
          "Invalid license signature"
        ],
        "path": "D:\\Work\\HR-SM\\test-licenses\\test-licens
e-1766402936150-f51x2f.json"
      }

      at Console.write [as log] (node_modules/winston/lib/wi
nston/transports/console.js:87:23)

    console.log
      2025-12-22 13:28:56 [[31merror[39m]: No valid 
license available

      at Console.write [as log] (node_modules/winston/lib/wi
nston/transports/console.js:87:23)

    console.log
      2025-12-22 13:28:56 [[31merror[39m]: No valid 
license available

      at Console.write [as log] (node_modules/winston/lib/wi
nston/transports/console.js:87:23)

    console.log
      2025-12-22 13:28:56 [[31merror[39m]: No valid 
license available

      at Console.write [as log] (node_modules/winston/lib/wi
nston/transports/console.js:87:23)

    console.log
      2025-12-22 13:28:56 [[31merror[39m]: No valid 
license available

      at Console.write [as log] (node_modules/winston/lib/wi
nston/transports/console.js:87:23)

    console.log
      2025-12-22 13:28:56 [[31merror[39m]: No valid 
license available

      at Console.write [as log] (node_modules/winston/lib/wi
nston/transports/console.js:87:23)

    console.log
      2025-12-22 13:28:56 [[31merror[39m]: No valid 
license available

      at Console.write [as log] (node_modules/winston/lib/wi
nston/transports/console.js:87:23)

    console.log
      2025-12-22 13:28:56 [[31merror[39m]: No valid 
license available

      at Console.write [as log] (node_modules/winston/lib/wi
nston/transports/console.js:87:23)

    console.log
      2025-12-22 13:28:56 [[31merror[39m]: No valid 
license available

      at Console.write [as log] (node_modules/winston/lib/wi
nston/transports/console.js:87:23)

    console.log
      2025-12-22 13:28:56 [[31merror[39m]: No valid 
license available

      at Console.write [as log] (node_modules/winston/lib/wi
nston/transports/console.js:87:23)

    console.log
      2025-12-22 13:28:56 [[31merror[39m]: No valid 
license available

      at Console.write [as log] (node_modules/winston/lib/wi
nston/transports/console.js:87:23)

    console.log
      2025-12-22 13:28:56 [[31merror[39m]: No valid 
license available

      at Console.write [as log] (node_modules/winston/lib/wi
nston/transports/console.js:87:23)

    console.log
      2025-12-22 13:28:56 [[31merror[39m]: No valid 
license available

      at Console.write [as log] (node_modules/winston/lib/wi
nston/transports/console.js:87:23)

    console.log
      2025-12-22 13:28:56 [[31merror[39m]: License file 
validation failed {
        "errors": [
          "Failed to parse license file: Unexpected token 
'>', \">9}< zAR}#9\" is not valid JSON"
        ],
        "path": "D:\\Work\\HR-SM\\test-licenses\\test-licens
e-1766402936179-7aenas.json"
      }

      at Console.write [as log] (node_modules/winston/lib/wi
nston/transports/console.js:87:23)

    console.log
      2025-12-22 13:28:56 [[31merror[39m]: No valid 
license available

      at Console.write [as log] (node_modules/winston/lib/wi
nston/transports/console.js:87:23)

    console.log
      2025-12-22 13:28:56 [[31merror[39m]: No valid 
license available

      at Console.write [as log] (node_modules/winston/lib/wi
nston/transports/console.js:87:23)

    console.log
      2025-12-22 13:28:56 [[31merror[39m]: No valid 
license available

      at Console.write [as log] (node_modules/winston/lib/wi
nston/transports/console.js:87:23)

    console.log
      2025-12-22 13:28:56 [[31merror[39m]: No valid 
license available

      at Console.write [as log] (node_modules/winston/lib/wi
nston/transports/console.js:87:23)

    console.log
      2025-12-22 13:28:56 [[31merror[39m]: No valid 
license available

      at Console.write [as log] (node_modules/winston/lib/wi
nston/transports/console.js:87:23)

    console.log
      2025-12-22 13:28:56 [[31merror[39m]: No valid 
license available

      at Console.write [as log] (node_modules/winston/lib/wi
nston/transports/console.js:87:23)

    console.log
      2025-12-22 13:28:56 [[31merror[39m]: No valid 
license available

      at Console.write [as log] (node_modules/winston/lib/wi
nston/transports/console.js:87:23)

    console.log
      2025-12-22 13:28:56 [[31merror[39m]: No valid 
license available

      at Console.write [as log] (node_modules/winston/lib/wi
nston/transports/console.js:87:23)

    console.log
      2025-12-22 13:28:56 [[31merror[39m]: No valid 
license available

      at Console.write [as log] (node_modules/winston/lib/wi
nston/transports/console.js:87:23)

    console.log
      2025-12-22 13:28:56 [[31merror[39m]: No valid 
license available

      at Console.write [as log] (node_modules/winston/lib/wi
nston/transports/console.js:87:23)

    console.log
      2025-12-22 13:28:56 [[31merror[39m]: No valid 
license available

      at Console.write [as log] (node_modules/winston/lib/wi
nston/transports/console.js:87:23)

    console.log
      2025-12-22 13:28:56 [[31merror[39m]: No valid 
license available

      at Console.write [as log] (node_modules/winston/lib/wi
nston/transports/console.js:87:23)

    console.log
      2025-12-22 13:28:56 [[31merror[39m]: License file 
validation failed {
        "errors": [
          "Module payroll: missing 'enabled' field",
          "Invalid license signature"
        ],
        "path": "D:\\Work\\HR-SM\\test-licenses\\test-licens
e-1766402936192-x7fu6t.json"
      }

      at Console.write [as log] (node_modules/winston/lib/wi
nston/transports/console.js:87:23)

    console.log
      2025-12-22 13:28:56 [[31merror[39m]: No valid 
license available

      at Console.write [as log] (node_modules/winston/lib/wi
nston/transports/console.js:87:23)

    console.log
      2025-12-22 13:28:56 [[31merror[39m]: No valid 
license available

      at Console.write [as log] (node_modules/winston/lib/wi
nston/transports/console.js:87:23)

    console.log
      2025-12-22 13:28:56 [[31merror[39m]: No valid 
license available

      at Console.write [as log] (node_modules/winston/lib/wi
nston/transports/console.js:87:23)

    console.log
      2025-12-22 13:28:56 [[31merror[39m]: No valid 
license available

      at Console.write [as log] (node_modules/winston/lib/wi
nston/transports/console.js:87:23)

    console.log
      2025-12-22 13:28:56 [[31merror[39m]: No valid 
license available

      at Console.write [as log] (node_modules/winston/lib/wi
nston/transports/console.js:87:23)

    console.log
      2025-12-22 13:28:56 [[31merror[39m]: No valid 
license available

      at Console.write [as log] (node_modules/winston/lib/wi
nston/transports/console.js:87:23)

    console.log
      2025-12-22 13:28:56 [[31merror[39m]: No valid 
license available

      at Console.write [as log] (node_modules/winston/lib/wi
nston/transports/console.js:87:23)

    console.log
      2025-12-22 13:28:56 [[31merror[39m]: No valid 
license available

      at Console.write [as log] (node_modules/winston/lib/wi
nston/transports/console.js:87:23)

    console.log
      2025-12-22 13:28:56 [[31merror[39m]: No valid 
license available

      at Console.write [as log] (node_modules/winston/lib/wi
nston/transports/console.js:87:23)

    console.log
      2025-12-22 13:28:56 [[31merror[39m]: No valid 
license available

      at Console.write [as log] (node_modules/winston/lib/wi
nston/transports/console.js:87:23)

    console.log
      2025-12-22 13:28:56 [[31merror[39m]: No valid 
license available

      at Console.write [as log] (node_modules/winston/lib/wi
nston/transports/console.js:87:23)

    console.log
      2025-12-22 13:28:56 [[31merror[39m]: No valid 
license available

      at Console.write [as log] (node_modules/winston/lib/wi
nston/transports/console.js:87:23)

    console.log
      2025-12-22 13:28:56 [[31merror[39m]: License file 
validation failed {
        "errors": [
          "Invalid license key format. Expected: 
HRMS-XXXX-XXXX-XXXX",
          "Invalid license signature"
        ],
        "path": "D:\\Work\\HR-SM\\test-licenses\\test-licens
e-1766402936204-nafcsd.json"
      }

      at Console.write [as log] (node_modules/winston/lib/wi
nston/transports/console.js:87:23)

    console.log
      2025-12-22 13:28:56 [[31merror[39m]: No valid 
license available

      at Console.write [as log] (node_modules/winston/lib/wi
nston/transports/console.js:87:23)

    console.log
      2025-12-22 13:28:56 [[31merror[39m]: No valid 
license available

      at Console.write [as log] (node_modules/winston/lib/wi
nston/transports/console.js:87:23)

    console.log
      2025-12-22 13:28:56 [[31merror[39m]: No valid 
license available

      at Console.write [as log] (node_modules/winston/lib/wi
nston/transports/console.js:87:23)

    console.log
      2025-12-22 13:28:56 [[31merror[39m]: No valid 
license available

      at Console.write [as log] (node_modules/winston/lib/wi
nston/transports/console.js:87:23)

    console.log
      2025-12-22 13:28:56 [[31merror[39m]: No valid 
license available

      at Console.write [as log] (node_modules/winston/lib/wi
nston/transports/console.js:87:23)

    console.log
      2025-12-22 13:28:56 [[31merror[39m]: No valid 
license available

      at Console.write [as log] (node_modules/winston/lib/wi
nston/transports/console.js:87:23)

    console.log
      2025-12-22 13:28:56 [[31merror[39m]: No valid 
license available

      at Console.write [as log] (node_modules/winston/lib/wi
nston/transports/console.js:87:23)

    console.log
      2025-12-22 13:28:56 [[31merror[39m]: No valid 
license available

      at Console.write [as log] (node_modules/winston/lib/wi
nston/transports/console.js:87:23)

    console.log
      2025-12-22 13:28:56 [[31merror[39m]: No valid 
license available

      at Console.write [as log] (node_modules/winston/lib/wi
nston/transports/console.js:87:23)

    console.log
      2025-12-22 13:28:56 [[31merror[39m]: No valid 
license available

      at Console.write [as log] (node_modules/winston/lib/wi
nston/transports/console.js:87:23)

    console.log
      2025-12-22 13:28:56 [[31merror[39m]: No valid 
license available

      at Console.write [as log] (node_modules/winston/lib/wi
nston/transports/console.js:87:23)

    console.log
      2025-12-22 13:28:56 [[31merror[39m]: No valid 
license available

      at Console.write [as log] (node_modules/winston/lib/wi
nston/transports/console.js:87:23)

    console.log
      2025-12-22 13:28:56 [[31merror[39m]: License file 
validation failed {
        "errors": [
          "Failed to parse license file: Expected property 
name or '}' in JSON at position 1 (line 1 column 2)"
        ],
        "path": "D:\\Work\\HR-SM\\test-licenses\\test-licens
e-1766402936231-fm6jls.json"
      }

      at Console.write [as log] (node_modules/winston/lib/wi
nston/transports/console.js:87:23)

    console.log
      2025-12-22 13:28:56 [[31merror[39m]: No valid 
license available

      at Console.write [as log] (node_modules/winston/lib/wi
nston/transports/console.js:87:23)

    console.log
      2025-12-22 13:28:56 [[31merror[39m]: No valid 
license available

      at Console.write [as log] (node_modules/winston/lib/wi
nston/transports/console.js:87:23)

    console.log
      2025-12-22 13:28:56 [[31merror[39m]: No valid 
license available

      at Console.write [as log] (node_modules/winston/lib/wi
nston/transports/console.js:87:23)

    console.log
      2025-12-22 13:28:56 [[31merror[39m]: No valid 
license available

      at Console.write [as log] (node_modules/winston/lib/wi
nston/transports/console.js:87:23)

    console.log
      2025-12-22 13:28:56 [[31merror[39m]: No valid 
license available

      at Console.write [as log] (node_modules/winston/lib/wi
nston/transports/console.js:87:23)

    console.log
      2025-12-22 13:28:56 [[31merror[39m]: No valid 
license available

      at Console.write [as log] (node_modules/winston/lib/wi
nston/transports/console.js:87:23)

    console.log
      2025-12-22 13:28:56 [[31merror[39m]: No valid 
license available

      at Console.write [as log] (node_modules/winston/lib/wi
nston/transports/console.js:87:23)

    console.log
      2025-12-22 13:28:56 [[31merror[39m]: No valid 
license available

      at Console.write [as log] (node_modules/winston/lib/wi
nston/transports/console.js:87:23)

    console.log
      2025-12-22 13:28:56 [[31merror[39m]: No valid 
license available

      at Console.write [as log] (node_modules/winston/lib/wi
nston/transports/console.js:87:23)

    console.log
      2025-12-22 13:28:56 [[31merror[39m]: No valid 
license available

      at Console.write [as log] (node_modules/winston/lib/wi
nston/transports/console.js:87:23)

    console.log
      2025-12-22 13:28:56 [[31merror[39m]: No valid 
license available

      at Console.write [as log] (node_modules/winston/lib/wi
nston/transports/console.js:87:23)

    console.log
      2025-12-22 13:28:56 [[31merror[39m]: No valid 
license available

      at Console.write [as log] (node_modules/winston/lib/wi
nston/transports/console.js:87:23)

    console.log
      2025-12-22 13:28:56 [[31merror[39m]: License file 
validation failed {
        "errors": [
          "Failed to parse license file: Unexpected token 
'U', \"U4\"\" is not valid JSON"
        ],
        "path": "D:\\Work\\HR-SM\\test-licenses\\test-licens
e-1766402936243-1c343r.json"
      }

      at Console.write [as log] (node_modules/winston/lib/wi
nston/transports/console.js:87:23)

    console.log
      2025-12-22 13:28:56 [[31merror[39m]: No valid 
license available

      at Console.write [as log] (node_modules/winston/lib/wi
nston/transports/console.js:87:23)

    console.log
      2025-12-22 13:28:56 [[31merror[39m]: No valid 
license available

      at Console.write [as log] (node_modules/winston/lib/wi
nston/transports/console.js:87:23)

    console.log
      2025-12-22 13:28:56 [[31merror[39m]: No valid 
license available

      at Console.write [as log] (node_modules/winston/lib/wi
nston/transports/console.js:87:23)

    console.log
      2025-12-22 13:28:56 [[31merror[39m]: No valid 
license available

      at Console.write [as log] (node_modules/winston/lib/wi
nston/transports/console.js:87:23)

    console.log
      2025-12-22 13:28:56 [[31merror[39m]: No valid 
license available

      at Console.write [as log] (node_modules/winston/lib/wi
nston/transports/console.js:87:23)

    console.log
      2025-12-22 13:28:56 [[31merror[39m]: No valid 
license available

      at Console.write [as log] (node_modules/winston/lib/wi
nston/transports/console.js:87:23)

    console.log
      2025-12-22 13:28:56 [[31merror[39m]: No valid 
license available

      at Console.write [as log] (node_modules/winston/lib/wi
nston/transports/console.js:87:23)

    console.log
      2025-12-22 13:28:56 [[31merror[39m]: No valid 
license available

      at Console.write [as log] (node_modules/winston/lib/wi
nston/transports/console.js:87:23)

    console.log
      2025-12-22 13:28:56 [[31merror[39m]: No valid 
license available

      at Console.write [as log] (node_modules/winston/lib/wi
nston/transports/console.js:87:23)

    console.log
      2025-12-22 13:28:56 [[31merror[39m]: No valid 
license available

      at Console.write [as log] (node_modules/winston/lib/wi
nston/transports/console.js:87:23)

    console.log
      2025-12-22 13:28:56 [[31merror[39m]: No valid 
license available

      at Console.write [as log] (node_modules/winston/lib/wi
nston/transports/console.js:87:23)

    console.log
      2025-12-22 13:28:56 [[31merror[39m]: No valid 
license available

      at Console.write [as log] (node_modules/winston/lib/wi
nston/transports/console.js:87:23)

    console.log
      2025-12-22 13:28:56 [[31merror[39m]: License file 
validation failed {
        "errors": [
          "Missing required field: companyId",
          "Invalid license signature"
        ],
        "path": "D:\\Work\\HR-SM\\test-licenses\\test-licens
e-1766402936255-k7x9gh.json"
      }

      at Console.write [as log] (node_modules/winston/lib/wi
nston/transports/console.js:87:23)

    console.log
      2025-12-22 13:28:56 [[31merror[39m]: No valid 
license available

      at Console.write [as log] (node_modules/winston/lib/wi
nston/transports/console.js:87:23)

    console.log
      2025-12-22 13:28:56 [[31merror[39m]: No valid 
license available

      at Console.write [as log] (node_modules/winston/lib/wi
nston/transports/console.js:87:23)

    console.log
      2025-12-22 13:28:56 [[31merror[39m]: No valid 
license available

      at Console.write [as log] (node_modules/winston/lib/wi
nston/transports/console.js:87:23)

    console.log
      2025-12-22 13:28:56 [[31merror[39m]: No valid 
license available

      at Console.write [as log] (node_modules/winston/lib/wi
nston/transports/console.js:87:23)

    console.log
      2025-12-22 13:28:56 [[31merror[39m]: No valid 
license available

      at Console.write [as log] (node_modules/winston/lib/wi
nston/transports/console.js:87:23)

    console.log
      2025-12-22 13:28:56 [[31merror[39m]: No valid 
license available

      at Console.write [as log] (node_modules/winston/lib/wi
nston/transports/console.js:87:23)

    console.log
      2025-12-22 13:28:56 [[31merror[39m]: No valid 
license available

      at Console.write [as log] (node_modules/winston/lib/wi
nston/transports/console.js:87:23)

    console.log
      2025-12-22 13:28:56 [[31merror[39m]: No valid 
license available

      at Console.write [as log] (node_modules/winston/lib/wi
nston/transports/console.js:87:23)

    console.log
      2025-12-22 13:28:56 [[31merror[39m]: No valid 
license available

      at Console.write [as log] (node_modules/winston/lib/wi
nston/transports/console.js:87:23)

    console.log
      2025-12-22 13:28:56 [[31merror[39m]: No valid 
license available

      at Console.write [as log] (node_modules/winston/lib/wi
nston/transports/console.js:87:23)

    console.log
      2025-12-22 13:28:56 [[31merror[39m]: No valid 
license available

      at Console.write [as log] (node_modules/winston/lib/wi
nston/transports/console.js:87:23)

    console.log
      2025-12-22 13:28:56 [[31merror[39m]: No valid 
license available

      at Console.write [as log] (node_modules/winston/lib/wi
nston/transports/console.js:87:23)

    console.log
      2025-12-22 13:28:56 [[31merror[39m]: License file 
validation failed {
        "errors": [
          "Invalid expiresAt date format",
          "Invalid license signature"
        ],
        "path": "D:\\Work\\HR-SM\\test-licenses\\test-licens
e-1766402936275-nv2swd.json"
      }

      at Console.write [as log] (node_modules/winston/lib/wi
nston/transports/console.js:87:23)

    console.log
      2025-12-22 13:28:56 [[31merror[39m]: No valid 
license available

      at Console.write [as log] (node_modules/winston/lib/wi
nston/transports/console.js:87:23)

    console.log
      2025-12-22 13:28:56 [[31merror[39m]: No valid 
license available

      at Console.write [as log] (node_modules/winston/lib/wi
nston/transports/console.js:87:23)

    console.log
      2025-12-22 13:28:56 [[31merror[39m]: No valid 
license available

      at Console.write [as log] (node_modules/winston/lib/wi
nston/transports/console.js:87:23)

    console.log
      2025-12-22 13:28:56 [[31merror[39m]: No valid 
license available

      at Console.write [as log] (node_modules/winston/lib/wi
nston/transports/console.js:87:23)

    console.log
      2025-12-22 13:28:56 [[31merror[39m]: No valid 
license available

      at Console.write [as log] (node_modules/winston/lib/wi
nston/transports/console.js:87:23)

    console.log
      2025-12-22 13:28:56 [[31merror[39m]: No valid 
license available

      at Console.write [as log] (node_modules/winston/lib/wi
nston/transports/console.js:87:23)

    console.log
      2025-12-22 13:28:56 [[31merror[39m]: No valid 
license available

      at Console.write [as log] (node_modules/winston/lib/wi
nston/transports/console.js:87:23)

    console.log
      2025-12-22 13:28:56 [[31merror[39m]: No valid 
license available

      at Console.write [as log] (node_modules/winston/lib/wi
nston/transports/console.js:87:23)

    console.log
      2025-12-22 13:28:56 [[31merror[39m]: No valid 
license available

      at Console.write [as log] (node_modules/winston/lib/wi
nston/transports/console.js:87:23)

    console.log
      2025-12-22 13:28:56 [[31merror[39m]: No valid 
license available

      at Console.write [as log] (node_modules/winston/lib/wi
nston/transports/console.js:87:23)

    console.log
      2025-12-22 13:28:56 [[31merror[39m]: No valid 
license available

      at Console.write [as log] (node_modules/winston/lib/wi
nston/transports/console.js:87:23)

    console.log
      2025-12-22 13:28:56 [[31merror[39m]: No valid 
license available

      at Console.write [as log] (node_modules/winston/lib/wi
nston/transports/console.js:87:23)

    console.log
      2025-12-22 13:28:56 [[31merror[39m]: License file 
validation failed {
        "errors": [
          "Invalid license signature"
        ],
        "path": "D:\\Work\\HR-SM\\test-licenses\\test-licens
e-1766402936287-c5n6lo.json"
      }

      at Console.write [as log] (node_modules/winston/lib/wi
nston/transports/console.js:87:23)

    console.log
      2025-12-22 13:28:56 [[31merror[39m]: No valid 
license available

      at Console.write [as log] (node_modules/winston/lib/wi
nston/transports/console.js:87:23)

    console.log
      2025-12-22 13:28:56 [[31merror[39m]: No valid 
license available

      at Console.write [as log] (node_modules/winston/lib/wi
nston/transports/console.js:87:23)

    console.log
      2025-12-22 13:28:56 [[31merror[39m]: No valid 
license available

      at Console.write [as log] (node_modules/winston/lib/wi
nston/transports/console.js:87:23)

    console.log
      2025-12-22 13:28:56 [[31merror[39m]: No valid 
license available

      at Console.write [as log] (node_modules/winston/lib/wi
nston/transports/console.js:87:23)

    console.log
      2025-12-22 13:28:56 [[31merror[39m]: No valid 
license available

      at Console.write [as log] (node_modules/winston/lib/wi
nston/transports/console.js:87:23)

    console.log
      2025-12-22 13:28:56 [[31merror[39m]: No valid 
license available

      at Console.write [as log] (node_modules/winston/lib/wi
nston/transports/console.js:87:23)

    console.log
      2025-12-22 13:28:56 [[31merror[39m]: No valid 
license available

      at Console.write [as log] (node_modules/winston/lib/wi
nston/transports/console.js:87:23)

    console.log
      2025-12-22 13:28:56 [[31merror[39m]: No valid 
license available

      at Console.write [as log] (node_modules/winston/lib/wi
nston/transports/console.js:87:23)

    console.log
      2025-12-22 13:28:56 [[31merror[39m]: No valid 
license available

      at Console.write [as log] (node_modules/winston/lib/wi
nston/transports/console.js:87:23)

    console.log
      2025-12-22 13:28:56 [[31merror[39m]: No valid 
license available

      at Console.write [as log] (node_modules/winston/lib/wi
nston/transports/console.js:87:23)

    console.log
      2025-12-22 13:28:56 [[31merror[39m]: No valid 
license available

      at Console.write [as log] (node_modules/winston/lib/wi
nston/transports/console.js:87:23)

    console.log
      2025-12-22 13:28:56 [[31merror[39m]: No valid 
license available

      at Console.write [as log] (node_modules/winston/lib/wi
nston/transports/console.js:87:23)

    console.log
      2025-12-22 13:28:56 [[31merror[39m]: License file 
validation failed {
        "errors": [
          "Invalid issuedAt date format",
          "Invalid license signature"
        ],
        "path": "D:\\Work\\HR-SM\\test-licenses\\test-licens
e-1766402936351-gk80wm.json"
      }

      at Console.write [as log] (node_modules/winston/lib/wi
nston/transports/console.js:87:23)

    console.log
      2025-12-22 13:28:56 [[31merror[39m]: No valid 
license available

      at Console.write [as log] (node_modules/winston/lib/wi
nston/transports/console.js:87:23)

    console.log
      2025-12-22 13:28:56 [[31merror[39m]: No valid 
license available

      at Console.write [as log] (node_modules/winston/lib/wi
nston/transports/console.js:87:23)

    console.log
      2025-12-22 13:28:56 [[31merror[39m]: No valid 
license available

      at Console.write [as log] (node_modules/winston/lib/wi
nston/transports/console.js:87:23)

    console.log
      2025-12-22 13:28:56 [[31merror[39m]: No valid 
license available

      at Console.write [as log] (node_modules/winston/lib/wi
nston/transports/console.js:87:23)

    console.log
      2025-12-22 13:28:56 [[31merror[39m]: No valid 
license available

      at Console.write [as log] (node_modules/winston/lib/wi
nston/transports/console.js:87:23)

    console.log
      2025-12-22 13:28:56 [[31merror[39m]: No valid 
license available

      at Console.write [as log] (node_modules/winston/lib/wi
nston/transports/console.js:87:23)

    console.log
      2025-12-22 13:28:56 [[31merror[39m]: No valid 
license available

      at Console.write [as log] (node_modules/winston/lib/wi
nston/transports/console.js:87:23)

    console.log
      2025-12-22 13:28:56 [[31merror[39m]: No valid 
license available

      at Console.write [as log] (node_modules/winston/lib/wi
nston/transports/console.js:87:23)

    console.log
      2025-12-22 13:28:56 [[31merror[39m]: No valid 
license available

      at Console.write [as log] (node_modules/winston/lib/wi
nston/transports/console.js:87:23)

    console.log
      2025-12-22 13:28:56 [[31merror[39m]: No valid 
license available

      at Console.write [as log] (node_modules/winston/lib/wi
nston/transports/console.js:87:23)

    console.log
      2025-12-22 13:28:56 [[31merror[39m]: No valid 
license available

      at Console.write [as log] (node_modules/winston/lib/wi
nston/transports/console.js:87:23)

    console.log
      2025-12-22 13:28:56 [[31merror[39m]: No valid 
license available

      at Console.write [as log] (node_modules/winston/lib/wi
nston/transports/console.js:87:23)

    console.log
      2025-12-22 13:28:56 [[31merror[39m]: License file 
validation failed {
        "errors": [
          "Invalid issuedAt date format",
          "Invalid license signature"
        ],
        "path": "D:\\Work\\HR-SM\\test-licenses\\test-licens
e-1766402936375-uupbyq.json"
      }

      at Console.write [as log] (node_modules/winston/lib/wi
nston/transports/console.js:87:23)

    console.log
      2025-12-22 13:28:56 [[31merror[39m]: No valid 
license available

      at Console.write [as log] (node_modules/winston/lib/wi
nston/transports/console.js:87:23)

    console.log
      2025-12-22 13:28:56 [[31merror[39m]: No valid 
license available

      at Console.write [as log] (node_modules/winston/lib/wi
nston/transports/console.js:87:23)

    console.log
      2025-12-22 13:28:56 [[31merror[39m]: No valid 
license available

      at Console.write [as log] (node_modules/winston/lib/wi
nston/transports/console.js:87:23)

    console.log
      2025-12-22 13:28:56 [[31merror[39m]: No valid 
license available

      at Console.write [as log] (node_modules/winston/lib/wi
nston/transports/console.js:87:23)

    console.log
      2025-12-22 13:28:56 [[31merror[39m]: No valid 
license available

      at Console.write [as log] (node_modules/winston/lib/wi
nston/transports/console.js:87:23)

    console.log
      2025-12-22 13:28:56 [[31merror[39m]: No valid 
license available

      at Console.write [as log] (node_modules/winston/lib/wi
nston/transports/console.js:87:23)

    console.log
      2025-12-22 13:28:56 [[31merror[39m]: No valid 
license available

      at Console.write [as log] (node_modules/winston/lib/wi
nston/transports/console.js:87:23)

    console.log
      2025-12-22 13:28:56 [[31merror[39m]: No valid 
license available

      at Console.write [as log] (node_modules/winston/lib/wi
nston/transports/console.js:87:23)

    console.log
      2025-12-22 13:28:56 [[31merror[39m]: No valid 
license available

      at Console.write [as log] (node_modules/winston/lib/wi
nston/transports/console.js:87:23)

    console.log
      2025-12-22 13:28:56 [[31merror[39m]: No valid 
license available

      at Console.write [as log] (node_modules/winston/lib/wi
nston/transports/console.js:87:23)

    console.log
      2025-12-22 13:28:56 [[31merror[39m]: No valid 
license available

      at Console.write [as log] (node_modules/winston/lib/wi
nston/transports/console.js:87:23)

    console.log
      2025-12-22 13:28:56 [[31merror[39m]: No valid 
license available

      at Console.write [as log] (node_modules/winston/lib/wi
nston/transports/console.js:87:23)

    console.log
      2025-12-22 13:28:56 [[31merror[39m]: License file 
validation failed {
        "errors": [
          "Failed to parse license file: Unexpected token 
'q', \"qJ]\" is not valid JSON"
        ],
        "path": "D:\\Work\\HR-SM\\test-licenses\\test-licens
e-1766402936384-fmw.json"
      }

      at Console.write [as log] (node_modules/winston/lib/wi
nston/transports/console.js:87:23)

    console.log
      2025-12-22 13:28:56 [[31merror[39m]: No valid 
license available

      at Console.write [as log] (node_modules/winston/lib/wi
nston/transports/console.js:87:23)

    console.log
      2025-12-22 13:28:56 [[31merror[39m]: No valid 
license available

      at Console.write [as log] (node_modules/winston/lib/wi
nston/transports/console.js:87:23)

    console.log
      2025-12-22 13:28:56 [[31merror[39m]: No valid 
license available

      at Console.write [as log] (node_modules/winston/lib/wi
nston/transports/console.js:87:23)

    console.log
      2025-12-22 13:28:56 [[31merror[39m]: No valid 
license available

      at Console.write [as log] (node_modules/winston/lib/wi
nston/transports/console.js:87:23)

    console.log
      2025-12-22 13:28:56 [[31merror[39m]: No valid 
license available

      at Console.write [as log] (node_modules/winston/lib/wi
nston/transports/console.js:87:23)

    console.log
      2025-12-22 13:28:56 [[31merror[39m]: No valid 
license available

      at Console.write [as log] (node_modules/winston/lib/wi
nston/transports/console.js:87:23)

    console.log
      2025-12-22 13:28:56 [[31merror[39m]: No valid 
license available

      at Console.write [as log] (node_modules/winston/lib/wi
nston/transports/console.js:87:23)

    console.log
      2025-12-22 13:28:56 [[31merror[39m]: No valid 
license available

      at Console.write [as log] (node_modules/winston/lib/wi
nston/transports/console.js:87:23)

    console.log
      2025-12-22 13:28:56 [[31merror[39m]: No valid 
license available

      at Console.write [as log] (node_modules/winston/lib/wi
nston/transports/console.js:87:23)

    console.log
      2025-12-22 13:28:56 [[31merror[39m]: No valid 
license available

      at Console.write [as log] (node_modules/winston/lib/wi
nston/transports/console.js:87:23)

    console.log
      2025-12-22 13:28:56 [[31merror[39m]: No valid 
license available

      at Console.write [as log] (node_modules/winston/lib/wi
nston/transports/console.js:87:23)

    console.log
      2025-12-22 13:28:56 [[31merror[39m]: No valid 
license available

      at Console.write [as log] (node_modules/winston/lib/wi
nston/transports/console.js:87:23)

    console.log
      2025-12-22 13:28:56 [[31merror[39m]: License file 
validation failed {
        "errors": [
          "Failed to parse license file: Unexpected 
non-whitespace character after JSON at position 1 (line 1 
column 2)"
        ],
        "path": "D:\\Work\\HR-SM\\test-licenses\\test-licens
e-1766402936432-v27cke.json"
      }

      at Console.write [as log] (node_modules/winston/lib/wi
nston/transports/console.js:87:23)

    console.log
      2025-12-22 13:28:56 [[31merror[39m]: No valid 
license available

      at Console.write [as log] (node_modules/winston/lib/wi
nston/transports/console.js:87:23)

    console.log
      2025-12-22 13:28:56 [[31merror[39m]: No valid 
license available

      at Console.write [as log] (node_modules/winston/lib/wi
nston/transports/console.js:87:23)

    console.log
      2025-12-22 13:28:56 [[31merror[39m]: No valid 
license available

      at Console.write [as log] (node_modules/winston/lib/wi
nston/transports/console.js:87:23)

    console.log
      2025-12-22 13:28:56 [[31merror[39m]: No valid 
license available

      at Console.write [as log] (node_modules/winston/lib/wi
nston/transports/console.js:87:23)

    console.log
      2025-12-22 13:28:56 [[31merror[39m]: No valid 
license available

      at Console.write [as log] (node_modules/winston/lib/wi
nston/transports/console.js:87:23)

    console.log
      2025-12-22 13:28:56 [[31merror[39m]: No valid 
license available

      at Console.write [as log] (node_modules/winston/lib/wi
nston/transports/console.js:87:23)

    console.log
      2025-12-22 13:28:56 [[31merror[39m]: No valid 
license available

      at Console.write [as log] (node_modules/winston/lib/wi
nston/transports/console.js:87:23)

    console.log
      2025-12-22 13:28:56 [[31merror[39m]: No valid 
license available

      at Console.write [as log] (node_modules/winston/lib/wi
nston/transports/console.js:87:23)

    console.log
      2025-12-22 13:28:56 [[31merror[39m]: No valid 
license available

      at Console.write [as log] (node_modules/winston/lib/wi
nston/transports/console.js:87:23)

    console.log
      2025-12-22 13:28:56 [[31merror[39m]: No valid 
license available

      at Console.write [as log] (node_modules/winston/lib/wi
nston/transports/console.js:87:23)

    console.log
      2025-12-22 13:28:56 [[31merror[39m]: No valid 
license available

      at Console.write [as log] (node_modules/winston/lib/wi
nston/transports/console.js:87:23)

    console.log
      2025-12-22 13:28:56 [[31merror[39m]: No valid 
license available

      at Console.write [as log] (node_modules/winston/lib/wi
nston/transports/console.js:87:23)

    console.log
      2025-12-22 13:28:56 [[31merror[39m]: License file 
validation failed {
        "errors": [
          "Invalid license signature"
        ],
        "path": "D:\\Work\\HR-SM\\test-licenses\\test-licens
e-1766402936448-7yzpvz.json"
      }

      at Console.write [as log] (node_modules/winston/lib/wi
nston/transports/console.js:87:23)

    console.log
      2025-12-22 13:28:56 [[31merror[39m]: No valid 
license available

      at Console.write [as log] (node_modules/winston/lib/wi
nston/transports/console.js:87:23)

    console.log
      2025-12-22 13:28:56 [[31merror[39m]: No valid 
license available

      at Console.write [as log] (node_modules/winston/lib/wi
nston/transports/console.js:87:23)

    console.log
      2025-12-22 13:28:56 [[31merror[39m]: No valid 
license available

      at Console.write [as log] (node_modules/winston/lib/wi
nston/transports/console.js:87:23)

    console.log
      2025-12-22 13:28:56 [[31merror[39m]: No valid 
license available

      at Console.write [as log] (node_modules/winston/lib/wi
nston/transports/console.js:87:23)

    console.log
      2025-12-22 13:28:56 [[31merror[39m]: No valid 
license available

      at Console.write [as log] (node_modules/winston/lib/wi
nston/transports/console.js:87:23)

    console.log
      2025-12-22 13:28:56 [[31merror[39m]: No valid 
license available

      at Console.write [as log] (node_modules/winston/lib/wi
nston/transports/console.js:87:23)

    console.log
      2025-12-22 13:28:56 [[31merror[39m]: No valid 
license available

      at Console.write [as log] (node_modules/winston/lib/wi
nston/transports/console.js:87:23)

    console.log
      2025-12-22 13:28:56 [[31merror[39m]: No valid 
license available

      at Console.write [as log] (node_modules/winston/lib/wi
nston/transports/console.js:87:23)

    console.log
      2025-12-22 13:28:56 [[31merror[39m]: No valid 
license available

      at Console.write [as log] (node_modules/winston/lib/wi
nston/transports/console.js:87:23)

    console.log
      2025-12-22 13:28:56 [[31merror[39m]: No valid 
license available

      at Console.write [as log] (node_modules/winston/lib/wi
nston/transports/console.js:87:23)

    console.log
      2025-12-22 13:28:56 [[31merror[39m]: No valid 
license available

      at Console.write [as log] (node_modules/winston/lib/wi
nston/transports/console.js:87:23)

    console.log
      2025-12-22 13:28:56 [[31merror[39m]: No valid 
license available

      at Console.write [as log] (node_modules/winston/lib/wi
nston/transports/console.js:87:23)

    console.log
      2025-12-22 13:28:56 [[31merror[39m]: License file 
validation failed {
        "errors": [
          "Missing required field: licenseKey",
          "Invalid license signature"
        ],
        "path": "D:\\Work\\HR-SM\\test-licenses\\test-licens
e-1766402936460-0wep05.json"
      }

      at Console.write [as log] (node_modules/winston/lib/wi
nston/transports/console.js:87:23)

    console.log
      2025-12-22 13:28:56 [[31merror[39m]: No valid 
license available

      at Console.write [as log] (node_modules/winston/lib/wi
nston/transports/console.js:87:23)

    console.log
      2025-12-22 13:28:56 [[31merror[39m]: No valid 
license available

      at Console.write [as log] (node_modules/winston/lib/wi
nston/transports/console.js:87:23)

    console.log
      2025-12-22 13:28:56 [[31merror[39m]: No valid 
license available

      at Console.write [as log] (node_modules/winston/lib/wi
nston/transports/console.js:87:23)

    console.log
      2025-12-22 13:28:56 [[31merror[39m]: No valid 
license available

      at Console.write [as log] (node_modules/winston/lib/wi
nston/transports/console.js:87:23)

    console.log
      2025-12-22 13:28:56 [[31merror[39m]: No valid 
license available

      at Console.write [as log] (node_modules/winston/lib/wi
nston/transports/console.js:87:23)

    console.log
      2025-12-22 13:28:56 [[31merror[39m]: No valid 
license available

      at Console.write [as log] (node_modules/winston/lib/wi
nston/transports/console.js:87:23)

    console.log
      2025-12-22 13:28:56 [[31merror[39m]: No valid 
license available

      at Console.write [as log] (node_modules/winston/lib/wi
nston/transports/console.js:87:23)

    console.log
      2025-12-22 13:28:56 [[31merror[39m]: No valid 
license available

      at Console.write [as log] (node_modules/winston/lib/wi
nston/transports/console.js:87:23)

    console.log
      2025-12-22 13:28:56 [[31merror[39m]: No valid 
license available

      at Console.write [as log] (node_modules/winston/lib/wi
nston/transports/console.js:87:23)

    console.log
      2025-12-22 13:28:56 [[31merror[39m]: No valid 
license available

      at Console.write [as log] (node_modules/winston/lib/wi
nston/transports/console.js:87:23)

    console.log
      2025-12-22 13:28:56 [[31merror[39m]: No valid 
license available

      at Console.write [as log] (node_modules/winston/lib/wi
nston/transports/console.js:87:23)

    console.log
      2025-12-22 13:28:56 [[31merror[39m]: No valid 
license available

      at Console.write [as log] (node_modules/winston/lib/wi
nston/transports/console.js:87:23)

    console.log
      2025-12-22 13:28:56 [[31merror[39m]: License file 
validation failed {
        "errors": [
          "Invalid issuedAt date format",
          "Invalid license signature"
        ],
        "path": "D:\\Work\\HR-SM\\test-licenses\\test-licens
e-1766402936470-qge76p.json"
      }

      at Console.write [as log] (node_modules/winston/lib/wi
nston/transports/console.js:87:23)

    console.log
      2025-12-22 13:28:56 [[31merror[39m]: No valid 
license available

      at Console.write [as log] (node_modules/winston/lib/wi
nston/transports/console.js:87:23)

    console.log
      2025-12-22 13:28:56 [[31merror[39m]: No valid 
license available

      at Console.write [as log] (node_modules/winston/lib/wi
nston/transports/console.js:87:23)

    console.log
      2025-12-22 13:28:56 [[31merror[39m]: No valid 
license available

      at Console.write [as log] (node_modules/winston/lib/wi
nston/transports/console.js:87:23)

    console.log
      2025-12-22 13:28:56 [[31merror[39m]: No valid 
license available

      at Console.write [as log] (node_modules/winston/lib/wi
nston/transports/console.js:87:23)

    console.log
      2025-12-22 13:28:56 [[31merror[39m]: No valid 
license available

      at Console.write [as log] (node_modules/winston/lib/wi
nston/transports/console.js:87:23)

    console.log
      2025-12-22 13:28:56 [[31merror[39m]: No valid 
license available

      at Console.write [as log] (node_modules/winston/lib/wi
nston/transports/console.js:87:23)

    console.log
      2025-12-22 13:28:56 [[31merror[39m]: No valid 
license available

      at Console.write [as log] (node_modules/winston/lib/wi
nston/transports/console.js:87:23)

    console.log
      2025-12-22 13:28:56 [[31merror[39m]: No valid 
license available

      at Console.write [as log] (node_modules/winston/lib/wi
nston/transports/console.js:87:23)

    console.log
      2025-12-22 13:28:56 [[31merror[39m]: No valid 
license available

      at Console.write [as log] (node_modules/winston/lib/wi
nston/transports/console.js:87:23)

    console.log
      2025-12-22 13:28:56 [[31merror[39m]: No valid 
license available

      at Console.write [as log] (node_modules/winston/lib/wi
nston/transports/console.js:87:23)

    console.log
      2025-12-22 13:28:56 [[31merror[39m]: No valid 
license available

      at Console.write [as log] (node_modules/winston/lib/wi
nston/transports/console.js:87:23)

    console.log
      2025-12-22 13:28:56 [[31merror[39m]: No valid 
license available

      at Console.write [as log] (node_modules/winston/lib/wi
nston/transports/console.js:87:23)

    console.log
      2025-12-22 13:28:56 [[31merror[39m]: License file 
validation failed {
        "errors": [
          "Invalid license signature"
        ],
        "path": "D:\\Work\\HR-SM\\test-licenses\\test-licens
e-1766402936532-0eh6n.json"
      }

      at Console.write [as log] (node_modules/winston/lib/wi
nston/transports/console.js:87:23)

    console.log
      2025-12-22 13:28:56 [[31merror[39m]: No valid 
license available

      at Console.write [as log] (node_modules/winston/lib/wi
nston/transports/console.js:87:23)

    console.log
      2025-12-22 13:28:56 [[31merror[39m]: No valid 
license available

      at Console.write [as log] (node_modules/winston/lib/wi
nston/transports/console.js:87:23)

    console.log
      2025-12-22 13:28:56 [[31merror[39m]: No valid 
license available

      at Console.write [as log] (node_modules/winston/lib/wi
nston/transports/console.js:87:23)

    console.log
      2025-12-22 13:28:56 [[31merror[39m]: No valid 
license available

      at Console.write [as log] (node_modules/winston/lib/wi
nston/transports/console.js:87:23)

    console.log
      2025-12-22 13:28:56 [[31merror[39m]: No valid 
license available

      at Console.write [as log] (node_modules/winston/lib/wi
nston/transports/console.js:87:23)

    console.log
      2025-12-22 13:28:56 [[31merror[39m]: No valid 
license available

      at Console.write [as log] (node_modules/winston/lib/wi
nston/transports/console.js:87:23)

    console.log
      2025-12-22 13:28:56 [[31merror[39m]: No valid 
license available

      at Console.write [as log] (node_modules/winston/lib/wi
nston/transports/console.js:87:23)

    console.log
      2025-12-22 13:28:56 [[31merror[39m]: No valid 
license available

      at Console.write [as log] (node_modules/winston/lib/wi
nston/transports/console.js:87:23)

    console.log
      2025-12-22 13:28:56 [[31merror[39m]: No valid 
license available

      at Console.write [as log] (node_modules/winston/lib/wi
nston/transports/console.js:87:23)

    console.log
      2025-12-22 13:28:56 [[31merror[39m]: No valid 
license available

      at Console.write [as log] (node_modules/winston/lib/wi
nston/transports/console.js:87:23)

    console.log
      2025-12-22 13:28:56 [[31merror[39m]: No valid 
license available

      at Console.write [as log] (node_modules/winston/lib/wi
nston/transports/console.js:87:23)

    console.log
      2025-12-22 13:28:56 [[31merror[39m]: No valid 
license available

      at Console.write [as log] (node_modules/winston/lib/wi
nston/transports/console.js:87:23)

    console.log
      2025-12-22 13:28:56 [[31merror[39m]: License file 
validation failed {
        "errors": [
          "Invalid license key format. Expected: 
HRMS-XXXX-XXXX-XXXX",
          "Invalid license signature"
        ],
        "path": "D:\\Work\\HR-SM\\test-licenses\\test-licens
e-1766402936543-7pw34m.json"
      }

      at Console.write [as log] (node_modules/winston/lib/wi
nston/transports/console.js:87:23)

    console.log
      2025-12-22 13:28:56 [[31merror[39m]: No valid 
license available

      at Console.write [as log] (node_modules/winston/lib/wi
nston/transports/console.js:87:23)

    console.log
      2025-12-22 13:28:56 [[31merror[39m]: No valid 
license available

      at Console.write [as log] (node_modules/winston/lib/wi
nston/transports/console.js:87:23)

    console.log
      2025-12-22 13:28:56 [[31merror[39m]: No valid 
license available

      at Console.write [as log] (node_modules/winston/lib/wi
nston/transports/console.js:87:23)

    console.log
      2025-12-22 13:28:56 [[31merror[39m]: No valid 
license available

      at Console.write [as log] (node_modules/winston/lib/wi
nston/transports/console.js:87:23)

    console.log
      2025-12-22 13:28:56 [[31merror[39m]: No valid 
license available

      at Console.write [as log] (node_modules/winston/lib/wi
nston/transports/console.js:87:23)

    console.log
      2025-12-22 13:28:56 [[31merror[39m]: No valid 
license available

      at Console.write [as log] (node_modules/winston/lib/wi
nston/transports/console.js:87:23)

    console.log
      2025-12-22 13:28:56 [[31merror[39m]: No valid 
license available

      at Console.write [as log] (node_modules/winston/lib/wi
nston/transports/console.js:87:23)

    console.log
      2025-12-22 13:28:56 [[31merror[39m]: No valid 
license available

      at Console.write [as log] (node_modules/winston/lib/wi
nston/transports/console.js:87:23)

    console.log
      2025-12-22 13:28:56 [[31merror[39m]: No valid 
license available

      at Console.write [as log] (node_modules/winston/lib/wi
nston/transports/console.js:87:23)

    console.log
      2025-12-22 13:28:56 [[31merror[39m]: No valid 
license available

      at Console.write [as log] (node_modules/winston/lib/wi
nston/transports/console.js:87:23)

    console.log
      2025-12-22 13:28:56 [[31merror[39m]: No valid 
license available

      at Console.write [as log] (node_modules/winston/lib/wi
nston/transports/console.js:87:23)

    console.log
      2025-12-22 13:28:56 [[31merror[39m]: No valid 
license available

      at Console.write [as log] (node_modules/winston/lib/wi
nston/transports/console.js:87:23)

    console.log
      2025-12-22 13:28:56 [[31merror[39m]: License file 
validation failed {
        "errors": [
          "Module leave: missing 'enabled' field",
          "Invalid license signature"
        ],
        "path": "D:\\Work\\HR-SM\\test-licenses\\test-licens
e-1766402936553-60h1o.json"
      }

      at Console.write [as log] (node_modules/winston/lib/wi
nston/transports/console.js:87:23)

    console.log
      2025-12-22 13:28:56 [[31merror[39m]: No valid 
license available

      at Console.write [as log] (node_modules/winston/lib/wi
nston/transports/console.js:87:23)

    console.log
      2025-12-22 13:28:56 [[31merror[39m]: No valid 
license available

      at Console.write [as log] (node_modules/winston/lib/wi
nston/transports/console.js:87:23)

    console.log
      2025-12-22 13:28:56 [[31merror[39m]: No valid 
license available

      at Console.write [as log] (node_modules/winston/lib/wi
nston/transports/console.js:87:23)

    console.log
      2025-12-22 13:28:56 [[31merror[39m]: No valid 
license available

      at Console.write [as log] (node_modules/winston/lib/wi
nston/transports/console.js:87:23)

    console.log
      2025-12-22 13:28:56 [[31merror[39m]: No valid 
license available

      at Console.write [as log] (node_modules/winston/lib/wi
nston/transports/console.js:87:23)

    console.log
      2025-12-22 13:28:56 [[31merror[39m]: No valid 
license available

      at Console.write [as log] (node_modules/winston/lib/wi
nston/transports/console.js:87:23)

    console.log
      2025-12-22 13:28:56 [[31merror[39m]: No valid 
license available

      at Console.write [as log] (node_modules/winston/lib/wi
nston/transports/console.js:87:23)

    console.log
      2025-12-22 13:28:56 [[31merror[39m]: No valid 
license available

      at Console.write [as log] (node_modules/winston/lib/wi
nston/transports/console.js:87:23)

    console.log
      2025-12-22 13:28:56 [[31merror[39m]: No valid 
license available

      at Console.write [as log] (node_modules/winston/lib/wi
nston/transports/console.js:87:23)

    console.log
      2025-12-22 13:28:56 [[31merror[39m]: No valid 
license available

      at Console.write [as log] (node_modules/winston/lib/wi
nston/transports/console.js:87:23)

    console.log
      2025-12-22 13:28:56 [[31merror[39m]: No valid 
license available

      at Console.write [as log] (node_modules/winston/lib/wi
nston/transports/console.js:87:23)

    console.log
      2025-12-22 13:28:56 [[31merror[39m]: No valid 
license available

      at Console.write [as log] (node_modules/winston/lib/wi
nston/transports/console.js:87:23)

    console.log
      2025-12-22 13:28:56 [[31merror[39m]: License file 
validation failed {
        "errors": [
          "Invalid issuedAt date format",
          "Invalid license signature"
        ],
        "path": "D:\\Work\\HR-SM\\test-licenses\\test-licens
e-1766402936607-d1ii9j.json"
      }

      at Console.write [as log] (node_modules/winston/lib/wi
nston/transports/console.js:87:23)

    console.log
      2025-12-22 13:28:56 [[31merror[39m]: No valid 
license available

      at Console.write [as log] (node_modules/winston/lib/wi
nston/transports/console.js:87:23)

    console.log
      2025-12-22 13:28:56 [[31merror[39m]: No valid 
license available

      at Console.write [as log] (node_modules/winston/lib/wi
nston/transports/console.js:87:23)

    console.log
      2025-12-22 13:28:56 [[31merror[39m]: No valid 
license available

      at Console.write [as log] (node_modules/winston/lib/wi
nston/transports/console.js:87:23)

    console.log
      2025-12-22 13:28:56 [[31merror[39m]: No valid 
license available

      at Console.write [as log] (node_modules/winston/lib/wi
nston/transports/console.js:87:23)

    console.log
      2025-12-22 13:28:56 [[31merror[39m]: No valid 
license available

      at Console.write [as log] (node_modules/winston/lib/wi
nston/transports/console.js:87:23)

    console.log
      2025-12-22 13:28:56 [[31merror[39m]: No valid 
license available

      at Console.write [as log] (node_modules/winston/lib/wi
nston/transports/console.js:87:23)

    console.log
      2025-12-22 13:28:56 [[31merror[39m]: No valid 
license available

      at Console.write [as log] (node_modules/winston/lib/wi
nston/transports/console.js:87:23)

    console.log
      2025-12-22 13:28:56 [[31merror[39m]: No valid 
license available

      at Console.write [as log] (node_modules/winston/lib/wi
nston/transports/console.js:87:23)

    console.log
      2025-12-22 13:28:56 [[31merror[39m]: No valid 
license available

      at Console.write [as log] (node_modules/winston/lib/wi
nston/transports/console.js:87:23)

    console.log
      2025-12-22 13:28:56 [[31merror[39m]: No valid 
license available

      at Console.write [as log] (node_modules/winston/lib/wi
nston/transports/console.js:87:23)

    console.log
      2025-12-22 13:28:56 [[31merror[39m]: No valid 
license available

      at Console.write [as log] (node_modules/winston/lib/wi
nston/transports/console.js:87:23)

    console.log
      2025-12-22 13:28:56 [[31merror[39m]: No valid 
license available

      at Console.write [as log] (node_modules/winston/lib/wi
nston/transports/console.js:87:23)

    console.log
      2025-12-22 13:28:56 [[31merror[39m]: License file 
validation failed {
        "errors": [
          "Invalid license key format. Expected: 
HRMS-XXXX-XXXX-XXXX",
          "Invalid license signature"
        ],
        "path": "D:\\Work\\HR-SM\\test-licenses\\test-licens
e-1766402936617-9n7qsi.json"
      }

      at Console.write [as log] (node_modules/winston/lib/wi
nston/transports/console.js:87:23)

    console.log
      2025-12-22 13:28:56 [[31merror[39m]: No valid 
license available

      at Console.write [as log] (node_modules/winston/lib/wi
nston/transports/console.js:87:23)

    console.log
      2025-12-22 13:28:56 [[31merror[39m]: No valid 
license available

      at Console.write [as log] (node_modules/winston/lib/wi
nston/transports/console.js:87:23)

    console.log
      2025-12-22 13:28:56 [[31merror[39m]: No valid 
license available

      at Console.write [as log] (node_modules/winston/lib/wi
nston/transports/console.js:87:23)

    console.log
      2025-12-22 13:28:56 [[31merror[39m]: No valid 
license available

      at Console.write [as log] (node_modules/winston/lib/wi
nston/transports/console.js:87:23)

    console.log
      2025-12-22 13:28:56 [[31merror[39m]: No valid 
license available

      at Console.write [as log] (node_modules/winston/lib/wi
nston/transports/console.js:87:23)

    console.log
      2025-12-22 13:28:56 [[31merror[39m]: No valid 
license available

      at Console.write [as log] (node_modules/winston/lib/wi
nston/transports/console.js:87:23)

    console.log
      2025-12-22 13:28:56 [[31merror[39m]: No valid 
license available

      at Console.write [as log] (node_modules/winston/lib/wi
nston/transports/console.js:87:23)

    console.log
      2025-12-22 13:28:56 [[31merror[39m]: No valid 
license available

      at Console.write [as log] (node_modules/winston/lib/wi
nston/transports/console.js:87:23)

    console.log
      2025-12-22 13:28:56 [[31merror[39m]: No valid 
license available

      at Console.write [as log] (node_modules/winston/lib/wi
nston/transports/console.js:87:23)

    console.log
      2025-12-22 13:28:56 [[31merror[39m]: No valid 
license available

      at Console.write [as log] (node_modules/winston/lib/wi
nston/transports/console.js:87:23)

    console.log
      2025-12-22 13:28:56 [[31merror[39m]: No valid 
license available

      at Console.write [as log] (node_modules/winston/lib/wi
nston/transports/console.js:87:23)

    console.log
      2025-12-22 13:28:56 [[31merror[39m]: No valid 
license available

      at Console.write [as log] (node_modules/winston/lib/wi
nston/transports/console.js:87:23)

    console.log
      2025-12-22 13:28:56 [[31merror[39m]: License file 
validation failed {
        "errors": [
          "Module payroll: missing 'enabled' field",
          "Invalid license signature"
        ],
        "path": "D:\\Work\\HR-SM\\test-licenses\\test-licens
e-1766402936629-5i1kn.json"
      }

      at Console.write [as log] (node_modules/winston/lib/wi
nston/transports/console.js:87:23)

    console.log
      2025-12-22 13:28:56 [[31merror[39m]: No valid 
license available

      at Console.write [as log] (node_modules/winston/lib/wi
nston/transports/console.js:87:23)

    console.log
      2025-12-22 13:28:56 [[31merror[39m]: No valid 
license available

      at Console.write [as log] (node_modules/winston/lib/wi
nston/transports/console.js:87:23)

    console.log
      2025-12-22 13:28:56 [[31merror[39m]: No valid 
license available

      at Console.write [as log] (node_modules/winston/lib/wi
nston/transports/console.js:87:23)

    console.log
      2025-12-22 13:28:56 [[31merror[39m]: No valid 
license available

      at Console.write [as log] (node_modules/winston/lib/wi
nston/transports/console.js:87:23)

    console.log
      2025-12-22 13:28:56 [[31merror[39m]: No valid 
license available

      at Console.write [as log] (node_modules/winston/lib/wi
nston/transports/console.js:87:23)

    console.log
      2025-12-22 13:28:56 [[31merror[39m]: No valid 
license available

      at Console.write [as log] (node_modules/winston/lib/wi
nston/transports/console.js:87:23)

    console.log
      2025-12-22 13:28:56 [[31merror[39m]: No valid 
license available

      at Console.write [as log] (node_modules/winston/lib/wi
nston/transports/console.js:87:23)

    console.log
      2025-12-22 13:28:56 [[31merror[39m]: No valid 
license available

      at Console.write [as log] (node_modules/winston/lib/wi
nston/transports/console.js:87:23)

    console.log
      2025-12-22 13:28:56 [[31merror[39m]: No valid 
license available

      at Console.write [as log] (node_modules/winston/lib/wi
nston/transports/console.js:87:23)

    console.log
      2025-12-22 13:28:56 [[31merror[39m]: No valid 
license available

      at Console.write [as log] (node_modules/winston/lib/wi
nston/transports/console.js:87:23)

    console.log
      2025-12-22 13:28:56 [[31merror[39m]: No valid 
license available

      at Console.write [as log] (node_modules/winston/lib/wi
nston/transports/console.js:87:23)

    console.log
      2025-12-22 13:28:56 [[31merror[39m]: No valid 
license available

      at Console.write [as log] (node_modules/winston/lib/wi
nston/transports/console.js:87:23)

    console.log
      2025-12-22 13:28:56 [[31merror[39m]: License file 
validation failed {
        "errors": [
          "Invalid license signature"
        ],
        "path": "D:\\Work\\HR-SM\\test-licenses\\test-licens
e-1766402936644-f6v5jh.json"
      }

      at Console.write [as log] (node_modules/winston/lib/wi
nston/transports/console.js:87:23)

    console.log
      2025-12-22 13:28:56 [[31merror[39m]: No valid 
license available

      at Console.write [as log] (node_modules/winston/lib/wi
nston/transports/console.js:87:23)

    console.log
      2025-12-22 13:28:56 [[31merror[39m]: No valid 
license available

      at Console.write [as log] (node_modules/winston/lib/wi
nston/transports/console.js:87:23)

    console.log
      2025-12-22 13:28:56 [[31merror[39m]: No valid 
license available

      at Console.write [as log] (node_modules/winston/lib/wi
nston/transports/console.js:87:23)

    console.log
      2025-12-22 13:28:56 [[31merror[39m]: No valid 
license available

      at Console.write [as log] (node_modules/winston/lib/wi
nston/transports/console.js:87:23)

    console.log
      2025-12-22 13:28:56 [[31merror[39m]: No valid 
license available

      at Console.write [as log] (node_modules/winston/lib/wi
nston/transports/console.js:87:23)

    console.log
      2025-12-22 13:28:56 [[31merror[39m]: No valid 
license available

      at Console.write [as log] (node_modules/winston/lib/wi
nston/transports/console.js:87:23)

    console.log
      2025-12-22 13:28:56 [[31merror[39m]: No valid 
license available

      at Console.write [as log] (node_modules/winston/lib/wi
nston/transports/console.js:87:23)

    console.log
      2025-12-22 13:28:56 [[31merror[39m]: No valid 
license available

      at Console.write [as log] (node_modules/winston/lib/wi
nston/transports/console.js:87:23)

    console.log
      2025-12-22 13:28:56 [[31merror[39m]: No valid 
license available

      at Console.write [as log] (node_modules/winston/lib/wi
nston/transports/console.js:87:23)

    console.log
      2025-12-22 13:28:56 [[31merror[39m]: No valid 
license available

      at Console.write [as log] (node_modules/winston/lib/wi
nston/transports/console.js:87:23)

    console.log
      2025-12-22 13:28:56 [[31merror[39m]: No valid 
license available

      at Console.write [as log] (node_modules/winston/lib/wi
nston/transports/console.js:87:23)

    console.log
      2025-12-22 13:28:56 [[31merror[39m]: No valid 
license available

      at Console.write [as log] (node_modules/winston/lib/wi
nston/transports/console.js:87:23)

    console.log
      2025-12-22 13:28:56 [[31merror[39m]: License file 
validation failed {
        "errors": [
          "Missing required field: licenseKey",
          "Invalid license signature"
        ],
        "path": "D:\\Work\\HR-SM\\test-licenses\\test-licens
e-1766402936658-ovpvzn.json"
      }

      at Console.write [as log] (node_modules/winston/lib/wi
nston/transports/console.js:87:23)

    console.log
      2025-12-22 13:28:56 [[31merror[39m]: No valid 
license available

      at Console.write [as log] (node_modules/winston/lib/wi
nston/transports/console.js:87:23)

    console.log
      2025-12-22 13:28:56 [[31merror[39m]: No valid 
license available

      at Console.write [as log] (node_modules/winston/lib/wi
nston/transports/console.js:87:23)

    console.log
      2025-12-22 13:28:56 [[31merror[39m]: No valid 
license available

      at Console.write [as log] (node_modules/winston/lib/wi
nston/transports/console.js:87:23)

    console.log
      2025-12-22 13:28:56 [[31merror[39m]: No valid 
license available

      at Console.write [as log] (node_modules/winston/lib/wi
nston/transports/console.js:87:23)

    console.log
      2025-12-22 13:28:56 [[31merror[39m]: No valid 
license available

      at Console.write [as log] (node_modules/winston/lib/wi
nston/transports/console.js:87:23)

    console.log
      2025-12-22 13:28:56 [[31merror[39m]: No valid 
license available

      at Console.write [as log] (node_modules/winston/lib/wi
nston/transports/console.js:87:23)

    console.log
      2025-12-22 13:28:56 [[31merror[39m]: No valid 
license available

      at Console.write [as log] (node_modules/winston/lib/wi
nston/transports/console.js:87:23)

    console.log
      2025-12-22 13:28:56 [[31merror[39m]: No valid 
license available

      at Console.write [as log] (node_modules/winston/lib/wi
nston/transports/console.js:87:23)

    console.log
      2025-12-22 13:28:56 [[31merror[39m]: No valid 
license available

      at Console.write [as log] (node_modules/winston/lib/wi
nston/transports/console.js:87:23)

    console.log
      2025-12-22 13:28:56 [[31merror[39m]: No valid 
license available

      at Console.write [as log] (node_modules/winston/lib/wi
nston/transports/console.js:87:23)

    console.log
      2025-12-22 13:28:56 [[31merror[39m]: No valid 
license available

      at Console.write [as log] (node_modules/winston/lib/wi
nston/transports/console.js:87:23)

    console.log
      2025-12-22 13:28:56 [[31merror[39m]: No valid 
license available

      at Console.write [as log] (node_modules/winston/lib/wi
nston/transports/console.js:87:23)

    console.log
      2025-12-22 13:28:56 [[31merror[39m]: License file 
validation failed {
        "errors": [
          "Invalid license key format. Expected: 
HRMS-XXXX-XXXX-XXXX",
          "Invalid license signature"
        ],
        "path": "D:\\Work\\HR-SM\\test-licenses\\test-licens
e-1766402936668-i1pqgpn.json"
      }

      at Console.write [as log] (node_modules/winston/lib/wi
nston/transports/console.js:87:23)

    console.log
      2025-12-22 13:28:56 [[31merror[39m]: No valid 
license available

      at Console.write [as log] (node_modules/winston/lib/wi
nston/transports/console.js:87:23)

    console.log
      2025-12-22 13:28:56 [[31merror[39m]: No valid 
license available

      at Console.write [as log] (node_modules/winston/lib/wi
nston/transports/console.js:87:23)

    console.log
      2025-12-22 13:28:56 [[31merror[39m]: No valid 
license available

      at Console.write [as log] (node_modules/winston/lib/wi
nston/transports/console.js:87:23)

    console.log
      2025-12-22 13:28:56 [[31merror[39m]: No valid 
license available

      at Console.write [as log] (node_modules/winston/lib/wi
nston/transports/console.js:87:23)

    console.log
      2025-12-22 13:28:56 [[31merror[39m]: No valid 
license available

      at Console.write [as log] (node_modules/winston/lib/wi
nston/transports/console.js:87:23)

    console.log
      2025-12-22 13:28:56 [[31merror[39m]: No valid 
license available

      at Console.write [as log] (node_modules/winston/lib/wi
nston/transports/console.js:87:23)

    console.log
      2025-12-22 13:28:56 [[31merror[39m]: No valid 
license available

      at Console.write [as log] (node_modules/winston/lib/wi
nston/transports/console.js:87:23)

    console.log
      2025-12-22 13:28:56 [[31merror[39m]: No valid 
license available

      at Console.write [as log] (node_modules/winston/lib/wi
nston/transports/console.js:87:23)

    console.log
      2025-12-22 13:28:56 [[31merror[39m]: No valid 
license available

      at Console.write [as log] (node_modules/winston/lib/wi
nston/transports/console.js:87:23)

    console.log
      2025-12-22 13:28:56 [[31merror[39m]: No valid 
license available

      at Console.write [as log] (node_modules/winston/lib/wi
nston/transports/console.js:87:23)

    console.log
      2025-12-22 13:28:56 [[31merror[39m]: No valid 
license available

      at Console.write [as log] (node_modules/winston/lib/wi
nston/transports/console.js:87:23)

    console.log
      2025-12-22 13:28:56 [[31merror[39m]: No valid 
license available

      at Console.write [as log] (node_modules/winston/lib/wi
nston/transports/console.js:87:23)

    console.log
      2025-12-22 13:28:56 [[31merror[39m]: License file 
validation failed {
        "errors": [
          "Module attendance: missing 'enabled' field",
          "Invalid license signature"
        ],
        "path": "D:\\Work\\HR-SM\\test-licenses\\test-licens
e-1766402936715-l4pupi.json"
      }

      at Console.write [as log] (node_modules/winston/lib/wi
nston/transports/console.js:87:23)

    console.log
      2025-12-22 13:28:56 [[31merror[39m]: No valid 
license available

      at Console.write [as log] (node_modules/winston/lib/wi
nston/transports/console.js:87:23)

    console.log
      2025-12-22 13:28:56 [[31merror[39m]: No valid 
license available

      at Console.write [as log] (node_modules/winston/lib/wi
nston/transports/console.js:87:23)

    console.log
      2025-12-22 13:28:56 [[31merror[39m]: No valid 
license available

      at Console.write [as log] (node_modules/winston/lib/wi
nston/transports/console.js:87:23)

    console.log
      2025-12-22 13:28:56 [[31merror[39m]: No valid 
license available

      at Console.write [as log] (node_modules/winston/lib/wi
nston/transports/console.js:87:23)

    console.log
      2025-12-22 13:28:56 [[31merror[39m]: No valid 
license available

      at Console.write [as log] (node_modules/winston/lib/wi
nston/transports/console.js:87:23)

    console.log
      2025-12-22 13:28:56 [[31merror[39m]: No valid 
license available

      at Console.write [as log] (node_modules/winston/lib/wi
nston/transports/console.js:87:23)

    console.log
      2025-12-22 13:28:56 [[31merror[39m]: No valid 
license available

      at Console.write [as log] (node_modules/winston/lib/wi
nston/transports/console.js:87:23)

    console.log
      2025-12-22 13:28:56 [[31merror[39m]: No valid 
license available

      at Console.write [as log] (node_modules/winston/lib/wi
nston/transports/console.js:87:23)

    console.log
      2025-12-22 13:28:56 [[31merror[39m]: No valid 
license available

      at Console.write [as log] (node_modules/winston/lib/wi
nston/transports/console.js:87:23)

    console.log
      2025-12-22 13:28:56 [[31merror[39m]: No valid 
license available

      at Console.write [as log] (node_modules/winston/lib/wi
nston/transports/console.js:87:23)

    console.log
      2025-12-22 13:28:56 [[31merror[39m]: No valid 
license available

      at Console.write [as log] (node_modules/winston/lib/wi
nston/transports/console.js:87:23)

    console.log
      2025-12-22 13:28:56 [[31merror[39m]: No valid 
license available

      at Console.write [as log] (node_modules/winston/lib/wi
nston/transports/console.js:87:23)

    console.log
      2025-12-22 13:28:56 [[31merror[39m]: License file 
validation failed {
        "errors": [
          "Invalid license key format. Expected: 
HRMS-XXXX-XXXX-XXXX",
          "Invalid license signature"
        ],
        "path": "D:\\Work\\HR-SM\\test-licenses\\test-licens
e-1766402936730-htq0o3.json"
      }

      at Console.write [as log] (node_modules/winston/lib/wi
nston/transports/console.js:87:23)

    console.log
      2025-12-22 13:28:56 [[31merror[39m]: No valid 
license available

      at Console.write [as log] (node_modules/winston/lib/wi
nston/transports/console.js:87:23)

    console.log
      2025-12-22 13:28:56 [[31merror[39m]: No valid 
license available

      at Console.write [as log] (node_modules/winston/lib/wi
nston/transports/console.js:87:23)

    console.log
      2025-12-22 13:28:56 [[31merror[39m]: No valid 
license available

      at Console.write [as log] (node_modules/winston/lib/wi
nston/transports/console.js:87:23)

    console.log
      2025-12-22 13:28:56 [[31merror[39m]: No valid 
license available

      at Console.write [as log] (node_modules/winston/lib/wi
nston/transports/console.js:87:23)

    console.log
      2025-12-22 13:28:56 [[31merror[39m]: No valid 
license available

      at Console.write [as log] (node_modules/winston/lib/wi
nston/transports/console.js:87:23)

    console.log
      2025-12-22 13:28:56 [[31merror[39m]: No valid 
license available

      at Console.write [as log] (node_modules/winston/lib/wi
nston/transports/console.js:87:23)

    console.log
      2025-12-22 13:28:56 [[31merror[39m]: No valid 
license available

      at Console.write [as log] (node_modules/winston/lib/wi
nston/transports/console.js:87:23)

    console.log
      2025-12-22 13:28:56 [[31merror[39m]: No valid 
license available

      at Console.write [as log] (node_modules/winston/lib/wi
nston/transports/console.js:87:23)

    console.log
      2025-12-22 13:28:56 [[31merror[39m]: No valid 
license available

      at Console.write [as log] (node_modules/winston/lib/wi
nston/transports/console.js:87:23)

    console.log
      2025-12-22 13:28:56 [[31merror[39m]: No valid 
license available

      at Console.write [as log] (node_modules/winston/lib/wi
nston/transports/console.js:87:23)

    console.log
      2025-12-22 13:28:56 [[31merror[39m]: No valid 
license available

      at Console.write [as log] (node_modules/winston/lib/wi
nston/transports/console.js:87:23)

    console.log
      2025-12-22 13:28:56 [[31merror[39m]: No valid 
license available

      at Console.write [as log] (node_modules/winston/lib/wi
nston/transports/console.js:87:23)

    console.log
      2025-12-22 13:28:56 [[31merror[39m]: License file 
validation failed {
        "errors": [
          "Invalid license key format. Expected: 
HRMS-XXXX-XXXX-XXXX",
          "Invalid license signature"
        ],
        "path": "D:\\Work\\HR-SM\\test-licenses\\test-licens
e-1766402936742-gh7i4ah.json"
      }

      at Console.write [as log] (node_modules/winston/lib/wi
nston/transports/console.js:87:23)

    console.log
      2025-12-22 13:28:56 [[31merror[39m]: No valid 
license available

      at Console.write [as log] (node_modules/winston/lib/wi
nston/transports/console.js:87:23)

    console.log
      2025-12-22 13:28:56 [[31merror[39m]: No valid 
license available

      at Console.write [as log] (node_modules/winston/lib/wi
nston/transports/console.js:87:23)

    console.log
      2025-12-22 13:28:56 [[31merror[39m]: No valid 
license available

      at Console.write [as log] (node_modules/winston/lib/wi
nston/transports/console.js:87:23)

    console.log
      2025-12-22 13:28:56 [[31merror[39m]: No valid 
license available

      at Console.write [as log] (node_modules/winston/lib/wi
nston/transports/console.js:87:23)

    console.log
      2025-12-22 13:28:56 [[31merror[39m]: No valid 
license available

      at Console.write [as log] (node_modules/winston/lib/wi
nston/transports/console.js:87:23)

    console.log
      2025-12-22 13:28:56 [[31merror[39m]: No valid 
license available

      at Console.write [as log] (node_modules/winston/lib/wi
nston/transports/console.js:87:23)

    console.log
      2025-12-22 13:28:56 [[31merror[39m]: No valid 
license available

      at Console.write [as log] (node_modules/winston/lib/wi
nston/transports/console.js:87:23)

    console.log
      2025-12-22 13:28:56 [[31merror[39m]: No valid 
license available

      at Console.write [as log] (node_modules/winston/lib/wi
nston/transports/console.js:87:23)

    console.log
      2025-12-22 13:28:56 [[31merror[39m]: No valid 
license available

      at Console.write [as log] (node_modules/winston/lib/wi
nston/transports/console.js:87:23)

    console.log
      2025-12-22 13:28:56 [[31merror[39m]: No valid 
license available

      at Console.write [as log] (node_modules/winston/lib/wi
nston/transports/console.js:87:23)

    console.log
      2025-12-22 13:28:56 [[31merror[39m]: No valid 
license available

      at Console.write [as log] (node_modules/winston/lib/wi
nston/transports/console.js:87:23)

    console.log
      2025-12-22 13:28:56 [[31merror[39m]: No valid 
license available

      at Console.write [as log] (node_modules/winston/lib/wi
nston/transports/console.js:87:23)

    console.log
      2025-12-22 13:28:56 [[31merror[39m]: License file 
validation failed {
        "errors": [
          "Missing required field: companyName",
          "Invalid license signature"
        ],
        "path": "D:\\Work\\HR-SM\\test-licenses\\test-licens
e-1766402936753-lwkm8h.json"
      }

      at Console.write [as log] (node_modules/winston/lib/wi
nston/transports/console.js:87:23)

    console.log
      2025-12-22 13:28:56 [[31merror[39m]: No valid 
license available

      at Console.write [as log] (node_modules/winston/lib/wi
nston/transports/console.js:87:23)

    console.log
      2025-12-22 13:28:56 [[31merror[39m]: No valid 
license available

      at Console.write [as log] (node_modules/winston/lib/wi
nston/transports/console.js:87:23)

    console.log
      2025-12-22 13:28:56 [[31merror[39m]: No valid 
license available

      at Console.write [as log] (node_modules/winston/lib/wi
nston/transports/console.js:87:23)

    console.log
      2025-12-22 13:28:56 [[31merror[39m]: No valid 
license available

      at Console.write [as log] (node_modules/winston/lib/wi
nston/transports/console.js:87:23)

    console.log
      2025-12-22 13:28:56 [[31merror[39m]: No valid 
license available

      at Console.write [as log] (node_modules/winston/lib/wi
nston/transports/console.js:87:23)

    console.log
      2025-12-22 13:28:56 [[31merror[39m]: No valid 
license available

      at Console.write [as log] (node_modules/winston/lib/wi
nston/transports/console.js:87:23)

    console.log
      2025-12-22 13:28:56 [[31merror[39m]: No valid 
license available

      at Console.write [as log] (node_modules/winston/lib/wi
nston/transports/console.js:87:23)

    console.log
      2025-12-22 13:28:56 [[31merror[39m]: No valid 
license available

      at Console.write [as log] (node_modules/winston/lib/wi
nston/transports/console.js:87:23)

    console.log
      2025-12-22 13:28:56 [[31merror[39m]: No valid 
license available

      at Console.write [as log] (node_modules/winston/lib/wi
nston/transports/console.js:87:23)

    console.log
      2025-12-22 13:28:56 [[31merror[39m]: No valid 
license available

      at Console.write [as log] (node_modules/winston/lib/wi
nston/transports/console.js:87:23)

    console.log
      2025-12-22 13:28:56 [[31merror[39m]: No valid 
license available

      at Console.write [as log] (node_modules/winston/lib/wi
nston/transports/console.js:87:23)

    console.log
      2025-12-22 13:28:56 [[31merror[39m]: No valid 
license available

      at Console.write [as log] (node_modules/winston/lib/wi
nston/transports/console.js:87:23)

    console.log
      2025-12-22 13:28:56 [[31merror[39m]: License file 
validation failed {
        "errors": [
          "Invalid license key format. Expected: 
HRMS-XXXX-XXXX-XXXX",
          "Invalid license signature"
        ],
        "path": "D:\\Work\\HR-SM\\test-licenses\\test-licens
e-1766402936775-hdpmm.json"
      }

      at Console.write [as log] (node_modules/winston/lib/wi
nston/transports/console.js:87:23)

    console.log
      2025-12-22 13:28:56 [[31merror[39m]: No valid 
license available

      at Console.write [as log] (node_modules/winston/lib/wi
nston/transports/console.js:87:23)

    console.log
      2025-12-22 13:28:56 [[31merror[39m]: No valid 
license available

      at Console.write [as log] (node_modules/winston/lib/wi
nston/transports/console.js:87:23)

    console.log
      2025-12-22 13:28:56 [[31merror[39m]: No valid 
license available

      at Console.write [as log] (node_modules/winston/lib/wi
nston/transports/console.js:87:23)

    console.log
      2025-12-22 13:28:56 [[31merror[39m]: No valid 
license available

      at Console.write [as log] (node_modules/winston/lib/wi
nston/transports/console.js:87:23)

    console.log
      2025-12-22 13:28:56 [[31merror[39m]: No valid 
license available

      at Console.write [as log] (node_modules/winston/lib/wi
nston/transports/console.js:87:23)

    console.log
      2025-12-22 13:28:56 [[31merror[39m]: No valid 
license available

      at Console.write [as log] (node_modules/winston/lib/wi
nston/transports/console.js:87:23)

    console.log
      2025-12-22 13:28:56 [[31merror[39m]: No valid 
license available

      at Console.write [as log] (node_modules/winston/lib/wi
nston/transports/console.js:87:23)

    console.log
      2025-12-22 13:28:56 [[31merror[39m]: No valid 
license available

      at Console.write [as log] (node_modules/winston/lib/wi
nston/transports/console.js:87:23)

    console.log
      2025-12-22 13:28:56 [[31merror[39m]: No valid 
license available

      at Console.write [as log] (node_modules/winston/lib/wi
nston/transports/console.js:87:23)

    console.log
      2025-12-22 13:28:56 [[31merror[39m]: No valid 
license available

      at Console.write [as log] (node_modules/winston/lib/wi
nston/transports/console.js:87:23)

    console.log
      2025-12-22 13:28:56 [[31merror[39m]: No valid 
license available

      at Console.write [as log] (node_modules/winston/lib/wi
nston/transports/console.js:87:23)

    console.log
      2025-12-22 13:28:56 [[31merror[39m]: No valid 
license available

      at Console.write [as log] (node_modules/winston/lib/wi
nston/transports/console.js:87:23)

    console.log
      2025-12-22 13:28:56 [[31merror[39m]: License file 
validation failed {
        "errors": [
          "Module payroll: missing 'enabled' field",
          "Invalid license signature"
        ],
        "path": "D:\\Work\\HR-SM\\test-licenses\\test-licens
e-1766402936790-8l9zko.json"
      }

      at Console.write [as log] (node_modules/winston/lib/wi
nston/transports/console.js:87:23)

    console.log
      2025-12-22 13:28:56 [[31merror[39m]: No valid 
license available

      at Console.write [as log] (node_modules/winston/lib/wi
nston/transports/console.js:87:23)

    console.log
      2025-12-22 13:28:56 [[31merror[39m]: No valid 
license available

      at Console.write [as log] (node_modules/winston/lib/wi
nston/transports/console.js:87:23)

    console.log
      2025-12-22 13:28:56 [[31merror[39m]: No valid 
license available

      at Console.write [as log] (node_modules/winston/lib/wi
nston/transports/console.js:87:23)

    console.log
      2025-12-22 13:28:56 [[31merror[39m]: No valid 
license available

      at Console.write [as log] (node_modules/winston/lib/wi
nston/transports/console.js:87:23)

    console.log
      2025-12-22 13:28:56 [[31merror[39m]: No valid 
license available

      at Console.write [as log] (node_modules/winston/lib/wi
nston/transports/console.js:87:23)

    console.log
      2025-12-22 13:28:56 [[31merror[39m]: No valid 
license available

      at Console.write [as log] (node_modules/winston/lib/wi
nston/transports/console.js:87:23)

    console.log
      2025-12-22 13:28:56 [[31merror[39m]: No valid 
license available

      at Console.write [as log] (node_modules/winston/lib/wi
nston/transports/console.js:87:23)

    console.log
      2025-12-22 13:28:56 [[31merror[39m]: No valid 
license available

      at Console.write [as log] (node_modules/winston/lib/wi
nston/transports/console.js:87:23)

    console.log
      2025-12-22 13:28:56 [[31merror[39m]: No valid 
license available

      at Console.write [as log] (node_modules/winston/lib/wi
nston/transports/console.js:87:23)

    console.log
      2025-12-22 13:28:56 [[31merror[39m]: No valid 
license available

      at Console.write [as log] (node_modules/winston/lib/wi
nston/transports/console.js:87:23)

    console.log
      2025-12-22 13:28:56 [[31merror[39m]: No valid 
license available

      at Console.write [as log] (node_modules/winston/lib/wi
nston/transports/console.js:87:23)

    console.log
      2025-12-22 13:28:56 [[31merror[39m]: No valid 
license available

      at Console.write [as log] (node_modules/winston/lib/wi
nston/transports/console.js:87:23)

    console.log
      2025-12-22 13:28:56 [[31merror[39m]: License file 
not found {
        "path": 
"D:\\Work\\HR-SM\\test-licenses\\nonexistent\\xg25d.json"
      }

      at Console.write [as log] (node_modules/winston/lib/wi
nston/transports/console.js:87:23)

    console.log
      2025-12-22 13:28:56 [[31merror[39m]: No valid 
license available

      at Console.write [as log] (node_modules/winston/lib/wi
nston/transports/console.js:87:23)

    console.log
      2025-12-22 13:28:56 [[31merror[39m]: No valid 
license available

      at Console.write [as log] (node_modules/winston/lib/wi
nston/transports/console.js:87:23)

    console.log
      2025-12-22 13:28:56 [[31merror[39m]: No valid 
license available

      at Console.write [as log] (node_modules/winston/lib/wi
nston/transports/console.js:87:23)

    console.log
      2025-12-22 13:28:56 [[31merror[39m]: No valid 
license available

      at Console.write [as log] (node_modules/winston/lib/wi
nston/transports/console.js:87:23)

    console.log
      2025-12-22 13:28:56 [[31merror[39m]: License file 
not found {
        "path": 
"D:\\Work\\HR-SM\\test-licenses\\nonexistent\\eXx-6jv.json"
      }

      at Console.write [as log] (node_modules/winston/lib/wi
nston/transports/console.js:87:23)

    console.log
      2025-12-22 13:28:56 [[31merror[39m]: No valid 
license available

      at Console.write [as log] (node_modules/winston/lib/wi
nston/transports/console.js:87:23)

    console.log
      2025-12-22 13:28:56 [[31merror[39m]: No valid 
license available

      at Console.write [as log] (node_modules/winston/lib/wi
nston/transports/console.js:87:23)

    console.log
      2025-12-22 13:28:56 [[31merror[39m]: No valid 
license available

      at Console.write [as log] (node_modules/winston/lib/wi
nston/transports/console.js:87:23)

    console.log
      2025-12-22 13:28:56 [[31merror[39m]: No valid 
license available

      at Console.write [as log] (node_modules/winston/lib/wi
nston/transports/console.js:87:23)

    console.log
      2025-12-22 13:28:56 [[31merror[39m]: License file 
not found {
        "path": 
"D:\\Work\\HR-SM\\test-licenses\\nonexistent\\Dzx.json"
      }

      at Console.write [as log] (node_modules/winston/lib/wi
nston/transports/console.js:87:23)

    console.log
      2025-12-22 13:28:56 [[31merror[39m]: No valid 
license available

      at Console.write [as log] (node_modules/winston/lib/wi
nston/transports/console.js:87:23)

    console.log
      2025-12-22 13:28:56 [[31merror[39m]: No valid 
license available

      at Console.write [as log] (node_modules/winston/lib/wi
nston/transports/console.js:87:23)

    console.log
      2025-12-22 13:28:56 [[31merror[39m]: No valid 
license available

      at Console.write [as log] (node_modules/winston/lib/wi
nston/transports/console.js:87:23)

    console.log
      2025-12-22 13:28:56 [[31merror[39m]: No valid 
license available

      at Console.write [as log] (node_modules/winston/lib/wi
nston/transports/console.js:87:23)

    console.log
      2025-12-22 13:28:56 [[31merror[39m]: License file 
not found {
        "path": 
"D:\\Work\\HR-SM\\test-licenses\\nonexistent\\kjZlZc4Z.json"
      }

      at Console.write [as log] (node_modules/winston/lib/wi
nston/transports/console.js:87:23)

    console.log
      2025-12-22 13:28:56 [[31merror[39m]: No valid 
license available

      at Console.write [as log] (node_modules/winston/lib/wi
nston/transports/console.js:87:23)

    console.log
      2025-12-22 13:28:56 [[31merror[39m]: No valid 
license available

      at Console.write [as log] (node_modules/winston/lib/wi
nston/transports/console.js:87:23)

    console.log
      2025-12-22 13:28:56 [[31merror[39m]: No valid 
license available

      at Console.write [as log] (node_modules/winston/lib/wi
nston/transports/console.js:87:23)

    console.log
      2025-12-22 13:28:56 [[31merror[39m]: No valid 
license available

      at Console.write [as log] (node_modules/winston/lib/wi
nston/transports/console.js:87:23)

    console.log
      2025-12-22 13:28:56 [[31merror[39m]: License file 
not found {
        "path": "D:\\Work\\HR-SM\\test-licenses\\nonexistent
\\SBWVvZE9WuP.json"
      }

      at Console.write [as log] (node_modules/winston/lib/wi
nston/transports/console.js:87:23)

    console.log
      2025-12-22 13:28:56 [[31merror[39m]: No valid 
license available

      at Console.write [as log] (node_modules/winston/lib/wi
nston/transports/console.js:87:23)

    console.log
      2025-12-22 13:28:56 [[31merror[39m]: No valid 
license available

      at Console.write [as log] (node_modules/winston/lib/wi
nston/transports/console.js:87:23)

    console.log
      2025-12-22 13:28:56 [[31merror[39m]: No valid 
license available

      at Console.write [as log] (node_modules/winston/lib/wi
nston/transports/console.js:87:23)

    console.log
      2025-12-22 13:28:56 [[31merror[39m]: No valid 
license available

      at Console.write [as log] (node_modules/winston/lib/wi
nston/transports/console.js:87:23)

    console.log
      2025-12-22 13:28:56 [[31merror[39m]: License file 
not found {
        "path": "D:\\Work\\HR-SM\\test-licenses\\nonexistent
\\r35_wQXkGS.json"
      }

      at Console.write [as log] (node_modules/winston/lib/wi
nston/transports/console.js:87:23)

    console.log
      2025-12-22 13:28:56 [[31merror[39m]: No valid 
license available

      at Console.write [as log] (node_modules/winston/lib/wi
nston/transports/console.js:87:23)

    console.log
      2025-12-22 13:28:56 [[31merror[39m]: No valid 
license available

      at Console.write [as log] (node_modules/winston/lib/wi
nston/transports/console.js:87:23)

    console.log
      2025-12-22 13:28:56 [[31merror[39m]: No valid 
license available

      at Console.write [as log] (node_modules/winston/lib/wi
nston/transports/console.js:87:23)

    console.log
      2025-12-22 13:28:56 [[31merror[39m]: No valid 
license available

      at Console.write [as log] (node_modules/winston/lib/wi
nston/transports/console.js:87:23)

    console.log
      2025-12-22 13:28:56 [[31merror[39m]: License file 
not found {
        "path": 
"D:\\Work\\HR-SM\\test-licenses\\nonexistent\\yBg6.json"
      }

      at Console.write [as log] (node_modules/winston/lib/wi
nston/transports/console.js:87:23)

    console.log
      2025-12-22 13:28:56 [[31merror[39m]: No valid 
license available

      at Console.write [as log] (node_modules/winston/lib/wi
nston/transports/console.js:87:23)

    console.log
      2025-12-22 13:28:56 [[31merror[39m]: No valid 
license available

      at Console.write [as log] (node_modules/winston/lib/wi
nston/transports/console.js:87:23)

    console.log
      2025-12-22 13:28:56 [[31merror[39m]: No valid 
license available

      at Console.write [as log] (node_modules/winston/lib/wi
nston/transports/console.js:87:23)

    console.log
      2025-12-22 13:28:56 [[31merror[39m]: No valid 
license available

      at Console.write [as log] (node_modules/winston/lib/wi
nston/transports/console.js:87:23)

    console.log
      2025-12-22 13:28:56 [[31merror[39m]: License file 
not found {
        "path": "D:\\Work\\HR-SM\\test-licenses\\nonexistent
\\L2LgAE6Br0_p6.json"
      }

      at Console.write [as log] (node_modules/winston/lib/wi
nston/transports/console.js:87:23)

    console.log
      2025-12-22 13:28:56 [[31merror[39m]: No valid 
license available

      at Console.write [as log] (node_modules/winston/lib/wi
nston/transports/console.js:87:23)

    console.log
      2025-12-22 13:28:56 [[31merror[39m]: No valid 
license available

      at Console.write [as log] (node_modules/winston/lib/wi
nston/transports/console.js:87:23)

    console.log
      2025-12-22 13:28:56 [[31merror[39m]: No valid 
license available

      at Console.write [as log] (node_modules/winston/lib/wi
nston/transports/console.js:87:23)

    console.log
      2025-12-22 13:28:56 [[31merror[39m]: No valid 
license available

      at Console.write [as log] (node_modules/winston/lib/wi
nston/transports/console.js:87:23)

    console.log
      2025-12-22 13:28:56 [[31merror[39m]: License file 
not found {
        "path": 
"D:\\Work\\HR-SM\\test-licenses\\nonexistent\\W7qPakQk.json"
      }

      at Console.write [as log] (node_modules/winston/lib/wi
nston/transports/console.js:87:23)

    console.log
      2025-12-22 13:28:56 [[31merror[39m]: No valid 
license available

      at Console.write [as log] (node_modules/winston/lib/wi
nston/transports/console.js:87:23)

    console.log
      2025-12-22 13:28:56 [[31merror[39m]: No valid 
license available

      at Console.write [as log] (node_modules/winston/lib/wi
nston/transports/console.js:87:23)

    console.log
      2025-12-22 13:28:56 [[31merror[39m]: No valid 
license available

      at Console.write [as log] (node_modules/winston/lib/wi
nston/transports/console.js:87:23)

    console.log
      2025-12-22 13:28:56 [[31merror[39m]: No valid 
license available

      at Console.write [as log] (node_modules/winston/lib/wi
nston/transports/console.js:87:23)

    console.log
      2025-12-22 13:28:56 [[31merror[39m]: License file 
not found {
        "path": 
"D:\\Work\\HR-SM\\test-licenses\\nonexistent\\ncAOF_dI.json"
      }

      at Console.write [as log] (node_modules/winston/lib/wi
nston/transports/console.js:87:23)

    console.log
      2025-12-22 13:28:56 [[31merror[39m]: No valid 
license available

      at Console.write [as log] (node_modules/winston/lib/wi
nston/transports/console.js:87:23)

    console.log
      2025-12-22 13:28:56 [[31merror[39m]: No valid 
license available

      at Console.write [as log] (node_modules/winston/lib/wi
nston/transports/console.js:87:23)

    console.log
      2025-12-22 13:28:56 [[31merror[39m]: No valid 
license available

      at Console.write [as log] (node_modules/winston/lib/wi
nston/transports/console.js:87:23)

    console.log
      2025-12-22 13:28:56 [[31merror[39m]: No valid 
license available

      at Console.write [as log] (node_modules/winston/lib/wi
nston/transports/console.js:87:23)

    console.log
      2025-12-22 13:28:56 [[31merror[39m]: License file 
not found {
        "path": 
"D:\\Work\\HR-SM\\test-licenses\\nonexistent\\5HhplK.json"
      }

      at Console.write [as log] (node_modules/winston/lib/wi
nston/transports/console.js:87:23)

    console.log
      2025-12-22 13:28:56 [[31merror[39m]: No valid 
license available

      at Console.write [as log] (node_modules/winston/lib/wi
nston/transports/console.js:87:23)

    console.log
      2025-12-22 13:28:56 [[31merror[39m]: No valid 
license available

      at Console.write [as log] (node_modules/winston/lib/wi
nston/transports/console.js:87:23)

    console.log
      2025-12-22 13:28:56 [[31merror[39m]: No valid 
license available

      at Console.write [as log] (node_modules/winston/lib/wi
nston/transports/console.js:87:23)

    console.log
      2025-12-22 13:28:56 [[31merror[39m]: No valid 
license available

      at Console.write [as log] (node_modules/winston/lib/wi
nston/transports/console.js:87:23)

    console.log
      2025-12-22 13:28:56 [[31merror[39m]: License file 
not found {
        "path": 
"D:\\Work\\HR-SM\\test-licenses\\nonexistent\\qc.json"
      }

      at Console.write [as log] (node_modules/winston/lib/wi
nston/transports/console.js:87:23)

    console.log
      2025-12-22 13:28:56 [[31merror[39m]: No valid 
license available

      at Console.write [as log] (node_modules/winston/lib/wi
nston/transports/console.js:87:23)

    console.log
      2025-12-22 13:28:56 [[31merror[39m]: No valid 
license available

      at Console.write [as log] (node_modules/winston/lib/wi
nston/transports/console.js:87:23)

    console.log
      2025-12-22 13:28:56 [[31merror[39m]: No valid 
license available

      at Console.write [as log] (node_modules/winston/lib/wi
nston/transports/console.js:87:23)

    console.log
      2025-12-22 13:28:56 [[31merror[39m]: No valid 
license available

      at Console.write [as log] (node_modules/winston/lib/wi
nston/transports/console.js:87:23)

    console.log
      2025-12-22 13:28:56 [[31merror[39m]: License file 
not found {
        "path": 
"D:\\Work\\HR-SM\\test-licenses\\nonexistent\\vuE.json"
      }

      at Console.write [as log] (node_modules/winston/lib/wi
nston/transports/console.js:87:23)

    console.log
      2025-12-22 13:28:56 [[31merror[39m]: No valid 
license available

      at Console.write [as log] (node_modules/winston/lib/wi
nston/transports/console.js:87:23)

    console.log
      2025-12-22 13:28:56 [[31merror[39m]: No valid 
license available

      at Console.write [as log] (node_modules/winston/lib/wi
nston/transports/console.js:87:23)

    console.log
      2025-12-22 13:28:56 [[31merror[39m]: No valid 
license available

      at Console.write [as log] (node_modules/winston/lib/wi
nston/transports/console.js:87:23)

    console.log
      2025-12-22 13:28:56 [[31merror[39m]: No valid 
license available

      at Console.write [as log] (node_modules/winston/lib/wi
nston/transports/console.js:87:23)

    console.log
      2025-12-22 13:28:56 [[31merror[39m]: License file 
not found {
        "path": "D:\\Work\\HR-SM\\test-licenses\\nonexistent
\\AhSab2wKdRu.json"
      }

      at Console.write [as log] (node_modules/winston/lib/wi
nston/transports/console.js:87:23)

    console.log
      2025-12-22 13:28:56 [[31merror[39m]: No valid 
license available

      at Console.write [as log] (node_modules/winston/lib/wi
nston/transports/console.js:87:23)

    console.log
      2025-12-22 13:28:56 [[31merror[39m]: No valid 
license available

      at Console.write [as log] (node_modules/winston/lib/wi
nston/transports/console.js:87:23)

    console.log
      2025-12-22 13:28:56 [[31merror[39m]: No valid 
license available

      at Console.write [as log] (node_modules/winston/lib/wi
nston/transports/console.js:87:23)

    console.log
      2025-12-22 13:28:56 [[31merror[39m]: No valid 
license available

      at Console.write [as log] (node_modules/winston/lib/wi
nston/transports/console.js:87:23)

    console.log
      2025-12-22 13:28:56 [[31merror[39m]: License file 
not found {
        "path": 
"D:\\Work\\HR-SM\\test-licenses\\nonexistent\\cwDRpuVs.json"
      }

      at Console.write [as log] (node_modules/winston/lib/wi
nston/transports/console.js:87:23)

    console.log
      2025-12-22 13:28:56 [[31merror[39m]: No valid 
license available

      at Console.write [as log] (node_modules/winston/lib/wi
nston/transports/console.js:87:23)

    console.log
      2025-12-22 13:28:56 [[31merror[39m]: No valid 
license available

      at Console.write [as log] (node_modules/winston/lib/wi
nston/transports/console.js:87:23)

    console.log
      2025-12-22 13:28:56 [[31merror[39m]: No valid 
license available

      at Console.write [as log] (node_modules/winston/lib/wi
nston/transports/console.js:87:23)

    console.log
      2025-12-22 13:28:56 [[31merror[39m]: No valid 
license available

      at Console.write [as log] (node_modules/winston/lib/wi
nston/transports/console.js:87:23)

    console.log
      2025-12-22 13:28:56 [[31merror[39m]: License file 
not found {
        "path": "D:\\Work\\HR-SM\\test-licenses\\nonexistent
\\HGnEWwjLs43.json"
      }

      at Console.write [as log] (node_modules/winston/lib/wi
nston/transports/console.js:87:23)

    console.log
      2025-12-22 13:28:56 [[31merror[39m]: No valid 
license available

      at Console.write [as log] (node_modules/winston/lib/wi
nston/transports/console.js:87:23)

    console.log
      2025-12-22 13:28:56 [[31merror[39m]: No valid 
license available

      at Console.write [as log] (node_modules/winston/lib/wi
nston/transports/console.js:87:23)

    console.log
      2025-12-22 13:28:56 [[31merror[39m]: No valid 
license available

      at Console.write [as log] (node_modules/winston/lib/wi
nston/transports/console.js:87:23)

    console.log
      2025-12-22 13:28:56 [[31merror[39m]: No valid 
license available

      at Console.write [as log] (node_modules/winston/lib/wi
nston/transports/console.js:87:23)

    console.log
      2025-12-22 13:28:56 [[31merror[39m]: License file 
not found {
        "path": "D:\\Work\\HR-SM\\test-licenses\\nonexistent
\\4eP12nIaSztxM.json"
      }

      at Console.write [as log] (node_modules/winston/lib/wi
nston/transports/console.js:87:23)

    console.log
      2025-12-22 13:28:56 [[31merror[39m]: No valid 
license available

      at Console.write [as log] (node_modules/winston/lib/wi
nston/transports/console.js:87:23)

    console.log
      2025-12-22 13:28:56 [[31merror[39m]: No valid 
license available

      at Console.write [as log] (node_modules/winston/lib/wi
nston/transports/console.js:87:23)

    console.log
      2025-12-22 13:28:56 [[31merror[39m]: No valid 
license available

      at Console.write [as log] (node_modules/winston/lib/wi
nston/transports/console.js:87:23)

    console.log
      2025-12-22 13:28:56 [[31merror[39m]: No valid 
license available

      at Console.write [as log] (node_modules/winston/lib/wi
nston/transports/console.js:87:23)

    console.log
      2025-12-22 13:28:56 [[31merror[39m]: License file 
not found {
        "path": 
"D:\\Work\\HR-SM\\test-licenses\\nonexistent\\vXv0-L.json"
      }

      at Console.write [as log] (node_modules/winston/lib/wi
nston/transports/console.js:87:23)

    console.log
      2025-12-22 13:28:56 [[31merror[39m]: No valid 
license available

      at Console.write [as log] (node_modules/winston/lib/wi
nston/transports/console.js:87:23)

    console.log
      2025-12-22 13:28:56 [[31merror[39m]: No valid 
license available

      at Console.write [as log] (node_modules/winston/lib/wi
nston/transports/console.js:87:23)

    console.log
      2025-12-22 13:28:56 [[31merror[39m]: No valid 
license available

      at Console.write [as log] (node_modules/winston/lib/wi
nston/transports/console.js:87:23)

    console.log
      2025-12-22 13:28:56 [[31merror[39m]: No valid 
license available

      at Console.write [as log] (node_modules/winston/lib/wi
nston/transports/console.js:87:23)

    console.log
      2025-12-22 13:28:56 [[31merror[39m]: License file 
not found {
        "path": "D:\\Work\\HR-SM\\test-licenses\\nonexistent
\\bPaVefjMI.json"
      }

      at Console.write [as log] (node_modules/winston/lib/wi
nston/transports/console.js:87:23)

    console.log
      2025-12-22 13:28:56 [[31merror[39m]: No valid 
license available

      at Console.write [as log] (node_modules/winston/lib/wi
nston/transports/console.js:87:23)

    console.log
      2025-12-22 13:28:56 [[31merror[39m]: No valid 
license available

      at Console.write [as log] (node_modules/winston/lib/wi
nston/transports/console.js:87:23)

    console.log
      2025-12-22 13:28:56 [[31merror[39m]: No valid 
license available

      at Console.write [as log] (node_modules/winston/lib/wi
nston/transports/console.js:87:23)

    console.log
      2025-12-22 13:28:56 [[31merror[39m]: No valid 
license available

      at Console.write [as log] (node_modules/winston/lib/wi
nston/transports/console.js:87:23)

    console.log
      2025-12-22 13:28:56 [[31merror[39m]: License file 
not found {
        "path": 
"D:\\Work\\HR-SM\\test-licenses\\nonexistent\\bQXaT9cK.json"
      }

      at Console.write [as log] (node_modules/winston/lib/wi
nston/transports/console.js:87:23)

    console.log
      2025-12-22 13:28:56 [[31merror[39m]: No valid 
license available

      at Console.write [as log] (node_modules/winston/lib/wi
nston/transports/console.js:87:23)

    console.log
      2025-12-22 13:28:56 [[31merror[39m]: No valid 
license available

      at Console.write [as log] (node_modules/winston/lib/wi
nston/transports/console.js:87:23)

    console.log
      2025-12-22 13:28:56 [[31merror[39m]: No valid 
license available

      at Console.write [as log] (node_modules/winston/lib/wi
nston/transports/console.js:87:23)

    console.log
      2025-12-22 13:28:56 [[31merror[39m]: No valid 
license available

      at Console.write [as log] (node_modules/winston/lib/wi
nston/transports/console.js:87:23)

    console.log
      2025-12-22 13:28:56 [[31merror[39m]: License file 
not found {
        "path": 
"D:\\Work\\HR-SM\\test-licenses\\nonexistent\\8eDNB.json"
      }

      at Console.write [as log] (node_modules/winston/lib/wi
nston/transports/console.js:87:23)

    console.log
      2025-12-22 13:28:56 [[31merror[39m]: No valid 
license available

      at Console.write [as log] (node_modules/winston/lib/wi
nston/transports/console.js:87:23)

    console.log
      2025-12-22 13:28:56 [[31merror[39m]: No valid 
license available

      at Console.write [as log] (node_modules/winston/lib/wi
nston/transports/console.js:87:23)

    console.log
      2025-12-22 13:28:56 [[31merror[39m]: No valid 
license available

      at Console.write [as log] (node_modules/winston/lib/wi
nston/transports/console.js:87:23)

    console.log
      2025-12-22 13:28:56 [[31merror[39m]: No valid 
license available

      at Console.write [as log] (node_modules/winston/lib/wi
nston/transports/console.js:87:23)

    console.log
      2025-12-22 13:28:57 [[31merror[39m]: License file 
not found {
        "path": "D:\\Work\\HR-SM\\test-licenses\\nonexistent
\\25ZO5tX3H5hZ.json"
      }

      at Console.write [as log] (node_modules/winston/lib/wi
nston/transports/console.js:87:23)

    console.log
      2025-12-22 13:28:57 [[31merror[39m]: No valid 
license available

      at Console.write [as log] (node_modules/winston/lib/wi
nston/transports/console.js:87:23)

    console.log
      2025-12-22 13:28:57 [[31merror[39m]: No valid 
license available

      at Console.write [as log] (node_modules/winston/lib/wi
nston/transports/console.js:87:23)

    console.log
      2025-12-22 13:28:57 [[31merror[39m]: No valid 
license available

      at Console.write [as log] (node_modules/winston/lib/wi
nston/transports/console.js:87:23)

    console.log
      2025-12-22 13:28:57 [[31merror[39m]: No valid 
license available

      at Console.write [as log] (node_modules/winston/lib/wi
nston/transports/console.js:87:23)

    console.log
      2025-12-22 13:28:57 [[31merror[39m]: License file 
not found {
        "path": 
"D:\\Work\\HR-SM\\test-licenses\\nonexistent\\WPTF0w8g.json"
      }

      at Console.write [as log] (node_modules/winston/lib/wi
nston/transports/console.js:87:23)

    console.log
      2025-12-22 13:28:57 [[31merror[39m]: No valid 
license available

      at Console.write [as log] (node_modules/winston/lib/wi
nston/transports/console.js:87:23)

    console.log
      2025-12-22 13:28:57 [[31merror[39m]: No valid 
license available

      at Console.write [as log] (node_modules/winston/lib/wi
nston/transports/console.js:87:23)

    console.log
      2025-12-22 13:28:57 [[31merror[39m]: No valid 
license available

      at Console.write [as log] (node_modules/winston/lib/wi
nston/transports/console.js:87:23)

    console.log
      2025-12-22 13:28:57 [[31merror[39m]: No valid 
license available

      at Console.write [as log] (node_modules/winston/lib/wi
nston/transports/console.js:87:23)

    console.log
      2025-12-22 13:28:57 [[31merror[39m]: License file 
not found {
        "path": "D:\\Work\\HR-SM\\test-licenses\\nonexistent
\\5tYjMshzUw.json"
      }

      at Console.write [as log] (node_modules/winston/lib/wi
nston/transports/console.js:87:23)

    console.log
      2025-12-22 13:28:57 [[31merror[39m]: No valid 
license available

      at Console.write [as log] (node_modules/winston/lib/wi
nston/transports/console.js:87:23)

    console.log
      2025-12-22 13:28:57 [[31merror[39m]: No valid 
license available

      at Console.write [as log] (node_modules/winston/lib/wi
nston/transports/console.js:87:23)

    console.log
      2025-12-22 13:28:57 [[31merror[39m]: No valid 
license available

      at Console.write [as log] (node_modules/winston/lib/wi
nston/transports/console.js:87:23)

    console.log
      2025-12-22 13:28:57 [[31merror[39m]: No valid 
license available

      at Console.write [as log] (node_modules/winston/lib/wi
nston/transports/console.js:87:23)

    console.log
      2025-12-22 13:28:57 [[31merror[39m]: License file 
not found {
        "path": 
"D:\\Work\\HR-SM\\test-licenses\\nonexistent\\Zdhb.json"
      }

      at Console.write [as log] (node_modules/winston/lib/wi
nston/transports/console.js:87:23)

    console.log
      2025-12-22 13:28:57 [[31merror[39m]: No valid 
license available

      at Console.write [as log] (node_modules/winston/lib/wi
nston/transports/console.js:87:23)

    console.log
      2025-12-22 13:28:57 [[31merror[39m]: No valid 
license available

      at Console.write [as log] (node_modules/winston/lib/wi
nston/transports/console.js:87:23)

    console.log
      2025-12-22 13:28:57 [[31merror[39m]: No valid 
license available

      at Console.write [as log] (node_modules/winston/lib/wi
nston/transports/console.js:87:23)

    console.log
      2025-12-22 13:28:57 [[31merror[39m]: No valid 
license available

      at Console.write [as log] (node_modules/winston/lib/wi
nston/transports/console.js:87:23)

    console.log
      2025-12-22 13:28:57 [[31merror[39m]: License file 
not found {
        "path": 
"D:\\Work\\HR-SM\\test-licenses\\nonexistent\\tt5eQ.json"
      }

      at Console.write [as log] (node_modules/winston/lib/wi
nston/transports/console.js:87:23)

    console.log
      2025-12-22 13:28:57 [[31merror[39m]: No valid 
license available

      at Console.write [as log] (node_modules/winston/lib/wi
nston/transports/console.js:87:23)

    console.log
      2025-12-22 13:28:57 [[31merror[39m]: No valid 
license available

      at Console.write [as log] (node_modules/winston/lib/wi
nston/transports/console.js:87:23)

    console.log
      2025-12-22 13:28:57 [[31merror[39m]: No valid 
license available

      at Console.write [as log] (node_modules/winston/lib/wi
nston/transports/console.js:87:23)

    console.log
      2025-12-22 13:28:57 [[31merror[39m]: No valid 
license available

      at Console.write [as log] (node_modules/winston/lib/wi
nston/transports/console.js:87:23)

    console.log
      2025-12-22 13:28:57 [[31merror[39m]: License file 
not found {
        "path": 
"D:\\Work\\HR-SM\\test-licenses\\nonexistent\\uy1.json"
      }

      at Console.write [as log] (node_modules/winston/lib/wi
nston/transports/console.js:87:23)

    console.log
      2025-12-22 13:28:57 [[31merror[39m]: No valid 
license available

      at Console.write [as log] (node_modules/winston/lib/wi
nston/transports/console.js:87:23)

    console.log
      2025-12-22 13:28:57 [[31merror[39m]: No valid 
license available

      at Console.write [as log] (node_modules/winston/lib/wi
nston/transports/console.js:87:23)

    console.log
      2025-12-22 13:28:57 [[31merror[39m]: No valid 
license available

      at Console.write [as log] (node_modules/winston/lib/wi
nston/transports/console.js:87:23)

    console.log
      2025-12-22 13:28:57 [[31merror[39m]: No valid 
license available

      at Console.write [as log] (node_modules/winston/lib/wi
nston/transports/console.js:87:23)

    console.log
      2025-12-22 13:28:57 [[31merror[39m]: License file 
not found {
        "path": 
"D:\\Work\\HR-SM\\test-licenses\\nonexistent\\6GueNR.json"
      }

      at Console.write [as log] (node_modules/winston/lib/wi
nston/transports/console.js:87:23)

    console.log
      2025-12-22 13:28:57 [[31merror[39m]: No valid 
license available

      at Console.write [as log] (node_modules/winston/lib/wi
nston/transports/console.js:87:23)

    console.log
      2025-12-22 13:28:57 [[31merror[39m]: No valid 
license available

      at Console.write [as log] (node_modules/winston/lib/wi
nston/transports/console.js:87:23)

    console.log
      2025-12-22 13:28:57 [[31merror[39m]: No valid 
license available

      at Console.write [as log] (node_modules/winston/lib/wi
nston/transports/console.js:87:23)

    console.log
      2025-12-22 13:28:57 [[31merror[39m]: No valid 
license available

      at Console.write [as log] (node_modules/winston/lib/wi
nston/transports/console.js:87:23)

    console.log
      2025-12-22 13:28:57 [[31merror[39m]: License file 
not found {
        "path": 
"D:\\Work\\HR-SM\\test-licenses\\nonexistent\\95.json"
      }

      at Console.write [as log] (node_modules/winston/lib/wi
nston/transports/console.js:87:23)

    console.log
      2025-12-22 13:28:57 [[31merror[39m]: No valid 
license available

      at Console.write [as log] (node_modules/winston/lib/wi
nston/transports/console.js:87:23)

    console.log
      2025-12-22 13:28:57 [[31merror[39m]: No valid 
license available

      at Console.write [as log] (node_modules/winston/lib/wi
nston/transports/console.js:87:23)

    console.log
      2025-12-22 13:28:57 [[31merror[39m]: No valid 
license available

      at Console.write [as log] (node_modules/winston/lib/wi
nston/transports/console.js:87:23)

    console.log
      2025-12-22 13:28:57 [[31merror[39m]: No valid 
license available

      at Console.write [as log] (node_modules/winston/lib/wi
nston/transports/console.js:87:23)

    console.log
      2025-12-22 13:28:57 [[31merror[39m]: License file 
not found {
        "path": 
"D:\\Work\\HR-SM\\test-licenses\\nonexistent\\s0d.json"
      }

      at Console.write [as log] (node_modules/winston/lib/wi
nston/transports/console.js:87:23)

    console.log
      2025-12-22 13:28:57 [[31merror[39m]: No valid 
license available

      at Console.write [as log] (node_modules/winston/lib/wi
nston/transports/console.js:87:23)

    console.log
      2025-12-22 13:28:57 [[31merror[39m]: No valid 
license available

      at Console.write [as log] (node_modules/winston/lib/wi
nston/transports/console.js:87:23)

    console.log
      2025-12-22 13:28:57 [[31merror[39m]: No valid 
license available

      at Console.write [as log] (node_modules/winston/lib/wi
nston/transports/console.js:87:23)

    console.log
      2025-12-22 13:28:57 [[31merror[39m]: No valid 
license available

      at Console.write [as log] (node_modules/winston/lib/wi
nston/transports/console.js:87:23)

    console.log
      2025-12-22 13:28:57 [[31merror[39m]: License file 
not found {
        "path": 
"D:\\Work\\HR-SM\\test-licenses\\nonexistent\\lengthar.json"
      }

      at Console.write [as log] (node_modules/winston/lib/wi
nston/transports/console.js:87:23)

    console.log
      2025-12-22 13:28:57 [[31merror[39m]: No valid 
license available

      at Console.write [as log] (node_modules/winston/lib/wi
nston/transports/console.js:87:23)

    console.log
      2025-12-22 13:28:57 [[31merror[39m]: No valid 
license available

      at Console.write [as log] (node_modules/winston/lib/wi
nston/transports/console.js:87:23)

    console.log
      2025-12-22 13:28:57 [[31merror[39m]: No valid 
license available

      at Console.write [as log] (node_modules/winston/lib/wi
nston/transports/console.js:87:23)

    console.log
      2025-12-22 13:28:57 [[31merror[39m]: No valid 
license available

      at Console.write [as log] (node_modules/winston/lib/wi
nston/transports/console.js:87:23)

    console.log
      2025-12-22 13:28:57 [[31merror[39m]: License file 
not found {
        "path": 
"D:\\Work\\HR-SM\\test-licenses\\nonexistent\\lrcySm1-.json"
      }

      at Console.write [as log] (node_modules/winston/lib/wi
nston/transports/console.js:87:23)

    console.log
      2025-12-22 13:28:57 [[31merror[39m]: No valid 
license available

      at Console.write [as log] (node_modules/winston/lib/wi
nston/transports/console.js:87:23)

    console.log
      2025-12-22 13:28:57 [[31merror[39m]: No valid 
license available

      at Console.write [as log] (node_modules/winston/lib/wi
nston/transports/console.js:87:23)

    console.log
      2025-12-22 13:28:57 [[31merror[39m]: No valid 
license available

      at Console.write [as log] (node_modules/winston/lib/wi
nston/transports/console.js:87:23)

    console.log
      2025-12-22 13:28:57 [[31merror[39m]: No valid 
license available

      at Console.write [as log] (node_modules/winston/lib/wi
nston/transports/console.js:87:23)

    console.log
      2025-12-22 13:28:57 [[31merror[39m]: License file 
not found {
        "path": 
"D:\\Work\\HR-SM\\test-licenses\\nonexistent\\yetfA.json"
      }

      at Console.write [as log] (node_modules/winston/lib/wi
nston/transports/console.js:87:23)

    console.log
      2025-12-22 13:28:57 [[31merror[39m]: No valid 
license available

      at Console.write [as log] (node_modules/winston/lib/wi
nston/transports/console.js:87:23)

    console.log
      2025-12-22 13:28:57 [[31merror[39m]: No valid 
license available

      at Console.write [as log] (node_modules/winston/lib/wi
nston/transports/console.js:87:23)

    console.log
      2025-12-22 13:28:57 [[31merror[39m]: No valid 
license available

      at Console.write [as log] (node_modules/winston/lib/wi
nston/transports/console.js:87:23)

    console.log
      2025-12-22 13:28:57 [[31merror[39m]: No valid 
license available

      at Console.write [as log] (node_modules/winston/lib/wi
nston/transports/console.js:87:23)

    console.log
      2025-12-22 13:28:57 [[31merror[39m]: License file 
not found {
        "path": "D:\\Work\\HR-SM\\test-licenses\\nonexistent
\\R67wg91g3K.json"
      }

      at Console.write [as log] (node_modules/winston/lib/wi
nston/transports/console.js:87:23)

    console.log
      2025-12-22 13:28:57 [[31merror[39m]: No valid 
license available

      at Console.write [as log] (node_modules/winston/lib/wi
nston/transports/console.js:87:23)

    console.log
      2025-12-22 13:28:57 [[31merror[39m]: No valid 
license available

      at Console.write [as log] (node_modules/winston/lib/wi
nston/transports/console.js:87:23)

    console.log
      2025-12-22 13:28:57 [[31merror[39m]: No valid 
license available

      at Console.write [as log] (node_modules/winston/lib/wi
nston/transports/console.js:87:23)

    console.log
      2025-12-22 13:28:57 [[31merror[39m]: No valid 
license available

      at Console.write [as log] (node_modules/winston/lib/wi
nston/transports/console.js:87:23)

    console.log
      2025-12-22 13:28:57 [[31merror[39m]: License file 
not found {
        "path": 
"D:\\Work\\HR-SM\\test-licenses\\nonexistent\\2QqZ9pE.json"
      }

      at Console.write [as log] (node_modules/winston/lib/wi
nston/transports/console.js:87:23)

    console.log
      2025-12-22 13:28:57 [[31merror[39m]: No valid 
license available

      at Console.write [as log] (node_modules/winston/lib/wi
nston/transports/console.js:87:23)

    console.log
      2025-12-22 13:28:57 [[31merror[39m]: No valid 
license available

      at Console.write [as log] (node_modules/winston/lib/wi
nston/transports/console.js:87:23)

    console.log
      2025-12-22 13:28:57 [[31merror[39m]: No valid 
license available

      at Console.write [as log] (node_modules/winston/lib/wi
nston/transports/console.js:87:23)

    console.log
      2025-12-22 13:28:57 [[31merror[39m]: No valid 
license available

      at Console.write [as log] (node_modules/winston/lib/wi
nston/transports/console.js:87:23)

    console.log
      2025-12-22 13:28:57 [[31merror[39m]: License file 
not found {
        "path": "D:\\Work\\HR-SM\\test-licenses\\nonexistent
\\ScZOxaTEVM6.json"
      }

      at Console.write [as log] (node_modules/winston/lib/wi
nston/transports/console.js:87:23)

    console.log
      2025-12-22 13:28:57 [[31merror[39m]: No valid 
license available

      at Console.write [as log] (node_modules/winston/lib/wi
nston/transports/console.js:87:23)

    console.log
      2025-12-22 13:28:57 [[31merror[39m]: No valid 
license available

      at Console.write [as log] (node_modules/winston/lib/wi
nston/transports/console.js:87:23)

    console.log
      2025-12-22 13:28:57 [[31merror[39m]: No valid 
license available

      at Console.write [as log] (node_modules/winston/lib/wi
nston/transports/console.js:87:23)

    console.log
      2025-12-22 13:28:57 [[31merror[39m]: No valid 
license available

      at Console.write [as log] (node_modules/winston/lib/wi
nston/transports/console.js:87:23)

    console.log
      2025-12-22 13:28:57 [[31merror[39m]: License file 
not found {
        "path": "D:\\Work\\HR-SM\\test-licenses\\nonexistent
\\y7a1Wyf0yj.json"
      }

      at Console.write [as log] (node_modules/winston/lib/wi
nston/transports/console.js:87:23)

    console.log
      2025-12-22 13:28:57 [[31merror[39m]: No valid 
license available

      at Console.write [as log] (node_modules/winston/lib/wi
nston/transports/console.js:87:23)

    console.log
      2025-12-22 13:28:57 [[31merror[39m]: No valid 
license available

      at Console.write [as log] (node_modules/winston/lib/wi
nston/transports/console.js:87:23)

    console.log
      2025-12-22 13:28:57 [[31merror[39m]: No valid 
license available

      at Console.write [as log] (node_modules/winston/lib/wi
nston/transports/console.js:87:23)

    console.log
      2025-12-22 13:28:57 [[31merror[39m]: No valid 
license available

      at Console.write [as log] (node_modules/winston/lib/wi
nston/transports/console.js:87:23)

    console.log
      2025-12-22 13:28:57 [[31merror[39m]: License file 
not found {
        "path": 
"D:\\Work\\HR-SM\\test-licenses\\nonexistent\\6F2Fz.json"
      }

      at Console.write [as log] (node_modules/winston/lib/wi
nston/transports/console.js:87:23)

    console.log
      2025-12-22 13:28:57 [[31merror[39m]: No valid 
license available

      at Console.write [as log] (node_modules/winston/lib/wi
nston/transports/console.js:87:23)

    console.log
      2025-12-22 13:28:57 [[31merror[39m]: No valid 
license available

      at Console.write [as log] (node_modules/winston/lib/wi
nston/transports/console.js:87:23)

    console.log
      2025-12-22 13:28:57 [[31merror[39m]: No valid 
license available

      at Console.write [as log] (node_modules/winston/lib/wi
nston/transports/console.js:87:23)

    console.log
      2025-12-22 13:28:57 [[31merror[39m]: No valid 
license available

      at Console.write [as log] (node_modules/winston/lib/wi
nston/transports/console.js:87:23)

    console.log
      2025-12-22 13:28:57 [[31merror[39m]: License file 
not found {
        "path": "D:\\Work\\HR-SM\\test-licenses\\nonexistent
\\cNK8_WI3Zkujq.json"
      }

      at Console.write [as log] (node_modules/winston/lib/wi
nston/transports/console.js:87:23)

    console.log
      2025-12-22 13:28:57 [[31merror[39m]: No valid 
license available

      at Console.write [as log] (node_modules/winston/lib/wi
nston/transports/console.js:87:23)

    console.log
      2025-12-22 13:28:57 [[31merror[39m]: No valid 
license available

      at Console.write [as log] (node_modules/winston/lib/wi
nston/transports/console.js:87:23)

    console.log
      2025-12-22 13:28:57 [[31merror[39m]: No valid 
license available

      at Console.write [as log] (node_modules/winston/lib/wi
nston/transports/console.js:87:23)

    console.log
      2025-12-22 13:28:57 [[31merror[39m]: No valid 
license available

      at Console.write [as log] (node_modules/winston/lib/wi
nston/transports/console.js:87:23)

    console.log
      2025-12-22 13:28:57 [[31merror[39m]: License file 
not found {
        "path": 
"D:\\Work\\HR-SM\\test-licenses\\nonexistent\\yxrXkmtE.json"
      }

      at Console.write [as log] (node_modules/winston/lib/wi
nston/transports/console.js:87:23)

    console.log
      2025-12-22 13:28:57 [[31merror[39m]: No valid 
license available

      at Console.write [as log] (node_modules/winston/lib/wi
nston/transports/console.js:87:23)

    console.log
      2025-12-22 13:28:57 [[31merror[39m]: No valid 
license available

      at Console.write [as log] (node_modules/winston/lib/wi
nston/transports/console.js:87:23)

    console.log
      2025-12-22 13:28:57 [[31merror[39m]: No valid 
license available

      at Console.write [as log] (node_modules/winston/lib/wi
nston/transports/console.js:87:23)

    console.log
      2025-12-22 13:28:57 [[31merror[39m]: No valid 
license available

      at Console.write [as log] (node_modules/winston/lib/wi
nston/transports/console.js:87:23)

    console.log
      2025-12-22 13:28:57 [[31merror[39m]: License file 
not found {
        "path": 
"D:\\Work\\HR-SM\\test-licenses\\nonexistent\\valueOf.json"
      }

      at Console.write [as log] (node_modules/winston/lib/wi
nston/transports/console.js:87:23)

    console.log
      2025-12-22 13:28:57 [[31merror[39m]: No valid 
license available

      at Console.write [as log] (node_modules/winston/lib/wi
nston/transports/console.js:87:23)

    console.log
      2025-12-22 13:28:57 [[31merror[39m]: No valid 
license available

      at Console.write [as log] (node_modules/winston/lib/wi
nston/transports/console.js:87:23)

    console.log
      2025-12-22 13:28:57 [[31merror[39m]: No valid 
license available

      at Console.write [as log] (node_modules/winston/lib/wi
nston/transports/console.js:87:23)

    console.log
      2025-12-22 13:28:57 [[31merror[39m]: No valid 
license available

      at Console.write [as log] (node_modules/winston/lib/wi
nston/transports/console.js:87:23)

    console.log
      2025-12-22 13:28:57 [[31merror[39m]: License file 
not found {
        "path": "D:\\Work\\HR-SM\\test-licenses\\nonexistent
\\Zp6VDSv_Ak.json"
      }

      at Console.write [as log] (node_modules/winston/lib/wi
nston/transports/console.js:87:23)

    console.log
      2025-12-22 13:28:57 [[31merror[39m]: No valid 
license available

      at Console.write [as log] (node_modules/winston/lib/wi
nston/transports/console.js:87:23)

    console.log
      2025-12-22 13:28:57 [[31merror[39m]: No valid 
license available

      at Console.write [as log] (node_modules/winston/lib/wi
nston/transports/console.js:87:23)

    console.log
      2025-12-22 13:28:57 [[31merror[39m]: No valid 
license available

      at Console.write [as log] (node_modules/winston/lib/wi
nston/transports/console.js:87:23)

    console.log
      2025-12-22 13:28:57 [[31merror[39m]: No valid 
license available

      at Console.write [as log] (node_modules/winston/lib/wi
nston/transports/console.js:87:23)

    console.log
      2025-12-22 13:28:57 [[31merror[39m]: License file 
not found {
        "path": "D:\\Work\\HR-SM\\test-licenses\\nonexistent
\\PqGaWVFMX.json"
      }

      at Console.write [as log] (node_modules/winston/lib/wi
nston/transports/console.js:87:23)

    console.log
      2025-12-22 13:28:57 [[31merror[39m]: No valid 
license available

      at Console.write [as log] (node_modules/winston/lib/wi
nston/transports/console.js:87:23)

    console.log
      2025-12-22 13:28:57 [[31merror[39m]: No valid 
license available

      at Console.write [as log] (node_modules/winston/lib/wi
nston/transports/console.js:87:23)

    console.log
      2025-12-22 13:28:57 [[31merror[39m]: No valid 
license available

      at Console.write [as log] (node_modules/winston/lib/wi
nston/transports/console.js:87:23)

    console.log
      2025-12-22 13:28:57 [[31merror[39m]: No valid 
license available

      at Console.write [as log] (node_modules/winston/lib/wi
nston/transports/console.js:87:23)

    console.log
      2025-12-22 13:28:57 [[31merror[39m]: License file 
not found {
        "path": 
"D:\\Work\\HR-SM\\test-licenses\\nonexistent\\i.json"
      }

      at Console.write [as log] (node_modules/winston/lib/wi
nston/transports/console.js:87:23)

    console.log
      2025-12-22 13:28:57 [[31merror[39m]: No valid 
license available

      at Console.write [as log] (node_modules/winston/lib/wi
nston/transports/console.js:87:23)

    console.log
      2025-12-22 13:28:57 [[31merror[39m]: No valid 
license available

      at Console.write [as log] (node_modules/winston/lib/wi
nston/transports/console.js:87:23)

    console.log
      2025-12-22 13:28:57 [[31merror[39m]: No valid 
license available

      at Console.write [as log] (node_modules/winston/lib/wi
nston/transports/console.js:87:23)

    console.log
      2025-12-22 13:28:57 [[31merror[39m]: No valid 
license available

      at Console.write [as log] (node_modules/winston/lib/wi
nston/transports/console.js:87:23)

    console.log
      2025-12-22 13:28:57 [[31merror[39m]: License file 
not found {
        "path": 
"D:\\Work\\HR-SM\\test-licenses\\nonexistent\\ASz3JQ.json"
      }

      at Console.write [as log] (node_modules/winston/lib/wi
nston/transports/console.js:87:23)

    console.log
      2025-12-22 13:28:57 [[31merror[39m]: No valid 
license available

      at Console.write [as log] (node_modules/winston/lib/wi
nston/transports/console.js:87:23)

    console.log
      2025-12-22 13:28:57 [[31merror[39m]: No valid 
license available

      at Console.write [as log] (node_modules/winston/lib/wi
nston/transports/console.js:87:23)

    console.log
      2025-12-22 13:28:57 [[31merror[39m]: No valid 
license available

      at Console.write [as log] (node_modules/winston/lib/wi
nston/transports/console.js:87:23)

    console.log
      2025-12-22 13:28:57 [[31merror[39m]: No valid 
license available

      at Console.write [as log] (node_modules/winston/lib/wi
nston/transports/console.js:87:23)

    console.log
      2025-12-22 13:28:57 [[31merror[39m]: License file 
not found {
        "path": 
"D:\\Work\\HR-SM\\test-licenses\\nonexistent\\zbyfYx.json"
      }

      at Console.write [as log] (node_modules/winston/lib/wi
nston/transports/console.js:87:23)

    console.log
      2025-12-22 13:28:57 [[31merror[39m]: No valid 
license available

      at Console.write [as log] (node_modules/winston/lib/wi
nston/transports/console.js:87:23)

    console.log
      2025-12-22 13:28:57 [[31merror[39m]: No valid 
license available

      at Console.write [as log] (node_modules/winston/lib/wi
nston/transports/console.js:87:23)

    console.log
      2025-12-22 13:28:57 [[31merror[39m]: No valid 
license available

      at Console.write [as log] (node_modules/winston/lib/wi
nston/transports/console.js:87:23)

    console.log
      2025-12-22 13:28:57 [[31merror[39m]: No valid 
license available

      at Console.write [as log] (node_modules/winston/lib/wi
nston/transports/console.js:87:23)

    console.log
      2025-12-22 13:28:57 [[31merror[39m]: License file 
not found {
        "path": 
"D:\\Work\\HR-SM\\test-licenses\\nonexistent\\mx.json"
      }

      at Console.write [as log] (node_modules/winston/lib/wi
nston/transports/console.js:87:23)

    console.log
      2025-12-22 13:28:57 [[31merror[39m]: No valid 
license available

      at Console.write [as log] (node_modules/winston/lib/wi
nston/transports/console.js:87:23)

    console.log
      2025-12-22 13:28:57 [[31merror[39m]: No valid 
license available

      at Console.write [as log] (node_modules/winston/lib/wi
nston/transports/console.js:87:23)

    console.log
      2025-12-22 13:28:57 [[31merror[39m]: No valid 
license available

      at Console.write [as log] (node_modules/winston/lib/wi
nston/transports/console.js:87:23)

    console.log
      2025-12-22 13:28:57 [[31merror[39m]: No valid 
license available

      at Console.write [as log] (node_modules/winston/lib/wi
nston/transports/console.js:87:23)

    console.log
      2025-12-22 13:28:57 [[31merror[39m]: License file 
not found {
        "path": 
"D:\\Work\\HR-SM\\test-licenses\\nonexistent\\kl-TNm5.json"
      }

      at Console.write [as log] (node_modules/winston/lib/wi
nston/transports/console.js:87:23)

    console.log
      2025-12-22 13:28:57 [[31merror[39m]: No valid 
license available

      at Console.write [as log] (node_modules/winston/lib/wi
nston/transports/console.js:87:23)

    console.log
      2025-12-22 13:28:57 [[31merror[39m]: No valid 
license available

      at Console.write [as log] (node_modules/winston/lib/wi
nston/transports/console.js:87:23)

    console.log
      2025-12-22 13:28:57 [[31merror[39m]: No valid 
license available

      at Console.write [as log] (node_modules/winston/lib/wi
nston/transports/console.js:87:23)

    console.log
      2025-12-22 13:28:57 [[31merror[39m]: No valid 
license available

      at Console.write [as log] (node_modules/winston/lib/wi
nston/transports/console.js:87:23)

    console.log
      2025-12-22 13:28:57 [[31merror[39m]: License file 
not found {
        "path": 
"D:\\Work\\HR-SM\\test-licenses\\nonexistent\\w7MP0Z7F.json"
      }

      at Console.write [as log] (node_modules/winston/lib/wi
nston/transports/console.js:87:23)

    console.log
      2025-12-22 13:28:57 [[31merror[39m]: No valid 
license available

      at Console.write [as log] (node_modules/winston/lib/wi
nston/transports/console.js:87:23)

    console.log
      2025-12-22 13:28:57 [[31merror[39m]: No valid 
license available

      at Console.write [as log] (node_modules/winston/lib/wi
nston/transports/console.js:87:23)

    console.log
      2025-12-22 13:28:57 [[31merror[39m]: No valid 
license available

      at Console.write [as log] (node_modules/winston/lib/wi
nston/transports/console.js:87:23)

    console.log
      2025-12-22 13:28:57 [[31merror[39m]: No valid 
license available

      at Console.write [as log] (node_modules/winston/lib/wi
nston/transports/console.js:87:23)

    console.log
      2025-12-22 13:28:57 [[31merror[39m]: License file 
not found {
        "path": 
"D:\\Work\\HR-SM\\test-licenses\\nonexistent\\y4xXy.json"
      }

      at Console.write [as log] (node_modules/winston/lib/wi
nston/transports/console.js:87:23)

    console.log
      2025-12-22 13:28:57 [[31merror[39m]: No valid 
license available

      at Console.write [as log] (node_modules/winston/lib/wi
nston/transports/console.js:87:23)

    console.log
      2025-12-22 13:28:57 [[31merror[39m]: No valid 
license available

      at Console.write [as log] (node_modules/winston/lib/wi
nston/transports/console.js:87:23)

    console.log
      2025-12-22 13:28:57 [[31merror[39m]: No valid 
license available

      at Console.write [as log] (node_modules/winston/lib/wi
nston/transports/console.js:87:23)

    console.log
      2025-12-22 13:28:57 [[31merror[39m]: No valid 
license available

      at Console.write [as log] (node_modules/winston/lib/wi
nston/transports/console.js:87:23)

    console.log
      2025-12-22 13:28:57 [[31merror[39m]: License file 
not found {
        "path": 
"D:\\Work\\HR-SM\\test-licenses\\nonexistent\\cXC9.json"
      }

      at Console.write [as log] (node_modules/winston/lib/wi
nston/transports/console.js:87:23)

    console.log
      2025-12-22 13:28:57 [[31merror[39m]: No valid 
license available

      at Console.write [as log] (node_modules/winston/lib/wi
nston/transports/console.js:87:23)

    console.log
      2025-12-22 13:28:57 [[31merror[39m]: No valid 
license available

      at Console.write [as log] (node_modules/winston/lib/wi
nston/transports/console.js:87:23)

    console.log
      2025-12-22 13:28:57 [[31merror[39m]: No valid 
license available

      at Console.write [as log] (node_modules/winston/lib/wi
nston/transports/console.js:87:23)

    console.log
      2025-12-22 13:28:57 [[31merror[39m]: No valid 
license available

      at Console.write [as log] (node_modules/winston/lib/wi
nston/transports/console.js:87:23)

    console.log
      2025-12-22 13:28:57 [[31merror[39m]: License file 
not found {
        "path": 
"D:\\Work\\HR-SM\\test-licenses\\nonexistent\\7Nv5.json"
      }

      at Console.write [as log] (node_modules/winston/lib/wi
nston/transports/console.js:87:23)

    console.log
      2025-12-22 13:28:57 [[31merror[39m]: No valid 
license available

      at Console.write [as log] (node_modules/winston/lib/wi
nston/transports/console.js:87:23)

    console.log
      2025-12-22 13:28:57 [[31merror[39m]: No valid 
license available

      at Console.write [as log] (node_modules/winston/lib/wi
nston/transports/console.js:87:23)

    console.log
      2025-12-22 13:28:57 [[31merror[39m]: No valid 
license available

      at Console.write [as log] (node_modules/winston/lib/wi
nston/transports/console.js:87:23)

    console.log
      2025-12-22 13:28:57 [[31merror[39m]: No valid 
license available

      at Console.write [as log] (node_modules/winston/lib/wi
nston/transports/console.js:87:23)

    console.log
      2025-12-22 13:28:57 [[31merror[39m]: License file 
not found {
        "path": "D:\\Work\\HR-SM\\test-licenses\\nonexistent
\\Ny-Qc_NW_FhUnwoq.json"
      }

      at Console.write [as log] (node_modules/winston/lib/wi
nston/transports/console.js:87:23)

    console.log
      2025-12-22 13:28:57 [[31merror[39m]: No valid 
license available

      at Console.write [as log] (node_modules/winston/lib/wi
nston/transports/console.js:87:23)

    console.log
      2025-12-22 13:28:57 [[31merror[39m]: No valid 
license available

      at Console.write [as log] (node_modules/winston/lib/wi
nston/transports/console.js:87:23)

    console.log
      2025-12-22 13:28:57 [[31merror[39m]: No valid 
license available

      at Console.write [as log] (node_modules/winston/lib/wi
nston/transports/console.js:87:23)

    console.log
      2025-12-22 13:28:57 [[31merror[39m]: No valid 
license available

      at Console.write [as log] (node_modules/winston/lib/wi
nston/transports/console.js:87:23)

    console.log
      2025-12-22 13:28:57 [[31merror[39m]: License file 
not found {
        "path": "D:\\Work\\HR-SM\\test-licenses\\nonexistent
\\6yufC8bECTRl.json"
      }

      at Console.write [as log] (node_modules/winston/lib/wi
nston/transports/console.js:87:23)

    console.log
      2025-12-22 13:28:57 [[31merror[39m]: No valid 
license available

      at Console.write [as log] (node_modules/winston/lib/wi
nston/transports/console.js:87:23)

    console.log
      2025-12-22 13:28:57 [[31merror[39m]: No valid 
license available

      at Console.write [as log] (node_modules/winston/lib/wi
nston/transports/console.js:87:23)

    console.log
      2025-12-22 13:28:57 [[31merror[39m]: No valid 
license available

      at Console.write [as log] (node_modules/winston/lib/wi
nston/transports/console.js:87:23)

    console.log
      2025-12-22 13:28:57 [[31merror[39m]: No valid 
license available

      at Console.write [as log] (node_modules/winston/lib/wi
nston/transports/console.js:87:23)

    console.log
      2025-12-22 13:28:57 [[31merror[39m]: License file 
not found {
        "path": 
"D:\\Work\\HR-SM\\test-licenses\\nonexistent\\4i8p.json"
      }

      at Console.write [as log] (node_modules/winston/lib/wi
nston/transports/console.js:87:23)

    console.log
      2025-12-22 13:28:57 [[31merror[39m]: No valid 
license available

      at Console.write [as log] (node_modules/winston/lib/wi
nston/transports/console.js:87:23)

    console.log
      2025-12-22 13:28:57 [[31merror[39m]: No valid 
license available

      at Console.write [as log] (node_modules/winston/lib/wi
nston/transports/console.js:87:23)

    console.log
      2025-12-22 13:28:57 [[31merror[39m]: No valid 
license available

      at Console.write [as log] (node_modules/winston/lib/wi
nston/transports/console.js:87:23)

    console.log
      2025-12-22 13:28:57 [[31merror[39m]: No valid 
license available

      at Console.write [as log] (node_modules/winston/lib/wi
nston/transports/console.js:87:23)

    console.log
      2025-12-22 13:28:57 [[31merror[39m]: License file 
not found {
        "path": 
"D:\\Work\\HR-SM\\test-licenses\\nonexistent\\CLEDVOS7.json"
      }

      at Console.write [as log] (node_modules/winston/lib/wi
nston/transports/console.js:87:23)

    console.log
      2025-12-22 13:28:57 [[31merror[39m]: No valid 
license available

      at Console.write [as log] (node_modules/winston/lib/wi
nston/transports/console.js:87:23)

    console.log
      2025-12-22 13:28:57 [[31merror[39m]: No valid 
license available

      at Console.write [as log] (node_modules/winston/lib/wi
nston/transports/console.js:87:23)

    console.log
      2025-12-22 13:28:57 [[31merror[39m]: No valid 
license available

      at Console.write [as log] (node_modules/winston/lib/wi
nston/transports/console.js:87:23)

    console.log
      2025-12-22 13:28:57 [[31merror[39m]: No valid 
license available

      at Console.write [as log] (node_modules/winston/lib/wi
nston/transports/console.js:87:23)

    console.log
      2025-12-22 13:28:57 [[31merror[39m]: License file 
not found {
        "path": 
"D:\\Work\\HR-SM\\test-licenses\\nonexistent\\Iw.json"
      }

      at Console.write [as log] (node_modules/winston/lib/wi
nston/transports/console.js:87:23)

    console.log
      2025-12-22 13:28:57 [[31merror[39m]: No valid 
license available

      at Console.write [as log] (node_modules/winston/lib/wi
nston/transports/console.js:87:23)

    console.log
      2025-12-22 13:28:57 [[31merror[39m]: No valid 
license available

      at Console.write [as log] (node_modules/winston/lib/wi
nston/transports/console.js:87:23)

    console.log
      2025-12-22 13:28:57 [[31merror[39m]: No valid 
license available

      at Console.write [as log] (node_modules/winston/lib/wi
nston/transports/console.js:87:23)

    console.log
      2025-12-22 13:28:57 [[31merror[39m]: No valid 
license available

      at Console.write [as log] (node_modules/winston/lib/wi
nston/transports/console.js:87:23)

    console.log
      2025-12-22 13:28:57 [[31merror[39m]: License file 
not found {
        "path": "D:\\Work\\HR-SM\\test-licenses\\nonexistent
\\0e3wpAA1az_.json"
      }

      at Console.write [as log] (node_modules/winston/lib/wi
nston/transports/console.js:87:23)

    console.log
      2025-12-22 13:28:57 [[31merror[39m]: No valid 
license available

      at Console.write [as log] (node_modules/winston/lib/wi
nston/transports/console.js:87:23)

    console.log
      2025-12-22 13:28:57 [[31merror[39m]: No valid 
license available

      at Console.write [as log] (node_modules/winston/lib/wi
nston/transports/console.js:87:23)

    console.log
      2025-12-22 13:28:57 [[31merror[39m]: No valid 
license available

      at Console.write [as log] (node_modules/winston/lib/wi
nston/transports/console.js:87:23)

    console.log
      2025-12-22 13:28:57 [[31merror[39m]: No valid 
license available

      at Console.write [as log] (node_modules/winston/lib/wi
nston/transports/console.js:87:23)

    console.log
      2025-12-22 13:28:57 [[31merror[39m]: License file 
not found {
        "path": "D:\\Work\\HR-SM\\test-licenses\\nonexistent
\\0hasOwnPropert.json"
      }

      at Console.write [as log] (node_modules/winston/lib/wi
nston/transports/console.js:87:23)

    console.log
      2025-12-22 13:28:57 [[31merror[39m]: No valid 
license available

      at Console.write [as log] (node_modules/winston/lib/wi
nston/transports/console.js:87:23)

    console.log
      2025-12-22 13:28:57 [[31merror[39m]: No valid 
license available

      at Console.write [as log] (node_modules/winston/lib/wi
nston/transports/console.js:87:23)

    console.log
      2025-12-22 13:28:57 [[31merror[39m]: No valid 
license available

      at Console.write [as log] (node_modules/winston/lib/wi
nston/transports/console.js:87:23)

    console.log
      2025-12-22 13:28:57 [[31merror[39m]: No valid 
license available

      at Console.write [as log] (node_modules/winston/lib/wi
nston/transports/console.js:87:23)

    console.log
      2025-12-22 13:28:57 [[31merror[39m]: License file 
not found {
        "path": "D:\\Work\\HR-SM\\test-licenses\\nonexistent
\\NfYyWz15kt.json"
      }

      at Console.write [as log] (node_modules/winston/lib/wi
nston/transports/console.js:87:23)

    console.log
      2025-12-22 13:28:57 [[31merror[39m]: No valid 
license available

      at Console.write [as log] (node_modules/winston/lib/wi
nston/transports/console.js:87:23)

    console.log
      2025-12-22 13:28:57 [[31merror[39m]: No valid 
license available

      at Console.write [as log] (node_modules/winston/lib/wi
nston/transports/console.js:87:23)

    console.log
      2025-12-22 13:28:57 [[31merror[39m]: No valid 
license available

      at Console.write [as log] (node_modules/winston/lib/wi
nston/transports/console.js:87:23)

    console.log
      2025-12-22 13:28:57 [[31merror[39m]: No valid 
license available

      at Console.write [as log] (node_modules/winston/lib/wi
nston/transports/console.js:87:23)

    console.log
      2025-12-22 13:28:57 [[31merror[39m]: License file 
not found {
        "path": 
"D:\\Work\\HR-SM\\test-licenses\\nonexistent\\i2U.json"
      }

      at Console.write [as log] (node_modules/winston/lib/wi
nston/transports/console.js:87:23)

    console.log
      2025-12-22 13:28:57 [[31merror[39m]: No valid 
license available

      at Console.write [as log] (node_modules/winston/lib/wi
nston/transports/console.js:87:23)

    console.log
      2025-12-22 13:28:57 [[31merror[39m]: No valid 
license available

      at Console.write [as log] (node_modules/winston/lib/wi
nston/transports/console.js:87:23)

    console.log
      2025-12-22 13:28:57 [[31merror[39m]: No valid 
license available

      at Console.write [as log] (node_modules/winston/lib/wi
nston/transports/console.js:87:23)

    console.log
      2025-12-22 13:28:57 [[31merror[39m]: No valid 
license available

      at Console.write [as log] (node_modules/winston/lib/wi
nston/transports/console.js:87:23)

    console.log
      2025-12-22 13:28:57 [[31merror[39m]: License file 
not found {
        "path": "D:\\Work\\HR-SM\\test-licenses\\nonexistent
\\3zD_4sfKfOF.json"
      }

      at Console.write [as log] (node_modules/winston/lib/wi
nston/transports/console.js:87:23)

    console.log
      2025-12-22 13:28:57 [[31merror[39m]: No valid 
license available

      at Console.write [as log] (node_modules/winston/lib/wi
nston/transports/console.js:87:23)

    console.log
      2025-12-22 13:28:57 [[31merror[39m]: No valid 
license available

      at Console.write [as log] (node_modules/winston/lib/wi
nston/transports/console.js:87:23)

    console.log
      2025-12-22 13:28:57 [[31merror[39m]: No valid 
license available

      at Console.write [as log] (node_modules/winston/lib/wi
nston/transports/console.js:87:23)

    console.log
      2025-12-22 13:28:57 [[31merror[39m]: No valid 
license available

      at Console.write [as log] (node_modules/winston/lib/wi
nston/transports/console.js:87:23)

    console.log
      2025-12-22 13:28:57 [[31merror[39m]: License file 
not found {
        "path": "D:\\Work\\HR-SM\\test-licenses\\nonexistent
\\fEBO66YGo5.json"
      }

      at Console.write [as log] (node_modules/winston/lib/wi
nston/transports/console.js:87:23)

    console.log
      2025-12-22 13:28:57 [[31merror[39m]: No valid 
license available

      at Console.write [as log] (node_modules/winston/lib/wi
nston/transports/console.js:87:23)

    console.log
      2025-12-22 13:28:57 [[31merror[39m]: No valid 
license available

      at Console.write [as log] (node_modules/winston/lib/wi
nston/transports/console.js:87:23)

    console.log
      2025-12-22 13:28:57 [[31merror[39m]: No valid 
license available

      at Console.write [as log] (node_modules/winston/lib/wi
nston/transports/console.js:87:23)

    console.log
      2025-12-22 13:28:57 [[31merror[39m]: No valid 
license available

      at Console.write [as log] (node_modules/winston/lib/wi
nston/transports/console.js:87:23)

    console.log
      2025-12-22 13:28:57 [[31merror[39m]: License file 
not found {
        "path": 
"D:\\Work\\HR-SM\\test-licenses\\nonexistent\\Io8cpUEt.json"
      }

      at Console.write [as log] (node_modules/winston/lib/wi
nston/transports/console.js:87:23)

    console.log
      2025-12-22 13:28:57 [[31merror[39m]: No valid 
license available

      at Console.write [as log] (node_modules/winston/lib/wi
nston/transports/console.js:87:23)

    console.log
      2025-12-22 13:28:57 [[31merror[39m]: No valid 
license available

      at Console.write [as log] (node_modules/winston/lib/wi
nston/transports/console.js:87:23)

    console.log
      2025-12-22 13:28:57 [[31merror[39m]: No valid 
license available

      at Console.write [as log] (node_modules/winston/lib/wi
nston/transports/console.js:87:23)

    console.log
      2025-12-22 13:28:57 [[31merror[39m]: No valid 
license available

      at Console.write [as log] (node_modules/winston/lib/wi
nston/transports/console.js:87:23)

    console.log
      2025-12-22 13:28:57 [[31merror[39m]: License file 
not found {
        "path": 
"D:\\Work\\HR-SM\\test-licenses\\nonexistent\\D1CpQhpc.json"
      }

      at Console.write [as log] (node_modules/winston/lib/wi
nston/transports/console.js:87:23)

    console.log
      2025-12-22 13:28:57 [[31merror[39m]: No valid 
license available

      at Console.write [as log] (node_modules/winston/lib/wi
nston/transports/console.js:87:23)

    console.log
      2025-12-22 13:28:57 [[31merror[39m]: No valid 
license available

      at Console.write [as log] (node_modules/winston/lib/wi
nston/transports/console.js:87:23)

    console.log
      2025-12-22 13:28:57 [[31merror[39m]: No valid 
license available

      at Console.write [as log] (node_modules/winston/lib/wi
nston/transports/console.js:87:23)

    console.log
      2025-12-22 13:28:57 [[31merror[39m]: No valid 
license available

      at Console.write [as log] (node_modules/winston/lib/wi
nston/transports/console.js:87:23)

    console.log
      2025-12-22 13:28:57 [[31merror[39m]: License file 
not found {
        "path": 
"D:\\Work\\HR-SM\\test-licenses\\nonexistent\\UF.json"
      }

      at Console.write [as log] (node_modules/winston/lib/wi
nston/transports/console.js:87:23)

    console.log
      2025-12-22 13:28:57 [[31merror[39m]: No valid 
license available

      at Console.write [as log] (node_modules/winston/lib/wi
nston/transports/console.js:87:23)

    console.log
      2025-12-22 13:28:57 [[31merror[39m]: No valid 
license available

      at Console.write [as log] (node_modules/winston/lib/wi
nston/transports/console.js:87:23)

    console.log
      2025-12-22 13:28:57 [[31merror[39m]: No valid 
license available

      at Console.write [as log] (node_modules/winston/lib/wi
nston/transports/console.js:87:23)

    console.log
      2025-12-22 13:28:57 [[31merror[39m]: No valid 
license available

      at Console.write [as log] (node_modules/winston/lib/wi
nston/transports/console.js:87:23)

    console.log
      2025-12-22 13:28:57 [[31merror[39m]: License file 
not found {
        "path": 
"D:\\Work\\HR-SM\\test-licenses\\nonexistent\\4I4R5W.json"
      }

      at Console.write [as log] (node_modules/winston/lib/wi
nston/transports/console.js:87:23)

    console.log
      2025-12-22 13:28:57 [[31merror[39m]: No valid 
license available

      at Console.write [as log] (node_modules/winston/lib/wi
nston/transports/console.js:87:23)

    console.log
      2025-12-22 13:28:57 [[31merror[39m]: No valid 
license available

      at Console.write [as log] (node_modules/winston/lib/wi
nston/transports/console.js:87:23)

    console.log
      2025-12-22 13:28:57 [[31merror[39m]: No valid 
license available

      at Console.write [as log] (node_modules/winston/lib/wi
nston/transports/console.js:87:23)

    console.log
      2025-12-22 13:28:57 [[31merror[39m]: No valid 
license available

      at Console.write [as log] (node_modules/winston/lib/wi
nston/transports/console.js:87:23)

    console.log
      2025-12-22 13:28:57 [[31merror[39m]: License file 
not found {
        "path": "D:\\Work\\HR-SM\\test-licenses\\nonexistent
\\VbgU1nkCqq.json"
      }

      at Console.write [as log] (node_modules/winston/lib/wi
nston/transports/console.js:87:23)

    console.log
      2025-12-22 13:28:57 [[31merror[39m]: No valid 
license available

      at Console.write [as log] (node_modules/winston/lib/wi
nston/transports/console.js:87:23)

    console.log
      2025-12-22 13:28:57 [[31merror[39m]: No valid 
license available

      at Console.write [as log] (node_modules/winston/lib/wi
nston/transports/console.js:87:23)

    console.log
      2025-12-22 13:28:57 [[31merror[39m]: No valid 
license available

      at Console.write [as log] (node_modules/winston/lib/wi
nston/transports/console.js:87:23)

    console.log
      2025-12-22 13:28:57 [[31merror[39m]: No valid 
license available

      at Console.write [as log] (node_modules/winston/lib/wi
nston/transports/console.js:87:23)

    console.log
      2025-12-22 13:28:57 [[31merror[39m]: License file 
not found {
        "path": "D:\\Work\\HR-SM\\test-licenses\\nonexistent
\\pj0IsBf1ogNunqt.json"
      }

      at Console.write [as log] (node_modules/winston/lib/wi
nston/transports/console.js:87:23)

    console.log
      2025-12-22 13:28:57 [[31merror[39m]: No valid 
license available

      at Console.write [as log] (node_modules/winston/lib/wi
nston/transports/console.js:87:23)

    console.log
      2025-12-22 13:28:57 [[31merror[39m]: No valid 
license available

      at Console.write [as log] (node_modules/winston/lib/wi
nston/transports/console.js:87:23)

    console.log
      2025-12-22 13:28:57 [[31merror[39m]: No valid 
license available

      at Console.write [as log] (node_modules/winston/lib/wi
nston/transports/console.js:87:23)

    console.log
      2025-12-22 13:28:57 [[31merror[39m]: No valid 
license available

      at Console.write [as log] (node_modules/winston/lib/wi
nston/transports/console.js:87:23)

    console.log
      2025-12-22 13:28:57 [[31merror[39m]: License file 
not found {
        "path": 
"D:\\Work\\HR-SM\\test-licenses\\nonexistent\\Ilf.json"
      }

      at Console.write [as log] (node_modules/winston/lib/wi
nston/transports/console.js:87:23)

    console.log
      2025-12-22 13:28:57 [[31merror[39m]: No valid 
license available

      at Console.write [as log] (node_modules/winston/lib/wi
nston/transports/console.js:87:23)

    console.log
      2025-12-22 13:28:57 [[31merror[39m]: No valid 
license available

      at Console.write [as log] (node_modules/winston/lib/wi
nston/transports/console.js:87:23)

    console.log
      2025-12-22 13:28:57 [[31merror[39m]: No valid 
license available

      at Console.write [as log] (node_modules/winston/lib/wi
nston/transports/console.js:87:23)

    console.log
      2025-12-22 13:28:57 [[31merror[39m]: No valid 
license available

      at Console.write [as log] (node_modules/winston/lib/wi
nston/transports/console.js:87:23)

    console.log
      2025-12-22 13:28:57 [[31merror[39m]: License file 
not found {
        "path": 
"D:\\Work\\HR-SM\\test-licenses\\nonexistent\\y.json"
      }

      at Console.write [as log] (node_modules/winston/lib/wi
nston/transports/console.js:87:23)

    console.log
      2025-12-22 13:28:57 [[31merror[39m]: No valid 
license available

      at Console.write [as log] (node_modules/winston/lib/wi
nston/transports/console.js:87:23)

    console.log
      2025-12-22 13:28:57 [[31merror[39m]: No valid 
license available

      at Console.write [as log] (node_modules/winston/lib/wi
nston/transports/console.js:87:23)

    console.log
      2025-12-22 13:28:57 [[31merror[39m]: No valid 
license available

      at Console.write [as log] (node_modules/winston/lib/wi
nston/transports/console.js:87:23)

    console.log
      2025-12-22 13:28:57 [[31merror[39m]: No valid 
license available

      at Console.write [as log] (node_modules/winston/lib/wi
nston/transports/console.js:87:23)

    console.log
      2025-12-22 13:28:57 [[31merror[39m]: License file 
not found {
        "path": "D:\\Work\\HR-SM\\test-licenses\\nonexistent
\\pSetapplyoG.json"
      }

      at Console.write [as log] (node_modules/winston/lib/wi
nston/transports/console.js:87:23)

    console.log
      2025-12-22 13:28:57 [[31merror[39m]: No valid 
license available

      at Console.write [as log] (node_modules/winston/lib/wi
nston/transports/console.js:87:23)

    console.log
      2025-12-22 13:28:57 [[31merror[39m]: No valid 
license available

      at Console.write [as log] (node_modules/winston/lib/wi
nston/transports/console.js:87:23)

    console.log
      2025-12-22 13:28:57 [[31merror[39m]: No valid 
license available

      at Console.write [as log] (node_modules/winston/lib/wi
nston/transports/console.js:87:23)

    console.log
      2025-12-22 13:28:57 [[31merror[39m]: No valid 
license available

      at Console.write [as log] (node_modules/winston/lib/wi
nston/transports/console.js:87:23)

    console.log
      2025-12-22 13:28:57 [[31merror[39m]: License file 
not found {
        "path": 
"D:\\Work\\HR-SM\\test-licenses\\nonexistent\\xcAzgL.json"
      }

      at Console.write [as log] (node_modules/winston/lib/wi
nston/transports/console.js:87:23)

    console.log
      2025-12-22 13:28:57 [[31merror[39m]: No valid 
license available

      at Console.write [as log] (node_modules/winston/lib/wi
nston/transports/console.js:87:23)

    console.log
      2025-12-22 13:28:57 [[31merror[39m]: No valid 
license available

      at Console.write [as log] (node_modules/winston/lib/wi
nston/transports/console.js:87:23)

    console.log
      2025-12-22 13:28:57 [[31merror[39m]: No valid 
license available

      at Console.write [as log] (node_modules/winston/lib/wi
nston/transports/console.js:87:23)

    console.log
      2025-12-22 13:28:57 [[31merror[39m]: No valid 
license available

      at Console.write [as log] (node_modules/winston/lib/wi
nston/transports/console.js:87:23)

    console.log
      2025-12-22 13:28:57 [[31merror[39m]: License file 
not found {
        "path": "D:\\Work\\HR-SM\\test-licenses\\nonexistent
\\M0Li_uPIXkGS_.json"
      }

      at Console.write [as log] (node_modules/winston/lib/wi
nston/transports/console.js:87:23)

    console.log
      2025-12-22 13:28:57 [[31merror[39m]: No valid 
license available

      at Console.write [as log] (node_modules/winston/lib/wi
nston/transports/console.js:87:23)

    console.log
      2025-12-22 13:28:57 [[31merror[39m]: No valid 
license available

      at Console.write [as log] (node_modules/winston/lib/wi
nston/transports/console.js:87:23)

    console.log
      2025-12-22 13:28:57 [[31merror[39m]: No valid 
license available

      at Console.write [as log] (node_modules/winston/lib/wi
nston/transports/console.js:87:23)

    console.log
      2025-12-22 13:28:57 [[31merror[39m]: No valid 
license available

      at Console.write [as log] (node_modules/winston/lib/wi
nston/transports/console.js:87:23)

    console.log
      2025-12-22 13:28:57 [[31merror[39m]: License file 
not found {
        "path": 
"D:\\Work\\HR-SM\\test-licenses\\nonexistent\\Gfnqe8.json"
      }

      at Console.write [as log] (node_modules/winston/lib/wi
nston/transports/console.js:87:23)

    console.log
      2025-12-22 13:28:57 [[31merror[39m]: No valid 
license available

      at Console.write [as log] (node_modules/winston/lib/wi
nston/transports/console.js:87:23)

    console.log
      2025-12-22 13:28:57 [[31merror[39m]: No valid 
license available

      at Console.write [as log] (node_modules/winston/lib/wi
nston/transports/console.js:87:23)

    console.log
      2025-12-22 13:28:57 [[31merror[39m]: No valid 
license available

      at Console.write [as log] (node_modules/winston/lib/wi
nston/transports/console.js:87:23)

    console.log
      2025-12-22 13:28:57 [[31merror[39m]: No valid 
license available

      at Console.write [as log] (node_modules/winston/lib/wi
nston/transports/console.js:87:23)

    console.log
      2025-12-22 13:28:57 [[31merror[39m]: License file 
not found {
        "path": "D:\\Work\\HR-SM\\test-licenses\\nonexistent
\\FvzZySoJr.json"
      }

      at Console.write [as log] (node_modules/winston/lib/wi
nston/transports/console.js:87:23)

    console.log
      2025-12-22 13:28:57 [[31merror[39m]: No valid 
license available

      at Console.write [as log] (node_modules/winston/lib/wi
nston/transports/console.js:87:23)

    console.log
      2025-12-22 13:28:57 [[31merror[39m]: No valid 
license available

      at Console.write [as log] (node_modules/winston/lib/wi
nston/transports/console.js:87:23)

    console.log
      2025-12-22 13:28:57 [[31merror[39m]: No valid 
license available

      at Console.write [as log] (node_modules/winston/lib/wi
nston/transports/console.js:87:23)

    console.log
      2025-12-22 13:28:57 [[31merror[39m]: No valid 
license available

      at Console.write [as log] (node_modules/winston/lib/wi
nston/transports/console.js:87:23)

    console.log
      2025-12-22 13:28:57 [[31merror[39m]: License file 
not found {
        "path": "D:\\Work\\HR-SM\\test-licenses\\nonexistent
\\vJ5E3EzuA4.json"
      }

      at Console.write [as log] (node_modules/winston/lib/wi
nston/transports/console.js:87:23)

    console.log
      2025-12-22 13:28:57 [[31merror[39m]: No valid 
license available

      at Console.write [as log] (node_modules/winston/lib/wi
nston/transports/console.js:87:23)

    console.log
      2025-12-22 13:28:57 [[31merror[39m]: No valid 
license available

      at Console.write [as log] (node_modules/winston/lib/wi
nston/transports/console.js:87:23)

    console.log
      2025-12-22 13:28:57 [[31merror[39m]: No valid 
license available

      at Console.write [as log] (node_modules/winston/lib/wi
nston/transports/console.js:87:23)

    console.log
      2025-12-22 13:28:57 [[31merror[39m]: No valid 
license available

      at Console.write [as log] (node_modules/winston/lib/wi
nston/transports/console.js:87:23)

    console.log
      2025-12-22 13:28:57 [[31merror[39m]: License file 
not found {
        "path": "D:\\Work\\HR-SM\\test-licenses\\nonexistent
\\7a9F9XH4YBx_EH.json"
      }

      at Console.write [as log] (node_modules/winston/lib/wi
nston/transports/console.js:87:23)

    console.log
      2025-12-22 13:28:57 [[31merror[39m]: No valid 
license available

      at Console.write [as log] (node_modules/winston/lib/wi
nston/transports/console.js:87:23)

    console.log
      2025-12-22 13:28:57 [[31merror[39m]: No valid 
license available

      at Console.write [as log] (node_modules/winston/lib/wi
nston/transports/console.js:87:23)

    console.log
      2025-12-22 13:28:57 [[31merror[39m]: No valid 
license available

      at Console.write [as log] (node_modules/winston/lib/wi
nston/transports/console.js:87:23)

    console.log
      2025-12-22 13:28:57 [[31merror[39m]: No valid 
license available

      at Console.write [as log] (node_modules/winston/lib/wi
nston/transports/console.js:87:23)

    console.log
      2025-12-22 13:28:57 [[31merror[39m]: License file 
not found {
        "path": 
"D:\\Work\\HR-SM\\test-licenses\\nonexistent\\ypdg.json"
      }

      at Console.write [as log] (node_modules/winston/lib/wi
nston/transports/console.js:87:23)

    console.log
      2025-12-22 13:28:57 [[31merror[39m]: No valid 
license available

      at Console.write [as log] (node_modules/winston/lib/wi
nston/transports/console.js:87:23)

    console.log
      2025-12-22 13:28:57 [[31merror[39m]: No valid 
license available

      at Console.write [as log] (node_modules/winston/lib/wi
nston/transports/console.js:87:23)

    console.log
      2025-12-22 13:28:57 [[31merror[39m]: No valid 
license available

      at Console.write [as log] (node_modules/winston/lib/wi
nston/transports/console.js:87:23)

    console.log
      2025-12-22 13:28:57 [[31merror[39m]: No valid 
license available

      at Console.write [as log] (node_modules/winston/lib/wi
nston/transports/console.js:87:23)

    console.log
      2025-12-22 13:28:57 [[31merror[39m]: License file 
not found {
        "path": 
"D:\\Work\\HR-SM\\test-licenses\\nonexistent\\2IU-I.json"
      }

      at Console.write [as log] (node_modules/winston/lib/wi
nston/transports/console.js:87:23)

    console.log
      2025-12-22 13:28:57 [[31merror[39m]: No valid 
license available

      at Console.write [as log] (node_modules/winston/lib/wi
nston/transports/console.js:87:23)

    console.log
      2025-12-22 13:28:57 [[31merror[39m]: No valid 
license available

      at Console.write [as log] (node_modules/winston/lib/wi
nston/transports/console.js:87:23)

    console.log
      2025-12-22 13:28:57 [[31merror[39m]: No valid 
license available

      at Console.write [as log] (node_modules/winston/lib/wi
nston/transports/console.js:87:23)

    console.log
      2025-12-22 13:28:57 [[31merror[39m]: No valid 
license available

      at Console.write [as log] (node_modules/winston/lib/wi
nston/transports/console.js:87:23)

    console.log
      2025-12-22 13:28:57 [[31merror[39m]: License file 
not found {
        "path": 
"D:\\Work\\HR-SM\\test-licenses\\nonexistent\\OisAZcQ.json"
      }

      at Console.write [as log] (node_modules/winston/lib/wi
nston/transports/console.js:87:23)

    console.log
      2025-12-22 13:28:57 [[31merror[39m]: No valid 
license available

      at Console.write [as log] (node_modules/winston/lib/wi
nston/transports/console.js:87:23)

    console.log
      2025-12-22 13:28:57 [[31merror[39m]: No valid 
license available

      at Console.write [as log] (node_modules/winston/lib/wi
nston/transports/console.js:87:23)

    console.log
      2025-12-22 13:28:57 [[31merror[39m]: No valid 
license available

      at Console.write [as log] (node_modules/winston/lib/wi
nston/transports/console.js:87:23)

    console.log
      2025-12-22 13:28:57 [[31merror[39m]: No valid 
license available

      at Console.write [as log] (node_modules/winston/lib/wi
nston/transports/console.js:87:23)

    console.log
      2025-12-22 13:28:57 [[31merror[39m]: License file 
not found {
        "path": 
"D:\\Work\\HR-SM\\test-licenses\\nonexistent\\8cE.json"
      }

      at Console.write [as log] (node_modules/winston/lib/wi
nston/transports/console.js:87:23)

    console.log
      2025-12-22 13:28:57 [[31merror[39m]: No valid 
license available

      at Console.write [as log] (node_modules/winston/lib/wi
nston/transports/console.js:87:23)

    console.log
      2025-12-22 13:28:57 [[31merror[39m]: No valid 
license available

      at Console.write [as log] (node_modules/winston/lib/wi
nston/transports/console.js:87:23)

    console.log
      2025-12-22 13:28:57 [[31merror[39m]: No valid 
license available

      at Console.write [as log] (node_modules/winston/lib/wi
nston/transports/console.js:87:23)

    console.log
      2025-12-22 13:28:57 [[31merror[39m]: No valid 
license available

      at Console.write [as log] (node_modules/winston/lib/wi
nston/transports/console.js:87:23)

    console.log
      2025-12-22 13:28:57 [[31merror[39m]: License file 
not found {
        "path": 
"D:\\Work\\HR-SM\\test-licenses\\nonexistent\\cv.json"
      }

      at Console.write [as log] (node_modules/winston/lib/wi
nston/transports/console.js:87:23)

    console.log
      2025-12-22 13:28:57 [[31merror[39m]: No valid 
license available

      at Console.write [as log] (node_modules/winston/lib/wi
nston/transports/console.js:87:23)

    console.log
      2025-12-22 13:28:57 [[31merror[39m]: No valid 
license available

      at Console.write [as log] (node_modules/winston/lib/wi
nston/transports/console.js:87:23)

    console.log
      2025-12-22 13:28:57 [[31merror[39m]: No valid 
license available

      at Console.write [as log] (node_modules/winston/lib/wi
nston/transports/console.js:87:23)

    console.log
      2025-12-22 13:28:57 [[31merror[39m]: No valid 
license available

      at Console.write [as log] (node_modules/winston/lib/wi
nston/transports/console.js:87:23)

    console.log
      2025-12-22 13:28:57 [[31merror[39m]: License file 
not found {
        "path": 
"D:\\Work\\HR-SM\\test-licenses\\nonexistent\\DE.json"
      }

      at Console.write [as log] (node_modules/winston/lib/wi
nston/transports/console.js:87:23)

    console.log
      2025-12-22 13:28:57 [[31merror[39m]: No valid 
license available

      at Console.write [as log] (node_modules/winston/lib/wi
nston/transports/console.js:87:23)

    console.log
      2025-12-22 13:28:57 [[31merror[39m]: No valid 
license available

      at Console.write [as log] (node_modules/winston/lib/wi
nston/transports/console.js:87:23)

    console.log
      2025-12-22 13:28:57 [[31merror[39m]: No valid 
license available

      at Console.write [as log] (node_modules/winston/lib/wi
nston/transports/console.js:87:23)

    console.log
      2025-12-22 13:28:57 [[31merror[39m]: No valid 
license available

      at Console.write [as log] (node_modules/winston/lib/wi
nston/transports/console.js:87:23)

    console.log
      2025-12-22 13:28:57 [[31merror[39m]: License file 
not found {
        "path": 
"D:\\Work\\HR-SM\\test-licenses\\nonexistent\\apply.json"
      }

      at Console.write [as log] (node_modules/winston/lib/wi
nston/transports/console.js:87:23)

    console.log
      2025-12-22 13:28:57 [[31merror[39m]: No valid 
license available

      at Console.write [as log] (node_modules/winston/lib/wi
nston/transports/console.js:87:23)

    console.log
      2025-12-22 13:28:57 [[31merror[39m]: No valid 
license available

      at Console.write [as log] (node_modules/winston/lib/wi
nston/transports/console.js:87:23)

    console.log
      2025-12-22 13:28:57 [[31merror[39m]: No valid 
license available

      at Console.write [as log] (node_modules/winston/lib/wi
nston/transports/console.js:87:23)

    console.log
      2025-12-22 13:28:57 [[31merror[39m]: No valid 
license available

      at Console.write [as log] (node_modules/winston/lib/wi
nston/transports/console.js:87:23)

    console.log
      2025-12-22 13:28:57 [[31merror[39m]: License file 
not found {
        "path": 
"D:\\Work\\HR-SM\\test-licenses\\nonexistent\\QtmuRT6g.json"
      }

      at Console.write [as log] (node_modules/winston/lib/wi
nston/transports/console.js:87:23)

    console.log
      2025-12-22 13:28:57 [[31merror[39m]: No valid 
license available

      at Console.write [as log] (node_modules/winston/lib/wi
nston/transports/console.js:87:23)

    console.log
      2025-12-22 13:28:57 [[31merror[39m]: No valid 
license available

      at Console.write [as log] (node_modules/winston/lib/wi
nston/transports/console.js:87:23)

    console.log
      2025-12-22 13:28:57 [[31merror[39m]: No valid 
license available

      at Console.write [as log] (node_modules/winston/lib/wi
nston/transports/console.js:87:23)

    console.log
      2025-12-22 13:28:57 [[31merror[39m]: No valid 
license available

      at Console.write [as log] (node_modules/winston/lib/wi
nston/transports/console.js:87:23)

    console.log
      2025-12-22 13:28:57 [[31merror[39m]: License file 
not found {
        "path": "D:\\Work\\HR-SM\\test-licenses\\nonexistent
\\ehxtGqjbi.json"
      }

      at Console.write [as log] (node_modules/winston/lib/wi
nston/transports/console.js:87:23)

    console.log
      2025-12-22 13:28:57 [[31merror[39m]: No valid 
license available

      at Console.write [as log] (node_modules/winston/lib/wi
nston/transports/console.js:87:23)

    console.log
      2025-12-22 13:28:57 [[31merror[39m]: No valid 
license available

      at Console.write [as log] (node_modules/winston/lib/wi
nston/transports/console.js:87:23)

    console.log
      2025-12-22 13:28:57 [[31merror[39m]: No valid 
license available

      at Console.write [as log] (node_modules/winston/lib/wi
nston/transports/console.js:87:23)

    console.log
      2025-12-22 13:28:57 [[31merror[39m]: No valid 
license available

      at Console.write [as log] (node_modules/winston/lib/wi
nston/transports/console.js:87:23)

    console.log
      2025-12-22 13:28:57 [[31merror[39m]: License file 
not found {
        "path": 
"D:\\Work\\HR-SM\\test-licenses\\nonexistent\\lX46d.json"
      }

      at Console.write [as log] (node_modules/winston/lib/wi
nston/transports/console.js:87:23)

    console.log
      2025-12-22 13:28:57 [[31merror[39m]: No valid 
license available

      at Console.write [as log] (node_modules/winston/lib/wi
nston/transports/console.js:87:23)

    console.log
      2025-12-22 13:28:57 [[31merror[39m]: No valid 
license available

      at Console.write [as log] (node_modules/winston/lib/wi
nston/transports/console.js:87:23)

    console.log
      2025-12-22 13:28:57 [[31merror[39m]: No valid 
license available

      at Console.write [as log] (node_modules/winston/lib/wi
nston/transports/console.js:87:23)

    console.log
      2025-12-22 13:28:57 [[31merror[39m]: No valid 
license available

      at Console.write [as log] (node_modules/winston/lib/wi
nston/transports/console.js:87:23)

    console.log
      2025-12-22 13:28:57 [[31merror[39m]: License file 
not found {
        "path": 
"D:\\Work\\HR-SM\\test-licenses\\nonexistent\\Qgu8lRB.json"
      }

      at Console.write [as log] (node_modules/winston/lib/wi
nston/transports/console.js:87:23)

    console.log
      2025-12-22 13:28:57 [[31merror[39m]: No valid 
license available

      at Console.write [as log] (node_modules/winston/lib/wi
nston/transports/console.js:87:23)

    console.log
      2025-12-22 13:28:57 [[31merror[39m]: No valid 
license available

      at Console.write [as log] (node_modules/winston/lib/wi
nston/transports/console.js:87:23)

    console.log
      2025-12-22 13:28:57 [[31merror[39m]: No valid 
license available

      at Console.write [as log] (node_modules/winston/lib/wi
nston/transports/console.js:87:23)

    console.log
      2025-12-22 13:28:57 [[31merror[39m]: No valid 
license available

      at Console.write [as log] (node_modules/winston/lib/wi
nston/transports/console.js:87:23)

    console.log
      2025-12-22 13:28:57 [[31merror[39m]: License file 
not found {
        "path": 
"D:\\Work\\HR-SM\\test-licenses\\nonexistent\\ZDoYe.json"
      }

      at Console.write [as log] (node_modules/winston/lib/wi
nston/transports/console.js:87:23)

    console.log
      2025-12-22 13:28:57 [[31merror[39m]: No valid 
license available

      at Console.write [as log] (node_modules/winston/lib/wi
nston/transports/console.js:87:23)

    console.log
      2025-12-22 13:28:57 [[31merror[39m]: No valid 
license available

      at Console.write [as log] (node_modules/winston/lib/wi
nston/transports/console.js:87:23)

    console.log
      2025-12-22 13:28:57 [[31merror[39m]: No valid 
license available

      at Console.write [as log] (node_modules/winston/lib/wi
nston/transports/console.js:87:23)

    console.log
      2025-12-22 13:28:57 [[31merror[39m]: No valid 
license available

      at Console.write [as log] (node_modules/winston/lib/wi
nston/transports/console.js:87:23)

    console.log
      2025-12-22 13:28:57 [[31merror[39m]: License file 
not found {
        "path": 
"D:\\Work\\HR-SM\\test-licenses\\nonexistent\\WdTN334.json"
      }

      at Console.write [as log] (node_modules/winston/lib/wi
nston/transports/console.js:87:23)

    console.log
      2025-12-22 13:28:57 [[31merror[39m]: No valid 
license available

      at Console.write [as log] (node_modules/winston/lib/wi
nston/transports/console.js:87:23)

    console.log
      2025-12-22 13:28:57 [[31merror[39m]: No valid 
license available

      at Console.write [as log] (node_modules/winston/lib/wi
nston/transports/console.js:87:23)

    console.log
      2025-12-22 13:28:57 [[31merror[39m]: No valid 
license available

      at Console.write [as log] (node_modules/winston/lib/wi
nston/transports/console.js:87:23)

    console.log
      2025-12-22 13:28:57 [[31merror[39m]: No valid 
license available

      at Console.write [as log] (node_modules/winston/lib/wi
nston/transports/console.js:87:23)

    console.log
      2025-12-22 13:28:57 [[31merror[39m]: License file 
not found {
        "path": 
"D:\\Work\\HR-SM\\test-licenses\\nonexistent\\nnPXI.json"
      }

      at Console.write [as log] (node_modules/winston/lib/wi
nston/transports/console.js:87:23)

    console.log
      2025-12-22 13:28:57 [[31merror[39m]: No valid 
license available

      at Console.write [as log] (node_modules/winston/lib/wi
nston/transports/console.js:87:23)

    console.log
      2025-12-22 13:28:57 [[31merror[39m]: No valid 
license available

      at Console.write [as log] (node_modules/winston/lib/wi
nston/transports/console.js:87:23)

    console.log
      2025-12-22 13:28:57 [[31merror[39m]: No valid 
license available

      at Console.write [as log] (node_modules/winston/lib/wi
nston/transports/console.js:87:23)

    console.log
      2025-12-22 13:28:57 [[31merror[39m]: No valid 
license available

      at Console.write [as log] (node_modules/winston/lib/wi
nston/transports/console.js:87:23)

    console.log
      2025-12-22 13:28:57 [[31merror[39m]: License file 
not found {
        "path": 
"D:\\Work\\HR-SM\\test-licenses\\nonexistent\\C4FIG_Rs.json"
      }

      at Console.write [as log] (node_modules/winston/lib/wi
nston/transports/console.js:87:23)

    console.log
      2025-12-22 13:28:57 [[31merror[39m]: No valid 
license available

      at Console.write [as log] (node_modules/winston/lib/wi
nston/transports/console.js:87:23)

    console.log
      2025-12-22 13:28:57 [[31merror[39m]: No valid 
license available

      at Console.write [as log] (node_modules/winston/lib/wi
nston/transports/console.js:87:23)

    console.log
      2025-12-22 13:28:57 [[31merror[39m]: No valid 
license available

      at Console.write [as log] (node_modules/winston/lib/wi
nston/transports/console.js:87:23)

    console.log
      2025-12-22 13:28:57 [[31merror[39m]: No valid 
license available

      at Console.write [as log] (node_modules/winston/lib/wi
nston/transports/console.js:87:23)

    console.log
      2025-12-22 13:28:57 [[31merror[39m]: License file 
not found {
        "path": 
"D:\\Work\\HR-SM\\test-licenses\\nonexistent\\eGFEu.json"
      }

      at Console.write [as log] (node_modules/winston/lib/wi
nston/transports/console.js:87:23)

    console.log
      2025-12-22 13:28:57 [[31merror[39m]: No valid 
license available

      at Console.write [as log] (node_modules/winston/lib/wi
nston/transports/console.js:87:23)

    console.log
      2025-12-22 13:28:57 [[31merror[39m]: No valid 
license available

      at Console.write [as log] (node_modules/winston/lib/wi
nston/transports/console.js:87:23)

    console.log
      2025-12-22 13:28:57 [[31merror[39m]: No valid 
license available

      at Console.write [as log] (node_modules/winston/lib/wi
nston/transports/console.js:87:23)

    console.log
      2025-12-22 13:28:57 [[31merror[39m]: No valid 
license available

      at Console.write [as log] (node_modules/winston/lib/wi
nston/transports/console.js:87:23)

    console.log
      2025-12-22 13:28:57 [[31merror[39m]: License file 
not found {
        "path": "D:\\Work\\HR-SM\\test-licenses\\nonexistent
\\fBLIaPfP-z_.json"
      }

      at Console.write [as log] (node_modules/winston/lib/wi
nston/transports/console.js:87:23)

    console.log
      2025-12-22 13:28:57 [[31merror[39m]: No valid 
license available

      at Console.write [as log] (node_modules/winston/lib/wi
nston/transports/console.js:87:23)

    console.log
      2025-12-22 13:28:57 [[31merror[39m]: No valid 
license available

      at Console.write [as log] (node_modules/winston/lib/wi
nston/transports/console.js:87:23)

    console.log
      2025-12-22 13:28:57 [[31merror[39m]: No valid 
license available

      at Console.write [as log] (node_modules/winston/lib/wi
nston/transports/console.js:87:23)

    console.log
      2025-12-22 13:28:57 [[31merror[39m]: No valid 
license available

      at Console.write [as log] (node_modules/winston/lib/wi
nston/transports/console.js:87:23)

    console.log
      2025-12-22 13:28:57 [[31merror[39m]: License file 
not found {
        "path": 
"D:\\Work\\HR-SM\\test-licenses\\nonexistent\\Ah.json"
      }

      at Console.write [as log] (node_modules/winston/lib/wi
nston/transports/console.js:87:23)

    console.log
      2025-12-22 13:28:57 [[31merror[39m]: No valid 
license available

      at Console.write [as log] (node_modules/winston/lib/wi
nston/transports/console.js:87:23)

    console.log
      2025-12-22 13:28:57 [[31merror[39m]: No valid 
license available

      at Console.write [as log] (node_modules/winston/lib/wi
nston/transports/console.js:87:23)

    console.log
      2025-12-22 13:28:57 [[31merror[39m]: No valid 
license available

      at Console.write [as log] (node_modules/winston/lib/wi
nston/transports/console.js:87:23)

    console.log
      2025-12-22 13:28:57 [[31merror[39m]: No valid 
license available

      at Console.write [as log] (node_modules/winston/lib/wi
nston/transports/console.js:87:23)

    console.log
      2025-12-22 13:28:57 [[31merror[39m]: License file 
not found {
        "path": 
"D:\\Work\\HR-SM\\test-licenses\\nonexistent\\ZlLOWaf.json"
      }

      at Console.write [as log] (node_modules/winston/lib/wi
nston/transports/console.js:87:23)

    console.log
      2025-12-22 13:28:57 [[31merror[39m]: No valid 
license available

      at Console.write [as log] (node_modules/winston/lib/wi
nston/transports/console.js:87:23)

    console.log
      2025-12-22 13:28:57 [[31merror[39m]: No valid 
license available

      at Console.write [as log] (node_modules/winston/lib/wi
nston/transports/console.js:87:23)

    console.log
      2025-12-22 13:28:57 [[31merror[39m]: No valid 
license available

      at Console.write [as log] (node_modules/winston/lib/wi
nston/transports/console.js:87:23)

    console.log
      2025-12-22 13:28:57 [[31merror[39m]: No valid 
license available

      at Console.write [as log] (node_modules/winston/lib/wi
nston/transports/console.js:87:23)

    console.log
      2025-12-22 13:28:57 [[31merror[39m]: License file 
not found {
        "path": "D:\\Work\\HR-SM\\test-licenses\\nonexistent
\\tlsbfxjzd78g-YNA.json"
      }

      at Console.write [as log] (node_modules/winston/lib/wi
nston/transports/console.js:87:23)

    console.log
      2025-12-22 13:28:57 [[31merror[39m]: No valid 
license available

      at Console.write [as log] (node_modules/winston/lib/wi
nston/transports/console.js:87:23)

    console.log
      2025-12-22 13:28:57 [[31merror[39m]: No valid 
license available

      at Console.write [as log] (node_modules/winston/lib/wi
nston/transports/console.js:87:23)

    console.log
      2025-12-22 13:28:57 [[31merror[39m]: No valid 
license available

      at Console.write [as log] (node_modules/winston/lib/wi
nston/transports/console.js:87:23)

    console.log
      2025-12-22 13:28:57 [[31merror[39m]: No valid 
license available

      at Console.write [as log] (node_modules/winston/lib/wi
nston/transports/console.js:87:23)

    console.log
      2025-12-22 13:28:57 [[31merror[39m]: License file 
not found {
        "path": "D:\\Work\\HR-SM\\test-licenses\\nonexistent
\\On-02SuSox.json"
      }

      at Console.write [as log] (node_modules/winston/lib/wi
nston/transports/console.js:87:23)

    console.log
      2025-12-22 13:28:57 [[31merror[39m]: No valid 
license available

      at Console.write [as log] (node_modules/winston/lib/wi
nston/transports/console.js:87:23)

    console.log
      2025-12-22 13:28:57 [[31merror[39m]: No valid 
license available

      at Console.write [as log] (node_modules/winston/lib/wi
nston/transports/console.js:87:23)

    console.log
      2025-12-22 13:28:57 [[31merror[39m]: No valid 
license available

      at Console.write [as log] (node_modules/winston/lib/wi
nston/transports/console.js:87:23)

    console.log
      2025-12-22 13:28:57 [[31merror[39m]: No valid 
license available

      at Console.write [as log] (node_modules/winston/lib/wi
nston/transports/console.js:87:23)

    console.log
      2025-12-22 13:28:57 [[31merror[39m]: License file 
not found {
        "path": "D:\\Work\\HR-SM\\test-licenses\\nonexistent
\\EL7g-Zdel8e.json"
      }

      at Console.write [as log] (node_modules/winston/lib/wi
nston/transports/console.js:87:23)

    console.log
      2025-12-22 13:28:57 [[31merror[39m]: No valid 
license available

      at Console.write [as log] (node_modules/winston/lib/wi
nston/transports/console.js:87:23)

    console.log
      2025-12-22 13:28:57 [[31merror[39m]: No valid 
license available

      at Console.write [as log] (node_modules/winston/lib/wi
nston/transports/console.js:87:23)

    console.log
      2025-12-22 13:28:57 [[31merror[39m]: No valid 
license available

      at Console.write [as log] (node_modules/winston/lib/wi
nston/transports/console.js:87:23)

    console.log
      2025-12-22 13:28:57 [[31merror[39m]: No valid 
license available

      at Console.write [as log] (node_modules/winston/lib/wi
nston/transports/console.js:87:23)

    console.log
      2025-12-22 13:28:57 [[31merror[39m]: License file 
validation failed {
        "errors": [
          "Failed to parse license file: Unexpected end of 
JSON input"
        ],
        "path": "D:\\Work\\HR-SM\\test-licenses\\corrupted-1
766402937530.json"
      }

      at Console.write [as log] (node_modules/winston/lib/wi
nston/transports/console.js:87:23)

    console.log
      2025-12-22 13:28:57 [[31merror[39m]: No valid 
license available

      at Console.write [as log] (node_modules/winston/lib/wi
nston/transports/console.js:87:23)

    console.log
      2025-12-22 13:28:57 [[31merror[39m]: No valid 
license available

      at Console.write [as log] (node_modules/winston/lib/wi
nston/transports/console.js:87:23)

    console.log
      2025-12-22 13:28:57 [[31merror[39m]: License file 
validation failed {
        "errors": [
          "Failed to parse license file: Expected 
double-quoted property name in JSON at position 39 (line 1 
column 40)"
        ],
        "path": "D:\\Work\\HR-SM\\test-licenses\\corrupted-1
766402937535.json"
      }

      at Console.write [as log] (node_modules/winston/lib/wi
nston/transports/console.js:87:23)

    console.log
      2025-12-22 13:28:57 [[31merror[39m]: No valid 
license available

      at Console.write [as log] (node_modules/winston/lib/wi
nston/transports/console.js:87:23)

    console.log
      2025-12-22 13:28:57 [[31merror[39m]: No valid 
license available

      at Console.write [as log] (node_modules/winston/lib/wi
nston/transports/console.js:87:23)

    console.log
      2025-12-22 13:28:57 [[31merror[39m]: License file 
validation failed {
        "errors": [
          "Failed to parse license file: \"undefined\" is 
not valid JSON"
        ],
        "path": "D:\\Work\\HR-SM\\test-licenses\\corrupted-1
766402937540.json"
      }

      at Console.write [as log] (node_modules/winston/lib/wi
nston/transports/console.js:87:23)

    console.log
      2025-12-22 13:28:57 [[31merror[39m]: No valid 
license available

      at Console.write [as log] (node_modules/winston/lib/wi
nston/transports/console.js:87:23)

    console.log
      2025-12-22 13:28:57 [[31merror[39m]: No valid 
license available

      at Console.write [as log] (node_modules/winston/lib/wi
nston/transports/console.js:87:23)

    console.log
      2025-12-22 13:28:57 [[31merror[39m]: License file 
validation failed {
        "errors": [
          "Failed to parse license file: Unexpected end of 
JSON input"
        ],
        "path": "D:\\Work\\HR-SM\\test-licenses\\corrupted-1
766402937544.json"
      }

      at Console.write [as log] (node_modules/winston/lib/wi
nston/transports/console.js:87:23)

    console.log
      2025-12-22 13:28:57 [[31merror[39m]: No valid 
license available

      at Console.write [as log] (node_modules/winston/lib/wi
nston/transports/console.js:87:23)

    console.log
      2025-12-22 13:28:57 [[31merror[39m]: No valid 
license available

      at Console.write [as log] (node_modules/winston/lib/wi
nston/transports/console.js:87:23)

    console.log
      2025-12-22 13:28:57 [[31merror[39m]: Error loading 
license file {
        "error": "Cannot read properties of null (reading 
'licenseKey')",
        "stack": "TypeError: Cannot read properties of null 
(reading 'licenseKey')\n    at validateLicenseFileStructure 
(D:\\Work\\HR-SM\\server\\config\\licenseFileSchema.js:117:2
5)\n    at validateLicenseFileStructure (D:\\Work\\HR-SM\\se
rver\\config\\licenseFileSchema.js:279:33)\n    at 
LicenseFileLoader.parseLicenseFile [as loadLicenseFile] (D:\
\Work\\HR-SM\\server\\services\\licenseFileLoader.service.js
:98:33)\n    at loadLicenseFile (D:\\Work\\HR-SM\\server\\te
sting\\services\\licenseFileLoader.property.test.js:456:64)\
n    at AsyncProperty.p [as predicate] (D:\\Work\\HR-SM\\nod
e_modules\\fast-check\\lib\\check\\property\\AsyncProperty.j
s:14:59)\n    at AsyncProperty.predicate [as run] (D:\\Work\
\HR-SM\\node_modules\\fast-check\\lib\\check\\property\\Asyn
cProperty.generic.js:43:39)\n    at run (D:\\Work\\HR-SM\\no
de_modules\\fast-check\\lib\\check\\runner\\Runner.js:24:36)
\n    at processTicksAndRejections 
(node:internal/process/task_queues:105:5)\n    at 
Object.<anonymous> (D:\\Work\\HR-SM\\server\\testing\\servic
es\\licenseFileLoader.property.test.js:427:9)",
        "path": "D:\\Work\\HR-SM\\test-licenses\\corrupted-1
766402937548.json"
      }

      at Console.write [as log] (node_modules/winston/lib/wi
nston/transports/console.js:87:23)

    console.log
      2025-12-22 13:28:57 [[31merror[39m]: No valid 
license available

      at Console.write [as log] (node_modules/winston/lib/wi
nston/transports/console.js:87:23)

    console.log
      2025-12-22 13:28:57 [[31merror[39m]: No valid 
license available

      at Console.write [as log] (node_modules/winston/lib/wi
nston/transports/console.js:87:23)

    console.log
      2025-12-22 13:28:57 [[31merror[39m]: License file 
validation failed {
        "errors": [
          "Failed to parse license file: Expected 
double-quoted property name in JSON at position 39 (line 1 
column 40)"
        ],
        "path": "D:\\Work\\HR-SM\\test-licenses\\corrupted-1
766402937601.json"
      }

      at Console.write [as log] (node_modules/winston/lib/wi
nston/transports/console.js:87:23)

    console.log
      2025-12-22 13:28:57 [[31merror[39m]: No valid 
license available

      at Console.write [as log] (node_modules/winston/lib/wi
nston/transports/console.js:87:23)

    console.log
      2025-12-22 13:28:57 [[31merror[39m]: No valid 
license available

      at Console.write [as log] (node_modules/winston/lib/wi
nston/transports/console.js:87:23)

    console.log
      2025-12-22 13:28:57 [[31merror[39m]: Error loading 
license file {
        "error": "Cannot read properties of null (reading 
'licenseKey')",
        "stack": "TypeError: Cannot read properties of null 
(reading 'licenseKey')\n    at validateLicenseFileStructure 
(D:\\Work\\HR-SM\\server\\config\\licenseFileSchema.js:117:2
5)\n    at validateLicenseFileStructure (D:\\Work\\HR-SM\\se
rver\\config\\licenseFileSchema.js:279:33)\n    at 
LicenseFileLoader.parseLicenseFile [as loadLicenseFile] (D:\
\Work\\HR-SM\\server\\services\\licenseFileLoader.service.js
:98:33)\n    at loadLicenseFile (D:\\Work\\HR-SM\\server\\te
sting\\services\\licenseFileLoader.property.test.js:456:64)\
n    at AsyncProperty.p [as predicate] (D:\\Work\\HR-SM\\nod
e_modules\\fast-check\\lib\\check\\property\\AsyncProperty.j
s:14:59)\n    at AsyncProperty.predicate [as run] (D:\\Work\
\HR-SM\\node_modules\\fast-check\\lib\\check\\property\\Asyn
cProperty.generic.js:43:39)\n    at run (D:\\Work\\HR-SM\\no
de_modules\\fast-check\\lib\\check\\runner\\Runner.js:24:36)
\n    at processTicksAndRejections 
(node:internal/process/task_queues:105:5)\n    at 
Object.<anonymous> (D:\\Work\\HR-SM\\server\\testing\\servic
es\\licenseFileLoader.property.test.js:427:9)",
        "path": "D:\\Work\\HR-SM\\test-licenses\\corrupted-1
766402937604.json"
      }

      at Console.write [as log] (node_modules/winston/lib/wi
nston/transports/console.js:87:23)

    console.log
      2025-12-22 13:28:57 [[31merror[39m]: No valid 
license available

      at Console.write [as log] (node_modules/winston/lib/wi
nston/transports/console.js:87:23)

    console.log
      2025-12-22 13:28:57 [[31merror[39m]: No valid 
license available

      at Console.write [as log] (node_modules/winston/lib/wi
nston/transports/console.js:87:23)

    console.log
      2025-12-22 13:28:57 [[31merror[39m]: License file 
validation failed {
        "errors": [
          "Failed to parse license file: Unexpected end of 
JSON input"
        ],
        "path": "D:\\Work\\HR-SM\\test-licenses\\corrupted-1
766402937609.json"
      }

      at Console.write [as log] (node_modules/winston/lib/wi
nston/transports/console.js:87:23)

    console.log
      2025-12-22 13:28:57 [[31merror[39m]: No valid 
license available

      at Console.write [as log] (node_modules/winston/lib/wi
nston/transports/console.js:87:23)

    console.log
      2025-12-22 13:28:57 [[31merror[39m]: No valid 
license available

      at Console.write [as log] (node_modules/winston/lib/wi
nston/transports/console.js:87:23)

    console.log
      2025-12-22 13:28:57 [[31merror[39m]: License file 
validation failed {
        "errors": [
          "Missing required field: licenseKey",
          "Missing required field: companyId",
          "Missing required field: companyName",
          "Missing required field: issuedAt",
          "Missing required field: expiresAt",
          "Missing required field: modules",
          "Missing required field: signature",
          "Invalid license signature"
        ],
        "path": "D:\\Work\\HR-SM\\test-licenses\\corrupted-1
766402937612.json"
      }

      at Console.write [as log] (node_modules/winston/lib/wi
nston/transports/console.js:87:23)

    console.log
      2025-12-22 13:28:57 [[31merror[39m]: No valid 
license available

      at Console.write [as log] (node_modules/winston/lib/wi
nston/transports/console.js:87:23)

    console.log
      2025-12-22 13:28:57 [[31merror[39m]: No valid 
license available

      at Console.write [as log] (node_modules/winston/lib/wi
nston/transports/console.js:87:23)

    console.log
      2025-12-22 13:28:57 [[31merror[39m]: License file 
validation failed {
        "errors": [
          "Failed to parse license file: Unexpected end of 
JSON input"
        ],
        "path": "D:\\Work\\HR-SM\\test-licenses\\corrupted-1
766402937624.json"
      }

      at Console.write [as log] (node_modules/winston/lib/wi
nston/transports/console.js:87:23)

    console.log
      2025-12-22 13:28:57 [[31merror[39m]: No valid 
license available

      at Console.write [as log] (node_modules/winston/lib/wi
nston/transports/console.js:87:23)

    console.log
      2025-12-22 13:28:57 [[31merror[39m]: No valid 
license available

      at Console.write [as log] (node_modules/winston/lib/wi
nston/transports/console.js:87:23)

    console.log
      2025-12-22 13:28:57 [[31merror[39m]: Error loading 
license file {
        "error": "Cannot read properties of null (reading 
'licenseKey')",
        "stack": "TypeError: Cannot read properties of null 
(reading 'licenseKey')\n    at validateLicenseFileStructure 
(D:\\Work\\HR-SM\\server\\config\\licenseFileSchema.js:117:2
5)\n    at validateLicenseFileStructure (D:\\Work\\HR-SM\\se
rver\\config\\licenseFileSchema.js:279:33)\n    at 
LicenseFileLoader.parseLicenseFile [as loadLicenseFile] (D:\
\Work\\HR-SM\\server\\services\\licenseFileLoader.service.js
:98:33)\n    at loadLicenseFile (D:\\Work\\HR-SM\\server\\te
sting\\services\\licenseFileLoader.property.test.js:456:64)\
n    at AsyncProperty.p [as predicate] (D:\\Work\\HR-SM\\nod
e_modules\\fast-check\\lib\\check\\property\\AsyncProperty.j
s:14:59)\n    at AsyncProperty.predicate [as run] (D:\\Work\
\HR-SM\\node_modules\\fast-check\\lib\\check\\property\\Asyn
cProperty.generic.js:43:39)\n    at run (D:\\Work\\HR-SM\\no
de_modules\\fast-check\\lib\\check\\runner\\Runner.js:24:36)
\n    at processTicksAndRejections 
(node:internal/process/task_queues:105:5)\n    at 
Object.<anonymous> (D:\\Work\\HR-SM\\server\\testing\\servic
es\\licenseFileLoader.property.test.js:427:9)",
        "path": "D:\\Work\\HR-SM\\test-licenses\\corrupted-1
766402937628.json"
      }

      at Console.write [as log] (node_modules/winston/lib/wi
nston/transports/console.js:87:23)

    console.log
      2025-12-22 13:28:57 [[31merror[39m]: No valid 
license available

      at Console.write [as log] (node_modules/winston/lib/wi
nston/transports/console.js:87:23)

    console.log
      2025-12-22 13:28:57 [[31merror[39m]: No valid 
license available

      at Console.write [as log] (node_modules/winston/lib/wi
nston/transports/console.js:87:23)

    console.log
      2025-12-22 13:28:57 [[31merror[39m]: License file 
validation failed {
        "errors": [
          "Failed to parse license file: Unexpected end of 
JSON input"
        ],
        "path": "D:\\Work\\HR-SM\\test-licenses\\corrupted-1
766402937632.json"
      }

      at Console.write [as log] (node_modules/winston/lib/wi
nston/transports/console.js:87:23)

    console.log
      2025-12-22 13:28:57 [[31merror[39m]: No valid 
license available

      at Console.write [as log] (node_modules/winston/lib/wi
nston/transports/console.js:87:23)

    console.log
      2025-12-22 13:28:57 [[31merror[39m]: No valid 
license available

      at Console.write [as log] (node_modules/winston/lib/wi
nston/transports/console.js:87:23)

    console.log
      2025-12-22 13:28:57 [[31merror[39m]: License file 
validation failed {
        "errors": [
          "Failed to parse license file: Expected 
double-quoted property name in JSON at position 39 (line 1 
column 40)"
        ],
        "path": "D:\\Work\\HR-SM\\test-licenses\\corrupted-1
766402937635.json"
      }

      at Console.write [as log] (node_modules/winston/lib/wi
nston/transports/console.js:87:23)

    console.log
      2025-12-22 13:28:57 [[31merror[39m]: No valid 
license available

      at Console.write [as log] (node_modules/winston/lib/wi
nston/transports/console.js:87:23)

    console.log
      2025-12-22 13:28:57 [[31merror[39m]: No valid 
license available

      at Console.write [as log] (node_modules/winston/lib/wi
nston/transports/console.js:87:23)

    console.log
      2025-12-22 13:28:57 [[31merror[39m]: License file 
validation failed {
        "errors": [
          "Failed to parse license file: \"undefined\" is 
not valid JSON"
        ],
        "path": "D:\\Work\\HR-SM\\test-licenses\\corrupted-1
766402937639.json"
      }

      at Console.write [as log] (node_modules/winston/lib/wi
nston/transports/console.js:87:23)

    console.log
      2025-12-22 13:28:57 [[31merror[39m]: No valid 
license available

      at Console.write [as log] (node_modules/winston/lib/wi
nston/transports/console.js:87:23)

    console.log
      2025-12-22 13:28:57 [[31merror[39m]: No valid 
license available

      at Console.write [as log] (node_modules/winston/lib/wi
nston/transports/console.js:87:23)

    console.log
      2025-12-22 13:28:57 [[31merror[39m]: License file 
validation failed {
        "errors": [
          "Failed to parse license file: Expected 
double-quoted property name in JSON at position 39 (line 1 
column 40)"
        ],
        "path": "D:\\Work\\HR-SM\\test-licenses\\corrupted-1
766402937642.json"
      }

      at Console.write [as log] (node_modules/winston/lib/wi
nston/transports/console.js:87:23)

    console.log
      2025-12-22 13:28:57 [[31merror[39m]: No valid 
license available

      at Console.write [as log] (node_modules/winston/lib/wi
nston/transports/console.js:87:23)

    console.log
      2025-12-22 13:28:57 [[31merror[39m]: No valid 
license available

      at Console.write [as log] (node_modules/winston/lib/wi
nston/transports/console.js:87:23)

    console.log
      2025-12-22 13:28:57 [[31merror[39m]: License file 
validation failed {
        "errors": [
          "Failed to parse license file: Expected 
double-quoted property name in JSON at position 39 (line 1 
column 40)"
        ],
        "path": "D:\\Work\\HR-SM\\test-licenses\\corrupted-1
766402937646.json"
      }

      at Console.write [as log] (node_modules/winston/lib/wi
nston/transports/console.js:87:23)

    console.log
      2025-12-22 13:28:57 [[31merror[39m]: No valid 
license available

      at Console.write [as log] (node_modules/winston/lib/wi
nston/transports/console.js:87:23)

    console.log
      2025-12-22 13:28:57 [[31merror[39m]: No valid 
license available

      at Console.write [as log] (node_modules/winston/lib/wi
nston/transports/console.js:87:23)

    console.log
      2025-12-22 13:28:57 [[31merror[39m]: Error loading 
license file {
        "error": "Cannot read properties of null (reading 
'licenseKey')",
        "stack": "TypeError: Cannot read properties of null 
(reading 'licenseKey')\n    at validateLicenseFileStructure 
(D:\\Work\\HR-SM\\server\\config\\licenseFileSchema.js:117:2
5)\n    at validateLicenseFileStructure (D:\\Work\\HR-SM\\se
rver\\config\\licenseFileSchema.js:279:33)\n    at 
LicenseFileLoader.parseLicenseFile [as loadLicenseFile] (D:\
\Work\\HR-SM\\server\\services\\licenseFileLoader.service.js
:98:33)\n    at loadLicenseFile (D:\\Work\\HR-SM\\server\\te
sting\\services\\licenseFileLoader.property.test.js:456:64)\
n    at AsyncProperty.p [as predicate] (D:\\Work\\HR-SM\\nod
e_modules\\fast-check\\lib\\check\\property\\AsyncProperty.j
s:14:59)\n    at AsyncProperty.predicate [as run] (D:\\Work\
\HR-SM\\node_modules\\fast-check\\lib\\check\\property\\Asyn
cProperty.generic.js:43:39)\n    at run (D:\\Work\\HR-SM\\no
de_modules\\fast-check\\lib\\check\\runner\\Runner.js:24:36)
\n    at processTicksAndRejections 
(node:internal/process/task_queues:105:5)\n    at 
Object.<anonymous> (D:\\Work\\HR-SM\\server\\testing\\servic
es\\licenseFileLoader.property.test.js:427:9)",
        "path": "D:\\Work\\HR-SM\\test-licenses\\corrupted-1
766402937649.json"
      }

      at Console.write [as log] (node_modules/winston/lib/wi
nston/transports/console.js:87:23)

    console.log
      2025-12-22 13:28:57 [[31merror[39m]: No valid 
license available

      at Console.write [as log] (node_modules/winston/lib/wi
nston/transports/console.js:87:23)

    console.log
      2025-12-22 13:28:57 [[31merror[39m]: No valid 
license available

      at Console.write [as log] (node_modules/winston/lib/wi
nston/transports/console.js:87:23)

    console.log
      2025-12-22 13:28:57 [[31merror[39m]: License file 
validation failed {
        "errors": [
          "Missing required field: licenseKey",
          "Missing required field: companyId",
          "Missing required field: companyName",
          "Missing required field: issuedAt",
          "Missing required field: expiresAt",
          "Missing required field: modules",
          "Missing required field: signature",
          "Invalid license signature"
        ],
        "path": "D:\\Work\\HR-SM\\test-licenses\\corrupted-1
766402937653.json"
      }

      at Console.write [as log] (node_modules/winston/lib/wi
nston/transports/console.js:87:23)

    console.log
      2025-12-22 13:28:57 [[31merror[39m]: No valid 
license available

      at Console.write [as log] (node_modules/winston/lib/wi
nston/transports/console.js:87:23)

    console.log
      2025-12-22 13:28:57 [[31merror[39m]: No valid 
license available

      at Console.write [as log] (node_modules/winston/lib/wi
nston/transports/console.js:87:23)

    console.log
      2025-12-22 13:28:57 [[31merror[39m]: License file 
validation failed {
        "errors": [
          "Failed to parse license file: Unexpected end of 
JSON input"
        ],
        "path": "D:\\Work\\HR-SM\\test-licenses\\corrupted-1
766402937664.json"
      }

      at Console.write [as log] (node_modules/winston/lib/wi
nston/transports/console.js:87:23)

    console.log
      2025-12-22 13:28:57 [[31merror[39m]: No valid 
license available

      at Console.write [as log] (node_modules/winston/lib/wi
nston/transports/console.js:87:23)

    console.log
      2025-12-22 13:28:57 [[31merror[39m]: No valid 
license available

      at Console.write [as log] (node_modules/winston/lib/wi
nston/transports/console.js:87:23)

    console.log
      2025-12-22 13:28:57 [[31merror[39m]: License file 
validation failed {
        "errors": [
          "Failed to parse license file: Unexpected end of 
JSON input"
        ],
        "path": "D:\\Work\\HR-SM\\test-licenses\\corrupted-1
766402937669.json"
      }

      at Console.write [as log] (node_modules/winston/lib/wi
nston/transports/console.js:87:23)

    console.log
      2025-12-22 13:28:57 [[31merror[39m]: No valid 
license available

      at Console.write [as log] (node_modules/winston/lib/wi
nston/transports/console.js:87:23)

    console.log
      2025-12-22 13:28:57 [[31merror[39m]: No valid 
license available

      at Console.write [as log] (node_modules/winston/lib/wi
nston/transports/console.js:87:23)

    console.log
      2025-12-22 13:28:57 [[31merror[39m]: Error loading 
license file {
        "error": "Cannot read properties of null (reading 
'licenseKey')",
        "stack": "TypeError: Cannot read properties of null 
(reading 'licenseKey')\n    at validateLicenseFileStructure 
(D:\\Work\\HR-SM\\server\\config\\licenseFileSchema.js:117:2
5)\n    at validateLicenseFileStructure (D:\\Work\\HR-SM\\se
rver\\config\\licenseFileSchema.js:279:33)\n    at 
LicenseFileLoader.parseLicenseFile [as loadLicenseFile] (D:\
\Work\\HR-SM\\server\\services\\licenseFileLoader.service.js
:98:33)\n    at loadLicenseFile (D:\\Work\\HR-SM\\server\\te
sting\\services\\licenseFileLoader.property.test.js:456:64)\
n    at AsyncProperty.p [as predicate] (D:\\Work\\HR-SM\\nod
e_modules\\fast-check\\lib\\check\\property\\AsyncProperty.j
s:14:59)\n    at AsyncProperty.predicate [as run] (D:\\Work\
\HR-SM\\node_modules\\fast-check\\lib\\check\\property\\Asyn
cProperty.generic.js:43:39)\n    at run (D:\\Work\\HR-SM\\no
de_modules\\fast-check\\lib\\check\\runner\\Runner.js:24:36)
\n    at processTicksAndRejections 
(node:internal/process/task_queues:105:5)\n    at 
Object.<anonymous> (D:\\Work\\HR-SM\\server\\testing\\servic
es\\licenseFileLoader.property.test.js:427:9)",
        "path": "D:\\Work\\HR-SM\\test-licenses\\corrupted-1
766402937677.json"
      }

      at Console.write [as log] (node_modules/winston/lib/wi
nston/transports/console.js:87:23)

    console.log
      2025-12-22 13:28:57 [[31merror[39m]: No valid 
license available

      at Console.write [as log] (node_modules/winston/lib/wi
nston/transports/console.js:87:23)

    console.log
      2025-12-22 13:28:57 [[31merror[39m]: No valid 
license available

      at Console.write [as log] (node_modules/winston/lib/wi
nston/transports/console.js:87:23)

    console.log
      2025-12-22 13:28:57 [[31merror[39m]: Error loading 
license file {
        "error": "Cannot read properties of null (reading 
'licenseKey')",
        "stack": "TypeError: Cannot read properties of null 
(reading 'licenseKey')\n    at validateLicenseFileStructure 
(D:\\Work\\HR-SM\\server\\config\\licenseFileSchema.js:117:2
5)\n    at validateLicenseFileStructure (D:\\Work\\HR-SM\\se
rver\\config\\licenseFileSchema.js:279:33)\n    at 
LicenseFileLoader.parseLicenseFile [as loadLicenseFile] (D:\
\Work\\HR-SM\\server\\services\\licenseFileLoader.service.js
:98:33)\n    at loadLicenseFile (D:\\Work\\HR-SM\\server\\te
sting\\services\\licenseFileLoader.property.test.js:456:64)\
n    at AsyncProperty.p [as predicate] (D:\\Work\\HR-SM\\nod
e_modules\\fast-check\\lib\\check\\property\\AsyncProperty.j
s:14:59)\n    at AsyncProperty.predicate [as run] (D:\\Work\
\HR-SM\\node_modules\\fast-check\\lib\\check\\property\\Asyn
cProperty.generic.js:43:39)\n    at run (D:\\Work\\HR-SM\\no
de_modules\\fast-check\\lib\\check\\runner\\Runner.js:24:36)
\n    at processTicksAndRejections 
(node:internal/process/task_queues:105:5)\n    at 
Object.<anonymous> (D:\\Work\\HR-SM\\server\\testing\\servic
es\\licenseFileLoader.property.test.js:427:9)",
        "path": "D:\\Work\\HR-SM\\test-licenses\\corrupted-1
766402937680.json"
      }

      at Console.write [as log] (node_modules/winston/lib/wi
nston/transports/console.js:87:23)

    console.log
      2025-12-22 13:28:57 [[31merror[39m]: No valid 
license available

      at Console.write [as log] (node_modules/winston/lib/wi
nston/transports/console.js:87:23)

    console.log
      2025-12-22 13:28:57 [[31merror[39m]: No valid 
license available

      at Console.write [as log] (node_modules/winston/lib/wi
nston/transports/console.js:87:23)

    console.log
      2025-12-22 13:28:57 [[31merror[39m]: License file 
validation failed {
        "errors": [
          "Failed to parse license file: Unexpected end of 
JSON input"
        ],
        "path": "D:\\Work\\HR-SM\\test-licenses\\corrupted-1
766402937684.json"
      }

      at Console.write [as log] (node_modules/winston/lib/wi
nston/transports/console.js:87:23)

    console.log
      2025-12-22 13:28:57 [[31merror[39m]: No valid 
license available

      at Console.write [as log] (node_modules/winston/lib/wi
nston/transports/console.js:87:23)

    console.log
      2025-12-22 13:28:57 [[31merror[39m]: No valid 
license available

      at Console.write [as log] (node_modules/winston/lib/wi
nston/transports/console.js:87:23)

    console.log
      2025-12-22 13:28:57 [[31merror[39m]: License file 
validation failed {
        "errors": [
          "Missing required field: licenseKey",
          "Missing required field: companyId",
          "Missing required field: companyName",
          "Missing required field: issuedAt",
          "Missing required field: expiresAt",
          "Missing required field: modules",
          "Missing required field: signature",
          "Invalid license signature"
        ],
        "path": "D:\\Work\\HR-SM\\test-licenses\\corrupted-1
766402937687.json"
      }

      at Console.write [as log] (node_modules/winston/lib/wi
nston/transports/console.js:87:23)

    console.log
      2025-12-22 13:28:57 [[31merror[39m]: No valid 
license available

      at Console.write [as log] (node_modules/winston/lib/wi
nston/transports/console.js:87:23)

    console.log
      2025-12-22 13:28:57 [[31merror[39m]: No valid 
license available

      at Console.write [as log] (node_modules/winston/lib/wi
nston/transports/console.js:87:23)

    console.log
      2025-12-22 13:28:57 [[31merror[39m]: License file 
validation failed {
        "errors": [
          "Missing required field: licenseKey",
          "Missing required field: companyId",
          "Missing required field: companyName",
          "Missing required field: issuedAt",
          "Missing required field: expiresAt",
          "Missing required field: modules",
          "Missing required field: signature",
          "Invalid license signature"
        ],
        "path": "D:\\Work\\HR-SM\\test-licenses\\corrupted-1
766402937691.json"
      }

      at Console.write [as log] (node_modules/winston/lib/wi
nston/transports/console.js:87:23)

    console.log
      2025-12-22 13:28:57 [[31merror[39m]: No valid 
license available

      at Console.write [as log] (node_modules/winston/lib/wi
nston/transports/console.js:87:23)

    console.log
      2025-12-22 13:28:57 [[31merror[39m]: No valid 
license available

      at Console.write [as log] (node_modules/winston/lib/wi
nston/transports/console.js:87:23)

    console.log
      2025-12-22 13:28:57 [[31merror[39m]: License file 
validation failed {
        "errors": [
          "Failed to parse license file: Unexpected end of 
JSON input"
        ],
        "path": "D:\\Work\\HR-SM\\test-licenses\\corrupted-1
766402937695.json"
      }

      at Console.write [as log] (node_modules/winston/lib/wi
nston/transports/console.js:87:23)

    console.log
      2025-12-22 13:28:57 [[31merror[39m]: No valid 
license available

      at Console.write [as log] (node_modules/winston/lib/wi
nston/transports/console.js:87:23)

    console.log
      2025-12-22 13:28:57 [[31merror[39m]: No valid 
license available

      at Console.write [as log] (node_modules/winston/lib/wi
nston/transports/console.js:87:23)

    console.log
      2025-12-22 13:28:57 [[31merror[39m]: License file 
validation failed {
        "errors": [
          "Failed to parse license file: Expected property 
name or '}' in JSON at position 2 (line 1 column 3)"
        ],
        "path": "D:\\Work\\HR-SM\\test-licenses\\corrupted-1
766402937698.json"
      }

      at Console.write [as log] (node_modules/winston/lib/wi
nston/transports/console.js:87:23)

    console.log
      2025-12-22 13:28:57 [[31merror[39m]: No valid 
license available

      at Console.write [as log] (node_modules/winston/lib/wi
nston/transports/console.js:87:23)

    console.log
      2025-12-22 13:28:57 [[31merror[39m]: No valid 
license available

      at Console.write [as log] (node_modules/winston/lib/wi
nston/transports/console.js:87:23)

    console.log
      2025-12-22 13:28:57 [[31merror[39m]: License file 
validation failed {
        "errors": [
          "Missing required field: licenseKey",
          "Missing required field: companyId",
          "Missing required field: companyName",
          "Missing required field: issuedAt",
          "Missing required field: expiresAt",
          "Missing required field: modules",
          "Missing required field: signature",
          "Invalid license signature"
        ],
        "path": "D:\\Work\\HR-SM\\test-licenses\\corrupted-1
766402937702.json"
      }

      at Console.write [as log] (node_modules/winston/lib/wi
nston/transports/console.js:87:23)

    console.log
      2025-12-22 13:28:57 [[31merror[39m]: No valid 
license available

      at Console.write [as log] (node_modules/winston/lib/wi
nston/transports/console.js:87:23)

    console.log
      2025-12-22 13:28:57 [[31merror[39m]: No valid 
license available

      at Console.write [as log] (node_modules/winston/lib/wi
nston/transports/console.js:87:23)

    console.log
      2025-12-22 13:28:57 [[31merror[39m]: License file 
validation failed {
        "errors": [
          "Missing required field: licenseKey",
          "Missing required field: companyId",
          "Missing required field: companyName",
          "Missing required field: issuedAt",
          "Missing required field: expiresAt",
          "Missing required field: modules",
          "Missing required field: signature",
          "Invalid license signature"
        ],
        "path": "D:\\Work\\HR-SM\\test-licenses\\corrupted-1
766402937707.json"
      }

      at Console.write [as log] (node_modules/winston/lib/wi
nston/transports/console.js:87:23)

    console.log
      2025-12-22 13:28:57 [[31merror[39m]: No valid 
license available

      at Console.write [as log] (node_modules/winston/lib/wi
nston/transports/console.js:87:23)

    console.log
      2025-12-22 13:28:57 [[31merror[39m]: No valid 
license available

      at Console.write [as log] (node_modules/winston/lib/wi
nston/transports/console.js:87:23)

    console.log
      2025-12-22 13:28:57 [[31merror[39m]: License file 
validation failed {
        "errors": [
          "Missing required field: licenseKey",
          "Missing required field: companyId",
          "Missing required field: companyName",
          "Missing required field: issuedAt",
          "Missing required field: expiresAt",
          "Missing required field: modules",
          "Missing required field: signature",
          "Invalid license signature"
        ],
        "path": "D:\\Work\\HR-SM\\test-licenses\\corrupted-1
766402937711.json"
      }

      at Console.write [as log] (node_modules/winston/lib/wi
nston/transports/console.js:87:23)

    console.log
      2025-12-22 13:28:57 [[31merror[39m]: No valid 
license available

      at Console.write [as log] (node_modules/winston/lib/wi
nston/transports/console.js:87:23)

    console.log
      2025-12-22 13:28:57 [[31merror[39m]: No valid 
license available

      at Console.write [as log] (node_modules/winston/lib/wi
nston/transports/console.js:87:23)

    console.log
      2025-12-22 13:28:57 [[31merror[39m]: License file 
validation failed {
        "errors": [
          "Failed to parse license file: Expected property 
name or '}' in JSON at position 2 (line 1 column 3)"
        ],
        "path": "D:\\Work\\HR-SM\\test-licenses\\corrupted-1
766402937715.json"
      }

      at Console.write [as log] (node_modules/winston/lib/wi
nston/transports/console.js:87:23)

    console.log
      2025-12-22 13:28:57 [[31merror[39m]: No valid 
license available

      at Console.write [as log] (node_modules/winston/lib/wi
nston/transports/console.js:87:23)

    console.log
      2025-12-22 13:28:57 [[31merror[39m]: No valid 
license available

      at Console.write [as log] (node_modules/winston/lib/wi
nston/transports/console.js:87:23)

    console.log
      2025-12-22 13:28:57 [[31merror[39m]: License file 
validation failed {
        "errors": [
          "Failed to parse license file: Unexpected end of 
JSON input"
        ],
        "path": "D:\\Work\\HR-SM\\test-licenses\\corrupted-1
766402937718.json"
      }

      at Console.write [as log] (node_modules/winston/lib/wi
nston/transports/console.js:87:23)

    console.log
      2025-12-22 13:28:57 [[31merror[39m]: No valid 
license available

      at Console.write [as log] (node_modules/winston/lib/wi
nston/transports/console.js:87:23)

    console.log
      2025-12-22 13:28:57 [[31merror[39m]: No valid 
license available

      at Console.write [as log] (node_modules/winston/lib/wi
nston/transports/console.js:87:23)

    console.log
      2025-12-22 13:28:57 [[31merror[39m]: License file 
validation failed {
        "errors": [
          "Failed to parse license file: Unexpected end of 
JSON input"
        ],
        "path": "D:\\Work\\HR-SM\\test-licenses\\corrupted-1
766402937726.json"
      }

      at Console.write [as log] (node_modules/winston/lib/wi
nston/transports/console.js:87:23)

    console.log
      2025-12-22 13:28:57 [[31merror[39m]: No valid 
license available

      at Console.write [as log] (node_modules/winston/lib/wi
nston/transports/console.js:87:23)

    console.log
      2025-12-22 13:28:57 [[31merror[39m]: No valid 
license available

      at Console.write [as log] (node_modules/winston/lib/wi
nston/transports/console.js:87:23)

    console.log
      2025-12-22 13:28:57 [[31merror[39m]: License file 
validation failed {
        "errors": [
          "Failed to parse license file: Unexpected end of 
JSON input"
        ],
        "path": "D:\\Work\\HR-SM\\test-licenses\\corrupted-1
766402937730.json"
      }

      at Console.write [as log] (node_modules/winston/lib/wi
nston/transports/console.js:87:23)

    console.log
      2025-12-22 13:28:57 [[31merror[39m]: No valid 
license available

      at Console.write [as log] (node_modules/winston/lib/wi
nston/transports/console.js:87:23)

    console.log
      2025-12-22 13:28:57 [[31merror[39m]: No valid 
license available

      at Console.write [as log] (node_modules/winston/lib/wi
nston/transports/console.js:87:23)

    console.log
      2025-12-22 13:28:57 [[31merror[39m]: License file 
validation failed {
        "errors": [
          "Failed to parse license file: Expected 
double-quoted property name in JSON at position 39 (line 1 
column 40)"
        ],
        "path": "D:\\Work\\HR-SM\\test-licenses\\corrupted-1
766402937734.json"
      }

      at Console.write [as log] (node_modules/winston/lib/wi
nston/transports/console.js:87:23)

    console.log
      2025-12-22 13:28:57 [[31merror[39m]: No valid 
license available

      at Console.write [as log] (node_modules/winston/lib/wi
nston/transports/console.js:87:23)

    console.log
      2025-12-22 13:28:57 [[31merror[39m]: No valid 
license available

      at Console.write [as log] (node_modules/winston/lib/wi
nston/transports/console.js:87:23)

    console.log
      2025-12-22 13:28:57 [[31merror[39m]: Error loading 
license file {
        "error": "Cannot read properties of null (reading 
'licenseKey')",
        "stack": "TypeError: Cannot read properties of null 
(reading 'licenseKey')\n    at validateLicenseFileStructure 
(D:\\Work\\HR-SM\\server\\config\\licenseFileSchema.js:117:2
5)\n    at validateLicenseFileStructure (D:\\Work\\HR-SM\\se
rver\\config\\licenseFileSchema.js:279:33)\n    at 
LicenseFileLoader.parseLicenseFile [as loadLicenseFile] (D:\
\Work\\HR-SM\\server\\services\\licenseFileLoader.service.js
:98:33)\n    at loadLicenseFile (D:\\Work\\HR-SM\\server\\te
sting\\services\\licenseFileLoader.property.test.js:456:64)\
n    at AsyncProperty.p [as predicate] (D:\\Work\\HR-SM\\nod
e_modules\\fast-check\\lib\\check\\property\\AsyncProperty.j
s:14:59)\n    at AsyncProperty.predicate [as run] (D:\\Work\
\HR-SM\\node_modules\\fast-check\\lib\\check\\property\\Asyn
cProperty.generic.js:43:39)\n    at run (D:\\Work\\HR-SM\\no
de_modules\\fast-check\\lib\\check\\runner\\Runner.js:24:36)
\n    at processTicksAndRejections 
(node:internal/process/task_queues:105:5)\n    at 
Object.<anonymous> (D:\\Work\\HR-SM\\server\\testing\\servic
es\\licenseFileLoader.property.test.js:427:9)",
        "path": "D:\\Work\\HR-SM\\test-licenses\\corrupted-1
766402937744.json"
      }

      at Console.write [as log] (node_modules/winston/lib/wi
nston/transports/console.js:87:23)

    console.log
      2025-12-22 13:28:57 [[31merror[39m]: No valid 
license available

      at Console.write [as log] (node_modules/winston/lib/wi
nston/transports/console.js:87:23)

    console.log
      2025-12-22 13:28:57 [[31merror[39m]: No valid 
license available

      at Console.write [as log] (node_modules/winston/lib/wi
nston/transports/console.js:87:23)

    console.log
      2025-12-22 13:28:57 [[31merror[39m]: License file 
validation failed {
        "errors": [
          "Failed to parse license file: Expected property 
name or '}' in JSON at position 2 (line 1 column 3)"
        ],
        "path": "D:\\Work\\HR-SM\\test-licenses\\corrupted-1
766402937751.json"
      }

      at Console.write [as log] (node_modules/winston/lib/wi
nston/transports/console.js:87:23)

    console.log
      2025-12-22 13:28:57 [[31merror[39m]: No valid 
license available

      at Console.write [as log] (node_modules/winston/lib/wi
nston/transports/console.js:87:23)

    console.log
      2025-12-22 13:28:57 [[31merror[39m]: No valid 
license available

      at Console.write [as log] (node_modules/winston/lib/wi
nston/transports/console.js:87:23)

    console.log
      2025-12-22 13:28:57 [[31merror[39m]: License file 
validation failed {
        "errors": [
          "Failed to parse license file: Unexpected end of 
JSON input"
        ],
        "path": "D:\\Work\\HR-SM\\test-licenses\\corrupted-1
766402937754.json"
      }

      at Console.write [as log] (node_modules/winston/lib/wi
nston/transports/console.js:87:23)

    console.log
      2025-12-22 13:28:57 [[31merror[39m]: No valid 
license available

      at Console.write [as log] (node_modules/winston/lib/wi
nston/transports/console.js:87:23)

    console.log
      2025-12-22 13:28:57 [[31merror[39m]: No valid 
license available

      at Console.write [as log] (node_modules/winston/lib/wi
nston/transports/console.js:87:23)

    console.log
      2025-12-22 13:28:57 [[31merror[39m]: License file 
validation failed {
        "errors": [
          "Failed to parse license file: Unexpected end of 
JSON input"
        ],
        "path": "D:\\Work\\HR-SM\\test-licenses\\corrupted-1
766402937759.json"
      }

      at Console.write [as log] (node_modules/winston/lib/wi
nston/transports/console.js:87:23)

    console.log
      2025-12-22 13:28:57 [[31merror[39m]: No valid 
license available

      at Console.write [as log] (node_modules/winston/lib/wi
nston/transports/console.js:87:23)

    console.log
      2025-12-22 13:28:57 [[31merror[39m]: No valid 
license available

      at Console.write [as log] (node_modules/winston/lib/wi
nston/transports/console.js:87:23)

    console.log
      2025-12-22 13:28:57 [[31merror[39m]: License file 
validation failed {
        "errors": [
          "Missing required field: licenseKey",
          "Missing required field: companyId",
          "Missing required field: companyName",
          "Missing required field: issuedAt",
          "Missing required field: expiresAt",
          "Missing required field: modules",
          "Missing required field: signature",
          "Invalid license signature"
        ],
        "path": "D:\\Work\\HR-SM\\test-licenses\\corrupted-1
766402937762.json"
      }

      at Console.write [as log] (node_modules/winston/lib/wi
nston/transports/console.js:87:23)

    console.log
      2025-12-22 13:28:57 [[31merror[39m]: No valid 
license available

      at Console.write [as log] (node_modules/winston/lib/wi
nston/transports/console.js:87:23)

    console.log
      2025-12-22 13:28:57 [[31merror[39m]: No valid 
license available

      at Console.write [as log] (node_modules/winston/lib/wi
nston/transports/console.js:87:23)

    console.log
      2025-12-22 13:28:57 [[31merror[39m]: License file 
validation failed {
        "errors": [
          "Failed to parse license file: \"undefined\" is 
not valid JSON"
        ],
        "path": "D:\\Work\\HR-SM\\test-licenses\\corrupted-1
766402937765.json"
      }

      at Console.write [as log] (node_modules/winston/lib/wi
nston/transports/console.js:87:23)

    console.log
      2025-12-22 13:28:57 [[31merror[39m]: No valid 
license available

      at Console.write [as log] (node_modules/winston/lib/wi
nston/transports/console.js:87:23)

    console.log
      2025-12-22 13:28:57 [[31merror[39m]: No valid 
license available

      at Console.write [as log] (node_modules/winston/lib/wi
nston/transports/console.js:87:23)

    console.log
      2025-12-22 13:28:57 [[31merror[39m]: License file 
validation failed {
        "errors": [
          "Missing required field: licenseKey",
          "Missing required field: companyId",
          "Missing required field: companyName",
          "Missing required field: issuedAt",
          "Missing required field: expiresAt",
          "Missing required field: modules",
          "Missing required field: signature",
          "Invalid license signature"
        ],
        "path": "D:\\Work\\HR-SM\\test-licenses\\corrupted-1
766402937768.json"
      }

      at Console.write [as log] (node_modules/winston/lib/wi
nston/transports/console.js:87:23)

    console.log
      2025-12-22 13:28:57 [[31merror[39m]: No valid 
license available

      at Console.write [as log] (node_modules/winston/lib/wi
nston/transports/console.js:87:23)

    console.log
      2025-12-22 13:28:57 [[31merror[39m]: No valid 
license available

      at Console.write [as log] (node_modules/winston/lib/wi
nston/transports/console.js:87:23)

    console.log
      2025-12-22 13:28:57 [[31merror[39m]: License file 
validation failed {
        "errors": [
          "Failed to parse license file: \"undefined\" is 
not valid JSON"
        ],
        "path": "D:\\Work\\HR-SM\\test-licenses\\corrupted-1
766402937772.json"
      }

      at Console.write [as log] (node_modules/winston/lib/wi
nston/transports/console.js:87:23)

    console.log
      2025-12-22 13:28:57 [[31merror[39m]: No valid 
license available

      at Console.write [as log] (node_modules/winston/lib/wi
nston/transports/console.js:87:23)

    console.log
      2025-12-22 13:28:57 [[31merror[39m]: No valid 
license available

      at Console.write [as log] (node_modules/winston/lib/wi
nston/transports/console.js:87:23)

    console.log
      2025-12-22 13:28:57 [[31merror[39m]: License file 
validation failed {
        "errors": [
          "Missing required field: licenseKey",
          "Missing required field: companyId",
          "Missing required field: companyName",
          "Missing required field: issuedAt",
          "Missing required field: expiresAt",
          "Missing required field: modules",
          "Missing required field: signature",
          "Invalid license signature"
        ],
        "path": "D:\\Work\\HR-SM\\test-licenses\\corrupted-1
766402937783.json"
      }

      at Console.write [as log] (node_modules/winston/lib/wi
nston/transports/console.js:87:23)

    console.log
      2025-12-22 13:28:57 [[31merror[39m]: No valid 
license available

      at Console.write [as log] (node_modules/winston/lib/wi
nston/transports/console.js:87:23)

    console.log
      2025-12-22 13:28:57 [[31merror[39m]: No valid 
license available

      at Console.write [as log] (node_modules/winston/lib/wi
nston/transports/console.js:87:23)

    console.log
      2025-12-22 13:28:57 [[31merror[39m]: License file 
validation failed {
        "errors": [
          "Missing required field: licenseKey",
          "Missing required field: companyId",
          "Missing required field: companyName",
          "Missing required field: issuedAt",
          "Missing required field: expiresAt",
          "Missing required field: modules",
          "Missing required field: signature",
          "Invalid license signature"
        ],
        "path": "D:\\Work\\HR-SM\\test-licenses\\corrupted-1
766402937786.json"
      }

      at Console.write [as log] (node_modules/winston/lib/wi
nston/transports/console.js:87:23)

    console.log
      2025-12-22 13:28:57 [[31merror[39m]: No valid 
license available

      at Console.write [as log] (node_modules/winston/lib/wi
nston/transports/console.js:87:23)

    console.log
      2025-12-22 13:28:57 [[31merror[39m]: No valid 
license available

      at Console.write [as log] (node_modules/winston/lib/wi
nston/transports/console.js:87:23)

    console.log
      2025-12-22 13:28:57 [[31merror[39m]: License file 
validation failed {
        "errors": [
          "Failed to parse license file: Unexpected end of 
JSON input"
        ],
        "path": "D:\\Work\\HR-SM\\test-licenses\\corrupted-1
766402937795.json"
      }

      at Console.write [as log] (node_modules/winston/lib/wi
nston/transports/console.js:87:23)

    console.log
      2025-12-22 13:28:57 [[31merror[39m]: No valid 
license available

      at Console.write [as log] (node_modules/winston/lib/wi
nston/transports/console.js:87:23)

    console.log
      2025-12-22 13:28:57 [[31merror[39m]: No valid 
license available

      at Console.write [as log] (node_modules/winston/lib/wi
nston/transports/console.js:87:23)

    console.log
      2025-12-22 13:28:57 [[31merror[39m]: License file 
validation failed {
        "errors": [
          "Failed to parse license file: \"undefined\" is 
not valid JSON"
        ],
        "path": "D:\\Work\\HR-SM\\test-licenses\\corrupted-1
766402937798.json"
      }

      at Console.write [as log] (node_modules/winston/lib/wi
nston/transports/console.js:87:23)

    console.log
      2025-12-22 13:28:57 [[31merror[39m]: No valid 
license available

      at Console.write [as log] (node_modules/winston/lib/wi
nston/transports/console.js:87:23)

    console.log
      2025-12-22 13:28:57 [[31merror[39m]: No valid 
license available

      at Console.write [as log] (node_modules/winston/lib/wi
nston/transports/console.js:87:23)

    console.log
      2025-12-22 13:28:57 [[31merror[39m]: License file 
validation failed {
        "errors": [
          "Failed to parse license file: Expected property 
name or '}' in JSON at position 2 (line 1 column 3)"
        ],
        "path": "D:\\Work\\HR-SM\\test-licenses\\corrupted-1
766402937802.json"
      }

      at Console.write [as log] (node_modules/winston/lib/wi
nston/transports/console.js:87:23)

    console.log
      2025-12-22 13:28:57 [[31merror[39m]: No valid 
license available

      at Console.write [as log] (node_modules/winston/lib/wi
nston/transports/console.js:87:23)

    console.log
      2025-12-22 13:28:57 [[31merror[39m]: No valid 
license available

      at Console.write [as log] (node_modules/winston/lib/wi
nston/transports/console.js:87:23)

    console.log
      2025-12-22 13:28:57 [[31merror[39m]: License file 
validation failed {
        "errors": [
          "Failed to parse license file: Expected property 
name or '}' in JSON at position 2 (line 1 column 3)"
        ],
        "path": "D:\\Work\\HR-SM\\test-licenses\\corrupted-1
766402937808.json"
      }

      at Console.write [as log] (node_modules/winston/lib/wi
nston/transports/console.js:87:23)

    console.log
      2025-12-22 13:28:57 [[31merror[39m]: No valid 
license available

      at Console.write [as log] (node_modules/winston/lib/wi
nston/transports/console.js:87:23)

    console.log
      2025-12-22 13:28:57 [[31merror[39m]: No valid 
license available

      at Console.write [as log] (node_modules/winston/lib/wi
nston/transports/console.js:87:23)

    console.log
      2025-12-22 13:28:57 [[31merror[39m]: License file 
validation failed {
        "errors": [
          "Failed to parse license file: Unexpected end of 
JSON input"
        ],
        "path": "D:\\Work\\HR-SM\\test-licenses\\corrupted-1
766402937811.json"
      }

      at Console.write [as log] (node_modules/winston/lib/wi
nston/transports/console.js:87:23)

    console.log
      2025-12-22 13:28:57 [[31merror[39m]: No valid 
license available

      at Console.write [as log] (node_modules/winston/lib/wi
nston/transports/console.js:87:23)

    console.log
      2025-12-22 13:28:57 [[31merror[39m]: No valid 
license available

      at Console.write [as log] (node_modules/winston/lib/wi
nston/transports/console.js:87:23)

    console.log
      2025-12-22 13:28:57 [[31merror[39m]: License file 
validation failed {
        "errors": [
          "Failed to parse license file: \"undefined\" is 
not valid JSON"
        ],
        "path": "D:\\Work\\HR-SM\\test-licenses\\corrupted-1
766402937815.json"
      }

      at Console.write [as log] (node_modules/winston/lib/wi
nston/transports/console.js:87:23)

    console.log
      2025-12-22 13:28:57 [[31merror[39m]: No valid 
license available

      at Console.write [as log] (node_modules/winston/lib/wi
nston/transports/console.js:87:23)

    console.log
      2025-12-22 13:28:57 [[31merror[39m]: No valid 
license available

      at Console.write [as log] (node_modules/winston/lib/wi
nston/transports/console.js:87:23)

    console.log
      2025-12-22 13:28:57 [[31merror[39m]: License file 
validation failed {
        "errors": [
          "Failed to parse license file: \"undefined\" is 
not valid JSON"
        ],
        "path": "D:\\Work\\HR-SM\\test-licenses\\corrupted-1
766402937820.json"
      }

      at Console.write [as log] (node_modules/winston/lib/wi
nston/transports/console.js:87:23)

    console.log
      2025-12-22 13:28:57 [[31merror[39m]: No valid 
license available

      at Console.write [as log] (node_modules/winston/lib/wi
nston/transports/console.js:87:23)

    console.log
      2025-12-22 13:28:57 [[31merror[39m]: No valid 
license available

      at Console.write [as log] (node_modules/winston/lib/wi
nston/transports/console.js:87:23)

    console.log
      2025-12-22 13:28:57 [[31merror[39m]: License file 
validation failed {
        "errors": [
          "Failed to parse license file: Unexpected end of 
JSON input"
        ],
        "path": "D:\\Work\\HR-SM\\test-licenses\\corrupted-1
766402937825.json"
      }

      at Console.write [as log] (node_modules/winston/lib/wi
nston/transports/console.js:87:23)

    console.log
      2025-12-22 13:28:57 [[31merror[39m]: No valid 
license available

      at Console.write [as log] (node_modules/winston/lib/wi
nston/transports/console.js:87:23)

    console.log
      2025-12-22 13:28:57 [[31merror[39m]: No valid 
license available

      at Console.write [as log] (node_modules/winston/lib/wi
nston/transports/console.js:87:23)

    console.log
      2025-12-22 13:28:57 [[31merror[39m]: License file 
validation failed {
        "errors": [
          "Failed to parse license file: \"undefined\" is 
not valid JSON"
        ],
        "path": "D:\\Work\\HR-SM\\test-licenses\\corrupted-1
766402937828.json"
      }

      at Console.write [as log] (node_modules/winston/lib/wi
nston/transports/console.js:87:23)

    console.log
      2025-12-22 13:28:57 [[31merror[39m]: No valid 
license available

      at Console.write [as log] (node_modules/winston/lib/wi
nston/transports/console.js:87:23)

    console.log
      2025-12-22 13:28:57 [[31merror[39m]: No valid 
license available

      at Console.write [as log] (node_modules/winston/lib/wi
nston/transports/console.js:87:23)

    console.log
      2025-12-22 13:28:57 [[31merror[39m]: License file 
validation failed {
        "errors": [
          "Failed to parse license file: Expected 
double-quoted property name in JSON at position 39 (line 1 
column 40)"
        ],
        "path": "D:\\Work\\HR-SM\\test-licenses\\corrupted-1
766402937847.json"
      }

      at Console.write [as log] (node_modules/winston/lib/wi
nston/transports/console.js:87:23)

    console.log
      2025-12-22 13:28:57 [[31merror[39m]: No valid 
license available

      at Console.write [as log] (node_modules/winston/lib/wi
nston/transports/console.js:87:23)

    console.log
      2025-12-22 13:28:57 [[31merror[39m]: No valid 
license available

      at Console.write [as log] (node_modules/winston/lib/wi
nston/transports/console.js:87:23)

    console.log
      2025-12-22 13:28:57 [[31merror[39m]: License file 
validation failed {
        "errors": [
          "Missing required field: licenseKey",
          "Missing required field: companyId",
          "Missing required field: companyName",
          "Missing required field: issuedAt",
          "Missing required field: expiresAt",
          "Missing required field: modules",
          "Missing required field: signature",
          "Invalid license signature"
        ],
        "path": "D:\\Work\\HR-SM\\test-licenses\\corrupted-1
766402937852.json"
      }

      at Console.write [as log] (node_modules/winston/lib/wi
nston/transports/console.js:87:23)

    console.log
      2025-12-22 13:28:57 [[31merror[39m]: No valid 
license available

      at Console.write [as log] (node_modules/winston/lib/wi
nston/transports/console.js:87:23)

    console.log
      2025-12-22 13:28:57 [[31merror[39m]: No valid 
license available

      at Console.write [as log] (node_modules/winston/lib/wi
nston/transports/console.js:87:23)

    console.log
      2025-12-22 13:28:57 [[31merror[39m]: License file 
validation failed {
        "errors": [
          "Failed to parse license file: Expected 
double-quoted property name in JSON at position 39 (line 1 
column 40)"
        ],
        "path": "D:\\Work\\HR-SM\\test-licenses\\corrupted-1
766402937860.json"
      }

      at Console.write [as log] (node_modules/winston/lib/wi
nston/transports/console.js:87:23)

    console.log
      2025-12-22 13:28:57 [[31merror[39m]: No valid 
license available

      at Console.write [as log] (node_modules/winston/lib/wi
nston/transports/console.js:87:23)

    console.log
      2025-12-22 13:28:57 [[31merror[39m]: No valid 
license available

      at Console.write [as log] (node_modules/winston/lib/wi
nston/transports/console.js:87:23)

    console.log
      2025-12-22 13:28:57 [[31merror[39m]: License file 
validation failed {
        "errors": [
          "Failed to parse license file: Expected 
double-quoted property name in JSON at position 39 (line 1 
column 40)"
        ],
        "path": "D:\\Work\\HR-SM\\test-licenses\\corrupted-1
766402937867.json"
      }

      at Console.write [as log] (node_modules/winston/lib/wi
nston/transports/console.js:87:23)

    console.log
      2025-12-22 13:28:57 [[31merror[39m]: No valid 
license available

      at Console.write [as log] (node_modules/winston/lib/wi
nston/transports/console.js:87:23)

    console.log
      2025-12-22 13:28:57 [[31merror[39m]: No valid 
license available

      at Console.write [as log] (node_modules/winston/lib/wi
nston/transports/console.js:87:23)

    console.log
      2025-12-22 13:28:57 [[31merror[39m]: License file 
validation failed {
        "errors": [
          "Failed to parse license file: \"undefined\" is 
not valid JSON"
        ],
        "path": "D:\\Work\\HR-SM\\test-licenses\\corrupted-1
766402937871.json"
      }

      at Console.write [as log] (node_modules/winston/lib/wi
nston/transports/console.js:87:23)

    console.log
      2025-12-22 13:28:57 [[31merror[39m]: No valid 
license available

      at Console.write [as log] (node_modules/winston/lib/wi
nston/transports/console.js:87:23)

    console.log
      2025-12-22 13:28:57 [[31merror[39m]: No valid 
license available

      at Console.write [as log] (node_modules/winston/lib/wi
nston/transports/console.js:87:23)

    console.log
      2025-12-22 13:28:57 [[31merror[39m]: License file 
validation failed {
        "errors": [
          "Missing required field: licenseKey",
          "Missing required field: companyId",
          "Missing required field: companyName",
          "Missing required field: issuedAt",
          "Missing required field: expiresAt",
          "Missing required field: modules",
          "Missing required field: signature",
          "Invalid license signature"
        ],
        "path": "D:\\Work\\HR-SM\\test-licenses\\corrupted-1
766402937875.json"
      }

      at Console.write [as log] (node_modules/winston/lib/wi
nston/transports/console.js:87:23)

    console.log
      2025-12-22 13:28:57 [[31merror[39m]: No valid 
license available

      at Console.write [as log] (node_modules/winston/lib/wi
nston/transports/console.js:87:23)

    console.log
      2025-12-22 13:28:57 [[31merror[39m]: No valid 
license available

      at Console.write [as log] (node_modules/winston/lib/wi
nston/transports/console.js:87:23)

    console.log
      2025-12-22 13:28:57 [[31merror[39m]: Error loading 
license file {
        "error": "Cannot read properties of null (reading 
'licenseKey')",
        "stack": "TypeError: Cannot read properties of null 
(reading 'licenseKey')\n    at validateLicenseFileStructure 
(D:\\Work\\HR-SM\\server\\config\\licenseFileSchema.js:117:2
5)\n    at validateLicenseFileStructure (D:\\Work\\HR-SM\\se
rver\\config\\licenseFileSchema.js:279:33)\n    at 
LicenseFileLoader.parseLicenseFile [as loadLicenseFile] (D:\
\Work\\HR-SM\\server\\services\\licenseFileLoader.service.js
:98:33)\n    at loadLicenseFile (D:\\Work\\HR-SM\\server\\te
sting\\services\\licenseFileLoader.property.test.js:456:64)\
n    at AsyncProperty.p [as predicate] (D:\\Work\\HR-SM\\nod
e_modules\\fast-check\\lib\\check\\property\\AsyncProperty.j
s:14:59)\n    at AsyncProperty.predicate [as run] (D:\\Work\
\HR-SM\\node_modules\\fast-check\\lib\\check\\property\\Asyn
cProperty.generic.js:43:39)\n    at run (D:\\Work\\HR-SM\\no
de_modules\\fast-check\\lib\\check\\runner\\Runner.js:24:36)
\n    at processTicksAndRejections 
(node:internal/process/task_queues:105:5)\n    at 
Object.<anonymous> (D:\\Work\\HR-SM\\server\\testing\\servic
es\\licenseFileLoader.property.test.js:427:9)",
        "path": "D:\\Work\\HR-SM\\test-licenses\\corrupted-1
766402937878.json"
      }

      at Console.write [as log] (node_modules/winston/lib/wi
nston/transports/console.js:87:23)

    console.log
      2025-12-22 13:28:57 [[31merror[39m]: No valid 
license available

      at Console.write [as log] (node_modules/winston/lib/wi
nston/transports/console.js:87:23)

    console.log
      2025-12-22 13:28:57 [[31merror[39m]: No valid 
license available

      at Console.write [as log] (node_modules/winston/lib/wi
nston/transports/console.js:87:23)

    console.log
      2025-12-22 13:28:57 [[31merror[39m]: License file 
validation failed {
        "errors": [
          "Missing required field: licenseKey",
          "Missing required field: companyId",
          "Missing required field: companyName",
          "Missing required field: issuedAt",
          "Missing required field: expiresAt",
          "Missing required field: modules",
          "Missing required field: signature",
          "Invalid license signature"
        ],
        "path": "D:\\Work\\HR-SM\\test-licenses\\corrupted-1
766402937882.json"
      }

      at Console.write [as log] (node_modules/winston/lib/wi
nston/transports/console.js:87:23)

    console.log
      2025-12-22 13:28:57 [[31merror[39m]: No valid 
license available

      at Console.write [as log] (node_modules/winston/lib/wi
nston/transports/console.js:87:23)

    console.log
      2025-12-22 13:28:57 [[31merror[39m]: No valid 
license available

      at Console.write [as log] (node_modules/winston/lib/wi
nston/transports/console.js:87:23)

    console.log
      2025-12-22 13:28:57 [[31merror[39m]: Error loading 
license file {
        "error": "Cannot read properties of null (reading 
'licenseKey')",
        "stack": "TypeError: Cannot read properties of null 
(reading 'licenseKey')\n    at validateLicenseFileStructure 
(D:\\Work\\HR-SM\\server\\config\\licenseFileSchema.js:117:2
5)\n    at validateLicenseFileStructure (D:\\Work\\HR-SM\\se
rver\\config\\licenseFileSchema.js:279:33)\n    at 
LicenseFileLoader.parseLicenseFile [as loadLicenseFile] (D:\
\Work\\HR-SM\\server\\services\\licenseFileLoader.service.js
:98:33)\n    at loadLicenseFile (D:\\Work\\HR-SM\\server\\te
sting\\services\\licenseFileLoader.property.test.js:456:64)\
n    at AsyncProperty.p [as predicate] (D:\\Work\\HR-SM\\nod
e_modules\\fast-check\\lib\\check\\property\\AsyncProperty.j
s:14:59)\n    at AsyncProperty.predicate [as run] (D:\\Work\
\HR-SM\\node_modules\\fast-check\\lib\\check\\property\\Asyn
cProperty.generic.js:43:39)\n    at run (D:\\Work\\HR-SM\\no
de_modules\\fast-check\\lib\\check\\runner\\Runner.js:24:36)
\n    at processTicksAndRejections 
(node:internal/process/task_queues:105:5)\n    at 
Object.<anonymous> (D:\\Work\\HR-SM\\server\\testing\\servic
es\\licenseFileLoader.property.test.js:427:9)",
        "path": "D:\\Work\\HR-SM\\test-licenses\\corrupted-1
766402937886.json"
      }

      at Console.write [as log] (node_modules/winston/lib/wi
nston/transports/console.js:87:23)

    console.log
      2025-12-22 13:28:57 [[31merror[39m]: No valid 
license available

      at Console.write [as log] (node_modules/winston/lib/wi
nston/transports/console.js:87:23)

    console.log
      2025-12-22 13:28:57 [[31merror[39m]: No valid 
license available

      at Console.write [as log] (node_modules/winston/lib/wi
nston/transports/console.js:87:23)

    console.log
      2025-12-22 13:28:57 [[31merror[39m]: License file 
validation failed {
        "errors": [
          "Failed to parse license file: Expected property 
name or '}' in JSON at position 2 (line 1 column 3)"
        ],
        "path": "D:\\Work\\HR-SM\\test-licenses\\corrupted-1
766402937891.json"
      }

      at Console.write [as log] (node_modules/winston/lib/wi
nston/transports/console.js:87:23)

    console.log
      2025-12-22 13:28:57 [[31merror[39m]: No valid 
license available

      at Console.write [as log] (node_modules/winston/lib/wi
nston/transports/console.js:87:23)

    console.log
      2025-12-22 13:28:57 [[31merror[39m]: No valid 
license available

      at Console.write [as log] (node_modules/winston/lib/wi
nston/transports/console.js:87:23)

    console.log
      2025-12-22 13:28:57 [[31merror[39m]: License file 
validation failed {
        "errors": [
          "Failed to parse license file: Expected property 
name or '}' in JSON at position 2 (line 1 column 3)"
        ],
        "path": "D:\\Work\\HR-SM\\test-licenses\\corrupted-1
766402937900.json"
      }

      at Console.write [as log] (node_modules/winston/lib/wi
nston/transports/console.js:87:23)

    console.log
      2025-12-22 13:28:57 [[31merror[39m]: No valid 
license available

      at Console.write [as log] (node_modules/winston/lib/wi
nston/transports/console.js:87:23)

    console.log
      2025-12-22 13:28:57 [[31merror[39m]: No valid 
license available

      at Console.write [as log] (node_modules/winston/lib/wi
nston/transports/console.js:87:23)

    console.log
      2025-12-22 13:28:57 [[31merror[39m]: License file 
validation failed {
        "errors": [
          "Failed to parse license file: \"undefined\" is 
not valid JSON"
        ],
        "path": "D:\\Work\\HR-SM\\test-licenses\\corrupted-1
766402937903.json"
      }

      at Console.write [as log] (node_modules/winston/lib/wi
nston/transports/console.js:87:23)

    console.log
      2025-12-22 13:28:57 [[31merror[39m]: No valid 
license available

      at Console.write [as log] (node_modules/winston/lib/wi
nston/transports/console.js:87:23)

    console.log
      2025-12-22 13:28:57 [[31merror[39m]: No valid 
license available

      at Console.write [as log] (node_modules/winston/lib/wi
nston/transports/console.js:87:23)

    console.log
      2025-12-22 13:28:57 [[31merror[39m]: License file 
validation failed {
        "errors": [
          "Missing required field: licenseKey",
          "Missing required field: companyId",
          "Missing required field: companyName",
          "Missing required field: issuedAt",
          "Missing required field: expiresAt",
          "Missing required field: modules",
          "Missing required field: signature",
          "Invalid license signature"
        ],
        "path": "D:\\Work\\HR-SM\\test-licenses\\corrupted-1
766402937907.json"
      }

      at Console.write [as log] (node_modules/winston/lib/wi
nston/transports/console.js:87:23)

    console.log
      2025-12-22 13:28:57 [[31merror[39m]: No valid 
license available

      at Console.write [as log] (node_modules/winston/lib/wi
nston/transports/console.js:87:23)

    console.log
      2025-12-22 13:28:57 [[31merror[39m]: No valid 
license available

      at Console.write [as log] (node_modules/winston/lib/wi
nston/transports/console.js:87:23)

    console.log
      2025-12-22 13:28:57 [[31merror[39m]: License file 
validation failed {
        "errors": [
          "Missing required field: licenseKey",
          "Missing required field: companyId",
          "Missing required field: companyName",
          "Missing required field: issuedAt",
          "Missing required field: expiresAt",
          "Missing required field: modules",
          "Missing required field: signature",
          "Invalid license signature"
        ],
        "path": "D:\\Work\\HR-SM\\test-licenses\\corrupted-1
766402937912.json"
      }

      at Console.write [as log] (node_modules/winston/lib/wi
nston/transports/console.js:87:23)

    console.log
      2025-12-22 13:28:57 [[31merror[39m]: No valid 
license available

      at Console.write [as log] (node_modules/winston/lib/wi
nston/transports/console.js:87:23)

    console.log
      2025-12-22 13:28:57 [[31merror[39m]: No valid 
license available

      at Console.write [as log] (node_modules/winston/lib/wi
nston/transports/console.js:87:23)

    console.log
      2025-12-22 13:28:57 [[31merror[39m]: Error loading 
license file {
        "error": "Cannot read properties of null (reading 
'licenseKey')",
        "stack": "TypeError: Cannot read properties of null 
(reading 'licenseKey')\n    at validateLicenseFileStructure 
(D:\\Work\\HR-SM\\server\\config\\licenseFileSchema.js:117:2
5)\n    at validateLicenseFileStructure (D:\\Work\\HR-SM\\se
rver\\config\\licenseFileSchema.js:279:33)\n    at 
LicenseFileLoader.parseLicenseFile [as loadLicenseFile] (D:\
\Work\\HR-SM\\server\\services\\licenseFileLoader.service.js
:98:33)\n    at loadLicenseFile (D:\\Work\\HR-SM\\server\\te
sting\\services\\licenseFileLoader.property.test.js:456:64)\
n    at AsyncProperty.p [as predicate] (D:\\Work\\HR-SM\\nod
e_modules\\fast-check\\lib\\check\\property\\AsyncProperty.j
s:14:59)\n    at AsyncProperty.predicate [as run] (D:\\Work\
\HR-SM\\node_modules\\fast-check\\lib\\check\\property\\Asyn
cProperty.generic.js:43:39)\n    at run (D:\\Work\\HR-SM\\no
de_modules\\fast-check\\lib\\check\\runner\\Runner.js:24:36)
\n    at processTicksAndRejections 
(node:internal/process/task_queues:105:5)\n    at 
Object.<anonymous> (D:\\Work\\HR-SM\\server\\testing\\servic
es\\licenseFileLoader.property.test.js:427:9)",
        "path": "D:\\Work\\HR-SM\\test-licenses\\corrupted-1
766402937915.json"
      }

      at Console.write [as log] (node_modules/winston/lib/wi
nston/transports/console.js:87:23)

    console.log
      2025-12-22 13:28:57 [[31merror[39m]: No valid 
license available

      at Console.write [as log] (node_modules/winston/lib/wi
nston/transports/console.js:87:23)

    console.log
      2025-12-22 13:28:57 [[31merror[39m]: No valid 
license available

      at Console.write [as log] (node_modules/winston/lib/wi
nston/transports/console.js:87:23)

    console.log
      2025-12-22 13:28:57 [[31merror[39m]: License file 
validation failed {
        "errors": [
          "Missing required field: licenseKey",
          "Missing required field: companyId",
          "Missing required field: companyName",
          "Missing required field: issuedAt",
          "Missing required field: expiresAt",
          "Missing required field: modules",
          "Missing required field: signature",
          "Invalid license signature"
        ],
        "path": "D:\\Work\\HR-SM\\test-licenses\\corrupted-1
766402937921.json"
      }

      at Console.write [as log] (node_modules/winston/lib/wi
nston/transports/console.js:87:23)

    console.log
      2025-12-22 13:28:57 [[31merror[39m]: No valid 
license available

      at Console.write [as log] (node_modules/winston/lib/wi
nston/transports/console.js:87:23)

    console.log
      2025-12-22 13:28:57 [[31merror[39m]: No valid 
license available

      at Console.write [as log] (node_modules/winston/lib/wi
nston/transports/console.js:87:23)

    console.log
      2025-12-22 13:28:57 [[31merror[39m]: License file 
validation failed {
        "errors": [
          "Failed to parse license file: Unexpected end of 
JSON input"
        ],
        "path": "D:\\Work\\HR-SM\\test-licenses\\corrupted-1
766402937926.json"
      }

      at Console.write [as log] (node_modules/winston/lib/wi
nston/transports/console.js:87:23)

    console.log
      2025-12-22 13:28:57 [[31merror[39m]: No valid 
license available

      at Console.write [as log] (node_modules/winston/lib/wi
nston/transports/console.js:87:23)

    console.log
      2025-12-22 13:28:57 [[31merror[39m]: No valid 
license available

      at Console.write [as log] (node_modules/winston/lib/wi
nston/transports/console.js:87:23)

    console.log
      2025-12-22 13:28:57 [[31merror[39m]: License file 
validation failed {
        "errors": [
          "Missing required field: licenseKey",
          "Missing required field: companyId",
          "Missing required field: companyName",
          "Missing required field: issuedAt",
          "Missing required field: expiresAt",
          "Missing required field: modules",
          "Missing required field: signature",
          "Invalid license signature"
        ],
        "path": "D:\\Work\\HR-SM\\test-licenses\\corrupted-1
766402937928.json"
      }

      at Console.write [as log] (node_modules/winston/lib/wi
nston/transports/console.js:87:23)

    console.log
      2025-12-22 13:28:57 [[31merror[39m]: No valid 
license available

      at Console.write [as log] (node_modules/winston/lib/wi
nston/transports/console.js:87:23)

    console.log
      2025-12-22 13:28:57 [[31merror[39m]: No valid 
license available

      at Console.write [as log] (node_modules/winston/lib/wi
nston/transports/console.js:87:23)

    console.log
      2025-12-22 13:28:57 [[31merror[39m]: License file 
validation failed {
        "errors": [
          "Missing required field: licenseKey",
          "Missing required field: companyId",
          "Missing required field: companyName",
          "Missing required field: issuedAt",
          "Missing required field: expiresAt",
          "Missing required field: modules",
          "Missing required field: signature",
          "Invalid license signature"
        ],
        "path": "D:\\Work\\HR-SM\\test-licenses\\corrupted-1
766402937932.json"
      }

      at Console.write [as log] (node_modules/winston/lib/wi
nston/transports/console.js:87:23)

    console.log
      2025-12-22 13:28:57 [[31merror[39m]: No valid 
license available

      at Console.write [as log] (node_modules/winston/lib/wi
nston/transports/console.js:87:23)

    console.log
      2025-12-22 13:28:57 [[31merror[39m]: No valid 
license available

      at Console.write [as log] (node_modules/winston/lib/wi
nston/transports/console.js:87:23)

    console.log
      2025-12-22 13:28:57 [[31merror[39m]: Error loading 
license file {
        "error": "Cannot read properties of null (reading 
'licenseKey')",
        "stack": "TypeError: Cannot read properties of null 
(reading 'licenseKey')\n    at validateLicenseFileStructure 
(D:\\Work\\HR-SM\\server\\config\\licenseFileSchema.js:117:2
5)\n    at validateLicenseFileStructure (D:\\Work\\HR-SM\\se
rver\\config\\licenseFileSchema.js:279:33)\n    at 
LicenseFileLoader.parseLicenseFile [as loadLicenseFile] (D:\
\Work\\HR-SM\\server\\services\\licenseFileLoader.service.js
:98:33)\n    at loadLicenseFile (D:\\Work\\HR-SM\\server\\te
sting\\services\\licenseFileLoader.property.test.js:456:64)\
n    at AsyncProperty.p [as predicate] (D:\\Work\\HR-SM\\nod
e_modules\\fast-check\\lib\\check\\property\\AsyncProperty.j
s:14:59)\n    at AsyncProperty.predicate [as run] (D:\\Work\
\HR-SM\\node_modules\\fast-check\\lib\\check\\property\\Asyn
cProperty.generic.js:43:39)\n    at run (D:\\Work\\HR-SM\\no
de_modules\\fast-check\\lib\\check\\runner\\Runner.js:24:36)
\n    at processTicksAndRejections 
(node:internal/process/task_queues:105:5)\n    at 
Object.<anonymous> (D:\\Work\\HR-SM\\server\\testing\\servic
es\\licenseFileLoader.property.test.js:427:9)",
        "path": "D:\\Work\\HR-SM\\test-licenses\\corrupted-1
766402937937.json"
      }

      at Console.write [as log] (node_modules/winston/lib/wi
nston/transports/console.js:87:23)

    console.log
      2025-12-22 13:28:57 [[31merror[39m]: No valid 
license available

      at Console.write [as log] (node_modules/winston/lib/wi
nston/transports/console.js:87:23)

    console.log
      2025-12-22 13:28:57 [[31merror[39m]: No valid 
license available

      at Console.write [as log] (node_modules/winston/lib/wi
nston/transports/console.js:87:23)

    console.log
      2025-12-22 13:28:57 [[31merror[39m]: License file 
validation failed {
        "errors": [
          "Missing required field: licenseKey",
          "Missing required field: companyId",
          "Missing required field: companyName",
          "Missing required field: issuedAt",
          "Missing required field: expiresAt",
          "Missing required field: modules",
          "Missing required field: signature",
          "Invalid license signature"
        ],
        "path": "D:\\Work\\HR-SM\\test-licenses\\corrupted-1
766402937950.json"
      }

      at Console.write [as log] (node_modules/winston/lib/wi
nston/transports/console.js:87:23)

    console.log
      2025-12-22 13:28:57 [[31merror[39m]: No valid 
license available

      at Console.write [as log] (node_modules/winston/lib/wi
nston/transports/console.js:87:23)

    console.log
      2025-12-22 13:28:57 [[31merror[39m]: No valid 
license available

      at Console.write [as log] (node_modules/winston/lib/wi
nston/transports/console.js:87:23)

    console.log
      2025-12-22 13:28:57 [[31merror[39m]: License file 
validation failed {
        "errors": [
          "Failed to parse license file: Unexpected end of 
JSON input"
        ],
        "path": "D:\\Work\\HR-SM\\test-licenses\\corrupted-1
766402937954.json"
      }

      at Console.write [as log] (node_modules/winston/lib/wi
nston/transports/console.js:87:23)

    console.log
      2025-12-22 13:28:57 [[31merror[39m]: No valid 
license available

      at Console.write [as log] (node_modules/winston/lib/wi
nston/transports/console.js:87:23)

    console.log
      2025-12-22 13:28:57 [[31merror[39m]: No valid 
license available

      at Console.write [as log] (node_modules/winston/lib/wi
nston/transports/console.js:87:23)

    console.log
      2025-12-22 13:28:57 [[31merror[39m]: License file 
validation failed {
        "errors": [
          "Failed to parse license file: Unexpected end of 
JSON input"
        ],
        "path": "D:\\Work\\HR-SM\\test-licenses\\corrupted-1
766402937958.json"
      }

      at Console.write [as log] (node_modules/winston/lib/wi
nston/transports/console.js:87:23)

    console.log
      2025-12-22 13:28:57 [[31merror[39m]: No valid 
license available

      at Console.write [as log] (node_modules/winston/lib/wi
nston/transports/console.js:87:23)

    console.log
      2025-12-22 13:28:57 [[31merror[39m]: No valid 
license available

      at Console.write [as log] (node_modules/winston/lib/wi
nston/transports/console.js:87:23)

    console.log
      2025-12-22 13:28:57 [[31merror[39m]: License file 
validation failed {
        "errors": [
          "Failed to parse license file: Expected property 
name or '}' in JSON at position 2 (line 1 column 3)"
        ],
        "path": "D:\\Work\\HR-SM\\test-licenses\\corrupted-1
766402937961.json"
      }

      at Console.write [as log] (node_modules/winston/lib/wi
nston/transports/console.js:87:23)

    console.log
      2025-12-22 13:28:57 [[31merror[39m]: No valid 
license available

      at Console.write [as log] (node_modules/winston/lib/wi
nston/transports/console.js:87:23)

    console.log
      2025-12-22 13:28:57 [[31merror[39m]: No valid 
license available

      at Console.write [as log] (node_modules/winston/lib/wi
nston/transports/console.js:87:23)

    console.log
      2025-12-22 13:28:57 [[31merror[39m]: License file 
validation failed {
        "errors": [
          "Failed to parse license file: Expected 
double-quoted property name in JSON at position 39 (line 1 
column 40)"
        ],
        "path": "D:\\Work\\HR-SM\\test-licenses\\corrupted-1
766402937966.json"
      }

      at Console.write [as log] (node_modules/winston/lib/wi
nston/transports/console.js:87:23)

    console.log
      2025-12-22 13:28:57 [[31merror[39m]: No valid 
license available

      at Console.write [as log] (node_modules/winston/lib/wi
nston/transports/console.js:87:23)

    console.log
      2025-12-22 13:28:57 [[31merror[39m]: No valid 
license available

      at Console.write [as log] (node_modules/winston/lib/wi
nston/transports/console.js:87:23)

    console.log
      2025-12-22 13:28:57 [[31merror[39m]: License file 
validation failed {
        "errors": [
          "Missing required field: licenseKey",
          "Missing required field: companyId",
          "Missing required field: companyName",
          "Missing required field: issuedAt",
          "Missing required field: expiresAt",
          "Missing required field: modules",
          "Missing required field: signature",
          "Invalid license signature"
        ],
        "path": "D:\\Work\\HR-SM\\test-licenses\\corrupted-1
766402937969.json"
      }

      at Console.write [as log] (node_modules/winston/lib/wi
nston/transports/console.js:87:23)

    console.log
      2025-12-22 13:28:57 [[31merror[39m]: No valid 
license available

      at Console.write [as log] (node_modules/winston/lib/wi
nston/transports/console.js:87:23)

    console.log
      2025-12-22 13:28:57 [[31merror[39m]: No valid 
license available

      at Console.write [as log] (node_modules/winston/lib/wi
nston/transports/console.js:87:23)

    console.log
      2025-12-22 13:28:57 [[31merror[39m]: License file 
validation failed {
        "errors": [
          "Missing required field: licenseKey",
          "Missing required field: companyId",
          "Missing required field: companyName",
          "Missing required field: issuedAt",
          "Missing required field: expiresAt",
          "Missing required field: modules",
          "Missing required field: signature",
          "Invalid license signature"
        ],
        "path": "D:\\Work\\HR-SM\\test-licenses\\corrupted-1
766402937974.json"
      }

      at Console.write [as log] (node_modules/winston/lib/wi
nston/transports/console.js:87:23)

    console.log
      2025-12-22 13:28:57 [[31merror[39m]: No valid 
license available

      at Console.write [as log] (node_modules/winston/lib/wi
nston/transports/console.js:87:23)

    console.log
      2025-12-22 13:28:57 [[31merror[39m]: No valid 
license available

      at Console.write [as log] (node_modules/winston/lib/wi
nston/transports/console.js:87:23)

    console.log
      2025-12-22 13:28:57 [[31merror[39m]: License file 
validation failed {
        "errors": [
          "Failed to parse license file: Expected property 
name or '}' in JSON at position 2 (line 1 column 3)"
        ],
        "path": "D:\\Work\\HR-SM\\test-licenses\\corrupted-1
766402937979.json"
      }

      at Console.write [as log] (node_modules/winston/lib/wi
nston/transports/console.js:87:23)

    console.log
      2025-12-22 13:28:57 [[31merror[39m]: No valid 
license available

      at Console.write [as log] (node_modules/winston/lib/wi
nston/transports/console.js:87:23)

    console.log
      2025-12-22 13:28:57 [[31merror[39m]: No valid 
license available

      at Console.write [as log] (node_modules/winston/lib/wi
nston/transports/console.js:87:23)

    console.log
      2025-12-22 13:28:57 [[31merror[39m]: License file 
validation failed {
        "errors": [
          "Failed to parse license file: Unexpected end of 
JSON input"
        ],
        "path": "D:\\Work\\HR-SM\\test-licenses\\corrupted-1
766402937986.json"
      }

      at Console.write [as log] (node_modules/winston/lib/wi
nston/transports/console.js:87:23)

    console.log
      2025-12-22 13:28:57 [[31merror[39m]: No valid 
license available

      at Console.write [as log] (node_modules/winston/lib/wi
nston/transports/console.js:87:23)

    console.log
      2025-12-22 13:28:57 [[31merror[39m]: No valid 
license available

      at Console.write [as log] (node_modules/winston/lib/wi
nston/transports/console.js:87:23)

    console.log
      2025-12-22 13:28:57 [[31merror[39m]: License file 
validation failed {
        "errors": [
          "Failed to parse license file: \"undefined\" is 
not valid JSON"
        ],
        "path": "D:\\Work\\HR-SM\\test-licenses\\corrupted-1
766402937991.json"
      }

      at Console.write [as log] (node_modules/winston/lib/wi
nston/transports/console.js:87:23)

    console.log
      2025-12-22 13:28:57 [[31merror[39m]: No valid 
license available

      at Console.write [as log] (node_modules/winston/lib/wi
nston/transports/console.js:87:23)

    console.log
      2025-12-22 13:28:57 [[31merror[39m]: No valid 
license available

      at Console.write [as log] (node_modules/winston/lib/wi
nston/transports/console.js:87:23)

    console.log
      2025-12-22 13:28:57 [[31merror[39m]: License file 
validation failed {
        "errors": [
          "Failed to parse license file: Expected 
double-quoted property name in JSON at position 39 (line 1 
column 40)"
        ],
        "path": "D:\\Work\\HR-SM\\test-licenses\\corrupted-1
766402937996.json"
      }

      at Console.write [as log] (node_modules/winston/lib/wi
nston/transports/console.js:87:23)

    console.log
      2025-12-22 13:28:57 [[31merror[39m]: No valid 
license available

      at Console.write [as log] (node_modules/winston/lib/wi
nston/transports/console.js:87:23)

    console.log
      2025-12-22 13:28:57 [[31merror[39m]: No valid 
license available

      at Console.write [as log] (node_modules/winston/lib/wi
nston/transports/console.js:87:23)

    console.log
      2025-12-22 13:28:58 [[31merror[39m]: License file 
validation failed {
        "errors": [
          "Failed to parse license file: \"undefined\" is 
not valid JSON"
        ],
        "path": "D:\\Work\\HR-SM\\test-licenses\\corrupted-1
766402937999.json"
      }

      at Console.write [as log] (node_modules/winston/lib/wi
nston/transports/console.js:87:23)

    console.log
      2025-12-22 13:28:58 [[31merror[39m]: No valid 
license available

      at Console.write [as log] (node_modules/winston/lib/wi
nston/transports/console.js:87:23)

    console.log
      2025-12-22 13:28:58 [[31merror[39m]: No valid 
license available

      at Console.write [as log] (node_modules/winston/lib/wi
nston/transports/console.js:87:23)

    console.log
      2025-12-22 13:28:58 [[31merror[39m]: License file 
validation failed {
        "errors": [
          "Missing required field: licenseKey",
          "Missing required field: companyId",
          "Missing required field: companyName",
          "Missing required field: issuedAt",
          "Missing required field: expiresAt",
          "Missing required field: modules",
          "Missing required field: signature",
          "Invalid license signature"
        ],
        "path": "D:\\Work\\HR-SM\\test-licenses\\corrupted-1
766402938008.json"
      }

      at Console.write [as log] (node_modules/winston/lib/wi
nston/transports/console.js:87:23)

    console.log
      2025-12-22 13:28:58 [[31merror[39m]: No valid 
license available

      at Console.write [as log] (node_modules/winston/lib/wi
nston/transports/console.js:87:23)

    console.log
      2025-12-22 13:28:58 [[31merror[39m]: No valid 
license available

      at Console.write [as log] (node_modules/winston/lib/wi
nston/transports/console.js:87:23)

    console.log
      2025-12-22 13:28:58 [[31merror[39m]: Error loading 
license file {
        "error": "Cannot read properties of null (reading 
'licenseKey')",
        "stack": "TypeError: Cannot read properties of null 
(reading 'licenseKey')\n    at validateLicenseFileStructure 
(D:\\Work\\HR-SM\\server\\config\\licenseFileSchema.js:117:2
5)\n    at validateLicenseFileStructure (D:\\Work\\HR-SM\\se
rver\\config\\licenseFileSchema.js:279:33)\n    at 
LicenseFileLoader.parseLicenseFile [as loadLicenseFile] (D:\
\Work\\HR-SM\\server\\services\\licenseFileLoader.service.js
:98:33)\n    at loadLicenseFile (D:\\Work\\HR-SM\\server\\te
sting\\services\\licenseFileLoader.property.test.js:456:64)\
n    at AsyncProperty.p [as predicate] (D:\\Work\\HR-SM\\nod
e_modules\\fast-check\\lib\\check\\property\\AsyncProperty.j
s:14:59)\n    at AsyncProperty.predicate [as run] (D:\\Work\
\HR-SM\\node_modules\\fast-check\\lib\\check\\property\\Asyn
cProperty.generic.js:43:39)\n    at run (D:\\Work\\HR-SM\\no
de_modules\\fast-check\\lib\\check\\runner\\Runner.js:24:36)
\n    at processTicksAndRejections 
(node:internal/process/task_queues:105:5)\n    at 
Object.<anonymous> (D:\\Work\\HR-SM\\server\\testing\\servic
es\\licenseFileLoader.property.test.js:427:9)",
        "path": "D:\\Work\\HR-SM\\test-licenses\\corrupted-1
766402938012.json"
      }

      at Console.write [as log] (node_modules/winston/lib/wi
nston/transports/console.js:87:23)

    console.log
      2025-12-22 13:28:58 [[31merror[39m]: No valid 
license available

      at Console.write [as log] (node_modules/winston/lib/wi
nston/transports/console.js:87:23)

    console.log
      2025-12-22 13:28:58 [[31merror[39m]: No valid 
license available

      at Console.write [as log] (node_modules/winston/lib/wi
nston/transports/console.js:87:23)

    console.log
      2025-12-22 13:28:58 [[31merror[39m]: Error loading 
license file {
        "error": "Cannot read properties of null (reading 
'licenseKey')",
        "stack": "TypeError: Cannot read properties of null 
(reading 'licenseKey')\n    at validateLicenseFileStructure 
(D:\\Work\\HR-SM\\server\\config\\licenseFileSchema.js:117:2
5)\n    at validateLicenseFileStructure (D:\\Work\\HR-SM\\se
rver\\config\\licenseFileSchema.js:279:33)\n    at 
LicenseFileLoader.parseLicenseFile [as loadLicenseFile] (D:\
\Work\\HR-SM\\server\\services\\licenseFileLoader.service.js
:98:33)\n    at loadLicenseFile (D:\\Work\\HR-SM\\server\\te
sting\\services\\licenseFileLoader.property.test.js:456:64)\
n    at AsyncProperty.p [as predicate] (D:\\Work\\HR-SM\\nod
e_modules\\fast-check\\lib\\check\\property\\AsyncProperty.j
s:14:59)\n    at AsyncProperty.predicate [as run] (D:\\Work\
\HR-SM\\node_modules\\fast-check\\lib\\check\\property\\Asyn
cProperty.generic.js:43:39)\n    at run (D:\\Work\\HR-SM\\no
de_modules\\fast-check\\lib\\check\\runner\\Runner.js:24:36)
\n    at processTicksAndRejections 
(node:internal/process/task_queues:105:5)\n    at 
Object.<anonymous> (D:\\Work\\HR-SM\\server\\testing\\servic
es\\licenseFileLoader.property.test.js:427:9)",
        "path": "D:\\Work\\HR-SM\\test-licenses\\corrupted-1
766402938017.json"
      }

      at Console.write [as log] (node_modules/winston/lib/wi
nston/transports/console.js:87:23)

    console.log
      2025-12-22 13:28:58 [[31merror[39m]: No valid 
license available

      at Console.write [as log] (node_modules/winston/lib/wi
nston/transports/console.js:87:23)

    console.log
      2025-12-22 13:28:58 [[31merror[39m]: No valid 
license available

      at Console.write [as log] (node_modules/winston/lib/wi
nston/transports/console.js:87:23)

    console.log
      2025-12-22 13:28:58 [[31merror[39m]: License file 
validation failed {
        "errors": [
          "Failed to parse license file: Unexpected end of 
JSON input"
        ],
        "path": "D:\\Work\\HR-SM\\test-licenses\\corrupted-1
766402938026.json"
      }

      at Console.write [as log] (node_modules/winston/lib/wi
nston/transports/console.js:87:23)

    console.log
      2025-12-22 13:28:58 [[31merror[39m]: No valid 
license available

      at Console.write [as log] (node_modules/winston/lib/wi
nston/transports/console.js:87:23)

    console.log
      2025-12-22 13:28:58 [[31merror[39m]: No valid 
license available

      at Console.write [as log] (node_modules/winston/lib/wi
nston/transports/console.js:87:23)

    console.log
      2025-12-22 13:28:58 [[31merror[39m]: License file 
validation failed {
        "errors": [
          "Failed to parse license file: Expected property 
name or '}' in JSON at position 2 (line 1 column 3)"
        ],
        "path": "D:\\Work\\HR-SM\\test-licenses\\corrupted-1
766402938030.json"
      }

      at Console.write [as log] (node_modules/winston/lib/wi
nston/transports/console.js:87:23)

    console.log
      2025-12-22 13:28:58 [[31merror[39m]: No valid 
license available

      at Console.write [as log] (node_modules/winston/lib/wi
nston/transports/console.js:87:23)

    console.log
      2025-12-22 13:28:58 [[31merror[39m]: No valid 
license available

      at Console.write [as log] (node_modules/winston/lib/wi
nston/transports/console.js:87:23)

    console.log
      2025-12-22 13:28:58 [[31merror[39m]: License file 
validation failed {
        "errors": [
          "Failed to parse license file: Expected 
double-quoted property name in JSON at position 39 (line 1 
column 40)"
        ],
        "path": "D:\\Work\\HR-SM\\test-licenses\\corrupted-1
766402938033.json"
      }

      at Console.write [as log] (node_modules/winston/lib/wi
nston/transports/console.js:87:23)

    console.log
      2025-12-22 13:28:58 [[31merror[39m]: No valid 
license available

      at Console.write [as log] (node_modules/winston/lib/wi
nston/transports/console.js:87:23)

    console.log
      2025-12-22 13:28:58 [[31merror[39m]: No valid 
license available

      at Console.write [as log] (node_modules/winston/lib/wi
nston/transports/console.js:87:23)

    console.log
      2025-12-22 13:28:58 [[31merror[39m]: License file 
validation failed {
        "errors": [
          "Failed to parse license file: Expected property 
name or '}' in JSON at position 2 (line 1 column 3)"
        ],
        "path": "D:\\Work\\HR-SM\\test-licenses\\corrupted-1
766402938037.json"
      }

      at Console.write [as log] (node_modules/winston/lib/wi
nston/transports/console.js:87:23)

    console.log
      2025-12-22 13:28:58 [[31merror[39m]: No valid 
license available

      at Console.write [as log] (node_modules/winston/lib/wi
nston/transports/console.js:87:23)

    console.log
      2025-12-22 13:28:58 [[31merror[39m]: No valid 
license available

      at Console.write [as log] (node_modules/winston/lib/wi
nston/transports/console.js:87:23)

    console.log
      2025-12-22 13:28:58 [[31merror[39m]: License file 
validation failed {
        "errors": [
          "Failed to parse license file: Unexpected end of 
JSON input"
        ],
        "path": "D:\\Work\\HR-SM\\test-licenses\\corrupted-1
766402938041.json"
      }

      at Console.write [as log] (node_modules/winston/lib/wi
nston/transports/console.js:87:23)

    console.log
      2025-12-22 13:28:58 [[31merror[39m]: No valid 
license available

      at Console.write [as log] (node_modules/winston/lib/wi
nston/transports/console.js:87:23)

    console.log
      2025-12-22 13:28:58 [[31merror[39m]: No valid 
license available

      at Console.write [as log] (node_modules/winston/lib/wi
nston/transports/console.js:87:23)

    console.log
      2025-12-22 13:28:58 [[31merror[39m]: License file 
validation failed {
        "errors": [
          "Missing required field: licenseKey",
          "Missing required field: companyId",
          "Missing required field: companyName",
          "Missing required field: issuedAt",
          "Missing required field: expiresAt",
          "Missing required field: modules",
          "Missing required field: signature",
          "Invalid license signature"
        ],
        "path": "D:\\Work\\HR-SM\\test-licenses\\corrupted-1
766402938046.json"
      }

      at Console.write [as log] (node_modules/winston/lib/wi
nston/transports/console.js:87:23)

    console.log
      2025-12-22 13:28:58 [[31merror[39m]: No valid 
license available

      at Console.write [as log] (node_modules/winston/lib/wi
nston/transports/console.js:87:23)

    console.log
      2025-12-22 13:28:58 [[31merror[39m]: No valid 
license available

      at Console.write [as log] (node_modules/winston/lib/wi
nston/transports/console.js:87:23)

    console.log
      2025-12-22 13:28:58 [[31merror[39m]: License file 
validation failed {
        "errors": [
          "Failed to parse license file: Expected 
double-quoted property name in JSON at position 39 (line 1 
column 40)"
        ],
        "path": "D:\\Work\\HR-SM\\test-licenses\\corrupted-1
766402938050.json"
      }

      at Console.write [as log] (node_modules/winston/lib/wi
nston/transports/console.js:87:23)

    console.log
      2025-12-22 13:28:58 [[31merror[39m]: No valid 
license available

      at Console.write [as log] (node_modules/winston/lib/wi
nston/transports/console.js:87:23)

    console.log
      2025-12-22 13:28:58 [[31merror[39m]: No valid 
license available

      at Console.write [as log] (node_modules/winston/lib/wi
nston/transports/console.js:87:23)

    console.log
      2025-12-22 13:28:58 [[31merror[39m]: License file 
validation failed {
        "errors": [
          "Failed to parse license file: Unexpected end of 
JSON input"
        ],
        "path": "D:\\Work\\HR-SM\\test-licenses\\corrupted-1
766402938053.json"
      }

      at Console.write [as log] (node_modules/winston/lib/wi
nston/transports/console.js:87:23)

    console.log
      2025-12-22 13:28:58 [[31merror[39m]: No valid 
license available

      at Console.write [as log] (node_modules/winston/lib/wi
nston/transports/console.js:87:23)

    console.log
      2025-12-22 13:28:58 [[31merror[39m]: No valid 
license available

      at Console.write [as log] (node_modules/winston/lib/wi
nston/transports/console.js:87:23)

    console.log
      2025-12-22 13:28:58 [[31merror[39m]: License file 
validation failed {
        "errors": [
          "Failed to parse license file: Unexpected end of 
JSON input"
        ],
        "path": "D:\\Work\\HR-SM\\test-licenses\\corrupted-1
766402938062.json"
      }

      at Console.write [as log] (node_modules/winston/lib/wi
nston/transports/console.js:87:23)

    console.log
      2025-12-22 13:28:58 [[31merror[39m]: No valid 
license available

      at Console.write [as log] (node_modules/winston/lib/wi
nston/transports/console.js:87:23)

    console.log
      2025-12-22 13:28:58 [[31merror[39m]: No valid 
license available

      at Console.write [as log] (node_modules/winston/lib/wi
nston/transports/console.js:87:23)

    console.log
      2025-12-22 13:28:58 [[31merror[39m]: License file 
validation failed {
        "errors": [
          "Failed to parse license file: Expected property 
name or '}' in JSON at position 2 (line 1 column 3)"
        ],
        "path": "D:\\Work\\HR-SM\\test-licenses\\corrupted-1
766402938066.json"
      }

      at Console.write [as log] (node_modules/winston/lib/wi
nston/transports/console.js:87:23)

    console.log
      2025-12-22 13:28:58 [[31merror[39m]: No valid 
license available

      at Console.write [as log] (node_modules/winston/lib/wi
nston/transports/console.js:87:23)

    console.log
      2025-12-22 13:28:58 [[31merror[39m]: No valid 
license available

      at Console.write [as log] (node_modules/winston/lib/wi
nston/transports/console.js:87:23)

    console.log
      2025-12-22 13:28:58 [[31merror[39m]: License file 
validation failed {
        "errors": [
          "Failed to parse license file: Expected property 
name or '}' in JSON at position 2 (line 1 column 3)"
        ],
        "path": "D:\\Work\\HR-SM\\test-licenses\\corrupted-1
766402938070.json"
      }

      at Console.write [as log] (node_modules/winston/lib/wi
nston/transports/console.js:87:23)

    console.log
      2025-12-22 13:28:58 [[31merror[39m]: No valid 
license available

      at Console.write [as log] (node_modules/winston/lib/wi
nston/transports/console.js:87:23)

    console.log
      2025-12-22 13:28:58 [[31merror[39m]: No valid 
license available

      at Console.write [as log] (node_modules/winston/lib/wi
nston/transports/console.js:87:23)

    console.log
      2025-12-22 13:28:58 [[31merror[39m]: License file 
validation failed {
        "errors": [
          "Module leave: invalid employees limit",
          "Invalid license signature"
        ],
        "path": "D:\\Work\\HR-SM\\test-licenses\\invalid-lim
its-1766402938084.json"
      }

      at Console.write [as log] (node_modules/winston/lib/wi
nston/transports/console.js:87:23)

    console.log
      2025-12-22 13:28:58 [[31merror[39m]: No valid 
license available

      at Console.write [as log] (node_modules/winston/lib/wi
nston/transports/console.js:87:23)

    console.log
      2025-12-22 13:28:58 [[31merror[39m]: License file 
validation failed {
        "errors": [
          "Invalid license signature"
        ],
        "path": "D:\\Work\\HR-SM\\test-licenses\\invalid-lim
its-1766402938087.json"
      }

      at Console.write [as log] (node_modules/winston/lib/wi
nston/transports/console.js:87:23)

    console.log
      2025-12-22 13:28:58 [[31merror[39m]: License file 
validation failed {
        "errors": [
          "Module payroll: invalid employees limit",
          "Invalid license signature"
        ],
        "path": "D:\\Work\\HR-SM\\test-licenses\\invalid-lim
its-1766402938090.json"
      }

      at Console.write [as log] (node_modules/winston/lib/wi
nston/transports/console.js:87:23)

    console.log
      2025-12-22 13:28:58 [[31merror[39m]: No valid 
license available

      at Console.write [as log] (node_modules/winston/lib/wi
nston/transports/console.js:87:23)

    console.log
      2025-12-22 13:28:58 [[31merror[39m]: License file 
validation failed {
        "errors": [
          "Invalid license signature"
        ],
        "path": "D:\\Work\\HR-SM\\test-licenses\\invalid-lim
its-1766402938093.json"
      }

      at Console.write [as log] (node_modules/winston/lib/wi
nston/transports/console.js:87:23)

    console.log
      2025-12-22 13:28:58 [[31merror[39m]: License file 
validation failed {
        "errors": [
          "Invalid license signature"
        ],
        "path": "D:\\Work\\HR-SM\\test-licenses\\invalid-lim
its-1766402938101.json"
      }

      at Console.write [as log] (node_modules/winston/lib/wi
nston/transports/console.js:87:23)

    console.log
      2025-12-22 13:28:58 [[31merror[39m]: License file 
validation failed {
        "errors": [
          "Module payroll: invalid storage limit",
          "Invalid license signature"
        ],
        "path": "D:\\Work\\HR-SM\\test-licenses\\invalid-lim
its-1766402938103.json"
      }

      at Console.write [as log] (node_modules/winston/lib/wi
nston/transports/console.js:87:23)

    console.log
      2025-12-22 13:28:58 [[31merror[39m]: No valid 
license available

      at Console.write [as log] (node_modules/winston/lib/wi
nston/transports/console.js:87:23)

    console.log
      2025-12-22 13:28:58 [[31merror[39m]: License file 
validation failed {
        "errors": [
          "Module payroll: invalid storage limit",
          "Invalid license signature"
        ],
        "path": "D:\\Work\\HR-SM\\test-licenses\\invalid-lim
its-1766402938107.json"
      }

      at Console.write [as log] (node_modules/winston/lib/wi
nston/transports/console.js:87:23)

    console.log
      2025-12-22 13:28:58 [[31merror[39m]: No valid 
license available

      at Console.write [as log] (node_modules/winston/lib/wi
nston/transports/console.js:87:23)

    console.log
      2025-12-22 13:28:58 [[31merror[39m]: License file 
validation failed {
        "errors": [
          "Module payroll: invalid employees limit",
          "Invalid license signature"
        ],
        "path": "D:\\Work\\HR-SM\\test-licenses\\invalid-lim
its-1766402938110.json"
      }

      at Console.write [as log] (node_modules/winston/lib/wi
nston/transports/console.js:87:23)

    console.log
      2025-12-22 13:28:58 [[31merror[39m]: No valid 
license available

      at Console.write [as log] (node_modules/winston/lib/wi
nston/transports/console.js:87:23)

    console.log
      2025-12-22 13:28:58 [[31merror[39m]: License file 
validation failed {
        "errors": [
          "Module attendance: invalid storage limit",
          "Invalid license signature"
        ],
        "path": "D:\\Work\\HR-SM\\test-licenses\\invalid-lim
its-1766402938116.json"
      }

      at Console.write [as log] (node_modules/winston/lib/wi
nston/transports/console.js:87:23)

    console.log
      2025-12-22 13:28:58 [[31merror[39m]: No valid 
license available

      at Console.write [as log] (node_modules/winston/lib/wi
nston/transports/console.js:87:23)

    console.log
      2025-12-22 13:28:58 [[31merror[39m]: License file 
validation failed {
        "errors": [
          "Module leave: invalid employees limit",
          "Invalid license signature"
        ],
        "path": "D:\\Work\\HR-SM\\test-licenses\\invalid-lim
its-1766402938119.json"
      }

      at Console.write [as log] (node_modules/winston/lib/wi
nston/transports/console.js:87:23)

    console.log
      2025-12-22 13:28:58 [[31merror[39m]: No valid 
license available

      at Console.write [as log] (node_modules/winston/lib/wi
nston/transports/console.js:87:23)

    console.log
      2025-12-22 13:28:58 [[31merror[39m]: License file 
validation failed {
        "errors": [
          "Invalid license signature"
        ],
        "path": "D:\\Work\\HR-SM\\test-licenses\\invalid-lim
its-1766402938122.json"
      }

      at Console.write [as log] (node_modules/winston/lib/wi
nston/transports/console.js:87:23)

    console.log
      2025-12-22 13:28:58 [[31merror[39m]: License file 
validation failed {
        "errors": [
          "Module attendance: invalid employees limit",
          "Invalid license signature"
        ],
        "path": "D:\\Work\\HR-SM\\test-licenses\\invalid-lim
its-1766402938124.json"
      }

      at Console.write [as log] (node_modules/winston/lib/wi
nston/transports/console.js:87:23)

    console.log
      2025-12-22 13:28:58 [[31merror[39m]: No valid 
license available

      at Console.write [as log] (node_modules/winston/lib/wi
nston/transports/console.js:87:23)

    console.log
      2025-12-22 13:28:58 [[31merror[39m]: License file 
validation failed {
        "errors": [
          "Module leave: invalid employees limit",
          "Invalid license signature"
        ],
        "path": "D:\\Work\\HR-SM\\test-licenses\\invalid-lim
its-1766402938127.json"
      }

      at Console.write [as log] (node_modules/winston/lib/wi
nston/transports/console.js:87:23)

    console.log
      2025-12-22 13:28:58 [[31merror[39m]: No valid 
license available

      at Console.write [as log] (node_modules/winston/lib/wi
nston/transports/console.js:87:23)

    console.log
      2025-12-22 13:28:58 [[31merror[39m]: License file 
validation failed {
        "errors": [
          "Invalid license signature"
        ],
        "path": "D:\\Work\\HR-SM\\test-licenses\\invalid-lim
its-1766402938131.json"
      }

      at Console.write [as log] (node_modules/winston/lib/wi
nston/transports/console.js:87:23)

    console.log
      2025-12-22 13:28:58 [[31merror[39m]: License file 
validation failed {
        "errors": [
          "Invalid license signature"
        ],
        "path": "D:\\Work\\HR-SM\\test-licenses\\invalid-lim
its-1766402938143.json"
      }

      at Console.write [as log] (node_modules/winston/lib/wi
nston/transports/console.js:87:23)

    console.log
      2025-12-22 13:28:58 [[31merror[39m]: License file 
validation failed {
        "errors": [
          "Module attendance: invalid employees limit",
          "Invalid license signature"
        ],
        "path": "D:\\Work\\HR-SM\\test-licenses\\invalid-lim
its-1766402938145.json"
      }

      at Console.write [as log] (node_modules/winston/lib/wi
nston/transports/console.js:87:23)

    console.log
      2025-12-22 13:28:58 [[31merror[39m]: No valid 
license available

      at Console.write [as log] (node_modules/winston/lib/wi
nston/transports/console.js:87:23)

    console.log
      2025-12-22 13:28:58 [[31merror[39m]: License file 
validation failed {
        "errors": [
          "Invalid license signature"
        ],
        "path": "D:\\Work\\HR-SM\\test-licenses\\invalid-lim
its-1766402938148.json"
      }

      at Console.write [as log] (node_modules/winston/lib/wi
nston/transports/console.js:87:23)

    console.log
      2025-12-22 13:28:58 [[31merror[39m]: License file 
validation failed {
        "errors": [
          "Module attendance: invalid apiCalls limit",
          "Invalid license signature"
        ],
        "path": "D:\\Work\\HR-SM\\test-licenses\\invalid-lim
its-1766402938150.json"
      }

      at Console.write [as log] (node_modules/winston/lib/wi
nston/transports/console.js:87:23)

    console.log
      2025-12-22 13:28:58 [[31merror[39m]: No valid 
license available

      at Console.write [as log] (node_modules/winston/lib/wi
nston/transports/console.js:87:23)

    console.log
      2025-12-22 13:28:58 [[31merror[39m]: License file 
validation failed {
        "errors": [
          "Module attendance: invalid employees limit",
          "Invalid license signature"
        ],
        "path": "D:\\Work\\HR-SM\\test-licenses\\invalid-lim
its-1766402938152.json"
      }

      at Console.write [as log] (node_modules/winston/lib/wi
nston/transports/console.js:87:23)

    console.log
      2025-12-22 13:28:58 [[31merror[39m]: No valid 
license available

      at Console.write [as log] (node_modules/winston/lib/wi
nston/transports/console.js:87:23)

    console.log
      2025-12-22 13:28:58 [[31merror[39m]: License file 
validation failed {
        "errors": [
          "Module attendance: invalid apiCalls limit",
          "Invalid license signature"
        ],
        "path": "D:\\Work\\HR-SM\\test-licenses\\invalid-lim
its-1766402938156.json"
      }

      at Console.write [as log] (node_modules/winston/lib/wi
nston/transports/console.js:87:23)

    console.log
      2025-12-22 13:28:58 [[31merror[39m]: No valid 
license available

      at Console.write [as log] (node_modules/winston/lib/wi
nston/transports/console.js:87:23)

    console.log
      2025-12-22 13:28:58 [[31merror[39m]: License file 
validation failed {
        "errors": [
          "Invalid license signature"
        ],
        "path": "D:\\Work\\HR-SM\\test-licenses\\invalid-lim
its-1766402938159.json"
      }

      at Console.write [as log] (node_modules/winston/lib/wi
nston/transports/console.js:87:23)

    console.log
      2025-12-22 13:28:58 [[31merror[39m]: License file 
validation failed {
        "errors": [
          "Invalid license signature"
        ],
        "path": "D:\\Work\\HR-SM\\test-licenses\\invalid-lim
its-1766402938160.json"
      }

      at Console.write [as log] (node_modules/winston/lib/wi
nston/transports/console.js:87:23)

    console.log
      2025-12-22 13:28:58 [[31merror[39m]: License file 
validation failed {
        "errors": [
          "Module leave: invalid employees limit",
          "Invalid license signature"
        ],
        "path": "D:\\Work\\HR-SM\\test-licenses\\invalid-lim
its-1766402938162.json"
      }

      at Console.write [as log] (node_modules/winston/lib/wi
nston/transports/console.js:87:23)

    console.log
      2025-12-22 13:28:58 [[31merror[39m]: No valid 
license available

      at Console.write [as log] (node_modules/winston/lib/wi
nston/transports/console.js:87:23)

    console.log
      2025-12-22 13:28:58 [[31merror[39m]: License file 
validation failed {
        "errors": [
          "Module leave: invalid employees limit",
          "Invalid license signature"
        ],
        "path": "D:\\Work\\HR-SM\\test-licenses\\invalid-lim
its-1766402938164.json"
      }

      at Console.write [as log] (node_modules/winston/lib/wi
nston/transports/console.js:87:23)

    console.log
      2025-12-22 13:28:58 [[31merror[39m]: No valid 
license available

      at Console.write [as log] (node_modules/winston/lib/wi
nston/transports/console.js:87:23)

    console.log
      2025-12-22 13:28:58 [[31merror[39m]: License file 
validation failed {
        "errors": [
          "Module leave: invalid storage limit",
          "Invalid license signature"
        ],
        "path": "D:\\Work\\HR-SM\\test-licenses\\invalid-lim
its-1766402938167.json"
      }

      at Console.write [as log] (node_modules/winston/lib/wi
nston/transports/console.js:87:23)

    console.log
      2025-12-22 13:28:58 [[31merror[39m]: No valid 
license available

      at Console.write [as log] (node_modules/winston/lib/wi
nston/transports/console.js:87:23)

    console.log
      2025-12-22 13:28:58 [[31merror[39m]: License file 
validation failed {
        "errors": [
          "Module leave: invalid apiCalls limit",
          "Invalid license signature"
        ],
        "path": "D:\\Work\\HR-SM\\test-licenses\\invalid-lim
its-1766402938170.json"
      }

      at Console.write [as log] (node_modules/winston/lib/wi
nston/transports/console.js:87:23)

    console.log
      2025-12-22 13:28:58 [[31merror[39m]: No valid 
license available

      at Console.write [as log] (node_modules/winston/lib/wi
nston/transports/console.js:87:23)

    console.log
      2025-12-22 13:28:58 [[31merror[39m]: License file 
validation failed {
        "errors": [
          "Invalid license signature"
        ],
        "path": "D:\\Work\\HR-SM\\test-licenses\\invalid-lim
its-1766402938174.json"
      }

      at Console.write [as log] (node_modules/winston/lib/wi
nston/transports/console.js:87:23)

    console.log
      2025-12-22 13:28:58 [[31merror[39m]: License file 
validation failed {
        "errors": [
          "Module attendance: invalid employees limit",
          "Invalid license signature"
        ],
        "path": "D:\\Work\\HR-SM\\test-licenses\\invalid-lim
its-1766402938176.json"
      }

      at Console.write [as log] (node_modules/winston/lib/wi
nston/transports/console.js:87:23)

    console.log
      2025-12-22 13:28:58 [[31merror[39m]: No valid 
license available

      at Console.write [as log] (node_modules/winston/lib/wi
nston/transports/console.js:87:23)

    console.log
      2025-12-22 13:28:58 [[31merror[39m]: License file 
validation failed {
        "errors": [
          "Module attendance: invalid employees limit",
          "Invalid license signature"
        ],
        "path": "D:\\Work\\HR-SM\\test-licenses\\invalid-lim
its-1766402938214.json"
      }

      at Console.write [as log] (node_modules/winston/lib/wi
nston/transports/console.js:87:23)

    console.log
      2025-12-22 13:28:58 [[31merror[39m]: No valid 
license available

      at Console.write [as log] (node_modules/winston/lib/wi
nston/transports/console.js:87:23)

    console.log
      2025-12-22 13:28:58 [[31merror[39m]: License file 
validation failed {
        "errors": [
          "Module leave: invalid employees limit",
          "Invalid license signature"
        ],
        "path": "D:\\Work\\HR-SM\\test-licenses\\invalid-lim
its-1766402938220.json"
      }

      at Console.write [as log] (node_modules/winston/lib/wi
nston/transports/console.js:87:23)

    console.log
      2025-12-22 13:28:58 [[31merror[39m]: No valid 
license available

      at Console.write [as log] (node_modules/winston/lib/wi
nston/transports/console.js:87:23)

    console.log
      2025-12-22 13:28:58 [[31merror[39m]: License file 
validation failed {
        "errors": [
          "Invalid license signature"
        ],
        "path": "D:\\Work\\HR-SM\\test-licenses\\invalid-lim
its-1766402938224.json"
      }

      at Console.write [as log] (node_modules/winston/lib/wi
nston/transports/console.js:87:23)

    console.log
      2025-12-22 13:28:58 [[31merror[39m]: License file 
validation failed {
        "errors": [
          "Invalid license signature"
        ],
        "path": "D:\\Work\\HR-SM\\test-licenses\\invalid-lim
its-1766402938226.json"
      }

      at Console.write [as log] (node_modules/winston/lib/wi
nston/transports/console.js:87:23)

    console.log
      2025-12-22 13:28:58 [[31merror[39m]: License file 
validation failed {
        "errors": [
          "Invalid license signature"
        ],
        "path": "D:\\Work\\HR-SM\\test-licenses\\invalid-lim
its-1766402938227.json"
      }

      at Console.write [as log] (node_modules/winston/lib/wi
nston/transports/console.js:87:23)

    console.log
      2025-12-22 13:28:58 [[31merror[39m]: License file 
validation failed {
        "errors": [
          "Invalid license signature"
        ],
        "path": "D:\\Work\\HR-SM\\test-licenses\\invalid-lim
its-1766402938229.json"
      }

      at Console.write [as log] (node_modules/winston/lib/wi
nston/transports/console.js:87:23)

    console.log
      2025-12-22 13:28:58 [[31merror[39m]: License file 
validation failed {
        "errors": [
          "Module attendance: invalid apiCalls limit",
          "Invalid license signature"
        ],
        "path": "D:\\Work\\HR-SM\\test-licenses\\invalid-lim
its-1766402938231.json"
      }

      at Console.write [as log] (node_modules/winston/lib/wi
nston/transports/console.js:87:23)

    console.log
      2025-12-22 13:28:58 [[31merror[39m]: No valid 
license available

      at Console.write [as log] (node_modules/winston/lib/wi
nston/transports/console.js:87:23)

    console.log
      2025-12-22 13:28:58 [[31merror[39m]: License file 
validation failed {
        "errors": [
          "Invalid license signature"
        ],
        "path": "D:\\Work\\HR-SM\\test-licenses\\invalid-lim
its-1766402938234.json"
      }

      at Console.write [as log] (node_modules/winston/lib/wi
nston/transports/console.js:87:23)

    console.log
      2025-12-22 13:28:58 [[31merror[39m]: License file 
validation failed {
        "errors": [
          "Module attendance: invalid employees limit",
          "Invalid license signature"
        ],
        "path": "D:\\Work\\HR-SM\\test-licenses\\invalid-lim
its-1766402938236.json"
      }

      at Console.write [as log] (node_modules/winston/lib/wi
nston/transports/console.js:87:23)

    console.log
      2025-12-22 13:28:58 [[31merror[39m]: No valid 
license available

      at Console.write [as log] (node_modules/winston/lib/wi
nston/transports/console.js:87:23)

    console.log
      2025-12-22 13:28:58 [[31merror[39m]: License file 
validation failed {
        "errors": [
          "Invalid license signature"
        ],
        "path": "D:\\Work\\HR-SM\\test-licenses\\invalid-lim
its-1766402938240.json"
      }

      at Console.write [as log] (node_modules/winston/lib/wi
nston/transports/console.js:87:23)

    console.log
      2025-12-22 13:28:58 [[31merror[39m]: License file 
validation failed {
        "errors": [
          "Module attendance: invalid employees limit",
          "Invalid license signature"
        ],
        "path": "D:\\Work\\HR-SM\\test-licenses\\invalid-lim
its-1766402938242.json"
      }

      at Console.write [as log] (node_modules/winston/lib/wi
nston/transports/console.js:87:23)

    console.log
      2025-12-22 13:28:58 [[31merror[39m]: No valid 
license available

      at Console.write [as log] (node_modules/winston/lib/wi
nston/transports/console.js:87:23)

    console.log
      2025-12-22 13:28:58 [[31merror[39m]: License file 
validation failed {
        "errors": [
          "Module attendance: invalid employees limit",
          "Invalid license signature"
        ],
        "path": "D:\\Work\\HR-SM\\test-licenses\\invalid-lim
its-1766402938247.json"
      }

      at Console.write [as log] (node_modules/winston/lib/wi
nston/transports/console.js:87:23)

    console.log
      2025-12-22 13:28:58 [[31merror[39m]: No valid 
license available

      at Console.write [as log] (node_modules/winston/lib/wi
nston/transports/console.js:87:23)

    console.log
      2025-12-22 13:28:58 [[31merror[39m]: License file 
validation failed {
        "errors": [
          "Module payroll: invalid employees limit",
          "Invalid license signature"
        ],
        "path": "D:\\Work\\HR-SM\\test-licenses\\invalid-lim
its-1766402938253.json"
      }

      at Console.write [as log] (node_modules/winston/lib/wi
nston/transports/console.js:87:23)

    console.log
      2025-12-22 13:28:58 [[31merror[39m]: No valid 
license available

      at Console.write [as log] (node_modules/winston/lib/wi
nston/transports/console.js:87:23)

    console.log
      2025-12-22 13:28:58 [[31merror[39m]: License file 
validation failed {
        "errors": [
          "Module attendance: invalid employees limit",
          "Invalid license signature"
        ],
        "path": "D:\\Work\\HR-SM\\test-licenses\\invalid-lim
its-1766402938258.json"
      }

      at Console.write [as log] (node_modules/winston/lib/wi
nston/transports/console.js:87:23)

    console.log
      2025-12-22 13:28:58 [[31merror[39m]: No valid 
license available

      at Console.write [as log] (node_modules/winston/lib/wi
nston/transports/console.js:87:23)

    console.log
      2025-12-22 13:28:58 [[31merror[39m]: License file 
validation failed {
        "errors": [
          "Module payroll: invalid apiCalls limit",
          "Invalid license signature"
        ],
        "path": "D:\\Work\\HR-SM\\test-licenses\\invalid-lim
its-1766402938261.json"
      }

      at Console.write [as log] (node_modules/winston/lib/wi
nston/transports/console.js:87:23)

    console.log
      2025-12-22 13:28:58 [[31merror[39m]: No valid 
license available

      at Console.write [as log] (node_modules/winston/lib/wi
nston/transports/console.js:87:23)

    console.log
      2025-12-22 13:28:58 [[31merror[39m]: License file 
validation failed {
        "errors": [
          "Invalid license signature"
        ],
        "path": "D:\\Work\\HR-SM\\test-licenses\\invalid-lim
its-1766402938263.json"
      }

      at Console.write [as log] (node_modules/winston/lib/wi
nston/transports/console.js:87:23)

    console.log
      2025-12-22 13:28:58 [[31merror[39m]: License file 
validation failed {
        "errors": [
          "Invalid license signature"
        ],
        "path": "D:\\Work\\HR-SM\\test-licenses\\invalid-lim
its-1766402938265.json"
      }

      at Console.write [as log] (node_modules/winston/lib/wi
nston/transports/console.js:87:23)

    console.log
      2025-12-22 13:28:58 [[31merror[39m]: License file 
validation failed {
        "errors": [
          "Module payroll: invalid employees limit",
          "Invalid license signature"
        ],
        "path": "D:\\Work\\HR-SM\\test-licenses\\invalid-lim
its-1766402938267.json"
      }

      at Console.write [as log] (node_modules/winston/lib/wi
nston/transports/console.js:87:23)

    console.log
      2025-12-22 13:28:58 [[31merror[39m]: No valid 
license available

      at Console.write [as log] (node_modules/winston/lib/wi
nston/transports/console.js:87:23)

    console.log
      2025-12-22 13:28:58 [[31merror[39m]: License file 
validation failed {
        "errors": [
          "Invalid license signature"
        ],
        "path": "D:\\Work\\HR-SM\\test-licenses\\invalid-lim
its-1766402938270.json"
      }

      at Console.write [as log] (node_modules/winston/lib/wi
nston/transports/console.js:87:23)

    console.log
      2025-12-22 13:28:58 [[31merror[39m]: License file 
validation failed {
        "errors": [
          "Module leave: invalid storage limit",
          "Invalid license signature"
        ],
        "path": "D:\\Work\\HR-SM\\test-licenses\\invalid-lim
its-1766402938271.json"
      }

      at Console.write [as log] (node_modules/winston/lib/wi
nston/transports/console.js:87:23)

    console.log
      2025-12-22 13:28:58 [[31merror[39m]: No valid 
license available

      at Console.write [as log] (node_modules/winston/lib/wi
nston/transports/console.js:87:23)

    console.log
      2025-12-22 13:28:58 [[31merror[39m]: License file 
validation failed {
        "errors": [
          "Module leave: invalid storage limit",
          "Invalid license signature"
        ],
        "path": "D:\\Work\\HR-SM\\test-licenses\\invalid-lim
its-1766402938275.json"
      }

      at Console.write [as log] (node_modules/winston/lib/wi
nston/transports/console.js:87:23)

    console.log
      2025-12-22 13:28:58 [[31merror[39m]: No valid 
license available

      at Console.write [as log] (node_modules/winston/lib/wi
nston/transports/console.js:87:23)

    console.log
      2025-12-22 13:28:58 [[31merror[39m]: License file 
validation failed {
        "errors": [
          "Module attendance: invalid employees limit",
          "Invalid license signature"
        ],
        "path": "D:\\Work\\HR-SM\\test-licenses\\invalid-lim
its-1766402938278.json"
      }

      at Console.write [as log] (node_modules/winston/lib/wi
nston/transports/console.js:87:23)

    console.log
      2025-12-22 13:28:58 [[31merror[39m]: No valid 
license available

      at Console.write [as log] (node_modules/winston/lib/wi
nston/transports/console.js:87:23)

    console.log
      2025-12-22 13:28:58 [[31merror[39m]: License file 
validation failed {
        "errors": [
          "Module leave: invalid apiCalls limit",
          "Invalid license signature"
        ],
        "path": "D:\\Work\\HR-SM\\test-licenses\\invalid-lim
its-1766402938281.json"
      }

      at Console.write [as log] (node_modules/winston/lib/wi
nston/transports/console.js:87:23)

    console.log
      2025-12-22 13:28:58 [[31merror[39m]: No valid 
license available

      at Console.write [as log] (node_modules/winston/lib/wi
nston/transports/console.js:87:23)

    console.log
      2025-12-22 13:28:58 [[31merror[39m]: License file 
validation failed {
        "errors": [
          "Invalid license signature"
        ],
        "path": "D:\\Work\\HR-SM\\test-licenses\\invalid-lim
its-1766402938294.json"
      }

      at Console.write [as log] (node_modules/winston/lib/wi
nston/transports/console.js:87:23)

    console.log
      2025-12-22 13:28:58 [[31merror[39m]: License file 
validation failed {
        "errors": [
          "Module payroll: invalid apiCalls limit",
          "Invalid license signature"
        ],
        "path": "D:\\Work\\HR-SM\\test-licenses\\invalid-lim
its-1766402938296.json"
      }

      at Console.write [as log] (node_modules/winston/lib/wi
nston/transports/console.js:87:23)

    console.log
      2025-12-22 13:28:58 [[31merror[39m]: No valid 
license available

      at Console.write [as log] (node_modules/winston/lib/wi
nston/transports/console.js:87:23)

    console.log
      2025-12-22 13:28:58 [[31merror[39m]: License file 
validation failed {
        "errors": [
          "Module leave: invalid employees limit",
          "Invalid license signature"
        ],
        "path": "D:\\Work\\HR-SM\\test-licenses\\invalid-lim
its-1766402938299.json"
      }

      at Console.write [as log] (node_modules/winston/lib/wi
nston/transports/console.js:87:23)

    console.log
      2025-12-22 13:28:58 [[31merror[39m]: No valid 
license available

      at Console.write [as log] (node_modules/winston/lib/wi
nston/transports/console.js:87:23)

    console.log
      2025-12-22 13:28:58 [[31merror[39m]: License file 
validation failed {
        "errors": [
          "Module leave: invalid apiCalls limit",
          "Invalid license signature"
        ],
        "path": "D:\\Work\\HR-SM\\test-licenses\\invalid-lim
its-1766402938302.json"
      }

      at Console.write [as log] (node_modules/winston/lib/wi
nston/transports/console.js:87:23)

    console.log
      2025-12-22 13:28:58 [[31merror[39m]: No valid 
license available

      at Console.write [as log] (node_modules/winston/lib/wi
nston/transports/console.js:87:23)

    console.log
      2025-12-22 13:28:58 [[31merror[39m]: License file 
validation failed {
        "errors": [
          "Invalid license signature"
        ],
        "path": "D:\\Work\\HR-SM\\test-licenses\\invalid-lim
its-1766402938304.json"
      }

      at Console.write [as log] (node_modules/winston/lib/wi
nston/transports/console.js:87:23)

    console.log
      2025-12-22 13:28:58 [[31merror[39m]: License file 
validation failed {
        "errors": [
          "Module attendance: invalid storage limit",
          "Invalid license signature"
        ],
        "path": "D:\\Work\\HR-SM\\test-licenses\\invalid-lim
its-1766402938308.json"
      }

      at Console.write [as log] (node_modules/winston/lib/wi
nston/transports/console.js:87:23)

    console.log
      2025-12-22 13:28:58 [[31merror[39m]: No valid 
license available

      at Console.write [as log] (node_modules/winston/lib/wi
nston/transports/console.js:87:23)

    console.log
      2025-12-22 13:28:58 [[31merror[39m]: License file 
validation failed {
        "errors": [
          "Module leave: invalid storage limit",
          "Invalid license signature"
        ],
        "path": "D:\\Work\\HR-SM\\test-licenses\\invalid-lim
its-1766402938311.json"
      }

      at Console.write [as log] (node_modules/winston/lib/wi
nston/transports/console.js:87:23)

    console.log
      2025-12-22 13:28:58 [[31merror[39m]: No valid 
license available

      at Console.write [as log] (node_modules/winston/lib/wi
nston/transports/console.js:87:23)

    console.log
      2025-12-22 13:28:58 [[31merror[39m]: License file 
validation failed {
        "errors": [
          "Module leave: invalid employees limit",
          "Invalid license signature"
        ],
        "path": "D:\\Work\\HR-SM\\test-licenses\\invalid-lim
its-1766402938313.json"
      }

      at Console.write [as log] (node_modules/winston/lib/wi
nston/transports/console.js:87:23)

    console.log
      2025-12-22 13:28:58 [[31merror[39m]: No valid 
license available

      at Console.write [as log] (node_modules/winston/lib/wi
nston/transports/console.js:87:23)

    console.log
      2025-12-22 13:28:58 [[31merror[39m]: License file 
validation failed {
        "errors": [
          "Module attendance: invalid storage limit",
          "Invalid license signature"
        ],
        "path": "D:\\Work\\HR-SM\\test-licenses\\invalid-lim
its-1766402938316.json"
      }

      at Console.write [as log] (node_modules/winston/lib/wi
nston/transports/console.js:87:23)

    console.log
      2025-12-22 13:28:58 [[31merror[39m]: No valid 
license available

      at Console.write [as log] (node_modules/winston/lib/wi
nston/transports/console.js:87:23)

    console.log
      2025-12-22 13:28:58 [[31merror[39m]: License file 
validation failed {
        "errors": [
          "Invalid license signature"
        ],
        "path": "D:\\Work\\HR-SM\\test-licenses\\invalid-lim
its-1766402938319.json"
      }

      at Console.write [as log] (node_modules/winston/lib/wi
nston/transports/console.js:87:23)

    console.log
      2025-12-22 13:28:58 [[31merror[39m]: License file 
validation failed {
        "errors": [
          "Module attendance: invalid storage limit",
          "Invalid license signature"
        ],
        "path": "D:\\Work\\HR-SM\\test-licenses\\invalid-lim
its-1766402938321.json"
      }

      at Console.write [as log] (node_modules/winston/lib/wi
nston/transports/console.js:87:23)

    console.log
      2025-12-22 13:28:58 [[31merror[39m]: No valid 
license available

      at Console.write [as log] (node_modules/winston/lib/wi
nston/transports/console.js:87:23)

    console.log
      2025-12-22 13:28:58 [[31merror[39m]: License file 
validation failed {
        "errors": [
          "Module leave: invalid apiCalls limit",
          "Invalid license signature"
        ],
        "path": "D:\\Work\\HR-SM\\test-licenses\\invalid-lim
its-1766402938325.json"
      }

      at Console.write [as log] (node_modules/winston/lib/wi
nston/transports/console.js:87:23)

    console.log
      2025-12-22 13:28:58 [[31merror[39m]: No valid 
license available

      at Console.write [as log] (node_modules/winston/lib/wi
nston/transports/console.js:87:23)

    console.log
      2025-12-22 13:28:58 [[31merror[39m]: License file 
validation failed {
        "errors": [
          "Module attendance: invalid employees limit",
          "Invalid license signature"
        ],
        "path": "D:\\Work\\HR-SM\\test-licenses\\invalid-lim
its-1766402938340.json"
      }

      at Console.write [as log] (node_modules/winston/lib/wi
nston/transports/console.js:87:23)

    console.log
      2025-12-22 13:28:58 [[31merror[39m]: No valid 
license available

      at Console.write [as log] (node_modules/winston/lib/wi
nston/transports/console.js:87:23)

    console.log
      2025-12-22 13:28:58 [[31merror[39m]: License file 
validation failed {
        "errors": [
          "Invalid license signature"
        ],
        "path": "D:\\Work\\HR-SM\\test-licenses\\invalid-lim
its-1766402938343.json"
      }

      at Console.write [as log] (node_modules/winston/lib/wi
nston/transports/console.js:87:23)

    console.log
      2025-12-22 13:28:58 [[31merror[39m]: License file 
validation failed {
        "errors": [
          "Module attendance: invalid storage limit",
          "Invalid license signature"
        ],
        "path": "D:\\Work\\HR-SM\\test-licenses\\invalid-lim
its-1766402938345.json"
      }

      at Console.write [as log] (node_modules/winston/lib/wi
nston/transports/console.js:87:23)

    console.log
      2025-12-22 13:28:58 [[31merror[39m]: No valid 
license available

      at Console.write [as log] (node_modules/winston/lib/wi
nston/transports/console.js:87:23)

    console.log
      2025-12-22 13:28:58 [[31merror[39m]: License file 
validation failed {
        "errors": [
          "Module attendance: invalid storage limit",
          "Invalid license signature"
        ],
        "path": "D:\\Work\\HR-SM\\test-licenses\\invalid-lim
its-1766402938348.json"
      }

      at Console.write [as log] (node_modules/winston/lib/wi
nston/transports/console.js:87:23)

    console.log
      2025-12-22 13:28:58 [[31merror[39m]: No valid 
license available

      at Console.write [as log] (node_modules/winston/lib/wi
nston/transports/console.js:87:23)

    console.log
      2025-12-22 13:28:58 [[31merror[39m]: License file 
validation failed {
        "errors": [
          "Module leave: invalid apiCalls limit",
          "Invalid license signature"
        ],
        "path": "D:\\Work\\HR-SM\\test-licenses\\invalid-lim
its-1766402938350.json"
      }

      at Console.write [as log] (node_modules/winston/lib/wi
nston/transports/console.js:87:23)

    console.log
      2025-12-22 13:28:58 [[31merror[39m]: No valid 
license available

      at Console.write [as log] (node_modules/winston/lib/wi
nston/transports/console.js:87:23)

    console.log
      2025-12-22 13:28:58 [[31merror[39m]: License file 
validation failed {
        "errors": [
          "Module payroll: invalid storage limit",
          "Invalid license signature"
        ],
        "path": "D:\\Work\\HR-SM\\test-licenses\\invalid-lim
its-1766402938353.json"
      }

      at Console.write [as log] (node_modules/winston/lib/wi
nston/transports/console.js:87:23)

    console.log
      2025-12-22 13:28:58 [[31merror[39m]: No valid 
license available

      at Console.write [as log] (node_modules/winston/lib/wi
nston/transports/console.js:87:23)

    console.log
      2025-12-22 13:28:58 [[31merror[39m]: License file 
validation failed {
        "errors": [
          "Module attendance: invalid employees limit",
          "Invalid license signature"
        ],
        "path": "D:\\Work\\HR-SM\\test-licenses\\invalid-lim
its-1766402938358.json"
      }

      at Console.write [as log] (node_modules/winston/lib/wi
nston/transports/console.js:87:23)

    console.log
      2025-12-22 13:28:58 [[31merror[39m]: No valid 
license available

      at Console.write [as log] (node_modules/winston/lib/wi
nston/transports/console.js:87:23)

    console.log
      2025-12-22 13:28:58 [[31merror[39m]: License file 
validation failed {
        "errors": [
          "Invalid license signature"
        ],
        "path": "D:\\Work\\HR-SM\\test-licenses\\invalid-lim
its-1766402938362.json"
      }

      at Console.write [as log] (node_modules/winston/lib/wi
nston/transports/console.js:87:23)

    console.log
      2025-12-22 13:28:58 [[31merror[39m]: License file 
validation failed {
        "errors": [
          "Module attendance: invalid apiCalls limit",
          "Invalid license signature"
        ],
        "path": "D:\\Work\\HR-SM\\test-licenses\\invalid-lim
its-1766402938364.json"
      }

      at Console.write [as log] (node_modules/winston/lib/wi
nston/transports/console.js:87:23)

    console.log
      2025-12-22 13:28:58 [[31merror[39m]: No valid 
license available

      at Console.write [as log] (node_modules/winston/lib/wi
nston/transports/console.js:87:23)

    console.log
      2025-12-22 13:28:58 [[31merror[39m]: License file 
validation failed {
        "errors": [
          "Module attendance: invalid employees limit",
          "Invalid license signature"
        ],
        "path": "D:\\Work\\HR-SM\\test-licenses\\invalid-lim
its-1766402938367.json"
      }

      at Console.write [as log] (node_modules/winston/lib/wi
nston/transports/console.js:87:23)

    console.log
      2025-12-22 13:28:58 [[31merror[39m]: No valid 
license available

      at Console.write [as log] (node_modules/winston/lib/wi
nston/transports/console.js:87:23)

    console.log
      2025-12-22 13:28:58 [[31merror[39m]: License file 
validation failed {
        "errors": [
          "Module attendance: invalid storage limit",
          "Invalid license signature"
        ],
        "path": "D:\\Work\\HR-SM\\test-licenses\\invalid-lim
its-1766402938369.json"
      }

      at Console.write [as log] (node_modules/winston/lib/wi
nston/transports/console.js:87:23)

    console.log
      2025-12-22 13:28:58 [[31merror[39m]: No valid 
license available

      at Console.write [as log] (node_modules/winston/lib/wi
nston/transports/console.js:87:23)

    console.log
      2025-12-22 13:28:58 [[31merror[39m]: License file 
validation failed {
        "errors": [
          "Invalid license signature"
        ],
        "path": "D:\\Work\\HR-SM\\test-licenses\\invalid-lim
its-1766402938377.json"
      }

      at Console.write [as log] (node_modules/winston/lib/wi
nston/transports/console.js:87:23)

    console.log
      2025-12-22 13:28:58 [[31merror[39m]: License file 
validation failed {
        "errors": [
          "Invalid license signature"
        ],
        "path": "D:\\Work\\HR-SM\\test-licenses\\invalid-lim
its-1766402938379.json"
      }

      at Console.write [as log] (node_modules/winston/lib/wi
nston/transports/console.js:87:23)

    console.log
      2025-12-22 13:28:58 [[31merror[39m]: License file 
validation failed {
        "errors": [
          "Module leave: invalid employees limit",
          "Invalid license signature"
        ],
        "path": "D:\\Work\\HR-SM\\test-licenses\\invalid-lim
its-1766402938381.json"
      }

      at Console.write [as log] (node_modules/winston/lib/wi
nston/transports/console.js:87:23)

    console.log
      2025-12-22 13:28:58 [[31merror[39m]: No valid 
license available

      at Console.write [as log] (node_modules/winston/lib/wi
nston/transports/console.js:87:23)

    console.log
      2025-12-22 13:28:58 [[31merror[39m]: License file 
validation failed {
        "errors": [
          "Module payroll: invalid storage limit",
          "Invalid license signature"
        ],
        "path": "D:\\Work\\HR-SM\\test-licenses\\invalid-lim
its-1766402938383.json"
      }

      at Console.write [as log] (node_modules/winston/lib/wi
nston/transports/console.js:87:23)

    console.log
      2025-12-22 13:28:58 [[31merror[39m]: No valid 
license available

      at Console.write [as log] (node_modules/winston/lib/wi
nston/transports/console.js:87:23)

    console.log
      2025-12-22 13:28:58 [[31merror[39m]: License file 
validation failed {
        "errors": [
          "Module leave: invalid employees limit",
          "Invalid license signature"
        ],
        "path": "D:\\Work\\HR-SM\\test-licenses\\invalid-lim
its-1766402938386.json"
      }

      at Console.write [as log] (node_modules/winston/lib/wi
nston/transports/console.js:87:23)

    console.log
      2025-12-22 13:28:58 [[31merror[39m]: No valid 
license available

      at Console.write [as log] (node_modules/winston/lib/wi
nston/transports/console.js:87:23)

    console.log
      2025-12-22 13:28:58 [[31merror[39m]: License file 
validation failed {
        "errors": [
          "Invalid license signature"
        ],
        "path": "D:\\Work\\HR-SM\\test-licenses\\invalid-lim
its-1766402938389.json"
      }

      at Console.write [as log] (node_modules/winston/lib/wi
nston/transports/console.js:87:23)

    console.log
      2025-12-22 13:28:58 [[31merror[39m]: License file 
validation failed {
        "errors": [
          "Invalid license signature"
        ],
        "path": "D:\\Work\\HR-SM\\test-licenses\\invalid-lim
its-1766402938391.json"
      }

      at Console.write [as log] (node_modules/winston/lib/wi
nston/transports/console.js:87:23)

    console.log
      2025-12-22 13:28:58 [[31merror[39m]: License file 
validation failed {
        "errors": [
          "Module leave: invalid storage limit",
          "Invalid license signature"
        ],
        "path": "D:\\Work\\HR-SM\\test-licenses\\invalid-lim
its-1766402938393.json"
      }

      at Console.write [as log] (node_modules/winston/lib/wi
nston/transports/console.js:87:23)

    console.log
      2025-12-22 13:28:58 [[31merror[39m]: No valid 
license available

      at Console.write [as log] (node_modules/winston/lib/wi
nston/transports/console.js:87:23)

    console.log
      2025-12-22 13:28:58 [[31merror[39m]: License file 
validation failed {
        "errors": [
          "Invalid license signature"
        ],
        "path": "D:\\Work\\HR-SM\\test-licenses\\invalid-lim
its-1766402938395.json"
      }

      at Console.write [as log] (node_modules/winston/lib/wi
nston/transports/console.js:87:23)

    console.log
      2025-12-22 13:28:58 [[31merror[39m]: License file 
validation failed {
        "errors": [
          "Module payroll: invalid storage limit",
          "Invalid license signature"
        ],
        "path": "D:\\Work\\HR-SM\\test-licenses\\invalid-lim
its-1766402938397.json"
      }

      at Console.write [as log] (node_modules/winston/lib/wi
nston/transports/console.js:87:23)

    console.log
      2025-12-22 13:28:58 [[31merror[39m]: No valid 
license available

      at Console.write [as log] (node_modules/winston/lib/wi
nston/transports/console.js:87:23)

    console.log
      2025-12-22 13:28:58 [[31merror[39m]: License file 
validation failed {
        "errors": [
          "Module attendance: invalid employees limit",
          "Invalid license signature"
        ],
        "path": "D:\\Work\\HR-SM\\test-licenses\\invalid-lim
its-1766402938399.json"
      }

      at Console.write [as log] (node_modules/winston/lib/wi
nston/transports/console.js:87:23)

    console.log
      2025-12-22 13:28:58 [[31merror[39m]: No valid 
license available

      at Console.write [as log] (node_modules/winston/lib/wi
nston/transports/console.js:87:23)

    console.log
      2025-12-22 13:28:58 [[31merror[39m]: License file 
validation failed {
        "errors": [
          "Module payroll: invalid employees limit",
          "Invalid license signature"
        ],
        "path": "D:\\Work\\HR-SM\\test-licenses\\invalid-lim
its-1766402938402.json"
      }

      at Console.write [as log] (node_modules/winston/lib/wi
nston/transports/console.js:87:23)

    console.log
      2025-12-22 13:28:58 [[31merror[39m]: No valid 
license available

      at Console.write [as log] (node_modules/winston/lib/wi
nston/transports/console.js:87:23)

    console.log
      2025-12-22 13:28:58 [[31merror[39m]: License file 
validation failed {
        "errors": [
          "Module leave: invalid apiCalls limit",
          "Invalid license signature"
        ],
        "path": "D:\\Work\\HR-SM\\test-licenses\\invalid-lim
its-1766402938405.json"
      }

      at Console.write [as log] (node_modules/winston/lib/wi
nston/transports/console.js:87:23)

    console.log
      2025-12-22 13:28:58 [[31merror[39m]: No valid 
license available

      at Console.write [as log] (node_modules/winston/lib/wi
nston/transports/console.js:87:23)

    console.log
      2025-12-22 13:28:58 [[31merror[39m]: License file 
validation failed {
        "errors": [
          "Module leave: invalid storage limit",
          "Invalid license signature"
        ],
        "path": "D:\\Work\\HR-SM\\test-licenses\\invalid-lim
its-1766402938408.json"
      }

      at Console.write [as log] (node_modules/winston/lib/wi
nston/transports/console.js:87:23)

    console.log
      2025-12-22 13:28:58 [[31merror[39m]: No valid 
license available

      at Console.write [as log] (node_modules/winston/lib/wi
nston/transports/console.js:87:23)

    console.log
      2025-12-22 13:28:58 [[31merror[39m]: License file 
validation failed {
        "errors": [
          "Invalid license signature"
        ],
        "path": "D:\\Work\\HR-SM\\test-licenses\\invalid-lim
its-1766402938416.json"
      }

      at Console.write [as log] (node_modules/winston/lib/wi
nston/transports/console.js:87:23)

    console.log
      2025-12-22 13:28:58 [[31merror[39m]: License file 
validation failed {
        "errors": [
          "Invalid license signature"
        ],
        "path": "D:\\Work\\HR-SM\\test-licenses\\invalid-lim
its-1766402938418.json"
      }

      at Console.write [as log] (node_modules/winston/lib/wi
nston/transports/console.js:87:23)

    console.log
      2025-12-22 13:28:58 [[31merror[39m]: License file 
validation failed {
        "errors": [
          "Invalid license signature"
        ],
        "path": "D:\\Work\\HR-SM\\test-licenses\\invalid-lim
its-1766402938420.json"
      }

      at Console.write [as log] (node_modules/winston/lib/wi
nston/transports/console.js:87:23)

    console.log
      2025-12-22 13:28:58 [[31merror[39m]: License file 
validation failed {
        "errors": [
          "Module attendance: invalid storage limit",
          "Invalid license signature"
        ],
        "path": "D:\\Work\\HR-SM\\test-licenses\\invalid-lim
its-1766402938423.json"
      }

      at Console.write [as log] (node_modules/winston/lib/wi
nston/transports/console.js:87:23)

    console.log
      2025-12-22 13:28:58 [[31merror[39m]: No valid 
license available

      at Console.write [as log] (node_modules/winston/lib/wi
nston/transports/console.js:87:23)

    console.log
      2025-12-22 13:28:58 [[31merror[39m]: License file 
validation failed {
        "errors": [
          "Invalid license signature"
        ],
        "path": "D:\\Work\\HR-SM\\test-licenses\\invalid-lim
its-1766402938428.json"
      }

      at Console.write [as log] (node_modules/winston/lib/wi
nston/transports/console.js:87:23)

    console.log
      2025-12-22 13:28:58 [[31merror[39m]: License file 
validation failed {
        "errors": [
          "Invalid license signature"
        ],
        "path": "D:\\Work\\HR-SM\\test-licenses\\invalid-lim
its-1766402938430.json"
      }

      at Console.write [as log] (node_modules/winston/lib/wi
nston/transports/console.js:87:23)

    console.log
      2025-12-22 13:28:58 [[31merror[39m]: License file 
validation failed {
        "errors": [
          "Module leave: invalid apiCalls limit",
          "Invalid license signature"
        ],
        "path": "D:\\Work\\HR-SM\\test-licenses\\invalid-lim
its-1766402938433.json"
      }

      at Console.write [as log] (node_modules/winston/lib/wi
nston/transports/console.js:87:23)

    console.log
      2025-12-22 13:28:58 [[31merror[39m]: No valid 
license available

      at Console.write [as log] (node_modules/winston/lib/wi
nston/transports/console.js:87:23)

    console.log
      2025-12-22 13:28:58 [[31merror[39m]: License file 
validation failed {
        "errors": [
          "Invalid license signature"
        ],
        "path": "D:\\Work\\HR-SM\\test-licenses\\invalid-lim
its-1766402938436.json"
      }

      at Console.write [as log] (node_modules/winston/lib/wi
nston/transports/console.js:87:23)

    console.log
      2025-12-22 13:28:58 [[31merror[39m]: License file 
validation failed {
        "errors": [
          "Module attendance: invalid apiCalls limit",
          "Invalid license signature"
        ],
        "path": "D:\\Work\\HR-SM\\test-licenses\\invalid-lim
its-1766402938439.json"
      }

      at Console.write [as log] (node_modules/winston/lib/wi
nston/transports/console.js:87:23)

    console.log
      2025-12-22 13:28:58 [[31merror[39m]: No valid 
license available

      at Console.write [as log] (node_modules/winston/lib/wi
nston/transports/console.js:87:23)

    console.log
      2025-12-22 13:28:58 [[31merror[39m]: License file 
validation failed {
        "errors": [
          "Module leave: invalid apiCalls limit",
          "Invalid license signature"
        ],
        "path": "D:\\Work\\HR-SM\\test-licenses\\invalid-lim
its-1766402938443.json"
      }

      at Console.write [as log] (node_modules/winston/lib/wi
nston/transports/console.js:87:23)

    console.log
      2025-12-22 13:28:58 [[31merror[39m]: No valid 
license available

      at Console.write [as log] (node_modules/winston/lib/wi
nston/transports/console.js:87:23)

    console.log
      2025-12-22 13:28:58 [[31merror[39m]: License file 
validation failed {
        "errors": [
          "Invalid license signature"
        ],
        "path": "D:\\Work\\HR-SM\\test-licenses\\invalid-lim
its-1766402938446.json"
      }

      at Console.write [as log] (node_modules/winston/lib/wi
nston/transports/console.js:87:23)

    console.log
      2025-12-22 13:28:58 [[31merror[39m]: License file 
validation failed {
        "errors": [
          "Module payroll: invalid storage limit",
          "Invalid license signature"
        ],
        "path": "D:\\Work\\HR-SM\\test-licenses\\invalid-lim
its-1766402938450.json"
      }

      at Console.write [as log] (node_modules/winston/lib/wi
nston/transports/console.js:87:23)

    console.log
      2025-12-22 13:28:58 [[31merror[39m]: No valid 
license available

      at Console.write [as log] (node_modules/winston/lib/wi
nston/transports/console.js:87:23)

    console.log
      2025-12-22 13:28:58 [[31merror[39m]: License file 
validation failed {
        "errors": [
          "Module payroll: invalid employees limit"
        ],
        "path": "D:\\Work\\HR-SM\\test-licenses\\limit-type-
1766402938868.json"
      }

      at Console.write [as log] (node_modules/winston/lib/wi
nston/transports/console.js:87:23)

    console.log
      2025-12-22 13:28:58 [[31merror[39m]: License file 
validation failed {
        "errors": [
          "Module attendance: invalid employees limit"
        ],
        "path": "D:\\Work\\HR-SM\\test-licenses\\limit-type-
1766402938870.json"
      }

      at Console.write [as log] (node_modules/winston/lib/wi
nston/transports/console.js:87:23)

    console.log
      2025-12-22 13:28:58 [[31merror[39m]: License file 
validation failed {
        "errors": [
          "Module leave: invalid employees limit"
        ],
        "path": "D:\\Work\\HR-SM\\test-licenses\\limit-type-
1766402938882.json"
      }

      at Console.write [as log] (node_modules/winston/lib/wi
nston/transports/console.js:87:23)

    console.log
      2025-12-22 13:28:58 [[31merror[39m]: License file 
validation failed {
        "errors": [
          "Module payroll: invalid employees limit"
        ],
        "path": "D:\\Work\\HR-SM\\test-licenses\\limit-type-
1766402938893.json"
      }

      at Console.write [as log] (node_modules/winston/lib/wi
nston/transports/console.js:87:23)

    console.log
      2025-12-22 13:28:58 [[31merror[39m]: License file 
validation failed {
        "errors": [
          "Module attendance: invalid employees limit"
        ],
        "path": "D:\\Work\\HR-SM\\test-licenses\\limit-type-
1766402938909.json"
      }

      at Console.write [as log] (node_modules/winston/lib/wi
nston/transports/console.js:87:23)

    console.log
      2025-12-22 13:28:58 [[31merror[39m]: License file 
validation failed {
        "errors": [
          "Module leave: invalid employees limit"
        ],
        "path": "D:\\Work\\HR-SM\\test-licenses\\limit-type-
1766402938914.json"
      }

      at Console.write [as log] (node_modules/winston/lib/wi
nston/transports/console.js:87:23)

    console.log
      2025-12-22 13:28:58 [[31merror[39m]: License file 
validation failed {
        "errors": [
          "Module payroll: invalid employees limit"
        ],
        "path": "D:\\Work\\HR-SM\\test-licenses\\limit-type-
1766402938916.json"
      }

      at Console.write [as log] (node_modules/winston/lib/wi
nston/transports/console.js:87:23)

    console.log
      2025-12-22 13:28:58 [[31merror[39m]: License file 
validation failed {
        "errors": [
          "Module leave: invalid employees limit"
        ],
        "path": "D:\\Work\\HR-SM\\test-licenses\\limit-type-
1766402938928.json"
      }

      at Console.write [as log] (node_modules/winston/lib/wi
nston/transports/console.js:87:23)

    console.log
      2025-12-22 13:28:58 [[31merror[39m]: License file 
validation failed {
        "errors": [
          "Module leave: invalid employees limit"
        ],
        "path": "D:\\Work\\HR-SM\\test-licenses\\limit-type-
1766402938933.json"
      }

      at Console.write [as log] (node_modules/winston/lib/wi
nston/transports/console.js:87:23)

    console.log
      2025-12-22 13:28:58 [[31merror[39m]: License file 
validation failed {
        "errors": [
          "Module payroll: invalid employees limit"
        ],
        "path": "D:\\Work\\HR-SM\\test-licenses\\limit-type-
1766402938950.json"
      }

      at Console.write [as log] (node_modules/winston/lib/wi
nston/transports/console.js:87:23)

    console.log
      2025-12-22 13:28:58 [[31merror[39m]: License file 
validation failed {
        "errors": [
          "Module leave: invalid employees limit"
        ],
        "path": "D:\\Work\\HR-SM\\test-licenses\\limit-type-
1766402938959.json"
      }

      at Console.write [as log] (node_modules/winston/lib/wi
nston/transports/console.js:87:23)

    console.log
      2025-12-22 13:28:58 [[31merror[39m]: License file 
validation failed {
        "errors": [
          "Module attendance: invalid employees limit"
        ],
        "path": "D:\\Work\\HR-SM\\test-licenses\\limit-type-
1766402938961.json"
      }

      at Console.write [as log] (node_modules/winston/lib/wi
nston/transports/console.js:87:23)

    console.log
      2025-12-22 13:28:58 [[31merror[39m]: License file 
validation failed {
        "errors": [
          "Module attendance: invalid employees limit"
        ],
        "path": "D:\\Work\\HR-SM\\test-licenses\\limit-type-
1766402938968.json"
      }

      at Console.write [as log] (node_modules/winston/lib/wi
nston/transports/console.js:87:23)

    console.log
      2025-12-22 13:28:58 [[31merror[39m]: License file 
validation failed {
        "errors": [
          "Module attendance: invalid employees limit"
        ],
        "path": "D:\\Work\\HR-SM\\test-licenses\\limit-type-
1766402938970.json"
      }

      at Console.write [as log] (node_modules/winston/lib/wi
nston/transports/console.js:87:23)

    console.log
      2025-12-22 13:28:58 [[31merror[39m]: License file 
validation failed {
        "errors": [
          "Module payroll: invalid employees limit"
        ],
        "path": "D:\\Work\\HR-SM\\test-licenses\\limit-type-
1766402938985.json"
      }

      at Console.write [as log] (node_modules/winston/lib/wi
nston/transports/console.js:87:23)

    console.log
      2025-12-22 13:28:58 [[31merror[39m]: License file 
validation failed {
        "errors": [
          "Module attendance: invalid employees limit"
        ],
        "path": "D:\\Work\\HR-SM\\test-licenses\\limit-type-
1766402938987.json"
      }

      at Console.write [as log] (node_modules/winston/lib/wi
nston/transports/console.js:87:23)

    console.log
      2025-12-22 13:28:58 [[31merror[39m]: License file 
validation failed {
        "errors": [
          "Module leave: invalid employees limit"
        ],
        "path": "D:\\Work\\HR-SM\\test-licenses\\limit-type-
1766402938998.json"
      }

      at Console.write [as log] (node_modules/winston/lib/wi
nston/transports/console.js:87:23)

    console.log
      2025-12-22 13:28:59 [[31merror[39m]: License file 
validation failed {
        "errors": [
          "Module payroll: invalid employees limit"
        ],
        "path": "D:\\Work\\HR-SM\\test-licenses\\limit-type-
1766402939008.json"
      }

      at Console.write [as log] (node_modules/winston/lib/wi
nston/transports/console.js:87:23)

    console.log
      2025-12-22 13:28:59 [[31merror[39m]: License file 
validation failed {
        "errors": [
          "Module leave: invalid employees limit"
        ],
        "path": "D:\\Work\\HR-SM\\test-licenses\\limit-type-
1766402939023.json"
      }

      at Console.write [as log] (node_modules/winston/lib/wi
nston/transports/console.js:87:23)

    console.log
      2025-12-22 13:28:59 [[31merror[39m]: License file 
validation failed {
        "errors": [
          "Module leave: invalid employees limit"
        ],
        "path": "D:\\Work\\HR-SM\\test-licenses\\limit-type-
1766402939029.json"
      }

      at Console.write [as log] (node_modules/winston/lib/wi
nston/transports/console.js:87:23)

    console.log
      2025-12-22 13:28:59 [[31merror[39m]: License file 
validation failed {
        "errors": [
          "Module leave: invalid employees limit"
        ],
        "path": "D:\\Work\\HR-SM\\test-licenses\\limit-type-
1766402939035.json"
      }

      at Console.write [as log] (node_modules/winston/lib/wi
nston/transports/console.js:87:23)

PASS server/testing/services/alertGenerationAndNotification.
property.test.js
  ΓùÅ Console

    console.log
      Alert system email transporter not configured 
(missing SMTP credentials)

      at AlertSystemService.log [as setupEmailTransporter] 
(server/services/alertSystem.service.js:65:17)

    console.log
      Alert system service initialized

      at AlertSystemService.log [as initialize] 
(server/services/alertSystem.service.js:36:13)

PASS server/testing/controllers/document.controller.test.js 
(8.211 s)
PASS 
server/testing/controllers/notification.controller.test.js 
(8.223 s)
PASS server/testing/controllers/role.controller.test.js
  ΓùÅ Console

    console.log
      ≡ƒöì Fetching roles for tenant: test_tenant_123

      at log (server/modules/hr-core/users/controllers/role.
controller.js:24:17)

    console.log
      ≡ƒôï Role query: {
        "$or": [
          {
            "isSystemRole": true
          },
          {
            "tenantId": "test_tenant_123",
            "isSystemRole": false
          }
        ]
      }

      at log (server/modules/hr-core/users/controllers/role.
controller.js:71:17)

    console.log
      Γ£ô Found 2 roles for tenant test_tenant_123

      at log (server/modules/hr-core/users/controllers/role.
controller.js:78:17)

    console.log
      ≡ƒöì Fetching roles for tenant: test_tenant_123

      at log (server/modules/hr-core/users/controllers/role.
controller.js:24:17)

    console.log
      ≡ƒôï Role query: {
        "isSystemRole": true
      }

      at log (server/modules/hr-core/users/controllers/role.
controller.js:71:17)

    console.log
      Γ£ô Found 1 roles for tenant test_tenant_123

      at log (server/modules/hr-core/users/controllers/role.
controller.js:78:17)

    console.log
      ≡ƒöì Fetching roles for tenant: test_tenant_123

      at log (server/modules/hr-core/users/controllers/role.
controller.js:24:17)

    console.log
      ≡ƒôï Role query: {
        "tenantId": "test_tenant_123",
        "isSystemRole": false
      }

      at log (server/modules/hr-core/users/controllers/role.
controller.js:71:17)

    console.log
      Γ£ô Found 1 roles for tenant test_tenant_123

      at log (server/modules/hr-core/users/controllers/role.
controller.js:78:17)

    console.log
      ≡ƒöì Fetching roles for tenant: test_tenant_123

      at log (server/modules/hr-core/users/controllers/role.
controller.js:24:17)

    console.log
      ≡ƒôï Role query: {
        "$and": [
          {
            "$or": [
              {
                "isSystemRole": true
              },
              {
                "tenantId": "test_tenant_123",
                "isSystemRole": false
              }
            ]
          },
          {
            "$or": [
              {
                "name": {
                  "$regex": "custom",
                  "$options": "i"
                }
              },
              {
                "displayName": {
                  "$regex": "custom",
                  "$options": "i"
                }
              },
              {
                "description": {
                  "$regex": "custom",
                  "$options": "i"
                }
              }
            ]
          }
        ]
      }

      at log (server/modules/hr-core/users/controllers/role.
controller.js:71:17)

    console.log
      Γ£ô Found 1 roles for tenant test_tenant_123

      at log (server/modules/hr-core/users/controllers/role.
controller.js:78:17)

    console.log
      ≡ƒöì Fetching role by ID for tenant: test_tenant_123

      at log (server/modules/hr-core/users/controllers/role.
controller.js:100:17)

    console.log
      Γ£ô Found role test-role for tenant test_tenant_123

      at log (server/modules/hr-core/users/controllers/role.
controller.js:120:17)

    console.log
      ≡ƒöì Fetching role by ID for tenant: test_tenant_123

      at log (server/modules/hr-core/users/controllers/role.
controller.js:100:17)

    console.log
      Γ¥î Role not found with ID 507f1f77bcf86cd799439099 
for tenant test_tenant_123

      at log (server/modules/hr-core/users/controllers/role.
controller.js:116:21)

    console.log
      ≡ƒæñ Creating role for tenant: test_tenant_123

      at log (server/modules/hr-core/users/controllers/role.
controller.js:154:17)

    console.log
      Γ£ô Creating role with tenant ID: test_tenant_123

      at log (server/modules/hr-core/users/controllers/role.
controller.js:192:17)

    console.log
      ≡ƒæñ Creating role for tenant: test_tenant_123

      at log (server/modules/hr-core/users/controllers/role.
controller.js:154:17)

    console.log
      ≡ƒæñ Creating role for tenant: test_tenant_123

      at log (server/modules/hr-core/users/controllers/role.
controller.js:154:17)

    console.log
      Γ£Å∩╕Å Updating role for tenant: test_tenant_123

      at log (server/modules/hr-core/users/controllers/role.
controller.js:221:17)

    console.log
      Γ£ô Found role update-test-role for update for tenant 
test_tenant_123

      at log (server/modules/hr-core/users/controllers/role.
controller.js:239:17)

    console.log
      Γ£Å∩╕Å Updating role for tenant: test_tenant_123

      at log (server/modules/hr-core/users/controllers/role.
controller.js:221:17)

    console.log
      Γ£ô Found role system-role for update for tenant 
test_tenant_123

      at log (server/modules/hr-core/users/controllers/role.
controller.js:239:17)

    console.log
      Γ£Å∩╕Å Updating role for tenant: test_tenant_123

      at log (server/modules/hr-core/users/controllers/role.
controller.js:221:17)

    console.log
      Γ£ô Found role system-role-2 for update for tenant 
test_tenant_123

      at log (server/modules/hr-core/users/controllers/role.
controller.js:239:17)

    console.log
      Γ£Å∩╕Å Updating role for tenant: test_tenant_123

      at log (server/modules/hr-core/users/controllers/role.
controller.js:221:17)

    console.log
      Γ¥î Role not found for update with ID 
507f1f77bcf86cd799439099 for tenant test_tenant_123

      at log (server/modules/hr-core/users/controllers/role.
controller.js:235:21)

    console.log
      ≡ƒùæ∩╕Å Deleting role for tenant: test_tenant_123

      at log (server/modules/hr-core/users/controllers/role.
controller.js:312:17)

    console.log
      Γ£ô Found role delete-test-role for deletion for 
tenant test_tenant_123

      at log (server/modules/hr-core/users/controllers/role.
controller.js:330:17)

    console.log
      ≡ƒùæ∩╕Å Deleting role for tenant: test_tenant_123

      at log (server/modules/hr-core/users/controllers/role.
controller.js:312:17)

    console.log
      Γ£ô Found role system-role-delete for deletion for 
tenant test_tenant_123

      at log (server/modules/hr-core/users/controllers/role.
controller.js:330:17)

    console.log
      ≡ƒùæ∩╕Å Deleting role for tenant: test_tenant_123

      at log (server/modules/hr-core/users/controllers/role.
controller.js:312:17)

    console.log
      Γ£ô Found role delete-test-role for deletion for 
tenant test_tenant_123

      at log (server/modules/hr-core/users/controllers/role.
controller.js:330:17)

    console.log
      ≡ƒùæ∩╕Å Deleting role for tenant: test_tenant_123

      at log (server/modules/hr-core/users/controllers/role.
controller.js:312:17)

    console.log
      Γ¥î Role not found for deletion with ID 
507f1f77bcf86cd799439099 for tenant test_tenant_123

      at log (server/modules/hr-core/users/controllers/role.
controller.js:326:21)

    console.log
      ≡ƒôè Getting role stats for tenant: test_tenant_123

      at log (server/modules/hr-core/users/controllers/role.
controller.js:387:17)

    console.log
      Γ£ô Role stats for tenant test_tenant_123: 3 total, 2 
system, 1 custom

      at log (server/modules/hr-core/users/controllers/role.
controller.js:419:17)

PASS 
server/testing/services/licenseValidator.service.test.js
PASS server/testing/models/sickLeave.model.test.js
PASS server/testing/core/auth.test.js
PASS server/testing/core/errorHandler.test.js
  ΓùÅ Console

    console.log
      2025-12-22 13:29:09 [[31merror[39m]: Test error {
        "statusCode": 400,
        "code": "TEST_ERROR",
        "path": "/test",
        "method": "GET",
        "ip": "::ffff:127.0.0.1",
        "stack": "Error: Test error\n    at D:\\Work\\HR-SM\
\server\\testing\\core\\errorHandler.test.js:72:22\n    at 
Layer.fn [as handle_request] (D:\\Work\\HR-SM\\node_modules\
\express\\lib\\router\\layer.js:95:5)\n    at 
handle_request (D:\\Work\\HR-SM\\node_modules\\express\\lib\
\router\\route.js:149:13)\n    at Route.next [as dispatch] (
D:\\Work\\HR-SM\\node_modules\\express\\lib\\router\\route.j
s:119:3)\n    at Layer.fn [as handle_request] (D:\\Work\\HR-
SM\\node_modules\\express\\lib\\router\\layer.js:95:5)\n    
at handle_request (D:\\Work\\HR-SM\\node_modules\\express\\l
ib\\router\\index.js:284:15)\n    at Function.done [as 
process_params] (D:\\Work\\HR-SM\\node_modules\\express\\lib
\\router\\index.js:346:12)\n    at process_params (D:\\Work\
\HR-SM\\node_modules\\express\\lib\\router\\index.js:280:10)
\n    at next (D:\\Work\\HR-SM\\server\\testing\\core\\error
Handler.test.js:24:13)\n    at Layer.fn [as handle_request] 
(D:\\Work\\HR-SM\\node_modules\\express\\lib\\router\\layer.
js:95:5)\n    at handle_request (D:\\Work\\HR-SM\\node_modul
es\\express\\lib\\router\\index.js:328:13)\n    at 
trim_prefix (D:\\Work\\HR-SM\\node_modules\\express\\lib\\ro
uter\\index.js:286:9)\n    at Function.done [as 
process_params] (D:\\Work\\HR-SM\\node_modules\\express\\lib
\\router\\index.js:346:12)\n    at process_params (D:\\Work\
\HR-SM\\node_modules\\express\\lib\\router\\index.js:280:10)
\n    at next (D:\\Work\\HR-SM\\node_modules\\body-parser\\l
ib\\types\\json.js:113:7)\n    at Layer.fn [as 
handle_request] (D:\\Work\\HR-SM\\node_modules\\express\\lib
\\router\\layer.js:95:5)\n    at handle_request (D:\\Work\\H
R-SM\\node_modules\\express\\lib\\router\\index.js:328:13)\n
    at trim_prefix (D:\\Work\\HR-SM\\node_modules\\express\\
lib\\router\\index.js:286:9)\n    at Function.done [as 
process_params] (D:\\Work\\HR-SM\\node_modules\\express\\lib
\\router\\index.js:346:12)\n    at process_params (D:\\Work\
\HR-SM\\node_modules\\express\\lib\\router\\index.js:280:10)
\n    at next (D:\\Work\\HR-SM\\node_modules\\express\\lib\\
middleware\\init.js:40:5)\n    at Layer.fn [as 
handle_request] (D:\\Work\\HR-SM\\node_modules\\express\\lib
\\router\\layer.js:95:5)\n    at handle_request (D:\\Work\\H
R-SM\\node_modules\\express\\lib\\router\\index.js:328:13)\n
    at trim_prefix (D:\\Work\\HR-SM\\node_modules\\express\\
lib\\router\\index.js:286:9)\n    at Function.done [as 
process_params] (D:\\Work\\HR-SM\\node_modules\\express\\lib
\\router\\index.js:346:12)\n    at process_params (D:\\Work\
\HR-SM\\node_modules\\express\\lib\\router\\index.js:280:10)
\n    at next (D:\\Work\\HR-SM\\node_modules\\express\\lib\\
middleware\\query.js:45:5)\n    at Layer.fn [as 
handle_request] (D:\\Work\\HR-SM\\node_modules\\express\\lib
\\router\\layer.js:95:5)\n    at handle_request (D:\\Work\\H
R-SM\\node_modules\\express\\lib\\router\\index.js:328:13)\n
    at trim_prefix (D:\\Work\\HR-SM\\node_modules\\express\\
lib\\router\\index.js:286:9)\n    at Function.done [as 
process_params] (D:\\Work\\HR-SM\\node_modules\\express\\lib
\\router\\index.js:346:12)\n    at process_params (D:\\Work\
\HR-SM\\node_modules\\express\\lib\\router\\index.js:280:10)
\n    at Function.next [as handle] (D:\\Work\\HR-SM\\node_mo
dules\\express\\lib\\router\\index.js:175:3)\n    at 
Function.handle (D:\\Work\\HR-SM\\node_modules\\express\\lib
\\application.js:181:10)\n    at Server.handle (D:\\Work\\HR
-SM\\node_modules\\express\\lib\\express.js:39:9)\n    at 
Server.emit (node:events:518:28)\n    at parserOnIncoming 
(node:_http_server:1150:12)\n    at 
HTTPParser.parserOnHeadersComplete 
(node:_http_common:117:17)",
        "isOperational": true,
        "details": {
          "field": "test"
        }
      }

      at Console.write [as log] (node_modules/winston/lib/wi
nston/transports/console.js:87:23)

    console.log
      2025-12-22 13:29:09 [[31merror[39m]: Generic error {
        "statusCode": 500,
        "code": "INTERNAL_SERVER_ERROR",
        "path": "/test",
        "method": "GET",
        "ip": "::ffff:127.0.0.1",
        "stack": "Error: Generic error\n    at D:\\Work\\HR-
SM\\server\\testing\\core\\errorHandler.test.js:94:31\n    
at Layer.fn [as handle_request] (D:\\Work\\HR-SM\\node_modul
es\\express\\lib\\router\\layer.js:95:5)\n    at 
handle_request (D:\\Work\\HR-SM\\node_modules\\express\\lib\
\router\\route.js:149:13)\n    at Route.next [as dispatch] (
D:\\Work\\HR-SM\\node_modules\\express\\lib\\router\\route.j
s:119:3)\n    at Layer.fn [as handle_request] (D:\\Work\\HR-
SM\\node_modules\\express\\lib\\router\\layer.js:95:5)\n    
at handle_request (D:\\Work\\HR-SM\\node_modules\\express\\l
ib\\router\\index.js:284:15)\n    at Function.done [as 
process_params] (D:\\Work\\HR-SM\\node_modules\\express\\lib
\\router\\index.js:346:12)\n    at process_params (D:\\Work\
\HR-SM\\node_modules\\express\\lib\\router\\index.js:280:10)
\n    at next (D:\\Work\\HR-SM\\server\\testing\\core\\error
Handler.test.js:24:13)\n    at Layer.fn [as handle_request] 
(D:\\Work\\HR-SM\\node_modules\\express\\lib\\router\\layer.
js:95:5)\n    at handle_request (D:\\Work\\HR-SM\\node_modul
es\\express\\lib\\router\\index.js:328:13)\n    at 
trim_prefix (D:\\Work\\HR-SM\\node_modules\\express\\lib\\ro
uter\\index.js:286:9)\n    at Function.done [as 
process_params] (D:\\Work\\HR-SM\\node_modules\\express\\lib
\\router\\index.js:346:12)\n    at process_params (D:\\Work\
\HR-SM\\node_modules\\express\\lib\\router\\index.js:280:10)
\n    at next (D:\\Work\\HR-SM\\node_modules\\body-parser\\l
ib\\types\\json.js:113:7)\n    at Layer.fn [as 
handle_request] (D:\\Work\\HR-SM\\node_modules\\express\\lib
\\router\\layer.js:95:5)\n    at handle_request (D:\\Work\\H
R-SM\\node_modules\\express\\lib\\router\\index.js:328:13)\n
    at trim_prefix (D:\\Work\\HR-SM\\node_modules\\express\\
lib\\router\\index.js:286:9)\n    at Function.done [as 
process_params] (D:\\Work\\HR-SM\\node_modules\\express\\lib
\\router\\index.js:346:12)\n    at process_params (D:\\Work\
\HR-SM\\node_modules\\express\\lib\\router\\index.js:280:10)
\n    at next (D:\\Work\\HR-SM\\node_modules\\express\\lib\\
middleware\\init.js:40:5)\n    at Layer.fn [as 
handle_request] (D:\\Work\\HR-SM\\node_modules\\express\\lib
\\router\\layer.js:95:5)\n    at handle_request (D:\\Work\\H
R-SM\\node_modules\\express\\lib\\router\\index.js:328:13)\n
    at trim_prefix (D:\\Work\\HR-SM\\node_modules\\express\\
lib\\router\\index.js:286:9)\n    at Function.done [as 
process_params] (D:\\Work\\HR-SM\\node_modules\\express\\lib
\\router\\index.js:346:12)\n    at process_params (D:\\Work\
\HR-SM\\node_modules\\express\\lib\\router\\index.js:280:10)
\n    at next (D:\\Work\\HR-SM\\node_modules\\express\\lib\\
middleware\\query.js:45:5)\n    at Layer.fn [as 
handle_request] (D:\\Work\\HR-SM\\node_modules\\express\\lib
\\router\\layer.js:95:5)\n    at handle_request (D:\\Work\\H
R-SM\\node_modules\\express\\lib\\router\\index.js:328:13)\n
    at trim_prefix (D:\\Work\\HR-SM\\node_modules\\express\\
lib\\router\\index.js:286:9)\n    at Function.done [as 
process_params] (D:\\Work\\HR-SM\\node_modules\\express\\lib
\\router\\index.js:346:12)\n    at process_params (D:\\Work\
\HR-SM\\node_modules\\express\\lib\\router\\index.js:280:10)
\n    at Function.next [as handle] (D:\\Work\\HR-SM\\node_mo
dules\\express\\lib\\router\\index.js:175:3)\n    at 
Function.handle (D:\\Work\\HR-SM\\node_modules\\express\\lib
\\application.js:181:10)\n    at Server.handle (D:\\Work\\HR
-SM\\node_modules\\express\\lib\\express.js:39:9)\n    at 
Server.emit (node:events:518:28)\n    at parserOnIncoming 
(node:_http_server:1150:12)\n    at 
HTTPParser.parserOnHeadersComplete 
(node:_http_common:117:17)"
      }

      at Console.write [as log] (node_modules/winston/lib/wi
nston/transports/console.js:87:23)

    console.log
      2025-12-22 13:29:09 [[31merror[39m]: Test error {
        "statusCode": 400,
        "code": "TEST_ERROR",
        "path": "/test",
        "method": "GET",
        "ip": "::ffff:127.0.0.1",
        "tenantId": "tenant_123",
        "stack": "Error: Test error\n    at D:\\Work\\HR-SM\
\server\\testing\\core\\errorHandler.test.js:117:22\n    at 
Layer.fn [as handle_request] (D:\\Work\\HR-SM\\node_modules\
\express\\lib\\router\\layer.js:95:5)\n    at 
handle_request (D:\\Work\\HR-SM\\node_modules\\express\\lib\
\router\\route.js:149:13)\n    at Route.next [as dispatch] (
D:\\Work\\HR-SM\\node_modules\\express\\lib\\router\\route.j
s:119:3)\n    at Layer.fn [as handle_request] (D:\\Work\\HR-
SM\\node_modules\\express\\lib\\router\\layer.js:95:5)\n    
at handle_request (D:\\Work\\HR-SM\\node_modules\\express\\l
ib\\router\\index.js:284:15)\n    at Function.done [as 
process_params] (D:\\Work\\HR-SM\\node_modules\\express\\lib
\\router\\index.js:346:12)\n    at process_params (D:\\Work\
\HR-SM\\node_modules\\express\\lib\\router\\index.js:280:10)
\n    at next (D:\\Work\\HR-SM\\server\\testing\\core\\error
Handler.test.js:114:17)\n    at Layer.fn [as 
handle_request] (D:\\Work\\HR-SM\\node_modules\\express\\lib
\\router\\layer.js:95:5)\n    at handle_request (D:\\Work\\H
R-SM\\node_modules\\express\\lib\\router\\index.js:328:13)\n
    at trim_prefix (D:\\Work\\HR-SM\\node_modules\\express\\
lib\\router\\index.js:286:9)\n    at Function.done [as 
process_params] (D:\\Work\\HR-SM\\node_modules\\express\\lib
\\router\\index.js:346:12)\n    at process_params (D:\\Work\
\HR-SM\\node_modules\\express\\lib\\router\\index.js:280:10)
\n    at next (D:\\Work\\HR-SM\\server\\testing\\core\\error
Handler.test.js:24:13)\n    at Layer.fn [as handle_request] 
(D:\\Work\\HR-SM\\node_modules\\express\\lib\\router\\layer.
js:95:5)\n    at handle_request (D:\\Work\\HR-SM\\node_modul
es\\express\\lib\\router\\index.js:328:13)\n    at 
trim_prefix (D:\\Work\\HR-SM\\node_modules\\express\\lib\\ro
uter\\index.js:286:9)\n    at Function.done [as 
process_params] (D:\\Work\\HR-SM\\node_modules\\express\\lib
\\router\\index.js:346:12)\n    at process_params (D:\\Work\
\HR-SM\\node_modules\\express\\lib\\router\\index.js:280:10)
\n    at next (D:\\Work\\HR-SM\\node_modules\\body-parser\\l
ib\\types\\json.js:113:7)\n    at Layer.fn [as 
handle_request] (D:\\Work\\HR-SM\\node_modules\\express\\lib
\\router\\layer.js:95:5)\n    at handle_request (D:\\Work\\H
R-SM\\node_modules\\express\\lib\\router\\index.js:328:13)\n
    at trim_prefix (D:\\Work\\HR-SM\\node_modules\\express\\
lib\\router\\index.js:286:9)\n    at Function.done [as 
process_params] (D:\\Work\\HR-SM\\node_modules\\express\\lib
\\router\\index.js:346:12)\n    at process_params (D:\\Work\
\HR-SM\\node_modules\\express\\lib\\router\\index.js:280:10)
\n    at next (D:\\Work\\HR-SM\\node_modules\\express\\lib\\
middleware\\init.js:40:5)\n    at Layer.fn [as 
handle_request] (D:\\Work\\HR-SM\\node_modules\\express\\lib
\\router\\layer.js:95:5)\n    at handle_request (D:\\Work\\H
R-SM\\node_modules\\express\\lib\\router\\index.js:328:13)\n
    at trim_prefix (D:\\Work\\HR-SM\\node_modules\\express\\
lib\\router\\index.js:286:9)\n    at Function.done [as 
process_params] (D:\\Work\\HR-SM\\node_modules\\express\\lib
\\router\\index.js:346:12)\n    at process_params (D:\\Work\
\HR-SM\\node_modules\\express\\lib\\router\\index.js:280:10)
\n    at next (D:\\Work\\HR-SM\\node_modules\\express\\lib\\
middleware\\query.js:45:5)\n    at Layer.fn [as 
handle_request] (D:\\Work\\HR-SM\\node_modules\\express\\lib
\\router\\layer.js:95:5)\n    at handle_request (D:\\Work\\H
R-SM\\node_modules\\express\\lib\\router\\index.js:328:13)\n
    at trim_prefix (D:\\Work\\HR-SM\\node_modules\\express\\
lib\\router\\index.js:286:9)\n    at Function.done [as 
process_params] (D:\\Work\\HR-SM\\node_modules\\express\\lib
\\router\\index.js:346:12)\n    at process_params (D:\\Work\
\HR-SM\\node_modules\\express\\lib\\router\\index.js:280:10)
\n    at Function.next [as handle] (D:\\Work\\HR-SM\\node_mo
dules\\express\\lib\\router\\index.js:175:3)\n    at 
Function.handle (D:\\Work\\HR-SM\\node_modules\\express\\lib
\\application.js:181:10)\n    at Server.handle (D:\\Work\\HR
-SM\\node_modules\\express\\lib\\express.js:39:9)\n    at 
Server.emit (node:events:518:28)\n    at parserOnIncoming 
(node:_http_server:1150:12)\n    at 
HTTPParser.parserOnHeadersComplete 
(node:_http_common:117:17)",
        "isOperational": true,
        "details": {}
      }

      at Console.write [as log] (node_modules/winston/lib/wi
nston/transports/console.js:87:23)

    console.log
      2025-12-22 13:29:09 [[31merror[39m]: Validation 
failed {
        "statusCode": 400,
        "code": "VALIDATION_ERROR",
        "path": "/test",
        "method": "GET",
        "ip": "::ffff:127.0.0.1",
        "stack": "Error: Validation failed\n    at D:\\Work\
\HR-SM\\server\\testing\\core\\errorHandler.test.js:133:22\n
    at Layer.fn [as handle_request] (D:\\Work\\HR-SM\\node_m
odules\\express\\lib\\router\\layer.js:95:5)\n    at 
handle_request (D:\\Work\\HR-SM\\node_modules\\express\\lib\
\router\\route.js:149:13)\n    at Route.next [as dispatch] (
D:\\Work\\HR-SM\\node_modules\\express\\lib\\router\\route.j
s:119:3)\n    at Layer.fn [as handle_request] (D:\\Work\\HR-
SM\\node_modules\\express\\lib\\router\\layer.js:95:5)\n    
at handle_request (D:\\Work\\HR-SM\\node_modules\\express\\l
ib\\router\\index.js:284:15)\n    at Function.done [as 
process_params] (D:\\Work\\HR-SM\\node_modules\\express\\lib
\\router\\index.js:346:12)\n    at process_params (D:\\Work\
\HR-SM\\node_modules\\express\\lib\\router\\index.js:280:10)
\n    at next (D:\\Work\\HR-SM\\server\\testing\\core\\error
Handler.test.js:24:13)\n    at Layer.fn [as handle_request] 
(D:\\Work\\HR-SM\\node_modules\\express\\lib\\router\\layer.
js:95:5)\n    at handle_request (D:\\Work\\HR-SM\\node_modul
es\\express\\lib\\router\\index.js:328:13)\n    at 
trim_prefix (D:\\Work\\HR-SM\\node_modules\\express\\lib\\ro
uter\\index.js:286:9)\n    at Function.done [as 
process_params] (D:\\Work\\HR-SM\\node_modules\\express\\lib
\\router\\index.js:346:12)\n    at process_params (D:\\Work\
\HR-SM\\node_modules\\express\\lib\\router\\index.js:280:10)
\n    at next (D:\\Work\\HR-SM\\node_modules\\body-parser\\l
ib\\types\\json.js:113:7)\n    at Layer.fn [as 
handle_request] (D:\\Work\\HR-SM\\node_modules\\express\\lib
\\router\\layer.js:95:5)\n    at handle_request (D:\\Work\\H
R-SM\\node_modules\\express\\lib\\router\\index.js:328:13)\n
    at trim_prefix (D:\\Work\\HR-SM\\node_modules\\express\\
lib\\router\\index.js:286:9)\n    at Function.done [as 
process_params] (D:\\Work\\HR-SM\\node_modules\\express\\lib
\\router\\index.js:346:12)\n    at process_params (D:\\Work\
\HR-SM\\node_modules\\express\\lib\\router\\index.js:280:10)
\n    at next (D:\\Work\\HR-SM\\node_modules\\express\\lib\\
middleware\\init.js:40:5)\n    at Layer.fn [as 
handle_request] (D:\\Work\\HR-SM\\node_modules\\express\\lib
\\router\\layer.js:95:5)\n    at handle_request (D:\\Work\\H
R-SM\\node_modules\\express\\lib\\router\\index.js:328:13)\n
    at trim_prefix (D:\\Work\\HR-SM\\node_modules\\express\\
lib\\router\\index.js:286:9)\n    at Function.done [as 
process_params] (D:\\Work\\HR-SM\\node_modules\\express\\lib
\\router\\index.js:346:12)\n    at process_params (D:\\Work\
\HR-SM\\node_modules\\express\\lib\\router\\index.js:280:10)
\n    at next (D:\\Work\\HR-SM\\node_modules\\express\\lib\\
middleware\\query.js:45:5)\n    at Layer.fn [as 
handle_request] (D:\\Work\\HR-SM\\node_modules\\express\\lib
\\router\\layer.js:95:5)\n    at handle_request (D:\\Work\\H
R-SM\\node_modules\\express\\lib\\router\\index.js:328:13)\n
    at trim_prefix (D:\\Work\\HR-SM\\node_modules\\express\\
lib\\router\\index.js:286:9)\n    at Function.done [as 
process_params] (D:\\Work\\HR-SM\\node_modules\\express\\lib
\\router\\index.js:346:12)\n    at process_params (D:\\Work\
\HR-SM\\node_modules\\express\\lib\\router\\index.js:280:10)
\n    at Function.next [as handle] (D:\\Work\\HR-SM\\node_mo
dules\\express\\lib\\router\\index.js:175:3)\n    at 
Function.handle (D:\\Work\\HR-SM\\node_modules\\express\\lib
\\application.js:181:10)\n    at Server.handle (D:\\Work\\HR
-SM\\node_modules\\express\\lib\\express.js:39:9)\n    at 
Server.emit (node:events:518:28)\n    at parserOnIncoming 
(node:_http_server:1150:12)\n    at 
HTTPParser.parserOnHeadersComplete 
(node:_http_common:117:17)",
        "isOperational": true,
        "details": {}
      }

      at Console.write [as log] (node_modules/winston/lib/wi
nston/transports/console.js:87:23)

    console.log
      2025-12-22 13:29:09 [[31merror[39m]: Unauthorized {
        "statusCode": 401,
        "code": "UNAUTHORIZED",
        "path": "/test",
        "method": "GET",
        "ip": "::ffff:127.0.0.1",
        "stack": "Error: Unauthorized\n    at D:\\Work\\HR-S
M\\server\\testing\\core\\errorHandler.test.js:144:22\n    
at Layer.fn [as handle_request] (D:\\Work\\HR-SM\\node_modul
es\\express\\lib\\router\\layer.js:95:5)\n    at 
handle_request (D:\\Work\\HR-SM\\node_modules\\express\\lib\
\router\\route.js:149:13)\n    at Route.next [as dispatch] (
D:\\Work\\HR-SM\\node_modules\\express\\lib\\router\\route.j
s:119:3)\n    at Layer.fn [as handle_request] (D:\\Work\\HR-
SM\\node_modules\\express\\lib\\router\\layer.js:95:5)\n    
at handle_request (D:\\Work\\HR-SM\\node_modules\\express\\l
ib\\router\\index.js:284:15)\n    at Function.done [as 
process_params] (D:\\Work\\HR-SM\\node_modules\\express\\lib
\\router\\index.js:346:12)\n    at process_params (D:\\Work\
\HR-SM\\node_modules\\express\\lib\\router\\index.js:280:10)
\n    at next (D:\\Work\\HR-SM\\server\\testing\\core\\error
Handler.test.js:24:13)\n    at Layer.fn [as handle_request] 
(D:\\Work\\HR-SM\\node_modules\\express\\lib\\router\\layer.
js:95:5)\n    at handle_request (D:\\Work\\HR-SM\\node_modul
es\\express\\lib\\router\\index.js:328:13)\n    at 
trim_prefix (D:\\Work\\HR-SM\\node_modules\\express\\lib\\ro
uter\\index.js:286:9)\n    at Function.done [as 
process_params] (D:\\Work\\HR-SM\\node_modules\\express\\lib
\\router\\index.js:346:12)\n    at process_params (D:\\Work\
\HR-SM\\node_modules\\express\\lib\\router\\index.js:280:10)
\n    at next (D:\\Work\\HR-SM\\node_modules\\body-parser\\l
ib\\types\\json.js:113:7)\n    at Layer.fn [as 
handle_request] (D:\\Work\\HR-SM\\node_modules\\express\\lib
\\router\\layer.js:95:5)\n    at handle_request (D:\\Work\\H
R-SM\\node_modules\\express\\lib\\router\\index.js:328:13)\n
    at trim_prefix (D:\\Work\\HR-SM\\node_modules\\express\\
lib\\router\\index.js:286:9)\n    at Function.done [as 
process_params] (D:\\Work\\HR-SM\\node_modules\\express\\lib
\\router\\index.js:346:12)\n    at process_params (D:\\Work\
\HR-SM\\node_modules\\express\\lib\\router\\index.js:280:10)
\n    at next (D:\\Work\\HR-SM\\node_modules\\express\\lib\\
middleware\\init.js:40:5)\n    at Layer.fn [as 
handle_request] (D:\\Work\\HR-SM\\node_modules\\express\\lib
\\router\\layer.js:95:5)\n    at handle_request (D:\\Work\\H
R-SM\\node_modules\\express\\lib\\router\\index.js:328:13)\n
    at trim_prefix (D:\\Work\\HR-SM\\node_modules\\express\\
lib\\router\\index.js:286:9)\n    at Function.done [as 
process_params] (D:\\Work\\HR-SM\\node_modules\\express\\lib
\\router\\index.js:346:12)\n    at process_params (D:\\Work\
\HR-SM\\node_modules\\express\\lib\\router\\index.js:280:10)
\n    at next (D:\\Work\\HR-SM\\node_modules\\express\\lib\\
middleware\\query.js:45:5)\n    at Layer.fn [as 
handle_request] (D:\\Work\\HR-SM\\node_modules\\express\\lib
\\router\\layer.js:95:5)\n    at handle_request (D:\\Work\\H
R-SM\\node_modules\\express\\lib\\router\\index.js:328:13)\n
    at trim_prefix (D:\\Work\\HR-SM\\node_modules\\express\\
lib\\router\\index.js:286:9)\n    at Function.done [as 
process_params] (D:\\Work\\HR-SM\\node_modules\\express\\lib
\\router\\index.js:346:12)\n    at process_params (D:\\Work\
\HR-SM\\node_modules\\express\\lib\\router\\index.js:280:10)
\n    at Function.next [as handle] (D:\\Work\\HR-SM\\node_mo
dules\\express\\lib\\router\\index.js:175:3)\n    at 
Function.handle (D:\\Work\\HR-SM\\node_modules\\express\\lib
\\application.js:181:10)\n    at Server.handle (D:\\Work\\HR
-SM\\node_modules\\express\\lib\\express.js:39:9)\n    at 
Server.emit (node:events:518:28)\n    at parserOnIncoming 
(node:_http_server:1150:12)\n    at 
HTTPParser.parserOnHeadersComplete 
(node:_http_common:117:17)",
        "isOperational": true,
        "details": {}
      }

      at Console.write [as log] (node_modules/winston/lib/wi
nston/transports/console.js:87:23)

    console.log
      2025-12-22 13:29:09 [[31merror[39m]: Forbidden {
        "statusCode": 403,
        "code": "INSUFFICIENT_PERMISSIONS",
        "path": "/test",
        "method": "GET",
        "ip": "::ffff:127.0.0.1",
        "stack": "Error: Forbidden\n    at D:\\Work\\HR-SM\\
server\\testing\\core\\errorHandler.test.js:155:22\n    at 
Layer.fn [as handle_request] (D:\\Work\\HR-SM\\node_modules\
\express\\lib\\router\\layer.js:95:5)\n    at 
handle_request (D:\\Work\\HR-SM\\node_modules\\express\\lib\
\router\\route.js:149:13)\n    at Route.next [as dispatch] (
D:\\Work\\HR-SM\\node_modules\\express\\lib\\router\\route.j
s:119:3)\n    at Layer.fn [as handle_request] (D:\\Work\\HR-
SM\\node_modules\\express\\lib\\router\\layer.js:95:5)\n    
at handle_request (D:\\Work\\HR-SM\\node_modules\\express\\l
ib\\router\\index.js:284:15)\n    at Function.done [as 
process_params] (D:\\Work\\HR-SM\\node_modules\\express\\lib
\\router\\index.js:346:12)\n    at process_params (D:\\Work\
\HR-SM\\node_modules\\express\\lib\\router\\index.js:280:10)
\n    at next (D:\\Work\\HR-SM\\server\\testing\\core\\error
Handler.test.js:24:13)\n    at Layer.fn [as handle_request] 
(D:\\Work\\HR-SM\\node_modules\\express\\lib\\router\\layer.
js:95:5)\n    at handle_request (D:\\Work\\HR-SM\\node_modul
es\\express\\lib\\router\\index.js:328:13)\n    at 
trim_prefix (D:\\Work\\HR-SM\\node_modules\\express\\lib\\ro
uter\\index.js:286:9)\n    at Function.done [as 
process_params] (D:\\Work\\HR-SM\\node_modules\\express\\lib
\\router\\index.js:346:12)\n    at process_params (D:\\Work\
\HR-SM\\node_modules\\express\\lib\\router\\index.js:280:10)
\n    at next (D:\\Work\\HR-SM\\node_modules\\body-parser\\l
ib\\types\\json.js:113:7)\n    at Layer.fn [as 
handle_request] (D:\\Work\\HR-SM\\node_modules\\express\\lib
\\router\\layer.js:95:5)\n    at handle_request (D:\\Work\\H
R-SM\\node_modules\\express\\lib\\router\\index.js:328:13)\n
    at trim_prefix (D:\\Work\\HR-SM\\node_modules\\express\\
lib\\router\\index.js:286:9)\n    at Function.done [as 
process_params] (D:\\Work\\HR-SM\\node_modules\\express\\lib
\\router\\index.js:346:12)\n    at process_params (D:\\Work\
\HR-SM\\node_modules\\express\\lib\\router\\index.js:280:10)
\n    at next (D:\\Work\\HR-SM\\node_modules\\express\\lib\\
middleware\\init.js:40:5)\n    at Layer.fn [as 
handle_request] (D:\\Work\\HR-SM\\node_modules\\express\\lib
\\router\\layer.js:95:5)\n    at handle_request (D:\\Work\\H
R-SM\\node_modules\\express\\lib\\router\\index.js:328:13)\n
    at trim_prefix (D:\\Work\\HR-SM\\node_modules\\express\\
lib\\router\\index.js:286:9)\n    at Function.done [as 
process_params] (D:\\Work\\HR-SM\\node_modules\\express\\lib
\\router\\index.js:346:12)\n    at process_params (D:\\Work\
\HR-SM\\node_modules\\express\\lib\\router\\index.js:280:10)
\n    at next (D:\\Work\\HR-SM\\node_modules\\express\\lib\\
middleware\\query.js:45:5)\n    at Layer.fn [as 
handle_request] (D:\\Work\\HR-SM\\node_modules\\express\\lib
\\router\\layer.js:95:5)\n    at handle_request (D:\\Work\\H
R-SM\\node_modules\\express\\lib\\router\\index.js:328:13)\n
    at trim_prefix (D:\\Work\\HR-SM\\node_modules\\express\\
lib\\router\\index.js:286:9)\n    at Function.done [as 
process_params] (D:\\Work\\HR-SM\\node_modules\\express\\lib
\\router\\index.js:346:12)\n    at process_params (D:\\Work\
\HR-SM\\node_modules\\express\\lib\\router\\index.js:280:10)
\n    at Function.next [as handle] (D:\\Work\\HR-SM\\node_mo
dules\\express\\lib\\router\\index.js:175:3)\n    at 
Function.handle (D:\\Work\\HR-SM\\node_modules\\express\\lib
\\application.js:181:10)\n    at Server.handle (D:\\Work\\HR
-SM\\node_modules\\express\\lib\\express.js:39:9)\n    at 
Server.emit (node:events:518:28)\n    at parserOnIncoming 
(node:_http_server:1150:12)\n    at 
HTTPParser.parserOnHeadersComplete 
(node:_http_common:117:17)",
        "isOperational": true,
        "details": {}
      }

      at Console.write [as log] (node_modules/winston/lib/wi
nston/transports/console.js:87:23)

    console.log
      2025-12-22 13:29:09 [[31merror[39m]: Not found {
        "statusCode": 404,
        "code": "NOT_FOUND",
        "path": "/test",
        "method": "GET",
        "ip": "::ffff:127.0.0.1",
        "stack": "Error: Not found\n    at D:\\Work\\HR-SM\\
server\\testing\\core\\errorHandler.test.js:166:22\n    at 
Layer.fn [as handle_request] (D:\\Work\\HR-SM\\node_modules\
\express\\lib\\router\\layer.js:95:5)\n    at 
handle_request (D:\\Work\\HR-SM\\node_modules\\express\\lib\
\router\\route.js:149:13)\n    at Route.next [as dispatch] (
D:\\Work\\HR-SM\\node_modules\\express\\lib\\router\\route.j
s:119:3)\n    at Layer.fn [as handle_request] (D:\\Work\\HR-
SM\\node_modules\\express\\lib\\router\\layer.js:95:5)\n    
at handle_request (D:\\Work\\HR-SM\\node_modules\\express\\l
ib\\router\\index.js:284:15)\n    at Function.done [as 
process_params] (D:\\Work\\HR-SM\\node_modules\\express\\lib
\\router\\index.js:346:12)\n    at process_params (D:\\Work\
\HR-SM\\node_modules\\express\\lib\\router\\index.js:280:10)
\n    at next (D:\\Work\\HR-SM\\server\\testing\\core\\error
Handler.test.js:24:13)\n    at Layer.fn [as handle_request] 
(D:\\Work\\HR-SM\\node_modules\\express\\lib\\router\\layer.
js:95:5)\n    at handle_request (D:\\Work\\HR-SM\\node_modul
es\\express\\lib\\router\\index.js:328:13)\n    at 
trim_prefix (D:\\Work\\HR-SM\\node_modules\\express\\lib\\ro
uter\\index.js:286:9)\n    at Function.done [as 
process_params] (D:\\Work\\HR-SM\\node_modules\\express\\lib
\\router\\index.js:346:12)\n    at process_params (D:\\Work\
\HR-SM\\node_modules\\express\\lib\\router\\index.js:280:10)
\n    at next (D:\\Work\\HR-SM\\node_modules\\body-parser\\l
ib\\types\\json.js:113:7)\n    at Layer.fn [as 
handle_request] (D:\\Work\\HR-SM\\node_modules\\express\\lib
\\router\\layer.js:95:5)\n    at handle_request (D:\\Work\\H
R-SM\\node_modules\\express\\lib\\router\\index.js:328:13)\n
    at trim_prefix (D:\\Work\\HR-SM\\node_modules\\express\\
lib\\router\\index.js:286:9)\n    at Function.done [as 
process_params] (D:\\Work\\HR-SM\\node_modules\\express\\lib
\\router\\index.js:346:12)\n    at process_params (D:\\Work\
\HR-SM\\node_modules\\express\\lib\\router\\index.js:280:10)
\n    at next (D:\\Work\\HR-SM\\node_modules\\express\\lib\\
middleware\\init.js:40:5)\n    at Layer.fn [as 
handle_request] (D:\\Work\\HR-SM\\node_modules\\express\\lib
\\router\\layer.js:95:5)\n    at handle_request (D:\\Work\\H
R-SM\\node_modules\\express\\lib\\router\\index.js:328:13)\n
    at trim_prefix (D:\\Work\\HR-SM\\node_modules\\express\\
lib\\router\\index.js:286:9)\n    at Function.done [as 
process_params] (D:\\Work\\HR-SM\\node_modules\\express\\lib
\\router\\index.js:346:12)\n    at process_params (D:\\Work\
\HR-SM\\node_modules\\express\\lib\\router\\index.js:280:10)
\n    at next (D:\\Work\\HR-SM\\node_modules\\express\\lib\\
middleware\\query.js:45:5)\n    at Layer.fn [as 
handle_request] (D:\\Work\\HR-SM\\node_modules\\express\\lib
\\router\\layer.js:95:5)\n    at handle_request (D:\\Work\\H
R-SM\\node_modules\\express\\lib\\router\\index.js:328:13)\n
    at trim_prefix (D:\\Work\\HR-SM\\node_modules\\express\\
lib\\router\\index.js:286:9)\n    at Function.done [as 
process_params] (D:\\Work\\HR-SM\\node_modules\\express\\lib
\\router\\index.js:346:12)\n    at process_params (D:\\Work\
\HR-SM\\node_modules\\express\\lib\\router\\index.js:280:10)
\n    at Function.next [as handle] (D:\\Work\\HR-SM\\node_mo
dules\\express\\lib\\router\\index.js:175:3)\n    at 
Function.handle (D:\\Work\\HR-SM\\node_modules\\express\\lib
\\application.js:181:10)\n    at Server.handle (D:\\Work\\HR
-SM\\node_modules\\express\\lib\\express.js:39:9)\n    at 
Server.emit (node:events:518:28)\n    at parserOnIncoming 
(node:_http_server:1150:12)\n    at 
HTTPParser.parserOnHeadersComplete 
(node:_http_common:117:17)",
        "isOperational": true,
        "details": {}
      }

      at Console.write [as log] (node_modules/winston/lib/wi
nston/transports/console.js:87:23)

    console.log
      2025-12-22 13:29:09 [[31merror[39m]: Conflict {
        "statusCode": 409,
        "code": "CONFLICT",
        "path": "/test",
        "method": "GET",
        "ip": "::ffff:127.0.0.1",
        "stack": "Error: Conflict\n    at D:\\Work\\HR-SM\\s
erver\\testing\\core\\errorHandler.test.js:177:22\n    at 
Layer.fn [as handle_request] (D:\\Work\\HR-SM\\node_modules\
\express\\lib\\router\\layer.js:95:5)\n    at 
handle_request (D:\\Work\\HR-SM\\node_modules\\express\\lib\
\router\\route.js:149:13)\n    at Route.next [as dispatch] (
D:\\Work\\HR-SM\\node_modules\\express\\lib\\router\\route.j
s:119:3)\n    at Layer.fn [as handle_request] (D:\\Work\\HR-
SM\\node_modules\\express\\lib\\router\\layer.js:95:5)\n    
at handle_request (D:\\Work\\HR-SM\\node_modules\\express\\l
ib\\router\\index.js:284:15)\n    at Function.done [as 
process_params] (D:\\Work\\HR-SM\\node_modules\\express\\lib
\\router\\index.js:346:12)\n    at process_params (D:\\Work\
\HR-SM\\node_modules\\express\\lib\\router\\index.js:280:10)
\n    at next (D:\\Work\\HR-SM\\server\\testing\\core\\error
Handler.test.js:24:13)\n    at Layer.fn [as handle_request] 
(D:\\Work\\HR-SM\\node_modules\\express\\lib\\router\\layer.
js:95:5)\n    at handle_request (D:\\Work\\HR-SM\\node_modul
es\\express\\lib\\router\\index.js:328:13)\n    at 
trim_prefix (D:\\Work\\HR-SM\\node_modules\\express\\lib\\ro
uter\\index.js:286:9)\n    at Function.done [as 
process_params] (D:\\Work\\HR-SM\\node_modules\\express\\lib
\\router\\index.js:346:12)\n    at process_params (D:\\Work\
\HR-SM\\node_modules\\express\\lib\\router\\index.js:280:10)
\n    at next (D:\\Work\\HR-SM\\node_modules\\body-parser\\l
ib\\types\\json.js:113:7)\n    at Layer.fn [as 
handle_request] (D:\\Work\\HR-SM\\node_modules\\express\\lib
\\router\\layer.js:95:5)\n    at handle_request (D:\\Work\\H
R-SM\\node_modules\\express\\lib\\router\\index.js:328:13)\n
    at trim_prefix (D:\\Work\\HR-SM\\node_modules\\express\\
lib\\router\\index.js:286:9)\n    at Function.done [as 
process_params] (D:\\Work\\HR-SM\\node_modules\\express\\lib
\\router\\index.js:346:12)\n    at process_params (D:\\Work\
\HR-SM\\node_modules\\express\\lib\\router\\index.js:280:10)
\n    at next (D:\\Work\\HR-SM\\node_modules\\express\\lib\\
middleware\\init.js:40:5)\n    at Layer.fn [as 
handle_request] (D:\\Work\\HR-SM\\node_modules\\express\\lib
\\router\\layer.js:95:5)\n    at handle_request (D:\\Work\\H
R-SM\\node_modules\\express\\lib\\router\\index.js:328:13)\n
    at trim_prefix (D:\\Work\\HR-SM\\node_modules\\express\\
lib\\router\\index.js:286:9)\n    at Function.done [as 
process_params] (D:\\Work\\HR-SM\\node_modules\\express\\lib
\\router\\index.js:346:12)\n    at process_params (D:\\Work\
\HR-SM\\node_modules\\express\\lib\\router\\index.js:280:10)
\n    at next (D:\\Work\\HR-SM\\node_modules\\express\\lib\\
middleware\\query.js:45:5)\n    at Layer.fn [as 
handle_request] (D:\\Work\\HR-SM\\node_modules\\express\\lib
\\router\\layer.js:95:5)\n    at handle_request (D:\\Work\\H
R-SM\\node_modules\\express\\lib\\router\\index.js:328:13)\n
    at trim_prefix (D:\\Work\\HR-SM\\node_modules\\express\\
lib\\router\\index.js:286:9)\n    at Function.done [as 
process_params] (D:\\Work\\HR-SM\\node_modules\\express\\lib
\\router\\index.js:346:12)\n    at process_params (D:\\Work\
\HR-SM\\node_modules\\express\\lib\\router\\index.js:280:10)
\n    at Function.next [as handle] (D:\\Work\\HR-SM\\node_mo
dules\\express\\lib\\router\\index.js:175:3)\n    at 
Function.handle (D:\\Work\\HR-SM\\node_modules\\express\\lib
\\application.js:181:10)\n    at Server.handle (D:\\Work\\HR
-SM\\node_modules\\express\\lib\\express.js:39:9)\n    at 
Server.emit (node:events:518:28)\n    at parserOnIncoming 
(node:_http_server:1150:12)\n    at 
HTTPParser.parserOnHeadersComplete 
(node:_http_common:117:17)",
        "isOperational": true,
        "details": {}
      }

      at Console.write [as log] (node_modules/winston/lib/wi
nston/transports/console.js:87:23)

    console.log
      2025-12-22 13:29:09 [[31merror[39m]: Internal error 
{
        "statusCode": 500,
        "code": "INTERNAL_SERVER_ERROR",
        "path": "/test",
        "method": "GET",
        "ip": "::ffff:127.0.0.1",
        "stack": "Error: Internal error\n    at D:\\Work\\HR
-SM\\server\\testing\\core\\errorHandler.test.js:188:22\n   
 at Layer.fn [as handle_request] (D:\\Work\\HR-SM\\node_modu
les\\express\\lib\\router\\layer.js:95:5)\n    at 
handle_request (D:\\Work\\HR-SM\\node_modules\\express\\lib\
\router\\route.js:149:13)\n    at Route.next [as dispatch] (
D:\\Work\\HR-SM\\node_modules\\express\\lib\\router\\route.j
s:119:3)\n    at Layer.fn [as handle_request] (D:\\Work\\HR-
SM\\node_modules\\express\\lib\\router\\layer.js:95:5)\n    
at handle_request (D:\\Work\\HR-SM\\node_modules\\express\\l
ib\\router\\index.js:284:15)\n    at Function.done [as 
process_params] (D:\\Work\\HR-SM\\node_modules\\express\\lib
\\router\\index.js:346:12)\n    at process_params (D:\\Work\
\HR-SM\\node_modules\\express\\lib\\router\\index.js:280:10)
\n    at next (D:\\Work\\HR-SM\\server\\testing\\core\\error
Handler.test.js:24:13)\n    at Layer.fn [as handle_request] 
(D:\\Work\\HR-SM\\node_modules\\express\\lib\\router\\layer.
js:95:5)\n    at handle_request (D:\\Work\\HR-SM\\node_modul
es\\express\\lib\\router\\index.js:328:13)\n    at 
trim_prefix (D:\\Work\\HR-SM\\node_modules\\express\\lib\\ro
uter\\index.js:286:9)\n    at Function.done [as 
process_params] (D:\\Work\\HR-SM\\node_modules\\express\\lib
\\router\\index.js:346:12)\n    at process_params (D:\\Work\
\HR-SM\\node_modules\\express\\lib\\router\\index.js:280:10)
\n    at next (D:\\Work\\HR-SM\\node_modules\\body-parser\\l
ib\\types\\json.js:113:7)\n    at Layer.fn [as 
handle_request] (D:\\Work\\HR-SM\\node_modules\\express\\lib
\\router\\layer.js:95:5)\n    at handle_request (D:\\Work\\H
R-SM\\node_modules\\express\\lib\\router\\index.js:328:13)\n
    at trim_prefix (D:\\Work\\HR-SM\\node_modules\\express\\
lib\\router\\index.js:286:9)\n    at Function.done [as 
process_params] (D:\\Work\\HR-SM\\node_modules\\express\\lib
\\router\\index.js:346:12)\n    at process_params (D:\\Work\
\HR-SM\\node_modules\\express\\lib\\router\\index.js:280:10)
\n    at next (D:\\Work\\HR-SM\\node_modules\\express\\lib\\
middleware\\init.js:40:5)\n    at Layer.fn [as 
handle_request] (D:\\Work\\HR-SM\\node_modules\\express\\lib
\\router\\layer.js:95:5)\n    at handle_request (D:\\Work\\H
R-SM\\node_modules\\express\\lib\\router\\index.js:328:13)\n
    at trim_prefix (D:\\Work\\HR-SM\\node_modules\\express\\
lib\\router\\index.js:286:9)\n    at Function.done [as 
process_params] (D:\\Work\\HR-SM\\node_modules\\express\\lib
\\router\\index.js:346:12)\n    at process_params (D:\\Work\
\HR-SM\\node_modules\\express\\lib\\router\\index.js:280:10)
\n    at next (D:\\Work\\HR-SM\\node_modules\\express\\lib\\
middleware\\query.js:45:5)\n    at Layer.fn [as 
handle_request] (D:\\Work\\HR-SM\\node_modules\\express\\lib
\\router\\layer.js:95:5)\n    at handle_request (D:\\Work\\H
R-SM\\node_modules\\express\\lib\\router\\index.js:328:13)\n
    at trim_prefix (D:\\Work\\HR-SM\\node_modules\\express\\
lib\\router\\index.js:286:9)\n    at Function.done [as 
process_params] (D:\\Work\\HR-SM\\node_modules\\express\\lib
\\router\\index.js:346:12)\n    at process_params (D:\\Work\
\HR-SM\\node_modules\\express\\lib\\router\\index.js:280:10)
\n    at Function.next [as handle] (D:\\Work\\HR-SM\\node_mo
dules\\express\\lib\\router\\index.js:175:3)\n    at 
Function.handle (D:\\Work\\HR-SM\\node_modules\\express\\lib
\\application.js:181:10)\n    at Server.handle (D:\\Work\\HR
-SM\\node_modules\\express\\lib\\express.js:39:9)\n    at 
Server.emit (node:events:518:28)\n    at parserOnIncoming 
(node:_http_server:1150:12)\n    at 
HTTPParser.parserOnHeadersComplete 
(node:_http_common:117:17)",
        "isOperational": true,
        "details": {}
      }

      at Console.write [as log] (node_modules/winston/lib/wi
nston/transports/console.js:87:23)

    console.log
      2025-12-22 13:29:09 [[31merror[39m]: Unknown error {
        "statusCode": 500,
        "code": "INTERNAL_SERVER_ERROR",
        "path": "/test",
        "method": "GET",
        "ip": "::ffff:127.0.0.1",
        "stack": "Error: Unknown error\n    at D:\\Work\\HR-
SM\\server\\testing\\core\\errorHandler.test.js:199:22\n    
at Layer.fn [as handle_request] (D:\\Work\\HR-SM\\node_modul
es\\express\\lib\\router\\layer.js:95:5)\n    at 
handle_request (D:\\Work\\HR-SM\\node_modules\\express\\lib\
\router\\route.js:149:13)\n    at Route.next [as dispatch] (
D:\\Work\\HR-SM\\node_modules\\express\\lib\\router\\route.j
s:119:3)\n    at Layer.fn [as handle_request] (D:\\Work\\HR-
SM\\node_modules\\express\\lib\\router\\layer.js:95:5)\n    
at handle_request (D:\\Work\\HR-SM\\node_modules\\express\\l
ib\\router\\index.js:284:15)\n    at Function.done [as 
process_params] (D:\\Work\\HR-SM\\node_modules\\express\\lib
\\router\\index.js:346:12)\n    at process_params (D:\\Work\
\HR-SM\\node_modules\\express\\lib\\router\\index.js:280:10)
\n    at next (D:\\Work\\HR-SM\\server\\testing\\core\\error
Handler.test.js:24:13)\n    at Layer.fn [as handle_request] 
(D:\\Work\\HR-SM\\node_modules\\express\\lib\\router\\layer.
js:95:5)\n    at handle_request (D:\\Work\\HR-SM\\node_modul
es\\express\\lib\\router\\index.js:328:13)\n    at 
trim_prefix (D:\\Work\\HR-SM\\node_modules\\express\\lib\\ro
uter\\index.js:286:9)\n    at Function.done [as 
process_params] (D:\\Work\\HR-SM\\node_modules\\express\\lib
\\router\\index.js:346:12)\n    at process_params (D:\\Work\
\HR-SM\\node_modules\\express\\lib\\router\\index.js:280:10)
\n    at next (D:\\Work\\HR-SM\\node_modules\\body-parser\\l
ib\\types\\json.js:113:7)\n    at Layer.fn [as 
handle_request] (D:\\Work\\HR-SM\\node_modules\\express\\lib
\\router\\layer.js:95:5)\n    at handle_request (D:\\Work\\H
R-SM\\node_modules\\express\\lib\\router\\index.js:328:13)\n
    at trim_prefix (D:\\Work\\HR-SM\\node_modules\\express\\
lib\\router\\index.js:286:9)\n    at Function.done [as 
process_params] (D:\\Work\\HR-SM\\node_modules\\express\\lib
\\router\\index.js:346:12)\n    at process_params (D:\\Work\
\HR-SM\\node_modules\\express\\lib\\router\\index.js:280:10)
\n    at next (D:\\Work\\HR-SM\\node_modules\\express\\lib\\
middleware\\init.js:40:5)\n    at Layer.fn [as 
handle_request] (D:\\Work\\HR-SM\\node_modules\\express\\lib
\\router\\layer.js:95:5)\n    at handle_request (D:\\Work\\H
R-SM\\node_modules\\express\\lib\\router\\index.js:328:13)\n
    at trim_prefix (D:\\Work\\HR-SM\\node_modules\\express\\
lib\\router\\index.js:286:9)\n    at Function.done [as 
process_params] (D:\\Work\\HR-SM\\node_modules\\express\\lib
\\router\\index.js:346:12)\n    at process_params (D:\\Work\
\HR-SM\\node_modules\\express\\lib\\router\\index.js:280:10)
\n    at next (D:\\Work\\HR-SM\\node_modules\\express\\lib\\
middleware\\query.js:45:5)\n    at Layer.fn [as 
handle_request] (D:\\Work\\HR-SM\\node_modules\\express\\lib
\\router\\layer.js:95:5)\n    at handle_request (D:\\Work\\H
R-SM\\node_modules\\express\\lib\\router\\index.js:328:13)\n
    at trim_prefix (D:\\Work\\HR-SM\\node_modules\\express\\
lib\\router\\index.js:286:9)\n    at Function.done [as 
process_params] (D:\\Work\\HR-SM\\node_modules\\express\\lib
\\router\\index.js:346:12)\n    at process_params (D:\\Work\
\HR-SM\\node_modules\\express\\lib\\router\\index.js:280:10)
\n    at Function.next [as handle] (D:\\Work\\HR-SM\\node_mo
dules\\express\\lib\\router\\index.js:175:3)\n    at 
Function.handle (D:\\Work\\HR-SM\\node_modules\\express\\lib
\\application.js:181:10)\n    at Server.handle (D:\\Work\\HR
-SM\\node_modules\\express\\lib\\express.js:39:9)\n    at 
Server.emit (node:events:518:28)\n    at parserOnIncoming 
(node:_http_server:1150:12)\n    at 
HTTPParser.parserOnHeadersComplete 
(node:_http_common:117:17)"
      }

      at Console.write [as log] (node_modules/winston/lib/wi
nston/transports/console.js:87:23)

    console.log
      2025-12-22 13:29:09 [[31merror[39m]: Platform 
initialization failed {
        "statusCode": 500,
        "code": "PLATFORM_INITIALIZATION_ERROR",
        "path": "/test",
        "method": "GET",
        "ip": "::ffff:127.0.0.1",
        "stack": "Error: Platform initialization failed\n   
 at D:\\Work\\HR-SM\\server\\testing\\core\\errorHandler.tes
t.js:212:22\n    at Layer.fn [as handle_request] (D:\\Work\\
HR-SM\\node_modules\\express\\lib\\router\\layer.js:95:5)\n 
   at handle_request (D:\\Work\\HR-SM\\node_modules\\express
\\lib\\router\\route.js:149:13)\n    at Route.next [as 
dispatch] (D:\\Work\\HR-SM\\node_modules\\express\\lib\\rout
er\\route.js:119:3)\n    at Layer.fn [as handle_request] (D:
\\Work\\HR-SM\\node_modules\\express\\lib\\router\\layer.js:
95:5)\n    at handle_request (D:\\Work\\HR-SM\\node_modules\
\express\\lib\\router\\index.js:284:15)\n    at 
Function.done [as process_params] (D:\\Work\\HR-SM\\node_mod
ules\\express\\lib\\router\\index.js:346:12)\n    at 
process_params (D:\\Work\\HR-SM\\node_modules\\express\\lib\
\router\\index.js:280:10)\n    at next (D:\\Work\\HR-SM\\ser
ver\\testing\\core\\errorHandler.test.js:24:13)\n    at 
Layer.fn [as handle_request] (D:\\Work\\HR-SM\\node_modules\
\express\\lib\\router\\layer.js:95:5)\n    at 
handle_request (D:\\Work\\HR-SM\\node_modules\\express\\lib\
\router\\index.js:328:13)\n    at trim_prefix (D:\\Work\\HR-
SM\\node_modules\\express\\lib\\router\\index.js:286:9)\n   
 at Function.done [as process_params] (D:\\Work\\HR-SM\\node
_modules\\express\\lib\\router\\index.js:346:12)\n    at 
process_params (D:\\Work\\HR-SM\\node_modules\\express\\lib\
\router\\index.js:280:10)\n    at next (D:\\Work\\HR-SM\\nod
e_modules\\body-parser\\lib\\types\\json.js:113:7)\n    at 
Layer.fn [as handle_request] (D:\\Work\\HR-SM\\node_modules\
\express\\lib\\router\\layer.js:95:5)\n    at 
handle_request (D:\\Work\\HR-SM\\node_modules\\express\\lib\
\router\\index.js:328:13)\n    at trim_prefix (D:\\Work\\HR-
SM\\node_modules\\express\\lib\\router\\index.js:286:9)\n   
 at Function.done [as process_params] (D:\\Work\\HR-SM\\node
_modules\\express\\lib\\router\\index.js:346:12)\n    at 
process_params (D:\\Work\\HR-SM\\node_modules\\express\\lib\
\router\\index.js:280:10)\n    at next (D:\\Work\\HR-SM\\nod
e_modules\\express\\lib\\middleware\\init.js:40:5)\n    at 
Layer.fn [as handle_request] (D:\\Work\\HR-SM\\node_modules\
\express\\lib\\router\\layer.js:95:5)\n    at 
handle_request (D:\\Work\\HR-SM\\node_modules\\express\\lib\
\router\\index.js:328:13)\n    at trim_prefix (D:\\Work\\HR-
SM\\node_modules\\express\\lib\\router\\index.js:286:9)\n   
 at Function.done [as process_params] (D:\\Work\\HR-SM\\node
_modules\\express\\lib\\router\\index.js:346:12)\n    at 
process_params (D:\\Work\\HR-SM\\node_modules\\express\\lib\
\router\\index.js:280:10)\n    at next (D:\\Work\\HR-SM\\nod
e_modules\\express\\lib\\middleware\\query.js:45:5)\n    at 
Layer.fn [as handle_request] (D:\\Work\\HR-SM\\node_modules\
\express\\lib\\router\\layer.js:95:5)\n    at 
handle_request (D:\\Work\\HR-SM\\node_modules\\express\\lib\
\router\\index.js:328:13)\n    at trim_prefix (D:\\Work\\HR-
SM\\node_modules\\express\\lib\\router\\index.js:286:9)\n   
 at Function.done [as process_params] (D:\\Work\\HR-SM\\node
_modules\\express\\lib\\router\\index.js:346:12)\n    at 
process_params (D:\\Work\\HR-SM\\node_modules\\express\\lib\
\router\\index.js:280:10)\n    at Function.next [as handle] 
(D:\\Work\\HR-SM\\node_modules\\express\\lib\\router\\index.
js:175:3)\n    at Function.handle (D:\\Work\\HR-SM\\node_mod
ules\\express\\lib\\application.js:181:10)\n    at 
Server.handle (D:\\Work\\HR-SM\\node_modules\\express\\lib\\
express.js:39:9)\n    at Server.emit (node:events:518:28)\n 
   at parserOnIncoming (node:_http_server:1150:12)\n    at 
HTTPParser.parserOnHeadersComplete 
(node:_http_common:117:17)",
        "isOperational": true,
        "details": {}
      }

      at Console.write [as log] (node_modules/winston/lib/wi
nston/transports/console.js:87:23)

    console.log
      2025-12-22 13:29:09 [[31merror[39m]: Database 
connection failed {
        "statusCode": 500,
        "code": "PLATFORM_DATABASE_ERROR",
        "path": "/test",
        "method": "GET",
        "ip": "::ffff:127.0.0.1",
        "stack": "Error: Database connection failed\n    at 
D:\\Work\\HR-SM\\server\\testing\\core\\errorHandler.test.js
:229:22\n    at Layer.fn [as handle_request] (D:\\Work\\HR-S
M\\node_modules\\express\\lib\\router\\layer.js:95:5)\n    
at handle_request (D:\\Work\\HR-SM\\node_modules\\express\\l
ib\\router\\route.js:149:13)\n    at Route.next [as 
dispatch] (D:\\Work\\HR-SM\\node_modules\\express\\lib\\rout
er\\route.js:119:3)\n    at Layer.fn [as handle_request] (D:
\\Work\\HR-SM\\node_modules\\express\\lib\\router\\layer.js:
95:5)\n    at handle_request (D:\\Work\\HR-SM\\node_modules\
\express\\lib\\router\\index.js:284:15)\n    at 
Function.done [as process_params] (D:\\Work\\HR-SM\\node_mod
ules\\express\\lib\\router\\index.js:346:12)\n    at 
process_params (D:\\Work\\HR-SM\\node_modules\\express\\lib\
\router\\index.js:280:10)\n    at next (D:\\Work\\HR-SM\\ser
ver\\testing\\core\\errorHandler.test.js:24:13)\n    at 
Layer.fn [as handle_request] (D:\\Work\\HR-SM\\node_modules\
\express\\lib\\router\\layer.js:95:5)\n    at 
handle_request (D:\\Work\\HR-SM\\node_modules\\express\\lib\
\router\\index.js:328:13)\n    at trim_prefix (D:\\Work\\HR-
SM\\node_modules\\express\\lib\\router\\index.js:286:9)\n   
 at Function.done [as process_params] (D:\\Work\\HR-SM\\node
_modules\\express\\lib\\router\\index.js:346:12)\n    at 
process_params (D:\\Work\\HR-SM\\node_modules\\express\\lib\
\router\\index.js:280:10)\n    at next (D:\\Work\\HR-SM\\nod
e_modules\\body-parser\\lib\\types\\json.js:113:7)\n    at 
Layer.fn [as handle_request] (D:\\Work\\HR-SM\\node_modules\
\express\\lib\\router\\layer.js:95:5)\n    at 
handle_request (D:\\Work\\HR-SM\\node_modules\\express\\lib\
\router\\index.js:328:13)\n    at trim_prefix (D:\\Work\\HR-
SM\\node_modules\\express\\lib\\router\\index.js:286:9)\n   
 at Function.done [as process_params] (D:\\Work\\HR-SM\\node
_modules\\express\\lib\\router\\index.js:346:12)\n    at 
process_params (D:\\Work\\HR-SM\\node_modules\\express\\lib\
\router\\index.js:280:10)\n    at next (D:\\Work\\HR-SM\\nod
e_modules\\express\\lib\\middleware\\init.js:40:5)\n    at 
Layer.fn [as handle_request] (D:\\Work\\HR-SM\\node_modules\
\express\\lib\\router\\layer.js:95:5)\n    at 
handle_request (D:\\Work\\HR-SM\\node_modules\\express\\lib\
\router\\index.js:328:13)\n    at trim_prefix (D:\\Work\\HR-
SM\\node_modules\\express\\lib\\router\\index.js:286:9)\n   
 at Function.done [as process_params] (D:\\Work\\HR-SM\\node
_modules\\express\\lib\\router\\index.js:346:12)\n    at 
process_params (D:\\Work\\HR-SM\\node_modules\\express\\lib\
\router\\index.js:280:10)\n    at next (D:\\Work\\HR-SM\\nod
e_modules\\express\\lib\\middleware\\query.js:45:5)\n    at 
Layer.fn [as handle_request] (D:\\Work\\HR-SM\\node_modules\
\express\\lib\\router\\layer.js:95:5)\n    at 
handle_request (D:\\Work\\HR-SM\\node_modules\\express\\lib\
\router\\index.js:328:13)\n    at trim_prefix (D:\\Work\\HR-
SM\\node_modules\\express\\lib\\router\\index.js:286:9)\n   
 at Function.done [as process_params] (D:\\Work\\HR-SM\\node
_modules\\express\\lib\\router\\index.js:346:12)\n    at 
process_params (D:\\Work\\HR-SM\\node_modules\\express\\lib\
\router\\index.js:280:10)\n    at Function.next [as handle] 
(D:\\Work\\HR-SM\\node_modules\\express\\lib\\router\\index.
js:175:3)\n    at Function.handle (D:\\Work\\HR-SM\\node_mod
ules\\express\\lib\\application.js:181:10)\n    at 
Server.handle (D:\\Work\\HR-SM\\node_modules\\express\\lib\\
express.js:39:9)\n    at Server.emit (node:events:518:28)\n 
   at parserOnIncoming (node:_http_server:1150:12)\n    at 
HTTPParser.parserOnHeadersComplete 
(node:_http_common:117:17)",
        "isOperational": true,
        "details": {}
      }

      at Console.write [as log] (node_modules/winston/lib/wi
nston/transports/console.js:87:23)

    console.log
      2025-12-22 13:29:09 [[31merror[39m]: Invalid system 
configuration {
        "statusCode": 500,
        "code": "SYSTEM_CONFIGURATION_ERROR",
        "path": "/test",
        "method": "GET",
        "ip": "::ffff:127.0.0.1",
        "stack": "Error: Invalid system configuration\n    
at D:\\Work\\HR-SM\\server\\testing\\core\\errorHandler.test
.js:246:22\n    at Layer.fn [as handle_request] (D:\\Work\\H
R-SM\\node_modules\\express\\lib\\router\\layer.js:95:5)\n  
  at handle_request (D:\\Work\\HR-SM\\node_modules\\express\
\lib\\router\\route.js:149:13)\n    at Route.next [as 
dispatch] (D:\\Work\\HR-SM\\node_modules\\express\\lib\\rout
er\\route.js:119:3)\n    at Layer.fn [as handle_request] (D:
\\Work\\HR-SM\\node_modules\\express\\lib\\router\\layer.js:
95:5)\n    at handle_request (D:\\Work\\HR-SM\\node_modules\
\express\\lib\\router\\index.js:284:15)\n    at 
Function.done [as process_params] (D:\\Work\\HR-SM\\node_mod
ules\\express\\lib\\router\\index.js:346:12)\n    at 
process_params (D:\\Work\\HR-SM\\node_modules\\express\\lib\
\router\\index.js:280:10)\n    at next (D:\\Work\\HR-SM\\ser
ver\\testing\\core\\errorHandler.test.js:24:13)\n    at 
Layer.fn [as handle_request] (D:\\Work\\HR-SM\\node_modules\
\express\\lib\\router\\layer.js:95:5)\n    at 
handle_request (D:\\Work\\HR-SM\\node_modules\\express\\lib\
\router\\index.js:328:13)\n    at trim_prefix (D:\\Work\\HR-
SM\\node_modules\\express\\lib\\router\\index.js:286:9)\n   
 at Function.done [as process_params] (D:\\Work\\HR-SM\\node
_modules\\express\\lib\\router\\index.js:346:12)\n    at 
process_params (D:\\Work\\HR-SM\\node_modules\\express\\lib\
\router\\index.js:280:10)\n    at next (D:\\Work\\HR-SM\\nod
e_modules\\body-parser\\lib\\types\\json.js:113:7)\n    at 
Layer.fn [as handle_request] (D:\\Work\\HR-SM\\node_modules\
\express\\lib\\router\\layer.js:95:5)\n    at 
handle_request (D:\\Work\\HR-SM\\node_modules\\express\\lib\
\router\\index.js:328:13)\n    at trim_prefix (D:\\Work\\HR-
SM\\node_modules\\express\\lib\\router\\index.js:286:9)\n   
 at Function.done [as process_params] (D:\\Work\\HR-SM\\node
_modules\\express\\lib\\router\\index.js:346:12)\n    at 
process_params (D:\\Work\\HR-SM\\node_modules\\express\\lib\
\router\\index.js:280:10)\n    at next (D:\\Work\\HR-SM\\nod
e_modules\\express\\lib\\middleware\\init.js:40:5)\n    at 
Layer.fn [as handle_request] (D:\\Work\\HR-SM\\node_modules\
\express\\lib\\router\\layer.js:95:5)\n    at 
handle_request (D:\\Work\\HR-SM\\node_modules\\express\\lib\
\router\\index.js:328:13)\n    at trim_prefix (D:\\Work\\HR-
SM\\node_modules\\express\\lib\\router\\index.js:286:9)\n   
 at Function.done [as process_params] (D:\\Work\\HR-SM\\node
_modules\\express\\lib\\router\\index.js:346:12)\n    at 
process_params (D:\\Work\\HR-SM\\node_modules\\express\\lib\
\router\\index.js:280:10)\n    at next (D:\\Work\\HR-SM\\nod
e_modules\\express\\lib\\middleware\\query.js:45:5)\n    at 
Layer.fn [as handle_request] (D:\\Work\\HR-SM\\node_modules\
\express\\lib\\router\\layer.js:95:5)\n    at 
handle_request (D:\\Work\\HR-SM\\node_modules\\express\\lib\
\router\\index.js:328:13)\n    at trim_prefix (D:\\Work\\HR-
SM\\node_modules\\express\\lib\\router\\index.js:286:9)\n   
 at Function.done [as process_params] (D:\\Work\\HR-SM\\node
_modules\\express\\lib\\router\\index.js:346:12)\n    at 
process_params (D:\\Work\\HR-SM\\node_modules\\express\\lib\
\router\\index.js:280:10)\n    at Function.next [as handle] 
(D:\\Work\\HR-SM\\node_modules\\express\\lib\\router\\index.
js:175:3)\n    at Function.handle (D:\\Work\\HR-SM\\node_mod
ules\\express\\lib\\application.js:181:10)\n    at 
Server.handle (D:\\Work\\HR-SM\\node_modules\\express\\lib\\
express.js:39:9)\n    at Server.emit (node:events:518:28)\n 
   at parserOnIncoming (node:_http_server:1150:12)\n    at 
HTTPParser.parserOnHeadersComplete 
(node:_http_common:117:17)",
        "isOperational": true,
        "details": {}
      }

      at Console.write [as log] (node_modules/winston/lib/wi
nston/transports/console.js:87:23)

    console.log
      2025-12-22 13:29:09 [[31merror[39m]: Tenant not 
found {
        "statusCode": 404,
        "code": "TENANT_NOT_FOUND",
        "path": "/test",
        "method": "GET",
        "ip": "::ffff:127.0.0.1",
        "stack": "Error: Tenant not found\n    at D:\\Work\\
HR-SM\\server\\testing\\core\\errorHandler.test.js:265:22\n 
   at Layer.fn [as handle_request] (D:\\Work\\HR-SM\\node_mo
dules\\express\\lib\\router\\layer.js:95:5)\n    at 
handle_request (D:\\Work\\HR-SM\\node_modules\\express\\lib\
\router\\route.js:149:13)\n    at Route.next [as dispatch] (
D:\\Work\\HR-SM\\node_modules\\express\\lib\\router\\route.j
s:119:3)\n    at Layer.fn [as handle_request] (D:\\Work\\HR-
SM\\node_modules\\express\\lib\\router\\layer.js:95:5)\n    
at handle_request (D:\\Work\\HR-SM\\node_modules\\express\\l
ib\\router\\index.js:284:15)\n    at Function.done [as 
process_params] (D:\\Work\\HR-SM\\node_modules\\express\\lib
\\router\\index.js:346:12)\n    at process_params (D:\\Work\
\HR-SM\\node_modules\\express\\lib\\router\\index.js:280:10)
\n    at next (D:\\Work\\HR-SM\\server\\testing\\core\\error
Handler.test.js:24:13)\n    at Layer.fn [as handle_request] 
(D:\\Work\\HR-SM\\node_modules\\express\\lib\\router\\layer.
js:95:5)\n    at handle_request (D:\\Work\\HR-SM\\node_modul
es\\express\\lib\\router\\index.js:328:13)\n    at 
trim_prefix (D:\\Work\\HR-SM\\node_modules\\express\\lib\\ro
uter\\index.js:286:9)\n    at Function.done [as 
process_params] (D:\\Work\\HR-SM\\node_modules\\express\\lib
\\router\\index.js:346:12)\n    at process_params (D:\\Work\
\HR-SM\\node_modules\\express\\lib\\router\\index.js:280:10)
\n    at next (D:\\Work\\HR-SM\\node_modules\\body-parser\\l
ib\\types\\json.js:113:7)\n    at Layer.fn [as 
handle_request] (D:\\Work\\HR-SM\\node_modules\\express\\lib
\\router\\layer.js:95:5)\n    at handle_request (D:\\Work\\H
R-SM\\node_modules\\express\\lib\\router\\index.js:328:13)\n
    at trim_prefix (D:\\Work\\HR-SM\\node_modules\\express\\
lib\\router\\index.js:286:9)\n    at Function.done [as 
process_params] (D:\\Work\\HR-SM\\node_modules\\express\\lib
\\router\\index.js:346:12)\n    at process_params (D:\\Work\
\HR-SM\\node_modules\\express\\lib\\router\\index.js:280:10)
\n    at next (D:\\Work\\HR-SM\\node_modules\\express\\lib\\
middleware\\init.js:40:5)\n    at Layer.fn [as 
handle_request] (D:\\Work\\HR-SM\\node_modules\\express\\lib
\\router\\layer.js:95:5)\n    at handle_request (D:\\Work\\H
R-SM\\node_modules\\express\\lib\\router\\index.js:328:13)\n
    at trim_prefix (D:\\Work\\HR-SM\\node_modules\\express\\
lib\\router\\index.js:286:9)\n    at Function.done [as 
process_params] (D:\\Work\\HR-SM\\node_modules\\express\\lib
\\router\\index.js:346:12)\n    at process_params (D:\\Work\
\HR-SM\\node_modules\\express\\lib\\router\\index.js:280:10)
\n    at next (D:\\Work\\HR-SM\\node_modules\\express\\lib\\
middleware\\query.js:45:5)\n    at Layer.fn [as 
handle_request] (D:\\Work\\HR-SM\\node_modules\\express\\lib
\\router\\layer.js:95:5)\n    at handle_request (D:\\Work\\H
R-SM\\node_modules\\express\\lib\\router\\index.js:328:13)\n
    at trim_prefix (D:\\Work\\HR-SM\\node_modules\\express\\
lib\\router\\index.js:286:9)\n    at Function.done [as 
process_params] (D:\\Work\\HR-SM\\node_modules\\express\\lib
\\router\\index.js:346:12)\n    at process_params (D:\\Work\
\HR-SM\\node_modules\\express\\lib\\router\\index.js:280:10)
\n    at Function.next [as handle] (D:\\Work\\HR-SM\\node_mo
dules\\express\\lib\\router\\index.js:175:3)\n    at 
Function.handle (D:\\Work\\HR-SM\\node_modules\\express\\lib
\\application.js:181:10)\n    at Server.handle (D:\\Work\\HR
-SM\\node_modules\\express\\lib\\express.js:39:9)\n    at 
Server.emit (node:events:518:28)\n    at parserOnIncoming 
(node:_http_server:1150:12)\n    at 
HTTPParser.parserOnHeadersComplete 
(node:_http_common:117:17)",
        "isOperational": true,
        "details": {}
      }

      at Console.write [as log] (node_modules/winston/lib/wi
nston/transports/console.js:87:23)

    console.log
      2025-12-22 13:29:09 [[31merror[39m]: Tenant is 
suspended {
        "statusCode": 403,
        "code": "TENANT_SUSPENDED",
        "path": "/test",
        "method": "GET",
        "ip": "::ffff:127.0.0.1",
        "stack": "Error: Tenant is suspended\n    at D:\\Wor
k\\HR-SM\\server\\testing\\core\\errorHandler.test.js:282:22
\n    at Layer.fn [as handle_request] (D:\\Work\\HR-SM\\node
_modules\\express\\lib\\router\\layer.js:95:5)\n    at 
handle_request (D:\\Work\\HR-SM\\node_modules\\express\\lib\
\router\\route.js:149:13)\n    at Route.next [as dispatch] (
D:\\Work\\HR-SM\\node_modules\\express\\lib\\router\\route.j
s:119:3)\n    at Layer.fn [as handle_request] (D:\\Work\\HR-
SM\\node_modules\\express\\lib\\router\\layer.js:95:5)\n    
at handle_request (D:\\Work\\HR-SM\\node_modules\\express\\l
ib\\router\\index.js:284:15)\n    at Function.done [as 
process_params] (D:\\Work\\HR-SM\\node_modules\\express\\lib
\\router\\index.js:346:12)\n    at process_params (D:\\Work\
\HR-SM\\node_modules\\express\\lib\\router\\index.js:280:10)
\n    at next (D:\\Work\\HR-SM\\server\\testing\\core\\error
Handler.test.js:24:13)\n    at Layer.fn [as handle_request] 
(D:\\Work\\HR-SM\\node_modules\\express\\lib\\router\\layer.
js:95:5)\n    at handle_request (D:\\Work\\HR-SM\\node_modul
es\\express\\lib\\router\\index.js:328:13)\n    at 
trim_prefix (D:\\Work\\HR-SM\\node_modules\\express\\lib\\ro
uter\\index.js:286:9)\n    at Function.done [as 
process_params] (D:\\Work\\HR-SM\\node_modules\\express\\lib
\\router\\index.js:346:12)\n    at process_params (D:\\Work\
\HR-SM\\node_modules\\express\\lib\\router\\index.js:280:10)
\n    at next (D:\\Work\\HR-SM\\node_modules\\body-parser\\l
ib\\types\\json.js:113:7)\n    at Layer.fn [as 
handle_request] (D:\\Work\\HR-SM\\node_modules\\express\\lib
\\router\\layer.js:95:5)\n    at handle_request (D:\\Work\\H
R-SM\\node_modules\\express\\lib\\router\\index.js:328:13)\n
    at trim_prefix (D:\\Work\\HR-SM\\node_modules\\express\\
lib\\router\\index.js:286:9)\n    at Function.done [as 
process_params] (D:\\Work\\HR-SM\\node_modules\\express\\lib
\\router\\index.js:346:12)\n    at process_params (D:\\Work\
\HR-SM\\node_modules\\express\\lib\\router\\index.js:280:10)
\n    at next (D:\\Work\\HR-SM\\node_modules\\express\\lib\\
middleware\\init.js:40:5)\n    at Layer.fn [as 
handle_request] (D:\\Work\\HR-SM\\node_modules\\express\\lib
\\router\\layer.js:95:5)\n    at handle_request (D:\\Work\\H
R-SM\\node_modules\\express\\lib\\router\\index.js:328:13)\n
    at trim_prefix (D:\\Work\\HR-SM\\node_modules\\express\\
lib\\router\\index.js:286:9)\n    at Function.done [as 
process_params] (D:\\Work\\HR-SM\\node_modules\\express\\lib
\\router\\index.js:346:12)\n    at process_params (D:\\Work\
\HR-SM\\node_modules\\express\\lib\\router\\index.js:280:10)
\n    at next (D:\\Work\\HR-SM\\node_modules\\express\\lib\\
middleware\\query.js:45:5)\n    at Layer.fn [as 
handle_request] (D:\\Work\\HR-SM\\node_modules\\express\\lib
\\router\\layer.js:95:5)\n    at handle_request (D:\\Work\\H
R-SM\\node_modules\\express\\lib\\router\\index.js:328:13)\n
    at trim_prefix (D:\\Work\\HR-SM\\node_modules\\express\\
lib\\router\\index.js:286:9)\n    at Function.done [as 
process_params] (D:\\Work\\HR-SM\\node_modules\\express\\lib
\\router\\index.js:346:12)\n    at process_params (D:\\Work\
\HR-SM\\node_modules\\express\\lib\\router\\index.js:280:10)
\n    at Function.next [as handle] (D:\\Work\\HR-SM\\node_mo
dules\\express\\lib\\router\\index.js:175:3)\n    at 
Function.handle (D:\\Work\\HR-SM\\node_modules\\express\\lib
\\application.js:181:10)\n    at Server.handle (D:\\Work\\HR
-SM\\node_modules\\express\\lib\\express.js:39:9)\n    at 
Server.emit (node:events:518:28)\n    at parserOnIncoming 
(node:_http_server:1150:12)\n    at 
HTTPParser.parserOnHeadersComplete 
(node:_http_common:117:17)",
        "isOperational": true,
        "details": {}
      }

      at Console.write [as log] (node_modules/winston/lib/wi
nston/transports/console.js:87:23)

    console.log
      2025-12-22 13:29:09 [[31merror[39m]: Tenant quota 
exceeded {
        "statusCode": 429,
        "code": "TENANT_QUOTA_EXCEEDED",
        "path": "/test",
        "method": "GET",
        "ip": "::ffff:127.0.0.1",
        "stack": "Error: Tenant quota exceeded\n    at D:\\W
ork\\HR-SM\\server\\testing\\core\\errorHandler.test.js:299:
22\n    at Layer.fn [as handle_request] (D:\\Work\\HR-SM\\no
de_modules\\express\\lib\\router\\layer.js:95:5)\n    at 
handle_request (D:\\Work\\HR-SM\\node_modules\\express\\lib\
\router\\route.js:149:13)\n    at Route.next [as dispatch] (
D:\\Work\\HR-SM\\node_modules\\express\\lib\\router\\route.j
s:119:3)\n    at Layer.fn [as handle_request] (D:\\Work\\HR-
SM\\node_modules\\express\\lib\\router\\layer.js:95:5)\n    
at handle_request (D:\\Work\\HR-SM\\node_modules\\express\\l
ib\\router\\index.js:284:15)\n    at Function.done [as 
process_params] (D:\\Work\\HR-SM\\node_modules\\express\\lib
\\router\\index.js:346:12)\n    at process_params (D:\\Work\
\HR-SM\\node_modules\\express\\lib\\router\\index.js:280:10)
\n    at next (D:\\Work\\HR-SM\\server\\testing\\core\\error
Handler.test.js:24:13)\n    at Layer.fn [as handle_request] 
(D:\\Work\\HR-SM\\node_modules\\express\\lib\\router\\layer.
js:95:5)\n    at handle_request (D:\\Work\\HR-SM\\node_modul
es\\express\\lib\\router\\index.js:328:13)\n    at 
trim_prefix (D:\\Work\\HR-SM\\node_modules\\express\\lib\\ro
uter\\index.js:286:9)\n    at Function.done [as 
process_params] (D:\\Work\\HR-SM\\node_modules\\express\\lib
\\router\\index.js:346:12)\n    at process_params (D:\\Work\
\HR-SM\\node_modules\\express\\lib\\router\\index.js:280:10)
\n    at next (D:\\Work\\HR-SM\\node_modules\\body-parser\\l
ib\\types\\json.js:113:7)\n    at Layer.fn [as 
handle_request] (D:\\Work\\HR-SM\\node_modules\\express\\lib
\\router\\layer.js:95:5)\n    at handle_request (D:\\Work\\H
R-SM\\node_modules\\express\\lib\\router\\index.js:328:13)\n
    at trim_prefix (D:\\Work\\HR-SM\\node_modules\\express\\
lib\\router\\index.js:286:9)\n    at Function.done [as 
process_params] (D:\\Work\\HR-SM\\node_modules\\express\\lib
\\router\\index.js:346:12)\n    at process_params (D:\\Work\
\HR-SM\\node_modules\\express\\lib\\router\\index.js:280:10)
\n    at next (D:\\Work\\HR-SM\\node_modules\\express\\lib\\
middleware\\init.js:40:5)\n    at Layer.fn [as 
handle_request] (D:\\Work\\HR-SM\\node_modules\\express\\lib
\\router\\layer.js:95:5)\n    at handle_request (D:\\Work\\H
R-SM\\node_modules\\express\\lib\\router\\index.js:328:13)\n
    at trim_prefix (D:\\Work\\HR-SM\\node_modules\\express\\
lib\\router\\index.js:286:9)\n    at Function.done [as 
process_params] (D:\\Work\\HR-SM\\node_modules\\express\\lib
\\router\\index.js:346:12)\n    at process_params (D:\\Work\
\HR-SM\\node_modules\\express\\lib\\router\\index.js:280:10)
\n    at next (D:\\Work\\HR-SM\\node_modules\\express\\lib\\
middleware\\query.js:45:5)\n    at Layer.fn [as 
handle_request] (D:\\Work\\HR-SM\\node_modules\\express\\lib
\\router\\layer.js:95:5)\n    at handle_request (D:\\Work\\H
R-SM\\node_modules\\express\\lib\\router\\index.js:328:13)\n
    at trim_prefix (D:\\Work\\HR-SM\\node_modules\\express\\
lib\\router\\index.js:286:9)\n    at Function.done [as 
process_params] (D:\\Work\\HR-SM\\node_modules\\express\\lib
\\router\\index.js:346:12)\n    at process_params (D:\\Work\
\HR-SM\\node_modules\\express\\lib\\router\\index.js:280:10)
\n    at Function.next [as handle] (D:\\Work\\HR-SM\\node_mo
dules\\express\\lib\\router\\index.js:175:3)\n    at 
Function.handle (D:\\Work\\HR-SM\\node_modules\\express\\lib
\\application.js:181:10)\n    at Server.handle (D:\\Work\\HR
-SM\\node_modules\\express\\lib\\express.js:39:9)\n    at 
Server.emit (node:events:518:28)\n    at parserOnIncoming 
(node:_http_server:1150:12)\n    at 
HTTPParser.parserOnHeadersComplete 
(node:_http_common:117:17)",
        "isOperational": true,
        "details": {}
      }

      at Console.write [as log] (node_modules/winston/lib/wi
nston/transports/console.js:87:23)

    console.log
      2025-12-22 13:29:09 [[31merror[39m]: Invalid tenant 
ID format {
        "statusCode": 400,
        "code": "INVALID_TENANT_ID",
        "path": "/test",
        "method": "GET",
        "ip": "::ffff:127.0.0.1",
        "stack": "Error: Invalid tenant ID format\n    at D:
\\Work\\HR-SM\\server\\testing\\core\\errorHandler.test.js:3
16:22\n    at Layer.fn [as handle_request] (D:\\Work\\HR-SM\
\node_modules\\express\\lib\\router\\layer.js:95:5)\n    at 
handle_request (D:\\Work\\HR-SM\\node_modules\\express\\lib\
\router\\route.js:149:13)\n    at Route.next [as dispatch] (
D:\\Work\\HR-SM\\node_modules\\express\\lib\\router\\route.j
s:119:3)\n    at Layer.fn [as handle_request] (D:\\Work\\HR-
SM\\node_modules\\express\\lib\\router\\layer.js:95:5)\n    
at handle_request (D:\\Work\\HR-SM\\node_modules\\express\\l
ib\\router\\index.js:284:15)\n    at Function.done [as 
process_params] (D:\\Work\\HR-SM\\node_modules\\express\\lib
\\router\\index.js:346:12)\n    at process_params (D:\\Work\
\HR-SM\\node_modules\\express\\lib\\router\\index.js:280:10)
\n    at next (D:\\Work\\HR-SM\\server\\testing\\core\\error
Handler.test.js:24:13)\n    at Layer.fn [as handle_request] 
(D:\\Work\\HR-SM\\node_modules\\express\\lib\\router\\layer.
js:95:5)\n    at handle_request (D:\\Work\\HR-SM\\node_modul
es\\express\\lib\\router\\index.js:328:13)\n    at 
trim_prefix (D:\\Work\\HR-SM\\node_modules\\express\\lib\\ro
uter\\index.js:286:9)\n    at Function.done [as 
process_params] (D:\\Work\\HR-SM\\node_modules\\express\\lib
\\router\\index.js:346:12)\n    at process_params (D:\\Work\
\HR-SM\\node_modules\\express\\lib\\router\\index.js:280:10)
\n    at next (D:\\Work\\HR-SM\\node_modules\\body-parser\\l
ib\\types\\json.js:113:7)\n    at Layer.fn [as 
handle_request] (D:\\Work\\HR-SM\\node_modules\\express\\lib
\\router\\layer.js:95:5)\n    at handle_request (D:\\Work\\H
R-SM\\node_modules\\express\\lib\\router\\index.js:328:13)\n
    at trim_prefix (D:\\Work\\HR-SM\\node_modules\\express\\
lib\\router\\index.js:286:9)\n    at Function.done [as 
process_params] (D:\\Work\\HR-SM\\node_modules\\express\\lib
\\router\\index.js:346:12)\n    at process_params (D:\\Work\
\HR-SM\\node_modules\\express\\lib\\router\\index.js:280:10)
\n    at next (D:\\Work\\HR-SM\\node_modules\\express\\lib\\
middleware\\init.js:40:5)\n    at Layer.fn [as 
handle_request] (D:\\Work\\HR-SM\\node_modules\\express\\lib
\\router\\layer.js:95:5)\n    at handle_request (D:\\Work\\H
R-SM\\node_modules\\express\\lib\\router\\index.js:328:13)\n
    at trim_prefix (D:\\Work\\HR-SM\\node_modules\\express\\
lib\\router\\index.js:286:9)\n    at Function.done [as 
process_params] (D:\\Work\\HR-SM\\node_modules\\express\\lib
\\router\\index.js:346:12)\n    at process_params (D:\\Work\
\HR-SM\\node_modules\\express\\lib\\router\\index.js:280:10)
\n    at next (D:\\Work\\HR-SM\\node_modules\\express\\lib\\
middleware\\query.js:45:5)\n    at Layer.fn [as 
handle_request] (D:\\Work\\HR-SM\\node_modules\\express\\lib
\\router\\layer.js:95:5)\n    at handle_request (D:\\Work\\H
R-SM\\node_modules\\express\\lib\\router\\index.js:328:13)\n
    at trim_prefix (D:\\Work\\HR-SM\\node_modules\\express\\
lib\\router\\index.js:286:9)\n    at Function.done [as 
process_params] (D:\\Work\\HR-SM\\node_modules\\express\\lib
\\router\\index.js:346:12)\n    at process_params (D:\\Work\
\HR-SM\\node_modules\\express\\lib\\router\\index.js:280:10)
\n    at Function.next [as handle] (D:\\Work\\HR-SM\\node_mo
dules\\express\\lib\\router\\index.js:175:3)\n    at 
Function.handle (D:\\Work\\HR-SM\\node_modules\\express\\lib
\\application.js:181:10)\n    at Server.handle (D:\\Work\\HR
-SM\\node_modules\\express\\lib\\express.js:39:9)\n    at 
Server.emit (node:events:518:28)\n    at parserOnIncoming 
(node:_http_server:1150:12)\n    at 
HTTPParser.parserOnHeadersComplete 
(node:_http_common:117:17)",
        "isOperational": true,
        "details": {}
      }

      at Console.write [as log] (node_modules/winston/lib/wi
nston/transports/console.js:87:23)

    console.log
      2025-12-22 13:29:09 [[31merror[39m]: Module not 
found {
        "statusCode": 404,
        "code": "MODULE_NOT_FOUND",
        "path": "/test",
        "method": "GET",
        "ip": "::ffff:127.0.0.1",
        "stack": "Error: Module not found\n    at D:\\Work\\
HR-SM\\server\\testing\\core\\errorHandler.test.js:335:22\n 
   at Layer.fn [as handle_request] (D:\\Work\\HR-SM\\node_mo
dules\\express\\lib\\router\\layer.js:95:5)\n    at 
handle_request (D:\\Work\\HR-SM\\node_modules\\express\\lib\
\router\\route.js:149:13)\n    at Route.next [as dispatch] (
D:\\Work\\HR-SM\\node_modules\\express\\lib\\router\\route.j
s:119:3)\n    at Layer.fn [as handle_request] (D:\\Work\\HR-
SM\\node_modules\\express\\lib\\router\\layer.js:95:5)\n    
at handle_request (D:\\Work\\HR-SM\\node_modules\\express\\l
ib\\router\\index.js:284:15)\n    at Function.done [as 
process_params] (D:\\Work\\HR-SM\\node_modules\\express\\lib
\\router\\index.js:346:12)\n    at process_params (D:\\Work\
\HR-SM\\node_modules\\express\\lib\\router\\index.js:280:10)
\n    at next (D:\\Work\\HR-SM\\server\\testing\\core\\error
Handler.test.js:24:13)\n    at Layer.fn [as handle_request] 
(D:\\Work\\HR-SM\\node_modules\\express\\lib\\router\\layer.
js:95:5)\n    at handle_request (D:\\Work\\HR-SM\\node_modul
es\\express\\lib\\router\\index.js:328:13)\n    at 
trim_prefix (D:\\Work\\HR-SM\\node_modules\\express\\lib\\ro
uter\\index.js:286:9)\n    at Function.done [as 
process_params] (D:\\Work\\HR-SM\\node_modules\\express\\lib
\\router\\index.js:346:12)\n    at process_params (D:\\Work\
\HR-SM\\node_modules\\express\\lib\\router\\index.js:280:10)
\n    at next (D:\\Work\\HR-SM\\node_modules\\body-parser\\l
ib\\types\\json.js:113:7)\n    at Layer.fn [as 
handle_request] (D:\\Work\\HR-SM\\node_modules\\express\\lib
\\router\\layer.js:95:5)\n    at handle_request (D:\\Work\\H
R-SM\\node_modules\\express\\lib\\router\\index.js:328:13)\n
    at trim_prefix (D:\\Work\\HR-SM\\node_modules\\express\\
lib\\router\\index.js:286:9)\n    at Function.done [as 
process_params] (D:\\Work\\HR-SM\\node_modules\\express\\lib
\\router\\index.js:346:12)\n    at process_params (D:\\Work\
\HR-SM\\node_modules\\express\\lib\\router\\index.js:280:10)
\n    at next (D:\\Work\\HR-SM\\node_modules\\express\\lib\\
middleware\\init.js:40:5)\n    at Layer.fn [as 
handle_request] (D:\\Work\\HR-SM\\node_modules\\express\\lib
\\router\\layer.js:95:5)\n    at handle_request (D:\\Work\\H
R-SM\\node_modules\\express\\lib\\router\\index.js:328:13)\n
    at trim_prefix (D:\\Work\\HR-SM\\node_modules\\express\\
lib\\router\\index.js:286:9)\n    at Function.done [as 
process_params] (D:\\Work\\HR-SM\\node_modules\\express\\lib
\\router\\index.js:346:12)\n    at process_params (D:\\Work\
\HR-SM\\node_modules\\express\\lib\\router\\index.js:280:10)
\n    at next (D:\\Work\\HR-SM\\node_modules\\express\\lib\\
middleware\\query.js:45:5)\n    at Layer.fn [as 
handle_request] (D:\\Work\\HR-SM\\node_modules\\express\\lib
\\router\\layer.js:95:5)\n    at handle_request (D:\\Work\\H
R-SM\\node_modules\\express\\lib\\router\\index.js:328:13)\n
    at trim_prefix (D:\\Work\\HR-SM\\node_modules\\express\\
lib\\router\\index.js:286:9)\n    at Function.done [as 
process_params] (D:\\Work\\HR-SM\\node_modules\\express\\lib
\\router\\index.js:346:12)\n    at process_params (D:\\Work\
\HR-SM\\node_modules\\express\\lib\\router\\index.js:280:10)
\n    at Function.next [as handle] (D:\\Work\\HR-SM\\node_mo
dules\\express\\lib\\router\\index.js:175:3)\n    at 
Function.handle (D:\\Work\\HR-SM\\node_modules\\express\\lib
\\application.js:181:10)\n    at Server.handle (D:\\Work\\HR
-SM\\node_modules\\express\\lib\\express.js:39:9)\n    at 
Server.emit (node:events:518:28)\n    at parserOnIncoming 
(node:_http_server:1150:12)\n    at 
HTTPParser.parserOnHeadersComplete 
(node:_http_common:117:17)",
        "isOperational": true,
        "details": {}
      }

      at Console.write [as log] (node_modules/winston/lib/wi
nston/transports/console.js:87:23)

    console.log
      2025-12-22 13:29:09 [[31merror[39m]: Module is 
disabled {
        "statusCode": 403,
        "code": "MODULE_DISABLED",
        "path": "/test",
        "method": "GET",
        "ip": "::ffff:127.0.0.1",
        "stack": "Error: Module is disabled\n    at D:\\Work
\\HR-SM\\server\\testing\\core\\errorHandler.test.js:352:22\
n    at Layer.fn [as handle_request] (D:\\Work\\HR-SM\\node_
modules\\express\\lib\\router\\layer.js:95:5)\n    at 
handle_request (D:\\Work\\HR-SM\\node_modules\\express\\lib\
\router\\route.js:149:13)\n    at Route.next [as dispatch] (
D:\\Work\\HR-SM\\node_modules\\express\\lib\\router\\route.j
s:119:3)\n    at Layer.fn [as handle_request] (D:\\Work\\HR-
SM\\node_modules\\express\\lib\\router\\layer.js:95:5)\n    
at handle_request (D:\\Work\\HR-SM\\node_modules\\express\\l
ib\\router\\index.js:284:15)\n    at Function.done [as 
process_params] (D:\\Work\\HR-SM\\node_modules\\express\\lib
\\router\\index.js:346:12)\n    at process_params (D:\\Work\
\HR-SM\\node_modules\\express\\lib\\router\\index.js:280:10)
\n    at next (D:\\Work\\HR-SM\\server\\testing\\core\\error
Handler.test.js:24:13)\n    at Layer.fn [as handle_request] 
(D:\\Work\\HR-SM\\node_modules\\express\\lib\\router\\layer.
js:95:5)\n    at handle_request (D:\\Work\\HR-SM\\node_modul
es\\express\\lib\\router\\index.js:328:13)\n    at 
trim_prefix (D:\\Work\\HR-SM\\node_modules\\express\\lib\\ro
uter\\index.js:286:9)\n    at Function.done [as 
process_params] (D:\\Work\\HR-SM\\node_modules\\express\\lib
\\router\\index.js:346:12)\n    at process_params (D:\\Work\
\HR-SM\\node_modules\\express\\lib\\router\\index.js:280:10)
\n    at next (D:\\Work\\HR-SM\\node_modules\\body-parser\\l
ib\\types\\json.js:113:7)\n    at Layer.fn [as 
handle_request] (D:\\Work\\HR-SM\\node_modules\\express\\lib
\\router\\layer.js:95:5)\n    at handle_request (D:\\Work\\H
R-SM\\node_modules\\express\\lib\\router\\index.js:328:13)\n
    at trim_prefix (D:\\Work\\HR-SM\\node_modules\\express\\
lib\\router\\index.js:286:9)\n    at Function.done [as 
process_params] (D:\\Work\\HR-SM\\node_modules\\express\\lib
\\router\\index.js:346:12)\n    at process_params (D:\\Work\
\HR-SM\\node_modules\\express\\lib\\router\\index.js:280:10)
\n    at next (D:\\Work\\HR-SM\\node_modules\\express\\lib\\
middleware\\init.js:40:5)\n    at Layer.fn [as 
handle_request] (D:\\Work\\HR-SM\\node_modules\\express\\lib
\\router\\layer.js:95:5)\n    at handle_request (D:\\Work\\H
R-SM\\node_modules\\express\\lib\\router\\index.js:328:13)\n
    at trim_prefix (D:\\Work\\HR-SM\\node_modules\\express\\
lib\\router\\index.js:286:9)\n    at Function.done [as 
process_params] (D:\\Work\\HR-SM\\node_modules\\express\\lib
\\router\\index.js:346:12)\n    at process_params (D:\\Work\
\HR-SM\\node_modules\\express\\lib\\router\\index.js:280:10)
\n    at next (D:\\Work\\HR-SM\\node_modules\\express\\lib\\
middleware\\query.js:45:5)\n    at Layer.fn [as 
handle_request] (D:\\Work\\HR-SM\\node_modules\\express\\lib
\\router\\layer.js:95:5)\n    at handle_request (D:\\Work\\H
R-SM\\node_modules\\express\\lib\\router\\index.js:328:13)\n
    at trim_prefix (D:\\Work\\HR-SM\\node_modules\\express\\
lib\\router\\index.js:286:9)\n    at Function.done [as 
process_params] (D:\\Work\\HR-SM\\node_modules\\express\\lib
\\router\\index.js:346:12)\n    at process_params (D:\\Work\
\HR-SM\\node_modules\\express\\lib\\router\\index.js:280:10)
\n    at Function.next [as handle] (D:\\Work\\HR-SM\\node_mo
dules\\express\\lib\\router\\index.js:175:3)\n    at 
Function.handle (D:\\Work\\HR-SM\\node_modules\\express\\lib
\\application.js:181:10)\n    at Server.handle (D:\\Work\\HR
-SM\\node_modules\\express\\lib\\express.js:39:9)\n    at 
Server.emit (node:events:518:28)\n    at parserOnIncoming 
(node:_http_server:1150:12)\n    at 
HTTPParser.parserOnHeadersComplete 
(node:_http_common:117:17)",
        "isOperational": true,
        "details": {}
      }

      at Console.write [as log] (node_modules/winston/lib/wi
nston/transports/console.js:87:23)

    console.log
      2025-12-22 13:29:09 [[31merror[39m]: Module 
dependencies not met {
        "statusCode": 424,
        "code": "MODULE_DEPENDENCY_MISSING",
        "path": "/test",
        "method": "GET",
        "ip": "::ffff:127.0.0.1",
        "stack": "Error: Module dependencies not met\n    
at D:\\Work\\HR-SM\\server\\testing\\core\\errorHandler.test
.js:369:22\n    at Layer.fn [as handle_request] (D:\\Work\\H
R-SM\\node_modules\\express\\lib\\router\\layer.js:95:5)\n  
  at handle_request (D:\\Work\\HR-SM\\node_modules\\express\
\lib\\router\\route.js:149:13)\n    at Route.next [as 
dispatch] (D:\\Work\\HR-SM\\node_modules\\express\\lib\\rout
er\\route.js:119:3)\n    at Layer.fn [as handle_request] (D:
\\Work\\HR-SM\\node_modules\\express\\lib\\router\\layer.js:
95:5)\n    at handle_request (D:\\Work\\HR-SM\\node_modules\
\express\\lib\\router\\index.js:284:15)\n    at 
Function.done [as process_params] (D:\\Work\\HR-SM\\node_mod
ules\\express\\lib\\router\\index.js:346:12)\n    at 
process_params (D:\\Work\\HR-SM\\node_modules\\express\\lib\
\router\\index.js:280:10)\n    at next (D:\\Work\\HR-SM\\ser
ver\\testing\\core\\errorHandler.test.js:24:13)\n    at 
Layer.fn [as handle_request] (D:\\Work\\HR-SM\\node_modules\
\express\\lib\\router\\layer.js:95:5)\n    at 
handle_request (D:\\Work\\HR-SM\\node_modules\\express\\lib\
\router\\index.js:328:13)\n    at trim_prefix (D:\\Work\\HR-
SM\\node_modules\\express\\lib\\router\\index.js:286:9)\n   
 at Function.done [as process_params] (D:\\Work\\HR-SM\\node
_modules\\express\\lib\\router\\index.js:346:12)\n    at 
process_params (D:\\Work\\HR-SM\\node_modules\\express\\lib\
\router\\index.js:280:10)\n    at next (D:\\Work\\HR-SM\\nod
e_modules\\body-parser\\lib\\types\\json.js:113:7)\n    at 
Layer.fn [as handle_request] (D:\\Work\\HR-SM\\node_modules\
\express\\lib\\router\\layer.js:95:5)\n    at 
handle_request (D:\\Work\\HR-SM\\node_modules\\express\\lib\
\router\\index.js:328:13)\n    at trim_prefix (D:\\Work\\HR-
SM\\node_modules\\express\\lib\\router\\index.js:286:9)\n   
 at Function.done [as process_params] (D:\\Work\\HR-SM\\node
_modules\\express\\lib\\router\\index.js:346:12)\n    at 
process_params (D:\\Work\\HR-SM\\node_modules\\express\\lib\
\router\\index.js:280:10)\n    at next (D:\\Work\\HR-SM\\nod
e_modules\\express\\lib\\middleware\\init.js:40:5)\n    at 
Layer.fn [as handle_request] (D:\\Work\\HR-SM\\node_modules\
\express\\lib\\router\\layer.js:95:5)\n    at 
handle_request (D:\\Work\\HR-SM\\node_modules\\express\\lib\
\router\\index.js:328:13)\n    at trim_prefix (D:\\Work\\HR-
SM\\node_modules\\express\\lib\\router\\index.js:286:9)\n   
 at Function.done [as process_params] (D:\\Work\\HR-SM\\node
_modules\\express\\lib\\router\\index.js:346:12)\n    at 
process_params (D:\\Work\\HR-SM\\node_modules\\express\\lib\
\router\\index.js:280:10)\n    at next (D:\\Work\\HR-SM\\nod
e_modules\\express\\lib\\middleware\\query.js:45:5)\n    at 
Layer.fn [as handle_request] (D:\\Work\\HR-SM\\node_modules\
\express\\lib\\router\\layer.js:95:5)\n    at 
handle_request (D:\\Work\\HR-SM\\node_modules\\express\\lib\
\router\\index.js:328:13)\n    at trim_prefix (D:\\Work\\HR-
SM\\node_modules\\express\\lib\\router\\index.js:286:9)\n   
 at Function.done [as process_params] (D:\\Work\\HR-SM\\node
_modules\\express\\lib\\router\\index.js:346:12)\n    at 
process_params (D:\\Work\\HR-SM\\node_modules\\express\\lib\
\router\\index.js:280:10)\n    at Function.next [as handle] 
(D:\\Work\\HR-SM\\node_modules\\express\\lib\\router\\index.
js:175:3)\n    at Function.handle (D:\\Work\\HR-SM\\node_mod
ules\\express\\lib\\application.js:181:10)\n    at 
Server.handle (D:\\Work\\HR-SM\\node_modules\\express\\lib\\
express.js:39:9)\n    at Server.emit (node:events:518:28)\n 
   at parserOnIncoming (node:_http_server:1150:12)\n    at 
HTTPParser.parserOnHeadersComplete 
(node:_http_common:117:17)",
        "isOperational": true,
        "details": {}
      }

      at Console.write [as log] (node_modules/winston/lib/wi
nston/transports/console.js:87:23)

    console.log
      2025-12-22 13:29:09 [[31merror[39m]: Module failed 
to load {
        "statusCode": 500,
        "code": "MODULE_LOAD_FAILED",
        "path": "/test",
        "method": "GET",
        "ip": "::ffff:127.0.0.1",
        "stack": "Error: Module failed to load\n    at D:\\W
ork\\HR-SM\\server\\testing\\core\\errorHandler.test.js:386:
22\n    at Layer.fn [as handle_request] (D:\\Work\\HR-SM\\no
de_modules\\express\\lib\\router\\layer.js:95:5)\n    at 
handle_request (D:\\Work\\HR-SM\\node_modules\\express\\lib\
\router\\route.js:149:13)\n    at Route.next [as dispatch] (
D:\\Work\\HR-SM\\node_modules\\express\\lib\\router\\route.j
s:119:3)\n    at Layer.fn [as handle_request] (D:\\Work\\HR-
SM\\node_modules\\express\\lib\\router\\layer.js:95:5)\n    
at handle_request (D:\\Work\\HR-SM\\node_modules\\express\\l
ib\\router\\index.js:284:15)\n    at Function.done [as 
process_params] (D:\\Work\\HR-SM\\node_modules\\express\\lib
\\router\\index.js:346:12)\n    at process_params (D:\\Work\
\HR-SM\\node_modules\\express\\lib\\router\\index.js:280:10)
\n    at next (D:\\Work\\HR-SM\\server\\testing\\core\\error
Handler.test.js:24:13)\n    at Layer.fn [as handle_request] 
(D:\\Work\\HR-SM\\node_modules\\express\\lib\\router\\layer.
js:95:5)\n    at handle_request (D:\\Work\\HR-SM\\node_modul
es\\express\\lib\\router\\index.js:328:13)\n    at 
trim_prefix (D:\\Work\\HR-SM\\node_modules\\express\\lib\\ro
uter\\index.js:286:9)\n    at Function.done [as 
process_params] (D:\\Work\\HR-SM\\node_modules\\express\\lib
\\router\\index.js:346:12)\n    at process_params (D:\\Work\
\HR-SM\\node_modules\\express\\lib\\router\\index.js:280:10)
\n    at next (D:\\Work\\HR-SM\\node_modules\\body-parser\\l
ib\\types\\json.js:113:7)\n    at Layer.fn [as 
handle_request] (D:\\Work\\HR-SM\\node_modules\\express\\lib
\\router\\layer.js:95:5)\n    at handle_request (D:\\Work\\H
R-SM\\node_modules\\express\\lib\\router\\index.js:328:13)\n
    at trim_prefix (D:\\Work\\HR-SM\\node_modules\\express\\
lib\\router\\index.js:286:9)\n    at Function.done [as 
process_params] (D:\\Work\\HR-SM\\node_modules\\express\\lib
\\router\\index.js:346:12)\n    at process_params (D:\\Work\
\HR-SM\\node_modules\\express\\lib\\router\\index.js:280:10)
\n    at next (D:\\Work\\HR-SM\\node_modules\\express\\lib\\
middleware\\init.js:40:5)\n    at Layer.fn [as 
handle_request] (D:\\Work\\HR-SM\\node_modules\\express\\lib
\\router\\layer.js:95:5)\n    at handle_request (D:\\Work\\H
R-SM\\node_modules\\express\\lib\\router\\index.js:328:13)\n
    at trim_prefix (D:\\Work\\HR-SM\\node_modules\\express\\
lib\\router\\index.js:286:9)\n    at Function.done [as 
process_params] (D:\\Work\\HR-SM\\node_modules\\express\\lib
\\router\\index.js:346:12)\n    at process_params (D:\\Work\
\HR-SM\\node_modules\\express\\lib\\router\\index.js:280:10)
\n    at next (D:\\Work\\HR-SM\\node_modules\\express\\lib\\
middleware\\query.js:45:5)\n    at Layer.fn [as 
handle_request] (D:\\Work\\HR-SM\\node_modules\\express\\lib
\\router\\layer.js:95:5)\n    at handle_request (D:\\Work\\H
R-SM\\node_modules\\express\\lib\\router\\index.js:328:13)\n
    at trim_prefix (D:\\Work\\HR-SM\\node_modules\\express\\
lib\\router\\index.js:286:9)\n    at Function.done [as 
process_params] (D:\\Work\\HR-SM\\node_modules\\express\\lib
\\router\\index.js:346:12)\n    at process_params (D:\\Work\
\HR-SM\\node_modules\\express\\lib\\router\\index.js:280:10)
\n    at Function.next [as handle] (D:\\Work\\HR-SM\\node_mo
dules\\express\\lib\\router\\index.js:175:3)\n    at 
Function.handle (D:\\Work\\HR-SM\\node_modules\\express\\lib
\\application.js:181:10)\n    at Server.handle (D:\\Work\\HR
-SM\\node_modules\\express\\lib\\express.js:39:9)\n    at 
Server.emit (node:events:518:28)\n    at parserOnIncoming 
(node:_http_server:1150:12)\n    at 
HTTPParser.parserOnHeadersComplete 
(node:_http_common:117:17)",
        "isOperational": true,
        "details": {}
      }

      at Console.write [as log] (node_modules/winston/lib/wi
nston/transports/console.js:87:23)

    console.log
      2025-12-22 13:29:09 [[31merror[39m]: Invalid 
platform token {
        "statusCode": 401,
        "code": "INVALID_PLATFORM_TOKEN",
        "path": "/test",
        "method": "GET",
        "ip": "::ffff:127.0.0.1",
        "stack": "Error: Invalid platform token\n    at D:\\
Work\\HR-SM\\server\\testing\\core\\errorHandler.test.js:405
:22\n    at Layer.fn [as handle_request] (D:\\Work\\HR-SM\\n
ode_modules\\express\\lib\\router\\layer.js:95:5)\n    at 
handle_request (D:\\Work\\HR-SM\\node_modules\\express\\lib\
\router\\route.js:149:13)\n    at Route.next [as dispatch] (
D:\\Work\\HR-SM\\node_modules\\express\\lib\\router\\route.j
s:119:3)\n    at Layer.fn [as handle_request] (D:\\Work\\HR-
SM\\node_modules\\express\\lib\\router\\layer.js:95:5)\n    
at handle_request (D:\\Work\\HR-SM\\node_modules\\express\\l
ib\\router\\index.js:284:15)\n    at Function.done [as 
process_params] (D:\\Work\\HR-SM\\node_modules\\express\\lib
\\router\\index.js:346:12)\n    at process_params (D:\\Work\
\HR-SM\\node_modules\\express\\lib\\router\\index.js:280:10)
\n    at next (D:\\Work\\HR-SM\\server\\testing\\core\\error
Handler.test.js:24:13)\n    at Layer.fn [as handle_request] 
(D:\\Work\\HR-SM\\node_modules\\express\\lib\\router\\layer.
js:95:5)\n    at handle_request (D:\\Work\\HR-SM\\node_modul
es\\express\\lib\\router\\index.js:328:13)\n    at 
trim_prefix (D:\\Work\\HR-SM\\node_modules\\express\\lib\\ro
uter\\index.js:286:9)\n    at Function.done [as 
process_params] (D:\\Work\\HR-SM\\node_modules\\express\\lib
\\router\\index.js:346:12)\n    at process_params (D:\\Work\
\HR-SM\\node_modules\\express\\lib\\router\\index.js:280:10)
\n    at next (D:\\Work\\HR-SM\\node_modules\\body-parser\\l
ib\\types\\json.js:113:7)\n    at Layer.fn [as 
handle_request] (D:\\Work\\HR-SM\\node_modules\\express\\lib
\\router\\layer.js:95:5)\n    at handle_request (D:\\Work\\H
R-SM\\node_modules\\express\\lib\\router\\index.js:328:13)\n
    at trim_prefix (D:\\Work\\HR-SM\\node_modules\\express\\
lib\\router\\index.js:286:9)\n    at Function.done [as 
process_params] (D:\\Work\\HR-SM\\node_modules\\express\\lib
\\router\\index.js:346:12)\n    at process_params (D:\\Work\
\HR-SM\\node_modules\\express\\lib\\router\\index.js:280:10)
\n    at next (D:\\Work\\HR-SM\\node_modules\\express\\lib\\
middleware\\init.js:40:5)\n    at Layer.fn [as 
handle_request] (D:\\Work\\HR-SM\\node_modules\\express\\lib
\\router\\layer.js:95:5)\n    at handle_request (D:\\Work\\H
R-SM\\node_modules\\express\\lib\\router\\index.js:328:13)\n
    at trim_prefix (D:\\Work\\HR-SM\\node_modules\\express\\
lib\\router\\index.js:286:9)\n    at Function.done [as 
process_params] (D:\\Work\\HR-SM\\node_modules\\express\\lib
\\router\\index.js:346:12)\n    at process_params (D:\\Work\
\HR-SM\\node_modules\\express\\lib\\router\\index.js:280:10)
\n    at next (D:\\Work\\HR-SM\\node_modules\\express\\lib\\
middleware\\query.js:45:5)\n    at Layer.fn [as 
handle_request] (D:\\Work\\HR-SM\\node_modules\\express\\lib
\\router\\layer.js:95:5)\n    at handle_request (D:\\Work\\H
R-SM\\node_modules\\express\\lib\\router\\index.js:328:13)\n
    at trim_prefix (D:\\Work\\HR-SM\\node_modules\\express\\
lib\\router\\index.js:286:9)\n    at Function.done [as 
process_params] (D:\\Work\\HR-SM\\node_modules\\express\\lib
\\router\\index.js:346:12)\n    at process_params (D:\\Work\
\HR-SM\\node_modules\\express\\lib\\router\\index.js:280:10)
\n    at Function.next [as handle] (D:\\Work\\HR-SM\\node_mo
dules\\express\\lib\\router\\index.js:175:3)\n    at 
Function.handle (D:\\Work\\HR-SM\\node_modules\\express\\lib
\\application.js:181:10)\n    at Server.handle (D:\\Work\\HR
-SM\\node_modules\\express\\lib\\express.js:39:9)\n    at 
Server.emit (node:events:518:28)\n    at parserOnIncoming 
(node:_http_server:1150:12)\n    at 
HTTPParser.parserOnHeadersComplete 
(node:_http_common:117:17)",
        "isOperational": true,
        "details": {}
      }

      at Console.write [as log] (node_modules/winston/lib/wi
nston/transports/console.js:87:23)

    console.log
      2025-12-22 13:29:09 [[31merror[39m]: Invalid tenant 
token {
        "statusCode": 401,
        "code": "INVALID_TENANT_TOKEN",
        "path": "/test",
        "method": "GET",
        "ip": "::ffff:127.0.0.1",
        "stack": "Error: Invalid tenant token\n    at D:\\Wo
rk\\HR-SM\\server\\testing\\core\\errorHandler.test.js:422:2
2\n    at Layer.fn [as handle_request] (D:\\Work\\HR-SM\\nod
e_modules\\express\\lib\\router\\layer.js:95:5)\n    at 
handle_request (D:\\Work\\HR-SM\\node_modules\\express\\lib\
\router\\route.js:149:13)\n    at Route.next [as dispatch] (
D:\\Work\\HR-SM\\node_modules\\express\\lib\\router\\route.j
s:119:3)\n    at Layer.fn [as handle_request] (D:\\Work\\HR-
SM\\node_modules\\express\\lib\\router\\layer.js:95:5)\n    
at handle_request (D:\\Work\\HR-SM\\node_modules\\express\\l
ib\\router\\index.js:284:15)\n    at Function.done [as 
process_params] (D:\\Work\\HR-SM\\node_modules\\express\\lib
\\router\\index.js:346:12)\n    at process_params (D:\\Work\
\HR-SM\\node_modules\\express\\lib\\router\\index.js:280:10)
\n    at next (D:\\Work\\HR-SM\\server\\testing\\core\\error
Handler.test.js:24:13)\n    at Layer.fn [as handle_request] 
(D:\\Work\\HR-SM\\node_modules\\express\\lib\\router\\layer.
js:95:5)\n    at handle_request (D:\\Work\\HR-SM\\node_modul
es\\express\\lib\\router\\index.js:328:13)\n    at 
trim_prefix (D:\\Work\\HR-SM\\node_modules\\express\\lib\\ro
uter\\index.js:286:9)\n    at Function.done [as 
process_params] (D:\\Work\\HR-SM\\node_modules\\express\\lib
\\router\\index.js:346:12)\n    at process_params (D:\\Work\
\HR-SM\\node_modules\\express\\lib\\router\\index.js:280:10)
\n    at next (D:\\Work\\HR-SM\\node_modules\\body-parser\\l
ib\\types\\json.js:113:7)\n    at Layer.fn [as 
handle_request] (D:\\Work\\HR-SM\\node_modules\\express\\lib
\\router\\layer.js:95:5)\n    at handle_request (D:\\Work\\H
R-SM\\node_modules\\express\\lib\\router\\index.js:328:13)\n
    at trim_prefix (D:\\Work\\HR-SM\\node_modules\\express\\
lib\\router\\index.js:286:9)\n    at Function.done [as 
process_params] (D:\\Work\\HR-SM\\node_modules\\express\\lib
\\router\\index.js:346:12)\n    at process_params (D:\\Work\
\HR-SM\\node_modules\\express\\lib\\router\\index.js:280:10)
\n    at next (D:\\Work\\HR-SM\\node_modules\\express\\lib\\
middleware\\init.js:40:5)\n    at Layer.fn [as 
handle_request] (D:\\Work\\HR-SM\\node_modules\\express\\lib
\\router\\layer.js:95:5)\n    at handle_request (D:\\Work\\H
R-SM\\node_modules\\express\\lib\\router\\index.js:328:13)\n
    at trim_prefix (D:\\Work\\HR-SM\\node_modules\\express\\
lib\\router\\index.js:286:9)\n    at Function.done [as 
process_params] (D:\\Work\\HR-SM\\node_modules\\express\\lib
\\router\\index.js:346:12)\n    at process_params (D:\\Work\
\HR-SM\\node_modules\\express\\lib\\router\\index.js:280:10)
\n    at next (D:\\Work\\HR-SM\\node_modules\\express\\lib\\
middleware\\query.js:45:5)\n    at Layer.fn [as 
handle_request] (D:\\Work\\HR-SM\\node_modules\\express\\lib
\\router\\layer.js:95:5)\n    at handle_request (D:\\Work\\H
R-SM\\node_modules\\express\\lib\\router\\index.js:328:13)\n
    at trim_prefix (D:\\Work\\HR-SM\\node_modules\\express\\
lib\\router\\index.js:286:9)\n    at Function.done [as 
process_params] (D:\\Work\\HR-SM\\node_modules\\express\\lib
\\router\\index.js:346:12)\n    at process_params (D:\\Work\
\HR-SM\\node_modules\\express\\lib\\router\\index.js:280:10)
\n    at Function.next [as handle] (D:\\Work\\HR-SM\\node_mo
dules\\express\\lib\\router\\index.js:175:3)\n    at 
Function.handle (D:\\Work\\HR-SM\\node_modules\\express\\lib
\\application.js:181:10)\n    at Server.handle (D:\\Work\\HR
-SM\\node_modules\\express\\lib\\express.js:39:9)\n    at 
Server.emit (node:events:518:28)\n    at parserOnIncoming 
(node:_http_server:1150:12)\n    at 
HTTPParser.parserOnHeadersComplete 
(node:_http_common:117:17)",
        "isOperational": true,
        "details": {}
      }

      at Console.write [as log] (node_modules/winston/lib/wi
nston/transports/console.js:87:23)

    console.log
      2025-12-22 13:29:09 [[31merror[39m]: Token has 
expired {
        "statusCode": 401,
        "code": "TOKEN_EXPIRED",
        "path": "/test",
        "method": "GET",
        "ip": "::ffff:127.0.0.1",
        "stack": "Error: Token has expired\n    at D:\\Work\
\HR-SM\\server\\testing\\core\\errorHandler.test.js:439:22\n
    at Layer.fn [as handle_request] (D:\\Work\\HR-SM\\node_m
odules\\express\\lib\\router\\layer.js:95:5)\n    at 
handle_request (D:\\Work\\HR-SM\\node_modules\\express\\lib\
\router\\route.js:149:13)\n    at Route.next [as dispatch] (
D:\\Work\\HR-SM\\node_modules\\express\\lib\\router\\route.j
s:119:3)\n    at Layer.fn [as handle_request] (D:\\Work\\HR-
SM\\node_modules\\express\\lib\\router\\layer.js:95:5)\n    
at handle_request (D:\\Work\\HR-SM\\node_modules\\express\\l
ib\\router\\index.js:284:15)\n    at Function.done [as 
process_params] (D:\\Work\\HR-SM\\node_modules\\express\\lib
\\router\\index.js:346:12)\n    at process_params (D:\\Work\
\HR-SM\\node_modules\\express\\lib\\router\\index.js:280:10)
\n    at next (D:\\Work\\HR-SM\\server\\testing\\core\\error
Handler.test.js:24:13)\n    at Layer.fn [as handle_request] 
(D:\\Work\\HR-SM\\node_modules\\express\\lib\\router\\layer.
js:95:5)\n    at handle_request (D:\\Work\\HR-SM\\node_modul
es\\express\\lib\\router\\index.js:328:13)\n    at 
trim_prefix (D:\\Work\\HR-SM\\node_modules\\express\\lib\\ro
uter\\index.js:286:9)\n    at Function.done [as 
process_params] (D:\\Work\\HR-SM\\node_modules\\express\\lib
\\router\\index.js:346:12)\n    at process_params (D:\\Work\
\HR-SM\\node_modules\\express\\lib\\router\\index.js:280:10)
\n    at next (D:\\Work\\HR-SM\\node_modules\\body-parser\\l
ib\\types\\json.js:113:7)\n    at Layer.fn [as 
handle_request] (D:\\Work\\HR-SM\\node_modules\\express\\lib
\\router\\layer.js:95:5)\n    at handle_request (D:\\Work\\H
R-SM\\node_modules\\express\\lib\\router\\index.js:328:13)\n
    at trim_prefix (D:\\Work\\HR-SM\\node_modules\\express\\
lib\\router\\index.js:286:9)\n    at Function.done [as 
process_params] (D:\\Work\\HR-SM\\node_modules\\express\\lib
\\router\\index.js:346:12)\n    at process_params (D:\\Work\
\HR-SM\\node_modules\\express\\lib\\router\\index.js:280:10)
\n    at next (D:\\Work\\HR-SM\\node_modules\\express\\lib\\
middleware\\init.js:40:5)\n    at Layer.fn [as 
handle_request] (D:\\Work\\HR-SM\\node_modules\\express\\lib
\\router\\layer.js:95:5)\n    at handle_request (D:\\Work\\H
R-SM\\node_modules\\express\\lib\\router\\index.js:328:13)\n
    at trim_prefix (D:\\Work\\HR-SM\\node_modules\\express\\
lib\\router\\index.js:286:9)\n    at Function.done [as 
process_params] (D:\\Work\\HR-SM\\node_modules\\express\\lib
\\router\\index.js:346:12)\n    at process_params (D:\\Work\
\HR-SM\\node_modules\\express\\lib\\router\\index.js:280:10)
\n    at next (D:\\Work\\HR-SM\\node_modules\\express\\lib\\
middleware\\query.js:45:5)\n    at Layer.fn [as 
handle_request] (D:\\Work\\HR-SM\\node_modules\\express\\lib
\\router\\layer.js:95:5)\n    at handle_request (D:\\Work\\H
R-SM\\node_modules\\express\\lib\\router\\index.js:328:13)\n
    at trim_prefix (D:\\Work\\HR-SM\\node_modules\\express\\
lib\\router\\index.js:286:9)\n    at Function.done [as 
process_params] (D:\\Work\\HR-SM\\node_modules\\express\\lib
\\router\\index.js:346:12)\n    at process_params (D:\\Work\
\HR-SM\\node_modules\\express\\lib\\router\\index.js:280:10)
\n    at Function.next [as handle] (D:\\Work\\HR-SM\\node_mo
dules\\express\\lib\\router\\index.js:175:3)\n    at 
Function.handle (D:\\Work\\HR-SM\\node_modules\\express\\lib
\\application.js:181:10)\n    at Server.handle (D:\\Work\\HR
-SM\\node_modules\\express\\lib\\express.js:39:9)\n    at 
Server.emit (node:events:518:28)\n    at parserOnIncoming 
(node:_http_server:1150:12)\n    at 
HTTPParser.parserOnHeadersComplete 
(node:_http_common:117:17)",
        "isOperational": true,
        "details": {}
      }

      at Console.write [as log] (node_modules/winston/lib/wi
nston/transports/console.js:87:23)

    console.log
      2025-12-22 13:29:09 [[31merror[39m]: Insufficient 
permissions {
        "statusCode": 403,
        "code": "INSUFFICIENT_PERMISSIONS",
        "path": "/test",
        "method": "GET",
        "ip": "::ffff:127.0.0.1",
        "stack": "Error: Insufficient permissions\n    at D:
\\Work\\HR-SM\\server\\testing\\core\\errorHandler.test.js:4
56:22\n    at Layer.fn [as handle_request] (D:\\Work\\HR-SM\
\node_modules\\express\\lib\\router\\layer.js:95:5)\n    at 
handle_request (D:\\Work\\HR-SM\\node_modules\\express\\lib\
\router\\route.js:149:13)\n    at Route.next [as dispatch] (
D:\\Work\\HR-SM\\node_modules\\express\\lib\\router\\route.j
s:119:3)\n    at Layer.fn [as handle_request] (D:\\Work\\HR-
SM\\node_modules\\express\\lib\\router\\layer.js:95:5)\n    
at handle_request (D:\\Work\\HR-SM\\node_modules\\express\\l
ib\\router\\index.js:284:15)\n    at Function.done [as 
process_params] (D:\\Work\\HR-SM\\node_modules\\express\\lib
\\router\\index.js:346:12)\n    at process_params (D:\\Work\
\HR-SM\\node_modules\\express\\lib\\router\\index.js:280:10)
\n    at next (D:\\Work\\HR-SM\\server\\testing\\core\\error
Handler.test.js:24:13)\n    at Layer.fn [as handle_request] 
(D:\\Work\\HR-SM\\node_modules\\express\\lib\\router\\layer.
js:95:5)\n    at handle_request (D:\\Work\\HR-SM\\node_modul
es\\express\\lib\\router\\index.js:328:13)\n    at 
trim_prefix (D:\\Work\\HR-SM\\node_modules\\express\\lib\\ro
uter\\index.js:286:9)\n    at Function.done [as 
process_params] (D:\\Work\\HR-SM\\node_modules\\express\\lib
\\router\\index.js:346:12)\n    at process_params (D:\\Work\
\HR-SM\\node_modules\\express\\lib\\router\\index.js:280:10)
\n    at next (D:\\Work\\HR-SM\\node_modules\\body-parser\\l
ib\\types\\json.js:113:7)\n    at Layer.fn [as 
handle_request] (D:\\Work\\HR-SM\\node_modules\\express\\lib
\\router\\layer.js:95:5)\n    at handle_request (D:\\Work\\H
R-SM\\node_modules\\express\\lib\\router\\index.js:328:13)\n
    at trim_prefix (D:\\Work\\HR-SM\\node_modules\\express\\
lib\\router\\index.js:286:9)\n    at Function.done [as 
process_params] (D:\\Work\\HR-SM\\node_modules\\express\\lib
\\router\\index.js:346:12)\n    at process_params (D:\\Work\
\HR-SM\\node_modules\\express\\lib\\router\\index.js:280:10)
\n    at next (D:\\Work\\HR-SM\\node_modules\\express\\lib\\
middleware\\init.js:40:5)\n    at Layer.fn [as 
handle_request] (D:\\Work\\HR-SM\\node_modules\\express\\lib
\\router\\layer.js:95:5)\n    at handle_request (D:\\Work\\H
R-SM\\node_modules\\express\\lib\\router\\index.js:328:13)\n
    at trim_prefix (D:\\Work\\HR-SM\\node_modules\\express\\
lib\\router\\index.js:286:9)\n    at Function.done [as 
process_params] (D:\\Work\\HR-SM\\node_modules\\express\\lib
\\router\\index.js:346:12)\n    at process_params (D:\\Work\
\HR-SM\\node_modules\\express\\lib\\router\\index.js:280:10)
\n    at next (D:\\Work\\HR-SM\\node_modules\\express\\lib\\
middleware\\query.js:45:5)\n    at Layer.fn [as 
handle_request] (D:\\Work\\HR-SM\\node_modules\\express\\lib
\\router\\layer.js:95:5)\n    at handle_request (D:\\Work\\H
R-SM\\node_modules\\express\\lib\\router\\index.js:328:13)\n
    at trim_prefix (D:\\Work\\HR-SM\\node_modules\\express\\
lib\\router\\index.js:286:9)\n    at Function.done [as 
process_params] (D:\\Work\\HR-SM\\node_modules\\express\\lib
\\router\\index.js:346:12)\n    at process_params (D:\\Work\
\HR-SM\\node_modules\\express\\lib\\router\\index.js:280:10)
\n    at Function.next [as handle] (D:\\Work\\HR-SM\\node_mo
dules\\express\\lib\\router\\index.js:175:3)\n    at 
Function.handle (D:\\Work\\HR-SM\\node_modules\\express\\lib
\\application.js:181:10)\n    at Server.handle (D:\\Work\\HR
-SM\\node_modules\\express\\lib\\express.js:39:9)\n    at 
Server.emit (node:events:518:28)\n    at parserOnIncoming 
(node:_http_server:1150:12)\n    at 
HTTPParser.parserOnHeadersComplete 
(node:_http_common:117:17)",
        "isOperational": true,
        "details": {}
      }

      at Console.write [as log] (node_modules/winston/lib/wi
nston/transports/console.js:87:23)

    console.log
      2025-12-22 13:29:09 [[31merror[39m]: Invalid input {
        "statusCode": 400,
        "code": "INVALID_INPUT",
        "path": "/test",
        "method": "GET",
        "ip": "::ffff:127.0.0.1",
        "stack": "Error: Invalid input\n    at D:\\Work\\HR-
SM\\server\\testing\\core\\errorHandler.test.js:475:22\n    
at Layer.fn [as handle_request] (D:\\Work\\HR-SM\\node_modul
es\\express\\lib\\router\\layer.js:95:5)\n    at 
handle_request (D:\\Work\\HR-SM\\node_modules\\express\\lib\
\router\\route.js:149:13)\n    at Route.next [as dispatch] (
D:\\Work\\HR-SM\\node_modules\\express\\lib\\router\\route.j
s:119:3)\n    at Layer.fn [as handle_request] (D:\\Work\\HR-
SM\\node_modules\\express\\lib\\router\\layer.js:95:5)\n    
at handle_request (D:\\Work\\HR-SM\\node_modules\\express\\l
ib\\router\\index.js:284:15)\n    at Function.done [as 
process_params] (D:\\Work\\HR-SM\\node_modules\\express\\lib
\\router\\index.js:346:12)\n    at process_params (D:\\Work\
\HR-SM\\node_modules\\express\\lib\\router\\index.js:280:10)
\n    at next (D:\\Work\\HR-SM\\server\\testing\\core\\error
Handler.test.js:24:13)\n    at Layer.fn [as handle_request] 
(D:\\Work\\HR-SM\\node_modules\\express\\lib\\router\\layer.
js:95:5)\n    at handle_request (D:\\Work\\HR-SM\\node_modul
es\\express\\lib\\router\\index.js:328:13)\n    at 
trim_prefix (D:\\Work\\HR-SM\\node_modules\\express\\lib\\ro
uter\\index.js:286:9)\n    at Function.done [as 
process_params] (D:\\Work\\HR-SM\\node_modules\\express\\lib
\\router\\index.js:346:12)\n    at process_params (D:\\Work\
\HR-SM\\node_modules\\express\\lib\\router\\index.js:280:10)
\n    at next (D:\\Work\\HR-SM\\node_modules\\body-parser\\l
ib\\types\\json.js:113:7)\n    at Layer.fn [as 
handle_request] (D:\\Work\\HR-SM\\node_modules\\express\\lib
\\router\\layer.js:95:5)\n    at handle_request (D:\\Work\\H
R-SM\\node_modules\\express\\lib\\router\\index.js:328:13)\n
    at trim_prefix (D:\\Work\\HR-SM\\node_modules\\express\\
lib\\router\\index.js:286:9)\n    at Function.done [as 
process_params] (D:\\Work\\HR-SM\\node_modules\\express\\lib
\\router\\index.js:346:12)\n    at process_params (D:\\Work\
\HR-SM\\node_modules\\express\\lib\\router\\index.js:280:10)
\n    at next (D:\\Work\\HR-SM\\node_modules\\express\\lib\\
middleware\\init.js:40:5)\n    at Layer.fn [as 
handle_request] (D:\\Work\\HR-SM\\node_modules\\express\\lib
\\router\\layer.js:95:5)\n    at handle_request (D:\\Work\\H
R-SM\\node_modules\\express\\lib\\router\\index.js:328:13)\n
    at trim_prefix (D:\\Work\\HR-SM\\node_modules\\express\\
lib\\router\\index.js:286:9)\n    at Function.done [as 
process_params] (D:\\Work\\HR-SM\\node_modules\\express\\lib
\\router\\index.js:346:12)\n    at process_params (D:\\Work\
\HR-SM\\node_modules\\express\\lib\\router\\index.js:280:10)
\n    at next (D:\\Work\\HR-SM\\node_modules\\express\\lib\\
middleware\\query.js:45:5)\n    at Layer.fn [as 
handle_request] (D:\\Work\\HR-SM\\node_modules\\express\\lib
\\router\\layer.js:95:5)\n    at handle_request (D:\\Work\\H
R-SM\\node_modules\\express\\lib\\router\\index.js:328:13)\n
    at trim_prefix (D:\\Work\\HR-SM\\node_modules\\express\\
lib\\router\\index.js:286:9)\n    at Function.done [as 
process_params] (D:\\Work\\HR-SM\\node_modules\\express\\lib
\\router\\index.js:346:12)\n    at process_params (D:\\Work\
\HR-SM\\node_modules\\express\\lib\\router\\index.js:280:10)
\n    at Function.next [as handle] (D:\\Work\\HR-SM\\node_mo
dules\\express\\lib\\router\\index.js:175:3)\n    at 
Function.handle (D:\\Work\\HR-SM\\node_modules\\express\\lib
\\application.js:181:10)\n    at Server.handle (D:\\Work\\HR
-SM\\node_modules\\express\\lib\\express.js:39:9)\n    at 
Server.emit (node:events:518:28)\n    at parserOnIncoming 
(node:_http_server:1150:12)\n    at 
HTTPParser.parserOnHeadersComplete 
(node:_http_common:117:17)",
        "isOperational": true,
        "details": {}
      }

      at Console.write [as log] (node_modules/winston/lib/wi
nston/transports/console.js:87:23)

    console.log
      2025-12-22 13:29:09 [[31merror[39m]: Missing 
required field {
        "statusCode": 400,
        "code": "MISSING_REQUIRED_FIELD",
        "path": "/test",
        "method": "GET",
        "ip": "::ffff:127.0.0.1",
        "stack": "Error: Missing required field\n    at D:\\
Work\\HR-SM\\server\\testing\\core\\errorHandler.test.js:492
:22\n    at Layer.fn [as handle_request] (D:\\Work\\HR-SM\\n
ode_modules\\express\\lib\\router\\layer.js:95:5)\n    at 
handle_request (D:\\Work\\HR-SM\\node_modules\\express\\lib\
\router\\route.js:149:13)\n    at Route.next [as dispatch] (
D:\\Work\\HR-SM\\node_modules\\express\\lib\\router\\route.j
s:119:3)\n    at Layer.fn [as handle_request] (D:\\Work\\HR-
SM\\node_modules\\express\\lib\\router\\layer.js:95:5)\n    
at handle_request (D:\\Work\\HR-SM\\node_modules\\express\\l
ib\\router\\index.js:284:15)\n    at Function.done [as 
process_params] (D:\\Work\\HR-SM\\node_modules\\express\\lib
\\router\\index.js:346:12)\n    at process_params (D:\\Work\
\HR-SM\\node_modules\\express\\lib\\router\\index.js:280:10)
\n    at next (D:\\Work\\HR-SM\\server\\testing\\core\\error
Handler.test.js:24:13)\n    at Layer.fn [as handle_request] 
(D:\\Work\\HR-SM\\node_modules\\express\\lib\\router\\layer.
js:95:5)\n    at handle_request (D:\\Work\\HR-SM\\node_modul
es\\express\\lib\\router\\index.js:328:13)\n    at 
trim_prefix (D:\\Work\\HR-SM\\node_modules\\express\\lib\\ro
uter\\index.js:286:9)\n    at Function.done [as 
process_params] (D:\\Work\\HR-SM\\node_modules\\express\\lib
\\router\\index.js:346:12)\n    at process_params (D:\\Work\
\HR-SM\\node_modules\\express\\lib\\router\\index.js:280:10)
\n    at next (D:\\Work\\HR-SM\\node_modules\\body-parser\\l
ib\\types\\json.js:113:7)\n    at Layer.fn [as 
handle_request] (D:\\Work\\HR-SM\\node_modules\\express\\lib
\\router\\layer.js:95:5)\n    at handle_request (D:\\Work\\H
R-SM\\node_modules\\express\\lib\\router\\index.js:328:13)\n
    at trim_prefix (D:\\Work\\HR-SM\\node_modules\\express\\
lib\\router\\index.js:286:9)\n    at Function.done [as 
process_params] (D:\\Work\\HR-SM\\node_modules\\express\\lib
\\router\\index.js:346:12)\n    at process_params (D:\\Work\
\HR-SM\\node_modules\\express\\lib\\router\\index.js:280:10)
\n    at next (D:\\Work\\HR-SM\\node_modules\\express\\lib\\
middleware\\init.js:40:5)\n    at Layer.fn [as 
handle_request] (D:\\Work\\HR-SM\\node_modules\\express\\lib
\\router\\layer.js:95:5)\n    at handle_request (D:\\Work\\H
R-SM\\node_modules\\express\\lib\\router\\index.js:328:13)\n
    at trim_prefix (D:\\Work\\HR-SM\\node_modules\\express\\
lib\\router\\index.js:286:9)\n    at Function.done [as 
process_params] (D:\\Work\\HR-SM\\node_modules\\express\\lib
\\router\\index.js:346:12)\n    at process_params (D:\\Work\
\HR-SM\\node_modules\\express\\lib\\router\\index.js:280:10)
\n    at next (D:\\Work\\HR-SM\\node_modules\\express\\lib\\
middleware\\query.js:45:5)\n    at Layer.fn [as 
handle_request] (D:\\Work\\HR-SM\\node_modules\\express\\lib
\\router\\layer.js:95:5)\n    at handle_request (D:\\Work\\H
R-SM\\node_modules\\express\\lib\\router\\index.js:328:13)\n
    at trim_prefix (D:\\Work\\HR-SM\\node_modules\\express\\
lib\\router\\index.js:286:9)\n    at Function.done [as 
process_params] (D:\\Work\\HR-SM\\node_modules\\express\\lib
\\router\\index.js:346:12)\n    at process_params (D:\\Work\
\HR-SM\\node_modules\\express\\lib\\router\\index.js:280:10)
\n    at Function.next [as handle] (D:\\Work\\HR-SM\\node_mo
dules\\express\\lib\\router\\index.js:175:3)\n    at 
Function.handle (D:\\Work\\HR-SM\\node_modules\\express\\lib
\\application.js:181:10)\n    at Server.handle (D:\\Work\\HR
-SM\\node_modules\\express\\lib\\express.js:39:9)\n    at 
Server.emit (node:events:518:28)\n    at parserOnIncoming 
(node:_http_server:1150:12)\n    at 
HTTPParser.parserOnHeadersComplete 
(node:_http_common:117:17)",
        "isOperational": true,
        "details": {
          "field": "email"
        }
      }

      at Console.write [as log] (node_modules/winston/lib/wi
nston/transports/console.js:87:23)

    console.log
      2025-12-22 13:29:09 [[31merror[39m]: Validation 
failed {
        "statusCode": 500,
        "code": "INTERNAL_SERVER_ERROR",
        "path": "/test",
        "method": "GET",
        "ip": "::ffff:127.0.0.1",
        "stack": "ValidationError: Validation failed\n    
at D:\\Work\\HR-SM\\server\\testing\\core\\errorHandler.test
.js:511:31\n    at Layer.fn [as handle_request] (D:\\Work\\H
R-SM\\node_modules\\express\\lib\\router\\layer.js:95:5)\n  
  at handle_request (D:\\Work\\HR-SM\\node_modules\\express\
\lib\\router\\route.js:149:13)\n    at Route.next [as 
dispatch] (D:\\Work\\HR-SM\\node_modules\\express\\lib\\rout
er\\route.js:119:3)\n    at Layer.fn [as handle_request] (D:
\\Work\\HR-SM\\node_modules\\express\\lib\\router\\layer.js:
95:5)\n    at handle_request (D:\\Work\\HR-SM\\node_modules\
\express\\lib\\router\\index.js:284:15)\n    at 
Function.done [as process_params] (D:\\Work\\HR-SM\\node_mod
ules\\express\\lib\\router\\index.js:346:12)\n    at 
process_params (D:\\Work\\HR-SM\\node_modules\\express\\lib\
\router\\index.js:280:10)\n    at next (D:\\Work\\HR-SM\\ser
ver\\testing\\core\\errorHandler.test.js:24:13)\n    at 
Layer.fn [as handle_request] (D:\\Work\\HR-SM\\node_modules\
\express\\lib\\router\\layer.js:95:5)\n    at 
handle_request (D:\\Work\\HR-SM\\node_modules\\express\\lib\
\router\\index.js:328:13)\n    at trim_prefix (D:\\Work\\HR-
SM\\node_modules\\express\\lib\\router\\index.js:286:9)\n   
 at Function.done [as process_params] (D:\\Work\\HR-SM\\node
_modules\\express\\lib\\router\\index.js:346:12)\n    at 
process_params (D:\\Work\\HR-SM\\node_modules\\express\\lib\
\router\\index.js:280:10)\n    at next (D:\\Work\\HR-SM\\nod
e_modules\\body-parser\\lib\\types\\json.js:113:7)\n    at 
Layer.fn [as handle_request] (D:\\Work\\HR-SM\\node_modules\
\express\\lib\\router\\layer.js:95:5)\n    at 
handle_request (D:\\Work\\HR-SM\\node_modules\\express\\lib\
\router\\index.js:328:13)\n    at trim_prefix (D:\\Work\\HR-
SM\\node_modules\\express\\lib\\router\\index.js:286:9)\n   
 at Function.done [as process_params] (D:\\Work\\HR-SM\\node
_modules\\express\\lib\\router\\index.js:346:12)\n    at 
process_params (D:\\Work\\HR-SM\\node_modules\\express\\lib\
\router\\index.js:280:10)\n    at next (D:\\Work\\HR-SM\\nod
e_modules\\express\\lib\\middleware\\init.js:40:5)\n    at 
Layer.fn [as handle_request] (D:\\Work\\HR-SM\\node_modules\
\express\\lib\\router\\layer.js:95:5)\n    at 
handle_request (D:\\Work\\HR-SM\\node_modules\\express\\lib\
\router\\index.js:328:13)\n    at trim_prefix (D:\\Work\\HR-
SM\\node_modules\\express\\lib\\router\\index.js:286:9)\n   
 at Function.done [as process_params] (D:\\Work\\HR-SM\\node
_modules\\express\\lib\\router\\index.js:346:12)\n    at 
process_params (D:\\Work\\HR-SM\\node_modules\\express\\lib\
\router\\index.js:280:10)\n    at next (D:\\Work\\HR-SM\\nod
e_modules\\express\\lib\\middleware\\query.js:45:5)\n    at 
Layer.fn [as handle_request] (D:\\Work\\HR-SM\\node_modules\
\express\\lib\\router\\layer.js:95:5)\n    at 
handle_request (D:\\Work\\HR-SM\\node_modules\\express\\lib\
\router\\index.js:328:13)\n    at trim_prefix (D:\\Work\\HR-
SM\\node_modules\\express\\lib\\router\\index.js:286:9)\n   
 at Function.done [as process_params] (D:\\Work\\HR-SM\\node
_modules\\express\\lib\\router\\index.js:346:12)\n    at 
process_params (D:\\Work\\HR-SM\\node_modules\\express\\lib\
\router\\index.js:280:10)\n    at Function.next [as handle] 
(D:\\Work\\HR-SM\\node_modules\\express\\lib\\router\\index.
js:175:3)\n    at Function.handle (D:\\Work\\HR-SM\\node_mod
ules\\express\\lib\\application.js:181:10)\n    at 
Server.handle (D:\\Work\\HR-SM\\node_modules\\express\\lib\\
express.js:39:9)\n    at Server.emit (node:events:518:28)\n 
   at parserOnIncoming (node:_http_server:1150:12)\n    at 
HTTPParser.parserOnHeadersComplete 
(node:_http_common:117:17)"
      }

      at Console.write [as log] (node_modules/winston/lib/wi
nston/transports/console.js:87:23)

    console.log
      2025-12-22 13:29:09 [[31merror[39m]: Cast failed {
        "statusCode": 500,
        "code": "INTERNAL_SERVER_ERROR",
        "path": "/test",
        "method": "GET",
        "ip": "::ffff:127.0.0.1",
        "stack": "CastError: Cast failed\n    at D:\\Work\\H
R-SM\\server\\testing\\core\\errorHandler.test.js:537:31\n  
  at Layer.fn [as handle_request] (D:\\Work\\HR-SM\\node_mod
ules\\express\\lib\\router\\layer.js:95:5)\n    at 
handle_request (D:\\Work\\HR-SM\\node_modules\\express\\lib\
\router\\route.js:149:13)\n    at Route.next [as dispatch] (
D:\\Work\\HR-SM\\node_modules\\express\\lib\\router\\route.j
s:119:3)\n    at Layer.fn [as handle_request] (D:\\Work\\HR-
SM\\node_modules\\express\\lib\\router\\layer.js:95:5)\n    
at handle_request (D:\\Work\\HR-SM\\node_modules\\express\\l
ib\\router\\index.js:284:15)\n    at Function.done [as 
process_params] (D:\\Work\\HR-SM\\node_modules\\express\\lib
\\router\\index.js:346:12)\n    at process_params (D:\\Work\
\HR-SM\\node_modules\\express\\lib\\router\\index.js:280:10)
\n    at next (D:\\Work\\HR-SM\\server\\testing\\core\\error
Handler.test.js:24:13)\n    at Layer.fn [as handle_request] 
(D:\\Work\\HR-SM\\node_modules\\express\\lib\\router\\layer.
js:95:5)\n    at handle_request (D:\\Work\\HR-SM\\node_modul
es\\express\\lib\\router\\index.js:328:13)\n    at 
trim_prefix (D:\\Work\\HR-SM\\node_modules\\express\\lib\\ro
uter\\index.js:286:9)\n    at Function.done [as 
process_params] (D:\\Work\\HR-SM\\node_modules\\express\\lib
\\router\\index.js:346:12)\n    at process_params (D:\\Work\
\HR-SM\\node_modules\\express\\lib\\router\\index.js:280:10)
\n    at next (D:\\Work\\HR-SM\\node_modules\\body-parser\\l
ib\\types\\json.js:113:7)\n    at Layer.fn [as 
handle_request] (D:\\Work\\HR-SM\\node_modules\\express\\lib
\\router\\layer.js:95:5)\n    at handle_request (D:\\Work\\H
R-SM\\node_modules\\express\\lib\\router\\index.js:328:13)\n
    at trim_prefix (D:\\Work\\HR-SM\\node_modules\\express\\
lib\\router\\index.js:286:9)\n    at Function.done [as 
process_params] (D:\\Work\\HR-SM\\node_modules\\express\\lib
\\router\\index.js:346:12)\n    at process_params (D:\\Work\
\HR-SM\\node_modules\\express\\lib\\router\\index.js:280:10)
\n    at next (D:\\Work\\HR-SM\\node_modules\\express\\lib\\
middleware\\init.js:40:5)\n    at Layer.fn [as 
handle_request] (D:\\Work\\HR-SM\\node_modules\\express\\lib
\\router\\layer.js:95:5)\n    at handle_request (D:\\Work\\H
R-SM\\node_modules\\express\\lib\\router\\index.js:328:13)\n
    at trim_prefix (D:\\Work\\HR-SM\\node_modules\\express\\
lib\\router\\index.js:286:9)\n    at Function.done [as 
process_params] (D:\\Work\\HR-SM\\node_modules\\express\\lib
\\router\\index.js:346:12)\n    at process_params (D:\\Work\
\HR-SM\\node_modules\\express\\lib\\router\\index.js:280:10)
\n    at next (D:\\Work\\HR-SM\\node_modules\\express\\lib\\
middleware\\query.js:45:5)\n    at Layer.fn [as 
handle_request] (D:\\Work\\HR-SM\\node_modules\\express\\lib
\\router\\layer.js:95:5)\n    at handle_request (D:\\Work\\H
R-SM\\node_modules\\express\\lib\\router\\index.js:328:13)\n
    at trim_prefix (D:\\Work\\HR-SM\\node_modules\\express\\
lib\\router\\index.js:286:9)\n    at Function.done [as 
process_params] (D:\\Work\\HR-SM\\node_modules\\express\\lib
\\router\\index.js:346:12)\n    at process_params (D:\\Work\
\HR-SM\\node_modules\\express\\lib\\router\\index.js:280:10)
\n    at Function.next [as handle] (D:\\Work\\HR-SM\\node_mo
dules\\express\\lib\\router\\index.js:175:3)\n    at 
Function.handle (D:\\Work\\HR-SM\\node_modules\\express\\lib
\\application.js:181:10)\n    at Server.handle (D:\\Work\\HR
-SM\\node_modules\\express\\lib\\express.js:39:9)\n    at 
Server.emit (node:events:518:28)\n    at parserOnIncoming 
(node:_http_server:1150:12)\n    at 
HTTPParser.parserOnHeadersComplete 
(node:_http_common:117:17)"
      }

      at Console.write [as log] (node_modules/winston/lib/wi
nston/transports/console.js:87:23)

    console.log
      2025-12-22 13:29:09 [[31merror[39m]: Duplicate key {
        "statusCode": 500,
        "code": 11000,
        "path": "/test",
        "method": "GET",
        "ip": "::ffff:127.0.0.1",
        "stack": "Error: Duplicate key\n    at D:\\Work\\HR-
SM\\server\\testing\\core\\errorHandler.test.js:555:31\n    
at Layer.fn [as handle_request] (D:\\Work\\HR-SM\\node_modul
es\\express\\lib\\router\\layer.js:95:5)\n    at 
handle_request (D:\\Work\\HR-SM\\node_modules\\express\\lib\
\router\\route.js:149:13)\n    at Route.next [as dispatch] (
D:\\Work\\HR-SM\\node_modules\\express\\lib\\router\\route.j
s:119:3)\n    at Layer.fn [as handle_request] (D:\\Work\\HR-
SM\\node_modules\\express\\lib\\router\\layer.js:95:5)\n    
at handle_request (D:\\Work\\HR-SM\\node_modules\\express\\l
ib\\router\\index.js:284:15)\n    at Function.done [as 
process_params] (D:\\Work\\HR-SM\\node_modules\\express\\lib
\\router\\index.js:346:12)\n    at process_params (D:\\Work\
\HR-SM\\node_modules\\express\\lib\\router\\index.js:280:10)
\n    at next (D:\\Work\\HR-SM\\server\\testing\\core\\error
Handler.test.js:24:13)\n    at Layer.fn [as handle_request] 
(D:\\Work\\HR-SM\\node_modules\\express\\lib\\router\\layer.
js:95:5)\n    at handle_request (D:\\Work\\HR-SM\\node_modul
es\\express\\lib\\router\\index.js:328:13)\n    at 
trim_prefix (D:\\Work\\HR-SM\\node_modules\\express\\lib\\ro
uter\\index.js:286:9)\n    at Function.done [as 
process_params] (D:\\Work\\HR-SM\\node_modules\\express\\lib
\\router\\index.js:346:12)\n    at process_params (D:\\Work\
\HR-SM\\node_modules\\express\\lib\\router\\index.js:280:10)
\n    at next (D:\\Work\\HR-SM\\node_modules\\body-parser\\l
ib\\types\\json.js:113:7)\n    at Layer.fn [as 
handle_request] (D:\\Work\\HR-SM\\node_modules\\express\\lib
\\router\\layer.js:95:5)\n    at handle_request (D:\\Work\\H
R-SM\\node_modules\\express\\lib\\router\\index.js:328:13)\n
    at trim_prefix (D:\\Work\\HR-SM\\node_modules\\express\\
lib\\router\\index.js:286:9)\n    at Function.done [as 
process_params] (D:\\Work\\HR-SM\\node_modules\\express\\lib
\\router\\index.js:346:12)\n    at process_params (D:\\Work\
\HR-SM\\node_modules\\express\\lib\\router\\index.js:280:10)
\n    at next (D:\\Work\\HR-SM\\node_modules\\express\\lib\\
middleware\\init.js:40:5)\n    at Layer.fn [as 
handle_request] (D:\\Work\\HR-SM\\node_modules\\express\\lib
\\router\\layer.js:95:5)\n    at handle_request (D:\\Work\\H
R-SM\\node_modules\\express\\lib\\router\\index.js:328:13)\n
    at trim_prefix (D:\\Work\\HR-SM\\node_modules\\express\\
lib\\router\\index.js:286:9)\n    at Function.done [as 
process_params] (D:\\Work\\HR-SM\\node_modules\\express\\lib
\\router\\index.js:346:12)\n    at process_params (D:\\Work\
\HR-SM\\node_modules\\express\\lib\\router\\index.js:280:10)
\n    at next (D:\\Work\\HR-SM\\node_modules\\express\\lib\\
middleware\\query.js:45:5)\n    at Layer.fn [as 
handle_request] (D:\\Work\\HR-SM\\node_modules\\express\\lib
\\router\\layer.js:95:5)\n    at handle_request (D:\\Work\\H
R-SM\\node_modules\\express\\lib\\router\\index.js:328:13)\n
    at trim_prefix (D:\\Work\\HR-SM\\node_modules\\express\\
lib\\router\\index.js:286:9)\n    at Function.done [as 
process_params] (D:\\Work\\HR-SM\\node_modules\\express\\lib
\\router\\index.js:346:12)\n    at process_params (D:\\Work\
\HR-SM\\node_modules\\express\\lib\\router\\index.js:280:10)
\n    at Function.next [as handle] (D:\\Work\\HR-SM\\node_mo
dules\\express\\lib\\router\\index.js:175:3)\n    at 
Function.handle (D:\\Work\\HR-SM\\node_modules\\express\\lib
\\application.js:181:10)\n    at Server.handle (D:\\Work\\HR
-SM\\node_modules\\express\\lib\\express.js:39:9)\n    at 
Server.emit (node:events:518:28)\n    at parserOnIncoming 
(node:_http_server:1150:12)\n    at 
HTTPParser.parserOnHeadersComplete 
(node:_http_common:117:17)"
      }

      at Console.write [as log] (node_modules/winston/lib/wi
nston/transports/console.js:87:23)

    console.log
      2025-12-22 13:29:09 [[31merror[39m]: Invalid token {
        "statusCode": 500,
        "code": "INTERNAL_SERVER_ERROR",
        "path": "/test",
        "method": "GET",
        "ip": "::ffff:127.0.0.1",
        "stack": "JsonWebTokenError: Invalid token\n    at D
:\\Work\\HR-SM\\server\\testing\\core\\errorHandler.test.js:
574:31\n    at Layer.fn [as handle_request] (D:\\Work\\HR-SM
\\node_modules\\express\\lib\\router\\layer.js:95:5)\n    
at handle_request (D:\\Work\\HR-SM\\node_modules\\express\\l
ib\\router\\route.js:149:13)\n    at Route.next [as 
dispatch] (D:\\Work\\HR-SM\\node_modules\\express\\lib\\rout
er\\route.js:119:3)\n    at Layer.fn [as handle_request] (D:
\\Work\\HR-SM\\node_modules\\express\\lib\\router\\layer.js:
95:5)\n    at handle_request (D:\\Work\\HR-SM\\node_modules\
\express\\lib\\router\\index.js:284:15)\n    at 
Function.done [as process_params] (D:\\Work\\HR-SM\\node_mod
ules\\express\\lib\\router\\index.js:346:12)\n    at 
process_params (D:\\Work\\HR-SM\\node_modules\\express\\lib\
\router\\index.js:280:10)\n    at next (D:\\Work\\HR-SM\\ser
ver\\testing\\core\\errorHandler.test.js:24:13)\n    at 
Layer.fn [as handle_request] (D:\\Work\\HR-SM\\node_modules\
\express\\lib\\router\\layer.js:95:5)\n    at 
handle_request (D:\\Work\\HR-SM\\node_modules\\express\\lib\
\router\\index.js:328:13)\n    at trim_prefix (D:\\Work\\HR-
SM\\node_modules\\express\\lib\\router\\index.js:286:9)\n   
 at Function.done [as process_params] (D:\\Work\\HR-SM\\node
_modules\\express\\lib\\router\\index.js:346:12)\n    at 
process_params (D:\\Work\\HR-SM\\node_modules\\express\\lib\
\router\\index.js:280:10)\n    at next (D:\\Work\\HR-SM\\nod
e_modules\\body-parser\\lib\\types\\json.js:113:7)\n    at 
Layer.fn [as handle_request] (D:\\Work\\HR-SM\\node_modules\
\express\\lib\\router\\layer.js:95:5)\n    at 
handle_request (D:\\Work\\HR-SM\\node_modules\\express\\lib\
\router\\index.js:328:13)\n    at trim_prefix (D:\\Work\\HR-
SM\\node_modules\\express\\lib\\router\\index.js:286:9)\n   
 at Function.done [as process_params] (D:\\Work\\HR-SM\\node
_modules\\express\\lib\\router\\index.js:346:12)\n    at 
process_params (D:\\Work\\HR-SM\\node_modules\\express\\lib\
\router\\index.js:280:10)\n    at next (D:\\Work\\HR-SM\\nod
e_modules\\express\\lib\\middleware\\init.js:40:5)\n    at 
Layer.fn [as handle_request] (D:\\Work\\HR-SM\\node_modules\
\express\\lib\\router\\layer.js:95:5)\n    at 
handle_request (D:\\Work\\HR-SM\\node_modules\\express\\lib\
\router\\index.js:328:13)\n    at trim_prefix (D:\\Work\\HR-
SM\\node_modules\\express\\lib\\router\\index.js:286:9)\n   
 at Function.done [as process_params] (D:\\Work\\HR-SM\\node
_modules\\express\\lib\\router\\index.js:346:12)\n    at 
process_params (D:\\Work\\HR-SM\\node_modules\\express\\lib\
\router\\index.js:280:10)\n    at next (D:\\Work\\HR-SM\\nod
e_modules\\express\\lib\\middleware\\query.js:45:5)\n    at 
Layer.fn [as handle_request] (D:\\Work\\HR-SM\\node_modules\
\express\\lib\\router\\layer.js:95:5)\n    at 
handle_request (D:\\Work\\HR-SM\\node_modules\\express\\lib\
\router\\index.js:328:13)\n    at trim_prefix (D:\\Work\\HR-
SM\\node_modules\\express\\lib\\router\\index.js:286:9)\n   
 at Function.done [as process_params] (D:\\Work\\HR-SM\\node
_modules\\express\\lib\\router\\index.js:346:12)\n    at 
process_params (D:\\Work\\HR-SM\\node_modules\\express\\lib\
\router\\index.js:280:10)\n    at Function.next [as handle] 
(D:\\Work\\HR-SM\\node_modules\\express\\lib\\router\\index.
js:175:3)\n    at Function.handle (D:\\Work\\HR-SM\\node_mod
ules\\express\\lib\\application.js:181:10)\n    at 
Server.handle (D:\\Work\\HR-SM\\node_modules\\express\\lib\\
express.js:39:9)\n    at Server.emit (node:events:518:28)\n 
   at parserOnIncoming (node:_http_server:1150:12)\n    at 
HTTPParser.parserOnHeadersComplete 
(node:_http_common:117:17)"
      }

      at Console.write [as log] (node_modules/winston/lib/wi
nston/transports/console.js:87:23)

    console.log
      2025-12-22 13:29:09 [[31merror[39m]: Token expired {
        "statusCode": 500,
        "code": "INTERNAL_SERVER_ERROR",
        "path": "/test",
        "method": "GET",
        "ip": "::ffff:127.0.0.1",
        "stack": "TokenExpiredError: Token expired\n    at D
:\\Work\\HR-SM\\server\\testing\\core\\errorHandler.test.js:
590:31\n    at Layer.fn [as handle_request] (D:\\Work\\HR-SM
\\node_modules\\express\\lib\\router\\layer.js:95:5)\n    
at handle_request (D:\\Work\\HR-SM\\node_modules\\express\\l
ib\\router\\route.js:149:13)\n    at Route.next [as 
dispatch] (D:\\Work\\HR-SM\\node_modules\\express\\lib\\rout
er\\route.js:119:3)\n    at Layer.fn [as handle_request] (D:
\\Work\\HR-SM\\node_modules\\express\\lib\\router\\layer.js:
95:5)\n    at handle_request (D:\\Work\\HR-SM\\node_modules\
\express\\lib\\router\\index.js:284:15)\n    at 
Function.done [as process_params] (D:\\Work\\HR-SM\\node_mod
ules\\express\\lib\\router\\index.js:346:12)\n    at 
process_params (D:\\Work\\HR-SM\\node_modules\\express\\lib\
\router\\index.js:280:10)\n    at next (D:\\Work\\HR-SM\\ser
ver\\testing\\core\\errorHandler.test.js:24:13)\n    at 
Layer.fn [as handle_request] (D:\\Work\\HR-SM\\node_modules\
\express\\lib\\router\\layer.js:95:5)\n    at 
handle_request (D:\\Work\\HR-SM\\node_modules\\express\\lib\
\router\\index.js:328:13)\n    at trim_prefix (D:\\Work\\HR-
SM\\node_modules\\express\\lib\\router\\index.js:286:9)\n   
 at Function.done [as process_params] (D:\\Work\\HR-SM\\node
_modules\\express\\lib\\router\\index.js:346:12)\n    at 
process_params (D:\\Work\\HR-SM\\node_modules\\express\\lib\
\router\\index.js:280:10)\n    at next (D:\\Work\\HR-SM\\nod
e_modules\\body-parser\\lib\\types\\json.js:113:7)\n    at 
Layer.fn [as handle_request] (D:\\Work\\HR-SM\\node_modules\
\express\\lib\\router\\layer.js:95:5)\n    at 
handle_request (D:\\Work\\HR-SM\\node_modules\\express\\lib\
\router\\index.js:328:13)\n    at trim_prefix (D:\\Work\\HR-
SM\\node_modules\\express\\lib\\router\\index.js:286:9)\n   
 at Function.done [as process_params] (D:\\Work\\HR-SM\\node
_modules\\express\\lib\\router\\index.js:346:12)\n    at 
process_params (D:\\Work\\HR-SM\\node_modules\\express\\lib\
\router\\index.js:280:10)\n    at next (D:\\Work\\HR-SM\\nod
e_modules\\express\\lib\\middleware\\init.js:40:5)\n    at 
Layer.fn [as handle_request] (D:\\Work\\HR-SM\\node_modules\
\express\\lib\\router\\layer.js:95:5)\n    at 
handle_request (D:\\Work\\HR-SM\\node_modules\\express\\lib\
\router\\index.js:328:13)\n    at trim_prefix (D:\\Work\\HR-
SM\\node_modules\\express\\lib\\router\\index.js:286:9)\n   
 at Function.done [as process_params] (D:\\Work\\HR-SM\\node
_modules\\express\\lib\\router\\index.js:346:12)\n    at 
process_params (D:\\Work\\HR-SM\\node_modules\\express\\lib\
\router\\index.js:280:10)\n    at next (D:\\Work\\HR-SM\\nod
e_modules\\express\\lib\\middleware\\query.js:45:5)\n    at 
Layer.fn [as handle_request] (D:\\Work\\HR-SM\\node_modules\
\express\\lib\\router\\layer.js:95:5)\n    at 
handle_request (D:\\Work\\HR-SM\\node_modules\\express\\lib\
\router\\index.js:328:13)\n    at trim_prefix (D:\\Work\\HR-
SM\\node_modules\\express\\lib\\router\\index.js:286:9)\n   
 at Function.done [as process_params] (D:\\Work\\HR-SM\\node
_modules\\express\\lib\\router\\index.js:346:12)\n    at 
process_params (D:\\Work\\HR-SM\\node_modules\\express\\lib\
\router\\index.js:280:10)\n    at Function.next [as handle] 
(D:\\Work\\HR-SM\\node_modules\\express\\lib\\router\\index.
js:175:3)\n    at Function.handle (D:\\Work\\HR-SM\\node_mod
ules\\express\\lib\\application.js:181:10)\n    at 
Server.handle (D:\\Work\\HR-SM\\node_modules\\express\\lib\\
express.js:39:9)\n    at Server.emit (node:events:518:28)\n 
   at parserOnIncoming (node:_http_server:1150:12)\n    at 
HTTPParser.parserOnHeadersComplete 
(node:_http_common:117:17)"
      }

      at Console.write [as log] (node_modules/winston/lib/wi
nston/transports/console.js:87:23)

    console.log
      2025-12-22 13:29:09 [[31merror[39m]: Not Found - 
/undefined-route {
        "statusCode": 404,
        "code": "NOT_FOUND",
        "path": "/undefined-route",
        "method": "GET",
        "ip": "::ffff:127.0.0.1",
        "stack": "Error: Not Found - /undefined-route\n    
at notFound (D:\\Work\\HR-SM\\server\\core\\errors\\errorHan
dler.js:26:10)\n    at Layer.fn [as handle_request] (D:\\Wor
k\\HR-SM\\node_modules\\express\\lib\\router\\layer.js:95:5)
\n    at handle_request (D:\\Work\\HR-SM\\node_modules\\expr
ess\\lib\\router\\index.js:328:13)\n    at trim_prefix (D:\\
Work\\HR-SM\\node_modules\\express\\lib\\router\\index.js:28
6:9)\n    at Function.done [as process_params] (D:\\Work\\HR
-SM\\node_modules\\express\\lib\\router\\index.js:346:12)\n 
   at process_params (D:\\Work\\HR-SM\\node_modules\\express
\\lib\\router\\index.js:280:10)\n    at next (D:\\Work\\HR-S
M\\server\\testing\\core\\errorHandler.test.js:24:13)\n    
at Layer.fn [as handle_request] (D:\\Work\\HR-SM\\node_modul
es\\express\\lib\\router\\layer.js:95:5)\n    at 
handle_request (D:\\Work\\HR-SM\\node_modules\\express\\lib\
\router\\index.js:328:13)\n    at trim_prefix (D:\\Work\\HR-
SM\\node_modules\\express\\lib\\router\\index.js:286:9)\n   
 at Function.done [as process_params] (D:\\Work\\HR-SM\\node
_modules\\express\\lib\\router\\index.js:346:12)\n    at 
process_params (D:\\Work\\HR-SM\\node_modules\\express\\lib\
\router\\index.js:280:10)\n    at next (D:\\Work\\HR-SM\\nod
e_modules\\body-parser\\lib\\types\\json.js:113:7)\n    at 
Layer.fn [as handle_request] (D:\\Work\\HR-SM\\node_modules\
\express\\lib\\router\\layer.js:95:5)\n    at 
handle_request (D:\\Work\\HR-SM\\node_modules\\express\\lib\
\router\\index.js:328:13)\n    at trim_prefix (D:\\Work\\HR-
SM\\node_modules\\express\\lib\\router\\index.js:286:9)\n   
 at Function.done [as process_params] (D:\\Work\\HR-SM\\node
_modules\\express\\lib\\router\\index.js:346:12)\n    at 
process_params (D:\\Work\\HR-SM\\node_modules\\express\\lib\
\router\\index.js:280:10)\n    at next (D:\\Work\\HR-SM\\nod
e_modules\\express\\lib\\middleware\\init.js:40:5)\n    at 
Layer.fn [as handle_request] (D:\\Work\\HR-SM\\node_modules\
\express\\lib\\router\\layer.js:95:5)\n    at 
handle_request (D:\\Work\\HR-SM\\node_modules\\express\\lib\
\router\\index.js:328:13)\n    at trim_prefix (D:\\Work\\HR-
SM\\node_modules\\express\\lib\\router\\index.js:286:9)\n   
 at Function.done [as process_params] (D:\\Work\\HR-SM\\node
_modules\\express\\lib\\router\\index.js:346:12)\n    at 
process_params (D:\\Work\\HR-SM\\node_modules\\express\\lib\
\router\\index.js:280:10)\n    at next (D:\\Work\\HR-SM\\nod
e_modules\\express\\lib\\middleware\\query.js:45:5)\n    at 
Layer.fn [as handle_request] (D:\\Work\\HR-SM\\node_modules\
\express\\lib\\router\\layer.js:95:5)\n    at 
handle_request (D:\\Work\\HR-SM\\node_modules\\express\\lib\
\router\\index.js:328:13)\n    at trim_prefix (D:\\Work\\HR-
SM\\node_modules\\express\\lib\\router\\index.js:286:9)\n   
 at Function.done [as process_params] (D:\\Work\\HR-SM\\node
_modules\\express\\lib\\router\\index.js:346:12)\n    at 
process_params (D:\\Work\\HR-SM\\node_modules\\express\\lib\
\router\\index.js:280:10)\n    at Function.next [as handle] 
(D:\\Work\\HR-SM\\node_modules\\express\\lib\\router\\index.
js:175:3)\n    at Function.handle (D:\\Work\\HR-SM\\node_mod
ules\\express\\lib\\application.js:181:10)\n    at 
Server.handle (D:\\Work\\HR-SM\\node_modules\\express\\lib\\
express.js:39:9)\n    at Server.emit (node:events:518:28)\n 
   at parserOnIncoming (node:_http_server:1150:12)\n    at 
HTTPParser.parserOnHeadersComplete 
(node:_http_common:117:17)",
        "isOperational": true,
        "details": {}
      }

      at Console.write [as log] (node_modules/winston/lib/wi
nston/transports/console.js:87:23)

    console.log
      2025-12-22 13:29:09 [[31merror[39m]: Async error {
        "statusCode": 400,
        "code": "ASYNC_ERROR",
        "path": "/test",
        "method": "GET",
        "ip": "::ffff:127.0.0.1",
        "stack": "Error: Async error\n    at D:\\Work\\HR-SM
\\server\\testing\\core\\errorHandler.test.js:623:23\n    
at fn (D:\\Work\\HR-SM\\server\\core\\errors\\errorHandler.j
s:184:25)\n    at Layer.fn [as handle_request] (D:\\Work\\HR
-SM\\node_modules\\express\\lib\\router\\layer.js:95:5)\n   
 at handle_request (D:\\Work\\HR-SM\\node_modules\\express\\
lib\\router\\route.js:149:13)\n    at Route.next [as 
dispatch] (D:\\Work\\HR-SM\\node_modules\\express\\lib\\rout
er\\route.js:119:3)\n    at Layer.fn [as handle_request] (D:
\\Work\\HR-SM\\node_modules\\express\\lib\\router\\layer.js:
95:5)\n    at handle_request (D:\\Work\\HR-SM\\node_modules\
\express\\lib\\router\\index.js:284:15)\n    at 
Function.done [as process_params] (D:\\Work\\HR-SM\\node_mod
ules\\express\\lib\\router\\index.js:346:12)\n    at 
process_params (D:\\Work\\HR-SM\\node_modules\\express\\lib\
\router\\index.js:280:10)\n    at next (D:\\Work\\HR-SM\\ser
ver\\testing\\core\\errorHandler.test.js:24:13)\n    at 
Layer.fn [as handle_request] (D:\\Work\\HR-SM\\node_modules\
\express\\lib\\router\\layer.js:95:5)\n    at 
handle_request (D:\\Work\\HR-SM\\node_modules\\express\\lib\
\router\\index.js:328:13)\n    at trim_prefix (D:\\Work\\HR-
SM\\node_modules\\express\\lib\\router\\index.js:286:9)\n   
 at Function.done [as process_params] (D:\\Work\\HR-SM\\node
_modules\\express\\lib\\router\\index.js:346:12)\n    at 
process_params (D:\\Work\\HR-SM\\node_modules\\express\\lib\
\router\\index.js:280:10)\n    at next (D:\\Work\\HR-SM\\nod
e_modules\\body-parser\\lib\\types\\json.js:113:7)\n    at 
Layer.fn [as handle_request] (D:\\Work\\HR-SM\\node_modules\
\express\\lib\\router\\layer.js:95:5)\n    at 
handle_request (D:\\Work\\HR-SM\\node_modules\\express\\lib\
\router\\index.js:328:13)\n    at trim_prefix (D:\\Work\\HR-
SM\\node_modules\\express\\lib\\router\\index.js:286:9)\n   
 at Function.done [as process_params] (D:\\Work\\HR-SM\\node
_modules\\express\\lib\\router\\index.js:346:12)\n    at 
process_params (D:\\Work\\HR-SM\\node_modules\\express\\lib\
\router\\index.js:280:10)\n    at next (D:\\Work\\HR-SM\\nod
e_modules\\express\\lib\\middleware\\init.js:40:5)\n    at 
Layer.fn [as handle_request] (D:\\Work\\HR-SM\\node_modules\
\express\\lib\\router\\layer.js:95:5)\n    at 
handle_request (D:\\Work\\HR-SM\\node_modules\\express\\lib\
\router\\index.js:328:13)\n    at trim_prefix (D:\\Work\\HR-
SM\\node_modules\\express\\lib\\router\\index.js:286:9)\n   
 at Function.done [as process_params] (D:\\Work\\HR-SM\\node
_modules\\express\\lib\\router\\index.js:346:12)\n    at 
process_params (D:\\Work\\HR-SM\\node_modules\\express\\lib\
\router\\index.js:280:10)\n    at next (D:\\Work\\HR-SM\\nod
e_modules\\express\\lib\\middleware\\query.js:45:5)\n    at 
Layer.fn [as handle_request] (D:\\Work\\HR-SM\\node_modules\
\express\\lib\\router\\layer.js:95:5)\n    at 
handle_request (D:\\Work\\HR-SM\\node_modules\\express\\lib\
\router\\index.js:328:13)\n    at trim_prefix (D:\\Work\\HR-
SM\\node_modules\\express\\lib\\router\\index.js:286:9)\n   
 at Function.done [as process_params] (D:\\Work\\HR-SM\\node
_modules\\express\\lib\\router\\index.js:346:12)\n    at 
process_params (D:\\Work\\HR-SM\\node_modules\\express\\lib\
\router\\index.js:280:10)\n    at Function.next [as handle] 
(D:\\Work\\HR-SM\\node_modules\\express\\lib\\router\\index.
js:175:3)\n    at Function.handle (D:\\Work\\HR-SM\\node_mod
ules\\express\\lib\\application.js:181:10)\n    at 
Server.handle (D:\\Work\\HR-SM\\node_modules\\express\\lib\\
express.js:39:9)\n    at Server.emit (node:events:518:28)\n 
   at parserOnIncoming (node:_http_server:1150:12)\n    at 
HTTPParser.parserOnHeadersComplete 
(node:_http_common:117:17)",
        "isOperational": true,
        "details": {}
      }

      at Console.write [as log] (node_modules/winston/lib/wi
nston/transports/console.js:87:23)

    console.log
      2025-12-22 13:29:09 [[31merror[39m]: Promise 
rejected {
        "statusCode": 500,
        "code": "PROMISE_ERROR",
        "path": "/test",
        "method": "GET",
        "ip": "::ffff:127.0.0.1",
        "stack": "Error: Promise rejected\n    at D:\\Work\\
HR-SM\\server\\testing\\core\\errorHandler.test.js:636:38\n 
   at fn (D:\\Work\\HR-SM\\server\\core\\errors\\errorHandle
r.js:184:25)\n    at Layer.fn [as handle_request] (D:\\Work\
\HR-SM\\node_modules\\express\\lib\\router\\layer.js:95:5)\n
    at handle_request (D:\\Work\\HR-SM\\node_modules\\expres
s\\lib\\router\\route.js:149:13)\n    at Route.next [as 
dispatch] (D:\\Work\\HR-SM\\node_modules\\express\\lib\\rout
er\\route.js:119:3)\n    at Layer.fn [as handle_request] (D:
\\Work\\HR-SM\\node_modules\\express\\lib\\router\\layer.js:
95:5)\n    at handle_request (D:\\Work\\HR-SM\\node_modules\
\express\\lib\\router\\index.js:284:15)\n    at 
Function.done [as process_params] (D:\\Work\\HR-SM\\node_mod
ules\\express\\lib\\router\\index.js:346:12)\n    at 
process_params (D:\\Work\\HR-SM\\node_modules\\express\\lib\
\router\\index.js:280:10)\n    at next (D:\\Work\\HR-SM\\ser
ver\\testing\\core\\errorHandler.test.js:24:13)\n    at 
Layer.fn [as handle_request] (D:\\Work\\HR-SM\\node_modules\
\express\\lib\\router\\layer.js:95:5)\n    at 
handle_request (D:\\Work\\HR-SM\\node_modules\\express\\lib\
\router\\index.js:328:13)\n    at trim_prefix (D:\\Work\\HR-
SM\\node_modules\\express\\lib\\router\\index.js:286:9)\n   
 at Function.done [as process_params] (D:\\Work\\HR-SM\\node
_modules\\express\\lib\\router\\index.js:346:12)\n    at 
process_params (D:\\Work\\HR-SM\\node_modules\\express\\lib\
\router\\index.js:280:10)\n    at next (D:\\Work\\HR-SM\\nod
e_modules\\body-parser\\lib\\types\\json.js:113:7)\n    at 
Layer.fn [as handle_request] (D:\\Work\\HR-SM\\node_modules\
\express\\lib\\router\\layer.js:95:5)\n    at 
handle_request (D:\\Work\\HR-SM\\node_modules\\express\\lib\
\router\\index.js:328:13)\n    at trim_prefix (D:\\Work\\HR-
SM\\node_modules\\express\\lib\\router\\index.js:286:9)\n   
 at Function.done [as process_params] (D:\\Work\\HR-SM\\node
_modules\\express\\lib\\router\\index.js:346:12)\n    at 
process_params (D:\\Work\\HR-SM\\node_modules\\express\\lib\
\router\\index.js:280:10)\n    at next (D:\\Work\\HR-SM\\nod
e_modules\\express\\lib\\middleware\\init.js:40:5)\n    at 
Layer.fn [as handle_request] (D:\\Work\\HR-SM\\node_modules\
\express\\lib\\router\\layer.js:95:5)\n    at 
handle_request (D:\\Work\\HR-SM\\node_modules\\express\\lib\
\router\\index.js:328:13)\n    at trim_prefix (D:\\Work\\HR-
SM\\node_modules\\express\\lib\\router\\index.js:286:9)\n   
 at Function.done [as process_params] (D:\\Work\\HR-SM\\node
_modules\\express\\lib\\router\\index.js:346:12)\n    at 
process_params (D:\\Work\\HR-SM\\node_modules\\express\\lib\
\router\\index.js:280:10)\n    at next (D:\\Work\\HR-SM\\nod
e_modules\\express\\lib\\middleware\\query.js:45:5)\n    at 
Layer.fn [as handle_request] (D:\\Work\\HR-SM\\node_modules\
\express\\lib\\router\\layer.js:95:5)\n    at 
handle_request (D:\\Work\\HR-SM\\node_modules\\express\\lib\
\router\\index.js:328:13)\n    at trim_prefix (D:\\Work\\HR-
SM\\node_modules\\express\\lib\\router\\index.js:286:9)\n   
 at Function.done [as process_params] (D:\\Work\\HR-SM\\node
_modules\\express\\lib\\router\\index.js:346:12)\n    at 
process_params (D:\\Work\\HR-SM\\node_modules\\express\\lib\
\router\\index.js:280:10)\n    at Function.next [as handle] 
(D:\\Work\\HR-SM\\node_modules\\express\\lib\\router\\index.
js:175:3)\n    at Function.handle (D:\\Work\\HR-SM\\node_mod
ules\\express\\lib\\application.js:181:10)\n    at 
Server.handle (D:\\Work\\HR-SM\\node_modules\\express\\lib\\
express.js:39:9)\n    at Server.emit (node:events:518:28)\n 
   at parserOnIncoming (node:_http_server:1150:12)\n    at 
HTTPParser.parserOnHeadersComplete 
(node:_http_common:117:17)",
        "isOperational": true,
        "details": {}
      }

      at Console.write [as log] (node_modules/winston/lib/wi
nston/transports/console.js:87:23)

    console.log
      2025-12-22 13:29:09 [[31merror[39m]: Validation 
failed {
        "statusCode": 400,
        "code": "VALIDATION_ERROR",
        "path": "/test",
        "method": "GET",
        "ip": "::ffff:127.0.0.1",
        "stack": "Error: Validation failed\n    at D:\\Work\
\HR-SM\\server\\testing\\core\\errorHandler.test.js:651:22\n
    at Layer.fn [as handle_request] (D:\\Work\\HR-SM\\node_m
odules\\express\\lib\\router\\layer.js:95:5)\n    at 
handle_request (D:\\Work\\HR-SM\\node_modules\\express\\lib\
\router\\route.js:149:13)\n    at Route.next [as dispatch] (
D:\\Work\\HR-SM\\node_modules\\express\\lib\\router\\route.j
s:119:3)\n    at Layer.fn [as handle_request] (D:\\Work\\HR-
SM\\node_modules\\express\\lib\\router\\layer.js:95:5)\n    
at handle_request (D:\\Work\\HR-SM\\node_modules\\express\\l
ib\\router\\index.js:284:15)\n    at Function.done [as 
process_params] (D:\\Work\\HR-SM\\node_modules\\express\\lib
\\router\\index.js:346:12)\n    at process_params (D:\\Work\
\HR-SM\\node_modules\\express\\lib\\router\\index.js:280:10)
\n    at next (D:\\Work\\HR-SM\\server\\testing\\core\\error
Handler.test.js:24:13)\n    at Layer.fn [as handle_request] 
(D:\\Work\\HR-SM\\node_modules\\express\\lib\\router\\layer.
js:95:5)\n    at handle_request (D:\\Work\\HR-SM\\node_modul
es\\express\\lib\\router\\index.js:328:13)\n    at 
trim_prefix (D:\\Work\\HR-SM\\node_modules\\express\\lib\\ro
uter\\index.js:286:9)\n    at Function.done [as 
process_params] (D:\\Work\\HR-SM\\node_modules\\express\\lib
\\router\\index.js:346:12)\n    at process_params (D:\\Work\
\HR-SM\\node_modules\\express\\lib\\router\\index.js:280:10)
\n    at next (D:\\Work\\HR-SM\\node_modules\\body-parser\\l
ib\\types\\json.js:113:7)\n    at Layer.fn [as 
handle_request] (D:\\Work\\HR-SM\\node_modules\\express\\lib
\\router\\layer.js:95:5)\n    at handle_request (D:\\Work\\H
R-SM\\node_modules\\express\\lib\\router\\index.js:328:13)\n
    at trim_prefix (D:\\Work\\HR-SM\\node_modules\\express\\
lib\\router\\index.js:286:9)\n    at Function.done [as 
process_params] (D:\\Work\\HR-SM\\node_modules\\express\\lib
\\router\\index.js:346:12)\n    at process_params (D:\\Work\
\HR-SM\\node_modules\\express\\lib\\router\\index.js:280:10)
\n    at next (D:\\Work\\HR-SM\\node_modules\\express\\lib\\
middleware\\init.js:40:5)\n    at Layer.fn [as 
handle_request] (D:\\Work\\HR-SM\\node_modules\\express\\lib
\\router\\layer.js:95:5)\n    at handle_request (D:\\Work\\H
R-SM\\node_modules\\express\\lib\\router\\index.js:328:13)\n
    at trim_prefix (D:\\Work\\HR-SM\\node_modules\\express\\
lib\\router\\index.js:286:9)\n    at Function.done [as 
process_params] (D:\\Work\\HR-SM\\node_modules\\express\\lib
\\router\\index.js:346:12)\n    at process_params (D:\\Work\
\HR-SM\\node_modules\\express\\lib\\router\\index.js:280:10)
\n    at next (D:\\Work\\HR-SM\\node_modules\\express\\lib\\
middleware\\query.js:45:5)\n    at Layer.fn [as 
handle_request] (D:\\Work\\HR-SM\\node_modules\\express\\lib
\\router\\layer.js:95:5)\n    at handle_request (D:\\Work\\H
R-SM\\node_modules\\express\\lib\\router\\index.js:328:13)\n
    at trim_prefix (D:\\Work\\HR-SM\\node_modules\\express\\
lib\\router\\index.js:286:9)\n    at Function.done [as 
process_params] (D:\\Work\\HR-SM\\node_modules\\express\\lib
\\router\\index.js:346:12)\n    at process_params (D:\\Work\
\HR-SM\\node_modules\\express\\lib\\router\\index.js:280:10)
\n    at Function.next [as handle] (D:\\Work\\HR-SM\\node_mo
dules\\express\\lib\\router\\index.js:175:3)\n    at 
Function.handle (D:\\Work\\HR-SM\\node_modules\\express\\lib
\\application.js:181:10)\n    at Server.handle (D:\\Work\\HR
-SM\\node_modules\\express\\lib\\express.js:39:9)\n    at 
Server.emit (node:events:518:28)\n    at parserOnIncoming 
(node:_http_server:1150:12)\n    at 
HTTPParser.parserOnHeadersComplete 
(node:_http_common:117:17)",
        "isOperational": true,
        "details": {
          "fields": [
            "email",
            "password"
          ]
        }
      }

      at Console.write [as log] (node_modules/winston/lib/wi
nston/transports/console.js:87:23)

    console.log
      2025-12-22 13:29:09 [[31merror[39m]: Error without 
details {
        "statusCode": 400,
        "code": "TEST_ERROR",
        "path": "/test",
        "method": "GET",
        "ip": "::ffff:127.0.0.1",
        "stack": "Error: Error without details\n    at D:\\W
ork\\HR-SM\\server\\testing\\core\\errorHandler.test.js:669:
22\n    at Layer.fn [as handle_request] (D:\\Work\\HR-SM\\no
de_modules\\express\\lib\\router\\layer.js:95:5)\n    at 
handle_request (D:\\Work\\HR-SM\\node_modules\\express\\lib\
\router\\route.js:149:13)\n    at Route.next [as dispatch] (
D:\\Work\\HR-SM\\node_modules\\express\\lib\\router\\route.j
s:119:3)\n    at Layer.fn [as handle_request] (D:\\Work\\HR-
SM\\node_modules\\express\\lib\\router\\layer.js:95:5)\n    
at handle_request (D:\\Work\\HR-SM\\node_modules\\express\\l
ib\\router\\index.js:284:15)\n    at Function.done [as 
process_params] (D:\\Work\\HR-SM\\node_modules\\express\\lib
\\router\\index.js:346:12)\n    at process_params (D:\\Work\
\HR-SM\\node_modules\\express\\lib\\router\\index.js:280:10)
\n    at next (D:\\Work\\HR-SM\\server\\testing\\core\\error
Handler.test.js:24:13)\n    at Layer.fn [as handle_request] 
(D:\\Work\\HR-SM\\node_modules\\express\\lib\\router\\layer.
js:95:5)\n    at handle_request (D:\\Work\\HR-SM\\node_modul
es\\express\\lib\\router\\index.js:328:13)\n    at 
trim_prefix (D:\\Work\\HR-SM\\node_modules\\express\\lib\\ro
uter\\index.js:286:9)\n    at Function.done [as 
process_params] (D:\\Work\\HR-SM\\node_modules\\express\\lib
\\router\\index.js:346:12)\n    at process_params (D:\\Work\
\HR-SM\\node_modules\\express\\lib\\router\\index.js:280:10)
\n    at next (D:\\Work\\HR-SM\\node_modules\\body-parser\\l
ib\\types\\json.js:113:7)\n    at Layer.fn [as 
handle_request] (D:\\Work\\HR-SM\\node_modules\\express\\lib
\\router\\layer.js:95:5)\n    at handle_request (D:\\Work\\H
R-SM\\node_modules\\express\\lib\\router\\index.js:328:13)\n
    at trim_prefix (D:\\Work\\HR-SM\\node_modules\\express\\
lib\\router\\index.js:286:9)\n    at Function.done [as 
process_params] (D:\\Work\\HR-SM\\node_modules\\express\\lib
\\router\\index.js:346:12)\n    at process_params (D:\\Work\
\HR-SM\\node_modules\\express\\lib\\router\\index.js:280:10)
\n    at next (D:\\Work\\HR-SM\\node_modules\\express\\lib\\
middleware\\init.js:40:5)\n    at Layer.fn [as 
handle_request] (D:\\Work\\HR-SM\\node_modules\\express\\lib
\\router\\layer.js:95:5)\n    at handle_request (D:\\Work\\H
R-SM\\node_modules\\express\\lib\\router\\index.js:328:13)\n
    at trim_prefix (D:\\Work\\HR-SM\\node_modules\\express\\
lib\\router\\index.js:286:9)\n    at Function.done [as 
process_params] (D:\\Work\\HR-SM\\node_modules\\express\\lib
\\router\\index.js:346:12)\n    at process_params (D:\\Work\
\HR-SM\\node_modules\\express\\lib\\router\\index.js:280:10)
\n    at next (D:\\Work\\HR-SM\\node_modules\\express\\lib\\
middleware\\query.js:45:5)\n    at Layer.fn [as 
handle_request] (D:\\Work\\HR-SM\\node_modules\\express\\lib
\\router\\layer.js:95:5)\n    at handle_request (D:\\Work\\H
R-SM\\node_modules\\express\\lib\\router\\index.js:328:13)\n
    at trim_prefix (D:\\Work\\HR-SM\\node_modules\\express\\
lib\\router\\index.js:286:9)\n    at Function.done [as 
process_params] (D:\\Work\\HR-SM\\node_modules\\express\\lib
\\router\\index.js:346:12)\n    at process_params (D:\\Work\
\HR-SM\\node_modules\\express\\lib\\router\\index.js:280:10)
\n    at Function.next [as handle] (D:\\Work\\HR-SM\\node_mo
dules\\express\\lib\\router\\index.js:175:3)\n    at 
Function.handle (D:\\Work\\HR-SM\\node_modules\\express\\lib
\\application.js:181:10)\n    at Server.handle (D:\\Work\\HR
-SM\\node_modules\\express\\lib\\express.js:39:9)\n    at 
Server.emit (node:events:518:28)\n    at parserOnIncoming 
(node:_http_server:1150:12)\n    at 
HTTPParser.parserOnHeadersComplete 
(node:_http_common:117:17)",
        "isOperational": true,
        "details": {}
      }

      at Console.write [as log] (node_modules/winston/lib/wi
nston/transports/console.js:87:23)

PASS server/testing/models/surveyNotification.model.test.js
PASS server/testing/models/overtime.model.test.js
PASS server/testing/services/billingInformationIntegrity.pro
perty.test.js
PASS server/testing/services/logMaintenance.service.test.js
  ΓùÅ Console

    console.log
      Logging configuration system initialized

      at LoggingConfigManager.log [as initialize] 
(server/config/logging.config.js:186:21)

    console.log
      Log maintenance service initialized

      at LogMaintenanceService.log [as initialize] 
(server/services/logMaintenance.service.js:32:17)

    console.log
      Logging configuration system initialized

      at LoggingConfigManager.log [as initialize] 
(server/config/logging.config.js:186:21)

    console.log
      Log maintenance service initialized

      at LogMaintenanceService.log [as initialize] 
(server/services/logMaintenance.service.js:32:17)

    console.log
      Logging configuration system initialized

      at LoggingConfigManager.log [as initialize] 
(server/config/logging.config.js:186:21)

    console.log
      Log maintenance service initialized

      at LogMaintenanceService.log [as initialize] 
(server/services/logMaintenance.service.js:32:17)

    console.log
      Logging configuration system initialized

      at LoggingConfigManager.log [as initialize] 
(server/config/logging.config.js:186:21)

    console.log
      Log maintenance service initialized

      at LogMaintenanceService.log [as initialize] 
(server/services/logMaintenance.service.js:32:17)

    console.log
      Logging configuration system initialized

      at LoggingConfigManager.log [as initialize] 
(server/config/logging.config.js:186:21)

    console.log
      Log maintenance service initialized

      at LogMaintenanceService.log [as initialize] 
(server/services/logMaintenance.service.js:32:17)

    console.log
      Logging configuration system initialized

      at LoggingConfigManager.log [as initialize] 
(server/config/logging.config.js:186:21)

    console.log
      Log maintenance service initialized

      at LogMaintenanceService.log [as initialize] 
(server/services/logMaintenance.service.js:32:17)

    console.log
      Logging configuration system initialized

      at LoggingConfigManager.log [as initialize] 
(server/config/logging.config.js:186:21)

    console.log
      Log maintenance service initialized

      at LogMaintenanceService.log [as initialize] 
(server/services/logMaintenance.service.js:32:17)

    console.log
      Logging configuration system initialized

      at LoggingConfigManager.log [as initialize] 
(server/config/logging.config.js:186:21)

    console.log
      Log maintenance service initialized

      at LogMaintenanceService.log [as initialize] 
(server/services/logMaintenance.service.js:32:17)

    console.log
      Starting log maintenance cycle...

      at LogMaintenanceService.log [as runMaintenance] 
(server/services/logMaintenance.service.js:53:21)

    console.log
      Log maintenance cycle completed: {
        timestamp: 2025-12-22T11:29:11.904Z,
        duration: 32,
        filesProcessed: 1,
        bytesCompressed: 0,
        filesDeleted: 0,
        errors: [],
        success: true
      }

      at LogMaintenanceService.log [as runMaintenance] 
(server/services/logMaintenance.service.js:74:21)

    console.log
      Logging configuration system initialized

      at LoggingConfigManager.log [as initialize] 
(server/config/logging.config.js:186:21)

    console.log
      Log maintenance service initialized

      at LogMaintenanceService.log [as initialize] 
(server/services/logMaintenance.service.js:32:17)

    console.log
      Logging configuration system initialized

      at LoggingConfigManager.log [as initialize] 
(server/config/logging.config.js:186:21)

    console.log
      Log maintenance service initialized

      at LogMaintenanceService.log [as initialize] 
(server/services/logMaintenance.service.js:32:17)

    console.log
      Starting log maintenance cycle...

      at LogMaintenanceService.log [as runMaintenance] 
(server/services/logMaintenance.service.js:53:21)

    console.log
      Log maintenance cycle completed: {
        timestamp: 2025-12-22T11:29:11.954Z,
        duration: 6,
        filesProcessed: 1,
        bytesCompressed: 0,
        filesDeleted: 0,
        errors: [],
        success: true
      }

      at LogMaintenanceService.log [as runMaintenance] 
(server/services/logMaintenance.service.js:74:21)

PASS server/testing/models/idCardBatch.model.test.js
PASS server/testing/models/vacation.model.test.js
PASS server/testing/models/requestControl.model.test.js
PASS server/testing/models/permissions.model.test.js
PASS server/testing/routes/report.routes.test.js
PASS server/testing/models/mission.model.test.js
PASS server/testing/models/securityAudit.model.test.js
PASS server/testing/services/bulkOperationAtomicity.property
.test.js
PASS server/testing/modules/hr-core/requestService.test.js
  ΓùÅ Console

    console.log
      Processing overtime approval for request 
69492b8fec899ffaae2d322a

      at RequestService.log [as handleOvertimeApproval] (ser
ver/modules/hr-core/requests/services/requestService.js:166:
13)

    console.log
      Processing overtime approval for request 
69492b8fec899ffaae2d3248

      at RequestService.log [as handleOvertimeApproval] (ser
ver/modules/hr-core/requests/services/requestService.js:166:
13)

    console.log
      Processing vacation approval for request 
69492b8fec899ffaae2d3300

      at RequestService.log [as handleVacationApproval] (ser
ver/modules/hr-core/requests/services/requestService.js:179:
13)

    console.log
      Processing overtime approval for request 
69492b8fec899ffaae2d330f

      at RequestService.log [as handleOvertimeApproval] (ser
ver/modules/hr-core/requests/services/requestService.js:166:
13)

PASS server/testing/routes/hardcopy.routes.test.js
PASS server/testing/middleware/namespaceValidator.test.js
PASS server/testing/services/licenseFileLoader.test.js
  ΓùÅ Console

    console.log
      2025-12-22 13:29:20 [[31merror[39m]: License file 
not found {
        "path": "D:\\Work\\HR-SM\\test-licenses-unit\\non-ex
istent-license.json"
      }

      at Console.write [as log] (node_modules/winston/lib/wi
nston/transports/console.js:87:23)

    console.log
      2025-12-22 13:29:20 [[31merror[39m]: License file 
validation failed {
        "errors": [
          "Failed to parse license file: Expected property 
name or '}' in JSON at position 2 (line 1 column 3)"
        ],
        "path": "D:\\Work\\HR-SM\\test-licenses-unit\\invali
d-json-license.json"
      }

      at Console.write [as log] (node_modules/winston/lib/wi
nston/transports/console.js:87:23)

    console.log
      2025-12-22 13:29:20 [[31merror[39m]: License file 
validation failed {
        "errors": [
          "Missing required field: companyName",
          "Missing required field: issuedAt",
          "Missing required field: expiresAt",
          "Missing required field: modules",
          "Missing required field: signature",
          "Invalid license signature"
        ],
        "path": "D:\\Work\\HR-SM\\test-licenses-unit\\incomp
lete-license.json"
      }

      at Console.write [as log] (node_modules/winston/lib/wi
nston/transports/console.js:87:23)

    console.log
      2025-12-22 13:29:20 [[31merror[39m]: License file 
validation failed {
        "errors": [
          "Invalid license signature"
        ],
        "path": "D:\\Work\\HR-SM\\test-licenses-unit\\invali
d-signature-license.json"
      }

      at Console.write [as log] (node_modules/winston/lib/wi
nston/transports/console.js:87:23)

    console.log
      2025-12-22 13:29:20 [[31merror[39m]: License file 
validation failed {
        "errors": [
          "License has expired"
        ],
        "path": 
"D:\\Work\\HR-SM\\test-licenses-unit\\expired-license.json"
      }

      at Console.write [as log] (node_modules/winston/lib/wi
nston/transports/console.js:87:23)

    console.log
      2025-12-22 13:29:20 [[31merror[39m]: License file 
validation failed {
        "errors": [
          "Invalid license key format. Expected: 
HRMS-XXXX-XXXX-XXXX"
        ],
        "path": "D:\\Work\\HR-SM\\test-licenses-unit\\invali
d-key-format-license.json"
      }

      at Console.write [as log] (node_modules/winston/lib/wi
nston/transports/console.js:87:23)

    console.log
      2025-12-22 13:29:21 [[31merror[39m]: No valid 
license available

      at Console.write [as log] (node_modules/winston/lib/wi
nston/transports/console.js:87:23)

PASS 
server/testing/services/loggingMonitoring.service.test.js
  ΓùÅ Console

    console.log
      Logging configuration system initialized

      at LoggingConfigManager.log [as initialize] 
(server/config/logging.config.js:186:21)

    console.log
      Logging monitoring service initialized

      at LoggingMonitoringService.log [as initialize] 
(server/services/loggingMonitoring.service.js:58:17)

    console.log
      Logging configuration system initialized

      at LoggingConfigManager.log [as initialize] 
(server/config/logging.config.js:186:21)

    console.log
      Logging monitoring service initialized

      at LoggingMonitoringService.log [as initialize] 
(server/services/loggingMonitoring.service.js:58:17)

    console.log
      Logging configuration system initialized

      at LoggingConfigManager.log [as initialize] 
(server/config/logging.config.js:186:21)

    console.log
      Logging monitoring service initialized

      at LoggingMonitoringService.log [as initialize] 
(server/services/loggingMonitoring.service.js:58:17)

    console.log
      Logging configuration system initialized

      at LoggingConfigManager.log [as initialize] 
(server/config/logging.config.js:186:21)

    console.log
      Logging monitoring service initialized

      at LoggingMonitoringService.log [as initialize] 
(server/services/loggingMonitoring.service.js:58:17)

    console.log
      Logging monitoring started with 1000ms interval

      at LoggingMonitoringService.log [as startMonitoring] 
(server/services/loggingMonitoring.service.js:79:17)

    console.log
      Logging monitoring stopped

      at LoggingMonitoringService.log [as stopMonitoring] 
(server/services/loggingMonitoring.service.js:99:17)

    console.log
      Logging configuration system initialized

      at LoggingConfigManager.log [as initialize] 
(server/config/logging.config.js:186:21)

    console.log
      Logging monitoring service initialized

      at LoggingMonitoringService.log [as initialize] 
(server/services/loggingMonitoring.service.js:58:17)

    console.log
      Logging monitoring started with 1000ms interval

      at LoggingMonitoringService.log [as startMonitoring] 
(server/services/loggingMonitoring.service.js:79:17)

    console.log
      Logging monitoring stopped

      at LoggingMonitoringService.log [as stopMonitoring] 
(server/services/loggingMonitoring.service.js:99:17)

    console.log
      Logging configuration system initialized

      at LoggingConfigManager.log [as initialize] 
(server/config/logging.config.js:186:21)

    console.log
      Logging monitoring service initialized

      at LoggingMonitoringService.log [as initialize] 
(server/services/loggingMonitoring.service.js:58:17)

    console.log
      Logging monitoring started with 1000ms interval

      at LoggingMonitoringService.log [as startMonitoring] 
(server/services/loggingMonitoring.service.js:79:17)

    console.log
      Logging monitoring stopped

      at LoggingMonitoringService.log [as stopMonitoring] 
(server/services/loggingMonitoring.service.js:99:17)

    console.log
      Logging configuration system initialized

      at LoggingConfigManager.log [as initialize] 
(server/config/logging.config.js:186:21)

    console.log
      Logging monitoring service initialized

      at LoggingMonitoringService.log [as initialize] 
(server/services/loggingMonitoring.service.js:58:17)

    console.log
      Logging configuration system initialized

      at LoggingConfigManager.log [as initialize] 
(server/config/logging.config.js:186:21)

    console.log
      Logging monitoring service initialized

      at LoggingMonitoringService.log [as initialize] 
(server/services/loggingMonitoring.service.js:58:17)

    console.log
      Logging configuration system initialized

      at LoggingConfigManager.log [as initialize] 
(server/config/logging.config.js:186:21)

    console.log
      Logging monitoring service initialized

      at LoggingMonitoringService.log [as initialize] 
(server/services/loggingMonitoring.service.js:58:17)

    console.log
      Logging configuration system initialized

      at LoggingConfigManager.log [as initialize] 
(server/config/logging.config.js:186:21)

    console.log
      Logging monitoring service initialized

      at LoggingMonitoringService.log [as initialize] 
(server/services/loggingMonitoring.service.js:58:17)

    console.log
      Logging monitoring started with 1000ms interval

      at LoggingMonitoringService.log [as startMonitoring] 
(server/services/loggingMonitoring.service.js:79:17)

    console.log
      Logging monitoring stopped

      at LoggingMonitoringService.log [as stopMonitoring] 
(server/services/loggingMonitoring.service.js:99:17)

    console.log
      Logging configuration system initialized

      at LoggingConfigManager.log [as initialize] 
(server/config/logging.config.js:186:21)

    console.log
      Logging monitoring service initialized

      at LoggingMonitoringService.log [as initialize] 
(server/services/loggingMonitoring.service.js:58:17)

PASS server/testing/models/securitySettings.model.test.js
PASS server/testing/controller/pricing.controller.test.js
PASS server/testing/routes/permissionAudit.routes.test.js
PASS server/testing/services/subscription.service.test.js
  ΓùÅ Console

    console.log
      2025-12-22 13:29:24 [[31merror[39m]: Failed to 
create subscription {
        "tenantId": "69492b943735ecd3431e4d68",
        "error": "Subscription already exists for this 
tenant",
        "stack": "Error: Subscription already exists for 
this tenant\n    at SubscriptionService.createSubscription (
D:\\Work\\HR-SM\\server\\services\\subscription.service.js:3
9:23)\n    at processTicksAndRejections 
(node:internal/process/task_queues:105:5)\n    at 
Object.<anonymous> (D:\\Work\\HR-SM\\server\\testing\\servic
es\\subscription.service.test.js:111:13)"
      }

      at Console.write [as log] (node_modules/winston/lib/wi
nston/transports/console.js:87:23)

    console.log
      2025-12-22 13:29:25 [[31merror[39m]: Failed to 
cancel subscription {
        "tenantId": "69492b953735ecd3431e4e27",
        "error": "Subscription is already cancelled",
        "stack": "Error: Subscription is already 
cancelled\n    at SubscriptionService.cancelSubscription (D:
\\Work\\HR-SM\\server\\services\\subscription.service.js:537
:23)\n    at processTicksAndRejections 
(node:internal/process/task_queues:105:5)\n    at 
Object.<anonymous> (D:\\Work\\HR-SM\\server\\testing\\servic
es\\subscription.service.test.js:369:13)"
      }

      at Console.write [as log] (node_modules/winston/lib/wi
nston/transports/console.js:87:23)

    console.log
      2025-12-22 13:29:25 [[31merror[39m]: Failed to 
reactivate subscription {
        "tenantId": "69492b953735ecd3431e4e4a",
        "error": "Subscription is already active",
        "stack": "Error: Subscription is already active\n   
 at SubscriptionService.reactivateSubscription (D:\\Work\\HR
-SM\\server\\services\\subscription.service.js:605:23)\n    
at processTicksAndRejections 
(node:internal/process/task_queues:105:5)\n    at 
Object.<anonymous> (D:\\Work\\HR-SM\\server\\testing\\servic
es\\subscription.service.test.js:397:13)"
      }

      at Console.write [as log] (node_modules/winston/lib/wi
nston/transports/console.js:87:23)

PASS server/testing/routes/mission.routes.test.js
PASS server/testing/models/reportExport.model.test.js
PASS server/testing/controller/license.controller.test.js
PASS 
server/testing/platform/modules/moduleEnablement.test.js
PASS 
server/testing/services/loggingConfiguration.service.test.js
  ΓùÅ Console

    console.log
      Logging configuration system initialized

      at LoggingConfigManager.log [as initialize] 
(server/config/logging.config.js:186:21)

    console.log
      Logging configuration system initialized

      at LoggingConfigManager.log [as initialize] 
(server/config/logging.config.js:186:21)

    console.log
      Logging configuration system initialized

      at LoggingConfigManager.log [as initialize] 
(server/config/logging.config.js:186:21)

    console.log
      Logging configuration system initialized

      at LoggingConfigManager.log [as initialize] 
(server/config/logging.config.js:186:21)

    console.log
      Logging configuration system initialized

      at LoggingConfigManager.log [as initialize] 
(server/config/logging.config.js:186:21)

    console.log
      Logging configuration system initialized

      at LoggingConfigManager.log [as initialize] 
(server/config/logging.config.js:186:21)

    console.log
      Logging configuration system initialized

      at LoggingConfigManager.log [as initialize] 
(server/config/logging.config.js:186:21)

    console.log
      Logging configuration system initialized

      at LoggingConfigManager.log [as initialize] 
(server/config/logging.config.js:186:21)

    console.log
      Logging configuration system initialized

      at LoggingConfigManager.log [as initialize] 
(server/config/logging.config.js:186:21)

    console.log
      Logging configuration system initialized

      at LoggingConfigManager.log [as initialize] 
(server/config/logging.config.js:186:21)

    console.log
      Logging configuration system initialized

      at LoggingConfigManager.log [as initialize] 
(server/config/logging.config.js:186:21)

    console.log
      Logging configuration system initialized

      at LoggingConfigManager.log [as initialize] 
(server/config/logging.config.js:186:21)

    console.log
      Logging configuration system initialized

      at LoggingConfigManager.log [as initialize] 
(server/config/logging.config.js:186:21)

    console.log
      Logging configuration system initialized

      at LoggingConfigManager.log [as initialize] 
(server/config/logging.config.js:186:21)

    console.log
      Logging configuration system initialized

      at LoggingConfigManager.log [as initialize] 
(server/config/logging.config.js:186:21)

    console.log
      Logging configuration system initialized

      at LoggingConfigManager.log [as initialize] 
(server/config/logging.config.js:186:21)

PASS 
server/testing/services/dependencyResolver.service.test.js
PASS server/testing/services/usageTracker.service.test.js
  ΓùÅ Console

    console.log
      2025-12-22 13:29:29 [[31merror[39m]: Usage tracking 
error {
        "tenantId": "69492b99e4ac378c87b20764",
        "moduleKey": "attendance",
        "usageType": "invalidType",
        "amount": 10,
        "error": "Invalid usage type: invalidType. Must be 
one of: employees, storage, apiCalls",
        "stack": "Error: Invalid usage type: invalidType. 
Must be one of: employees, storage, apiCalls\n    at 
UsageTracker.trackUsage (D:\\Work\\HR-SM\\server\\services\\
usageTracker.service.js:73:23)\n    at Object.trackUsage (D:
\\Work\\HR-SM\\server\\testing\\services\\usageTracker.servi
ce.test.js:111:47)\n    at Promise.finally.completed (D:\\Wo
rk\\HR-SM\\node_modules\\jest-circus\\build\\jestAdapterInit
.js:1557:28)\n    at new Promise (<anonymous>)\n    at 
callAsyncCircusFn (D:\\Work\\HR-SM\\node_modules\\jest-circu
s\\build\\jestAdapterInit.js:1497:10)\n    at 
_callCircusTest (D:\\Work\\HR-SM\\node_modules\\jest-circus\
\build\\jestAdapterInit.js:1007:40)\n    at 
processTicksAndRejections 
(node:internal/process/task_queues:105:5)\n    at _runTest (
D:\\Work\\HR-SM\\node_modules\\jest-circus\\build\\jestAdapt
erInit.js:947:3)\n    at D:\\Work\\HR-SM\\node_modules\\jest
-circus\\build\\jestAdapterInit.js:849:7\n    at 
_runTestsForDescribeBlock (D:\\Work\\HR-SM\\node_modules\\je
st-circus\\build\\jestAdapterInit.js:862:11)\n    at 
_runTestsForDescribeBlock (D:\\Work\\HR-SM\\node_modules\\je
st-circus\\build\\jestAdapterInit.js:857:11)\n    at 
_runTestsForDescribeBlock (D:\\Work\\HR-SM\\node_modules\\je
st-circus\\build\\jestAdapterInit.js:857:11)\n    at run (D:
\\Work\\HR-SM\\node_modules\\jest-circus\\build\\jestAdapter
Init.js:761:3)\n    at runAndTransformResultsToJestFormat (D
:\\Work\\HR-SM\\node_modules\\jest-circus\\build\\jestAdapte
rInit.js:1918:21)\n    at jestAdapter (D:\\Work\\HR-SM\\node
_modules\\jest-circus\\build\\runner.js:103:25)\n    at 
runTestInternal (D:\\Work\\HR-SM\\node_modules\\jest-runner\
\build\\testWorker.js:275:16)\n    at runTest (D:\\Work\\HR-
SM\\node_modules\\jest-runner\\build\\testWorker.js:343:7)\n
    at Object.worker (D:\\Work\\HR-SM\\node_modules\\jest-ru
nner\\build\\testWorker.js:497:12)"
      }

      at Console.write [as log] (node_modules/winston/lib/wi
nston/transports/console.js:87:23)

    console.log
      2025-12-22 13:29:30 [[31merror[39m]: Usage tracking 
error {
        "tenantId": "69492b9ae4ac378c87b2076d",
        "moduleKey": "attendance",
        "usageType": "employees",
        "amount": 0,
        "error": "Amount must be greater than 0",
        "stack": "Error: Amount must be greater than 0\n    
at UsageTracker.trackUsage (D:\\Work\\HR-SM\\server\\service
s\\usageTracker.service.js:67:23)\n    at Object.trackUsage 
(D:\\Work\\HR-SM\\server\\testing\\services\\usageTracker.se
rvice.test.js:124:47)\n    at Promise.finally.completed (D:\
\Work\\HR-SM\\node_modules\\jest-circus\\build\\jestAdapterI
nit.js:1557:28)\n    at new Promise (<anonymous>)\n    at 
callAsyncCircusFn (D:\\Work\\HR-SM\\node_modules\\jest-circu
s\\build\\jestAdapterInit.js:1497:10)\n    at 
_callCircusTest (D:\\Work\\HR-SM\\node_modules\\jest-circus\
\build\\jestAdapterInit.js:1007:40)\n    at 
processTicksAndRejections 
(node:internal/process/task_queues:105:5)\n    at _runTest (
D:\\Work\\HR-SM\\node_modules\\jest-circus\\build\\jestAdapt
erInit.js:947:3)\n    at D:\\Work\\HR-SM\\node_modules\\jest
-circus\\build\\jestAdapterInit.js:849:7\n    at 
_runTestsForDescribeBlock (D:\\Work\\HR-SM\\node_modules\\je
st-circus\\build\\jestAdapterInit.js:862:11)\n    at 
_runTestsForDescribeBlock (D:\\Work\\HR-SM\\node_modules\\je
st-circus\\build\\jestAdapterInit.js:857:11)\n    at 
_runTestsForDescribeBlock (D:\\Work\\HR-SM\\node_modules\\je
st-circus\\build\\jestAdapterInit.js:857:11)\n    at run (D:
\\Work\\HR-SM\\node_modules\\jest-circus\\build\\jestAdapter
Init.js:761:3)\n    at runAndTransformResultsToJestFormat (D
:\\Work\\HR-SM\\node_modules\\jest-circus\\build\\jestAdapte
rInit.js:1918:21)\n    at jestAdapter (D:\\Work\\HR-SM\\node
_modules\\jest-circus\\build\\runner.js:103:25)\n    at 
runTestInternal (D:\\Work\\HR-SM\\node_modules\\jest-runner\
\build\\testWorker.js:275:16)\n    at runTest (D:\\Work\\HR-
SM\\node_modules\\jest-runner\\build\\testWorker.js:343:7)\n
    at Object.worker (D:\\Work\\HR-SM\\node_modules\\jest-ru
nner\\build\\testWorker.js:497:12)"
      }

      at Console.write [as log] (node_modules/winston/lib/wi
nston/transports/console.js:87:23)

    console.log
      2025-12-22 13:29:30 [[31merror[39m]: Process usage 
immediate error {
        "tenantId": "69492b99e4ac378c87b2072a",
        "moduleKey": "attendance",
        "limitType": "employees",
        "amount": 5,
        "error": "No license found for tenant",
        "stack": "Error: No license found for tenant\n    
at UsageTracker._processUsageImmediate (D:\\Work\\HR-SM\\ser
ver\\services\\usageTracker.service.js:564:23)\n    at 
processTicksAndRejections 
(node:internal/process/task_queues:105:5)\n    at 
UsageTracker._processBatch (D:\\Work\\HR-SM\\server\\service
s\\usageTracker.service.js:502:21)\n    at 
UsageTracker.flushBatch (D:\\Work\\HR-SM\\server\\services\\
usageTracker.service.js:408:16)\n    at Object.<anonymous> (
D:\\Work\\HR-SM\\server\\testing\\services\\usageTracker.ser
vice.test.js:410:13)"
      }

      at Console.write [as log] (node_modules/winston/lib/wi
nston/transports/console.js:87:23)

    console.log
      2025-12-22 13:29:30 [[31merror[39m]: Batch item 
processing error {
        "key": 
"69492b99e4ac378c87b2072a:attendance:employees",
        "item": {
          "tenantId": "69492b99e4ac378c87b2072a",
          "moduleKey": "attendance",
          "limitType": "employees",
          "amount": 5,
          "timestamp": 1766402969382
        },
        "error": "No license found for tenant"
      }

      at Console.write [as log] (node_modules/winston/lib/wi
nston/transports/console.js:87:23)

    console.log
      2025-12-22 13:29:30 [[31merror[39m]: Process usage 
immediate error {
        "tenantId": "69492b9ae4ac378c87b20844",
        "moduleKey": "attendance",
        "limitType": "employees",
        "amount": 10,
        "error": "No license found for tenant",
        "stack": "Error: No license found for tenant\n    
at UsageTracker._processUsageImmediate (D:\\Work\\HR-SM\\ser
ver\\services\\usageTracker.service.js:564:23)\n    at 
processTicksAndRejections 
(node:internal/process/task_queues:105:5)\n    at 
UsageTracker._processBatch (D:\\Work\\HR-SM\\server\\service
s\\usageTracker.service.js:502:21)\n    at 
UsageTracker.flushBatch (D:\\Work\\HR-SM\\server\\services\\
usageTracker.service.js:408:16)\n    at Object.<anonymous> (
D:\\Work\\HR-SM\\server\\testing\\services\\usageTracker.ser
vice.test.js:454:28)"
      }

      at Console.write [as log] (node_modules/winston/lib/wi
nston/transports/console.js:87:23)

    console.log
      2025-12-22 13:29:30 [[31merror[39m]: Batch item 
processing error {
        "key": 
"69492b9ae4ac378c87b20844:attendance:employees",
        "item": {
          "tenantId": "69492b9ae4ac378c87b20844",
          "moduleKey": "attendance",
          "limitType": "employees",
          "amount": 10,
          "timestamp": 1766402970865
        },
        "error": "No license found for tenant"
      }

      at Console.write [as log] (node_modules/winston/lib/wi
nston/transports/console.js:87:23)

    console.log
      2025-12-22 13:29:31 [[31merror[39m]: Process usage 
immediate error {
        "tenantId": "69492b9ae4ac378c87b2084c",
        "moduleKey": "attendance",
        "limitType": "employees",
        "amount": 5,
        "error": "No license found for tenant",
        "stack": "Error: No license found for tenant\n    
at UsageTracker._processUsageImmediate (D:\\Work\\HR-SM\\ser
ver\\services\\usageTracker.service.js:564:23)\n    at 
processTicksAndRejections 
(node:internal/process/task_queues:105:5)\n    at 
UsageTracker._processBatch (D:\\Work\\HR-SM\\server\\service
s\\usageTracker.service.js:502:21)\n    at 
UsageTracker.flushBatch (D:\\Work\\HR-SM\\server\\services\\
usageTracker.service.js:408:16)\n    at Object.<anonymous> (
D:\\Work\\HR-SM\\server\\testing\\services\\usageTracker.ser
vice.test.js:566:13)"
      }

      at Console.write [as log] (node_modules/winston/lib/wi
nston/transports/console.js:87:23)

    console.log
      2025-12-22 13:29:31 [[31merror[39m]: Batch item 
processing error {
        "key": 
"69492b9ae4ac378c87b2084c:attendance:employees",
        "item": {
          "tenantId": "69492b9ae4ac378c87b2084c",
          "moduleKey": "attendance",
          "limitType": "employees",
          "amount": 5,
          "timestamp": 1766402970887
        },
        "error": "No license found for tenant"
      }

      at Console.write [as log] (node_modules/winston/lib/wi
nston/transports/console.js:87:23)

    console.log
      2025-12-22 13:29:31 [[31merror[39m]: Process usage 
immediate error {
        "tenantId": "69492b9ae4ac378c87b2084c",
        "moduleKey": "leave",
        "limitType": "storage",
        "amount": 1000,
        "error": "No license found for tenant",
        "stack": "Error: No license found for tenant\n    
at UsageTracker._processUsageImmediate (D:\\Work\\HR-SM\\ser
ver\\services\\usageTracker.service.js:564:23)\n    at 
processTicksAndRejections 
(node:internal/process/task_queues:105:5)\n    at 
UsageTracker._processBatch (D:\\Work\\HR-SM\\server\\service
s\\usageTracker.service.js:502:21)\n    at 
UsageTracker.flushBatch (D:\\Work\\HR-SM\\server\\services\\
usageTracker.service.js:408:16)\n    at Object.<anonymous> (
D:\\Work\\HR-SM\\server\\testing\\services\\usageTracker.ser
vice.test.js:566:13)"
      }

      at Console.write [as log] (node_modules/winston/lib/wi
nston/transports/console.js:87:23)

    console.log
      2025-12-22 13:29:31 [[31merror[39m]: Batch item 
processing error {
        "key": "69492b9ae4ac378c87b2084c:leave:storage",
        "item": {
          "tenantId": "69492b9ae4ac378c87b2084c",
          "moduleKey": "leave",
          "limitType": "storage",
          "amount": 1000,
          "timestamp": 1766402970887
        },
        "error": "No license found for tenant"
      }

      at Console.write [as log] (node_modules/winston/lib/wi
nston/transports/console.js:87:23)

PASS server/testing/migrations/001_add_tenant_id.test.js
PASS server/testing/services/logSearch.service.test.js
PASS server/testing/integration/licenseEnforcement.integrati
on.test.js
PASS server/testing/middleware/licenseValidation.middleware.
test.js
PASS server/testing/routes/sickLeave.routes.test.js
PASS server/testing/models/tenantModelStructure.test.js
  ΓùÅ Console

    console.log
      
      ΓÜá∩╕Å  Task has compound indexes not starting with 
tenantId:

      at log 
(server/testing/models/tenantModelStructure.test.js:249:29)
          at Array.forEach (<anonymous>)

    console.log
         - {"assignee":1,"status":1}

      at log 
(server/testing/models/tenantModelStructure.test.js:251:33)
          at Array.forEach (<anonymous>)
          at Array.forEach (<anonymous>)

    console.log
         - {"assigner":1,"status":1}

      at log 
(server/testing/models/tenantModelStructure.test.js:251:33)
          at Array.forEach (<anonymous>)
          at Array.forEach (<anonymous>)

    console.log
      
      ≡ƒôè Migration Status Report:

      at Object.log 
(server/testing/models/tenantModelStructure.test.js:300:21)

    console.log
      Γ£à Models with correct tenantId: 5

      at Object.log 
(server/testing/models/tenantModelStructure.test.js:301:21)

    console.log
      Γ¥î Models missing tenantId: 0

      at Object.log 
(server/testing/models/tenantModelStructure.test.js:302:21)

    console.log
      ΓÜá∩╕Å  Models with incorrect type: 0

      at Object.log 
(server/testing/models/tenantModelStructure.test.js:303:21)

PASS server/testing/routes/leave.routes.test.js
PASS server/testing/models/mixedVacation.model.test.js
PASS server/testing/models/announcement.model.test.js
PASS server/testing/routes/document.routes.test.js
PASS server/testing/routes/announcement.routes.test.js
PASS 
server/testing/services/logProcessingPipeline.simple.test.js
PASS server/testing/routes/securityAudit.routes.test.js
PASS server/testing/routes/holiday.routes.test.js
PASS server/testing/models/license.model.test.js
PASS server/testing/routes/payroll.routes.test.js
PASS 
server/testing/services/licenseWebSocket.service.test.js
PASS server/testing/controllers/logIngestion.controller.simp
le.test.js
PASS 
server/testing/config/marketingMetadata.property.test.js
PASS server/testing/models/event.model.test.js
PASS server/testing/routes/overtime.routes.test.js
PASS server/testing/routes/permission.routes.test.js
PASS server/testing/routes/department.routes.test.js
PASS server/testing/models/attendance.model.test.js
PASS server/testing/routes/backup.routes.test.js
PASS server/testing/routes/permissions.routes.test.js
PASS server/testing/models/report.model.test.js
PASS server/testing/routes/securitySettings.routes.test.js
PASS server/testing/models/reportConfig.model.test.js
PASS server/testing/routes/vacation.routes.test.js
PASS server/testing/integration/moduleConfigurationAPI.integ
ration.test.js
  ΓùÅ Console

    console.log
      Logging Module Service initialized

      at LoggingModuleService.log [as initialize] 
(server/services/loggingModule.service.js:74:21)

    console.log
      Configuration Change Handler initialized

      at ConfigurationChangeHandler.log [as initialize] (ser
ver/services/configurationChangeHandler.service.js:39:21)

    console.log
      Configuration Audit Service initialized

      at ConfigurationAuditService.log [as initialize] 
(server/services/configurationAudit.service.js:42:21)

    console.log
      Configuration reset for company 
test-integration-company by test-cleanup

      at ConfigurationChangeHandler.log [as 
handleModuleConfigReset] (server/services/configurationChang
eHandler.service.js:139:17)

    console.log
      Essential logging forced for company 
test-integration-company: Module disabled by administrator

      at ConfigurationChangeHandler.log [as 
handleEssentialLoggingForced] (server/services/configuration
ChangeHandler.service.js:201:17)

    console.log
      Configuration changes applied for company 
test-integration-company by test-admin

      at ConfigurationChangeHandler.log [as 
handleModuleConfigChange] (server/services/configurationChan
geHandler.service.js:97:21)

    console.log
      Configuration changes applied for company 
test-integration-company by test-admin

      at ConfigurationChangeHandler.log [as 
handleModuleConfigChange] (server/services/configurationChan
geHandler.service.js:97:21)

    console.log
      Configuration changes applied for company 
test-integration-company by test-admin

      at ConfigurationChangeHandler.log [as 
handleModuleConfigChange] (server/services/configurationChan
geHandler.service.js:97:21)

    console.log
      Configuration reset for company 
test-integration-company by test-cleanup

      at ConfigurationChangeHandler.log [as 
handleModuleConfigReset] (server/services/configurationChang
eHandler.service.js:139:17)

    console.log
      Configuration reset for company 
test-integration-company by test-cleanup

      at ConfigurationChangeHandler.log [as 
handleModuleConfigReset] (server/services/configurationChang
eHandler.service.js:139:17)

    console.log
      Configuration changes applied for company 
test-integration-company by test-admin

      at ConfigurationChangeHandler.log [as 
handleModuleConfigChange] (server/services/configurationChan
geHandler.service.js:97:21)

    console.log
      Configuration reset for company 
test-integration-company by test-admin

      at ConfigurationChangeHandler.log [as 
handleModuleConfigReset] (server/services/configurationChang
eHandler.service.js:139:17)

    console.log
      Configuration imported for company 
test-integration-company by test-admin

      at ConfigurationChangeHandler.log [as 
handleModuleConfigImport] (server/services/configurationChan
geHandler.service.js:170:17)

    console.log
      Configuration reset for company 
test-integration-company by test-cleanup

      at ConfigurationChangeHandler.log [as 
handleModuleConfigReset] (server/services/configurationChang
eHandler.service.js:139:17)

    console.log
      Configuration changes applied for company 
test-integration-company by test-admin

      at ConfigurationChangeHandler.log [as 
handleModuleConfigChange] (server/services/configurationChan
geHandler.service.js:97:21)

    console.log
      Configuration reset for company 
test-integration-company by test-cleanup

      at ConfigurationChangeHandler.log [as 
handleModuleConfigReset] (server/services/configurationChang
eHandler.service.js:139:17)

    console.log
      Configuration changes applied for company 
test-integration-company by test-admin

      at ConfigurationChangeHandler.log [as 
handleModuleConfigChange] (server/services/configurationChan
geHandler.service.js:97:21)

    console.log
      Essential logging forced for company 
test-integration-company: Module disabled by administrator

      at ConfigurationChangeHandler.log [as 
handleEssentialLoggingForced] (server/services/configuration
ChangeHandler.service.js:201:17)

    console.log
      Configuration changes applied for company 
test-integration-company by test-admin

      at ConfigurationChangeHandler.log [as 
handleModuleConfigChange] (server/services/configurationChan
geHandler.service.js:97:21)

    console.log
      Configuration reset for company 
test-integration-company by test-cleanup

      at ConfigurationChangeHandler.log [as 
handleModuleConfigReset] (server/services/configurationChang
eHandler.service.js:139:17)

    console.log
      Essential logging forced for company 
test-stats-company: Module disabled by administrator

      at ConfigurationChangeHandler.log [as 
handleEssentialLoggingForced] (server/services/configuration
ChangeHandler.service.js:201:17)

    console.log
      Configuration changes applied for company 
test-stats-company by test-admin

      at ConfigurationChangeHandler.log [as 
handleModuleConfigChange] (server/services/configurationChan
geHandler.service.js:97:21)

    console.log
      Configuration changes applied for company 
test-stats-company by test-admin

      at ConfigurationChangeHandler.log [as 
handleModuleConfigChange] (server/services/configurationChan
geHandler.service.js:97:21)

PASS server/testing/services/dependencyEnforcement.property.
test.js
PASS server/testing/models/licenseAudit.model.test.js
PASS server/testing/models/document.model.test.js
PASS server/testing/routes/notification.routes.test.js
PASS server/testing/models/role.model.test.js
PASS server/testing/routes/event.routes.test.js
PASS server/testing/core/dependencyResolver.test.js
PASS server/testing/task.test.js
PASS server/testing/models/position.model.test.js
PASS server/testing/platform/subscriptions/subscriptionServi
ce.test.js
PASS server/testing/routes/survey.routes.test.js
PASS server/testing/models/usageTracking.model.test.js
PASS 
server/testing/config/moduleRegistration.property.test.js
PASS server/testing/config/commercialModuleRegistry.test.js 
(5.028 s)
  ΓùÅ Console

    console.warn
      Module dependency warnings: [
        {
          type: 'ORPHANED_MODULE',
          message: 'Module payroll has no dependents',
          module: 'payroll'
        },
        {
          type: 'ORPHANED_MODULE',
          message: 'Module documents has no dependents',
          module: 'documents'
        },
        {
          type: 'ORPHANED_MODULE',
          message: 'Module communication has no dependents',
          module: 'communication'
        },
        {
          type: 'ORPHANED_MODULE',
          message: 'Module tasks has no dependents',
          module: 'tasks'
        }
      ]

    [0m [90m 535 |[39m         [90m// Log warnings but 
don't fail[39m
     [90m 536 |[39m         [36mif[39m 
(graphValidation[33m.[39mwarnings[33m.[39mlength 
[33m>[39m [35m0[39m) {
    [31m[1m>[22m[39m[90m 537 |[39m             
console[33m.[39mwarn([32m'Module dependency 
warnings:'[39m[33m,[39m 
graphValidation[33m.[39mwarnings)[33m;[39m
     [90m     |[39m                     
[31m[1m^[22m[39m
     [90m 538 |[39m         }
     [90m 539 |[39m     } [36mcatch[39m (error) {
     [90m 540 |[39m         
console[33m.[39merror([32m'Failed to validate dependency 
graph:'[39m[33m,[39m error)[33m;[39m[0m

      at warn 
(server/config/commercialModuleRegistry.js:537:21)
      at Object.<anonymous> (server/testing/config/commercia
lModuleRegistry.test.js:16:28)

    console.warn
      Module dependency warnings: [
        {
          type: 'ORPHANED_MODULE',
          message: 'Module payroll has no dependents',
          module: 'payroll'
        },
        {
          type: 'ORPHANED_MODULE',
          message: 'Module documents has no dependents',
          module: 'documents'
        },
        {
          type: 'ORPHANED_MODULE',
          message: 'Module communication has no dependents',
          module: 'communication'
        },
        {
          type: 'ORPHANED_MODULE',
          message: 'Module tasks has no dependents',
          module: 'tasks'
        }
      ]

    [0m [90m 535 |[39m         [90m// Log warnings but 
don't fail[39m
     [90m 536 |[39m         [36mif[39m 
(graphValidation[33m.[39mwarnings[33m.[39mlength 
[33m>[39m [35m0[39m) {
    [31m[1m>[22m[39m[90m 537 |[39m             
console[33m.[39mwarn([32m'Module dependency 
warnings:'[39m[33m,[39m 
graphValidation[33m.[39mwarnings)[33m;[39m
     [90m     |[39m                     
[31m[1m^[22m[39m
     [90m 538 |[39m         }
     [90m 539 |[39m     } [36mcatch[39m (error) {
     [90m 540 |[39m         
console[33m.[39merror([32m'Failed to validate dependency 
graph:'[39m[33m,[39m error)[33m;[39m[0m

      at warn 
(server/config/commercialModuleRegistry.js:537:21)
      at Object.<anonymous> (server/testing/config/commercia
lModuleRegistry.test.js:22:13)

PASS server/testing/config/moduleConfig.test.js (5.079 s)
PASS server/testing/services/loggingModule.service.test.js
PASS server/testing/routes/mixedVacation.routes.test.js
PASS server/testing/core/moduleGuard.test.js
  ΓùÅ Console

    console.log
      2025-12-22 13:30:07 [[31merror[39m]: Module guard: 
Module not found in registry: non-existent-module

      at Console.write [as log] (node_modules/winston/lib/wi
nston/transports/console.js:87:23)

PASS server/testing/routes/resignedEmployee.routes.test.js
PASS 
server/testing/integration/loggingModuleIntegration.test.js
  ΓùÅ Console

    console.log
      Initializing Logging Module System...

      at LoggingModuleInitializer.log [as initialize] 
(server/services/loggingModuleInitializer.service.js:34:21)

    console.log
      Logging Module Service initialized

      at LoggingModuleService.log [as initialize] 
(server/services/loggingModule.service.js:74:21)

    console.log
      Configuration Change Handler initialized

      at ConfigurationChangeHandler.log [as initialize] (ser
ver/services/configurationChangeHandler.service.js:39:21)

    console.log
      Configuration Audit Service initialized

      at ConfigurationAuditService.log [as initialize] 
(server/services/configurationAudit.service.js:42:21)

    console.log
      Logging Module System initialized successfully

      at LoggingModuleInitializer.log [as initialize] 
(server/services/loggingModuleInitializer.service.js:45:21)

    console.log
      Module configuration changed for company 
integration-test-company by admin@integration.test

      at LoggingModuleService.log 
(server/services/loggingModuleInitializer.service.js:71:21)

    console.log
      Configuration changes applied for company 
integration-test-company by admin@integration.test

      at ConfigurationChangeHandler.log [as 
handleModuleConfigChange] (server/services/configurationChan
geHandler.service.js:97:21)

    console.log
      Shutting down Logging Module System...

      at LoggingModuleInitializer.log [as shutdown] 
(server/services/loggingModuleInitializer.service.js:107:21)

    console.log
      Logging Module System shutdown complete

      at LoggingModuleInitializer.log [as shutdown] 
(server/services/loggingModuleInitializer.service.js:117:21)

PASS server/testing/routes/documentTemplate.routes.test.js
PASS server/testing/services/optionalIntegrationGracefulDegr
adation.property.test.js
PASS server/testing/routes/user.routes.test.js
PASS server/testing/models/holiday.model.test.js
PASS server/testing/config/licenseFileSchema.test.js
PASS 
server/testing/integration/logStorageIntegration.test.js
  ΓùÅ Console

    console.log
      2025-12-22 13:30:13 [integration-test-tenant] 
[[31merror[39m]: Test error log

      at Console.write [as log] (node_modules/winston/lib/wi
nston/transports/console.js:87:23)

    console.log
      Logging Module Service initialized

      at LoggingModuleService.log [as initialize] 
(server/services/loggingModule.service.js:74:21)

PASS server/testing/routes/position.routes.test.js
PASS server/testing/models/department.model.test.js
PASS server/testing/routes/analytics.routes.test.js
PASS server/testing/services/attackPatternAnalysis.service.t
est.js
  ΓùÅ Console

    console.log
      2025-12-22 13:30:15 [PLATFORM] [[31merror[39m]: 
Brute Force Attack: brute_force_volume {
        "platform": true,
        "ipAddress": "192.168.1.100",
        "failedAttempts": 10,
        "timeWindow": 900000,
        "uniqueUsernames": 1,
        "attackDuration": 9000,
        "violationType": "brute_force_volume",
        "severity": "critical",
        "description": "High volume brute force attack 
detected",
        "forensicData": {
          "recentAttempts": [
            {
              "timestamp": 1766403015167,
              "username": "admin",
              "password": "cGFzc3dvcm",
              "success": false,
              "userAgent": "Mozilla/5.0",
              "sessionId": "session123",
              "tenantId": "tenant1"
            },
            {
              "timestamp": 1766403016167,
              "username": "admin",
              "password": "cGFzc3dvcm",
              "success": false,
              "userAgent": "Mozilla/5.0",
              "sessionId": "session123",
              "tenantId": "tenant1"
            },
            {
              "timestamp": 1766403017167,
              "username": "admin",
              "password": "cGFzc3dvcm",
              "success": false,
              "userAgent": "Mozilla/5.0",
              "sessionId": "session123",
              "tenantId": "tenant1"
            },
            {
              "timestamp": 1766403018167,
              "username": "admin",
              "password": "cGFzc3dvcm",
              "success": false,
              "userAgent": "Mozilla/5.0",
              "sessionId": "session123",
              "tenantId": "tenant1"
            },
            {
              "timestamp": 1766403019167,
              "username": "admin",
              "password": "cGFzc3dvcm",
              "success": false,
              "userAgent": "Mozilla/5.0",
              "sessionId": "session123",
              "tenantId": "tenant1"
            },
            {
              "timestamp": 1766403020167,
              "username": "admin",
              "password": "cGFzc3dvcm",
              "success": false,
              "userAgent": "Mozilla/5.0",
              "sessionId": "session123",
              "tenantId": "tenant1"
            },
            {
              "timestamp": 1766403021167,
              "username": "admin",
              "password": "cGFzc3dvcm",
              "success": false,
              "userAgent": "Mozilla/5.0",
              "sessionId": "session123",
              "tenantId": "tenant1"
            },
            {
              "timestamp": 1766403022167,
              "username": "admin",
              "password": "cGFzc3dvcm",
              "success": false,
              "userAgent": "Mozilla/5.0",
              "sessionId": "session123",
              "tenantId": "tenant1"
            },
            {
              "timestamp": 1766403023167,
              "username": "admin",
              "password": "cGFzc3dvcm",
              "success": false,
              "userAgent": "Mozilla/5.0",
              "sessionId": "session123",
              "tenantId": "tenant1"
            },
            {
              "timestamp": 1766403024167,
              "username": "admin",
              "password": "cGFzc3dvcm",
              "success": false,
              "userAgent": "Mozilla/5.0",
              "sessionId": "session123",
              "tenantId": "tenant1"
            }
          ],
          "attackSignature": {
            "attemptCount": 10,
            "timeSpan": 9000,
            "uniqueUsernames": 1,
            "userAgentVariations": 1,
            "successRate": 0
          },
          "threatLevel": "medium"
        }
      }

      at Console.write [as log] (node_modules/winston/lib/wi
nston/transports/console.js:87:23)
          at Array.forEach (<anonymous>)

    console.log
      2025-12-22 13:30:15 [PLATFORM] [[31merror[39m]: 
Brute Force Attack: brute_force_multi_target {
        "platform": true,
        "ipAddress": "192.168.1.100",
        "targetedUsernames": 3,
        "totalAttempts": 3,
        "usernames": [
          "admin",
          "user1",
          "user2"
        ],
        "violationType": "brute_force_multi_target",
        "severity": "high",
        "description": "Brute force attack targeting 
multiple usernames",
        "forensicData": {
          "recentAttempts": [
            {
              "timestamp": 1766403015216,
              "username": "admin",
              "password": "cGFzc3dvcm",
              "success": false,
              "userAgent": "Mozilla/5.0",
              "sessionId": "session123",
              "tenantId": "tenant1"
            },
            {
              "timestamp": 1766403016216,
              "username": "user1",
              "password": "cGFzc3dvcm",
              "success": false,
              "userAgent": "Mozilla/5.0",
              "sessionId": "session123",
              "tenantId": "tenant1"
            },
            {
              "timestamp": 1766403017216,
              "username": "user2",
              "password": "cGFzc3dvcm",
              "success": false,
              "userAgent": "Mozilla/5.0",
              "sessionId": "session123",
              "tenantId": "tenant1"
            }
          ],
          "attackSignature": {
            "attemptCount": 3,
            "timeSpan": 2000,
            "uniqueUsernames": 3,
            "userAgentVariations": 1,
            "successRate": 0
          },
          "threatLevel": "medium"
        }
      }

      at Console.write [as log] (node_modules/winston/lib/wi
nston/transports/console.js:87:23)
          at Array.forEach (<anonymous>)
          at Array.forEach (<anonymous>)

    console.log
      2025-12-22 13:30:15 [PLATFORM] [[31merror[39m]: 
Brute Force Attack: brute_force_multi_target {
        "platform": true,
        "ipAddress": "192.168.1.100",
        "targetedUsernames": 4,
        "totalAttempts": 4,
        "usernames": [
          "admin",
          "user1",
          "user2",
          "user3"
        ],
        "violationType": "brute_force_multi_target",
        "severity": "high",
        "description": "Brute force attack targeting 
multiple usernames",
        "forensicData": {
          "recentAttempts": [
            {
              "timestamp": 1766403015216,
              "username": "admin",
              "password": "cGFzc3dvcm",
              "success": false,
              "userAgent": "Mozilla/5.0",
              "sessionId": "session123",
              "tenantId": "tenant1"
            },
            {
              "timestamp": 1766403016216,
              "username": "user1",
              "password": "cGFzc3dvcm",
              "success": false,
              "userAgent": "Mozilla/5.0",
              "sessionId": "session123",
              "tenantId": "tenant1"
            },
            {
              "timestamp": 1766403017216,
              "username": "user2",
              "password": "cGFzc3dvcm",
              "success": false,
              "userAgent": "Mozilla/5.0",
              "sessionId": "session123",
              "tenantId": "tenant1"
            },
            {
              "timestamp": 1766403018218,
              "username": "user3",
              "password": "cGFzc3dvcm",
              "success": false,
              "userAgent": "Mozilla/5.0",
              "sessionId": "session123",
              "tenantId": "tenant1"
            }
          ],
          "attackSignature": {
            "attemptCount": 4,
            "timeSpan": 3002,
            "uniqueUsernames": 4,
            "userAgentVariations": 1,
            "successRate": 0
          },
          "threatLevel": "medium"
        }
      }

      at Console.write [as log] (node_modules/winston/lib/wi
nston/transports/console.js:87:23)
          at Array.forEach (<anonymous>)
          at Array.forEach (<anonymous>)

    console.log
      2025-12-22 13:30:15 [PLATFORM] [[31merror[39m]: 
Brute Force Attack: brute_force_multi_target {
        "platform": true,
        "ipAddress": "192.168.1.100",
        "targetedUsernames": 5,
        "totalAttempts": 5,
        "usernames": [
          "admin",
          "user1",
          "user2",
          "user3",
          "user4"
        ],
        "violationType": "brute_force_multi_target",
        "severity": "high",
        "description": "Brute force attack targeting 
multiple usernames",
        "forensicData": {
          "recentAttempts": [
            {
              "timestamp": 1766403015216,
              "username": "admin",
              "password": "cGFzc3dvcm",
              "success": false,
              "userAgent": "Mozilla/5.0",
              "sessionId": "session123",
              "tenantId": "tenant1"
            },
            {
              "timestamp": 1766403016216,
              "username": "user1",
              "password": "cGFzc3dvcm",
              "success": false,
              "userAgent": "Mozilla/5.0",
              "sessionId": "session123",
              "tenantId": "tenant1"
            },
            {
              "timestamp": 1766403017216,
              "username": "user2",
              "password": "cGFzc3dvcm",
              "success": false,
              "userAgent": "Mozilla/5.0",
              "sessionId": "session123",
              "tenantId": "tenant1"
            },
            {
              "timestamp": 1766403018218,
              "username": "user3",
              "password": "cGFzc3dvcm",
              "success": false,
              "userAgent": "Mozilla/5.0",
              "sessionId": "session123",
              "tenantId": "tenant1"
            },
            {
              "timestamp": 1766403019220,
              "username": "user4",
              "password": "cGFzc3dvcm",
              "success": false,
              "userAgent": "Mozilla/5.0",
              "sessionId": "session123",
              "tenantId": "tenant1"
            }
          ],
          "attackSignature": {
            "attemptCount": 5,
            "timeSpan": 4004,
            "uniqueUsernames": 5,
            "userAgentVariations": 1,
            "successRate": 0
          },
          "threatLevel": "medium"
        }
      }

      at Console.write [as log] (node_modules/winston/lib/wi
nston/transports/console.js:87:23)
          at Array.forEach (<anonymous>)
          at Array.forEach (<anonymous>)

    console.log
      2025-12-22 13:30:15 [PLATFORM] [[31merror[39m]: 
Brute Force Attack: brute_force_volume {
        "platform": true,
        "ipAddress": "192.168.1.100",
        "failedAttempts": 10,
        "timeWindow": 900000,
        "uniqueUsernames": 1,
        "attackDuration": 9000,
        "violationType": "brute_force_volume",
        "severity": "critical",
        "description": "High volume brute force attack 
detected",
        "forensicData": {
          "recentAttempts": [
            {
              "timestamp": 1766403015223,
              "username": "admin",
              "password": "cGFzc3dvcm",
              "success": false,
              "userAgent": "Mozilla/5.0",
              "sessionId": "session123",
              "tenantId": "tenant1"
            },
            {
              "timestamp": 1766403016223,
              "username": "admin",
              "password": "cGFzc3dvcm",
              "success": false,
              "userAgent": "Mozilla/5.0",
              "sessionId": "session123",
              "tenantId": "tenant1"
            },
            {
              "timestamp": 1766403017223,
              "username": "admin",
              "password": "cGFzc3dvcm",
              "success": false,
              "userAgent": "Mozilla/5.0",
              "sessionId": "session123",
              "tenantId": "tenant1"
            },
            {
              "timestamp": 1766403018223,
              "username": "admin",
              "password": "cGFzc3dvcm",
              "success": false,
              "userAgent": "Mozilla/5.0",
              "sessionId": "session123",
              "tenantId": "tenant1"
            },
            {
              "timestamp": 1766403019223,
              "username": "admin",
              "password": "cGFzc3dvcm",
              "success": false,
              "userAgent": "Mozilla/5.0",
              "sessionId": "session123",
              "tenantId": "tenant1"
            },
            {
              "timestamp": 1766403020223,
              "username": "admin",
              "password": "cGFzc3dvcm",
              "success": false,
              "userAgent": "Mozilla/5.0",
              "sessionId": "session123",
              "tenantId": "tenant1"
            },
            {
              "timestamp": 1766403021223,
              "username": "admin",
              "password": "cGFzc3dvcm",
              "success": false,
              "userAgent": "Mozilla/5.0",
              "sessionId": "session123",
              "tenantId": "tenant1"
            },
            {
              "timestamp": 1766403022223,
              "username": "admin",
              "password": "cGFzc3dvcm",
              "success": false,
              "userAgent": "Mozilla/5.0",
              "sessionId": "session123",
              "tenantId": "tenant1"
            },
            {
              "timestamp": 1766403023223,
              "username": "admin",
              "password": "cGFzc3dvcm",
              "success": false,
              "userAgent": "Mozilla/5.0",
              "sessionId": "session123",
              "tenantId": "tenant1"
            },
            {
              "timestamp": 1766403024223,
              "username": "admin",
              "password": "cGFzc3dvcm",
              "success": false,
              "userAgent": "Mozilla/5.0",
              "sessionId": "session123",
              "tenantId": "tenant1"
            }
          ],
          "attackSignature": {
            "attemptCount": 10,
            "timeSpan": 9000,
            "uniqueUsernames": 1,
            "userAgentVariations": 1,
            "successRate": 0
          },
          "threatLevel": "medium"
        }
      }

      at Console.write [as log] (node_modules/winston/lib/wi
nston/transports/console.js:87:23)
          at Array.forEach (<anonymous>)

    console.log
      2025-12-22 13:30:15 [PLATFORM] [[31merror[39m]: 
Credential Stuffing Attack: credential_stuffing_breach_data 
{
        "platform": true,
        "ipAddress": "192.168.1.200",
        "uniqueCredentialPairs": 20,
        "uniqueUsernames": 20,
        "successRate": 0.05,
        "potentialBreachSource": "small_breach_or_targeted",
        "violationType": "credential_stuffing_breach_data",
        "severity": "high",
        "description": "Credential stuffing using breach 
data detected",
        "forensicData": {
          "recentAttempts": [
            {
              "timestamp": 1766403015237,
              "username": "user0",
              "credentialPair": "user0:cGFzczA=",
              "success": true,
              "userAgent": "Mozilla/5.0",
              "sessionId": "session456",
              "tenantId": "tenant1"
            },
            {
              "timestamp": 1766403016237,
              "username": "user1",
              "credentialPair": "user1:cGFzczE=",
              "success": false,
              "userAgent": "Mozilla/5.0",
              "sessionId": "session456",
              "tenantId": "tenant1"
            },
            {
              "timestamp": 1766403017237,
              "username": "user2",
              "credentialPair": "user2:cGFzczI=",
              "success": false,
              "userAgent": "Mozilla/5.0",
              "sessionId": "session456",
              "tenantId": "tenant1"
            },
            {
              "timestamp": 1766403018237,
              "username": "user3",
              "credentialPair": "user3:cGFzczM=",
              "success": false,
              "userAgent": "Mozilla/5.0",
              "sessionId": "session456",
              "tenantId": "tenant1"
            },
            {
              "timestamp": 1766403019237,
              "username": "user4",
              "credentialPair": "user4:cGFzczQ=",
              "success": false,
              "userAgent": "Mozilla/5.0",
              "sessionId": "session456",
              "tenantId": "tenant1"
            },
            {
              "timestamp": 1766403020238,
              "username": "user5",
              "credentialPair": "user5:cGFzczU=",
              "success": false,
              "userAgent": "Mozilla/5.0",
              "sessionId": "session456",
              "tenantId": "tenant1"
            },
            {
              "timestamp": 1766403021238,
              "username": "user6",
              "credentialPair": "user6:cGFzczY=",
              "success": false,
              "userAgent": "Mozilla/5.0",
              "sessionId": "session456",
              "tenantId": "tenant1"
            },
            {
              "timestamp": 1766403022238,
              "username": "user7",
              "credentialPair": "user7:cGFzczc=",
              "success": false,
              "userAgent": "Mozilla/5.0",
              "sessionId": "session456",
              "tenantId": "tenant1"
            },
            {
              "timestamp": 1766403023238,
              "username": "user8",
              "credentialPair": "user8:cGFzczg=",
              "success": false,
              "userAgent": "Mozilla/5.0",
              "sessionId": "session456",
              "tenantId": "tenant1"
            },
            {
              "timestamp": 1766403024238,
              "username": "user9",
              "credentialPair": "user9:cGFzczk=",
              "success": false,
              "userAgent": "Mozilla/5.0",
              "sessionId": "session456",
              "tenantId": "tenant1"
            },
            {
              "timestamp": 1766403025238,
              "username": "user10",
              "credentialPair": "user10:cGFzczEw",
              "success": false,
              "userAgent": "Mozilla/5.0",
              "sessionId": "session456",
              "tenantId": "tenant1"
            },
            {
              "timestamp": 1766403026238,
              "username": "user11",
              "credentialPair": "user11:cGFzczEx",
              "success": false,
              "userAgent": "Mozilla/5.0",
              "sessionId": "session456",
              "tenantId": "tenant1"
            },
            {
              "timestamp": 1766403027238,
              "username": "user12",
              "credentialPair": "user12:cGFzczEy",
              "success": false,
              "userAgent": "Mozilla/5.0",
              "sessionId": "session456",
              "tenantId": "tenant1"
            },
            {
              "timestamp": 1766403028238,
              "username": "user13",
              "credentialPair": "user13:cGFzczEz",
              "success": false,
              "userAgent": "Mozilla/5.0",
              "sessionId": "session456",
              "tenantId": "tenant1"
            },
            {
              "timestamp": 1766403029238,
              "username": "user14",
              "credentialPair": "user14:cGFzczE0",
              "success": false,
              "userAgent": "Mozilla/5.0",
              "sessionId": "session456",
              "tenantId": "tenant1"
            },
            {
              "timestamp": 1766403030238,
              "username": "user15",
              "credentialPair": "user15:cGFzczE1",
              "success": false,
              "userAgent": "Mozilla/5.0",
              "sessionId": "session456",
              "tenantId": "tenant1"
            },
            {
              "timestamp": 1766403031238,
              "username": "user16",
              "credentialPair": "user16:cGFzczE2",
              "success": false,
              "userAgent": "Mozilla/5.0",
              "sessionId": "session456",
              "tenantId": "tenant1"
            },
            {
              "timestamp": 1766403032238,
              "username": "user17",
              "credentialPair": "user17:cGFzczE3",
              "success": false,
              "userAgent": "Mozilla/5.0",
              "sessionId": "session456",
              "tenantId": "tenant1"
            },
            {
              "timestamp": 1766403033238,
              "username": "user18",
              "credentialPair": "user18:cGFzczE4",
              "success": false,
              "userAgent": "Mozilla/5.0",
              "sessionId": "session456",
              "tenantId": "tenant1"
            },
            {
              "timestamp": 1766403034238,
              "username": "user19",
              "credentialPair": "user19:cGFzczE5",
              "success": false,
              "userAgent": "Mozilla/5.0",
              "sessionId": "session456",
              "tenantId": "tenant1"
            }
          ],
          "credentialAnalysis": {
            "totalPairs": 20,
            "estimatedSource": "small_breach_or_targeted",
            "patternType": "manual"
          },
          "attackVector": "credential_stuffing"
        }
      }

      at Console.write [as log] (node_modules/winston/lib/wi
nston/transports/console.js:87:23)
          at Array.forEach (<anonymous>)

    console.log
      2025-12-22 13:30:15 [PLATFORM] [[31merror[39m]: 
Credential Stuffing Attack: credential_stuffing_breach_data 
{
        "platform": true,
        "ipAddress": "192.168.1.200",
        "uniqueCredentialPairs": 21,
        "uniqueUsernames": 21,
        "successRate": 0.047619047619047616,
        "potentialBreachSource": "small_breach_or_targeted",
        "violationType": "credential_stuffing_breach_data",
        "severity": "high",
        "description": "Credential stuffing using breach 
data detected",
        "forensicData": {
          "recentAttempts": [
            {
              "timestamp": 1766403015237,
              "username": "user0",
              "credentialPair": "user0:cGFzczA=",
              "success": true,
              "userAgent": "Mozilla/5.0",
              "sessionId": "session456",
              "tenantId": "tenant1"
            },
            {
              "timestamp": 1766403016237,
              "username": "user1",
              "credentialPair": "user1:cGFzczE=",
              "success": false,
              "userAgent": "Mozilla/5.0",
              "sessionId": "session456",
              "tenantId": "tenant1"
            },
            {
              "timestamp": 1766403017237,
              "username": "user2",
              "credentialPair": "user2:cGFzczI=",
              "success": false,
              "userAgent": "Mozilla/5.0",
              "sessionId": "session456",
              "tenantId": "tenant1"
            },
            {
              "timestamp": 1766403018237,
              "username": "user3",
              "credentialPair": "user3:cGFzczM=",
              "success": false,
              "userAgent": "Mozilla/5.0",
              "sessionId": "session456",
              "tenantId": "tenant1"
            },
            {
              "timestamp": 1766403019237,
              "username": "user4",
              "credentialPair": "user4:cGFzczQ=",
              "success": false,
              "userAgent": "Mozilla/5.0",
              "sessionId": "session456",
              "tenantId": "tenant1"
            },
            {
              "timestamp": 1766403020238,
              "username": "user5",
              "credentialPair": "user5:cGFzczU=",
              "success": false,
              "userAgent": "Mozilla/5.0",
              "sessionId": "session456",
              "tenantId": "tenant1"
            },
            {
              "timestamp": 1766403021238,
              "username": "user6",
              "credentialPair": "user6:cGFzczY=",
              "success": false,
              "userAgent": "Mozilla/5.0",
              "sessionId": "session456",
              "tenantId": "tenant1"
            },
            {
              "timestamp": 1766403022238,
              "username": "user7",
              "credentialPair": "user7:cGFzczc=",
              "success": false,
              "userAgent": "Mozilla/5.0",
              "sessionId": "session456",
              "tenantId": "tenant1"
            },
            {
              "timestamp": 1766403023238,
              "username": "user8",
              "credentialPair": "user8:cGFzczg=",
              "success": false,
              "userAgent": "Mozilla/5.0",
              "sessionId": "session456",
              "tenantId": "tenant1"
            },
            {
              "timestamp": 1766403024238,
              "username": "user9",
              "credentialPair": "user9:cGFzczk=",
              "success": false,
              "userAgent": "Mozilla/5.0",
              "sessionId": "session456",
              "tenantId": "tenant1"
            },
            {
              "timestamp": 1766403025238,
              "username": "user10",
              "credentialPair": "user10:cGFzczEw",
              "success": false,
              "userAgent": "Mozilla/5.0",
              "sessionId": "session456",
              "tenantId": "tenant1"
            },
            {
              "timestamp": 1766403026238,
              "username": "user11",
              "credentialPair": "user11:cGFzczEx",
              "success": false,
              "userAgent": "Mozilla/5.0",
              "sessionId": "session456",
              "tenantId": "tenant1"
            },
            {
              "timestamp": 1766403027238,
              "username": "user12",
              "credentialPair": "user12:cGFzczEy",
              "success": false,
              "userAgent": "Mozilla/5.0",
              "sessionId": "session456",
              "tenantId": "tenant1"
            },
            {
              "timestamp": 1766403028238,
              "username": "user13",
              "credentialPair": "user13:cGFzczEz",
              "success": false,
              "userAgent": "Mozilla/5.0",
              "sessionId": "session456",
              "tenantId": "tenant1"
            },
            {
              "timestamp": 1766403029238,
              "username": "user14",
              "credentialPair": "user14:cGFzczE0",
              "success": false,
              "userAgent": "Mozilla/5.0",
              "sessionId": "session456",
              "tenantId": "tenant1"
            },
            {
              "timestamp": 1766403030238,
              "username": "user15",
              "credentialPair": "user15:cGFzczE1",
              "success": false,
              "userAgent": "Mozilla/5.0",
              "sessionId": "session456",
              "tenantId": "tenant1"
            },
            {
              "timestamp": 1766403031238,
              "username": "user16",
              "credentialPair": "user16:cGFzczE2",
              "success": false,
              "userAgent": "Mozilla/5.0",
              "sessionId": "session456",
              "tenantId": "tenant1"
            },
            {
              "timestamp": 1766403032238,
              "username": "user17",
              "credentialPair": "user17:cGFzczE3",
              "success": false,
              "userAgent": "Mozilla/5.0",
              "sessionId": "session456",
              "tenantId": "tenant1"
            },
            {
              "timestamp": 1766403033238,
              "username": "user18",
              "credentialPair": "user18:cGFzczE4",
              "success": false,
              "userAgent": "Mozilla/5.0",
              "sessionId": "session456",
              "tenantId": "tenant1"
            },
            {
              "timestamp": 1766403034238,
              "username": "user19",
              "credentialPair": "user19:cGFzczE5",
              "success": false,
              "userAgent": "Mozilla/5.0",
              "sessionId": "session456",
              "tenantId": "tenant1"
            },
            {
              "timestamp": 1766403035240,
              "username": "user20",
              "credentialPair": "user20:cGFzczIw",
              "success": false,
              "userAgent": "Mozilla/5.0",
              "sessionId": "session456",
              "tenantId": "tenant1"
            }
          ],
          "credentialAnalysis": {
            "totalPairs": 21,
            "estimatedSource": "small_breach_or_targeted",
            "patternType": "manual"
          },
          "attackVector": "credential_stuffing"
        }
      }

      at Console.write [as log] (node_modules/winston/lib/wi
nston/transports/console.js:87:23)
          at Array.forEach (<anonymous>)

    console.log
      2025-12-22 13:30:15 [PLATFORM] [[31merror[39m]: 
Credential Stuffing Attack: credential_stuffing_breach_data 
{
        "platform": true,
        "ipAddress": "192.168.1.200",
        "uniqueCredentialPairs": 22,
        "uniqueUsernames": 22,
        "successRate": 0.045454545454545456,
        "potentialBreachSource": "small_breach_or_targeted",
        "violationType": "credential_stuffing_breach_data",
        "severity": "high",
        "description": "Credential stuffing using breach 
data detected",
        "forensicData": {
          "recentAttempts": [
            {
              "timestamp": 1766403015237,
              "username": "user0",
              "credentialPair": "user0:cGFzczA=",
              "success": true,
              "userAgent": "Mozilla/5.0",
              "sessionId": "session456",
              "tenantId": "tenant1"
            },
            {
              "timestamp": 1766403016237,
              "username": "user1",
              "credentialPair": "user1:cGFzczE=",
              "success": false,
              "userAgent": "Mozilla/5.0",
              "sessionId": "session456",
              "tenantId": "tenant1"
            },
            {
              "timestamp": 1766403017237,
              "username": "user2",
              "credentialPair": "user2:cGFzczI=",
              "success": false,
              "userAgent": "Mozilla/5.0",
              "sessionId": "session456",
              "tenantId": "tenant1"
            },
            {
              "timestamp": 1766403018237,
              "username": "user3",
              "credentialPair": "user3:cGFzczM=",
              "success": false,
              "userAgent": "Mozilla/5.0",
              "sessionId": "session456",
              "tenantId": "tenant1"
            },
            {
              "timestamp": 1766403019237,
              "username": "user4",
              "credentialPair": "user4:cGFzczQ=",
              "success": false,
              "userAgent": "Mozilla/5.0",
              "sessionId": "session456",
              "tenantId": "tenant1"
            },
            {
              "timestamp": 1766403020238,
              "username": "user5",
              "credentialPair": "user5:cGFzczU=",
              "success": false,
              "userAgent": "Mozilla/5.0",
              "sessionId": "session456",
              "tenantId": "tenant1"
            },
            {
              "timestamp": 1766403021238,
              "username": "user6",
              "credentialPair": "user6:cGFzczY=",
              "success": false,
              "userAgent": "Mozilla/5.0",
              "sessionId": "session456",
              "tenantId": "tenant1"
            },
            {
              "timestamp": 1766403022238,
              "username": "user7",
              "credentialPair": "user7:cGFzczc=",
              "success": false,
              "userAgent": "Mozilla/5.0",
              "sessionId": "session456",
              "tenantId": "tenant1"
            },
            {
              "timestamp": 1766403023238,
              "username": "user8",
              "credentialPair": "user8:cGFzczg=",
              "success": false,
              "userAgent": "Mozilla/5.0",
              "sessionId": "session456",
              "tenantId": "tenant1"
            },
            {
              "timestamp": 1766403024238,
              "username": "user9",
              "credentialPair": "user9:cGFzczk=",
              "success": false,
              "userAgent": "Mozilla/5.0",
              "sessionId": "session456",
              "tenantId": "tenant1"
            },
            {
              "timestamp": 1766403025238,
              "username": "user10",
              "credentialPair": "user10:cGFzczEw",
              "success": false,
              "userAgent": "Mozilla/5.0",
              "sessionId": "session456",
              "tenantId": "tenant1"
            },
            {
              "timestamp": 1766403026238,
              "username": "user11",
              "credentialPair": "user11:cGFzczEx",
              "success": false,
              "userAgent": "Mozilla/5.0",
              "sessionId": "session456",
              "tenantId": "tenant1"
            },
            {
              "timestamp": 1766403027238,
              "username": "user12",
              "credentialPair": "user12:cGFzczEy",
              "success": false,
              "userAgent": "Mozilla/5.0",
              "sessionId": "session456",
              "tenantId": "tenant1"
            },
            {
              "timestamp": 1766403028238,
              "username": "user13",
              "credentialPair": "user13:cGFzczEz",
              "success": false,
              "userAgent": "Mozilla/5.0",
              "sessionId": "session456",
              "tenantId": "tenant1"
            },
            {
              "timestamp": 1766403029238,
              "username": "user14",
              "credentialPair": "user14:cGFzczE0",
              "success": false,
              "userAgent": "Mozilla/5.0",
              "sessionId": "session456",
              "tenantId": "tenant1"
            },
            {
              "timestamp": 1766403030238,
              "username": "user15",
              "credentialPair": "user15:cGFzczE1",
              "success": false,
              "userAgent": "Mozilla/5.0",
              "sessionId": "session456",
              "tenantId": "tenant1"
            },
            {
              "timestamp": 1766403031238,
              "username": "user16",
              "credentialPair": "user16:cGFzczE2",
              "success": false,
              "userAgent": "Mozilla/5.0",
              "sessionId": "session456",
              "tenantId": "tenant1"
            },
            {
              "timestamp": 1766403032238,
              "username": "user17",
              "credentialPair": "user17:cGFzczE3",
              "success": false,
              "userAgent": "Mozilla/5.0",
              "sessionId": "session456",
              "tenantId": "tenant1"
            },
            {
              "timestamp": 1766403033238,
              "username": "user18",
              "credentialPair": "user18:cGFzczE4",
              "success": false,
              "userAgent": "Mozilla/5.0",
              "sessionId": "session456",
              "tenantId": "tenant1"
            },
            {
              "timestamp": 1766403034238,
              "username": "user19",
              "credentialPair": "user19:cGFzczE5",
              "success": false,
              "userAgent": "Mozilla/5.0",
              "sessionId": "session456",
              "tenantId": "tenant1"
            },
            {
              "timestamp": 1766403035240,
              "username": "user20",
              "credentialPair": "user20:cGFzczIw",
              "success": false,
              "userAgent": "Mozilla/5.0",
              "sessionId": "session456",
              "tenantId": "tenant1"
            },
            {
              "timestamp": 1766403036241,
              "username": "user21",
              "credentialPair": "user21:cGFzczIx",
              "success": false,
              "userAgent": "Mozilla/5.0",
              "sessionId": "session456",
              "tenantId": "tenant1"
            }
          ],
          "credentialAnalysis": {
            "totalPairs": 22,
            "estimatedSource": "small_breach_or_targeted",
            "patternType": "manual"
          },
          "attackVector": "credential_stuffing"
        }
      }

      at Console.write [as log] (node_modules/winston/lib/wi
nston/transports/console.js:87:23)
          at Array.forEach (<anonymous>)

    console.log
      2025-12-22 13:30:15 [PLATFORM] [[31merror[39m]: 
Credential Stuffing Attack: credential_stuffing_breach_data 
{
        "platform": true,
        "ipAddress": "192.168.1.200",
        "uniqueCredentialPairs": 23,
        "uniqueUsernames": 23,
        "successRate": 0.043478260869565216,
        "potentialBreachSource": "small_breach_or_targeted",
        "violationType": "credential_stuffing_breach_data",
        "severity": "high",
        "description": "Credential stuffing using breach 
data detected",
        "forensicData": {
          "recentAttempts": [
            {
              "timestamp": 1766403015237,
              "username": "user0",
              "credentialPair": "user0:cGFzczA=",
              "success": true,
              "userAgent": "Mozilla/5.0",
              "sessionId": "session456",
              "tenantId": "tenant1"
            },
            {
              "timestamp": 1766403016237,
              "username": "user1",
              "credentialPair": "user1:cGFzczE=",
              "success": false,
              "userAgent": "Mozilla/5.0",
              "sessionId": "session456",
              "tenantId": "tenant1"
            },
            {
              "timestamp": 1766403017237,
              "username": "user2",
              "credentialPair": "user2:cGFzczI=",
              "success": false,
              "userAgent": "Mozilla/5.0",
              "sessionId": "session456",
              "tenantId": "tenant1"
            },
            {
              "timestamp": 1766403018237,
              "username": "user3",
              "credentialPair": "user3:cGFzczM=",
              "success": false,
              "userAgent": "Mozilla/5.0",
              "sessionId": "session456",
              "tenantId": "tenant1"
            },
            {
              "timestamp": 1766403019237,
              "username": "user4",
              "credentialPair": "user4:cGFzczQ=",
              "success": false,
              "userAgent": "Mozilla/5.0",
              "sessionId": "session456",
              "tenantId": "tenant1"
            },
            {
              "timestamp": 1766403020238,
              "username": "user5",
              "credentialPair": "user5:cGFzczU=",
              "success": false,
              "userAgent": "Mozilla/5.0",
              "sessionId": "session456",
              "tenantId": "tenant1"
            },
            {
              "timestamp": 1766403021238,
              "username": "user6",
              "credentialPair": "user6:cGFzczY=",
              "success": false,
              "userAgent": "Mozilla/5.0",
              "sessionId": "session456",
              "tenantId": "tenant1"
            },
            {
              "timestamp": 1766403022238,
              "username": "user7",
              "credentialPair": "user7:cGFzczc=",
              "success": false,
              "userAgent": "Mozilla/5.0",
              "sessionId": "session456",
              "tenantId": "tenant1"
            },
            {
              "timestamp": 1766403023238,
              "username": "user8",
              "credentialPair": "user8:cGFzczg=",
              "success": false,
              "userAgent": "Mozilla/5.0",
              "sessionId": "session456",
              "tenantId": "tenant1"
            },
            {
              "timestamp": 1766403024238,
              "username": "user9",
              "credentialPair": "user9:cGFzczk=",
              "success": false,
              "userAgent": "Mozilla/5.0",
              "sessionId": "session456",
              "tenantId": "tenant1"
            },
            {
              "timestamp": 1766403025238,
              "username": "user10",
              "credentialPair": "user10:cGFzczEw",
              "success": false,
              "userAgent": "Mozilla/5.0",
              "sessionId": "session456",
              "tenantId": "tenant1"
            },
            {
              "timestamp": 1766403026238,
              "username": "user11",
              "credentialPair": "user11:cGFzczEx",
              "success": false,
              "userAgent": "Mozilla/5.0",
              "sessionId": "session456",
              "tenantId": "tenant1"
            },
            {
              "timestamp": 1766403027238,
              "username": "user12",
              "credentialPair": "user12:cGFzczEy",
              "success": false,
              "userAgent": "Mozilla/5.0",
              "sessionId": "session456",
              "tenantId": "tenant1"
            },
            {
              "timestamp": 1766403028238,
              "username": "user13",
              "credentialPair": "user13:cGFzczEz",
              "success": false,
              "userAgent": "Mozilla/5.0",
              "sessionId": "session456",
              "tenantId": "tenant1"
            },
            {
              "timestamp": 1766403029238,
              "username": "user14",
              "credentialPair": "user14:cGFzczE0",
              "success": false,
              "userAgent": "Mozilla/5.0",
              "sessionId": "session456",
              "tenantId": "tenant1"
            },
            {
              "timestamp": 1766403030238,
              "username": "user15",
              "credentialPair": "user15:cGFzczE1",
              "success": false,
              "userAgent": "Mozilla/5.0",
              "sessionId": "session456",
              "tenantId": "tenant1"
            },
            {
              "timestamp": 1766403031238,
              "username": "user16",
              "credentialPair": "user16:cGFzczE2",
              "success": false,
              "userAgent": "Mozilla/5.0",
              "sessionId": "session456",
              "tenantId": "tenant1"
            },
            {
              "timestamp": 1766403032238,
              "username": "user17",
              "credentialPair": "user17:cGFzczE3",
              "success": false,
              "userAgent": "Mozilla/5.0",
              "sessionId": "session456",
              "tenantId": "tenant1"
            },
            {
              "timestamp": 1766403033238,
              "username": "user18",
              "credentialPair": "user18:cGFzczE4",
              "success": false,
              "userAgent": "Mozilla/5.0",
              "sessionId": "session456",
              "tenantId": "tenant1"
            },
            {
              "timestamp": 1766403034238,
              "username": "user19",
              "credentialPair": "user19:cGFzczE5",
              "success": false,
              "userAgent": "Mozilla/5.0",
              "sessionId": "session456",
              "tenantId": "tenant1"
            },
            {
              "timestamp": 1766403035240,
              "username": "user20",
              "credentialPair": "user20:cGFzczIw",
              "success": false,
              "userAgent": "Mozilla/5.0",
              "sessionId": "session456",
              "tenantId": "tenant1"
            },
            {
              "timestamp": 1766403036241,
              "username": "user21",
              "credentialPair": "user21:cGFzczIx",
              "success": false,
              "userAgent": "Mozilla/5.0",
              "sessionId": "session456",
              "tenantId": "tenant1"
            },
            {
              "timestamp": 1766403037252,
              "username": "user22",
              "credentialPair": "user22:cGFzczIy",
              "success": false,
              "userAgent": "Mozilla/5.0",
              "sessionId": "session456",
              "tenantId": "tenant1"
            }
          ],
          "credentialAnalysis": {
            "totalPairs": 23,
            "estimatedSource": "small_breach_or_targeted",
            "patternType": "manual"
          },
          "attackVector": "credential_stuffing"
        }
      }

      at Console.write [as log] (node_modules/winston/lib/wi
nston/transports/console.js:87:23)
          at Array.forEach (<anonymous>)

    console.log
      2025-12-22 13:30:15 [PLATFORM] [[31merror[39m]: 
Credential Stuffing Attack: credential_stuffing_breach_data 
{
        "platform": true,
        "ipAddress": "192.168.1.200",
        "uniqueCredentialPairs": 24,
        "uniqueUsernames": 24,
        "successRate": 0.041666666666666664,
        "potentialBreachSource": "small_breach_or_targeted",
        "violationType": "credential_stuffing_breach_data",
        "severity": "high",
        "description": "Credential stuffing using breach 
data detected",
        "forensicData": {
          "recentAttempts": [
            {
              "timestamp": 1766403015237,
              "username": "user0",
              "credentialPair": "user0:cGFzczA=",
              "success": true,
              "userAgent": "Mozilla/5.0",
              "sessionId": "session456",
              "tenantId": "tenant1"
            },
            {
              "timestamp": 1766403016237,
              "username": "user1",
              "credentialPair": "user1:cGFzczE=",
              "success": false,
              "userAgent": "Mozilla/5.0",
              "sessionId": "session456",
              "tenantId": "tenant1"
            },
            {
              "timestamp": 1766403017237,
              "username": "user2",
              "credentialPair": "user2:cGFzczI=",
              "success": false,
              "userAgent": "Mozilla/5.0",
              "sessionId": "session456",
              "tenantId": "tenant1"
            },
            {
              "timestamp": 1766403018237,
              "username": "user3",
              "credentialPair": "user3:cGFzczM=",
              "success": false,
              "userAgent": "Mozilla/5.0",
              "sessionId": "session456",
              "tenantId": "tenant1"
            },
            {
              "timestamp": 1766403019237,
              "username": "user4",
              "credentialPair": "user4:cGFzczQ=",
              "success": false,
              "userAgent": "Mozilla/5.0",
              "sessionId": "session456",
              "tenantId": "tenant1"
            },
            {
              "timestamp": 1766403020238,
              "username": "user5",
              "credentialPair": "user5:cGFzczU=",
              "success": false,
              "userAgent": "Mozilla/5.0",
              "sessionId": "session456",
              "tenantId": "tenant1"
            },
            {
              "timestamp": 1766403021238,
              "username": "user6",
              "credentialPair": "user6:cGFzczY=",
              "success": false,
              "userAgent": "Mozilla/5.0",
              "sessionId": "session456",
              "tenantId": "tenant1"
            },
            {
              "timestamp": 1766403022238,
              "username": "user7",
              "credentialPair": "user7:cGFzczc=",
              "success": false,
              "userAgent": "Mozilla/5.0",
              "sessionId": "session456",
              "tenantId": "tenant1"
            },
            {
              "timestamp": 1766403023238,
              "username": "user8",
              "credentialPair": "user8:cGFzczg=",
              "success": false,
              "userAgent": "Mozilla/5.0",
              "sessionId": "session456",
              "tenantId": "tenant1"
            },
            {
              "timestamp": 1766403024238,
              "username": "user9",
              "credentialPair": "user9:cGFzczk=",
              "success": false,
              "userAgent": "Mozilla/5.0",
              "sessionId": "session456",
              "tenantId": "tenant1"
            },
            {
              "timestamp": 1766403025238,
              "username": "user10",
              "credentialPair": "user10:cGFzczEw",
              "success": false,
              "userAgent": "Mozilla/5.0",
              "sessionId": "session456",
              "tenantId": "tenant1"
            },
            {
              "timestamp": 1766403026238,
              "username": "user11",
              "credentialPair": "user11:cGFzczEx",
              "success": false,
              "userAgent": "Mozilla/5.0",
              "sessionId": "session456",
              "tenantId": "tenant1"
            },
            {
              "timestamp": 1766403027238,
              "username": "user12",
              "credentialPair": "user12:cGFzczEy",
              "success": false,
              "userAgent": "Mozilla/5.0",
              "sessionId": "session456",
              "tenantId": "tenant1"
            },
            {
              "timestamp": 1766403028238,
              "username": "user13",
              "credentialPair": "user13:cGFzczEz",
              "success": false,
              "userAgent": "Mozilla/5.0",
              "sessionId": "session456",
              "tenantId": "tenant1"
            },
            {
              "timestamp": 1766403029238,
              "username": "user14",
              "credentialPair": "user14:cGFzczE0",
              "success": false,
              "userAgent": "Mozilla/5.0",
              "sessionId": "session456",
              "tenantId": "tenant1"
            },
            {
              "timestamp": 1766403030238,
              "username": "user15",
              "credentialPair": "user15:cGFzczE1",
              "success": false,
              "userAgent": "Mozilla/5.0",
              "sessionId": "session456",
              "tenantId": "tenant1"
            },
            {
              "timestamp": 1766403031238,
              "username": "user16",
              "credentialPair": "user16:cGFzczE2",
              "success": false,
              "userAgent": "Mozilla/5.0",
              "sessionId": "session456",
              "tenantId": "tenant1"
            },
            {
              "timestamp": 1766403032238,
              "username": "user17",
              "credentialPair": "user17:cGFzczE3",
              "success": false,
              "userAgent": "Mozilla/5.0",
              "sessionId": "session456",
              "tenantId": "tenant1"
            },
            {
              "timestamp": 1766403033238,
              "username": "user18",
              "credentialPair": "user18:cGFzczE4",
              "success": false,
              "userAgent": "Mozilla/5.0",
              "sessionId": "session456",
              "tenantId": "tenant1"
            },
            {
              "timestamp": 1766403034238,
              "username": "user19",
              "credentialPair": "user19:cGFzczE5",
              "success": false,
              "userAgent": "Mozilla/5.0",
              "sessionId": "session456",
              "tenantId": "tenant1"
            },
            {
              "timestamp": 1766403035240,
              "username": "user20",
              "credentialPair": "user20:cGFzczIw",
              "success": false,
              "userAgent": "Mozilla/5.0",
              "sessionId": "session456",
              "tenantId": "tenant1"
            },
            {
              "timestamp": 1766403036241,
              "username": "user21",
              "credentialPair": "user21:cGFzczIx",
              "success": false,
              "userAgent": "Mozilla/5.0",
              "sessionId": "session456",
              "tenantId": "tenant1"
            },
            {
              "timestamp": 1766403037252,
              "username": "user22",
              "credentialPair": "user22:cGFzczIy",
              "success": false,
              "userAgent": "Mozilla/5.0",
              "sessionId": "session456",
              "tenantId": "tenant1"
            },
            {
              "timestamp": 1766403038254,
              "username": "user23",
              "credentialPair": "user23:cGFzczIz",
              "success": false,
              "userAgent": "Mozilla/5.0",
              "sessionId": "session456",
              "tenantId": "tenant1"
            }
          ],
          "credentialAnalysis": {
            "totalPairs": 24,
            "estimatedSource": "small_breach_or_targeted",
            "patternType": "manual"
          },
          "attackVector": "credential_stuffing"
        }
      }

      at Console.write [as log] (node_modules/winston/lib/wi
nston/transports/console.js:87:23)
          at Array.forEach (<anonymous>)

    console.log
      2025-12-22 13:30:15 [PLATFORM] [[31merror[39m]: 
Credential Stuffing Attack: credential_stuffing_breach_data 
{
        "platform": true,
        "ipAddress": "192.168.1.200",
        "uniqueCredentialPairs": 25,
        "uniqueUsernames": 25,
        "successRate": 0.04,
        "potentialBreachSource": "small_breach_or_targeted",
        "violationType": "credential_stuffing_breach_data",
        "severity": "high",
        "description": "Credential stuffing using breach 
data detected",
        "forensicData": {
          "recentAttempts": [
            {
              "timestamp": 1766403015237,
              "username": "user0",
              "credentialPair": "user0:cGFzczA=",
              "success": true,
              "userAgent": "Mozilla/5.0",
              "sessionId": "session456",
              "tenantId": "tenant1"
            },
            {
              "timestamp": 1766403016237,
              "username": "user1",
              "credentialPair": "user1:cGFzczE=",
              "success": false,
              "userAgent": "Mozilla/5.0",
              "sessionId": "session456",
              "tenantId": "tenant1"
            },
            {
              "timestamp": 1766403017237,
              "username": "user2",
              "credentialPair": "user2:cGFzczI=",
              "success": false,
              "userAgent": "Mozilla/5.0",
              "sessionId": "session456",
              "tenantId": "tenant1"
            },
            {
              "timestamp": 1766403018237,
              "username": "user3",
              "credentialPair": "user3:cGFzczM=",
              "success": false,
              "userAgent": "Mozilla/5.0",
              "sessionId": "session456",
              "tenantId": "tenant1"
            },
            {
              "timestamp": 1766403019237,
              "username": "user4",
              "credentialPair": "user4:cGFzczQ=",
              "success": false,
              "userAgent": "Mozilla/5.0",
              "sessionId": "session456",
              "tenantId": "tenant1"
            },
            {
              "timestamp": 1766403020238,
              "username": "user5",
              "credentialPair": "user5:cGFzczU=",
              "success": false,
              "userAgent": "Mozilla/5.0",
              "sessionId": "session456",
              "tenantId": "tenant1"
            },
            {
              "timestamp": 1766403021238,
              "username": "user6",
              "credentialPair": "user6:cGFzczY=",
              "success": false,
              "userAgent": "Mozilla/5.0",
              "sessionId": "session456",
              "tenantId": "tenant1"
            },
            {
              "timestamp": 1766403022238,
              "username": "user7",
              "credentialPair": "user7:cGFzczc=",
              "success": false,
              "userAgent": "Mozilla/5.0",
              "sessionId": "session456",
              "tenantId": "tenant1"
            },
            {
              "timestamp": 1766403023238,
              "username": "user8",
              "credentialPair": "user8:cGFzczg=",
              "success": false,
              "userAgent": "Mozilla/5.0",
              "sessionId": "session456",
              "tenantId": "tenant1"
            },
            {
              "timestamp": 1766403024238,
              "username": "user9",
              "credentialPair": "user9:cGFzczk=",
              "success": false,
              "userAgent": "Mozilla/5.0",
              "sessionId": "session456",
              "tenantId": "tenant1"
            },
            {
              "timestamp": 1766403025238,
              "username": "user10",
              "credentialPair": "user10:cGFzczEw",
              "success": false,
              "userAgent": "Mozilla/5.0",
              "sessionId": "session456",
              "tenantId": "tenant1"
            },
            {
              "timestamp": 1766403026238,
              "username": "user11",
              "credentialPair": "user11:cGFzczEx",
              "success": false,
              "userAgent": "Mozilla/5.0",
              "sessionId": "session456",
              "tenantId": "tenant1"
            },
            {
              "timestamp": 1766403027238,
              "username": "user12",
              "credentialPair": "user12:cGFzczEy",
              "success": false,
              "userAgent": "Mozilla/5.0",
              "sessionId": "session456",
              "tenantId": "tenant1"
            },
            {
              "timestamp": 1766403028238,
              "username": "user13",
              "credentialPair": "user13:cGFzczEz",
              "success": false,
              "userAgent": "Mozilla/5.0",
              "sessionId": "session456",
              "tenantId": "tenant1"
            },
            {
              "timestamp": 1766403029238,
              "username": "user14",
              "credentialPair": "user14:cGFzczE0",
              "success": false,
              "userAgent": "Mozilla/5.0",
              "sessionId": "session456",
              "tenantId": "tenant1"
            },
            {
              "timestamp": 1766403030238,
              "username": "user15",
              "credentialPair": "user15:cGFzczE1",
              "success": false,
              "userAgent": "Mozilla/5.0",
              "sessionId": "session456",
              "tenantId": "tenant1"
            },
            {
              "timestamp": 1766403031238,
              "username": "user16",
              "credentialPair": "user16:cGFzczE2",
              "success": false,
              "userAgent": "Mozilla/5.0",
              "sessionId": "session456",
              "tenantId": "tenant1"
            },
            {
              "timestamp": 1766403032238,
              "username": "user17",
              "credentialPair": "user17:cGFzczE3",
              "success": false,
              "userAgent": "Mozilla/5.0",
              "sessionId": "session456",
              "tenantId": "tenant1"
            },
            {
              "timestamp": 1766403033238,
              "username": "user18",
              "credentialPair": "user18:cGFzczE4",
              "success": false,
              "userAgent": "Mozilla/5.0",
              "sessionId": "session456",
              "tenantId": "tenant1"
            },
            {
              "timestamp": 1766403034238,
              "username": "user19",
              "credentialPair": "user19:cGFzczE5",
              "success": false,
              "userAgent": "Mozilla/5.0",
              "sessionId": "session456",
              "tenantId": "tenant1"
            },
            {
              "timestamp": 1766403035240,
              "username": "user20",
              "credentialPair": "user20:cGFzczIw",
              "success": false,
              "userAgent": "Mozilla/5.0",
              "sessionId": "session456",
              "tenantId": "tenant1"
            },
            {
              "timestamp": 1766403036241,
              "username": "user21",
              "credentialPair": "user21:cGFzczIx",
              "success": false,
              "userAgent": "Mozilla/5.0",
              "sessionId": "session456",
              "tenantId": "tenant1"
            },
            {
              "timestamp": 1766403037252,
              "username": "user22",
              "credentialPair": "user22:cGFzczIy",
              "success": false,
              "userAgent": "Mozilla/5.0",
              "sessionId": "session456",
              "tenantId": "tenant1"
            },
            {
              "timestamp": 1766403038254,
              "username": "user23",
              "credentialPair": "user23:cGFzczIz",
              "success": false,
              "userAgent": "Mozilla/5.0",
              "sessionId": "session456",
              "tenantId": "tenant1"
            },
            {
              "timestamp": 1766403039258,
              "username": "user24",
              "credentialPair": "user24:cGFzczI0",
              "success": false,
              "userAgent": "Mozilla/5.0",
              "sessionId": "session456",
              "tenantId": "tenant1"
            }
          ],
          "credentialAnalysis": {
            "totalPairs": 25,
            "estimatedSource": "small_breach_or_targeted",
            "patternType": "manual"
          },
          "attackVector": "credential_stuffing"
        }
      }

      at Console.write [as log] (node_modules/winston/lib/wi
nston/transports/console.js:87:23)
          at Array.forEach (<anonymous>)

    console.log
      2025-12-22 13:30:15 [PLATFORM] [[31merror[39m]: 
Credential Stuffing Attack: credential_stuffing_breach_data 
{
        "platform": true,
        "ipAddress": "192.168.1.200",
        "uniqueCredentialPairs": 26,
        "uniqueUsernames": 26,
        "successRate": 0.038461538461538464,
        "potentialBreachSource": "small_breach_or_targeted",
        "violationType": "credential_stuffing_breach_data",
        "severity": "high",
        "description": "Credential stuffing using breach 
data detected",
        "forensicData": {
          "recentAttempts": [
            {
              "timestamp": 1766403015237,
              "username": "user0",
              "credentialPair": "user0:cGFzczA=",
              "success": true,
              "userAgent": "Mozilla/5.0",
              "sessionId": "session456",
              "tenantId": "tenant1"
            },
            {
              "timestamp": 1766403016237,
              "username": "user1",
              "credentialPair": "user1:cGFzczE=",
              "success": false,
              "userAgent": "Mozilla/5.0",
              "sessionId": "session456",
              "tenantId": "tenant1"
            },
            {
              "timestamp": 1766403017237,
              "username": "user2",
              "credentialPair": "user2:cGFzczI=",
              "success": false,
              "userAgent": "Mozilla/5.0",
              "sessionId": "session456",
              "tenantId": "tenant1"
            },
            {
              "timestamp": 1766403018237,
              "username": "user3",
              "credentialPair": "user3:cGFzczM=",
              "success": false,
              "userAgent": "Mozilla/5.0",
              "sessionId": "session456",
              "tenantId": "tenant1"
            },
            {
              "timestamp": 1766403019237,
              "username": "user4",
              "credentialPair": "user4:cGFzczQ=",
              "success": false,
              "userAgent": "Mozilla/5.0",
              "sessionId": "session456",
              "tenantId": "tenant1"
            },
            {
              "timestamp": 1766403020238,
              "username": "user5",
              "credentialPair": "user5:cGFzczU=",
              "success": false,
              "userAgent": "Mozilla/5.0",
              "sessionId": "session456",
              "tenantId": "tenant1"
            },
            {
              "timestamp": 1766403021238,
              "username": "user6",
              "credentialPair": "user6:cGFzczY=",
              "success": false,
              "userAgent": "Mozilla/5.0",
              "sessionId": "session456",
              "tenantId": "tenant1"
            },
            {
              "timestamp": 1766403022238,
              "username": "user7",
              "credentialPair": "user7:cGFzczc=",
              "success": false,
              "userAgent": "Mozilla/5.0",
              "sessionId": "session456",
              "tenantId": "tenant1"
            },
            {
              "timestamp": 1766403023238,
              "username": "user8",
              "credentialPair": "user8:cGFzczg=",
              "success": false,
              "userAgent": "Mozilla/5.0",
              "sessionId": "session456",
              "tenantId": "tenant1"
            },
            {
              "timestamp": 1766403024238,
              "username": "user9",
              "credentialPair": "user9:cGFzczk=",
              "success": false,
              "userAgent": "Mozilla/5.0",
              "sessionId": "session456",
              "tenantId": "tenant1"
            },
            {
              "timestamp": 1766403025238,
              "username": "user10",
              "credentialPair": "user10:cGFzczEw",
              "success": false,
              "userAgent": "Mozilla/5.0",
              "sessionId": "session456",
              "tenantId": "tenant1"
            },
            {
              "timestamp": 1766403026238,
              "username": "user11",
              "credentialPair": "user11:cGFzczEx",
              "success": false,
              "userAgent": "Mozilla/5.0",
              "sessionId": "session456",
              "tenantId": "tenant1"
            },
            {
              "timestamp": 1766403027238,
              "username": "user12",
              "credentialPair": "user12:cGFzczEy",
              "success": false,
              "userAgent": "Mozilla/5.0",
              "sessionId": "session456",
              "tenantId": "tenant1"
            },
            {
              "timestamp": 1766403028238,
              "username": "user13",
              "credentialPair": "user13:cGFzczEz",
              "success": false,
              "userAgent": "Mozilla/5.0",
              "sessionId": "session456",
              "tenantId": "tenant1"
            },
            {
              "timestamp": 1766403029238,
              "username": "user14",
              "credentialPair": "user14:cGFzczE0",
              "success": false,
              "userAgent": "Mozilla/5.0",
              "sessionId": "session456",
              "tenantId": "tenant1"
            },
            {
              "timestamp": 1766403030238,
              "username": "user15",
              "credentialPair": "user15:cGFzczE1",
              "success": false,
              "userAgent": "Mozilla/5.0",
              "sessionId": "session456",
              "tenantId": "tenant1"
            },
            {
              "timestamp": 1766403031238,
              "username": "user16",
              "credentialPair": "user16:cGFzczE2",
              "success": false,
              "userAgent": "Mozilla/5.0",
              "sessionId": "session456",
              "tenantId": "tenant1"
            },
            {
              "timestamp": 1766403032238,
              "username": "user17",
              "credentialPair": "user17:cGFzczE3",
              "success": false,
              "userAgent": "Mozilla/5.0",
              "sessionId": "session456",
              "tenantId": "tenant1"
            },
            {
              "timestamp": 1766403033238,
              "username": "user18",
              "credentialPair": "user18:cGFzczE4",
              "success": false,
              "userAgent": "Mozilla/5.0",
              "sessionId": "session456",
              "tenantId": "tenant1"
            },
            {
              "timestamp": 1766403034238,
              "username": "user19",
              "credentialPair": "user19:cGFzczE5",
              "success": false,
              "userAgent": "Mozilla/5.0",
              "sessionId": "session456",
              "tenantId": "tenant1"
            },
            {
              "timestamp": 1766403035240,
              "username": "user20",
              "credentialPair": "user20:cGFzczIw",
              "success": false,
              "userAgent": "Mozilla/5.0",
              "sessionId": "session456",
              "tenantId": "tenant1"
            },
            {
              "timestamp": 1766403036241,
              "username": "user21",
              "credentialPair": "user21:cGFzczIx",
              "success": false,
              "userAgent": "Mozilla/5.0",
              "sessionId": "session456",
              "tenantId": "tenant1"
            },
            {
              "timestamp": 1766403037252,
              "username": "user22",
              "credentialPair": "user22:cGFzczIy",
              "success": false,
              "userAgent": "Mozilla/5.0",
              "sessionId": "session456",
              "tenantId": "tenant1"
            },
            {
              "timestamp": 1766403038254,
              "username": "user23",
              "credentialPair": "user23:cGFzczIz",
              "success": false,
              "userAgent": "Mozilla/5.0",
              "sessionId": "session456",
              "tenantId": "tenant1"
            },
            {
              "timestamp": 1766403039258,
              "username": "user24",
              "credentialPair": "user24:cGFzczI0",
              "success": false,
              "userAgent": "Mozilla/5.0",
              "sessionId": "session456",
              "tenantId": "tenant1"
            },
            {
              "timestamp": 1766403040269,
              "username": "user25",
              "credentialPair": "user25:cGFzczI1",
              "success": false,
              "userAgent": "Mozilla/5.0",
              "sessionId": "session456",
              "tenantId": "tenant1"
            }
          ],
          "credentialAnalysis": {
            "totalPairs": 26,
            "estimatedSource": "small_breach_or_targeted",
            "patternType": "manual"
          },
          "attackVector": "credential_stuffing"
        }
      }

      at Console.write [as log] (node_modules/winston/lib/wi
nston/transports/console.js:87:23)
          at Array.forEach (<anonymous>)

    console.log
      2025-12-22 13:30:15 [PLATFORM] [[31merror[39m]: 
Credential Stuffing Attack: credential_stuffing_breach_data 
{
        "platform": true,
        "ipAddress": "192.168.1.200",
        "uniqueCredentialPairs": 27,
        "uniqueUsernames": 27,
        "successRate": 0.037037037037037035,
        "potentialBreachSource": "small_breach_or_targeted",
        "violationType": "credential_stuffing_breach_data",
        "severity": "high",
        "description": "Credential stuffing using breach 
data detected",
        "forensicData": {
          "recentAttempts": [
            {
              "timestamp": 1766403015237,
              "username": "user0",
              "credentialPair": "user0:cGFzczA=",
              "success": true,
              "userAgent": "Mozilla/5.0",
              "sessionId": "session456",
              "tenantId": "tenant1"
            },
            {
              "timestamp": 1766403016237,
              "username": "user1",
              "credentialPair": "user1:cGFzczE=",
              "success": false,
              "userAgent": "Mozilla/5.0",
              "sessionId": "session456",
              "tenantId": "tenant1"
            },
            {
              "timestamp": 1766403017237,
              "username": "user2",
              "credentialPair": "user2:cGFzczI=",
              "success": false,
              "userAgent": "Mozilla/5.0",
              "sessionId": "session456",
              "tenantId": "tenant1"
            },
            {
              "timestamp": 1766403018237,
              "username": "user3",
              "credentialPair": "user3:cGFzczM=",
              "success": false,
              "userAgent": "Mozilla/5.0",
              "sessionId": "session456",
              "tenantId": "tenant1"
            },
            {
              "timestamp": 1766403019237,
              "username": "user4",
              "credentialPair": "user4:cGFzczQ=",
              "success": false,
              "userAgent": "Mozilla/5.0",
              "sessionId": "session456",
              "tenantId": "tenant1"
            },
            {
              "timestamp": 1766403020238,
              "username": "user5",
              "credentialPair": "user5:cGFzczU=",
              "success": false,
              "userAgent": "Mozilla/5.0",
              "sessionId": "session456",
              "tenantId": "tenant1"
            },
            {
              "timestamp": 1766403021238,
              "username": "user6",
              "credentialPair": "user6:cGFzczY=",
              "success": false,
              "userAgent": "Mozilla/5.0",
              "sessionId": "session456",
              "tenantId": "tenant1"
            },
            {
              "timestamp": 1766403022238,
              "username": "user7",
              "credentialPair": "user7:cGFzczc=",
              "success": false,
              "userAgent": "Mozilla/5.0",
              "sessionId": "session456",
              "tenantId": "tenant1"
            },
            {
              "timestamp": 1766403023238,
              "username": "user8",
              "credentialPair": "user8:cGFzczg=",
              "success": false,
              "userAgent": "Mozilla/5.0",
              "sessionId": "session456",
              "tenantId": "tenant1"
            },
            {
              "timestamp": 1766403024238,
              "username": "user9",
              "credentialPair": "user9:cGFzczk=",
              "success": false,
              "userAgent": "Mozilla/5.0",
              "sessionId": "session456",
              "tenantId": "tenant1"
            },
            {
              "timestamp": 1766403025238,
              "username": "user10",
              "credentialPair": "user10:cGFzczEw",
              "success": false,
              "userAgent": "Mozilla/5.0",
              "sessionId": "session456",
              "tenantId": "tenant1"
            },
            {
              "timestamp": 1766403026238,
              "username": "user11",
              "credentialPair": "user11:cGFzczEx",
              "success": false,
              "userAgent": "Mozilla/5.0",
              "sessionId": "session456",
              "tenantId": "tenant1"
            },
            {
              "timestamp": 1766403027238,
              "username": "user12",
              "credentialPair": "user12:cGFzczEy",
              "success": false,
              "userAgent": "Mozilla/5.0",
              "sessionId": "session456",
              "tenantId": "tenant1"
            },
            {
              "timestamp": 1766403028238,
              "username": "user13",
              "credentialPair": "user13:cGFzczEz",
              "success": false,
              "userAgent": "Mozilla/5.0",
              "sessionId": "session456",
              "tenantId": "tenant1"
            },
            {
              "timestamp": 1766403029238,
              "username": "user14",
              "credentialPair": "user14:cGFzczE0",
              "success": false,
              "userAgent": "Mozilla/5.0",
              "sessionId": "session456",
              "tenantId": "tenant1"
            },
            {
              "timestamp": 1766403030238,
              "username": "user15",
              "credentialPair": "user15:cGFzczE1",
              "success": false,
              "userAgent": "Mozilla/5.0",
              "sessionId": "session456",
              "tenantId": "tenant1"
            },
            {
              "timestamp": 1766403031238,
              "username": "user16",
              "credentialPair": "user16:cGFzczE2",
              "success": false,
              "userAgent": "Mozilla/5.0",
              "sessionId": "session456",
              "tenantId": "tenant1"
            },
            {
              "timestamp": 1766403032238,
              "username": "user17",
              "credentialPair": "user17:cGFzczE3",
              "success": false,
              "userAgent": "Mozilla/5.0",
              "sessionId": "session456",
              "tenantId": "tenant1"
            },
            {
              "timestamp": 1766403033238,
              "username": "user18",
              "credentialPair": "user18:cGFzczE4",
              "success": false,
              "userAgent": "Mozilla/5.0",
              "sessionId": "session456",
              "tenantId": "tenant1"
            },
            {
              "timestamp": 1766403034238,
              "username": "user19",
              "credentialPair": "user19:cGFzczE5",
              "success": false,
              "userAgent": "Mozilla/5.0",
              "sessionId": "session456",
              "tenantId": "tenant1"
            },
            {
              "timestamp": 1766403035240,
              "username": "user20",
              "credentialPair": "user20:cGFzczIw",
              "success": false,
              "userAgent": "Mozilla/5.0",
              "sessionId": "session456",
              "tenantId": "tenant1"
            },
            {
              "timestamp": 1766403036241,
              "username": "user21",
              "credentialPair": "user21:cGFzczIx",
              "success": false,
              "userAgent": "Mozilla/5.0",
              "sessionId": "session456",
              "tenantId": "tenant1"
            },
            {
              "timestamp": 1766403037252,
              "username": "user22",
              "credentialPair": "user22:cGFzczIy",
              "success": false,
              "userAgent": "Mozilla/5.0",
              "sessionId": "session456",
              "tenantId": "tenant1"
            },
            {
              "timestamp": 1766403038254,
              "username": "user23",
              "credentialPair": "user23:cGFzczIz",
              "success": false,
              "userAgent": "Mozilla/5.0",
              "sessionId": "session456",
              "tenantId": "tenant1"
            },
            {
              "timestamp": 1766403039258,
              "username": "user24",
              "credentialPair": "user24:cGFzczI0",
              "success": false,
              "userAgent": "Mozilla/5.0",
              "sessionId": "session456",
              "tenantId": "tenant1"
            },
            {
              "timestamp": 1766403040269,
              "username": "user25",
              "credentialPair": "user25:cGFzczI1",
              "success": false,
              "userAgent": "Mozilla/5.0",
              "sessionId": "session456",
              "tenantId": "tenant1"
            },
            {
              "timestamp": 1766403041271,
              "username": "user26",
              "credentialPair": "user26:cGFzczI2",
              "success": false,
              "userAgent": "Mozilla/5.0",
              "sessionId": "session456",
              "tenantId": "tenant1"
            }
          ],
          "credentialAnalysis": {
            "totalPairs": 27,
            "estimatedSource": "small_breach_or_targeted",
            "patternType": "manual"
          },
          "attackVector": "credential_stuffing"
        }
      }

      at Console.write [as log] (node_modules/winston/lib/wi
nston/transports/console.js:87:23)
          at Array.forEach (<anonymous>)

    console.log
      2025-12-22 13:30:15 [PLATFORM] [[31merror[39m]: 
Credential Stuffing Attack: credential_stuffing_breach_data 
{
        "platform": true,
        "ipAddress": "192.168.1.200",
        "uniqueCredentialPairs": 28,
        "uniqueUsernames": 28,
        "successRate": 0.03571428571428571,
        "potentialBreachSource": "small_breach_or_targeted",
        "violationType": "credential_stuffing_breach_data",
        "severity": "high",
        "description": "Credential stuffing using breach 
data detected",
        "forensicData": {
          "recentAttempts": [
            {
              "timestamp": 1766403015237,
              "username": "user0",
              "credentialPair": "user0:cGFzczA=",
              "success": true,
              "userAgent": "Mozilla/5.0",
              "sessionId": "session456",
              "tenantId": "tenant1"
            },
            {
              "timestamp": 1766403016237,
              "username": "user1",
              "credentialPair": "user1:cGFzczE=",
              "success": false,
              "userAgent": "Mozilla/5.0",
              "sessionId": "session456",
              "tenantId": "tenant1"
            },
            {
              "timestamp": 1766403017237,
              "username": "user2",
              "credentialPair": "user2:cGFzczI=",
              "success": false,
              "userAgent": "Mozilla/5.0",
              "sessionId": "session456",
              "tenantId": "tenant1"
            },
            {
              "timestamp": 1766403018237,
              "username": "user3",
              "credentialPair": "user3:cGFzczM=",
              "success": false,
              "userAgent": "Mozilla/5.0",
              "sessionId": "session456",
              "tenantId": "tenant1"
            },
            {
              "timestamp": 1766403019237,
              "username": "user4",
              "credentialPair": "user4:cGFzczQ=",
              "success": false,
              "userAgent": "Mozilla/5.0",
              "sessionId": "session456",
              "tenantId": "tenant1"
            },
            {
              "timestamp": 1766403020238,
              "username": "user5",
              "credentialPair": "user5:cGFzczU=",
              "success": false,
              "userAgent": "Mozilla/5.0",
              "sessionId": "session456",
              "tenantId": "tenant1"
            },
            {
              "timestamp": 1766403021238,
              "username": "user6",
              "credentialPair": "user6:cGFzczY=",
              "success": false,
              "userAgent": "Mozilla/5.0",
              "sessionId": "session456",
              "tenantId": "tenant1"
            },
            {
              "timestamp": 1766403022238,
              "username": "user7",
              "credentialPair": "user7:cGFzczc=",
              "success": false,
              "userAgent": "Mozilla/5.0",
              "sessionId": "session456",
              "tenantId": "tenant1"
            },
            {
              "timestamp": 1766403023238,
              "username": "user8",
              "credentialPair": "user8:cGFzczg=",
              "success": false,
              "userAgent": "Mozilla/5.0",
              "sessionId": "session456",
              "tenantId": "tenant1"
            },
            {
              "timestamp": 1766403024238,
              "username": "user9",
              "credentialPair": "user9:cGFzczk=",
              "success": false,
              "userAgent": "Mozilla/5.0",
              "sessionId": "session456",
              "tenantId": "tenant1"
            },
            {
              "timestamp": 1766403025238,
              "username": "user10",
              "credentialPair": "user10:cGFzczEw",
              "success": false,
              "userAgent": "Mozilla/5.0",
              "sessionId": "session456",
              "tenantId": "tenant1"
            },
            {
              "timestamp": 1766403026238,
              "username": "user11",
              "credentialPair": "user11:cGFzczEx",
              "success": false,
              "userAgent": "Mozilla/5.0",
              "sessionId": "session456",
              "tenantId": "tenant1"
            },
            {
              "timestamp": 1766403027238,
              "username": "user12",
              "credentialPair": "user12:cGFzczEy",
              "success": false,
              "userAgent": "Mozilla/5.0",
              "sessionId": "session456",
              "tenantId": "tenant1"
            },
            {
              "timestamp": 1766403028238,
              "username": "user13",
              "credentialPair": "user13:cGFzczEz",
              "success": false,
              "userAgent": "Mozilla/5.0",
              "sessionId": "session456",
              "tenantId": "tenant1"
            },
            {
              "timestamp": 1766403029238,
              "username": "user14",
              "credentialPair": "user14:cGFzczE0",
              "success": false,
              "userAgent": "Mozilla/5.0",
              "sessionId": "session456",
              "tenantId": "tenant1"
            },
            {
              "timestamp": 1766403030238,
              "username": "user15",
              "credentialPair": "user15:cGFzczE1",
              "success": false,
              "userAgent": "Mozilla/5.0",
              "sessionId": "session456",
              "tenantId": "tenant1"
            },
            {
              "timestamp": 1766403031238,
              "username": "user16",
              "credentialPair": "user16:cGFzczE2",
              "success": false,
              "userAgent": "Mozilla/5.0",
              "sessionId": "session456",
              "tenantId": "tenant1"
            },
            {
              "timestamp": 1766403032238,
              "username": "user17",
              "credentialPair": "user17:cGFzczE3",
              "success": false,
              "userAgent": "Mozilla/5.0",
              "sessionId": "session456",
              "tenantId": "tenant1"
            },
            {
              "timestamp": 1766403033238,
              "username": "user18",
              "credentialPair": "user18:cGFzczE4",
              "success": false,
              "userAgent": "Mozilla/5.0",
              "sessionId": "session456",
              "tenantId": "tenant1"
            },
            {
              "timestamp": 1766403034238,
              "username": "user19",
              "credentialPair": "user19:cGFzczE5",
              "success": false,
              "userAgent": "Mozilla/5.0",
              "sessionId": "session456",
              "tenantId": "tenant1"
            },
            {
              "timestamp": 1766403035240,
              "username": "user20",
              "credentialPair": "user20:cGFzczIw",
              "success": false,
              "userAgent": "Mozilla/5.0",
              "sessionId": "session456",
              "tenantId": "tenant1"
            },
            {
              "timestamp": 1766403036241,
              "username": "user21",
              "credentialPair": "user21:cGFzczIx",
              "success": false,
              "userAgent": "Mozilla/5.0",
              "sessionId": "session456",
              "tenantId": "tenant1"
            },
            {
              "timestamp": 1766403037252,
              "username": "user22",
              "credentialPair": "user22:cGFzczIy",
              "success": false,
              "userAgent": "Mozilla/5.0",
              "sessionId": "session456",
              "tenantId": "tenant1"
            },
            {
              "timestamp": 1766403038254,
              "username": "user23",
              "credentialPair": "user23:cGFzczIz",
              "success": false,
              "userAgent": "Mozilla/5.0",
              "sessionId": "session456",
              "tenantId": "tenant1"
            },
            {
              "timestamp": 1766403039258,
              "username": "user24",
              "credentialPair": "user24:cGFzczI0",
              "success": false,
              "userAgent": "Mozilla/5.0",
              "sessionId": "session456",
              "tenantId": "tenant1"
            },
            {
              "timestamp": 1766403040269,
              "username": "user25",
              "credentialPair": "user25:cGFzczI1",
              "success": false,
              "userAgent": "Mozilla/5.0",
              "sessionId": "session456",
              "tenantId": "tenant1"
            },
            {
              "timestamp": 1766403041271,
              "username": "user26",
              "credentialPair": "user26:cGFzczI2",
              "success": false,
              "userAgent": "Mozilla/5.0",
              "sessionId": "session456",
              "tenantId": "tenant1"
            },
            {
              "timestamp": 1766403042273,
              "username": "user27",
              "credentialPair": "user27:cGFzczI3",
              "success": false,
              "userAgent": "Mozilla/5.0",
              "sessionId": "session456",
              "tenantId": "tenant1"
            }
          ],
          "credentialAnalysis": {
            "totalPairs": 28,
            "estimatedSource": "small_breach_or_targeted",
            "patternType": "manual"
          },
          "attackVector": "credential_stuffing"
        }
      }

      at Console.write [as log] (node_modules/winston/lib/wi
nston/transports/console.js:87:23)
          at Array.forEach (<anonymous>)

    console.log
      2025-12-22 13:30:15 [PLATFORM] [[31merror[39m]: 
Credential Stuffing Attack: credential_stuffing_breach_data 
{
        "platform": true,
        "ipAddress": "192.168.1.200",
        "uniqueCredentialPairs": 29,
        "uniqueUsernames": 29,
        "successRate": 0.034482758620689655,
        "potentialBreachSource": "small_breach_or_targeted",
        "violationType": "credential_stuffing_breach_data",
        "severity": "high",
        "description": "Credential stuffing using breach 
data detected",
        "forensicData": {
          "recentAttempts": [
            {
              "timestamp": 1766403015237,
              "username": "user0",
              "credentialPair": "user0:cGFzczA=",
              "success": true,
              "userAgent": "Mozilla/5.0",
              "sessionId": "session456",
              "tenantId": "tenant1"
            },
            {
              "timestamp": 1766403016237,
              "username": "user1",
              "credentialPair": "user1:cGFzczE=",
              "success": false,
              "userAgent": "Mozilla/5.0",
              "sessionId": "session456",
              "tenantId": "tenant1"
            },
            {
              "timestamp": 1766403017237,
              "username": "user2",
              "credentialPair": "user2:cGFzczI=",
              "success": false,
              "userAgent": "Mozilla/5.0",
              "sessionId": "session456",
              "tenantId": "tenant1"
            },
            {
              "timestamp": 1766403018237,
              "username": "user3",
              "credentialPair": "user3:cGFzczM=",
              "success": false,
              "userAgent": "Mozilla/5.0",
              "sessionId": "session456",
              "tenantId": "tenant1"
            },
            {
              "timestamp": 1766403019237,
              "username": "user4",
              "credentialPair": "user4:cGFzczQ=",
              "success": false,
              "userAgent": "Mozilla/5.0",
              "sessionId": "session456",
              "tenantId": "tenant1"
            },
            {
              "timestamp": 1766403020238,
              "username": "user5",
              "credentialPair": "user5:cGFzczU=",
              "success": false,
              "userAgent": "Mozilla/5.0",
              "sessionId": "session456",
              "tenantId": "tenant1"
            },
            {
              "timestamp": 1766403021238,
              "username": "user6",
              "credentialPair": "user6:cGFzczY=",
              "success": false,
              "userAgent": "Mozilla/5.0",
              "sessionId": "session456",
              "tenantId": "tenant1"
            },
            {
              "timestamp": 1766403022238,
              "username": "user7",
              "credentialPair": "user7:cGFzczc=",
              "success": false,
              "userAgent": "Mozilla/5.0",
              "sessionId": "session456",
              "tenantId": "tenant1"
            },
            {
              "timestamp": 1766403023238,
              "username": "user8",
              "credentialPair": "user8:cGFzczg=",
              "success": false,
              "userAgent": "Mozilla/5.0",
              "sessionId": "session456",
              "tenantId": "tenant1"
            },
            {
              "timestamp": 1766403024238,
              "username": "user9",
              "credentialPair": "user9:cGFzczk=",
              "success": false,
              "userAgent": "Mozilla/5.0",
              "sessionId": "session456",
              "tenantId": "tenant1"
            },
            {
              "timestamp": 1766403025238,
              "username": "user10",
              "credentialPair": "user10:cGFzczEw",
              "success": false,
              "userAgent": "Mozilla/5.0",
              "sessionId": "session456",
              "tenantId": "tenant1"
            },
            {
              "timestamp": 1766403026238,
              "username": "user11",
              "credentialPair": "user11:cGFzczEx",
              "success": false,
              "userAgent": "Mozilla/5.0",
              "sessionId": "session456",
              "tenantId": "tenant1"
            },
            {
              "timestamp": 1766403027238,
              "username": "user12",
              "credentialPair": "user12:cGFzczEy",
              "success": false,
              "userAgent": "Mozilla/5.0",
              "sessionId": "session456",
              "tenantId": "tenant1"
            },
            {
              "timestamp": 1766403028238,
              "username": "user13",
              "credentialPair": "user13:cGFzczEz",
              "success": false,
              "userAgent": "Mozilla/5.0",
              "sessionId": "session456",
              "tenantId": "tenant1"
            },
            {
              "timestamp": 1766403029238,
              "username": "user14",
              "credentialPair": "user14:cGFzczE0",
              "success": false,
              "userAgent": "Mozilla/5.0",
              "sessionId": "session456",
              "tenantId": "tenant1"
            },
            {
              "timestamp": 1766403030238,
              "username": "user15",
              "credentialPair": "user15:cGFzczE1",
              "success": false,
              "userAgent": "Mozilla/5.0",
              "sessionId": "session456",
              "tenantId": "tenant1"
            },
            {
              "timestamp": 1766403031238,
              "username": "user16",
              "credentialPair": "user16:cGFzczE2",
              "success": false,
              "userAgent": "Mozilla/5.0",
              "sessionId": "session456",
              "tenantId": "tenant1"
            },
            {
              "timestamp": 1766403032238,
              "username": "user17",
              "credentialPair": "user17:cGFzczE3",
              "success": false,
              "userAgent": "Mozilla/5.0",
              "sessionId": "session456",
              "tenantId": "tenant1"
            },
            {
              "timestamp": 1766403033238,
              "username": "user18",
              "credentialPair": "user18:cGFzczE4",
              "success": false,
              "userAgent": "Mozilla/5.0",
              "sessionId": "session456",
              "tenantId": "tenant1"
            },
            {
              "timestamp": 1766403034238,
              "username": "user19",
              "credentialPair": "user19:cGFzczE5",
              "success": false,
              "userAgent": "Mozilla/5.0",
              "sessionId": "session456",
              "tenantId": "tenant1"
            },
            {
              "timestamp": 1766403035240,
              "username": "user20",
              "credentialPair": "user20:cGFzczIw",
              "success": false,
              "userAgent": "Mozilla/5.0",
              "sessionId": "session456",
              "tenantId": "tenant1"
            },
            {
              "timestamp": 1766403036241,
              "username": "user21",
              "credentialPair": "user21:cGFzczIx",
              "success": false,
              "userAgent": "Mozilla/5.0",
              "sessionId": "session456",
              "tenantId": "tenant1"
            },
            {
              "timestamp": 1766403037252,
              "username": "user22",
              "credentialPair": "user22:cGFzczIy",
              "success": false,
              "userAgent": "Mozilla/5.0",
              "sessionId": "session456",
              "tenantId": "tenant1"
            },
            {
              "timestamp": 1766403038254,
              "username": "user23",
              "credentialPair": "user23:cGFzczIz",
              "success": false,
              "userAgent": "Mozilla/5.0",
              "sessionId": "session456",
              "tenantId": "tenant1"
            },
            {
              "timestamp": 1766403039258,
              "username": "user24",
              "credentialPair": "user24:cGFzczI0",
              "success": false,
              "userAgent": "Mozilla/5.0",
              "sessionId": "session456",
              "tenantId": "tenant1"
            },
            {
              "timestamp": 1766403040269,
              "username": "user25",
              "credentialPair": "user25:cGFzczI1",
              "success": false,
              "userAgent": "Mozilla/5.0",
              "sessionId": "session456",
              "tenantId": "tenant1"
            },
            {
              "timestamp": 1766403041271,
              "username": "user26",
              "credentialPair": "user26:cGFzczI2",
              "success": false,
              "userAgent": "Mozilla/5.0",
              "sessionId": "session456",
              "tenantId": "tenant1"
            },
            {
              "timestamp": 1766403042273,
              "username": "user27",
              "credentialPair": "user27:cGFzczI3",
              "success": false,
              "userAgent": "Mozilla/5.0",
              "sessionId": "session456",
              "tenantId": "tenant1"
            },
            {
              "timestamp": 1766403043274,
              "username": "user28",
              "credentialPair": "user28:cGFzczI4",
              "success": false,
              "userAgent": "Mozilla/5.0",
              "sessionId": "session456",
              "tenantId": "tenant1"
            }
          ],
          "credentialAnalysis": {
            "totalPairs": 29,
            "estimatedSource": "small_breach_or_targeted",
            "patternType": "manual"
          },
          "attackVector": "credential_stuffing"
        }
      }

      at Console.write [as log] (node_modules/winston/lib/wi
nston/transports/console.js:87:23)
          at Array.forEach (<anonymous>)

    console.log
      2025-12-22 13:30:15 [PLATFORM] [[31merror[39m]: 
Credential Stuffing Attack: credential_stuffing_breach_data 
{
        "platform": true,
        "ipAddress": "192.168.1.200",
        "uniqueCredentialPairs": 30,
        "uniqueUsernames": 30,
        "successRate": 0.03333333333333333,
        "potentialBreachSource": "small_breach_or_targeted",
        "violationType": "credential_stuffing_breach_data",
        "severity": "high",
        "description": "Credential stuffing using breach 
data detected",
        "forensicData": {
          "recentAttempts": [
            {
              "timestamp": 1766403015237,
              "username": "user0",
              "credentialPair": "user0:cGFzczA=",
              "success": true,
              "userAgent": "Mozilla/5.0",
              "sessionId": "session456",
              "tenantId": "tenant1"
            },
            {
              "timestamp": 1766403016237,
              "username": "user1",
              "credentialPair": "user1:cGFzczE=",
              "success": false,
              "userAgent": "Mozilla/5.0",
              "sessionId": "session456",
              "tenantId": "tenant1"
            },
            {
              "timestamp": 1766403017237,
              "username": "user2",
              "credentialPair": "user2:cGFzczI=",
              "success": false,
              "userAgent": "Mozilla/5.0",
              "sessionId": "session456",
              "tenantId": "tenant1"
            },
            {
              "timestamp": 1766403018237,
              "username": "user3",
              "credentialPair": "user3:cGFzczM=",
              "success": false,
              "userAgent": "Mozilla/5.0",
              "sessionId": "session456",
              "tenantId": "tenant1"
            },
            {
              "timestamp": 1766403019237,
              "username": "user4",
              "credentialPair": "user4:cGFzczQ=",
              "success": false,
              "userAgent": "Mozilla/5.0",
              "sessionId": "session456",
              "tenantId": "tenant1"
            },
            {
              "timestamp": 1766403020238,
              "username": "user5",
              "credentialPair": "user5:cGFzczU=",
              "success": false,
              "userAgent": "Mozilla/5.0",
              "sessionId": "session456",
              "tenantId": "tenant1"
            },
            {
              "timestamp": 1766403021238,
              "username": "user6",
              "credentialPair": "user6:cGFzczY=",
              "success": false,
              "userAgent": "Mozilla/5.0",
              "sessionId": "session456",
              "tenantId": "tenant1"
            },
            {
              "timestamp": 1766403022238,
              "username": "user7",
              "credentialPair": "user7:cGFzczc=",
              "success": false,
              "userAgent": "Mozilla/5.0",
              "sessionId": "session456",
              "tenantId": "tenant1"
            },
            {
              "timestamp": 1766403023238,
              "username": "user8",
              "credentialPair": "user8:cGFzczg=",
              "success": false,
              "userAgent": "Mozilla/5.0",
              "sessionId": "session456",
              "tenantId": "tenant1"
            },
            {
              "timestamp": 1766403024238,
              "username": "user9",
              "credentialPair": "user9:cGFzczk=",
              "success": false,
              "userAgent": "Mozilla/5.0",
              "sessionId": "session456",
              "tenantId": "tenant1"
            },
            {
              "timestamp": 1766403025238,
              "username": "user10",
              "credentialPair": "user10:cGFzczEw",
              "success": false,
              "userAgent": "Mozilla/5.0",
              "sessionId": "session456",
              "tenantId": "tenant1"
            },
            {
              "timestamp": 1766403026238,
              "username": "user11",
              "credentialPair": "user11:cGFzczEx",
              "success": false,
              "userAgent": "Mozilla/5.0",
              "sessionId": "session456",
              "tenantId": "tenant1"
            },
            {
              "timestamp": 1766403027238,
              "username": "user12",
              "credentialPair": "user12:cGFzczEy",
              "success": false,
              "userAgent": "Mozilla/5.0",
              "sessionId": "session456",
              "tenantId": "tenant1"
            },
            {
              "timestamp": 1766403028238,
              "username": "user13",
              "credentialPair": "user13:cGFzczEz",
              "success": false,
              "userAgent": "Mozilla/5.0",
              "sessionId": "session456",
              "tenantId": "tenant1"
            },
            {
              "timestamp": 1766403029238,
              "username": "user14",
              "credentialPair": "user14:cGFzczE0",
              "success": false,
              "userAgent": "Mozilla/5.0",
              "sessionId": "session456",
              "tenantId": "tenant1"
            },
            {
              "timestamp": 1766403030238,
              "username": "user15",
              "credentialPair": "user15:cGFzczE1",
              "success": false,
              "userAgent": "Mozilla/5.0",
              "sessionId": "session456",
              "tenantId": "tenant1"
            },
            {
              "timestamp": 1766403031238,
              "username": "user16",
              "credentialPair": "user16:cGFzczE2",
              "success": false,
              "userAgent": "Mozilla/5.0",
              "sessionId": "session456",
              "tenantId": "tenant1"
            },
            {
              "timestamp": 1766403032238,
              "username": "user17",
              "credentialPair": "user17:cGFzczE3",
              "success": false,
              "userAgent": "Mozilla/5.0",
              "sessionId": "session456",
              "tenantId": "tenant1"
            },
            {
              "timestamp": 1766403033238,
              "username": "user18",
              "credentialPair": "user18:cGFzczE4",
              "success": false,
              "userAgent": "Mozilla/5.0",
              "sessionId": "session456",
              "tenantId": "tenant1"
            },
            {
              "timestamp": 1766403034238,
              "username": "user19",
              "credentialPair": "user19:cGFzczE5",
              "success": false,
              "userAgent": "Mozilla/5.0",
              "sessionId": "session456",
              "tenantId": "tenant1"
            },
            {
              "timestamp": 1766403035240,
              "username": "user20",
              "credentialPair": "user20:cGFzczIw",
              "success": false,
              "userAgent": "Mozilla/5.0",
              "sessionId": "session456",
              "tenantId": "tenant1"
            },
            {
              "timestamp": 1766403036241,
              "username": "user21",
              "credentialPair": "user21:cGFzczIx",
              "success": false,
              "userAgent": "Mozilla/5.0",
              "sessionId": "session456",
              "tenantId": "tenant1"
            },
            {
              "timestamp": 1766403037252,
              "username": "user22",
              "credentialPair": "user22:cGFzczIy",
              "success": false,
              "userAgent": "Mozilla/5.0",
              "sessionId": "session456",
              "tenantId": "tenant1"
            },
            {
              "timestamp": 1766403038254,
              "username": "user23",
              "credentialPair": "user23:cGFzczIz",
              "success": false,
              "userAgent": "Mozilla/5.0",
              "sessionId": "session456",
              "tenantId": "tenant1"
            },
            {
              "timestamp": 1766403039258,
              "username": "user24",
              "credentialPair": "user24:cGFzczI0",
              "success": false,
              "userAgent": "Mozilla/5.0",
              "sessionId": "session456",
              "tenantId": "tenant1"
            },
            {
              "timestamp": 1766403040269,
              "username": "user25",
              "credentialPair": "user25:cGFzczI1",
              "success": false,
              "userAgent": "Mozilla/5.0",
              "sessionId": "session456",
              "tenantId": "tenant1"
            },
            {
              "timestamp": 1766403041271,
              "username": "user26",
              "credentialPair": "user26:cGFzczI2",
              "success": false,
              "userAgent": "Mozilla/5.0",
              "sessionId": "session456",
              "tenantId": "tenant1"
            },
            {
              "timestamp": 1766403042273,
              "username": "user27",
              "credentialPair": "user27:cGFzczI3",
              "success": false,
              "userAgent": "Mozilla/5.0",
              "sessionId": "session456",
              "tenantId": "tenant1"
            },
            {
              "timestamp": 1766403043274,
              "username": "user28",
              "credentialPair": "user28:cGFzczI4",
              "success": false,
              "userAgent": "Mozilla/5.0",
              "sessionId": "session456",
              "tenantId": "tenant1"
            },
            {
              "timestamp": 1766403044276,
              "username": "user29",
              "credentialPair": "user29:cGFzczI5",
              "success": false,
              "userAgent": "Mozilla/5.0",
              "sessionId": "session456",
              "tenantId": "tenant1"
            }
          ],
          "credentialAnalysis": {
            "totalPairs": 30,
            "estimatedSource": "small_breach_or_targeted",
            "patternType": "manual"
          },
          "attackVector": "credential_stuffing"
        }
      }

      at Console.write [as log] (node_modules/winston/lib/wi
nston/transports/console.js:87:23)
          at Array.forEach (<anonymous>)

    console.log
      2025-12-22 13:30:15 [PLATFORM] [[31merror[39m]: 
Credential Stuffing Attack: credential_stuffing_breach_data 
{
        "platform": true,
        "ipAddress": "192.168.1.200",
        "uniqueCredentialPairs": 31,
        "uniqueUsernames": 31,
        "successRate": 0.03225806451612903,
        "potentialBreachSource": "small_breach_or_targeted",
        "violationType": "credential_stuffing_breach_data",
        "severity": "high",
        "description": "Credential stuffing using breach 
data detected",
        "forensicData": {
          "recentAttempts": [
            {
              "timestamp": 1766403015237,
              "username": "user0",
              "credentialPair": "user0:cGFzczA=",
              "success": true,
              "userAgent": "Mozilla/5.0",
              "sessionId": "session456",
              "tenantId": "tenant1"
            },
            {
              "timestamp": 1766403016237,
              "username": "user1",
              "credentialPair": "user1:cGFzczE=",
              "success": false,
              "userAgent": "Mozilla/5.0",
              "sessionId": "session456",
              "tenantId": "tenant1"
            },
            {
              "timestamp": 1766403017237,
              "username": "user2",
              "credentialPair": "user2:cGFzczI=",
              "success": false,
              "userAgent": "Mozilla/5.0",
              "sessionId": "session456",
              "tenantId": "tenant1"
            },
            {
              "timestamp": 1766403018237,
              "username": "user3",
              "credentialPair": "user3:cGFzczM=",
              "success": false,
              "userAgent": "Mozilla/5.0",
              "sessionId": "session456",
              "tenantId": "tenant1"
            },
            {
              "timestamp": 1766403019237,
              "username": "user4",
              "credentialPair": "user4:cGFzczQ=",
              "success": false,
              "userAgent": "Mozilla/5.0",
              "sessionId": "session456",
              "tenantId": "tenant1"
            },
            {
              "timestamp": 1766403020238,
              "username": "user5",
              "credentialPair": "user5:cGFzczU=",
              "success": false,
              "userAgent": "Mozilla/5.0",
              "sessionId": "session456",
              "tenantId": "tenant1"
            },
            {
              "timestamp": 1766403021238,
              "username": "user6",
              "credentialPair": "user6:cGFzczY=",
              "success": false,
              "userAgent": "Mozilla/5.0",
              "sessionId": "session456",
              "tenantId": "tenant1"
            },
            {
              "timestamp": 1766403022238,
              "username": "user7",
              "credentialPair": "user7:cGFzczc=",
              "success": false,
              "userAgent": "Mozilla/5.0",
              "sessionId": "session456",
              "tenantId": "tenant1"
            },
            {
              "timestamp": 1766403023238,
              "username": "user8",
              "credentialPair": "user8:cGFzczg=",
              "success": false,
              "userAgent": "Mozilla/5.0",
              "sessionId": "session456",
              "tenantId": "tenant1"
            },
            {
              "timestamp": 1766403024238,
              "username": "user9",
              "credentialPair": "user9:cGFzczk=",
              "success": false,
              "userAgent": "Mozilla/5.0",
              "sessionId": "session456",
              "tenantId": "tenant1"
            },
            {
              "timestamp": 1766403025238,
              "username": "user10",
              "credentialPair": "user10:cGFzczEw",
              "success": false,
              "userAgent": "Mozilla/5.0",
              "sessionId": "session456",
              "tenantId": "tenant1"
            },
            {
              "timestamp": 1766403026238,
              "username": "user11",
              "credentialPair": "user11:cGFzczEx",
              "success": false,
              "userAgent": "Mozilla/5.0",
              "sessionId": "session456",
              "tenantId": "tenant1"
            },
            {
              "timestamp": 1766403027238,
              "username": "user12",
              "credentialPair": "user12:cGFzczEy",
              "success": false,
              "userAgent": "Mozilla/5.0",
              "sessionId": "session456",
              "tenantId": "tenant1"
            },
            {
              "timestamp": 1766403028238,
              "username": "user13",
              "credentialPair": "user13:cGFzczEz",
              "success": false,
              "userAgent": "Mozilla/5.0",
              "sessionId": "session456",
              "tenantId": "tenant1"
            },
            {
              "timestamp": 1766403029238,
              "username": "user14",
              "credentialPair": "user14:cGFzczE0",
              "success": false,
              "userAgent": "Mozilla/5.0",
              "sessionId": "session456",
              "tenantId": "tenant1"
            },
            {
              "timestamp": 1766403030238,
              "username": "user15",
              "credentialPair": "user15:cGFzczE1",
              "success": false,
              "userAgent": "Mozilla/5.0",
              "sessionId": "session456",
              "tenantId": "tenant1"
            },
            {
              "timestamp": 1766403031238,
              "username": "user16",
              "credentialPair": "user16:cGFzczE2",
              "success": false,
              "userAgent": "Mozilla/5.0",
              "sessionId": "session456",
              "tenantId": "tenant1"
            },
            {
              "timestamp": 1766403032238,
              "username": "user17",
              "credentialPair": "user17:cGFzczE3",
              "success": false,
              "userAgent": "Mozilla/5.0",
              "sessionId": "session456",
              "tenantId": "tenant1"
            },
            {
              "timestamp": 1766403033238,
              "username": "user18",
              "credentialPair": "user18:cGFzczE4",
              "success": false,
              "userAgent": "Mozilla/5.0",
              "sessionId": "session456",
              "tenantId": "tenant1"
            },
            {
              "timestamp": 1766403034238,
              "username": "user19",
              "credentialPair": "user19:cGFzczE5",
              "success": false,
              "userAgent": "Mozilla/5.0",
              "sessionId": "session456",
              "tenantId": "tenant1"
            },
            {
              "timestamp": 1766403035240,
              "username": "user20",
              "credentialPair": "user20:cGFzczIw",
              "success": false,
              "userAgent": "Mozilla/5.0",
              "sessionId": "session456",
              "tenantId": "tenant1"
            },
            {
              "timestamp": 1766403036241,
              "username": "user21",
              "credentialPair": "user21:cGFzczIx",
              "success": false,
              "userAgent": "Mozilla/5.0",
              "sessionId": "session456",
              "tenantId": "tenant1"
            },
            {
              "timestamp": 1766403037252,
              "username": "user22",
              "credentialPair": "user22:cGFzczIy",
              "success": false,
              "userAgent": "Mozilla/5.0",
              "sessionId": "session456",
              "tenantId": "tenant1"
            },
            {
              "timestamp": 1766403038254,
              "username": "user23",
              "credentialPair": "user23:cGFzczIz",
              "success": false,
              "userAgent": "Mozilla/5.0",
              "sessionId": "session456",
              "tenantId": "tenant1"
            },
            {
              "timestamp": 1766403039258,
              "username": "user24",
              "credentialPair": "user24:cGFzczI0",
              "success": false,
              "userAgent": "Mozilla/5.0",
              "sessionId": "session456",
              "tenantId": "tenant1"
            },
            {
              "timestamp": 1766403040269,
              "username": "user25",
              "credentialPair": "user25:cGFzczI1",
              "success": false,
              "userAgent": "Mozilla/5.0",
              "sessionId": "session456",
              "tenantId": "tenant1"
            },
            {
              "timestamp": 1766403041271,
              "username": "user26",
              "credentialPair": "user26:cGFzczI2",
              "success": false,
              "userAgent": "Mozilla/5.0",
              "sessionId": "session456",
              "tenantId": "tenant1"
            },
            {
              "timestamp": 1766403042273,
              "username": "user27",
              "credentialPair": "user27:cGFzczI3",
              "success": false,
              "userAgent": "Mozilla/5.0",
              "sessionId": "session456",
              "tenantId": "tenant1"
            },
            {
              "timestamp": 1766403043274,
              "username": "user28",
              "credentialPair": "user28:cGFzczI4",
              "success": false,
              "userAgent": "Mozilla/5.0",
              "sessionId": "session456",
              "tenantId": "tenant1"
            },
            {
              "timestamp": 1766403044276,
              "username": "user29",
              "credentialPair": "user29:cGFzczI5",
              "success": false,
              "userAgent": "Mozilla/5.0",
              "sessionId": "session456",
              "tenantId": "tenant1"
            },
            {
              "timestamp": 1766403045282,
              "username": "user30",
              "credentialPair": "user30:cGFzczMw",
              "success": false,
              "userAgent": "Mozilla/5.0",
              "sessionId": "session456",
              "tenantId": "tenant1"
            }
          ],
          "credentialAnalysis": {
            "totalPairs": 31,
            "estimatedSource": "small_breach_or_targeted",
            "patternType": "manual"
          },
          "attackVector": "credential_stuffing"
        }
      }

      at Console.write [as log] (node_modules/winston/lib/wi
nston/transports/console.js:87:23)
          at Array.forEach (<anonymous>)

    console.log
      2025-12-22 13:30:15 [PLATFORM] [[31merror[39m]: 
Credential Stuffing Attack: credential_stuffing_breach_data 
{
        "platform": true,
        "ipAddress": "192.168.1.200",
        "uniqueCredentialPairs": 32,
        "uniqueUsernames": 32,
        "successRate": 0.03125,
        "potentialBreachSource": "small_breach_or_targeted",
        "violationType": "credential_stuffing_breach_data",
        "severity": "high",
        "description": "Credential stuffing using breach 
data detected",
        "forensicData": {
          "recentAttempts": [
            {
              "timestamp": 1766403015237,
              "username": "user0",
              "credentialPair": "user0:cGFzczA=",
              "success": true,
              "userAgent": "Mozilla/5.0",
              "sessionId": "session456",
              "tenantId": "tenant1"
            },
            {
              "timestamp": 1766403016237,
              "username": "user1",
              "credentialPair": "user1:cGFzczE=",
              "success": false,
              "userAgent": "Mozilla/5.0",
              "sessionId": "session456",
              "tenantId": "tenant1"
            },
            {
              "timestamp": 1766403017237,
              "username": "user2",
              "credentialPair": "user2:cGFzczI=",
              "success": false,
              "userAgent": "Mozilla/5.0",
              "sessionId": "session456",
              "tenantId": "tenant1"
            },
            {
              "timestamp": 1766403018237,
              "username": "user3",
              "credentialPair": "user3:cGFzczM=",
              "success": false,
              "userAgent": "Mozilla/5.0",
              "sessionId": "session456",
              "tenantId": "tenant1"
            },
            {
              "timestamp": 1766403019237,
              "username": "user4",
              "credentialPair": "user4:cGFzczQ=",
              "success": false,
              "userAgent": "Mozilla/5.0",
              "sessionId": "session456",
              "tenantId": "tenant1"
            },
            {
              "timestamp": 1766403020238,
              "username": "user5",
              "credentialPair": "user5:cGFzczU=",
              "success": false,
              "userAgent": "Mozilla/5.0",
              "sessionId": "session456",
              "tenantId": "tenant1"
            },
            {
              "timestamp": 1766403021238,
              "username": "user6",
              "credentialPair": "user6:cGFzczY=",
              "success": false,
              "userAgent": "Mozilla/5.0",
              "sessionId": "session456",
              "tenantId": "tenant1"
            },
            {
              "timestamp": 1766403022238,
              "username": "user7",
              "credentialPair": "user7:cGFzczc=",
              "success": false,
              "userAgent": "Mozilla/5.0",
              "sessionId": "session456",
              "tenantId": "tenant1"
            },
            {
              "timestamp": 1766403023238,
              "username": "user8",
              "credentialPair": "user8:cGFzczg=",
              "success": false,
              "userAgent": "Mozilla/5.0",
              "sessionId": "session456",
              "tenantId": "tenant1"
            },
            {
              "timestamp": 1766403024238,
              "username": "user9",
              "credentialPair": "user9:cGFzczk=",
              "success": false,
              "userAgent": "Mozilla/5.0",
              "sessionId": "session456",
              "tenantId": "tenant1"
            },
            {
              "timestamp": 1766403025238,
              "username": "user10",
              "credentialPair": "user10:cGFzczEw",
              "success": false,
              "userAgent": "Mozilla/5.0",
              "sessionId": "session456",
              "tenantId": "tenant1"
            },
            {
              "timestamp": 1766403026238,
              "username": "user11",
              "credentialPair": "user11:cGFzczEx",
              "success": false,
              "userAgent": "Mozilla/5.0",
              "sessionId": "session456",
              "tenantId": "tenant1"
            },
            {
              "timestamp": 1766403027238,
              "username": "user12",
              "credentialPair": "user12:cGFzczEy",
              "success": false,
              "userAgent": "Mozilla/5.0",
              "sessionId": "session456",
              "tenantId": "tenant1"
            },
            {
              "timestamp": 1766403028238,
              "username": "user13",
              "credentialPair": "user13:cGFzczEz",
              "success": false,
              "userAgent": "Mozilla/5.0",
              "sessionId": "session456",
              "tenantId": "tenant1"
            },
            {
              "timestamp": 1766403029238,
              "username": "user14",
              "credentialPair": "user14:cGFzczE0",
              "success": false,
              "userAgent": "Mozilla/5.0",
              "sessionId": "session456",
              "tenantId": "tenant1"
            },
            {
              "timestamp": 1766403030238,
              "username": "user15",
              "credentialPair": "user15:cGFzczE1",
              "success": false,
              "userAgent": "Mozilla/5.0",
              "sessionId": "session456",
              "tenantId": "tenant1"
            },
            {
              "timestamp": 1766403031238,
              "username": "user16",
              "credentialPair": "user16:cGFzczE2",
              "success": false,
              "userAgent": "Mozilla/5.0",
              "sessionId": "session456",
              "tenantId": "tenant1"
            },
            {
              "timestamp": 1766403032238,
              "username": "user17",
              "credentialPair": "user17:cGFzczE3",
              "success": false,
              "userAgent": "Mozilla/5.0",
              "sessionId": "session456",
              "tenantId": "tenant1"
            },
            {
              "timestamp": 1766403033238,
              "username": "user18",
              "credentialPair": "user18:cGFzczE4",
              "success": false,
              "userAgent": "Mozilla/5.0",
              "sessionId": "session456",
              "tenantId": "tenant1"
            },
            {
              "timestamp": 1766403034238,
              "username": "user19",
              "credentialPair": "user19:cGFzczE5",
              "success": false,
              "userAgent": "Mozilla/5.0",
              "sessionId": "session456",
              "tenantId": "tenant1"
            },
            {
              "timestamp": 1766403035240,
              "username": "user20",
              "credentialPair": "user20:cGFzczIw",
              "success": false,
              "userAgent": "Mozilla/5.0",
              "sessionId": "session456",
              "tenantId": "tenant1"
            },
            {
              "timestamp": 1766403036241,
              "username": "user21",
              "credentialPair": "user21:cGFzczIx",
              "success": false,
              "userAgent": "Mozilla/5.0",
              "sessionId": "session456",
              "tenantId": "tenant1"
            },
            {
              "timestamp": 1766403037252,
              "username": "user22",
              "credentialPair": "user22:cGFzczIy",
              "success": false,
              "userAgent": "Mozilla/5.0",
              "sessionId": "session456",
              "tenantId": "tenant1"
            },
            {
              "timestamp": 1766403038254,
              "username": "user23",
              "credentialPair": "user23:cGFzczIz",
              "success": false,
              "userAgent": "Mozilla/5.0",
              "sessionId": "session456",
              "tenantId": "tenant1"
            },
            {
              "timestamp": 1766403039258,
              "username": "user24",
              "credentialPair": "user24:cGFzczI0",
              "success": false,
              "userAgent": "Mozilla/5.0",
              "sessionId": "session456",
              "tenantId": "tenant1"
            },
            {
              "timestamp": 1766403040269,
              "username": "user25",
              "credentialPair": "user25:cGFzczI1",
              "success": false,
              "userAgent": "Mozilla/5.0",
              "sessionId": "session456",
              "tenantId": "tenant1"
            },
            {
              "timestamp": 1766403041271,
              "username": "user26",
              "credentialPair": "user26:cGFzczI2",
              "success": false,
              "userAgent": "Mozilla/5.0",
              "sessionId": "session456",
              "tenantId": "tenant1"
            },
            {
              "timestamp": 1766403042273,
              "username": "user27",
              "credentialPair": "user27:cGFzczI3",
              "success": false,
              "userAgent": "Mozilla/5.0",
              "sessionId": "session456",
              "tenantId": "tenant1"
            },
            {
              "timestamp": 1766403043274,
              "username": "user28",
              "credentialPair": "user28:cGFzczI4",
              "success": false,
              "userAgent": "Mozilla/5.0",
              "sessionId": "session456",
              "tenantId": "tenant1"
            },
            {
              "timestamp": 1766403044276,
              "username": "user29",
              "credentialPair": "user29:cGFzczI5",
              "success": false,
              "userAgent": "Mozilla/5.0",
              "sessionId": "session456",
              "tenantId": "tenant1"
            },
            {
              "timestamp": 1766403045282,
              "username": "user30",
              "credentialPair": "user30:cGFzczMw",
              "success": false,
              "userAgent": "Mozilla/5.0",
              "sessionId": "session456",
              "tenantId": "tenant1"
            },
            {
              "timestamp": 1766403046284,
              "username": "user31",
              "credentialPair": "user31:cGFzczMx",
              "success": false,
              "userAgent": "Mozilla/5.0",
              "sessionId": "session456",
              "tenantId": "tenant1"
            }
          ],
          "credentialAnalysis": {
            "totalPairs": 32,
            "estimatedSource": "small_breach_or_targeted",
            "patternType": "manual"
          },
          "attackVector": "credential_stuffing"
        }
      }

      at Console.write [as log] (node_modules/winston/lib/wi
nston/transports/console.js:87:23)
          at Array.forEach (<anonymous>)

    console.log
      2025-12-22 13:30:15 [PLATFORM] [[31merror[39m]: 
Credential Stuffing Attack: credential_stuffing_breach_data 
{
        "platform": true,
        "ipAddress": "192.168.1.200",
        "uniqueCredentialPairs": 33,
        "uniqueUsernames": 33,
        "successRate": 0.030303030303030304,
        "potentialBreachSource": "small_breach_or_targeted",
        "violationType": "credential_stuffing_breach_data",
        "severity": "high",
        "description": "Credential stuffing using breach 
data detected",
        "forensicData": {
          "recentAttempts": [
            {
              "timestamp": 1766403015237,
              "username": "user0",
              "credentialPair": "user0:cGFzczA=",
              "success": true,
              "userAgent": "Mozilla/5.0",
              "sessionId": "session456",
              "tenantId": "tenant1"
            },
            {
              "timestamp": 1766403016237,
              "username": "user1",
              "credentialPair": "user1:cGFzczE=",
              "success": false,
              "userAgent": "Mozilla/5.0",
              "sessionId": "session456",
              "tenantId": "tenant1"
            },
            {
              "timestamp": 1766403017237,
              "username": "user2",
              "credentialPair": "user2:cGFzczI=",
              "success": false,
              "userAgent": "Mozilla/5.0",
              "sessionId": "session456",
              "tenantId": "tenant1"
            },
            {
              "timestamp": 1766403018237,
              "username": "user3",
              "credentialPair": "user3:cGFzczM=",
              "success": false,
              "userAgent": "Mozilla/5.0",
              "sessionId": "session456",
              "tenantId": "tenant1"
            },
            {
              "timestamp": 1766403019237,
              "username": "user4",
              "credentialPair": "user4:cGFzczQ=",
              "success": false,
              "userAgent": "Mozilla/5.0",
              "sessionId": "session456",
              "tenantId": "tenant1"
            },
            {
              "timestamp": 1766403020238,
              "username": "user5",
              "credentialPair": "user5:cGFzczU=",
              "success": false,
              "userAgent": "Mozilla/5.0",
              "sessionId": "session456",
              "tenantId": "tenant1"
            },
            {
              "timestamp": 1766403021238,
              "username": "user6",
              "credentialPair": "user6:cGFzczY=",
              "success": false,
              "userAgent": "Mozilla/5.0",
              "sessionId": "session456",
              "tenantId": "tenant1"
            },
            {
              "timestamp": 1766403022238,
              "username": "user7",
              "credentialPair": "user7:cGFzczc=",
              "success": false,
              "userAgent": "Mozilla/5.0",
              "sessionId": "session456",
              "tenantId": "tenant1"
            },
            {
              "timestamp": 1766403023238,
              "username": "user8",
              "credentialPair": "user8:cGFzczg=",
              "success": false,
              "userAgent": "Mozilla/5.0",
              "sessionId": "session456",
              "tenantId": "tenant1"
            },
            {
              "timestamp": 1766403024238,
              "username": "user9",
              "credentialPair": "user9:cGFzczk=",
              "success": false,
              "userAgent": "Mozilla/5.0",
              "sessionId": "session456",
              "tenantId": "tenant1"
            },
            {
              "timestamp": 1766403025238,
              "username": "user10",
              "credentialPair": "user10:cGFzczEw",
              "success": false,
              "userAgent": "Mozilla/5.0",
              "sessionId": "session456",
              "tenantId": "tenant1"
            },
            {
              "timestamp": 1766403026238,
              "username": "user11",
              "credentialPair": "user11:cGFzczEx",
              "success": false,
              "userAgent": "Mozilla/5.0",
              "sessionId": "session456",
              "tenantId": "tenant1"
            },
            {
              "timestamp": 1766403027238,
              "username": "user12",
              "credentialPair": "user12:cGFzczEy",
              "success": false,
              "userAgent": "Mozilla/5.0",
              "sessionId": "session456",
              "tenantId": "tenant1"
            },
            {
              "timestamp": 1766403028238,
              "username": "user13",
              "credentialPair": "user13:cGFzczEz",
              "success": false,
              "userAgent": "Mozilla/5.0",
              "sessionId": "session456",
              "tenantId": "tenant1"
            },
            {
              "timestamp": 1766403029238,
              "username": "user14",
              "credentialPair": "user14:cGFzczE0",
              "success": false,
              "userAgent": "Mozilla/5.0",
              "sessionId": "session456",
              "tenantId": "tenant1"
            },
            {
              "timestamp": 1766403030238,
              "username": "user15",
              "credentialPair": "user15:cGFzczE1",
              "success": false,
              "userAgent": "Mozilla/5.0",
              "sessionId": "session456",
              "tenantId": "tenant1"
            },
            {
              "timestamp": 1766403031238,
              "username": "user16",
              "credentialPair": "user16:cGFzczE2",
              "success": false,
              "userAgent": "Mozilla/5.0",
              "sessionId": "session456",
              "tenantId": "tenant1"
            },
            {
              "timestamp": 1766403032238,
              "username": "user17",
              "credentialPair": "user17:cGFzczE3",
              "success": false,
              "userAgent": "Mozilla/5.0",
              "sessionId": "session456",
              "tenantId": "tenant1"
            },
            {
              "timestamp": 1766403033238,
              "username": "user18",
              "credentialPair": "user18:cGFzczE4",
              "success": false,
              "userAgent": "Mozilla/5.0",
              "sessionId": "session456",
              "tenantId": "tenant1"
            },
            {
              "timestamp": 1766403034238,
              "username": "user19",
              "credentialPair": "user19:cGFzczE5",
              "success": false,
              "userAgent": "Mozilla/5.0",
              "sessionId": "session456",
              "tenantId": "tenant1"
            },
            {
              "timestamp": 1766403035240,
              "username": "user20",
              "credentialPair": "user20:cGFzczIw",
              "success": false,
              "userAgent": "Mozilla/5.0",
              "sessionId": "session456",
              "tenantId": "tenant1"
            },
            {
              "timestamp": 1766403036241,
              "username": "user21",
              "credentialPair": "user21:cGFzczIx",
              "success": false,
              "userAgent": "Mozilla/5.0",
              "sessionId": "session456",
              "tenantId": "tenant1"
            },
            {
              "timestamp": 1766403037252,
              "username": "user22",
              "credentialPair": "user22:cGFzczIy",
              "success": false,
              "userAgent": "Mozilla/5.0",
              "sessionId": "session456",
              "tenantId": "tenant1"
            },
            {
              "timestamp": 1766403038254,
              "username": "user23",
              "credentialPair": "user23:cGFzczIz",
              "success": false,
              "userAgent": "Mozilla/5.0",
              "sessionId": "session456",
              "tenantId": "tenant1"
            },
            {
              "timestamp": 1766403039258,
              "username": "user24",
              "credentialPair": "user24:cGFzczI0",
              "success": false,
              "userAgent": "Mozilla/5.0",
              "sessionId": "session456",
              "tenantId": "tenant1"
            },
            {
              "timestamp": 1766403040269,
              "username": "user25",
              "credentialPair": "user25:cGFzczI1",
              "success": false,
              "userAgent": "Mozilla/5.0",
              "sessionId": "session456",
              "tenantId": "tenant1"
            },
            {
              "timestamp": 1766403041271,
              "username": "user26",
              "credentialPair": "user26:cGFzczI2",
              "success": false,
              "userAgent": "Mozilla/5.0",
              "sessionId": "session456",
              "tenantId": "tenant1"
            },
            {
              "timestamp": 1766403042273,
              "username": "user27",
              "credentialPair": "user27:cGFzczI3",
              "success": false,
              "userAgent": "Mozilla/5.0",
              "sessionId": "session456",
              "tenantId": "tenant1"
            },
            {
              "timestamp": 1766403043274,
              "username": "user28",
              "credentialPair": "user28:cGFzczI4",
              "success": false,
              "userAgent": "Mozilla/5.0",
              "sessionId": "session456",
              "tenantId": "tenant1"
            },
            {
              "timestamp": 1766403044276,
              "username": "user29",
              "credentialPair": "user29:cGFzczI5",
              "success": false,
              "userAgent": "Mozilla/5.0",
              "sessionId": "session456",
              "tenantId": "tenant1"
            },
            {
              "timestamp": 1766403045282,
              "username": "user30",
              "credentialPair": "user30:cGFzczMw",
              "success": false,
              "userAgent": "Mozilla/5.0",
              "sessionId": "session456",
              "tenantId": "tenant1"
            },
            {
              "timestamp": 1766403046284,
              "username": "user31",
              "credentialPair": "user31:cGFzczMx",
              "success": false,
              "userAgent": "Mozilla/5.0",
              "sessionId": "session456",
              "tenantId": "tenant1"
            },
            {
              "timestamp": 1766403047285,
              "username": "user32",
              "credentialPair": "user32:cGFzczMy",
              "success": false,
              "userAgent": "Mozilla/5.0",
              "sessionId": "session456",
              "tenantId": "tenant1"
            }
          ],
          "credentialAnalysis": {
            "totalPairs": 33,
            "estimatedSource": "small_breach_or_targeted",
            "patternType": "manual"
          },
          "attackVector": "credential_stuffing"
        }
      }

      at Console.write [as log] (node_modules/winston/lib/wi
nston/transports/console.js:87:23)
          at Array.forEach (<anonymous>)

    console.log
      2025-12-22 13:30:15 [PLATFORM] [[31merror[39m]: 
Credential Stuffing Attack: credential_stuffing_breach_data 
{
        "platform": true,
        "ipAddress": "192.168.1.200",
        "uniqueCredentialPairs": 34,
        "uniqueUsernames": 34,
        "successRate": 0.029411764705882353,
        "potentialBreachSource": "small_breach_or_targeted",
        "violationType": "credential_stuffing_breach_data",
        "severity": "high",
        "description": "Credential stuffing using breach 
data detected",
        "forensicData": {
          "recentAttempts": [
            {
              "timestamp": 1766403015237,
              "username": "user0",
              "credentialPair": "user0:cGFzczA=",
              "success": true,
              "userAgent": "Mozilla/5.0",
              "sessionId": "session456",
              "tenantId": "tenant1"
            },
            {
              "timestamp": 1766403016237,
              "username": "user1",
              "credentialPair": "user1:cGFzczE=",
              "success": false,
              "userAgent": "Mozilla/5.0",
              "sessionId": "session456",
              "tenantId": "tenant1"
            },
            {
              "timestamp": 1766403017237,
              "username": "user2",
              "credentialPair": "user2:cGFzczI=",
              "success": false,
              "userAgent": "Mozilla/5.0",
              "sessionId": "session456",
              "tenantId": "tenant1"
            },
            {
              "timestamp": 1766403018237,
              "username": "user3",
              "credentialPair": "user3:cGFzczM=",
              "success": false,
              "userAgent": "Mozilla/5.0",
              "sessionId": "session456",
              "tenantId": "tenant1"
            },
            {
              "timestamp": 1766403019237,
              "username": "user4",
              "credentialPair": "user4:cGFzczQ=",
              "success": false,
              "userAgent": "Mozilla/5.0",
              "sessionId": "session456",
              "tenantId": "tenant1"
            },
            {
              "timestamp": 1766403020238,
              "username": "user5",
              "credentialPair": "user5:cGFzczU=",
              "success": false,
              "userAgent": "Mozilla/5.0",
              "sessionId": "session456",
              "tenantId": "tenant1"
            },
            {
              "timestamp": 1766403021238,
              "username": "user6",
              "credentialPair": "user6:cGFzczY=",
              "success": false,
              "userAgent": "Mozilla/5.0",
              "sessionId": "session456",
              "tenantId": "tenant1"
            },
            {
              "timestamp": 1766403022238,
              "username": "user7",
              "credentialPair": "user7:cGFzczc=",
              "success": false,
              "userAgent": "Mozilla/5.0",
              "sessionId": "session456",
              "tenantId": "tenant1"
            },
            {
              "timestamp": 1766403023238,
              "username": "user8",
              "credentialPair": "user8:cGFzczg=",
              "success": false,
              "userAgent": "Mozilla/5.0",
              "sessionId": "session456",
              "tenantId": "tenant1"
            },
            {
              "timestamp": 1766403024238,
              "username": "user9",
              "credentialPair": "user9:cGFzczk=",
              "success": false,
              "userAgent": "Mozilla/5.0",
              "sessionId": "session456",
              "tenantId": "tenant1"
            },
            {
              "timestamp": 1766403025238,
              "username": "user10",
              "credentialPair": "user10:cGFzczEw",
              "success": false,
              "userAgent": "Mozilla/5.0",
              "sessionId": "session456",
              "tenantId": "tenant1"
            },
            {
              "timestamp": 1766403026238,
              "username": "user11",
              "credentialPair": "user11:cGFzczEx",
              "success": false,
              "userAgent": "Mozilla/5.0",
              "sessionId": "session456",
              "tenantId": "tenant1"
            },
            {
              "timestamp": 1766403027238,
              "username": "user12",
              "credentialPair": "user12:cGFzczEy",
              "success": false,
              "userAgent": "Mozilla/5.0",
              "sessionId": "session456",
              "tenantId": "tenant1"
            },
            {
              "timestamp": 1766403028238,
              "username": "user13",
              "credentialPair": "user13:cGFzczEz",
              "success": false,
              "userAgent": "Mozilla/5.0",
              "sessionId": "session456",
              "tenantId": "tenant1"
            },
            {
              "timestamp": 1766403029238,
              "username": "user14",
              "credentialPair": "user14:cGFzczE0",
              "success": false,
              "userAgent": "Mozilla/5.0",
              "sessionId": "session456",
              "tenantId": "tenant1"
            },
            {
              "timestamp": 1766403030238,
              "username": "user15",
              "credentialPair": "user15:cGFzczE1",
              "success": false,
              "userAgent": "Mozilla/5.0",
              "sessionId": "session456",
              "tenantId": "tenant1"
            },
            {
              "timestamp": 1766403031238,
              "username": "user16",
              "credentialPair": "user16:cGFzczE2",
              "success": false,
              "userAgent": "Mozilla/5.0",
              "sessionId": "session456",
              "tenantId": "tenant1"
            },
            {
              "timestamp": 1766403032238,
              "username": "user17",
              "credentialPair": "user17:cGFzczE3",
              "success": false,
              "userAgent": "Mozilla/5.0",
              "sessionId": "session456",
              "tenantId": "tenant1"
            },
            {
              "timestamp": 1766403033238,
              "username": "user18",
              "credentialPair": "user18:cGFzczE4",
              "success": false,
              "userAgent": "Mozilla/5.0",
              "sessionId": "session456",
              "tenantId": "tenant1"
            },
            {
              "timestamp": 1766403034238,
              "username": "user19",
              "credentialPair": "user19:cGFzczE5",
              "success": false,
              "userAgent": "Mozilla/5.0",
              "sessionId": "session456",
              "tenantId": "tenant1"
            },
            {
              "timestamp": 1766403035240,
              "username": "user20",
              "credentialPair": "user20:cGFzczIw",
              "success": false,
              "userAgent": "Mozilla/5.0",
              "sessionId": "session456",
              "tenantId": "tenant1"
            },
            {
              "timestamp": 1766403036241,
              "username": "user21",
              "credentialPair": "user21:cGFzczIx",
              "success": false,
              "userAgent": "Mozilla/5.0",
              "sessionId": "session456",
              "tenantId": "tenant1"
            },
            {
              "timestamp": 1766403037252,
              "username": "user22",
              "credentialPair": "user22:cGFzczIy",
              "success": false,
              "userAgent": "Mozilla/5.0",
              "sessionId": "session456",
              "tenantId": "tenant1"
            },
            {
              "timestamp": 1766403038254,
              "username": "user23",
              "credentialPair": "user23:cGFzczIz",
              "success": false,
              "userAgent": "Mozilla/5.0",
              "sessionId": "session456",
              "tenantId": "tenant1"
            },
            {
              "timestamp": 1766403039258,
              "username": "user24",
              "credentialPair": "user24:cGFzczI0",
              "success": false,
              "userAgent": "Mozilla/5.0",
              "sessionId": "session456",
              "tenantId": "tenant1"
            },
            {
              "timestamp": 1766403040269,
              "username": "user25",
              "credentialPair": "user25:cGFzczI1",
              "success": false,
              "userAgent": "Mozilla/5.0",
              "sessionId": "session456",
              "tenantId": "tenant1"
            },
            {
              "timestamp": 1766403041271,
              "username": "user26",
              "credentialPair": "user26:cGFzczI2",
              "success": false,
              "userAgent": "Mozilla/5.0",
              "sessionId": "session456",
              "tenantId": "tenant1"
            },
            {
              "timestamp": 1766403042273,
              "username": "user27",
              "credentialPair": "user27:cGFzczI3",
              "success": false,
              "userAgent": "Mozilla/5.0",
              "sessionId": "session456",
              "tenantId": "tenant1"
            },
            {
              "timestamp": 1766403043274,
              "username": "user28",
              "credentialPair": "user28:cGFzczI4",
              "success": false,
              "userAgent": "Mozilla/5.0",
              "sessionId": "session456",
              "tenantId": "tenant1"
            },
            {
              "timestamp": 1766403044276,
              "username": "user29",
              "credentialPair": "user29:cGFzczI5",
              "success": false,
              "userAgent": "Mozilla/5.0",
              "sessionId": "session456",
              "tenantId": "tenant1"
            },
            {
              "timestamp": 1766403045282,
              "username": "user30",
              "credentialPair": "user30:cGFzczMw",
              "success": false,
              "userAgent": "Mozilla/5.0",
              "sessionId": "session456",
              "tenantId": "tenant1"
            },
            {
              "timestamp": 1766403046284,
              "username": "user31",
              "credentialPair": "user31:cGFzczMx",
              "success": false,
              "userAgent": "Mozilla/5.0",
              "sessionId": "session456",
              "tenantId": "tenant1"
            },
            {
              "timestamp": 1766403047285,
              "username": "user32",
              "credentialPair": "user32:cGFzczMy",
              "success": false,
              "userAgent": "Mozilla/5.0",
              "sessionId": "session456",
              "tenantId": "tenant1"
            },
            {
              "timestamp": 1766403048286,
              "username": "user33",
              "credentialPair": "user33:cGFzczMz",
              "success": false,
              "userAgent": "Mozilla/5.0",
              "sessionId": "session456",
              "tenantId": "tenant1"
            }
          ],
          "credentialAnalysis": {
            "totalPairs": 34,
            "estimatedSource": "small_breach_or_targeted",
            "patternType": "manual"
          },
          "attackVector": "credential_stuffing"
        }
      }

      at Console.write [as log] (node_modules/winston/lib/wi
nston/transports/console.js:87:23)
          at Array.forEach (<anonymous>)

    console.log
      2025-12-22 13:30:15 [PLATFORM] [[31merror[39m]: 
Credential Stuffing Attack: credential_stuffing_breach_data 
{
        "platform": true,
        "ipAddress": "192.168.1.200",
        "uniqueCredentialPairs": 35,
        "uniqueUsernames": 35,
        "successRate": 0.02857142857142857,
        "potentialBreachSource": "small_breach_or_targeted",
        "violationType": "credential_stuffing_breach_data",
        "severity": "high",
        "description": "Credential stuffing using breach 
data detected",
        "forensicData": {
          "recentAttempts": [
            {
              "timestamp": 1766403015237,
              "username": "user0",
              "credentialPair": "user0:cGFzczA=",
              "success": true,
              "userAgent": "Mozilla/5.0",
              "sessionId": "session456",
              "tenantId": "tenant1"
            },
            {
              "timestamp": 1766403016237,
              "username": "user1",
              "credentialPair": "user1:cGFzczE=",
              "success": false,
              "userAgent": "Mozilla/5.0",
              "sessionId": "session456",
              "tenantId": "tenant1"
            },
            {
              "timestamp": 1766403017237,
              "username": "user2",
              "credentialPair": "user2:cGFzczI=",
              "success": false,
              "userAgent": "Mozilla/5.0",
              "sessionId": "session456",
              "tenantId": "tenant1"
            },
            {
              "timestamp": 1766403018237,
              "username": "user3",
              "credentialPair": "user3:cGFzczM=",
              "success": false,
              "userAgent": "Mozilla/5.0",
              "sessionId": "session456",
              "tenantId": "tenant1"
            },
            {
              "timestamp": 1766403019237,
              "username": "user4",
              "credentialPair": "user4:cGFzczQ=",
              "success": false,
              "userAgent": "Mozilla/5.0",
              "sessionId": "session456",
              "tenantId": "tenant1"
            },
            {
              "timestamp": 1766403020238,
              "username": "user5",
              "credentialPair": "user5:cGFzczU=",
              "success": false,
              "userAgent": "Mozilla/5.0",
              "sessionId": "session456",
              "tenantId": "tenant1"
            },
            {
              "timestamp": 1766403021238,
              "username": "user6",
              "credentialPair": "user6:cGFzczY=",
              "success": false,
              "userAgent": "Mozilla/5.0",
              "sessionId": "session456",
              "tenantId": "tenant1"
            },
            {
              "timestamp": 1766403022238,
              "username": "user7",
              "credentialPair": "user7:cGFzczc=",
              "success": false,
              "userAgent": "Mozilla/5.0",
              "sessionId": "session456",
              "tenantId": "tenant1"
            },
            {
              "timestamp": 1766403023238,
              "username": "user8",
              "credentialPair": "user8:cGFzczg=",
              "success": false,
              "userAgent": "Mozilla/5.0",
              "sessionId": "session456",
              "tenantId": "tenant1"
            },
            {
              "timestamp": 1766403024238,
              "username": "user9",
              "credentialPair": "user9:cGFzczk=",
              "success": false,
              "userAgent": "Mozilla/5.0",
              "sessionId": "session456",
              "tenantId": "tenant1"
            },
            {
              "timestamp": 1766403025238,
              "username": "user10",
              "credentialPair": "user10:cGFzczEw",
              "success": false,
              "userAgent": "Mozilla/5.0",
              "sessionId": "session456",
              "tenantId": "tenant1"
            },
            {
              "timestamp": 1766403026238,
              "username": "user11",
              "credentialPair": "user11:cGFzczEx",
              "success": false,
              "userAgent": "Mozilla/5.0",
              "sessionId": "session456",
              "tenantId": "tenant1"
            },
            {
              "timestamp": 1766403027238,
              "username": "user12",
              "credentialPair": "user12:cGFzczEy",
              "success": false,
              "userAgent": "Mozilla/5.0",
              "sessionId": "session456",
              "tenantId": "tenant1"
            },
            {
              "timestamp": 1766403028238,
              "username": "user13",
              "credentialPair": "user13:cGFzczEz",
              "success": false,
              "userAgent": "Mozilla/5.0",
              "sessionId": "session456",
              "tenantId": "tenant1"
            },
            {
              "timestamp": 1766403029238,
              "username": "user14",
              "credentialPair": "user14:cGFzczE0",
              "success": false,
              "userAgent": "Mozilla/5.0",
              "sessionId": "session456",
              "tenantId": "tenant1"
            },
            {
              "timestamp": 1766403030238,
              "username": "user15",
              "credentialPair": "user15:cGFzczE1",
              "success": false,
              "userAgent": "Mozilla/5.0",
              "sessionId": "session456",
              "tenantId": "tenant1"
            },
            {
              "timestamp": 1766403031238,
              "username": "user16",
              "credentialPair": "user16:cGFzczE2",
              "success": false,
              "userAgent": "Mozilla/5.0",
              "sessionId": "session456",
              "tenantId": "tenant1"
            },
            {
              "timestamp": 1766403032238,
              "username": "user17",
              "credentialPair": "user17:cGFzczE3",
              "success": false,
              "userAgent": "Mozilla/5.0",
              "sessionId": "session456",
              "tenantId": "tenant1"
            },
            {
              "timestamp": 1766403033238,
              "username": "user18",
              "credentialPair": "user18:cGFzczE4",
              "success": false,
              "userAgent": "Mozilla/5.0",
              "sessionId": "session456",
              "tenantId": "tenant1"
            },
            {
              "timestamp": 1766403034238,
              "username": "user19",
              "credentialPair": "user19:cGFzczE5",
              "success": false,
              "userAgent": "Mozilla/5.0",
              "sessionId": "session456",
              "tenantId": "tenant1"
            },
            {
              "timestamp": 1766403035240,
              "username": "user20",
              "credentialPair": "user20:cGFzczIw",
              "success": false,
              "userAgent": "Mozilla/5.0",
              "sessionId": "session456",
              "tenantId": "tenant1"
            },
            {
              "timestamp": 1766403036241,
              "username": "user21",
              "credentialPair": "user21:cGFzczIx",
              "success": false,
              "userAgent": "Mozilla/5.0",
              "sessionId": "session456",
              "tenantId": "tenant1"
            },
            {
              "timestamp": 1766403037252,
              "username": "user22",
              "credentialPair": "user22:cGFzczIy",
              "success": false,
              "userAgent": "Mozilla/5.0",
              "sessionId": "session456",
              "tenantId": "tenant1"
            },
            {
              "timestamp": 1766403038254,
              "username": "user23",
              "credentialPair": "user23:cGFzczIz",
              "success": false,
              "userAgent": "Mozilla/5.0",
              "sessionId": "session456",
              "tenantId": "tenant1"
            },
            {
              "timestamp": 1766403039258,
              "username": "user24",
              "credentialPair": "user24:cGFzczI0",
              "success": false,
              "userAgent": "Mozilla/5.0",
              "sessionId": "session456",
              "tenantId": "tenant1"
            },
            {
              "timestamp": 1766403040269,
              "username": "user25",
              "credentialPair": "user25:cGFzczI1",
              "success": false,
              "userAgent": "Mozilla/5.0",
              "sessionId": "session456",
              "tenantId": "tenant1"
            },
            {
              "timestamp": 1766403041271,
              "username": "user26",
              "credentialPair": "user26:cGFzczI2",
              "success": false,
              "userAgent": "Mozilla/5.0",
              "sessionId": "session456",
              "tenantId": "tenant1"
            },
            {
              "timestamp": 1766403042273,
              "username": "user27",
              "credentialPair": "user27:cGFzczI3",
              "success": false,
              "userAgent": "Mozilla/5.0",
              "sessionId": "session456",
              "tenantId": "tenant1"
            },
            {
              "timestamp": 1766403043274,
              "username": "user28",
              "credentialPair": "user28:cGFzczI4",
              "success": false,
              "userAgent": "Mozilla/5.0",
              "sessionId": "session456",
              "tenantId": "tenant1"
            },
            {
              "timestamp": 1766403044276,
              "username": "user29",
              "credentialPair": "user29:cGFzczI5",
              "success": false,
              "userAgent": "Mozilla/5.0",
              "sessionId": "session456",
              "tenantId": "tenant1"
            },
            {
              "timestamp": 1766403045282,
              "username": "user30",
              "credentialPair": "user30:cGFzczMw",
              "success": false,
              "userAgent": "Mozilla/5.0",
              "sessionId": "session456",
              "tenantId": "tenant1"
            },
            {
              "timestamp": 1766403046284,
              "username": "user31",
              "credentialPair": "user31:cGFzczMx",
              "success": false,
              "userAgent": "Mozilla/5.0",
              "sessionId": "session456",
              "tenantId": "tenant1"
            },
            {
              "timestamp": 1766403047285,
              "username": "user32",
              "credentialPair": "user32:cGFzczMy",
              "success": false,
              "userAgent": "Mozilla/5.0",
              "sessionId": "session456",
              "tenantId": "tenant1"
            },
            {
              "timestamp": 1766403048286,
              "username": "user33",
              "credentialPair": "user33:cGFzczMz",
              "success": false,
              "userAgent": "Mozilla/5.0",
              "sessionId": "session456",
              "tenantId": "tenant1"
            },
            {
              "timestamp": 1766403049287,
              "username": "user34",
              "credentialPair": "user34:cGFzczM0",
              "success": false,
              "userAgent": "Mozilla/5.0",
              "sessionId": "session456",
              "tenantId": "tenant1"
            }
          ],
          "credentialAnalysis": {
            "totalPairs": 35,
            "estimatedSource": "small_breach_or_targeted",
            "patternType": "manual"
          },
          "attackVector": "credential_stuffing"
        }
      }

      at Console.write [as log] (node_modules/winston/lib/wi
nston/transports/console.js:87:23)
          at Array.forEach (<anonymous>)

    console.log
      2025-12-22 13:30:15 [PLATFORM] [[31merror[39m]: 
Credential Stuffing Attack: credential_stuffing_breach_data 
{
        "platform": true,
        "ipAddress": "192.168.1.200",
        "uniqueCredentialPairs": 36,
        "uniqueUsernames": 36,
        "successRate": 0.027777777777777776,
        "potentialBreachSource": "small_breach_or_targeted",
        "violationType": "credential_stuffing_breach_data",
        "severity": "high",
        "description": "Credential stuffing using breach 
data detected",
        "forensicData": {
          "recentAttempts": [
            {
              "timestamp": 1766403015237,
              "username": "user0",
              "credentialPair": "user0:cGFzczA=",
              "success": true,
              "userAgent": "Mozilla/5.0",
              "sessionId": "session456",
              "tenantId": "tenant1"
            },
            {
              "timestamp": 1766403016237,
              "username": "user1",
              "credentialPair": "user1:cGFzczE=",
              "success": false,
              "userAgent": "Mozilla/5.0",
              "sessionId": "session456",
              "tenantId": "tenant1"
            },
            {
              "timestamp": 1766403017237,
              "username": "user2",
              "credentialPair": "user2:cGFzczI=",
              "success": false,
              "userAgent": "Mozilla/5.0",
              "sessionId": "session456",
              "tenantId": "tenant1"
            },
            {
              "timestamp": 1766403018237,
              "username": "user3",
              "credentialPair": "user3:cGFzczM=",
              "success": false,
              "userAgent": "Mozilla/5.0",
              "sessionId": "session456",
              "tenantId": "tenant1"
            },
            {
              "timestamp": 1766403019237,
              "username": "user4",
              "credentialPair": "user4:cGFzczQ=",
              "success": false,
              "userAgent": "Mozilla/5.0",
              "sessionId": "session456",
              "tenantId": "tenant1"
            },
            {
              "timestamp": 1766403020238,
              "username": "user5",
              "credentialPair": "user5:cGFzczU=",
              "success": false,
              "userAgent": "Mozilla/5.0",
              "sessionId": "session456",
              "tenantId": "tenant1"
            },
            {
              "timestamp": 1766403021238,
              "username": "user6",
              "credentialPair": "user6:cGFzczY=",
              "success": false,
              "userAgent": "Mozilla/5.0",
              "sessionId": "session456",
              "tenantId": "tenant1"
            },
            {
              "timestamp": 1766403022238,
              "username": "user7",
              "credentialPair": "user7:cGFzczc=",
              "success": false,
              "userAgent": "Mozilla/5.0",
              "sessionId": "session456",
              "tenantId": "tenant1"
            },
            {
              "timestamp": 1766403023238,
              "username": "user8",
              "credentialPair": "user8:cGFzczg=",
              "success": false,
              "userAgent": "Mozilla/5.0",
              "sessionId": "session456",
              "tenantId": "tenant1"
            },
            {
              "timestamp": 1766403024238,
              "username": "user9",
              "credentialPair": "user9:cGFzczk=",
              "success": false,
              "userAgent": "Mozilla/5.0",
              "sessionId": "session456",
              "tenantId": "tenant1"
            },
            {
              "timestamp": 1766403025238,
              "username": "user10",
              "credentialPair": "user10:cGFzczEw",
              "success": false,
              "userAgent": "Mozilla/5.0",
              "sessionId": "session456",
              "tenantId": "tenant1"
            },
            {
              "timestamp": 1766403026238,
              "username": "user11",
              "credentialPair": "user11:cGFzczEx",
              "success": false,
              "userAgent": "Mozilla/5.0",
              "sessionId": "session456",
              "tenantId": "tenant1"
            },
            {
              "timestamp": 1766403027238,
              "username": "user12",
              "credentialPair": "user12:cGFzczEy",
              "success": false,
              "userAgent": "Mozilla/5.0",
              "sessionId": "session456",
              "tenantId": "tenant1"
            },
            {
              "timestamp": 1766403028238,
              "username": "user13",
              "credentialPair": "user13:cGFzczEz",
              "success": false,
              "userAgent": "Mozilla/5.0",
              "sessionId": "session456",
              "tenantId": "tenant1"
            },
            {
              "timestamp": 1766403029238,
              "username": "user14",
              "credentialPair": "user14:cGFzczE0",
              "success": false,
              "userAgent": "Mozilla/5.0",
              "sessionId": "session456",
              "tenantId": "tenant1"
            },
            {
              "timestamp": 1766403030238,
              "username": "user15",
              "credentialPair": "user15:cGFzczE1",
              "success": false,
              "userAgent": "Mozilla/5.0",
              "sessionId": "session456",
              "tenantId": "tenant1"
            },
            {
              "timestamp": 1766403031238,
              "username": "user16",
              "credentialPair": "user16:cGFzczE2",
              "success": false,
              "userAgent": "Mozilla/5.0",
              "sessionId": "session456",
              "tenantId": "tenant1"
            },
            {
              "timestamp": 1766403032238,
              "username": "user17",
              "credentialPair": "user17:cGFzczE3",
              "success": false,
              "userAgent": "Mozilla/5.0",
              "sessionId": "session456",
              "tenantId": "tenant1"
            },
            {
              "timestamp": 1766403033238,
              "username": "user18",
              "credentialPair": "user18:cGFzczE4",
              "success": false,
              "userAgent": "Mozilla/5.0",
              "sessionId": "session456",
              "tenantId": "tenant1"
            },
            {
              "timestamp": 1766403034238,
              "username": "user19",
              "credentialPair": "user19:cGFzczE5",
              "success": false,
              "userAgent": "Mozilla/5.0",
              "sessionId": "session456",
              "tenantId": "tenant1"
            },
            {
              "timestamp": 1766403035240,
              "username": "user20",
              "credentialPair": "user20:cGFzczIw",
              "success": false,
              "userAgent": "Mozilla/5.0",
              "sessionId": "session456",
              "tenantId": "tenant1"
            },
            {
              "timestamp": 1766403036241,
              "username": "user21",
              "credentialPair": "user21:cGFzczIx",
              "success": false,
              "userAgent": "Mozilla/5.0",
              "sessionId": "session456",
              "tenantId": "tenant1"
            },
            {
              "timestamp": 1766403037252,
              "username": "user22",
              "credentialPair": "user22:cGFzczIy",
              "success": false,
              "userAgent": "Mozilla/5.0",
              "sessionId": "session456",
              "tenantId": "tenant1"
            },
            {
              "timestamp": 1766403038254,
              "username": "user23",
              "credentialPair": "user23:cGFzczIz",
              "success": false,
              "userAgent": "Mozilla/5.0",
              "sessionId": "session456",
              "tenantId": "tenant1"
            },
            {
              "timestamp": 1766403039258,
              "username": "user24",
              "credentialPair": "user24:cGFzczI0",
              "success": false,
              "userAgent": "Mozilla/5.0",
              "sessionId": "session456",
              "tenantId": "tenant1"
            },
            {
              "timestamp": 1766403040269,
              "username": "user25",
              "credentialPair": "user25:cGFzczI1",
              "success": false,
              "userAgent": "Mozilla/5.0",
              "sessionId": "session456",
              "tenantId": "tenant1"
            },
            {
              "timestamp": 1766403041271,
              "username": "user26",
              "credentialPair": "user26:cGFzczI2",
              "success": false,
              "userAgent": "Mozilla/5.0",
              "sessionId": "session456",
              "tenantId": "tenant1"
            },
            {
              "timestamp": 1766403042273,
              "username": "user27",
              "credentialPair": "user27:cGFzczI3",
              "success": false,
              "userAgent": "Mozilla/5.0",
              "sessionId": "session456",
              "tenantId": "tenant1"
            },
            {
              "timestamp": 1766403043274,
              "username": "user28",
              "credentialPair": "user28:cGFzczI4",
              "success": false,
              "userAgent": "Mozilla/5.0",
              "sessionId": "session456",
              "tenantId": "tenant1"
            },
            {
              "timestamp": 1766403044276,
              "username": "user29",
              "credentialPair": "user29:cGFzczI5",
              "success": false,
              "userAgent": "Mozilla/5.0",
              "sessionId": "session456",
              "tenantId": "tenant1"
            },
            {
              "timestamp": 1766403045282,
              "username": "user30",
              "credentialPair": "user30:cGFzczMw",
              "success": false,
              "userAgent": "Mozilla/5.0",
              "sessionId": "session456",
              "tenantId": "tenant1"
            },
            {
              "timestamp": 1766403046284,
              "username": "user31",
              "credentialPair": "user31:cGFzczMx",
              "success": false,
              "userAgent": "Mozilla/5.0",
              "sessionId": "session456",
              "tenantId": "tenant1"
            },
            {
              "timestamp": 1766403047285,
              "username": "user32",
              "credentialPair": "user32:cGFzczMy",
              "success": false,
              "userAgent": "Mozilla/5.0",
              "sessionId": "session456",
              "tenantId": "tenant1"
            },
            {
              "timestamp": 1766403048286,
              "username": "user33",
              "credentialPair": "user33:cGFzczMz",
              "success": false,
              "userAgent": "Mozilla/5.0",
              "sessionId": "session456",
              "tenantId": "tenant1"
            },
            {
              "timestamp": 1766403049287,
              "username": "user34",
              "credentialPair": "user34:cGFzczM0",
              "success": false,
              "userAgent": "Mozilla/5.0",
              "sessionId": "session456",
              "tenantId": "tenant1"
            },
            {
              "timestamp": 1766403050291,
              "username": "user35",
              "credentialPair": "user35:cGFzczM1",
              "success": false,
              "userAgent": "Mozilla/5.0",
              "sessionId": "session456",
              "tenantId": "tenant1"
            }
          ],
          "credentialAnalysis": {
            "totalPairs": 36,
            "estimatedSource": "small_breach_or_targeted",
            "patternType": "manual"
          },
          "attackVector": "credential_stuffing"
        }
      }

      at Console.write [as log] (node_modules/winston/lib/wi
nston/transports/console.js:87:23)
          at Array.forEach (<anonymous>)

    console.log
      2025-12-22 13:30:15 [PLATFORM] [[31merror[39m]: 
Credential Stuffing Attack: credential_stuffing_breach_data 
{
        "platform": true,
        "ipAddress": "192.168.1.200",
        "uniqueCredentialPairs": 37,
        "uniqueUsernames": 37,
        "successRate": 0.02702702702702703,
        "potentialBreachSource": "small_breach_or_targeted",
        "violationType": "credential_stuffing_breach_data",
        "severity": "high",
        "description": "Credential stuffing using breach 
data detected",
        "forensicData": {
          "recentAttempts": [
            {
              "timestamp": 1766403015237,
              "username": "user0",
              "credentialPair": "user0:cGFzczA=",
              "success": true,
              "userAgent": "Mozilla/5.0",
              "sessionId": "session456",
              "tenantId": "tenant1"
            },
            {
              "timestamp": 1766403016237,
              "username": "user1",
              "credentialPair": "user1:cGFzczE=",
              "success": false,
              "userAgent": "Mozilla/5.0",
              "sessionId": "session456",
              "tenantId": "tenant1"
            },
            {
              "timestamp": 1766403017237,
              "username": "user2",
              "credentialPair": "user2:cGFzczI=",
              "success": false,
              "userAgent": "Mozilla/5.0",
              "sessionId": "session456",
              "tenantId": "tenant1"
            },
            {
              "timestamp": 1766403018237,
              "username": "user3",
              "credentialPair": "user3:cGFzczM=",
              "success": false,
              "userAgent": "Mozilla/5.0",
              "sessionId": "session456",
              "tenantId": "tenant1"
            },
            {
              "timestamp": 1766403019237,
              "username": "user4",
              "credentialPair": "user4:cGFzczQ=",
              "success": false,
              "userAgent": "Mozilla/5.0",
              "sessionId": "session456",
              "tenantId": "tenant1"
            },
            {
              "timestamp": 1766403020238,
              "username": "user5",
              "credentialPair": "user5:cGFzczU=",
              "success": false,
              "userAgent": "Mozilla/5.0",
              "sessionId": "session456",
              "tenantId": "tenant1"
            },
            {
              "timestamp": 1766403021238,
              "username": "user6",
              "credentialPair": "user6:cGFzczY=",
              "success": false,
              "userAgent": "Mozilla/5.0",
              "sessionId": "session456",
              "tenantId": "tenant1"
            },
            {
              "timestamp": 1766403022238,
              "username": "user7",
              "credentialPair": "user7:cGFzczc=",
              "success": false,
              "userAgent": "Mozilla/5.0",
              "sessionId": "session456",
              "tenantId": "tenant1"
            },
            {
              "timestamp": 1766403023238,
              "username": "user8",
              "credentialPair": "user8:cGFzczg=",
              "success": false,
              "userAgent": "Mozilla/5.0",
              "sessionId": "session456",
              "tenantId": "tenant1"
            },
            {
              "timestamp": 1766403024238,
              "username": "user9",
              "credentialPair": "user9:cGFzczk=",
              "success": false,
              "userAgent": "Mozilla/5.0",
              "sessionId": "session456",
              "tenantId": "tenant1"
            },
            {
              "timestamp": 1766403025238,
              "username": "user10",
              "credentialPair": "user10:cGFzczEw",
              "success": false,
              "userAgent": "Mozilla/5.0",
              "sessionId": "session456",
              "tenantId": "tenant1"
            },
            {
              "timestamp": 1766403026238,
              "username": "user11",
              "credentialPair": "user11:cGFzczEx",
              "success": false,
              "userAgent": "Mozilla/5.0",
              "sessionId": "session456",
              "tenantId": "tenant1"
            },
            {
              "timestamp": 1766403027238,
              "username": "user12",
              "credentialPair": "user12:cGFzczEy",
              "success": false,
              "userAgent": "Mozilla/5.0",
              "sessionId": "session456",
              "tenantId": "tenant1"
            },
            {
              "timestamp": 1766403028238,
              "username": "user13",
              "credentialPair": "user13:cGFzczEz",
              "success": false,
              "userAgent": "Mozilla/5.0",
              "sessionId": "session456",
              "tenantId": "tenant1"
            },
            {
              "timestamp": 1766403029238,
              "username": "user14",
              "credentialPair": "user14:cGFzczE0",
              "success": false,
              "userAgent": "Mozilla/5.0",
              "sessionId": "session456",
              "tenantId": "tenant1"
            },
            {
              "timestamp": 1766403030238,
              "username": "user15",
              "credentialPair": "user15:cGFzczE1",
              "success": false,
              "userAgent": "Mozilla/5.0",
              "sessionId": "session456",
              "tenantId": "tenant1"
            },
            {
              "timestamp": 1766403031238,
              "username": "user16",
              "credentialPair": "user16:cGFzczE2",
              "success": false,
              "userAgent": "Mozilla/5.0",
              "sessionId": "session456",
              "tenantId": "tenant1"
            },
            {
              "timestamp": 1766403032238,
              "username": "user17",
              "credentialPair": "user17:cGFzczE3",
              "success": false,
              "userAgent": "Mozilla/5.0",
              "sessionId": "session456",
              "tenantId": "tenant1"
            },
            {
              "timestamp": 1766403033238,
              "username": "user18",
              "credentialPair": "user18:cGFzczE4",
              "success": false,
              "userAgent": "Mozilla/5.0",
              "sessionId": "session456",
              "tenantId": "tenant1"
            },
            {
              "timestamp": 1766403034238,
              "username": "user19",
              "credentialPair": "user19:cGFzczE5",
              "success": false,
              "userAgent": "Mozilla/5.0",
              "sessionId": "session456",
              "tenantId": "tenant1"
            },
            {
              "timestamp": 1766403035240,
              "username": "user20",
              "credentialPair": "user20:cGFzczIw",
              "success": false,
              "userAgent": "Mozilla/5.0",
              "sessionId": "session456",
              "tenantId": "tenant1"
            },
            {
              "timestamp": 1766403036241,
              "username": "user21",
              "credentialPair": "user21:cGFzczIx",
              "success": false,
              "userAgent": "Mozilla/5.0",
              "sessionId": "session456",
              "tenantId": "tenant1"
            },
            {
              "timestamp": 1766403037252,
              "username": "user22",
              "credentialPair": "user22:cGFzczIy",
              "success": false,
              "userAgent": "Mozilla/5.0",
              "sessionId": "session456",
              "tenantId": "tenant1"
            },
            {
              "timestamp": 1766403038254,
              "username": "user23",
              "credentialPair": "user23:cGFzczIz",
              "success": false,
              "userAgent": "Mozilla/5.0",
              "sessionId": "session456",
              "tenantId": "tenant1"
            },
            {
              "timestamp": 1766403039258,
              "username": "user24",
              "credentialPair": "user24:cGFzczI0",
              "success": false,
              "userAgent": "Mozilla/5.0",
              "sessionId": "session456",
              "tenantId": "tenant1"
            },
            {
              "timestamp": 1766403040269,
              "username": "user25",
              "credentialPair": "user25:cGFzczI1",
              "success": false,
              "userAgent": "Mozilla/5.0",
              "sessionId": "session456",
              "tenantId": "tenant1"
            },
            {
              "timestamp": 1766403041271,
              "username": "user26",
              "credentialPair": "user26:cGFzczI2",
              "success": false,
              "userAgent": "Mozilla/5.0",
              "sessionId": "session456",
              "tenantId": "tenant1"
            },
            {
              "timestamp": 1766403042273,
              "username": "user27",
              "credentialPair": "user27:cGFzczI3",
              "success": false,
              "userAgent": "Mozilla/5.0",
              "sessionId": "session456",
              "tenantId": "tenant1"
            },
            {
              "timestamp": 1766403043274,
              "username": "user28",
              "credentialPair": "user28:cGFzczI4",
              "success": false,
              "userAgent": "Mozilla/5.0",
              "sessionId": "session456",
              "tenantId": "tenant1"
            },
            {
              "timestamp": 1766403044276,
              "username": "user29",
              "credentialPair": "user29:cGFzczI5",
              "success": false,
              "userAgent": "Mozilla/5.0",
              "sessionId": "session456",
              "tenantId": "tenant1"
            },
            {
              "timestamp": 1766403045282,
              "username": "user30",
              "credentialPair": "user30:cGFzczMw",
              "success": false,
              "userAgent": "Mozilla/5.0",
              "sessionId": "session456",
              "tenantId": "tenant1"
            },
            {
              "timestamp": 1766403046284,
              "username": "user31",
              "credentialPair": "user31:cGFzczMx",
              "success": false,
              "userAgent": "Mozilla/5.0",
              "sessionId": "session456",
              "tenantId": "tenant1"
            },
            {
              "timestamp": 1766403047285,
              "username": "user32",
              "credentialPair": "user32:cGFzczMy",
              "success": false,
              "userAgent": "Mozilla/5.0",
              "sessionId": "session456",
              "tenantId": "tenant1"
            },
            {
              "timestamp": 1766403048286,
              "username": "user33",
              "credentialPair": "user33:cGFzczMz",
              "success": false,
              "userAgent": "Mozilla/5.0",
              "sessionId": "session456",
              "tenantId": "tenant1"
            },
            {
              "timestamp": 1766403049287,
              "username": "user34",
              "credentialPair": "user34:cGFzczM0",
              "success": false,
              "userAgent": "Mozilla/5.0",
              "sessionId": "session456",
              "tenantId": "tenant1"
            },
            {
              "timestamp": 1766403050291,
              "username": "user35",
              "credentialPair": "user35:cGFzczM1",
              "success": false,
              "userAgent": "Mozilla/5.0",
              "sessionId": "session456",
              "tenantId": "tenant1"
            },
            {
              "timestamp": 1766403051293,
              "username": "user36",
              "credentialPair": "user36:cGFzczM2",
              "success": false,
              "userAgent": "Mozilla/5.0",
              "sessionId": "session456",
              "tenantId": "tenant1"
            }
          ],
          "credentialAnalysis": {
            "totalPairs": 37,
            "estimatedSource": "small_breach_or_targeted",
            "patternType": "manual"
          },
          "attackVector": "credential_stuffing"
        }
      }

      at Console.write [as log] (node_modules/winston/lib/wi
nston/transports/console.js:87:23)
          at Array.forEach (<anonymous>)

    console.log
      2025-12-22 13:30:15 [PLATFORM] [[31merror[39m]: 
Credential Stuffing Attack: credential_stuffing_breach_data 
{
        "platform": true,
        "ipAddress": "192.168.1.200",
        "uniqueCredentialPairs": 38,
        "uniqueUsernames": 38,
        "successRate": 0.02631578947368421,
        "potentialBreachSource": "small_breach_or_targeted",
        "violationType": "credential_stuffing_breach_data",
        "severity": "high",
        "description": "Credential stuffing using breach 
data detected",
        "forensicData": {
          "recentAttempts": [
            {
              "timestamp": 1766403015237,
              "username": "user0",
              "credentialPair": "user0:cGFzczA=",
              "success": true,
              "userAgent": "Mozilla/5.0",
              "sessionId": "session456",
              "tenantId": "tenant1"
            },
            {
              "timestamp": 1766403016237,
              "username": "user1",
              "credentialPair": "user1:cGFzczE=",
              "success": false,
              "userAgent": "Mozilla/5.0",
              "sessionId": "session456",
              "tenantId": "tenant1"
            },
            {
              "timestamp": 1766403017237,
              "username": "user2",
              "credentialPair": "user2:cGFzczI=",
              "success": false,
              "userAgent": "Mozilla/5.0",
              "sessionId": "session456",
              "tenantId": "tenant1"
            },
            {
              "timestamp": 1766403018237,
              "username": "user3",
              "credentialPair": "user3:cGFzczM=",
              "success": false,
              "userAgent": "Mozilla/5.0",
              "sessionId": "session456",
              "tenantId": "tenant1"
            },
            {
              "timestamp": 1766403019237,
              "username": "user4",
              "credentialPair": "user4:cGFzczQ=",
              "success": false,
              "userAgent": "Mozilla/5.0",
              "sessionId": "session456",
              "tenantId": "tenant1"
            },
            {
              "timestamp": 1766403020238,
              "username": "user5",
              "credentialPair": "user5:cGFzczU=",
              "success": false,
              "userAgent": "Mozilla/5.0",
              "sessionId": "session456",
              "tenantId": "tenant1"
            },
            {
              "timestamp": 1766403021238,
              "username": "user6",
              "credentialPair": "user6:cGFzczY=",
              "success": false,
              "userAgent": "Mozilla/5.0",
              "sessionId": "session456",
              "tenantId": "tenant1"
            },
            {
              "timestamp": 1766403022238,
              "username": "user7",
              "credentialPair": "user7:cGFzczc=",
              "success": false,
              "userAgent": "Mozilla/5.0",
              "sessionId": "session456",
              "tenantId": "tenant1"
            },
            {
              "timestamp": 1766403023238,
              "username": "user8",
              "credentialPair": "user8:cGFzczg=",
              "success": false,
              "userAgent": "Mozilla/5.0",
              "sessionId": "session456",
              "tenantId": "tenant1"
            },
            {
              "timestamp": 1766403024238,
              "username": "user9",
              "credentialPair": "user9:cGFzczk=",
              "success": false,
              "userAgent": "Mozilla/5.0",
              "sessionId": "session456",
              "tenantId": "tenant1"
            },
            {
              "timestamp": 1766403025238,
              "username": "user10",
              "credentialPair": "user10:cGFzczEw",
              "success": false,
              "userAgent": "Mozilla/5.0",
              "sessionId": "session456",
              "tenantId": "tenant1"
            },
            {
              "timestamp": 1766403026238,
              "username": "user11",
              "credentialPair": "user11:cGFzczEx",
              "success": false,
              "userAgent": "Mozilla/5.0",
              "sessionId": "session456",
              "tenantId": "tenant1"
            },
            {
              "timestamp": 1766403027238,
              "username": "user12",
              "credentialPair": "user12:cGFzczEy",
              "success": false,
              "userAgent": "Mozilla/5.0",
              "sessionId": "session456",
              "tenantId": "tenant1"
            },
            {
              "timestamp": 1766403028238,
              "username": "user13",
              "credentialPair": "user13:cGFzczEz",
              "success": false,
              "userAgent": "Mozilla/5.0",
              "sessionId": "session456",
              "tenantId": "tenant1"
            },
            {
              "timestamp": 1766403029238,
              "username": "user14",
              "credentialPair": "user14:cGFzczE0",
              "success": false,
              "userAgent": "Mozilla/5.0",
              "sessionId": "session456",
              "tenantId": "tenant1"
            },
            {
              "timestamp": 1766403030238,
              "username": "user15",
              "credentialPair": "user15:cGFzczE1",
              "success": false,
              "userAgent": "Mozilla/5.0",
              "sessionId": "session456",
              "tenantId": "tenant1"
            },
            {
              "timestamp": 1766403031238,
              "username": "user16",
              "credentialPair": "user16:cGFzczE2",
              "success": false,
              "userAgent": "Mozilla/5.0",
              "sessionId": "session456",
              "tenantId": "tenant1"
            },
            {
              "timestamp": 1766403032238,
              "username": "user17",
              "credentialPair": "user17:cGFzczE3",
              "success": false,
              "userAgent": "Mozilla/5.0",
              "sessionId": "session456",
              "tenantId": "tenant1"
            },
            {
              "timestamp": 1766403033238,
              "username": "user18",
              "credentialPair": "user18:cGFzczE4",
              "success": false,
              "userAgent": "Mozilla/5.0",
              "sessionId": "session456",
              "tenantId": "tenant1"
            },
            {
              "timestamp": 1766403034238,
              "username": "user19",
              "credentialPair": "user19:cGFzczE5",
              "success": false,
              "userAgent": "Mozilla/5.0",
              "sessionId": "session456",
              "tenantId": "tenant1"
            },
            {
              "timestamp": 1766403035240,
              "username": "user20",
              "credentialPair": "user20:cGFzczIw",
              "success": false,
              "userAgent": "Mozilla/5.0",
              "sessionId": "session456",
              "tenantId": "tenant1"
            },
            {
              "timestamp": 1766403036241,
              "username": "user21",
              "credentialPair": "user21:cGFzczIx",
              "success": false,
              "userAgent": "Mozilla/5.0",
              "sessionId": "session456",
              "tenantId": "tenant1"
            },
            {
              "timestamp": 1766403037252,
              "username": "user22",
              "credentialPair": "user22:cGFzczIy",
              "success": false,
              "userAgent": "Mozilla/5.0",
              "sessionId": "session456",
              "tenantId": "tenant1"
            },
            {
              "timestamp": 1766403038254,
              "username": "user23",
              "credentialPair": "user23:cGFzczIz",
              "success": false,
              "userAgent": "Mozilla/5.0",
              "sessionId": "session456",
              "tenantId": "tenant1"
            },
            {
              "timestamp": 1766403039258,
              "username": "user24",
              "credentialPair": "user24:cGFzczI0",
              "success": false,
              "userAgent": "Mozilla/5.0",
              "sessionId": "session456",
              "tenantId": "tenant1"
            },
            {
              "timestamp": 1766403040269,
              "username": "user25",
              "credentialPair": "user25:cGFzczI1",
              "success": false,
              "userAgent": "Mozilla/5.0",
              "sessionId": "session456",
              "tenantId": "tenant1"
            },
            {
              "timestamp": 1766403041271,
              "username": "user26",
              "credentialPair": "user26:cGFzczI2",
              "success": false,
              "userAgent": "Mozilla/5.0",
              "sessionId": "session456",
              "tenantId": "tenant1"
            },
            {
              "timestamp": 1766403042273,
              "username": "user27",
              "credentialPair": "user27:cGFzczI3",
              "success": false,
              "userAgent": "Mozilla/5.0",
              "sessionId": "session456",
              "tenantId": "tenant1"
            },
            {
              "timestamp": 1766403043274,
              "username": "user28",
              "credentialPair": "user28:cGFzczI4",
              "success": false,
              "userAgent": "Mozilla/5.0",
              "sessionId": "session456",
              "tenantId": "tenant1"
            },
            {
              "timestamp": 1766403044276,
              "username": "user29",
              "credentialPair": "user29:cGFzczI5",
              "success": false,
              "userAgent": "Mozilla/5.0",
              "sessionId": "session456",
              "tenantId": "tenant1"
            },
            {
              "timestamp": 1766403045282,
              "username": "user30",
              "credentialPair": "user30:cGFzczMw",
              "success": false,
              "userAgent": "Mozilla/5.0",
              "sessionId": "session456",
              "tenantId": "tenant1"
            },
            {
              "timestamp": 1766403046284,
              "username": "user31",
              "credentialPair": "user31:cGFzczMx",
              "success": false,
              "userAgent": "Mozilla/5.0",
              "sessionId": "session456",
              "tenantId": "tenant1"
            },
            {
              "timestamp": 1766403047285,
              "username": "user32",
              "credentialPair": "user32:cGFzczMy",
              "success": false,
              "userAgent": "Mozilla/5.0",
              "sessionId": "session456",
              "tenantId": "tenant1"
            },
            {
              "timestamp": 1766403048286,
              "username": "user33",
              "credentialPair": "user33:cGFzczMz",
              "success": false,
              "userAgent": "Mozilla/5.0",
              "sessionId": "session456",
              "tenantId": "tenant1"
            },
            {
              "timestamp": 1766403049287,
              "username": "user34",
              "credentialPair": "user34:cGFzczM0",
              "success": false,
              "userAgent": "Mozilla/5.0",
              "sessionId": "session456",
              "tenantId": "tenant1"
            },
            {
              "timestamp": 1766403050291,
              "username": "user35",
              "credentialPair": "user35:cGFzczM1",
              "success": false,
              "userAgent": "Mozilla/5.0",
              "sessionId": "session456",
              "tenantId": "tenant1"
            },
            {
              "timestamp": 1766403051293,
              "username": "user36",
              "credentialPair": "user36:cGFzczM2",
              "success": false,
              "userAgent": "Mozilla/5.0",
              "sessionId": "session456",
              "tenantId": "tenant1"
            },
            {
              "timestamp": 1766403052313,
              "username": "user37",
              "credentialPair": "user37:cGFzczM3",
              "success": false,
              "userAgent": "Mozilla/5.0",
              "sessionId": "session456",
              "tenantId": "tenant1"
            }
          ],
          "credentialAnalysis": {
            "totalPairs": 38,
            "estimatedSource": "small_breach_or_targeted",
            "patternType": "manual"
          },
          "attackVector": "credential_stuffing"
        }
      }

      at Console.write [as log] (node_modules/winston/lib/wi
nston/transports/console.js:87:23)
          at Array.forEach (<anonymous>)

    console.log
      2025-12-22 13:30:15 [PLATFORM] [[31merror[39m]: 
Credential Stuffing Attack: credential_stuffing_breach_data 
{
        "platform": true,
        "ipAddress": "192.168.1.200",
        "uniqueCredentialPairs": 39,
        "uniqueUsernames": 39,
        "successRate": 0.02564102564102564,
        "potentialBreachSource": "small_breach_or_targeted",
        "violationType": "credential_stuffing_breach_data",
        "severity": "high",
        "description": "Credential stuffing using breach 
data detected",
        "forensicData": {
          "recentAttempts": [
            {
              "timestamp": 1766403015237,
              "username": "user0",
              "credentialPair": "user0:cGFzczA=",
              "success": true,
              "userAgent": "Mozilla/5.0",
              "sessionId": "session456",
              "tenantId": "tenant1"
            },
            {
              "timestamp": 1766403016237,
              "username": "user1",
              "credentialPair": "user1:cGFzczE=",
              "success": false,
              "userAgent": "Mozilla/5.0",
              "sessionId": "session456",
              "tenantId": "tenant1"
            },
            {
              "timestamp": 1766403017237,
              "username": "user2",
              "credentialPair": "user2:cGFzczI=",
              "success": false,
              "userAgent": "Mozilla/5.0",
              "sessionId": "session456",
              "tenantId": "tenant1"
            },
            {
              "timestamp": 1766403018237,
              "username": "user3",
              "credentialPair": "user3:cGFzczM=",
              "success": false,
              "userAgent": "Mozilla/5.0",
              "sessionId": "session456",
              "tenantId": "tenant1"
            },
            {
              "timestamp": 1766403019237,
              "username": "user4",
              "credentialPair": "user4:cGFzczQ=",
              "success": false,
              "userAgent": "Mozilla/5.0",
              "sessionId": "session456",
              "tenantId": "tenant1"
            },
            {
              "timestamp": 1766403020238,
              "username": "user5",
              "credentialPair": "user5:cGFzczU=",
              "success": false,
              "userAgent": "Mozilla/5.0",
              "sessionId": "session456",
              "tenantId": "tenant1"
            },
            {
              "timestamp": 1766403021238,
              "username": "user6",
              "credentialPair": "user6:cGFzczY=",
              "success": false,
              "userAgent": "Mozilla/5.0",
              "sessionId": "session456",
              "tenantId": "tenant1"
            },
            {
              "timestamp": 1766403022238,
              "username": "user7",
              "credentialPair": "user7:cGFzczc=",
              "success": false,
              "userAgent": "Mozilla/5.0",
              "sessionId": "session456",
              "tenantId": "tenant1"
            },
            {
              "timestamp": 1766403023238,
              "username": "user8",
              "credentialPair": "user8:cGFzczg=",
              "success": false,
              "userAgent": "Mozilla/5.0",
              "sessionId": "session456",
              "tenantId": "tenant1"
            },
            {
              "timestamp": 1766403024238,
              "username": "user9",
              "credentialPair": "user9:cGFzczk=",
              "success": false,
              "userAgent": "Mozilla/5.0",
              "sessionId": "session456",
              "tenantId": "tenant1"
            },
            {
              "timestamp": 1766403025238,
              "username": "user10",
              "credentialPair": "user10:cGFzczEw",
              "success": false,
              "userAgent": "Mozilla/5.0",
              "sessionId": "session456",
              "tenantId": "tenant1"
            },
            {
              "timestamp": 1766403026238,
              "username": "user11",
              "credentialPair": "user11:cGFzczEx",
              "success": false,
              "userAgent": "Mozilla/5.0",
              "sessionId": "session456",
              "tenantId": "tenant1"
            },
            {
              "timestamp": 1766403027238,
              "username": "user12",
              "credentialPair": "user12:cGFzczEy",
              "success": false,
              "userAgent": "Mozilla/5.0",
              "sessionId": "session456",
              "tenantId": "tenant1"
            },
            {
              "timestamp": 1766403028238,
              "username": "user13",
              "credentialPair": "user13:cGFzczEz",
              "success": false,
              "userAgent": "Mozilla/5.0",
              "sessionId": "session456",
              "tenantId": "tenant1"
            },
            {
              "timestamp": 1766403029238,
              "username": "user14",
              "credentialPair": "user14:cGFzczE0",
              "success": false,
              "userAgent": "Mozilla/5.0",
              "sessionId": "session456",
              "tenantId": "tenant1"
            },
            {
              "timestamp": 1766403030238,
              "username": "user15",
              "credentialPair": "user15:cGFzczE1",
              "success": false,
              "userAgent": "Mozilla/5.0",
              "sessionId": "session456",
              "tenantId": "tenant1"
            },
            {
              "timestamp": 1766403031238,
              "username": "user16",
              "credentialPair": "user16:cGFzczE2",
              "success": false,
              "userAgent": "Mozilla/5.0",
              "sessionId": "session456",
              "tenantId": "tenant1"
            },
            {
              "timestamp": 1766403032238,
              "username": "user17",
              "credentialPair": "user17:cGFzczE3",
              "success": false,
              "userAgent": "Mozilla/5.0",
              "sessionId": "session456",
              "tenantId": "tenant1"
            },
            {
              "timestamp": 1766403033238,
              "username": "user18",
              "credentialPair": "user18:cGFzczE4",
              "success": false,
              "userAgent": "Mozilla/5.0",
              "sessionId": "session456",
              "tenantId": "tenant1"
            },
            {
              "timestamp": 1766403034238,
              "username": "user19",
              "credentialPair": "user19:cGFzczE5",
              "success": false,
              "userAgent": "Mozilla/5.0",
              "sessionId": "session456",
              "tenantId": "tenant1"
            },
            {
              "timestamp": 1766403035240,
              "username": "user20",
              "credentialPair": "user20:cGFzczIw",
              "success": false,
              "userAgent": "Mozilla/5.0",
              "sessionId": "session456",
              "tenantId": "tenant1"
            },
            {
              "timestamp": 1766403036241,
              "username": "user21",
              "credentialPair": "user21:cGFzczIx",
              "success": false,
              "userAgent": "Mozilla/5.0",
              "sessionId": "session456",
              "tenantId": "tenant1"
            },
            {
              "timestamp": 1766403037252,
              "username": "user22",
              "credentialPair": "user22:cGFzczIy",
              "success": false,
              "userAgent": "Mozilla/5.0",
              "sessionId": "session456",
              "tenantId": "tenant1"
            },
            {
              "timestamp": 1766403038254,
              "username": "user23",
              "credentialPair": "user23:cGFzczIz",
              "success": false,
              "userAgent": "Mozilla/5.0",
              "sessionId": "session456",
              "tenantId": "tenant1"
            },
            {
              "timestamp": 1766403039258,
              "username": "user24",
              "credentialPair": "user24:cGFzczI0",
              "success": false,
              "userAgent": "Mozilla/5.0",
              "sessionId": "session456",
              "tenantId": "tenant1"
            },
            {
              "timestamp": 1766403040269,
              "username": "user25",
              "credentialPair": "user25:cGFzczI1",
              "success": false,
              "userAgent": "Mozilla/5.0",
              "sessionId": "session456",
              "tenantId": "tenant1"
            },
            {
              "timestamp": 1766403041271,
              "username": "user26",
              "credentialPair": "user26:cGFzczI2",
              "success": false,
              "userAgent": "Mozilla/5.0",
              "sessionId": "session456",
              "tenantId": "tenant1"
            },
            {
              "timestamp": 1766403042273,
              "username": "user27",
              "credentialPair": "user27:cGFzczI3",
              "success": false,
              "userAgent": "Mozilla/5.0",
              "sessionId": "session456",
              "tenantId": "tenant1"
            },
            {
              "timestamp": 1766403043274,
              "username": "user28",
              "credentialPair": "user28:cGFzczI4",
              "success": false,
              "userAgent": "Mozilla/5.0",
              "sessionId": "session456",
              "tenantId": "tenant1"
            },
            {
              "timestamp": 1766403044276,
              "username": "user29",
              "credentialPair": "user29:cGFzczI5",
              "success": false,
              "userAgent": "Mozilla/5.0",
              "sessionId": "session456",
              "tenantId": "tenant1"
            },
            {
              "timestamp": 1766403045282,
              "username": "user30",
              "credentialPair": "user30:cGFzczMw",
              "success": false,
              "userAgent": "Mozilla/5.0",
              "sessionId": "session456",
              "tenantId": "tenant1"
            },
            {
              "timestamp": 1766403046284,
              "username": "user31",
              "credentialPair": "user31:cGFzczMx",
              "success": false,
              "userAgent": "Mozilla/5.0",
              "sessionId": "session456",
              "tenantId": "tenant1"
            },
            {
              "timestamp": 1766403047285,
              "username": "user32",
              "credentialPair": "user32:cGFzczMy",
              "success": false,
              "userAgent": "Mozilla/5.0",
              "sessionId": "session456",
              "tenantId": "tenant1"
            },
            {
              "timestamp": 1766403048286,
              "username": "user33",
              "credentialPair": "user33:cGFzczMz",
              "success": false,
              "userAgent": "Mozilla/5.0",
              "sessionId": "session456",
              "tenantId": "tenant1"
            },
            {
              "timestamp": 1766403049287,
              "username": "user34",
              "credentialPair": "user34:cGFzczM0",
              "success": false,
              "userAgent": "Mozilla/5.0",
              "sessionId": "session456",
              "tenantId": "tenant1"
            },
            {
              "timestamp": 1766403050291,
              "username": "user35",
              "credentialPair": "user35:cGFzczM1",
              "success": false,
              "userAgent": "Mozilla/5.0",
              "sessionId": "session456",
              "tenantId": "tenant1"
            },
            {
              "timestamp": 1766403051293,
              "username": "user36",
              "credentialPair": "user36:cGFzczM2",
              "success": false,
              "userAgent": "Mozilla/5.0",
              "sessionId": "session456",
              "tenantId": "tenant1"
            },
            {
              "timestamp": 1766403052313,
              "username": "user37",
              "credentialPair": "user37:cGFzczM3",
              "success": false,
              "userAgent": "Mozilla/5.0",
              "sessionId": "session456",
              "tenantId": "tenant1"
            },
            {
              "timestamp": 1766403053314,
              "username": "user38",
              "credentialPair": "user38:cGFzczM4",
              "success": false,
              "userAgent": "Mozilla/5.0",
              "sessionId": "session456",
              "tenantId": "tenant1"
            }
          ],
          "credentialAnalysis": {
            "totalPairs": 39,
            "estimatedSource": "small_breach_or_targeted",
            "patternType": "manual"
          },
          "attackVector": "credential_stuffing"
        }
      }

      at Console.write [as log] (node_modules/winston/lib/wi
nston/transports/console.js:87:23)
          at Array.forEach (<anonymous>)

    console.log
      2025-12-22 13:30:15 [PLATFORM] [[31merror[39m]: 
Credential Stuffing Attack: credential_stuffing_breach_data 
{
        "platform": true,
        "ipAddress": "192.168.1.200",
        "uniqueCredentialPairs": 40,
        "uniqueUsernames": 40,
        "successRate": 0.025,
        "potentialBreachSource": "small_breach_or_targeted",
        "violationType": "credential_stuffing_breach_data",
        "severity": "high",
        "description": "Credential stuffing using breach 
data detected",
        "forensicData": {
          "recentAttempts": [
            {
              "timestamp": 1766403015237,
              "username": "user0",
              "credentialPair": "user0:cGFzczA=",
              "success": true,
              "userAgent": "Mozilla/5.0",
              "sessionId": "session456",
              "tenantId": "tenant1"
            },
            {
              "timestamp": 1766403016237,
              "username": "user1",
              "credentialPair": "user1:cGFzczE=",
              "success": false,
              "userAgent": "Mozilla/5.0",
              "sessionId": "session456",
              "tenantId": "tenant1"
            },
            {
              "timestamp": 1766403017237,
              "username": "user2",
              "credentialPair": "user2:cGFzczI=",
              "success": false,
              "userAgent": "Mozilla/5.0",
              "sessionId": "session456",
              "tenantId": "tenant1"
            },
            {
              "timestamp": 1766403018237,
              "username": "user3",
              "credentialPair": "user3:cGFzczM=",
              "success": false,
              "userAgent": "Mozilla/5.0",
              "sessionId": "session456",
              "tenantId": "tenant1"
            },
            {
              "timestamp": 1766403019237,
              "username": "user4",
              "credentialPair": "user4:cGFzczQ=",
              "success": false,
              "userAgent": "Mozilla/5.0",
              "sessionId": "session456",
              "tenantId": "tenant1"
            },
            {
              "timestamp": 1766403020238,
              "username": "user5",
              "credentialPair": "user5:cGFzczU=",
              "success": false,
              "userAgent": "Mozilla/5.0",
              "sessionId": "session456",
              "tenantId": "tenant1"
            },
            {
              "timestamp": 1766403021238,
              "username": "user6",
              "credentialPair": "user6:cGFzczY=",
              "success": false,
              "userAgent": "Mozilla/5.0",
              "sessionId": "session456",
              "tenantId": "tenant1"
            },
            {
              "timestamp": 1766403022238,
              "username": "user7",
              "credentialPair": "user7:cGFzczc=",
              "success": false,
              "userAgent": "Mozilla/5.0",
              "sessionId": "session456",
              "tenantId": "tenant1"
            },
            {
              "timestamp": 1766403023238,
              "username": "user8",
              "credentialPair": "user8:cGFzczg=",
              "success": false,
              "userAgent": "Mozilla/5.0",
              "sessionId": "session456",
              "tenantId": "tenant1"
            },
            {
              "timestamp": 1766403024238,
              "username": "user9",
              "credentialPair": "user9:cGFzczk=",
              "success": false,
              "userAgent": "Mozilla/5.0",
              "sessionId": "session456",
              "tenantId": "tenant1"
            },
            {
              "timestamp": 1766403025238,
              "username": "user10",
              "credentialPair": "user10:cGFzczEw",
              "success": false,
              "userAgent": "Mozilla/5.0",
              "sessionId": "session456",
              "tenantId": "tenant1"
            },
            {
              "timestamp": 1766403026238,
              "username": "user11",
              "credentialPair": "user11:cGFzczEx",
              "success": false,
              "userAgent": "Mozilla/5.0",
              "sessionId": "session456",
              "tenantId": "tenant1"
            },
            {
              "timestamp": 1766403027238,
              "username": "user12",
              "credentialPair": "user12:cGFzczEy",
              "success": false,
              "userAgent": "Mozilla/5.0",
              "sessionId": "session456",
              "tenantId": "tenant1"
            },
            {
              "timestamp": 1766403028238,
              "username": "user13",
              "credentialPair": "user13:cGFzczEz",
              "success": false,
              "userAgent": "Mozilla/5.0",
              "sessionId": "session456",
              "tenantId": "tenant1"
            },
            {
              "timestamp": 1766403029238,
              "username": "user14",
              "credentialPair": "user14:cGFzczE0",
              "success": false,
              "userAgent": "Mozilla/5.0",
              "sessionId": "session456",
              "tenantId": "tenant1"
            },
            {
              "timestamp": 1766403030238,
              "username": "user15",
              "credentialPair": "user15:cGFzczE1",
              "success": false,
              "userAgent": "Mozilla/5.0",
              "sessionId": "session456",
              "tenantId": "tenant1"
            },
            {
              "timestamp": 1766403031238,
              "username": "user16",
              "credentialPair": "user16:cGFzczE2",
              "success": false,
              "userAgent": "Mozilla/5.0",
              "sessionId": "session456",
              "tenantId": "tenant1"
            },
            {
              "timestamp": 1766403032238,
              "username": "user17",
              "credentialPair": "user17:cGFzczE3",
              "success": false,
              "userAgent": "Mozilla/5.0",
              "sessionId": "session456",
              "tenantId": "tenant1"
            },
            {
              "timestamp": 1766403033238,
              "username": "user18",
              "credentialPair": "user18:cGFzczE4",
              "success": false,
              "userAgent": "Mozilla/5.0",
              "sessionId": "session456",
              "tenantId": "tenant1"
            },
            {
              "timestamp": 1766403034238,
              "username": "user19",
              "credentialPair": "user19:cGFzczE5",
              "success": false,
              "userAgent": "Mozilla/5.0",
              "sessionId": "session456",
              "tenantId": "tenant1"
            },
            {
              "timestamp": 1766403035240,
              "username": "user20",
              "credentialPair": "user20:cGFzczIw",
              "success": false,
              "userAgent": "Mozilla/5.0",
              "sessionId": "session456",
              "tenantId": "tenant1"
            },
            {
              "timestamp": 1766403036241,
              "username": "user21",
              "credentialPair": "user21:cGFzczIx",
              "success": false,
              "userAgent": "Mozilla/5.0",
              "sessionId": "session456",
              "tenantId": "tenant1"
            },
            {
              "timestamp": 1766403037252,
              "username": "user22",
              "credentialPair": "user22:cGFzczIy",
              "success": false,
              "userAgent": "Mozilla/5.0",
              "sessionId": "session456",
              "tenantId": "tenant1"
            },
            {
              "timestamp": 1766403038254,
              "username": "user23",
              "credentialPair": "user23:cGFzczIz",
              "success": false,
              "userAgent": "Mozilla/5.0",
              "sessionId": "session456",
              "tenantId": "tenant1"
            },
            {
              "timestamp": 1766403039258,
              "username": "user24",
              "credentialPair": "user24:cGFzczI0",
              "success": false,
              "userAgent": "Mozilla/5.0",
              "sessionId": "session456",
              "tenantId": "tenant1"
            },
            {
              "timestamp": 1766403040269,
              "username": "user25",
              "credentialPair": "user25:cGFzczI1",
              "success": false,
              "userAgent": "Mozilla/5.0",
              "sessionId": "session456",
              "tenantId": "tenant1"
            },
            {
              "timestamp": 1766403041271,
              "username": "user26",
              "credentialPair": "user26:cGFzczI2",
              "success": false,
              "userAgent": "Mozilla/5.0",
              "sessionId": "session456",
              "tenantId": "tenant1"
            },
            {
              "timestamp": 1766403042273,
              "username": "user27",
              "credentialPair": "user27:cGFzczI3",
              "success": false,
              "userAgent": "Mozilla/5.0",
              "sessionId": "session456",
              "tenantId": "tenant1"
            },
            {
              "timestamp": 1766403043274,
              "username": "user28",
              "credentialPair": "user28:cGFzczI4",
              "success": false,
              "userAgent": "Mozilla/5.0",
              "sessionId": "session456",
              "tenantId": "tenant1"
            },
            {
              "timestamp": 1766403044276,
              "username": "user29",
              "credentialPair": "user29:cGFzczI5",
              "success": false,
              "userAgent": "Mozilla/5.0",
              "sessionId": "session456",
              "tenantId": "tenant1"
            },
            {
              "timestamp": 1766403045282,
              "username": "user30",
              "credentialPair": "user30:cGFzczMw",
              "success": false,
              "userAgent": "Mozilla/5.0",
              "sessionId": "session456",
              "tenantId": "tenant1"
            },
            {
              "timestamp": 1766403046284,
              "username": "user31",
              "credentialPair": "user31:cGFzczMx",
              "success": false,
              "userAgent": "Mozilla/5.0",
              "sessionId": "session456",
              "tenantId": "tenant1"
            },
            {
              "timestamp": 1766403047285,
              "username": "user32",
              "credentialPair": "user32:cGFzczMy",
              "success": false,
              "userAgent": "Mozilla/5.0",
              "sessionId": "session456",
              "tenantId": "tenant1"
            },
            {
              "timestamp": 1766403048286,
              "username": "user33",
              "credentialPair": "user33:cGFzczMz",
              "success": false,
              "userAgent": "Mozilla/5.0",
              "sessionId": "session456",
              "tenantId": "tenant1"
            },
            {
              "timestamp": 1766403049287,
              "username": "user34",
              "credentialPair": "user34:cGFzczM0",
              "success": false,
              "userAgent": "Mozilla/5.0",
              "sessionId": "session456",
              "tenantId": "tenant1"
            },
            {
              "timestamp": 1766403050291,
              "username": "user35",
              "credentialPair": "user35:cGFzczM1",
              "success": false,
              "userAgent": "Mozilla/5.0",
              "sessionId": "session456",
              "tenantId": "tenant1"
            },
            {
              "timestamp": 1766403051293,
              "username": "user36",
              "credentialPair": "user36:cGFzczM2",
              "success": false,
              "userAgent": "Mozilla/5.0",
              "sessionId": "session456",
              "tenantId": "tenant1"
            },
            {
              "timestamp": 1766403052313,
              "username": "user37",
              "credentialPair": "user37:cGFzczM3",
              "success": false,
              "userAgent": "Mozilla/5.0",
              "sessionId": "session456",
              "tenantId": "tenant1"
            },
            {
              "timestamp": 1766403053314,
              "username": "user38",
              "credentialPair": "user38:cGFzczM4",
              "success": false,
              "userAgent": "Mozilla/5.0",
              "sessionId": "session456",
              "tenantId": "tenant1"
            },
            {
              "timestamp": 1766403054315,
              "username": "user39",
              "credentialPair": "user39:cGFzczM5",
              "success": false,
              "userAgent": "Mozilla/5.0",
              "sessionId": "session456",
              "tenantId": "tenant1"
            }
          ],
          "credentialAnalysis": {
            "totalPairs": 40,
            "estimatedSource": "small_breach_or_targeted",
            "patternType": "manual"
          },
          "attackVector": "credential_stuffing"
        }
      }

      at Console.write [as log] (node_modules/winston/lib/wi
nston/transports/console.js:87:23)
          at Array.forEach (<anonymous>)

    console.log
      2025-12-22 13:30:15 [PLATFORM] [[31merror[39m]: 
Credential Stuffing Attack: credential_stuffing_breach_data 
{
        "platform": true,
        "ipAddress": "192.168.1.200",
        "uniqueCredentialPairs": 41,
        "uniqueUsernames": 41,
        "successRate": 0.024390243902439025,
        "potentialBreachSource": "small_breach_or_targeted",
        "violationType": "credential_stuffing_breach_data",
        "severity": "high",
        "description": "Credential stuffing using breach 
data detected",
        "forensicData": {
          "recentAttempts": [
            {
              "timestamp": 1766403015237,
              "username": "user0",
              "credentialPair": "user0:cGFzczA=",
              "success": true,
              "userAgent": "Mozilla/5.0",
              "sessionId": "session456",
              "tenantId": "tenant1"
            },
            {
              "timestamp": 1766403016237,
              "username": "user1",
              "credentialPair": "user1:cGFzczE=",
              "success": false,
              "userAgent": "Mozilla/5.0",
              "sessionId": "session456",
              "tenantId": "tenant1"
            },
            {
              "timestamp": 1766403017237,
              "username": "user2",
              "credentialPair": "user2:cGFzczI=",
              "success": false,
              "userAgent": "Mozilla/5.0",
              "sessionId": "session456",
              "tenantId": "tenant1"
            },
            {
              "timestamp": 1766403018237,
              "username": "user3",
              "credentialPair": "user3:cGFzczM=",
              "success": false,
              "userAgent": "Mozilla/5.0",
              "sessionId": "session456",
              "tenantId": "tenant1"
            },
            {
              "timestamp": 1766403019237,
              "username": "user4",
              "credentialPair": "user4:cGFzczQ=",
              "success": false,
              "userAgent": "Mozilla/5.0",
              "sessionId": "session456",
              "tenantId": "tenant1"
            },
            {
              "timestamp": 1766403020238,
              "username": "user5",
              "credentialPair": "user5:cGFzczU=",
              "success": false,
              "userAgent": "Mozilla/5.0",
              "sessionId": "session456",
              "tenantId": "tenant1"
            },
            {
              "timestamp": 1766403021238,
              "username": "user6",
              "credentialPair": "user6:cGFzczY=",
              "success": false,
              "userAgent": "Mozilla/5.0",
              "sessionId": "session456",
              "tenantId": "tenant1"
            },
            {
              "timestamp": 1766403022238,
              "username": "user7",
              "credentialPair": "user7:cGFzczc=",
              "success": false,
              "userAgent": "Mozilla/5.0",
              "sessionId": "session456",
              "tenantId": "tenant1"
            },
            {
              "timestamp": 1766403023238,
              "username": "user8",
              "credentialPair": "user8:cGFzczg=",
              "success": false,
              "userAgent": "Mozilla/5.0",
              "sessionId": "session456",
              "tenantId": "tenant1"
            },
            {
              "timestamp": 1766403024238,
              "username": "user9",
              "credentialPair": "user9:cGFzczk=",
              "success": false,
              "userAgent": "Mozilla/5.0",
              "sessionId": "session456",
              "tenantId": "tenant1"
            },
            {
              "timestamp": 1766403025238,
              "username": "user10",
              "credentialPair": "user10:cGFzczEw",
              "success": false,
              "userAgent": "Mozilla/5.0",
              "sessionId": "session456",
              "tenantId": "tenant1"
            },
            {
              "timestamp": 1766403026238,
              "username": "user11",
              "credentialPair": "user11:cGFzczEx",
              "success": false,
              "userAgent": "Mozilla/5.0",
              "sessionId": "session456",
              "tenantId": "tenant1"
            },
            {
              "timestamp": 1766403027238,
              "username": "user12",
              "credentialPair": "user12:cGFzczEy",
              "success": false,
              "userAgent": "Mozilla/5.0",
              "sessionId": "session456",
              "tenantId": "tenant1"
            },
            {
              "timestamp": 1766403028238,
              "username": "user13",
              "credentialPair": "user13:cGFzczEz",
              "success": false,
              "userAgent": "Mozilla/5.0",
              "sessionId": "session456",
              "tenantId": "tenant1"
            },
            {
              "timestamp": 1766403029238,
              "username": "user14",
              "credentialPair": "user14:cGFzczE0",
              "success": false,
              "userAgent": "Mozilla/5.0",
              "sessionId": "session456",
              "tenantId": "tenant1"
            },
            {
              "timestamp": 1766403030238,
              "username": "user15",
              "credentialPair": "user15:cGFzczE1",
              "success": false,
              "userAgent": "Mozilla/5.0",
              "sessionId": "session456",
              "tenantId": "tenant1"
            },
            {
              "timestamp": 1766403031238,
              "username": "user16",
              "credentialPair": "user16:cGFzczE2",
              "success": false,
              "userAgent": "Mozilla/5.0",
              "sessionId": "session456",
              "tenantId": "tenant1"
            },
            {
              "timestamp": 1766403032238,
              "username": "user17",
              "credentialPair": "user17:cGFzczE3",
              "success": false,
              "userAgent": "Mozilla/5.0",
              "sessionId": "session456",
              "tenantId": "tenant1"
            },
            {
              "timestamp": 1766403033238,
              "username": "user18",
              "credentialPair": "user18:cGFzczE4",
              "success": false,
              "userAgent": "Mozilla/5.0",
              "sessionId": "session456",
              "tenantId": "tenant1"
            },
            {
              "timestamp": 1766403034238,
              "username": "user19",
              "credentialPair": "user19:cGFzczE5",
              "success": false,
              "userAgent": "Mozilla/5.0",
              "sessionId": "session456",
              "tenantId": "tenant1"
            },
            {
              "timestamp": 1766403035240,
              "username": "user20",
              "credentialPair": "user20:cGFzczIw",
              "success": false,
              "userAgent": "Mozilla/5.0",
              "sessionId": "session456",
              "tenantId": "tenant1"
            },
            {
              "timestamp": 1766403036241,
              "username": "user21",
              "credentialPair": "user21:cGFzczIx",
              "success": false,
              "userAgent": "Mozilla/5.0",
              "sessionId": "session456",
              "tenantId": "tenant1"
            },
            {
              "timestamp": 1766403037252,
              "username": "user22",
              "credentialPair": "user22:cGFzczIy",
              "success": false,
              "userAgent": "Mozilla/5.0",
              "sessionId": "session456",
              "tenantId": "tenant1"
            },
            {
              "timestamp": 1766403038254,
              "username": "user23",
              "credentialPair": "user23:cGFzczIz",
              "success": false,
              "userAgent": "Mozilla/5.0",
              "sessionId": "session456",
              "tenantId": "tenant1"
            },
            {
              "timestamp": 1766403039258,
              "username": "user24",
              "credentialPair": "user24:cGFzczI0",
              "success": false,
              "userAgent": "Mozilla/5.0",
              "sessionId": "session456",
              "tenantId": "tenant1"
            },
            {
              "timestamp": 1766403040269,
              "username": "user25",
              "credentialPair": "user25:cGFzczI1",
              "success": false,
              "userAgent": "Mozilla/5.0",
              "sessionId": "session456",
              "tenantId": "tenant1"
            },
            {
              "timestamp": 1766403041271,
              "username": "user26",
              "credentialPair": "user26:cGFzczI2",
              "success": false,
              "userAgent": "Mozilla/5.0",
              "sessionId": "session456",
              "tenantId": "tenant1"
            },
            {
              "timestamp": 1766403042273,
              "username": "user27",
              "credentialPair": "user27:cGFzczI3",
              "success": false,
              "userAgent": "Mozilla/5.0",
              "sessionId": "session456",
              "tenantId": "tenant1"
            },
            {
              "timestamp": 1766403043274,
              "username": "user28",
              "credentialPair": "user28:cGFzczI4",
              "success": false,
              "userAgent": "Mozilla/5.0",
              "sessionId": "session456",
              "tenantId": "tenant1"
            },
            {
              "timestamp": 1766403044276,
              "username": "user29",
              "credentialPair": "user29:cGFzczI5",
              "success": false,
              "userAgent": "Mozilla/5.0",
              "sessionId": "session456",
              "tenantId": "tenant1"
            },
            {
              "timestamp": 1766403045282,
              "username": "user30",
              "credentialPair": "user30:cGFzczMw",
              "success": false,
              "userAgent": "Mozilla/5.0",
              "sessionId": "session456",
              "tenantId": "tenant1"
            },
            {
              "timestamp": 1766403046284,
              "username": "user31",
              "credentialPair": "user31:cGFzczMx",
              "success": false,
              "userAgent": "Mozilla/5.0",
              "sessionId": "session456",
              "tenantId": "tenant1"
            },
            {
              "timestamp": 1766403047285,
              "username": "user32",
              "credentialPair": "user32:cGFzczMy",
              "success": false,
              "userAgent": "Mozilla/5.0",
              "sessionId": "session456",
              "tenantId": "tenant1"
            },
            {
              "timestamp": 1766403048286,
              "username": "user33",
              "credentialPair": "user33:cGFzczMz",
              "success": false,
              "userAgent": "Mozilla/5.0",
              "sessionId": "session456",
              "tenantId": "tenant1"
            },
            {
              "timestamp": 1766403049287,
              "username": "user34",
              "credentialPair": "user34:cGFzczM0",
              "success": false,
              "userAgent": "Mozilla/5.0",
              "sessionId": "session456",
              "tenantId": "tenant1"
            },
            {
              "timestamp": 1766403050291,
              "username": "user35",
              "credentialPair": "user35:cGFzczM1",
              "success": false,
              "userAgent": "Mozilla/5.0",
              "sessionId": "session456",
              "tenantId": "tenant1"
            },
            {
              "timestamp": 1766403051293,
              "username": "user36",
              "credentialPair": "user36:cGFzczM2",
              "success": false,
              "userAgent": "Mozilla/5.0",
              "sessionId": "session456",
              "tenantId": "tenant1"
            },
            {
              "timestamp": 1766403052313,
              "username": "user37",
              "credentialPair": "user37:cGFzczM3",
              "success": false,
              "userAgent": "Mozilla/5.0",
              "sessionId": "session456",
              "tenantId": "tenant1"
            },
            {
              "timestamp": 1766403053314,
              "username": "user38",
              "credentialPair": "user38:cGFzczM4",
              "success": false,
              "userAgent": "Mozilla/5.0",
              "sessionId": "session456",
              "tenantId": "tenant1"
            },
            {
              "timestamp": 1766403054315,
              "username": "user39",
              "credentialPair": "user39:cGFzczM5",
              "success": false,
              "userAgent": "Mozilla/5.0",
              "sessionId": "session456",
              "tenantId": "tenant1"
            },
            {
              "timestamp": 1766403055316,
              "username": "user40",
              "credentialPair": "user40:cGFzczQw",
              "success": false,
              "userAgent": "Mozilla/5.0",
              "sessionId": "session456",
              "tenantId": "tenant1"
            }
          ],
          "credentialAnalysis": {
            "totalPairs": 41,
            "estimatedSource": "small_breach_or_targeted",
            "patternType": "manual"
          },
          "attackVector": "credential_stuffing"
        }
      }

      at Console.write [as log] (node_modules/winston/lib/wi
nston/transports/console.js:87:23)
          at Array.forEach (<anonymous>)

    console.log
      2025-12-22 13:30:15 [PLATFORM] [[31merror[39m]: 
Credential Stuffing Attack: credential_stuffing_breach_data 
{
        "platform": true,
        "ipAddress": "192.168.1.200",
        "uniqueCredentialPairs": 42,
        "uniqueUsernames": 42,
        "successRate": 0.023809523809523808,
        "potentialBreachSource": "small_breach_or_targeted",
        "violationType": "credential_stuffing_breach_data",
        "severity": "high",
        "description": "Credential stuffing using breach 
data detected",
        "forensicData": {
          "recentAttempts": [
            {
              "timestamp": 1766403015237,
              "username": "user0",
              "credentialPair": "user0:cGFzczA=",
              "success": true,
              "userAgent": "Mozilla/5.0",
              "sessionId": "session456",
              "tenantId": "tenant1"
            },
            {
              "timestamp": 1766403016237,
              "username": "user1",
              "credentialPair": "user1:cGFzczE=",
              "success": false,
              "userAgent": "Mozilla/5.0",
              "sessionId": "session456",
              "tenantId": "tenant1"
            },
            {
              "timestamp": 1766403017237,
              "username": "user2",
              "credentialPair": "user2:cGFzczI=",
              "success": false,
              "userAgent": "Mozilla/5.0",
              "sessionId": "session456",
              "tenantId": "tenant1"
            },
            {
              "timestamp": 1766403018237,
              "username": "user3",
              "credentialPair": "user3:cGFzczM=",
              "success": false,
              "userAgent": "Mozilla/5.0",
              "sessionId": "session456",
              "tenantId": "tenant1"
            },
            {
              "timestamp": 1766403019237,
              "username": "user4",
              "credentialPair": "user4:cGFzczQ=",
              "success": false,
              "userAgent": "Mozilla/5.0",
              "sessionId": "session456",
              "tenantId": "tenant1"
            },
            {
              "timestamp": 1766403020238,
              "username": "user5",
              "credentialPair": "user5:cGFzczU=",
              "success": false,
              "userAgent": "Mozilla/5.0",
              "sessionId": "session456",
              "tenantId": "tenant1"
            },
            {
              "timestamp": 1766403021238,
              "username": "user6",
              "credentialPair": "user6:cGFzczY=",
              "success": false,
              "userAgent": "Mozilla/5.0",
              "sessionId": "session456",
              "tenantId": "tenant1"
            },
            {
              "timestamp": 1766403022238,
              "username": "user7",
              "credentialPair": "user7:cGFzczc=",
              "success": false,
              "userAgent": "Mozilla/5.0",
              "sessionId": "session456",
              "tenantId": "tenant1"
            },
            {
              "timestamp": 1766403023238,
              "username": "user8",
              "credentialPair": "user8:cGFzczg=",
              "success": false,
              "userAgent": "Mozilla/5.0",
              "sessionId": "session456",
              "tenantId": "tenant1"
            },
            {
              "timestamp": 1766403024238,
              "username": "user9",
              "credentialPair": "user9:cGFzczk=",
              "success": false,
              "userAgent": "Mozilla/5.0",
              "sessionId": "session456",
              "tenantId": "tenant1"
            },
            {
              "timestamp": 1766403025238,
              "username": "user10",
              "credentialPair": "user10:cGFzczEw",
              "success": false,
              "userAgent": "Mozilla/5.0",
              "sessionId": "session456",
              "tenantId": "tenant1"
            },
            {
              "timestamp": 1766403026238,
              "username": "user11",
              "credentialPair": "user11:cGFzczEx",
              "success": false,
              "userAgent": "Mozilla/5.0",
              "sessionId": "session456",
              "tenantId": "tenant1"
            },
            {
              "timestamp": 1766403027238,
              "username": "user12",
              "credentialPair": "user12:cGFzczEy",
              "success": false,
              "userAgent": "Mozilla/5.0",
              "sessionId": "session456",
              "tenantId": "tenant1"
            },
            {
              "timestamp": 1766403028238,
              "username": "user13",
              "credentialPair": "user13:cGFzczEz",
              "success": false,
              "userAgent": "Mozilla/5.0",
              "sessionId": "session456",
              "tenantId": "tenant1"
            },
            {
              "timestamp": 1766403029238,
              "username": "user14",
              "credentialPair": "user14:cGFzczE0",
              "success": false,
              "userAgent": "Mozilla/5.0",
              "sessionId": "session456",
              "tenantId": "tenant1"
            },
            {
              "timestamp": 1766403030238,
              "username": "user15",
              "credentialPair": "user15:cGFzczE1",
              "success": false,
              "userAgent": "Mozilla/5.0",
              "sessionId": "session456",
              "tenantId": "tenant1"
            },
            {
              "timestamp": 1766403031238,
              "username": "user16",
              "credentialPair": "user16:cGFzczE2",
              "success": false,
              "userAgent": "Mozilla/5.0",
              "sessionId": "session456",
              "tenantId": "tenant1"
            },
            {
              "timestamp": 1766403032238,
              "username": "user17",
              "credentialPair": "user17:cGFzczE3",
              "success": false,
              "userAgent": "Mozilla/5.0",
              "sessionId": "session456",
              "tenantId": "tenant1"
            },
            {
              "timestamp": 1766403033238,
              "username": "user18",
              "credentialPair": "user18:cGFzczE4",
              "success": false,
              "userAgent": "Mozilla/5.0",
              "sessionId": "session456",
              "tenantId": "tenant1"
            },
            {
              "timestamp": 1766403034238,
              "username": "user19",
              "credentialPair": "user19:cGFzczE5",
              "success": false,
              "userAgent": "Mozilla/5.0",
              "sessionId": "session456",
              "tenantId": "tenant1"
            },
            {
              "timestamp": 1766403035240,
              "username": "user20",
              "credentialPair": "user20:cGFzczIw",
              "success": false,
              "userAgent": "Mozilla/5.0",
              "sessionId": "session456",
              "tenantId": "tenant1"
            },
            {
              "timestamp": 1766403036241,
              "username": "user21",
              "credentialPair": "user21:cGFzczIx",
              "success": false,
              "userAgent": "Mozilla/5.0",
              "sessionId": "session456",
              "tenantId": "tenant1"
            },
            {
              "timestamp": 1766403037252,
              "username": "user22",
              "credentialPair": "user22:cGFzczIy",
              "success": false,
              "userAgent": "Mozilla/5.0",
              "sessionId": "session456",
              "tenantId": "tenant1"
            },
            {
              "timestamp": 1766403038254,
              "username": "user23",
              "credentialPair": "user23:cGFzczIz",
              "success": false,
              "userAgent": "Mozilla/5.0",
              "sessionId": "session456",
              "tenantId": "tenant1"
            },
            {
              "timestamp": 1766403039258,
              "username": "user24",
              "credentialPair": "user24:cGFzczI0",
              "success": false,
              "userAgent": "Mozilla/5.0",
              "sessionId": "session456",
              "tenantId": "tenant1"
            },
            {
              "timestamp": 1766403040269,
              "username": "user25",
              "credentialPair": "user25:cGFzczI1",
              "success": false,
              "userAgent": "Mozilla/5.0",
              "sessionId": "session456",
              "tenantId": "tenant1"
            },
            {
              "timestamp": 1766403041271,
              "username": "user26",
              "credentialPair": "user26:cGFzczI2",
              "success": false,
              "userAgent": "Mozilla/5.0",
              "sessionId": "session456",
              "tenantId": "tenant1"
            },
            {
              "timestamp": 1766403042273,
              "username": "user27",
              "credentialPair": "user27:cGFzczI3",
              "success": false,
              "userAgent": "Mozilla/5.0",
              "sessionId": "session456",
              "tenantId": "tenant1"
            },
            {
              "timestamp": 1766403043274,
              "username": "user28",
              "credentialPair": "user28:cGFzczI4",
              "success": false,
              "userAgent": "Mozilla/5.0",
              "sessionId": "session456",
              "tenantId": "tenant1"
            },
            {
              "timestamp": 1766403044276,
              "username": "user29",
              "credentialPair": "user29:cGFzczI5",
              "success": false,
              "userAgent": "Mozilla/5.0",
              "sessionId": "session456",
              "tenantId": "tenant1"
            },
            {
              "timestamp": 1766403045282,
              "username": "user30",
              "credentialPair": "user30:cGFzczMw",
              "success": false,
              "userAgent": "Mozilla/5.0",
              "sessionId": "session456",
              "tenantId": "tenant1"
            },
            {
              "timestamp": 1766403046284,
              "username": "user31",
              "credentialPair": "user31:cGFzczMx",
              "success": false,
              "userAgent": "Mozilla/5.0",
              "sessionId": "session456",
              "tenantId": "tenant1"
            },
            {
              "timestamp": 1766403047285,
              "username": "user32",
              "credentialPair": "user32:cGFzczMy",
              "success": false,
              "userAgent": "Mozilla/5.0",
              "sessionId": "session456",
              "tenantId": "tenant1"
            },
            {
              "timestamp": 1766403048286,
              "username": "user33",
              "credentialPair": "user33:cGFzczMz",
              "success": false,
              "userAgent": "Mozilla/5.0",
              "sessionId": "session456",
              "tenantId": "tenant1"
            },
            {
              "timestamp": 1766403049287,
              "username": "user34",
              "credentialPair": "user34:cGFzczM0",
              "success": false,
              "userAgent": "Mozilla/5.0",
              "sessionId": "session456",
              "tenantId": "tenant1"
            },
            {
              "timestamp": 1766403050291,
              "username": "user35",
              "credentialPair": "user35:cGFzczM1",
              "success": false,
              "userAgent": "Mozilla/5.0",
              "sessionId": "session456",
              "tenantId": "tenant1"
            },
            {
              "timestamp": 1766403051293,
              "username": "user36",
              "credentialPair": "user36:cGFzczM2",
              "success": false,
              "userAgent": "Mozilla/5.0",
              "sessionId": "session456",
              "tenantId": "tenant1"
            },
            {
              "timestamp": 1766403052313,
              "username": "user37",
              "credentialPair": "user37:cGFzczM3",
              "success": false,
              "userAgent": "Mozilla/5.0",
              "sessionId": "session456",
              "tenantId": "tenant1"
            },
            {
              "timestamp": 1766403053314,
              "username": "user38",
              "credentialPair": "user38:cGFzczM4",
              "success": false,
              "userAgent": "Mozilla/5.0",
              "sessionId": "session456",
              "tenantId": "tenant1"
            },
            {
              "timestamp": 1766403054315,
              "username": "user39",
              "credentialPair": "user39:cGFzczM5",
              "success": false,
              "userAgent": "Mozilla/5.0",
              "sessionId": "session456",
              "tenantId": "tenant1"
            },
            {
              "timestamp": 1766403055316,
              "username": "user40",
              "credentialPair": "user40:cGFzczQw",
              "success": false,
              "userAgent": "Mozilla/5.0",
              "sessionId": "session456",
              "tenantId": "tenant1"
            },
            {
              "timestamp": 1766403056317,
              "username": "user41",
              "credentialPair": "user41:cGFzczQx",
              "success": false,
              "userAgent": "Mozilla/5.0",
              "sessionId": "session456",
              "tenantId": "tenant1"
            }
          ],
          "credentialAnalysis": {
            "totalPairs": 42,
            "estimatedSource": "small_breach_or_targeted",
            "patternType": "manual"
          },
          "attackVector": "credential_stuffing"
        }
      }

      at Console.write [as log] (node_modules/winston/lib/wi
nston/transports/console.js:87:23)
          at Array.forEach (<anonymous>)

    console.log
      2025-12-22 13:30:15 [PLATFORM] [[31merror[39m]: 
Credential Stuffing Attack: credential_stuffing_breach_data 
{
        "platform": true,
        "ipAddress": "192.168.1.200",
        "uniqueCredentialPairs": 43,
        "uniqueUsernames": 43,
        "successRate": 0.023255813953488372,
        "potentialBreachSource": "small_breach_or_targeted",
        "violationType": "credential_stuffing_breach_data",
        "severity": "high",
        "description": "Credential stuffing using breach 
data detected",
        "forensicData": {
          "recentAttempts": [
            {
              "timestamp": 1766403015237,
              "username": "user0",
              "credentialPair": "user0:cGFzczA=",
              "success": true,
              "userAgent": "Mozilla/5.0",
              "sessionId": "session456",
              "tenantId": "tenant1"
            },
            {
              "timestamp": 1766403016237,
              "username": "user1",
              "credentialPair": "user1:cGFzczE=",
              "success": false,
              "userAgent": "Mozilla/5.0",
              "sessionId": "session456",
              "tenantId": "tenant1"
            },
            {
              "timestamp": 1766403017237,
              "username": "user2",
              "credentialPair": "user2:cGFzczI=",
              "success": false,
              "userAgent": "Mozilla/5.0",
              "sessionId": "session456",
              "tenantId": "tenant1"
            },
            {
              "timestamp": 1766403018237,
              "username": "user3",
              "credentialPair": "user3:cGFzczM=",
              "success": false,
              "userAgent": "Mozilla/5.0",
              "sessionId": "session456",
              "tenantId": "tenant1"
            },
            {
              "timestamp": 1766403019237,
              "username": "user4",
              "credentialPair": "user4:cGFzczQ=",
              "success": false,
              "userAgent": "Mozilla/5.0",
              "sessionId": "session456",
              "tenantId": "tenant1"
            },
            {
              "timestamp": 1766403020238,
              "username": "user5",
              "credentialPair": "user5:cGFzczU=",
              "success": false,
              "userAgent": "Mozilla/5.0",
              "sessionId": "session456",
              "tenantId": "tenant1"
            },
            {
              "timestamp": 1766403021238,
              "username": "user6",
              "credentialPair": "user6:cGFzczY=",
              "success": false,
              "userAgent": "Mozilla/5.0",
              "sessionId": "session456",
              "tenantId": "tenant1"
            },
            {
              "timestamp": 1766403022238,
              "username": "user7",
              "credentialPair": "user7:cGFzczc=",
              "success": false,
              "userAgent": "Mozilla/5.0",
              "sessionId": "session456",
              "tenantId": "tenant1"
            },
            {
              "timestamp": 1766403023238,
              "username": "user8",
              "credentialPair": "user8:cGFzczg=",
              "success": false,
              "userAgent": "Mozilla/5.0",
              "sessionId": "session456",
              "tenantId": "tenant1"
            },
            {
              "timestamp": 1766403024238,
              "username": "user9",
              "credentialPair": "user9:cGFzczk=",
              "success": false,
              "userAgent": "Mozilla/5.0",
              "sessionId": "session456",
              "tenantId": "tenant1"
            },
            {
              "timestamp": 1766403025238,
              "username": "user10",
              "credentialPair": "user10:cGFzczEw",
              "success": false,
              "userAgent": "Mozilla/5.0",
              "sessionId": "session456",
              "tenantId": "tenant1"
            },
            {
              "timestamp": 1766403026238,
              "username": "user11",
              "credentialPair": "user11:cGFzczEx",
              "success": false,
              "userAgent": "Mozilla/5.0",
              "sessionId": "session456",
              "tenantId": "tenant1"
            },
            {
              "timestamp": 1766403027238,
              "username": "user12",
              "credentialPair": "user12:cGFzczEy",
              "success": false,
              "userAgent": "Mozilla/5.0",
              "sessionId": "session456",
              "tenantId": "tenant1"
            },
            {
              "timestamp": 1766403028238,
              "username": "user13",
              "credentialPair": "user13:cGFzczEz",
              "success": false,
              "userAgent": "Mozilla/5.0",
              "sessionId": "session456",
              "tenantId": "tenant1"
            },
            {
              "timestamp": 1766403029238,
              "username": "user14",
              "credentialPair": "user14:cGFzczE0",
              "success": false,
              "userAgent": "Mozilla/5.0",
              "sessionId": "session456",
              "tenantId": "tenant1"
            },
            {
              "timestamp": 1766403030238,
              "username": "user15",
              "credentialPair": "user15:cGFzczE1",
              "success": false,
              "userAgent": "Mozilla/5.0",
              "sessionId": "session456",
              "tenantId": "tenant1"
            },
            {
              "timestamp": 1766403031238,
              "username": "user16",
              "credentialPair": "user16:cGFzczE2",
              "success": false,
              "userAgent": "Mozilla/5.0",
              "sessionId": "session456",
              "tenantId": "tenant1"
            },
            {
              "timestamp": 1766403032238,
              "username": "user17",
              "credentialPair": "user17:cGFzczE3",
              "success": false,
              "userAgent": "Mozilla/5.0",
              "sessionId": "session456",
              "tenantId": "tenant1"
            },
            {
              "timestamp": 1766403033238,
              "username": "user18",
              "credentialPair": "user18:cGFzczE4",
              "success": false,
              "userAgent": "Mozilla/5.0",
              "sessionId": "session456",
              "tenantId": "tenant1"
            },
            {
              "timestamp": 1766403034238,
              "username": "user19",
              "credentialPair": "user19:cGFzczE5",
              "success": false,
              "userAgent": "Mozilla/5.0",
              "sessionId": "session456",
              "tenantId": "tenant1"
            },
            {
              "timestamp": 1766403035240,
              "username": "user20",
              "credentialPair": "user20:cGFzczIw",
              "success": false,
              "userAgent": "Mozilla/5.0",
              "sessionId": "session456",
              "tenantId": "tenant1"
            },
            {
              "timestamp": 1766403036241,
              "username": "user21",
              "credentialPair": "user21:cGFzczIx",
              "success": false,
              "userAgent": "Mozilla/5.0",
              "sessionId": "session456",
              "tenantId": "tenant1"
            },
            {
              "timestamp": 1766403037252,
              "username": "user22",
              "credentialPair": "user22:cGFzczIy",
              "success": false,
              "userAgent": "Mozilla/5.0",
              "sessionId": "session456",
              "tenantId": "tenant1"
            },
            {
              "timestamp": 1766403038254,
              "username": "user23",
              "credentialPair": "user23:cGFzczIz",
              "success": false,
              "userAgent": "Mozilla/5.0",
              "sessionId": "session456",
              "tenantId": "tenant1"
            },
            {
              "timestamp": 1766403039258,
              "username": "user24",
              "credentialPair": "user24:cGFzczI0",
              "success": false,
              "userAgent": "Mozilla/5.0",
              "sessionId": "session456",
              "tenantId": "tenant1"
            },
            {
              "timestamp": 1766403040269,
              "username": "user25",
              "credentialPair": "user25:cGFzczI1",
              "success": false,
              "userAgent": "Mozilla/5.0",
              "sessionId": "session456",
              "tenantId": "tenant1"
            },
            {
              "timestamp": 1766403041271,
              "username": "user26",
              "credentialPair": "user26:cGFzczI2",
              "success": false,
              "userAgent": "Mozilla/5.0",
              "sessionId": "session456",
              "tenantId": "tenant1"
            },
            {
              "timestamp": 1766403042273,
              "username": "user27",
              "credentialPair": "user27:cGFzczI3",
              "success": false,
              "userAgent": "Mozilla/5.0",
              "sessionId": "session456",
              "tenantId": "tenant1"
            },
            {
              "timestamp": 1766403043274,
              "username": "user28",
              "credentialPair": "user28:cGFzczI4",
              "success": false,
              "userAgent": "Mozilla/5.0",
              "sessionId": "session456",
              "tenantId": "tenant1"
            },
            {
              "timestamp": 1766403044276,
              "username": "user29",
              "credentialPair": "user29:cGFzczI5",
              "success": false,
              "userAgent": "Mozilla/5.0",
              "sessionId": "session456",
              "tenantId": "tenant1"
            },
            {
              "timestamp": 1766403045282,
              "username": "user30",
              "credentialPair": "user30:cGFzczMw",
              "success": false,
              "userAgent": "Mozilla/5.0",
              "sessionId": "session456",
              "tenantId": "tenant1"
            },
            {
              "timestamp": 1766403046284,
              "username": "user31",
              "credentialPair": "user31:cGFzczMx",
              "success": false,
              "userAgent": "Mozilla/5.0",
              "sessionId": "session456",
              "tenantId": "tenant1"
            },
            {
              "timestamp": 1766403047285,
              "username": "user32",
              "credentialPair": "user32:cGFzczMy",
              "success": false,
              "userAgent": "Mozilla/5.0",
              "sessionId": "session456",
              "tenantId": "tenant1"
            },
            {
              "timestamp": 1766403048286,
              "username": "user33",
              "credentialPair": "user33:cGFzczMz",
              "success": false,
              "userAgent": "Mozilla/5.0",
              "sessionId": "session456",
              "tenantId": "tenant1"
            },
            {
              "timestamp": 1766403049287,
              "username": "user34",
              "credentialPair": "user34:cGFzczM0",
              "success": false,
              "userAgent": "Mozilla/5.0",
              "sessionId": "session456",
              "tenantId": "tenant1"
            },
            {
              "timestamp": 1766403050291,
              "username": "user35",
              "credentialPair": "user35:cGFzczM1",
              "success": false,
              "userAgent": "Mozilla/5.0",
              "sessionId": "session456",
              "tenantId": "tenant1"
            },
            {
              "timestamp": 1766403051293,
              "username": "user36",
              "credentialPair": "user36:cGFzczM2",
              "success": false,
              "userAgent": "Mozilla/5.0",
              "sessionId": "session456",
              "tenantId": "tenant1"
            },
            {
              "timestamp": 1766403052313,
              "username": "user37",
              "credentialPair": "user37:cGFzczM3",
              "success": false,
              "userAgent": "Mozilla/5.0",
              "sessionId": "session456",
              "tenantId": "tenant1"
            },
            {
              "timestamp": 1766403053314,
              "username": "user38",
              "credentialPair": "user38:cGFzczM4",
              "success": false,
              "userAgent": "Mozilla/5.0",
              "sessionId": "session456",
              "tenantId": "tenant1"
            },
            {
              "timestamp": 1766403054315,
              "username": "user39",
              "credentialPair": "user39:cGFzczM5",
              "success": false,
              "userAgent": "Mozilla/5.0",
              "sessionId": "session456",
              "tenantId": "tenant1"
            },
            {
              "timestamp": 1766403055316,
              "username": "user40",
              "credentialPair": "user40:cGFzczQw",
              "success": false,
              "userAgent": "Mozilla/5.0",
              "sessionId": "session456",
              "tenantId": "tenant1"
            },
            {
              "timestamp": 1766403056317,
              "username": "user41",
              "credentialPair": "user41:cGFzczQx",
              "success": false,
              "userAgent": "Mozilla/5.0",
              "sessionId": "session456",
              "tenantId": "tenant1"
            },
            {
              "timestamp": 1766403057319,
              "username": "user42",
              "credentialPair": "user42:cGFzczQy",
              "success": false,
              "userAgent": "Mozilla/5.0",
              "sessionId": "session456",
              "tenantId": "tenant1"
            }
          ],
          "credentialAnalysis": {
            "totalPairs": 43,
            "estimatedSource": "small_breach_or_targeted",
            "patternType": "manual"
          },
          "attackVector": "credential_stuffing"
        }
      }

      at Console.write [as log] (node_modules/winston/lib/wi
nston/transports/console.js:87:23)
          at Array.forEach (<anonymous>)

    console.log
      2025-12-22 13:30:15 [PLATFORM] [[31merror[39m]: 
Credential Stuffing Attack: credential_stuffing_breach_data 
{
        "platform": true,
        "ipAddress": "192.168.1.200",
        "uniqueCredentialPairs": 44,
        "uniqueUsernames": 44,
        "successRate": 0.022727272727272728,
        "potentialBreachSource": "small_breach_or_targeted",
        "violationType": "credential_stuffing_breach_data",
        "severity": "high",
        "description": "Credential stuffing using breach 
data detected",
        "forensicData": {
          "recentAttempts": [
            {
              "timestamp": 1766403015237,
              "username": "user0",
              "credentialPair": "user0:cGFzczA=",
              "success": true,
              "userAgent": "Mozilla/5.0",
              "sessionId": "session456",
              "tenantId": "tenant1"
            },
            {
              "timestamp": 1766403016237,
              "username": "user1",
              "credentialPair": "user1:cGFzczE=",
              "success": false,
              "userAgent": "Mozilla/5.0",
              "sessionId": "session456",
              "tenantId": "tenant1"
            },
            {
              "timestamp": 1766403017237,
              "username": "user2",
              "credentialPair": "user2:cGFzczI=",
              "success": false,
              "userAgent": "Mozilla/5.0",
              "sessionId": "session456",
              "tenantId": "tenant1"
            },
            {
              "timestamp": 1766403018237,
              "username": "user3",
              "credentialPair": "user3:cGFzczM=",
              "success": false,
              "userAgent": "Mozilla/5.0",
              "sessionId": "session456",
              "tenantId": "tenant1"
            },
            {
              "timestamp": 1766403019237,
              "username": "user4",
              "credentialPair": "user4:cGFzczQ=",
              "success": false,
              "userAgent": "Mozilla/5.0",
              "sessionId": "session456",
              "tenantId": "tenant1"
            },
            {
              "timestamp": 1766403020238,
              "username": "user5",
              "credentialPair": "user5:cGFzczU=",
              "success": false,
              "userAgent": "Mozilla/5.0",
              "sessionId": "session456",
              "tenantId": "tenant1"
            },
            {
              "timestamp": 1766403021238,
              "username": "user6",
              "credentialPair": "user6:cGFzczY=",
              "success": false,
              "userAgent": "Mozilla/5.0",
              "sessionId": "session456",
              "tenantId": "tenant1"
            },
            {
              "timestamp": 1766403022238,
              "username": "user7",
              "credentialPair": "user7:cGFzczc=",
              "success": false,
              "userAgent": "Mozilla/5.0",
              "sessionId": "session456",
              "tenantId": "tenant1"
            },
            {
              "timestamp": 1766403023238,
              "username": "user8",
              "credentialPair": "user8:cGFzczg=",
              "success": false,
              "userAgent": "Mozilla/5.0",
              "sessionId": "session456",
              "tenantId": "tenant1"
            },
            {
              "timestamp": 1766403024238,
              "username": "user9",
              "credentialPair": "user9:cGFzczk=",
              "success": false,
              "userAgent": "Mozilla/5.0",
              "sessionId": "session456",
              "tenantId": "tenant1"
            },
            {
              "timestamp": 1766403025238,
              "username": "user10",
              "credentialPair": "user10:cGFzczEw",
              "success": false,
              "userAgent": "Mozilla/5.0",
              "sessionId": "session456",
              "tenantId": "tenant1"
            },
            {
              "timestamp": 1766403026238,
              "username": "user11",
              "credentialPair": "user11:cGFzczEx",
              "success": false,
              "userAgent": "Mozilla/5.0",
              "sessionId": "session456",
              "tenantId": "tenant1"
            },
            {
              "timestamp": 1766403027238,
              "username": "user12",
              "credentialPair": "user12:cGFzczEy",
              "success": false,
              "userAgent": "Mozilla/5.0",
              "sessionId": "session456",
              "tenantId": "tenant1"
            },
            {
              "timestamp": 1766403028238,
              "username": "user13",
              "credentialPair": "user13:cGFzczEz",
              "success": false,
              "userAgent": "Mozilla/5.0",
              "sessionId": "session456",
              "tenantId": "tenant1"
            },
            {
              "timestamp": 1766403029238,
              "username": "user14",
              "credentialPair": "user14:cGFzczE0",
              "success": false,
              "userAgent": "Mozilla/5.0",
              "sessionId": "session456",
              "tenantId": "tenant1"
            },
            {
              "timestamp": 1766403030238,
              "username": "user15",
              "credentialPair": "user15:cGFzczE1",
              "success": false,
              "userAgent": "Mozilla/5.0",
              "sessionId": "session456",
              "tenantId": "tenant1"
            },
            {
              "timestamp": 1766403031238,
              "username": "user16",
              "credentialPair": "user16:cGFzczE2",
              "success": false,
              "userAgent": "Mozilla/5.0",
              "sessionId": "session456",
              "tenantId": "tenant1"
            },
            {
              "timestamp": 1766403032238,
              "username": "user17",
              "credentialPair": "user17:cGFzczE3",
              "success": false,
              "userAgent": "Mozilla/5.0",
              "sessionId": "session456",
              "tenantId": "tenant1"
            },
            {
              "timestamp": 1766403033238,
              "username": "user18",
              "credentialPair": "user18:cGFzczE4",
              "success": false,
              "userAgent": "Mozilla/5.0",
              "sessionId": "session456",
              "tenantId": "tenant1"
            },
            {
              "timestamp": 1766403034238,
              "username": "user19",
              "credentialPair": "user19:cGFzczE5",
              "success": false,
              "userAgent": "Mozilla/5.0",
              "sessionId": "session456",
              "tenantId": "tenant1"
            },
            {
              "timestamp": 1766403035240,
              "username": "user20",
              "credentialPair": "user20:cGFzczIw",
              "success": false,
              "userAgent": "Mozilla/5.0",
              "sessionId": "session456",
              "tenantId": "tenant1"
            },
            {
              "timestamp": 1766403036241,
              "username": "user21",
              "credentialPair": "user21:cGFzczIx",
              "success": false,
              "userAgent": "Mozilla/5.0",
              "sessionId": "session456",
              "tenantId": "tenant1"
            },
            {
              "timestamp": 1766403037252,
              "username": "user22",
              "credentialPair": "user22:cGFzczIy",
              "success": false,
              "userAgent": "Mozilla/5.0",
              "sessionId": "session456",
              "tenantId": "tenant1"
            },
            {
              "timestamp": 1766403038254,
              "username": "user23",
              "credentialPair": "user23:cGFzczIz",
              "success": false,
              "userAgent": "Mozilla/5.0",
              "sessionId": "session456",
              "tenantId": "tenant1"
            },
            {
              "timestamp": 1766403039258,
              "username": "user24",
              "credentialPair": "user24:cGFzczI0",
              "success": false,
              "userAgent": "Mozilla/5.0",
              "sessionId": "session456",
              "tenantId": "tenant1"
            },
            {
              "timestamp": 1766403040269,
              "username": "user25",
              "credentialPair": "user25:cGFzczI1",
              "success": false,
              "userAgent": "Mozilla/5.0",
              "sessionId": "session456",
              "tenantId": "tenant1"
            },
            {
              "timestamp": 1766403041271,
              "username": "user26",
              "credentialPair": "user26:cGFzczI2",
              "success": false,
              "userAgent": "Mozilla/5.0",
              "sessionId": "session456",
              "tenantId": "tenant1"
            },
            {
              "timestamp": 1766403042273,
              "username": "user27",
              "credentialPair": "user27:cGFzczI3",
              "success": false,
              "userAgent": "Mozilla/5.0",
              "sessionId": "session456",
              "tenantId": "tenant1"
            },
            {
              "timestamp": 1766403043274,
              "username": "user28",
              "credentialPair": "user28:cGFzczI4",
              "success": false,
              "userAgent": "Mozilla/5.0",
              "sessionId": "session456",
              "tenantId": "tenant1"
            },
            {
              "timestamp": 1766403044276,
              "username": "user29",
              "credentialPair": "user29:cGFzczI5",
              "success": false,
              "userAgent": "Mozilla/5.0",
              "sessionId": "session456",
              "tenantId": "tenant1"
            },
            {
              "timestamp": 1766403045282,
              "username": "user30",
              "credentialPair": "user30:cGFzczMw",
              "success": false,
              "userAgent": "Mozilla/5.0",
              "sessionId": "session456",
              "tenantId": "tenant1"
            },
            {
              "timestamp": 1766403046284,
              "username": "user31",
              "credentialPair": "user31:cGFzczMx",
              "success": false,
              "userAgent": "Mozilla/5.0",
              "sessionId": "session456",
              "tenantId": "tenant1"
            },
            {
              "timestamp": 1766403047285,
              "username": "user32",
              "credentialPair": "user32:cGFzczMy",
              "success": false,
              "userAgent": "Mozilla/5.0",
              "sessionId": "session456",
              "tenantId": "tenant1"
            },
            {
              "timestamp": 1766403048286,
              "username": "user33",
              "credentialPair": "user33:cGFzczMz",
              "success": false,
              "userAgent": "Mozilla/5.0",
              "sessionId": "session456",
              "tenantId": "tenant1"
            },
            {
              "timestamp": 1766403049287,
              "username": "user34",
              "credentialPair": "user34:cGFzczM0",
              "success": false,
              "userAgent": "Mozilla/5.0",
              "sessionId": "session456",
              "tenantId": "tenant1"
            },
            {
              "timestamp": 1766403050291,
              "username": "user35",
              "credentialPair": "user35:cGFzczM1",
              "success": false,
              "userAgent": "Mozilla/5.0",
              "sessionId": "session456",
              "tenantId": "tenant1"
            },
            {
              "timestamp": 1766403051293,
              "username": "user36",
              "credentialPair": "user36:cGFzczM2",
              "success": false,
              "userAgent": "Mozilla/5.0",
              "sessionId": "session456",
              "tenantId": "tenant1"
            },
            {
              "timestamp": 1766403052313,
              "username": "user37",
              "credentialPair": "user37:cGFzczM3",
              "success": false,
              "userAgent": "Mozilla/5.0",
              "sessionId": "session456",
              "tenantId": "tenant1"
            },
            {
              "timestamp": 1766403053314,
              "username": "user38",
              "credentialPair": "user38:cGFzczM4",
              "success": false,
              "userAgent": "Mozilla/5.0",
              "sessionId": "session456",
              "tenantId": "tenant1"
            },
            {
              "timestamp": 1766403054315,
              "username": "user39",
              "credentialPair": "user39:cGFzczM5",
              "success": false,
              "userAgent": "Mozilla/5.0",
              "sessionId": "session456",
              "tenantId": "tenant1"
            },
            {
              "timestamp": 1766403055316,
              "username": "user40",
              "credentialPair": "user40:cGFzczQw",
              "success": false,
              "userAgent": "Mozilla/5.0",
              "sessionId": "session456",
              "tenantId": "tenant1"
            },
            {
              "timestamp": 1766403056317,
              "username": "user41",
              "credentialPair": "user41:cGFzczQx",
              "success": false,
              "userAgent": "Mozilla/5.0",
              "sessionId": "session456",
              "tenantId": "tenant1"
            },
            {
              "timestamp": 1766403057319,
              "username": "user42",
              "credentialPair": "user42:cGFzczQy",
              "success": false,
              "userAgent": "Mozilla/5.0",
              "sessionId": "session456",
              "tenantId": "tenant1"
            },
            {
              "timestamp": 1766403058320,
              "username": "user43",
              "credentialPair": "user43:cGFzczQz",
              "success": false,
              "userAgent": "Mozilla/5.0",
              "sessionId": "session456",
              "tenantId": "tenant1"
            }
          ],
          "credentialAnalysis": {
            "totalPairs": 44,
            "estimatedSource": "small_breach_or_targeted",
            "patternType": "manual"
          },
          "attackVector": "credential_stuffing"
        }
      }

      at Console.write [as log] (node_modules/winston/lib/wi
nston/transports/console.js:87:23)
          at Array.forEach (<anonymous>)

    console.log
      2025-12-22 13:30:15 [PLATFORM] [[31merror[39m]: 
Credential Stuffing Attack: credential_stuffing_breach_data 
{
        "platform": true,
        "ipAddress": "192.168.1.200",
        "uniqueCredentialPairs": 45,
        "uniqueUsernames": 45,
        "successRate": 0.022222222222222223,
        "potentialBreachSource": "small_breach_or_targeted",
        "violationType": "credential_stuffing_breach_data",
        "severity": "high",
        "description": "Credential stuffing using breach 
data detected",
        "forensicData": {
          "recentAttempts": [
            {
              "timestamp": 1766403015237,
              "username": "user0",
              "credentialPair": "user0:cGFzczA=",
              "success": true,
              "userAgent": "Mozilla/5.0",
              "sessionId": "session456",
              "tenantId": "tenant1"
            },
            {
              "timestamp": 1766403016237,
              "username": "user1",
              "credentialPair": "user1:cGFzczE=",
              "success": false,
              "userAgent": "Mozilla/5.0",
              "sessionId": "session456",
              "tenantId": "tenant1"
            },
            {
              "timestamp": 1766403017237,
              "username": "user2",
              "credentialPair": "user2:cGFzczI=",
              "success": false,
              "userAgent": "Mozilla/5.0",
              "sessionId": "session456",
              "tenantId": "tenant1"
            },
            {
              "timestamp": 1766403018237,
              "username": "user3",
              "credentialPair": "user3:cGFzczM=",
              "success": false,
              "userAgent": "Mozilla/5.0",
              "sessionId": "session456",
              "tenantId": "tenant1"
            },
            {
              "timestamp": 1766403019237,
              "username": "user4",
              "credentialPair": "user4:cGFzczQ=",
              "success": false,
              "userAgent": "Mozilla/5.0",
              "sessionId": "session456",
              "tenantId": "tenant1"
            },
            {
              "timestamp": 1766403020238,
              "username": "user5",
              "credentialPair": "user5:cGFzczU=",
              "success": false,
              "userAgent": "Mozilla/5.0",
              "sessionId": "session456",
              "tenantId": "tenant1"
            },
            {
              "timestamp": 1766403021238,
              "username": "user6",
              "credentialPair": "user6:cGFzczY=",
              "success": false,
              "userAgent": "Mozilla/5.0",
              "sessionId": "session456",
              "tenantId": "tenant1"
            },
            {
              "timestamp": 1766403022238,
              "username": "user7",
              "credentialPair": "user7:cGFzczc=",
              "success": false,
              "userAgent": "Mozilla/5.0",
              "sessionId": "session456",
              "tenantId": "tenant1"
            },
            {
              "timestamp": 1766403023238,
              "username": "user8",
              "credentialPair": "user8:cGFzczg=",
              "success": false,
              "userAgent": "Mozilla/5.0",
              "sessionId": "session456",
              "tenantId": "tenant1"
            },
            {
              "timestamp": 1766403024238,
              "username": "user9",
              "credentialPair": "user9:cGFzczk=",
              "success": false,
              "userAgent": "Mozilla/5.0",
              "sessionId": "session456",
              "tenantId": "tenant1"
            },
            {
              "timestamp": 1766403025238,
              "username": "user10",
              "credentialPair": "user10:cGFzczEw",
              "success": false,
              "userAgent": "Mozilla/5.0",
              "sessionId": "session456",
              "tenantId": "tenant1"
            },
            {
              "timestamp": 1766403026238,
              "username": "user11",
              "credentialPair": "user11:cGFzczEx",
              "success": false,
              "userAgent": "Mozilla/5.0",
              "sessionId": "session456",
              "tenantId": "tenant1"
            },
            {
              "timestamp": 1766403027238,
              "username": "user12",
              "credentialPair": "user12:cGFzczEy",
              "success": false,
              "userAgent": "Mozilla/5.0",
              "sessionId": "session456",
              "tenantId": "tenant1"
            },
            {
              "timestamp": 1766403028238,
              "username": "user13",
              "credentialPair": "user13:cGFzczEz",
              "success": false,
              "userAgent": "Mozilla/5.0",
              "sessionId": "session456",
              "tenantId": "tenant1"
            },
            {
              "timestamp": 1766403029238,
              "username": "user14",
              "credentialPair": "user14:cGFzczE0",
              "success": false,
              "userAgent": "Mozilla/5.0",
              "sessionId": "session456",
              "tenantId": "tenant1"
            },
            {
              "timestamp": 1766403030238,
              "username": "user15",
              "credentialPair": "user15:cGFzczE1",
              "success": false,
              "userAgent": "Mozilla/5.0",
              "sessionId": "session456",
              "tenantId": "tenant1"
            },
            {
              "timestamp": 1766403031238,
              "username": "user16",
              "credentialPair": "user16:cGFzczE2",
              "success": false,
              "userAgent": "Mozilla/5.0",
              "sessionId": "session456",
              "tenantId": "tenant1"
            },
            {
              "timestamp": 1766403032238,
              "username": "user17",
              "credentialPair": "user17:cGFzczE3",
              "success": false,
              "userAgent": "Mozilla/5.0",
              "sessionId": "session456",
              "tenantId": "tenant1"
            },
            {
              "timestamp": 1766403033238,
              "username": "user18",
              "credentialPair": "user18:cGFzczE4",
              "success": false,
              "userAgent": "Mozilla/5.0",
              "sessionId": "session456",
              "tenantId": "tenant1"
            },
            {
              "timestamp": 1766403034238,
              "username": "user19",
              "credentialPair": "user19:cGFzczE5",
              "success": false,
              "userAgent": "Mozilla/5.0",
              "sessionId": "session456",
              "tenantId": "tenant1"
            },
            {
              "timestamp": 1766403035240,
              "username": "user20",
              "credentialPair": "user20:cGFzczIw",
              "success": false,
              "userAgent": "Mozilla/5.0",
              "sessionId": "session456",
              "tenantId": "tenant1"
            },
            {
              "timestamp": 1766403036241,
              "username": "user21",
              "credentialPair": "user21:cGFzczIx",
              "success": false,
              "userAgent": "Mozilla/5.0",
              "sessionId": "session456",
              "tenantId": "tenant1"
            },
            {
              "timestamp": 1766403037252,
              "username": "user22",
              "credentialPair": "user22:cGFzczIy",
              "success": false,
              "userAgent": "Mozilla/5.0",
              "sessionId": "session456",
              "tenantId": "tenant1"
            },
            {
              "timestamp": 1766403038254,
              "username": "user23",
              "credentialPair": "user23:cGFzczIz",
              "success": false,
              "userAgent": "Mozilla/5.0",
              "sessionId": "session456",
              "tenantId": "tenant1"
            },
            {
              "timestamp": 1766403039258,
              "username": "user24",
              "credentialPair": "user24:cGFzczI0",
              "success": false,
              "userAgent": "Mozilla/5.0",
              "sessionId": "session456",
              "tenantId": "tenant1"
            },
            {
              "timestamp": 1766403040269,
              "username": "user25",
              "credentialPair": "user25:cGFzczI1",
              "success": false,
              "userAgent": "Mozilla/5.0",
              "sessionId": "session456",
              "tenantId": "tenant1"
            },
            {
              "timestamp": 1766403041271,
              "username": "user26",
              "credentialPair": "user26:cGFzczI2",
              "success": false,
              "userAgent": "Mozilla/5.0",
              "sessionId": "session456",
              "tenantId": "tenant1"
            },
            {
              "timestamp": 1766403042273,
              "username": "user27",
              "credentialPair": "user27:cGFzczI3",
              "success": false,
              "userAgent": "Mozilla/5.0",
              "sessionId": "session456",
              "tenantId": "tenant1"
            },
            {
              "timestamp": 1766403043274,
              "username": "user28",
              "credentialPair": "user28:cGFzczI4",
              "success": false,
              "userAgent": "Mozilla/5.0",
              "sessionId": "session456",
              "tenantId": "tenant1"
            },
            {
              "timestamp": 1766403044276,
              "username": "user29",
              "credentialPair": "user29:cGFzczI5",
              "success": false,
              "userAgent": "Mozilla/5.0",
              "sessionId": "session456",
              "tenantId": "tenant1"
            },
            {
              "timestamp": 1766403045282,
              "username": "user30",
              "credentialPair": "user30:cGFzczMw",
              "success": false,
              "userAgent": "Mozilla/5.0",
              "sessionId": "session456",
              "tenantId": "tenant1"
            },
            {
              "timestamp": 1766403046284,
              "username": "user31",
              "credentialPair": "user31:cGFzczMx",
              "success": false,
              "userAgent": "Mozilla/5.0",
              "sessionId": "session456",
              "tenantId": "tenant1"
            },
            {
              "timestamp": 1766403047285,
              "username": "user32",
              "credentialPair": "user32:cGFzczMy",
              "success": false,
              "userAgent": "Mozilla/5.0",
              "sessionId": "session456",
              "tenantId": "tenant1"
            },
            {
              "timestamp": 1766403048286,
              "username": "user33",
              "credentialPair": "user33:cGFzczMz",
              "success": false,
              "userAgent": "Mozilla/5.0",
              "sessionId": "session456",
              "tenantId": "tenant1"
            },
            {
              "timestamp": 1766403049287,
              "username": "user34",
              "credentialPair": "user34:cGFzczM0",
              "success": false,
              "userAgent": "Mozilla/5.0",
              "sessionId": "session456",
              "tenantId": "tenant1"
            },
            {
              "timestamp": 1766403050291,
              "username": "user35",
              "credentialPair": "user35:cGFzczM1",
              "success": false,
              "userAgent": "Mozilla/5.0",
              "sessionId": "session456",
              "tenantId": "tenant1"
            },
            {
              "timestamp": 1766403051293,
              "username": "user36",
              "credentialPair": "user36:cGFzczM2",
              "success": false,
              "userAgent": "Mozilla/5.0",
              "sessionId": "session456",
              "tenantId": "tenant1"
            },
            {
              "timestamp": 1766403052313,
              "username": "user37",
              "credentialPair": "user37:cGFzczM3",
              "success": false,
              "userAgent": "Mozilla/5.0",
              "sessionId": "session456",
              "tenantId": "tenant1"
            },
            {
              "timestamp": 1766403053314,
              "username": "user38",
              "credentialPair": "user38:cGFzczM4",
              "success": false,
              "userAgent": "Mozilla/5.0",
              "sessionId": "session456",
              "tenantId": "tenant1"
            },
            {
              "timestamp": 1766403054315,
              "username": "user39",
              "credentialPair": "user39:cGFzczM5",
              "success": false,
              "userAgent": "Mozilla/5.0",
              "sessionId": "session456",
              "tenantId": "tenant1"
            },
            {
              "timestamp": 1766403055316,
              "username": "user40",
              "credentialPair": "user40:cGFzczQw",
              "success": false,
              "userAgent": "Mozilla/5.0",
              "sessionId": "session456",
              "tenantId": "tenant1"
            },
            {
              "timestamp": 1766403056317,
              "username": "user41",
              "credentialPair": "user41:cGFzczQx",
              "success": false,
              "userAgent": "Mozilla/5.0",
              "sessionId": "session456",
              "tenantId": "tenant1"
            },
            {
              "timestamp": 1766403057319,
              "username": "user42",
              "credentialPair": "user42:cGFzczQy",
              "success": false,
              "userAgent": "Mozilla/5.0",
              "sessionId": "session456",
              "tenantId": "tenant1"
            },
            {
              "timestamp": 1766403058320,
              "username": "user43",
              "credentialPair": "user43:cGFzczQz",
              "success": false,
              "userAgent": "Mozilla/5.0",
              "sessionId": "session456",
              "tenantId": "tenant1"
            },
            {
              "timestamp": 1766403059321,
              "username": "user44",
              "credentialPair": "user44:cGFzczQ0",
              "success": false,
              "userAgent": "Mozilla/5.0",
              "sessionId": "session456",
              "tenantId": "tenant1"
            }
          ],
          "credentialAnalysis": {
            "totalPairs": 45,
            "estimatedSource": "small_breach_or_targeted",
            "patternType": "manual"
          },
          "attackVector": "credential_stuffing"
        }
      }

      at Console.write [as log] (node_modules/winston/lib/wi
nston/transports/console.js:87:23)
          at Array.forEach (<anonymous>)

    console.log
      2025-12-22 13:30:15 [PLATFORM] [[31merror[39m]: 
Credential Stuffing Attack: credential_stuffing_breach_data 
{
        "platform": true,
        "ipAddress": "192.168.1.200",
        "uniqueCredentialPairs": 46,
        "uniqueUsernames": 46,
        "successRate": 0.021739130434782608,
        "potentialBreachSource": "small_breach_or_targeted",
        "violationType": "credential_stuffing_breach_data",
        "severity": "high",
        "description": "Credential stuffing using breach 
data detected",
        "forensicData": {
          "recentAttempts": [
            {
              "timestamp": 1766403015237,
              "username": "user0",
              "credentialPair": "user0:cGFzczA=",
              "success": true,
              "userAgent": "Mozilla/5.0",
              "sessionId": "session456",
              "tenantId": "tenant1"
            },
            {
              "timestamp": 1766403016237,
              "username": "user1",
              "credentialPair": "user1:cGFzczE=",
              "success": false,
              "userAgent": "Mozilla/5.0",
              "sessionId": "session456",
              "tenantId": "tenant1"
            },
            {
              "timestamp": 1766403017237,
              "username": "user2",
              "credentialPair": "user2:cGFzczI=",
              "success": false,
              "userAgent": "Mozilla/5.0",
              "sessionId": "session456",
              "tenantId": "tenant1"
            },
            {
              "timestamp": 1766403018237,
              "username": "user3",
              "credentialPair": "user3:cGFzczM=",
              "success": false,
              "userAgent": "Mozilla/5.0",
              "sessionId": "session456",
              "tenantId": "tenant1"
            },
            {
              "timestamp": 1766403019237,
              "username": "user4",
              "credentialPair": "user4:cGFzczQ=",
              "success": false,
              "userAgent": "Mozilla/5.0",
              "sessionId": "session456",
              "tenantId": "tenant1"
            },
            {
              "timestamp": 1766403020238,
              "username": "user5",
              "credentialPair": "user5:cGFzczU=",
              "success": false,
              "userAgent": "Mozilla/5.0",
              "sessionId": "session456",
              "tenantId": "tenant1"
            },
            {
              "timestamp": 1766403021238,
              "username": "user6",
              "credentialPair": "user6:cGFzczY=",
              "success": false,
              "userAgent": "Mozilla/5.0",
              "sessionId": "session456",
              "tenantId": "tenant1"
            },
            {
              "timestamp": 1766403022238,
              "username": "user7",
              "credentialPair": "user7:cGFzczc=",
              "success": false,
              "userAgent": "Mozilla/5.0",
              "sessionId": "session456",
              "tenantId": "tenant1"
            },
            {
              "timestamp": 1766403023238,
              "username": "user8",
              "credentialPair": "user8:cGFzczg=",
              "success": false,
              "userAgent": "Mozilla/5.0",
              "sessionId": "session456",
              "tenantId": "tenant1"
            },
            {
              "timestamp": 1766403024238,
              "username": "user9",
              "credentialPair": "user9:cGFzczk=",
              "success": false,
              "userAgent": "Mozilla/5.0",
              "sessionId": "session456",
              "tenantId": "tenant1"
            },
            {
              "timestamp": 1766403025238,
              "username": "user10",
              "credentialPair": "user10:cGFzczEw",
              "success": false,
              "userAgent": "Mozilla/5.0",
              "sessionId": "session456",
              "tenantId": "tenant1"
            },
            {
              "timestamp": 1766403026238,
              "username": "user11",
              "credentialPair": "user11:cGFzczEx",
              "success": false,
              "userAgent": "Mozilla/5.0",
              "sessionId": "session456",
              "tenantId": "tenant1"
            },
            {
              "timestamp": 1766403027238,
              "username": "user12",
              "credentialPair": "user12:cGFzczEy",
              "success": false,
              "userAgent": "Mozilla/5.0",
              "sessionId": "session456",
              "tenantId": "tenant1"
            },
            {
              "timestamp": 1766403028238,
              "username": "user13",
              "credentialPair": "user13:cGFzczEz",
              "success": false,
              "userAgent": "Mozilla/5.0",
              "sessionId": "session456",
              "tenantId": "tenant1"
            },
            {
              "timestamp": 1766403029238,
              "username": "user14",
              "credentialPair": "user14:cGFzczE0",
              "success": false,
              "userAgent": "Mozilla/5.0",
              "sessionId": "session456",
              "tenantId": "tenant1"
            },
            {
              "timestamp": 1766403030238,
              "username": "user15",
              "credentialPair": "user15:cGFzczE1",
              "success": false,
              "userAgent": "Mozilla/5.0",
              "sessionId": "session456",
              "tenantId": "tenant1"
            },
            {
              "timestamp": 1766403031238,
              "username": "user16",
              "credentialPair": "user16:cGFzczE2",
              "success": false,
              "userAgent": "Mozilla/5.0",
              "sessionId": "session456",
              "tenantId": "tenant1"
            },
            {
              "timestamp": 1766403032238,
              "username": "user17",
              "credentialPair": "user17:cGFzczE3",
              "success": false,
              "userAgent": "Mozilla/5.0",
              "sessionId": "session456",
              "tenantId": "tenant1"
            },
            {
              "timestamp": 1766403033238,
              "username": "user18",
              "credentialPair": "user18:cGFzczE4",
              "success": false,
              "userAgent": "Mozilla/5.0",
              "sessionId": "session456",
              "tenantId": "tenant1"
            },
            {
              "timestamp": 1766403034238,
              "username": "user19",
              "credentialPair": "user19:cGFzczE5",
              "success": false,
              "userAgent": "Mozilla/5.0",
              "sessionId": "session456",
              "tenantId": "tenant1"
            },
            {
              "timestamp": 1766403035240,
              "username": "user20",
              "credentialPair": "user20:cGFzczIw",
              "success": false,
              "userAgent": "Mozilla/5.0",
              "sessionId": "session456",
              "tenantId": "tenant1"
            },
            {
              "timestamp": 1766403036241,
              "username": "user21",
              "credentialPair": "user21:cGFzczIx",
              "success": false,
              "userAgent": "Mozilla/5.0",
              "sessionId": "session456",
              "tenantId": "tenant1"
            },
            {
              "timestamp": 1766403037252,
              "username": "user22",
              "credentialPair": "user22:cGFzczIy",
              "success": false,
              "userAgent": "Mozilla/5.0",
              "sessionId": "session456",
              "tenantId": "tenant1"
            },
            {
              "timestamp": 1766403038254,
              "username": "user23",
              "credentialPair": "user23:cGFzczIz",
              "success": false,
              "userAgent": "Mozilla/5.0",
              "sessionId": "session456",
              "tenantId": "tenant1"
            },
            {
              "timestamp": 1766403039258,
              "username": "user24",
              "credentialPair": "user24:cGFzczI0",
              "success": false,
              "userAgent": "Mozilla/5.0",
              "sessionId": "session456",
              "tenantId": "tenant1"
            },
            {
              "timestamp": 1766403040269,
              "username": "user25",
              "credentialPair": "user25:cGFzczI1",
              "success": false,
              "userAgent": "Mozilla/5.0",
              "sessionId": "session456",
              "tenantId": "tenant1"
            },
            {
              "timestamp": 1766403041271,
              "username": "user26",
              "credentialPair": "user26:cGFzczI2",
              "success": false,
              "userAgent": "Mozilla/5.0",
              "sessionId": "session456",
              "tenantId": "tenant1"
            },
            {
              "timestamp": 1766403042273,
              "username": "user27",
              "credentialPair": "user27:cGFzczI3",
              "success": false,
              "userAgent": "Mozilla/5.0",
              "sessionId": "session456",
              "tenantId": "tenant1"
            },
            {
              "timestamp": 1766403043274,
              "username": "user28",
              "credentialPair": "user28:cGFzczI4",
              "success": false,
              "userAgent": "Mozilla/5.0",
              "sessionId": "session456",
              "tenantId": "tenant1"
            },
            {
              "timestamp": 1766403044276,
              "username": "user29",
              "credentialPair": "user29:cGFzczI5",
              "success": false,
              "userAgent": "Mozilla/5.0",
              "sessionId": "session456",
              "tenantId": "tenant1"
            },
            {
              "timestamp": 1766403045282,
              "username": "user30",
              "credentialPair": "user30:cGFzczMw",
              "success": false,
              "userAgent": "Mozilla/5.0",
              "sessionId": "session456",
              "tenantId": "tenant1"
            },
            {
              "timestamp": 1766403046284,
              "username": "user31",
              "credentialPair": "user31:cGFzczMx",
              "success": false,
              "userAgent": "Mozilla/5.0",
              "sessionId": "session456",
              "tenantId": "tenant1"
            },
            {
              "timestamp": 1766403047285,
              "username": "user32",
              "credentialPair": "user32:cGFzczMy",
              "success": false,
              "userAgent": "Mozilla/5.0",
              "sessionId": "session456",
              "tenantId": "tenant1"
            },
            {
              "timestamp": 1766403048286,
              "username": "user33",
              "credentialPair": "user33:cGFzczMz",
              "success": false,
              "userAgent": "Mozilla/5.0",
              "sessionId": "session456",
              "tenantId": "tenant1"
            },
            {
              "timestamp": 1766403049287,
              "username": "user34",
              "credentialPair": "user34:cGFzczM0",
              "success": false,
              "userAgent": "Mozilla/5.0",
              "sessionId": "session456",
              "tenantId": "tenant1"
            },
            {
              "timestamp": 1766403050291,
              "username": "user35",
              "credentialPair": "user35:cGFzczM1",
              "success": false,
              "userAgent": "Mozilla/5.0",
              "sessionId": "session456",
              "tenantId": "tenant1"
            },
            {
              "timestamp": 1766403051293,
              "username": "user36",
              "credentialPair": "user36:cGFzczM2",
              "success": false,
              "userAgent": "Mozilla/5.0",
              "sessionId": "session456",
              "tenantId": "tenant1"
            },
            {
              "timestamp": 1766403052313,
              "username": "user37",
              "credentialPair": "user37:cGFzczM3",
              "success": false,
              "userAgent": "Mozilla/5.0",
              "sessionId": "session456",
              "tenantId": "tenant1"
            },
            {
              "timestamp": 1766403053314,
              "username": "user38",
              "credentialPair": "user38:cGFzczM4",
              "success": false,
              "userAgent": "Mozilla/5.0",
              "sessionId": "session456",
              "tenantId": "tenant1"
            },
            {
              "timestamp": 1766403054315,
              "username": "user39",
              "credentialPair": "user39:cGFzczM5",
              "success": false,
              "userAgent": "Mozilla/5.0",
              "sessionId": "session456",
              "tenantId": "tenant1"
            },
            {
              "timestamp": 1766403055316,
              "username": "user40",
              "credentialPair": "user40:cGFzczQw",
              "success": false,
              "userAgent": "Mozilla/5.0",
              "sessionId": "session456",
              "tenantId": "tenant1"
            },
            {
              "timestamp": 1766403056317,
              "username": "user41",
              "credentialPair": "user41:cGFzczQx",
              "success": false,
              "userAgent": "Mozilla/5.0",
              "sessionId": "session456",
              "tenantId": "tenant1"
            },
            {
              "timestamp": 1766403057319,
              "username": "user42",
              "credentialPair": "user42:cGFzczQy",
              "success": false,
              "userAgent": "Mozilla/5.0",
              "sessionId": "session456",
              "tenantId": "tenant1"
            },
            {
              "timestamp": 1766403058320,
              "username": "user43",
              "credentialPair": "user43:cGFzczQz",
              "success": false,
              "userAgent": "Mozilla/5.0",
              "sessionId": "session456",
              "tenantId": "tenant1"
            },
            {
              "timestamp": 1766403059321,
              "username": "user44",
              "credentialPair": "user44:cGFzczQ0",
              "success": false,
              "userAgent": "Mozilla/5.0",
              "sessionId": "session456",
              "tenantId": "tenant1"
            },
            {
              "timestamp": 1766403060323,
              "username": "user45",
              "credentialPair": "user45:cGFzczQ1",
              "success": false,
              "userAgent": "Mozilla/5.0",
              "sessionId": "session456",
              "tenantId": "tenant1"
            }
          ],
          "credentialAnalysis": {
            "totalPairs": 46,
            "estimatedSource": "small_breach_or_targeted",
            "patternType": "manual"
          },
          "attackVector": "credential_stuffing"
        }
      }

      at Console.write [as log] (node_modules/winston/lib/wi
nston/transports/console.js:87:23)
          at Array.forEach (<anonymous>)

    console.log
      2025-12-22 13:30:15 [PLATFORM] [[31merror[39m]: 
Credential Stuffing Attack: credential_stuffing_breach_data 
{
        "platform": true,
        "ipAddress": "192.168.1.200",
        "uniqueCredentialPairs": 47,
        "uniqueUsernames": 47,
        "successRate": 0.02127659574468085,
        "potentialBreachSource": "small_breach_or_targeted",
        "violationType": "credential_stuffing_breach_data",
        "severity": "high",
        "description": "Credential stuffing using breach 
data detected",
        "forensicData": {
          "recentAttempts": [
            {
              "timestamp": 1766403015237,
              "username": "user0",
              "credentialPair": "user0:cGFzczA=",
              "success": true,
              "userAgent": "Mozilla/5.0",
              "sessionId": "session456",
              "tenantId": "tenant1"
            },
            {
              "timestamp": 1766403016237,
              "username": "user1",
              "credentialPair": "user1:cGFzczE=",
              "success": false,
              "userAgent": "Mozilla/5.0",
              "sessionId": "session456",
              "tenantId": "tenant1"
            },
            {
              "timestamp": 1766403017237,
              "username": "user2",
              "credentialPair": "user2:cGFzczI=",
              "success": false,
              "userAgent": "Mozilla/5.0",
              "sessionId": "session456",
              "tenantId": "tenant1"
            },
            {
              "timestamp": 1766403018237,
              "username": "user3",
              "credentialPair": "user3:cGFzczM=",
              "success": false,
              "userAgent": "Mozilla/5.0",
              "sessionId": "session456",
              "tenantId": "tenant1"
            },
            {
              "timestamp": 1766403019237,
              "username": "user4",
              "credentialPair": "user4:cGFzczQ=",
              "success": false,
              "userAgent": "Mozilla/5.0",
              "sessionId": "session456",
              "tenantId": "tenant1"
            },
            {
              "timestamp": 1766403020238,
              "username": "user5",
              "credentialPair": "user5:cGFzczU=",
              "success": false,
              "userAgent": "Mozilla/5.0",
              "sessionId": "session456",
              "tenantId": "tenant1"
            },
            {
              "timestamp": 1766403021238,
              "username": "user6",
              "credentialPair": "user6:cGFzczY=",
              "success": false,
              "userAgent": "Mozilla/5.0",
              "sessionId": "session456",
              "tenantId": "tenant1"
            },
            {
              "timestamp": 1766403022238,
              "username": "user7",
              "credentialPair": "user7:cGFzczc=",
              "success": false,
              "userAgent": "Mozilla/5.0",
              "sessionId": "session456",
              "tenantId": "tenant1"
            },
            {
              "timestamp": 1766403023238,
              "username": "user8",
              "credentialPair": "user8:cGFzczg=",
              "success": false,
              "userAgent": "Mozilla/5.0",
              "sessionId": "session456",
              "tenantId": "tenant1"
            },
            {
              "timestamp": 1766403024238,
              "username": "user9",
              "credentialPair": "user9:cGFzczk=",
              "success": false,
              "userAgent": "Mozilla/5.0",
              "sessionId": "session456",
              "tenantId": "tenant1"
            },
            {
              "timestamp": 1766403025238,
              "username": "user10",
              "credentialPair": "user10:cGFzczEw",
              "success": false,
              "userAgent": "Mozilla/5.0",
              "sessionId": "session456",
              "tenantId": "tenant1"
            },
            {
              "timestamp": 1766403026238,
              "username": "user11",
              "credentialPair": "user11:cGFzczEx",
              "success": false,
              "userAgent": "Mozilla/5.0",
              "sessionId": "session456",
              "tenantId": "tenant1"
            },
            {
              "timestamp": 1766403027238,
              "username": "user12",
              "credentialPair": "user12:cGFzczEy",
              "success": false,
              "userAgent": "Mozilla/5.0",
              "sessionId": "session456",
              "tenantId": "tenant1"
            },
            {
              "timestamp": 1766403028238,
              "username": "user13",
              "credentialPair": "user13:cGFzczEz",
              "success": false,
              "userAgent": "Mozilla/5.0",
              "sessionId": "session456",
              "tenantId": "tenant1"
            },
            {
              "timestamp": 1766403029238,
              "username": "user14",
              "credentialPair": "user14:cGFzczE0",
              "success": false,
              "userAgent": "Mozilla/5.0",
              "sessionId": "session456",
              "tenantId": "tenant1"
            },
            {
              "timestamp": 1766403030238,
              "username": "user15",
              "credentialPair": "user15:cGFzczE1",
              "success": false,
              "userAgent": "Mozilla/5.0",
              "sessionId": "session456",
              "tenantId": "tenant1"
            },
            {
              "timestamp": 1766403031238,
              "username": "user16",
              "credentialPair": "user16:cGFzczE2",
              "success": false,
              "userAgent": "Mozilla/5.0",
              "sessionId": "session456",
              "tenantId": "tenant1"
            },
            {
              "timestamp": 1766403032238,
              "username": "user17",
              "credentialPair": "user17:cGFzczE3",
              "success": false,
              "userAgent": "Mozilla/5.0",
              "sessionId": "session456",
              "tenantId": "tenant1"
            },
            {
              "timestamp": 1766403033238,
              "username": "user18",
              "credentialPair": "user18:cGFzczE4",
              "success": false,
              "userAgent": "Mozilla/5.0",
              "sessionId": "session456",
              "tenantId": "tenant1"
            },
            {
              "timestamp": 1766403034238,
              "username": "user19",
              "credentialPair": "user19:cGFzczE5",
              "success": false,
              "userAgent": "Mozilla/5.0",
              "sessionId": "session456",
              "tenantId": "tenant1"
            },
            {
              "timestamp": 1766403035240,
              "username": "user20",
              "credentialPair": "user20:cGFzczIw",
              "success": false,
              "userAgent": "Mozilla/5.0",
              "sessionId": "session456",
              "tenantId": "tenant1"
            },
            {
              "timestamp": 1766403036241,
              "username": "user21",
              "credentialPair": "user21:cGFzczIx",
              "success": false,
              "userAgent": "Mozilla/5.0",
              "sessionId": "session456",
              "tenantId": "tenant1"
            },
            {
              "timestamp": 1766403037252,
              "username": "user22",
              "credentialPair": "user22:cGFzczIy",
              "success": false,
              "userAgent": "Mozilla/5.0",
              "sessionId": "session456",
              "tenantId": "tenant1"
            },
            {
              "timestamp": 1766403038254,
              "username": "user23",
              "credentialPair": "user23:cGFzczIz",
              "success": false,
              "userAgent": "Mozilla/5.0",
              "sessionId": "session456",
              "tenantId": "tenant1"
            },
            {
              "timestamp": 1766403039258,
              "username": "user24",
              "credentialPair": "user24:cGFzczI0",
              "success": false,
              "userAgent": "Mozilla/5.0",
              "sessionId": "session456",
              "tenantId": "tenant1"
            },
            {
              "timestamp": 1766403040269,
              "username": "user25",
              "credentialPair": "user25:cGFzczI1",
              "success": false,
              "userAgent": "Mozilla/5.0",
              "sessionId": "session456",
              "tenantId": "tenant1"
            },
            {
              "timestamp": 1766403041271,
              "username": "user26",
              "credentialPair": "user26:cGFzczI2",
              "success": false,
              "userAgent": "Mozilla/5.0",
              "sessionId": "session456",
              "tenantId": "tenant1"
            },
            {
              "timestamp": 1766403042273,
              "username": "user27",
              "credentialPair": "user27:cGFzczI3",
              "success": false,
              "userAgent": "Mozilla/5.0",
              "sessionId": "session456",
              "tenantId": "tenant1"
            },
            {
              "timestamp": 1766403043274,
              "username": "user28",
              "credentialPair": "user28:cGFzczI4",
              "success": false,
              "userAgent": "Mozilla/5.0",
              "sessionId": "session456",
              "tenantId": "tenant1"
            },
            {
              "timestamp": 1766403044276,
              "username": "user29",
              "credentialPair": "user29:cGFzczI5",
              "success": false,
              "userAgent": "Mozilla/5.0",
              "sessionId": "session456",
              "tenantId": "tenant1"
            },
            {
              "timestamp": 1766403045282,
              "username": "user30",
              "credentialPair": "user30:cGFzczMw",
              "success": false,
              "userAgent": "Mozilla/5.0",
              "sessionId": "session456",
              "tenantId": "tenant1"
            },
            {
              "timestamp": 1766403046284,
              "username": "user31",
              "credentialPair": "user31:cGFzczMx",
              "success": false,
              "userAgent": "Mozilla/5.0",
              "sessionId": "session456",
              "tenantId": "tenant1"
            },
            {
              "timestamp": 1766403047285,
              "username": "user32",
              "credentialPair": "user32:cGFzczMy",
              "success": false,
              "userAgent": "Mozilla/5.0",
              "sessionId": "session456",
              "tenantId": "tenant1"
            },
            {
              "timestamp": 1766403048286,
              "username": "user33",
              "credentialPair": "user33:cGFzczMz",
              "success": false,
              "userAgent": "Mozilla/5.0",
              "sessionId": "session456",
              "tenantId": "tenant1"
            },
            {
              "timestamp": 1766403049287,
              "username": "user34",
              "credentialPair": "user34:cGFzczM0",
              "success": false,
              "userAgent": "Mozilla/5.0",
              "sessionId": "session456",
              "tenantId": "tenant1"
            },
            {
              "timestamp": 1766403050291,
              "username": "user35",
              "credentialPair": "user35:cGFzczM1",
              "success": false,
              "userAgent": "Mozilla/5.0",
              "sessionId": "session456",
              "tenantId": "tenant1"
            },
            {
              "timestamp": 1766403051293,
              "username": "user36",
              "credentialPair": "user36:cGFzczM2",
              "success": false,
              "userAgent": "Mozilla/5.0",
              "sessionId": "session456",
              "tenantId": "tenant1"
            },
            {
              "timestamp": 1766403052313,
              "username": "user37",
              "credentialPair": "user37:cGFzczM3",
              "success": false,
              "userAgent": "Mozilla/5.0",
              "sessionId": "session456",
              "tenantId": "tenant1"
            },
            {
              "timestamp": 1766403053314,
              "username": "user38",
              "credentialPair": "user38:cGFzczM4",
              "success": false,
              "userAgent": "Mozilla/5.0",
              "sessionId": "session456",
              "tenantId": "tenant1"
            },
            {
              "timestamp": 1766403054315,
              "username": "user39",
              "credentialPair": "user39:cGFzczM5",
              "success": false,
              "userAgent": "Mozilla/5.0",
              "sessionId": "session456",
              "tenantId": "tenant1"
            },
            {
              "timestamp": 1766403055316,
              "username": "user40",
              "credentialPair": "user40:cGFzczQw",
              "success": false,
              "userAgent": "Mozilla/5.0",
              "sessionId": "session456",
              "tenantId": "tenant1"
            },
            {
              "timestamp": 1766403056317,
              "username": "user41",
              "credentialPair": "user41:cGFzczQx",
              "success": false,
              "userAgent": "Mozilla/5.0",
              "sessionId": "session456",
              "tenantId": "tenant1"
            },
            {
              "timestamp": 1766403057319,
              "username": "user42",
              "credentialPair": "user42:cGFzczQy",
              "success": false,
              "userAgent": "Mozilla/5.0",
              "sessionId": "session456",
              "tenantId": "tenant1"
            },
            {
              "timestamp": 1766403058320,
              "username": "user43",
              "credentialPair": "user43:cGFzczQz",
              "success": false,
              "userAgent": "Mozilla/5.0",
              "sessionId": "session456",
              "tenantId": "tenant1"
            },
            {
              "timestamp": 1766403059321,
              "username": "user44",
              "credentialPair": "user44:cGFzczQ0",
              "success": false,
              "userAgent": "Mozilla/5.0",
              "sessionId": "session456",
              "tenantId": "tenant1"
            },
            {
              "timestamp": 1766403060323,
              "username": "user45",
              "credentialPair": "user45:cGFzczQ1",
              "success": false,
              "userAgent": "Mozilla/5.0",
              "sessionId": "session456",
              "tenantId": "tenant1"
            },
            {
              "timestamp": 1766403061324,
              "username": "user46",
              "credentialPair": "user46:cGFzczQ2",
              "success": false,
              "userAgent": "Mozilla/5.0",
              "sessionId": "session456",
              "tenantId": "tenant1"
            }
          ],
          "credentialAnalysis": {
            "totalPairs": 47,
            "estimatedSource": "small_breach_or_targeted",
            "patternType": "manual"
          },
          "attackVector": "credential_stuffing"
        }
      }

      at Console.write [as log] (node_modules/winston/lib/wi
nston/transports/console.js:87:23)
          at Array.forEach (<anonymous>)

    console.log
      2025-12-22 13:30:15 [PLATFORM] [[31merror[39m]: 
Credential Stuffing Attack: credential_stuffing_breach_data 
{
        "platform": true,
        "ipAddress": "192.168.1.200",
        "uniqueCredentialPairs": 48,
        "uniqueUsernames": 48,
        "successRate": 0.020833333333333332,
        "potentialBreachSource": "small_breach_or_targeted",
        "violationType": "credential_stuffing_breach_data",
        "severity": "high",
        "description": "Credential stuffing using breach 
data detected",
        "forensicData": {
          "recentAttempts": [
            {
              "timestamp": 1766403015237,
              "username": "user0",
              "credentialPair": "user0:cGFzczA=",
              "success": true,
              "userAgent": "Mozilla/5.0",
              "sessionId": "session456",
              "tenantId": "tenant1"
            },
            {
              "timestamp": 1766403016237,
              "username": "user1",
              "credentialPair": "user1:cGFzczE=",
              "success": false,
              "userAgent": "Mozilla/5.0",
              "sessionId": "session456",
              "tenantId": "tenant1"
            },
            {
              "timestamp": 1766403017237,
              "username": "user2",
              "credentialPair": "user2:cGFzczI=",
              "success": false,
              "userAgent": "Mozilla/5.0",
              "sessionId": "session456",
              "tenantId": "tenant1"
            },
            {
              "timestamp": 1766403018237,
              "username": "user3",
              "credentialPair": "user3:cGFzczM=",
              "success": false,
              "userAgent": "Mozilla/5.0",
              "sessionId": "session456",
              "tenantId": "tenant1"
            },
            {
              "timestamp": 1766403019237,
              "username": "user4",
              "credentialPair": "user4:cGFzczQ=",
              "success": false,
              "userAgent": "Mozilla/5.0",
              "sessionId": "session456",
              "tenantId": "tenant1"
            },
            {
              "timestamp": 1766403020238,
              "username": "user5",
              "credentialPair": "user5:cGFzczU=",
              "success": false,
              "userAgent": "Mozilla/5.0",
              "sessionId": "session456",
              "tenantId": "tenant1"
            },
            {
              "timestamp": 1766403021238,
              "username": "user6",
              "credentialPair": "user6:cGFzczY=",
              "success": false,
              "userAgent": "Mozilla/5.0",
              "sessionId": "session456",
              "tenantId": "tenant1"
            },
            {
              "timestamp": 1766403022238,
              "username": "user7",
              "credentialPair": "user7:cGFzczc=",
              "success": false,
              "userAgent": "Mozilla/5.0",
              "sessionId": "session456",
              "tenantId": "tenant1"
            },
            {
              "timestamp": 1766403023238,
              "username": "user8",
              "credentialPair": "user8:cGFzczg=",
              "success": false,
              "userAgent": "Mozilla/5.0",
              "sessionId": "session456",
              "tenantId": "tenant1"
            },
            {
              "timestamp": 1766403024238,
              "username": "user9",
              "credentialPair": "user9:cGFzczk=",
              "success": false,
              "userAgent": "Mozilla/5.0",
              "sessionId": "session456",
              "tenantId": "tenant1"
            },
            {
              "timestamp": 1766403025238,
              "username": "user10",
              "credentialPair": "user10:cGFzczEw",
              "success": false,
              "userAgent": "Mozilla/5.0",
              "sessionId": "session456",
              "tenantId": "tenant1"
            },
            {
              "timestamp": 1766403026238,
              "username": "user11",
              "credentialPair": "user11:cGFzczEx",
              "success": false,
              "userAgent": "Mozilla/5.0",
              "sessionId": "session456",
              "tenantId": "tenant1"
            },
            {
              "timestamp": 1766403027238,
              "username": "user12",
              "credentialPair": "user12:cGFzczEy",
              "success": false,
              "userAgent": "Mozilla/5.0",
              "sessionId": "session456",
              "tenantId": "tenant1"
            },
            {
              "timestamp": 1766403028238,
              "username": "user13",
              "credentialPair": "user13:cGFzczEz",
              "success": false,
              "userAgent": "Mozilla/5.0",
              "sessionId": "session456",
              "tenantId": "tenant1"
            },
            {
              "timestamp": 1766403029238,
              "username": "user14",
              "credentialPair": "user14:cGFzczE0",
              "success": false,
              "userAgent": "Mozilla/5.0",
              "sessionId": "session456",
              "tenantId": "tenant1"
            },
            {
              "timestamp": 1766403030238,
              "username": "user15",
              "credentialPair": "user15:cGFzczE1",
              "success": false,
              "userAgent": "Mozilla/5.0",
              "sessionId": "session456",
              "tenantId": "tenant1"
            },
            {
              "timestamp": 1766403031238,
              "username": "user16",
              "credentialPair": "user16:cGFzczE2",
              "success": false,
              "userAgent": "Mozilla/5.0",
              "sessionId": "session456",
              "tenantId": "tenant1"
            },
            {
              "timestamp": 1766403032238,
              "username": "user17",
              "credentialPair": "user17:cGFzczE3",
              "success": false,
              "userAgent": "Mozilla/5.0",
              "sessionId": "session456",
              "tenantId": "tenant1"
            },
            {
              "timestamp": 1766403033238,
              "username": "user18",
              "credentialPair": "user18:cGFzczE4",
              "success": false,
              "userAgent": "Mozilla/5.0",
              "sessionId": "session456",
              "tenantId": "tenant1"
            },
            {
              "timestamp": 1766403034238,
              "username": "user19",
              "credentialPair": "user19:cGFzczE5",
              "success": false,
              "userAgent": "Mozilla/5.0",
              "sessionId": "session456",
              "tenantId": "tenant1"
            },
            {
              "timestamp": 1766403035240,
              "username": "user20",
              "credentialPair": "user20:cGFzczIw",
              "success": false,
              "userAgent": "Mozilla/5.0",
              "sessionId": "session456",
              "tenantId": "tenant1"
            },
            {
              "timestamp": 1766403036241,
              "username": "user21",
              "credentialPair": "user21:cGFzczIx",
              "success": false,
              "userAgent": "Mozilla/5.0",
              "sessionId": "session456",
              "tenantId": "tenant1"
            },
            {
              "timestamp": 1766403037252,
              "username": "user22",
              "credentialPair": "user22:cGFzczIy",
              "success": false,
              "userAgent": "Mozilla/5.0",
              "sessionId": "session456",
              "tenantId": "tenant1"
            },
            {
              "timestamp": 1766403038254,
              "username": "user23",
              "credentialPair": "user23:cGFzczIz",
              "success": false,
              "userAgent": "Mozilla/5.0",
              "sessionId": "session456",
              "tenantId": "tenant1"
            },
            {
              "timestamp": 1766403039258,
              "username": "user24",
              "credentialPair": "user24:cGFzczI0",
              "success": false,
              "userAgent": "Mozilla/5.0",
              "sessionId": "session456",
              "tenantId": "tenant1"
            },
            {
              "timestamp": 1766403040269,
              "username": "user25",
              "credentialPair": "user25:cGFzczI1",
              "success": false,
              "userAgent": "Mozilla/5.0",
              "sessionId": "session456",
              "tenantId": "tenant1"
            },
            {
              "timestamp": 1766403041271,
              "username": "user26",
              "credentialPair": "user26:cGFzczI2",
              "success": false,
              "userAgent": "Mozilla/5.0",
              "sessionId": "session456",
              "tenantId": "tenant1"
            },
            {
              "timestamp": 1766403042273,
              "username": "user27",
              "credentialPair": "user27:cGFzczI3",
              "success": false,
              "userAgent": "Mozilla/5.0",
              "sessionId": "session456",
              "tenantId": "tenant1"
            },
            {
              "timestamp": 1766403043274,
              "username": "user28",
              "credentialPair": "user28:cGFzczI4",
              "success": false,
              "userAgent": "Mozilla/5.0",
              "sessionId": "session456",
              "tenantId": "tenant1"
            },
            {
              "timestamp": 1766403044276,
              "username": "user29",
              "credentialPair": "user29:cGFzczI5",
              "success": false,
              "userAgent": "Mozilla/5.0",
              "sessionId": "session456",
              "tenantId": "tenant1"
            },
            {
              "timestamp": 1766403045282,
              "username": "user30",
              "credentialPair": "user30:cGFzczMw",
              "success": false,
              "userAgent": "Mozilla/5.0",
              "sessionId": "session456",
              "tenantId": "tenant1"
            },
            {
              "timestamp": 1766403046284,
              "username": "user31",
              "credentialPair": "user31:cGFzczMx",
              "success": false,
              "userAgent": "Mozilla/5.0",
              "sessionId": "session456",
              "tenantId": "tenant1"
            },
            {
              "timestamp": 1766403047285,
              "username": "user32",
              "credentialPair": "user32:cGFzczMy",
              "success": false,
              "userAgent": "Mozilla/5.0",
              "sessionId": "session456",
              "tenantId": "tenant1"
            },
            {
              "timestamp": 1766403048286,
              "username": "user33",
              "credentialPair": "user33:cGFzczMz",
              "success": false,
              "userAgent": "Mozilla/5.0",
              "sessionId": "session456",
              "tenantId": "tenant1"
            },
            {
              "timestamp": 1766403049287,
              "username": "user34",
              "credentialPair": "user34:cGFzczM0",
              "success": false,
              "userAgent": "Mozilla/5.0",
              "sessionId": "session456",
              "tenantId": "tenant1"
            },
            {
              "timestamp": 1766403050291,
              "username": "user35",
              "credentialPair": "user35:cGFzczM1",
              "success": false,
              "userAgent": "Mozilla/5.0",
              "sessionId": "session456",
              "tenantId": "tenant1"
            },
            {
              "timestamp": 1766403051293,
              "username": "user36",
              "credentialPair": "user36:cGFzczM2",
              "success": false,
              "userAgent": "Mozilla/5.0",
              "sessionId": "session456",
              "tenantId": "tenant1"
            },
            {
              "timestamp": 1766403052313,
              "username": "user37",
              "credentialPair": "user37:cGFzczM3",
              "success": false,
              "userAgent": "Mozilla/5.0",
              "sessionId": "session456",
              "tenantId": "tenant1"
            },
            {
              "timestamp": 1766403053314,
              "username": "user38",
              "credentialPair": "user38:cGFzczM4",
              "success": false,
              "userAgent": "Mozilla/5.0",
              "sessionId": "session456",
              "tenantId": "tenant1"
            },
            {
              "timestamp": 1766403054315,
              "username": "user39",
              "credentialPair": "user39:cGFzczM5",
              "success": false,
              "userAgent": "Mozilla/5.0",
              "sessionId": "session456",
              "tenantId": "tenant1"
            },
            {
              "timestamp": 1766403055316,
              "username": "user40",
              "credentialPair": "user40:cGFzczQw",
              "success": false,
              "userAgent": "Mozilla/5.0",
              "sessionId": "session456",
              "tenantId": "tenant1"
            },
            {
              "timestamp": 1766403056317,
              "username": "user41",
              "credentialPair": "user41:cGFzczQx",
              "success": false,
              "userAgent": "Mozilla/5.0",
              "sessionId": "session456",
              "tenantId": "tenant1"
            },
            {
              "timestamp": 1766403057319,
              "username": "user42",
              "credentialPair": "user42:cGFzczQy",
              "success": false,
              "userAgent": "Mozilla/5.0",
              "sessionId": "session456",
              "tenantId": "tenant1"
            },
            {
              "timestamp": 1766403058320,
              "username": "user43",
              "credentialPair": "user43:cGFzczQz",
              "success": false,
              "userAgent": "Mozilla/5.0",
              "sessionId": "session456",
              "tenantId": "tenant1"
            },
            {
              "timestamp": 1766403059321,
              "username": "user44",
              "credentialPair": "user44:cGFzczQ0",
              "success": false,
              "userAgent": "Mozilla/5.0",
              "sessionId": "session456",
              "tenantId": "tenant1"
            },
            {
              "timestamp": 1766403060323,
              "username": "user45",
              "credentialPair": "user45:cGFzczQ1",
              "success": false,
              "userAgent": "Mozilla/5.0",
              "sessionId": "session456",
              "tenantId": "tenant1"
            },
            {
              "timestamp": 1766403061324,
              "username": "user46",
              "credentialPair": "user46:cGFzczQ2",
              "success": false,
              "userAgent": "Mozilla/5.0",
              "sessionId": "session456",
              "tenantId": "tenant1"
            },
            {
              "timestamp": 1766403062327,
              "username": "user47",
              "credentialPair": "user47:cGFzczQ3",
              "success": false,
              "userAgent": "Mozilla/5.0",
              "sessionId": "session456",
              "tenantId": "tenant1"
            }
          ],
          "credentialAnalysis": {
            "totalPairs": 48,
            "estimatedSource": "small_breach_or_targeted",
            "patternType": "manual"
          },
          "attackVector": "credential_stuffing"
        }
      }

      at Console.write [as log] (node_modules/winston/lib/wi
nston/transports/console.js:87:23)
          at Array.forEach (<anonymous>)

    console.log
      2025-12-22 13:30:15 [PLATFORM] [[31merror[39m]: 
Credential Stuffing Attack: credential_stuffing_breach_data 
{
        "platform": true,
        "ipAddress": "192.168.1.200",
        "uniqueCredentialPairs": 49,
        "uniqueUsernames": 49,
        "successRate": 0.02040816326530612,
        "potentialBreachSource": "small_breach_or_targeted",
        "violationType": "credential_stuffing_breach_data",
        "severity": "high",
        "description": "Credential stuffing using breach 
data detected",
        "forensicData": {
          "recentAttempts": [
            {
              "timestamp": 1766403015237,
              "username": "user0",
              "credentialPair": "user0:cGFzczA=",
              "success": true,
              "userAgent": "Mozilla/5.0",
              "sessionId": "session456",
              "tenantId": "tenant1"
            },
            {
              "timestamp": 1766403016237,
              "username": "user1",
              "credentialPair": "user1:cGFzczE=",
              "success": false,
              "userAgent": "Mozilla/5.0",
              "sessionId": "session456",
              "tenantId": "tenant1"
            },
            {
              "timestamp": 1766403017237,
              "username": "user2",
              "credentialPair": "user2:cGFzczI=",
              "success": false,
              "userAgent": "Mozilla/5.0",
              "sessionId": "session456",
              "tenantId": "tenant1"
            },
            {
              "timestamp": 1766403018237,
              "username": "user3",
              "credentialPair": "user3:cGFzczM=",
              "success": false,
              "userAgent": "Mozilla/5.0",
              "sessionId": "session456",
              "tenantId": "tenant1"
            },
            {
              "timestamp": 1766403019237,
              "username": "user4",
              "credentialPair": "user4:cGFzczQ=",
              "success": false,
              "userAgent": "Mozilla/5.0",
              "sessionId": "session456",
              "tenantId": "tenant1"
            },
            {
              "timestamp": 1766403020238,
              "username": "user5",
              "credentialPair": "user5:cGFzczU=",
              "success": false,
              "userAgent": "Mozilla/5.0",
              "sessionId": "session456",
              "tenantId": "tenant1"
            },
            {
              "timestamp": 1766403021238,
              "username": "user6",
              "credentialPair": "user6:cGFzczY=",
              "success": false,
              "userAgent": "Mozilla/5.0",
              "sessionId": "session456",
              "tenantId": "tenant1"
            },
            {
              "timestamp": 1766403022238,
              "username": "user7",
              "credentialPair": "user7:cGFzczc=",
              "success": false,
              "userAgent": "Mozilla/5.0",
              "sessionId": "session456",
              "tenantId": "tenant1"
            },
            {
              "timestamp": 1766403023238,
              "username": "user8",
              "credentialPair": "user8:cGFzczg=",
              "success": false,
              "userAgent": "Mozilla/5.0",
              "sessionId": "session456",
              "tenantId": "tenant1"
            },
            {
              "timestamp": 1766403024238,
              "username": "user9",
              "credentialPair": "user9:cGFzczk=",
              "success": false,
              "userAgent": "Mozilla/5.0",
              "sessionId": "session456",
              "tenantId": "tenant1"
            },
            {
              "timestamp": 1766403025238,
              "username": "user10",
              "credentialPair": "user10:cGFzczEw",
              "success": false,
              "userAgent": "Mozilla/5.0",
              "sessionId": "session456",
              "tenantId": "tenant1"
            },
            {
              "timestamp": 1766403026238,
              "username": "user11",
              "credentialPair": "user11:cGFzczEx",
              "success": false,
              "userAgent": "Mozilla/5.0",
              "sessionId": "session456",
              "tenantId": "tenant1"
            },
            {
              "timestamp": 1766403027238,
              "username": "user12",
              "credentialPair": "user12:cGFzczEy",
              "success": false,
              "userAgent": "Mozilla/5.0",
              "sessionId": "session456",
              "tenantId": "tenant1"
            },
            {
              "timestamp": 1766403028238,
              "username": "user13",
              "credentialPair": "user13:cGFzczEz",
              "success": false,
              "userAgent": "Mozilla/5.0",
              "sessionId": "session456",
              "tenantId": "tenant1"
            },
            {
              "timestamp": 1766403029238,
              "username": "user14",
              "credentialPair": "user14:cGFzczE0",
              "success": false,
              "userAgent": "Mozilla/5.0",
              "sessionId": "session456",
              "tenantId": "tenant1"
            },
            {
              "timestamp": 1766403030238,
              "username": "user15",
              "credentialPair": "user15:cGFzczE1",
              "success": false,
              "userAgent": "Mozilla/5.0",
              "sessionId": "session456",
              "tenantId": "tenant1"
            },
            {
              "timestamp": 1766403031238,
              "username": "user16",
              "credentialPair": "user16:cGFzczE2",
              "success": false,
              "userAgent": "Mozilla/5.0",
              "sessionId": "session456",
              "tenantId": "tenant1"
            },
            {
              "timestamp": 1766403032238,
              "username": "user17",
              "credentialPair": "user17:cGFzczE3",
              "success": false,
              "userAgent": "Mozilla/5.0",
              "sessionId": "session456",
              "tenantId": "tenant1"
            },
            {
              "timestamp": 1766403033238,
              "username": "user18",
              "credentialPair": "user18:cGFzczE4",
              "success": false,
              "userAgent": "Mozilla/5.0",
              "sessionId": "session456",
              "tenantId": "tenant1"
            },
            {
              "timestamp": 1766403034238,
              "username": "user19",
              "credentialPair": "user19:cGFzczE5",
              "success": false,
              "userAgent": "Mozilla/5.0",
              "sessionId": "session456",
              "tenantId": "tenant1"
            },
            {
              "timestamp": 1766403035240,
              "username": "user20",
              "credentialPair": "user20:cGFzczIw",
              "success": false,
              "userAgent": "Mozilla/5.0",
              "sessionId": "session456",
              "tenantId": "tenant1"
            },
            {
              "timestamp": 1766403036241,
              "username": "user21",
              "credentialPair": "user21:cGFzczIx",
              "success": false,
              "userAgent": "Mozilla/5.0",
              "sessionId": "session456",
              "tenantId": "tenant1"
            },
            {
              "timestamp": 1766403037252,
              "username": "user22",
              "credentialPair": "user22:cGFzczIy",
              "success": false,
              "userAgent": "Mozilla/5.0",
              "sessionId": "session456",
              "tenantId": "tenant1"
            },
            {
              "timestamp": 1766403038254,
              "username": "user23",
              "credentialPair": "user23:cGFzczIz",
              "success": false,
              "userAgent": "Mozilla/5.0",
              "sessionId": "session456",
              "tenantId": "tenant1"
            },
            {
              "timestamp": 1766403039258,
              "username": "user24",
              "credentialPair": "user24:cGFzczI0",
              "success": false,
              "userAgent": "Mozilla/5.0",
              "sessionId": "session456",
              "tenantId": "tenant1"
            },
            {
              "timestamp": 1766403040269,
              "username": "user25",
              "credentialPair": "user25:cGFzczI1",
              "success": false,
              "userAgent": "Mozilla/5.0",
              "sessionId": "session456",
              "tenantId": "tenant1"
            },
            {
              "timestamp": 1766403041271,
              "username": "user26",
              "credentialPair": "user26:cGFzczI2",
              "success": false,
              "userAgent": "Mozilla/5.0",
              "sessionId": "session456",
              "tenantId": "tenant1"
            },
            {
              "timestamp": 1766403042273,
              "username": "user27",
              "credentialPair": "user27:cGFzczI3",
              "success": false,
              "userAgent": "Mozilla/5.0",
              "sessionId": "session456",
              "tenantId": "tenant1"
            },
            {
              "timestamp": 1766403043274,
              "username": "user28",
              "credentialPair": "user28:cGFzczI4",
              "success": false,
              "userAgent": "Mozilla/5.0",
              "sessionId": "session456",
              "tenantId": "tenant1"
            },
            {
              "timestamp": 1766403044276,
              "username": "user29",
              "credentialPair": "user29:cGFzczI5",
              "success": false,
              "userAgent": "Mozilla/5.0",
              "sessionId": "session456",
              "tenantId": "tenant1"
            },
            {
              "timestamp": 1766403045282,
              "username": "user30",
              "credentialPair": "user30:cGFzczMw",
              "success": false,
              "userAgent": "Mozilla/5.0",
              "sessionId": "session456",
              "tenantId": "tenant1"
            },
            {
              "timestamp": 1766403046284,
              "username": "user31",
              "credentialPair": "user31:cGFzczMx",
              "success": false,
              "userAgent": "Mozilla/5.0",
              "sessionId": "session456",
              "tenantId": "tenant1"
            },
            {
              "timestamp": 1766403047285,
              "username": "user32",
              "credentialPair": "user32:cGFzczMy",
              "success": false,
              "userAgent": "Mozilla/5.0",
              "sessionId": "session456",
              "tenantId": "tenant1"
            },
            {
              "timestamp": 1766403048286,
              "username": "user33",
              "credentialPair": "user33:cGFzczMz",
              "success": false,
              "userAgent": "Mozilla/5.0",
              "sessionId": "session456",
              "tenantId": "tenant1"
            },
            {
              "timestamp": 1766403049287,
              "username": "user34",
              "credentialPair": "user34:cGFzczM0",
              "success": false,
              "userAgent": "Mozilla/5.0",
              "sessionId": "session456",
              "tenantId": "tenant1"
            },
            {
              "timestamp": 1766403050291,
              "username": "user35",
              "credentialPair": "user35:cGFzczM1",
              "success": false,
              "userAgent": "Mozilla/5.0",
              "sessionId": "session456",
              "tenantId": "tenant1"
            },
            {
              "timestamp": 1766403051293,
              "username": "user36",
              "credentialPair": "user36:cGFzczM2",
              "success": false,
              "userAgent": "Mozilla/5.0",
              "sessionId": "session456",
              "tenantId": "tenant1"
            },
            {
              "timestamp": 1766403052313,
              "username": "user37",
              "credentialPair": "user37:cGFzczM3",
              "success": false,
              "userAgent": "Mozilla/5.0",
              "sessionId": "session456",
              "tenantId": "tenant1"
            },
            {
              "timestamp": 1766403053314,
              "username": "user38",
              "credentialPair": "user38:cGFzczM4",
              "success": false,
              "userAgent": "Mozilla/5.0",
              "sessionId": "session456",
              "tenantId": "tenant1"
            },
            {
              "timestamp": 1766403054315,
              "username": "user39",
              "credentialPair": "user39:cGFzczM5",
              "success": false,
              "userAgent": "Mozilla/5.0",
              "sessionId": "session456",
              "tenantId": "tenant1"
            },
            {
              "timestamp": 1766403055316,
              "username": "user40",
              "credentialPair": "user40:cGFzczQw",
              "success": false,
              "userAgent": "Mozilla/5.0",
              "sessionId": "session456",
              "tenantId": "tenant1"
            },
            {
              "timestamp": 1766403056317,
              "username": "user41",
              "credentialPair": "user41:cGFzczQx",
              "success": false,
              "userAgent": "Mozilla/5.0",
              "sessionId": "session456",
              "tenantId": "tenant1"
            },
            {
              "timestamp": 1766403057319,
              "username": "user42",
              "credentialPair": "user42:cGFzczQy",
              "success": false,
              "userAgent": "Mozilla/5.0",
              "sessionId": "session456",
              "tenantId": "tenant1"
            },
            {
              "timestamp": 1766403058320,
              "username": "user43",
              "credentialPair": "user43:cGFzczQz",
              "success": false,
              "userAgent": "Mozilla/5.0",
              "sessionId": "session456",
              "tenantId": "tenant1"
            },
            {
              "timestamp": 1766403059321,
              "username": "user44",
              "credentialPair": "user44:cGFzczQ0",
              "success": false,
              "userAgent": "Mozilla/5.0",
              "sessionId": "session456",
              "tenantId": "tenant1"
            },
            {
              "timestamp": 1766403060323,
              "username": "user45",
              "credentialPair": "user45:cGFzczQ1",
              "success": false,
              "userAgent": "Mozilla/5.0",
              "sessionId": "session456",
              "tenantId": "tenant1"
            },
            {
              "timestamp": 1766403061324,
              "username": "user46",
              "credentialPair": "user46:cGFzczQ2",
              "success": false,
              "userAgent": "Mozilla/5.0",
              "sessionId": "session456",
              "tenantId": "tenant1"
            },
            {
              "timestamp": 1766403062327,
              "username": "user47",
              "credentialPair": "user47:cGFzczQ3",
              "success": false,
              "userAgent": "Mozilla/5.0",
              "sessionId": "session456",
              "tenantId": "tenant1"
            },
            {
              "timestamp": 1766403063328,
              "username": "user48",
              "credentialPair": "user48:cGFzczQ4",
              "success": false,
              "userAgent": "Mozilla/5.0",
              "sessionId": "session456",
              "tenantId": "tenant1"
            }
          ],
          "credentialAnalysis": {
            "totalPairs": 49,
            "estimatedSource": "small_breach_or_targeted",
            "patternType": "manual"
          },
          "attackVector": "credential_stuffing"
        }
      }

      at Console.write [as log] (node_modules/winston/lib/wi
nston/transports/console.js:87:23)
          at Array.forEach (<anonymous>)

    console.log
      2025-12-22 13:30:15 [PLATFORM] [[31merror[39m]: 
Credential Stuffing Attack: credential_stuffing_volume {
        "platform": true,
        "ipAddress": "192.168.1.200",
        "totalAttempts": 50,
        "successRate": 0.02,
        "uniqueCredentials": 50,
        "uniqueUsernames": 50,
        "timeWindow": 3600000,
        "violationType": "credential_stuffing_volume",
        "severity": "critical",
        "description": "Credential stuffing attack detected 
(high volume, low success)",
        "forensicData": {
          "recentAttempts": [
            {
              "timestamp": 1766403015237,
              "username": "user0",
              "credentialPair": "user0:cGFzczA=",
              "success": true,
              "userAgent": "Mozilla/5.0",
              "sessionId": "session456",
              "tenantId": "tenant1"
            },
            {
              "timestamp": 1766403016237,
              "username": "user1",
              "credentialPair": "user1:cGFzczE=",
              "success": false,
              "userAgent": "Mozilla/5.0",
              "sessionId": "session456",
              "tenantId": "tenant1"
            },
            {
              "timestamp": 1766403017237,
              "username": "user2",
              "credentialPair": "user2:cGFzczI=",
              "success": false,
              "userAgent": "Mozilla/5.0",
              "sessionId": "session456",
              "tenantId": "tenant1"
            },
            {
              "timestamp": 1766403018237,
              "username": "user3",
              "credentialPair": "user3:cGFzczM=",
              "success": false,
              "userAgent": "Mozilla/5.0",
              "sessionId": "session456",
              "tenantId": "tenant1"
            },
            {
              "timestamp": 1766403019237,
              "username": "user4",
              "credentialPair": "user4:cGFzczQ=",
              "success": false,
              "userAgent": "Mozilla/5.0",
              "sessionId": "session456",
              "tenantId": "tenant1"
            },
            {
              "timestamp": 1766403020238,
              "username": "user5",
              "credentialPair": "user5:cGFzczU=",
              "success": false,
              "userAgent": "Mozilla/5.0",
              "sessionId": "session456",
              "tenantId": "tenant1"
            },
            {
              "timestamp": 1766403021238,
              "username": "user6",
              "credentialPair": "user6:cGFzczY=",
              "success": false,
              "userAgent": "Mozilla/5.0",
              "sessionId": "session456",
              "tenantId": "tenant1"
            },
            {
              "timestamp": 1766403022238,
              "username": "user7",
              "credentialPair": "user7:cGFzczc=",
              "success": false,
              "userAgent": "Mozilla/5.0",
              "sessionId": "session456",
              "tenantId": "tenant1"
            },
            {
              "timestamp": 1766403023238,
              "username": "user8",
              "credentialPair": "user8:cGFzczg=",
              "success": false,
              "userAgent": "Mozilla/5.0",
              "sessionId": "session456",
              "tenantId": "tenant1"
            },
            {
              "timestamp": 1766403024238,
              "username": "user9",
              "credentialPair": "user9:cGFzczk=",
              "success": false,
              "userAgent": "Mozilla/5.0",
              "sessionId": "session456",
              "tenantId": "tenant1"
            },
            {
              "timestamp": 1766403025238,
              "username": "user10",
              "credentialPair": "user10:cGFzczEw",
              "success": false,
              "userAgent": "Mozilla/5.0",
              "sessionId": "session456",
              "tenantId": "tenant1"
            },
            {
              "timestamp": 1766403026238,
              "username": "user11",
              "credentialPair": "user11:cGFzczEx",
              "success": false,
              "userAgent": "Mozilla/5.0",
              "sessionId": "session456",
              "tenantId": "tenant1"
            },
            {
              "timestamp": 1766403027238,
              "username": "user12",
              "credentialPair": "user12:cGFzczEy",
              "success": false,
              "userAgent": "Mozilla/5.0",
              "sessionId": "session456",
              "tenantId": "tenant1"
            },
            {
              "timestamp": 1766403028238,
              "username": "user13",
              "credentialPair": "user13:cGFzczEz",
              "success": false,
              "userAgent": "Mozilla/5.0",
              "sessionId": "session456",
              "tenantId": "tenant1"
            },
            {
              "timestamp": 1766403029238,
              "username": "user14",
              "credentialPair": "user14:cGFzczE0",
              "success": false,
              "userAgent": "Mozilla/5.0",
              "sessionId": "session456",
              "tenantId": "tenant1"
            },
            {
              "timestamp": 1766403030238,
              "username": "user15",
              "credentialPair": "user15:cGFzczE1",
              "success": false,
              "userAgent": "Mozilla/5.0",
              "sessionId": "session456",
              "tenantId": "tenant1"
            },
            {
              "timestamp": 1766403031238,
              "username": "user16",
              "credentialPair": "user16:cGFzczE2",
              "success": false,
              "userAgent": "Mozilla/5.0",
              "sessionId": "session456",
              "tenantId": "tenant1"
            },
            {
              "timestamp": 1766403032238,
              "username": "user17",
              "credentialPair": "user17:cGFzczE3",
              "success": false,
              "userAgent": "Mozilla/5.0",
              "sessionId": "session456",
              "tenantId": "tenant1"
            },
            {
              "timestamp": 1766403033238,
              "username": "user18",
              "credentialPair": "user18:cGFzczE4",
              "success": false,
              "userAgent": "Mozilla/5.0",
              "sessionId": "session456",
              "tenantId": "tenant1"
            },
            {
              "timestamp": 1766403034238,
              "username": "user19",
              "credentialPair": "user19:cGFzczE5",
              "success": false,
              "userAgent": "Mozilla/5.0",
              "sessionId": "session456",
              "tenantId": "tenant1"
            },
            {
              "timestamp": 1766403035240,
              "username": "user20",
              "credentialPair": "user20:cGFzczIw",
              "success": false,
              "userAgent": "Mozilla/5.0",
              "sessionId": "session456",
              "tenantId": "tenant1"
            },
            {
              "timestamp": 1766403036241,
              "username": "user21",
              "credentialPair": "user21:cGFzczIx",
              "success": false,
              "userAgent": "Mozilla/5.0",
              "sessionId": "session456",
              "tenantId": "tenant1"
            },
            {
              "timestamp": 1766403037252,
              "username": "user22",
              "credentialPair": "user22:cGFzczIy",
              "success": false,
              "userAgent": "Mozilla/5.0",
              "sessionId": "session456",
              "tenantId": "tenant1"
            },
            {
              "timestamp": 1766403038254,
              "username": "user23",
              "credentialPair": "user23:cGFzczIz",
              "success": false,
              "userAgent": "Mozilla/5.0",
              "sessionId": "session456",
              "tenantId": "tenant1"
            },
            {
              "timestamp": 1766403039258,
              "username": "user24",
              "credentialPair": "user24:cGFzczI0",
              "success": false,
              "userAgent": "Mozilla/5.0",
              "sessionId": "session456",
              "tenantId": "tenant1"
            },
            {
              "timestamp": 1766403040269,
              "username": "user25",
              "credentialPair": "user25:cGFzczI1",
              "success": false,
              "userAgent": "Mozilla/5.0",
              "sessionId": "session456",
              "tenantId": "tenant1"
            },
            {
              "timestamp": 1766403041271,
              "username": "user26",
              "credentialPair": "user26:cGFzczI2",
              "success": false,
              "userAgent": "Mozilla/5.0",
              "sessionId": "session456",
              "tenantId": "tenant1"
            },
            {
              "timestamp": 1766403042273,
              "username": "user27",
              "credentialPair": "user27:cGFzczI3",
              "success": false,
              "userAgent": "Mozilla/5.0",
              "sessionId": "session456",
              "tenantId": "tenant1"
            },
            {
              "timestamp": 1766403043274,
              "username": "user28",
              "credentialPair": "user28:cGFzczI4",
              "success": false,
              "userAgent": "Mozilla/5.0",
              "sessionId": "session456",
              "tenantId": "tenant1"
            },
            {
              "timestamp": 1766403044276,
              "username": "user29",
              "credentialPair": "user29:cGFzczI5",
              "success": false,
              "userAgent": "Mozilla/5.0",
              "sessionId": "session456",
              "tenantId": "tenant1"
            },
            {
              "timestamp": 1766403045282,
              "username": "user30",
              "credentialPair": "user30:cGFzczMw",
              "success": false,
              "userAgent": "Mozilla/5.0",
              "sessionId": "session456",
              "tenantId": "tenant1"
            },
            {
              "timestamp": 1766403046284,
              "username": "user31",
              "credentialPair": "user31:cGFzczMx",
              "success": false,
              "userAgent": "Mozilla/5.0",
              "sessionId": "session456",
              "tenantId": "tenant1"
            },
            {
              "timestamp": 1766403047285,
              "username": "user32",
              "credentialPair": "user32:cGFzczMy",
              "success": false,
              "userAgent": "Mozilla/5.0",
              "sessionId": "session456",
              "tenantId": "tenant1"
            },
            {
              "timestamp": 1766403048286,
              "username": "user33",
              "credentialPair": "user33:cGFzczMz",
              "success": false,
              "userAgent": "Mozilla/5.0",
              "sessionId": "session456",
              "tenantId": "tenant1"
            },
            {
              "timestamp": 1766403049287,
              "username": "user34",
              "credentialPair": "user34:cGFzczM0",
              "success": false,
              "userAgent": "Mozilla/5.0",
              "sessionId": "session456",
              "tenantId": "tenant1"
            },
            {
              "timestamp": 1766403050291,
              "username": "user35",
              "credentialPair": "user35:cGFzczM1",
              "success": false,
              "userAgent": "Mozilla/5.0",
              "sessionId": "session456",
              "tenantId": "tenant1"
            },
            {
              "timestamp": 1766403051293,
              "username": "user36",
              "credentialPair": "user36:cGFzczM2",
              "success": false,
              "userAgent": "Mozilla/5.0",
              "sessionId": "session456",
              "tenantId": "tenant1"
            },
            {
              "timestamp": 1766403052313,
              "username": "user37",
              "credentialPair": "user37:cGFzczM3",
              "success": false,
              "userAgent": "Mozilla/5.0",
              "sessionId": "session456",
              "tenantId": "tenant1"
            },
            {
              "timestamp": 1766403053314,
              "username": "user38",
              "credentialPair": "user38:cGFzczM4",
              "success": false,
              "userAgent": "Mozilla/5.0",
              "sessionId": "session456",
              "tenantId": "tenant1"
            },
            {
              "timestamp": 1766403054315,
              "username": "user39",
              "credentialPair": "user39:cGFzczM5",
              "success": false,
              "userAgent": "Mozilla/5.0",
              "sessionId": "session456",
              "tenantId": "tenant1"
            },
            {
              "timestamp": 1766403055316,
              "username": "user40",
              "credentialPair": "user40:cGFzczQw",
              "success": false,
              "userAgent": "Mozilla/5.0",
              "sessionId": "session456",
              "tenantId": "tenant1"
            },
            {
              "timestamp": 1766403056317,
              "username": "user41",
              "credentialPair": "user41:cGFzczQx",
              "success": false,
              "userAgent": "Mozilla/5.0",
              "sessionId": "session456",
              "tenantId": "tenant1"
            },
            {
              "timestamp": 1766403057319,
              "username": "user42",
              "credentialPair": "user42:cGFzczQy",
              "success": false,
              "userAgent": "Mozilla/5.0",
              "sessionId": "session456",
              "tenantId": "tenant1"
            },
            {
              "timestamp": 1766403058320,
              "username": "user43",
              "credentialPair": "user43:cGFzczQz",
              "success": false,
              "userAgent": "Mozilla/5.0",
              "sessionId": "session456",
              "tenantId": "tenant1"
            },
            {
              "timestamp": 1766403059321,
              "username": "user44",
              "credentialPair": "user44:cGFzczQ0",
              "success": false,
              "userAgent": "Mozilla/5.0",
              "sessionId": "session456",
              "tenantId": "tenant1"
            },
            {
              "timestamp": 1766403060323,
              "username": "user45",
              "credentialPair": "user45:cGFzczQ1",
              "success": false,
              "userAgent": "Mozilla/5.0",
              "sessionId": "session456",
              "tenantId": "tenant1"
            },
            {
              "timestamp": 1766403061324,
              "username": "user46",
              "credentialPair": "user46:cGFzczQ2",
              "success": false,
              "userAgent": "Mozilla/5.0",
              "sessionId": "session456",
              "tenantId": "tenant1"
            },
            {
              "timestamp": 1766403062327,
              "username": "user47",
              "credentialPair": "user47:cGFzczQ3",
              "success": false,
              "userAgent": "Mozilla/5.0",
              "sessionId": "session456",
              "tenantId": "tenant1"
            },
            {
              "timestamp": 1766403063328,
              "username": "user48",
              "credentialPair": "user48:cGFzczQ4",
              "success": false,
              "userAgent": "Mozilla/5.0",
              "sessionId": "session456",
              "tenantId": "tenant1"
            },
            {
              "timestamp": 1766403064329,
              "username": "user49",
              "credentialPair": "user49:cGFzczQ5",
              "success": false,
              "userAgent": "Mozilla/5.0",
              "sessionId": "session456",
              "tenantId": "tenant1"
            }
          ],
          "credentialAnalysis": {
            "totalPairs": 50,
            "estimatedSource": "small_breach_or_targeted",
            "patternType": "manual"
          },
          "attackVector": "credential_stuffing"
        }
      }

      at Console.write [as log] (node_modules/winston/lib/wi
nston/transports/console.js:87:23)
          at Array.forEach (<anonymous>)

    console.log
      2025-12-22 13:30:15 [PLATFORM] [[31merror[39m]: 
Credential Stuffing Attack: credential_stuffing_breach_data 
{
        "platform": true,
        "ipAddress": "192.168.1.200",
        "uniqueCredentialPairs": 50,
        "uniqueUsernames": 50,
        "successRate": 0.02,
        "potentialBreachSource": "small_breach_or_targeted",
        "violationType": "credential_stuffing_breach_data",
        "severity": "high",
        "description": "Credential stuffing using breach 
data detected",
        "forensicData": {
          "recentAttempts": [
            {
              "timestamp": 1766403015237,
              "username": "user0",
              "credentialPair": "user0:cGFzczA=",
              "success": true,
              "userAgent": "Mozilla/5.0",
              "sessionId": "session456",
              "tenantId": "tenant1"
            },
            {
              "timestamp": 1766403016237,
              "username": "user1",
              "credentialPair": "user1:cGFzczE=",
              "success": false,
              "userAgent": "Mozilla/5.0",
              "sessionId": "session456",
              "tenantId": "tenant1"
            },
            {
              "timestamp": 1766403017237,
              "username": "user2",
              "credentialPair": "user2:cGFzczI=",
              "success": false,
              "userAgent": "Mozilla/5.0",
              "sessionId": "session456",
              "tenantId": "tenant1"
            },
            {
              "timestamp": 1766403018237,
              "username": "user3",
              "credentialPair": "user3:cGFzczM=",
              "success": false,
              "userAgent": "Mozilla/5.0",
              "sessionId": "session456",
              "tenantId": "tenant1"
            },
            {
              "timestamp": 1766403019237,
              "username": "user4",
              "credentialPair": "user4:cGFzczQ=",
              "success": false,
              "userAgent": "Mozilla/5.0",
              "sessionId": "session456",
              "tenantId": "tenant1"
            },
            {
              "timestamp": 1766403020238,
              "username": "user5",
              "credentialPair": "user5:cGFzczU=",
              "success": false,
              "userAgent": "Mozilla/5.0",
              "sessionId": "session456",
              "tenantId": "tenant1"
            },
            {
              "timestamp": 1766403021238,
              "username": "user6",
              "credentialPair": "user6:cGFzczY=",
              "success": false,
              "userAgent": "Mozilla/5.0",
              "sessionId": "session456",
              "tenantId": "tenant1"
            },
            {
              "timestamp": 1766403022238,
              "username": "user7",
              "credentialPair": "user7:cGFzczc=",
              "success": false,
              "userAgent": "Mozilla/5.0",
              "sessionId": "session456",
              "tenantId": "tenant1"
            },
            {
              "timestamp": 1766403023238,
              "username": "user8",
              "credentialPair": "user8:cGFzczg=",
              "success": false,
              "userAgent": "Mozilla/5.0",
              "sessionId": "session456",
              "tenantId": "tenant1"
            },
            {
              "timestamp": 1766403024238,
              "username": "user9",
              "credentialPair": "user9:cGFzczk=",
              "success": false,
              "userAgent": "Mozilla/5.0",
              "sessionId": "session456",
              "tenantId": "tenant1"
            },
            {
              "timestamp": 1766403025238,
              "username": "user10",
              "credentialPair": "user10:cGFzczEw",
              "success": false,
              "userAgent": "Mozilla/5.0",
              "sessionId": "session456",
              "tenantId": "tenant1"
            },
            {
              "timestamp": 1766403026238,
              "username": "user11",
              "credentialPair": "user11:cGFzczEx",
              "success": false,
              "userAgent": "Mozilla/5.0",
              "sessionId": "session456",
              "tenantId": "tenant1"
            },
            {
              "timestamp": 1766403027238,
              "username": "user12",
              "credentialPair": "user12:cGFzczEy",
              "success": false,
              "userAgent": "Mozilla/5.0",
              "sessionId": "session456",
              "tenantId": "tenant1"
            },
            {
              "timestamp": 1766403028238,
              "username": "user13",
              "credentialPair": "user13:cGFzczEz",
              "success": false,
              "userAgent": "Mozilla/5.0",
              "sessionId": "session456",
              "tenantId": "tenant1"
            },
            {
              "timestamp": 1766403029238,
              "username": "user14",
              "credentialPair": "user14:cGFzczE0",
              "success": false,
              "userAgent": "Mozilla/5.0",
              "sessionId": "session456",
              "tenantId": "tenant1"
            },
            {
              "timestamp": 1766403030238,
              "username": "user15",
              "credentialPair": "user15:cGFzczE1",
              "success": false,
              "userAgent": "Mozilla/5.0",
              "sessionId": "session456",
              "tenantId": "tenant1"
            },
            {
              "timestamp": 1766403031238,
              "username": "user16",
              "credentialPair": "user16:cGFzczE2",
              "success": false,
              "userAgent": "Mozilla/5.0",
              "sessionId": "session456",
              "tenantId": "tenant1"
            },
            {
              "timestamp": 1766403032238,
              "username": "user17",
              "credentialPair": "user17:cGFzczE3",
              "success": false,
              "userAgent": "Mozilla/5.0",
              "sessionId": "session456",
              "tenantId": "tenant1"
            },
            {
              "timestamp": 1766403033238,
              "username": "user18",
              "credentialPair": "user18:cGFzczE4",
              "success": false,
              "userAgent": "Mozilla/5.0",
              "sessionId": "session456",
              "tenantId": "tenant1"
            },
            {
              "timestamp": 1766403034238,
              "username": "user19",
              "credentialPair": "user19:cGFzczE5",
              "success": false,
              "userAgent": "Mozilla/5.0",
              "sessionId": "session456",
              "tenantId": "tenant1"
            },
            {
              "timestamp": 1766403035240,
              "username": "user20",
              "credentialPair": "user20:cGFzczIw",
              "success": false,
              "userAgent": "Mozilla/5.0",
              "sessionId": "session456",
              "tenantId": "tenant1"
            },
            {
              "timestamp": 1766403036241,
              "username": "user21",
              "credentialPair": "user21:cGFzczIx",
              "success": false,
              "userAgent": "Mozilla/5.0",
              "sessionId": "session456",
              "tenantId": "tenant1"
            },
            {
              "timestamp": 1766403037252,
              "username": "user22",
              "credentialPair": "user22:cGFzczIy",
              "success": false,
              "userAgent": "Mozilla/5.0",
              "sessionId": "session456",
              "tenantId": "tenant1"
            },
            {
              "timestamp": 1766403038254,
              "username": "user23",
              "credentialPair": "user23:cGFzczIz",
              "success": false,
              "userAgent": "Mozilla/5.0",
              "sessionId": "session456",
              "tenantId": "tenant1"
            },
            {
              "timestamp": 1766403039258,
              "username": "user24",
              "credentialPair": "user24:cGFzczI0",
              "success": false,
              "userAgent": "Mozilla/5.0",
              "sessionId": "session456",
              "tenantId": "tenant1"
            },
            {
              "timestamp": 1766403040269,
              "username": "user25",
              "credentialPair": "user25:cGFzczI1",
              "success": false,
              "userAgent": "Mozilla/5.0",
              "sessionId": "session456",
              "tenantId": "tenant1"
            },
            {
              "timestamp": 1766403041271,
              "username": "user26",
              "credentialPair": "user26:cGFzczI2",
              "success": false,
              "userAgent": "Mozilla/5.0",
              "sessionId": "session456",
              "tenantId": "tenant1"
            },
            {
              "timestamp": 1766403042273,
              "username": "user27",
              "credentialPair": "user27:cGFzczI3",
              "success": false,
              "userAgent": "Mozilla/5.0",
              "sessionId": "session456",
              "tenantId": "tenant1"
            },
            {
              "timestamp": 1766403043274,
              "username": "user28",
              "credentialPair": "user28:cGFzczI4",
              "success": false,
              "userAgent": "Mozilla/5.0",
              "sessionId": "session456",
              "tenantId": "tenant1"
            },
            {
              "timestamp": 1766403044276,
              "username": "user29",
              "credentialPair": "user29:cGFzczI5",
              "success": false,
              "userAgent": "Mozilla/5.0",
              "sessionId": "session456",
              "tenantId": "tenant1"
            },
            {
              "timestamp": 1766403045282,
              "username": "user30",
              "credentialPair": "user30:cGFzczMw",
              "success": false,
              "userAgent": "Mozilla/5.0",
              "sessionId": "session456",
              "tenantId": "tenant1"
            },
            {
              "timestamp": 1766403046284,
              "username": "user31",
              "credentialPair": "user31:cGFzczMx",
              "success": false,
              "userAgent": "Mozilla/5.0",
              "sessionId": "session456",
              "tenantId": "tenant1"
            },
            {
              "timestamp": 1766403047285,
              "username": "user32",
              "credentialPair": "user32:cGFzczMy",
              "success": false,
              "userAgent": "Mozilla/5.0",
              "sessionId": "session456",
              "tenantId": "tenant1"
            },
            {
              "timestamp": 1766403048286,
              "username": "user33",
              "credentialPair": "user33:cGFzczMz",
              "success": false,
              "userAgent": "Mozilla/5.0",
              "sessionId": "session456",
              "tenantId": "tenant1"
            },
            {
              "timestamp": 1766403049287,
              "username": "user34",
              "credentialPair": "user34:cGFzczM0",
              "success": false,
              "userAgent": "Mozilla/5.0",
              "sessionId": "session456",
              "tenantId": "tenant1"
            },
            {
              "timestamp": 1766403050291,
              "username": "user35",
              "credentialPair": "user35:cGFzczM1",
              "success": false,
              "userAgent": "Mozilla/5.0",
              "sessionId": "session456",
              "tenantId": "tenant1"
            },
            {
              "timestamp": 1766403051293,
              "username": "user36",
              "credentialPair": "user36:cGFzczM2",
              "success": false,
              "userAgent": "Mozilla/5.0",
              "sessionId": "session456",
              "tenantId": "tenant1"
            },
            {
              "timestamp": 1766403052313,
              "username": "user37",
              "credentialPair": "user37:cGFzczM3",
              "success": false,
              "userAgent": "Mozilla/5.0",
              "sessionId": "session456",
              "tenantId": "tenant1"
            },
            {
              "timestamp": 1766403053314,
              "username": "user38",
              "credentialPair": "user38:cGFzczM4",
              "success": false,
              "userAgent": "Mozilla/5.0",
              "sessionId": "session456",
              "tenantId": "tenant1"
            },
            {
              "timestamp": 1766403054315,
              "username": "user39",
              "credentialPair": "user39:cGFzczM5",
              "success": false,
              "userAgent": "Mozilla/5.0",
              "sessionId": "session456",
              "tenantId": "tenant1"
            },
            {
              "timestamp": 1766403055316,
              "username": "user40",
              "credentialPair": "user40:cGFzczQw",
              "success": false,
              "userAgent": "Mozilla/5.0",
              "sessionId": "session456",
              "tenantId": "tenant1"
            },
            {
              "timestamp": 1766403056317,
              "username": "user41",
              "credentialPair": "user41:cGFzczQx",
              "success": false,
              "userAgent": "Mozilla/5.0",
              "sessionId": "session456",
              "tenantId": "tenant1"
            },
            {
              "timestamp": 1766403057319,
              "username": "user42",
              "credentialPair": "user42:cGFzczQy",
              "success": false,
              "userAgent": "Mozilla/5.0",
              "sessionId": "session456",
              "tenantId": "tenant1"
            },
            {
              "timestamp": 1766403058320,
              "username": "user43",
              "credentialPair": "user43:cGFzczQz",
              "success": false,
              "userAgent": "Mozilla/5.0",
              "sessionId": "session456",
              "tenantId": "tenant1"
            },
            {
              "timestamp": 1766403059321,
              "username": "user44",
              "credentialPair": "user44:cGFzczQ0",
              "success": false,
              "userAgent": "Mozilla/5.0",
              "sessionId": "session456",
              "tenantId": "tenant1"
            },
            {
              "timestamp": 1766403060323,
              "username": "user45",
              "credentialPair": "user45:cGFzczQ1",
              "success": false,
              "userAgent": "Mozilla/5.0",
              "sessionId": "session456",
              "tenantId": "tenant1"
            },
            {
              "timestamp": 1766403061324,
              "username": "user46",
              "credentialPair": "user46:cGFzczQ2",
              "success": false,
              "userAgent": "Mozilla/5.0",
              "sessionId": "session456",
              "tenantId": "tenant1"
            },
            {
              "timestamp": 1766403062327,
              "username": "user47",
              "credentialPair": "user47:cGFzczQ3",
              "success": false,
              "userAgent": "Mozilla/5.0",
              "sessionId": "session456",
              "tenantId": "tenant1"
            },
            {
              "timestamp": 1766403063328,
              "username": "user48",
              "credentialPair": "user48:cGFzczQ4",
              "success": false,
              "userAgent": "Mozilla/5.0",
              "sessionId": "session456",
              "tenantId": "tenant1"
            },
            {
              "timestamp": 1766403064329,
              "username": "user49",
              "credentialPair": "user49:cGFzczQ5",
              "success": false,
              "userAgent": "Mozilla/5.0",
              "sessionId": "session456",
              "tenantId": "tenant1"
            }
          ],
          "credentialAnalysis": {
            "totalPairs": 50,
            "estimatedSource": "small_breach_or_targeted",
            "patternType": "manual"
          },
          "attackVector": "credential_stuffing"
        }
      }

      at Console.write [as log] (node_modules/winston/lib/wi
nston/transports/console.js:87:23)
          at Array.forEach (<anonymous>)

    console.log
      2025-12-22 13:30:15 [PLATFORM] [[31merror[39m]: 
Credential Stuffing Attack: credential_stuffing_volume {
        "platform": true,
        "ipAddress": "192.168.1.200",
        "totalAttempts": 51,
        "successRate": 0.0392156862745098,
        "uniqueCredentials": 51,
        "uniqueUsernames": 51,
        "timeWindow": 3600000,
        "violationType": "credential_stuffing_volume",
        "severity": "critical",
        "description": "Credential stuffing attack detected 
(high volume, low success)",
        "forensicData": {
          "recentAttempts": [
            {
              "timestamp": 1766403016237,
              "username": "user1",
              "credentialPair": "user1:cGFzczE=",
              "success": false,
              "userAgent": "Mozilla/5.0",
              "sessionId": "session456",
              "tenantId": "tenant1"
            },
            {
              "timestamp": 1766403017237,
              "username": "user2",
              "credentialPair": "user2:cGFzczI=",
              "success": false,
              "userAgent": "Mozilla/5.0",
              "sessionId": "session456",
              "tenantId": "tenant1"
            },
            {
              "timestamp": 1766403018237,
              "username": "user3",
              "credentialPair": "user3:cGFzczM=",
              "success": false,
              "userAgent": "Mozilla/5.0",
              "sessionId": "session456",
              "tenantId": "tenant1"
            },
            {
              "timestamp": 1766403019237,
              "username": "user4",
              "credentialPair": "user4:cGFzczQ=",
              "success": false,
              "userAgent": "Mozilla/5.0",
              "sessionId": "session456",
              "tenantId": "tenant1"
            },
            {
              "timestamp": 1766403020238,
              "username": "user5",
              "credentialPair": "user5:cGFzczU=",
              "success": false,
              "userAgent": "Mozilla/5.0",
              "sessionId": "session456",
              "tenantId": "tenant1"
            },
            {
              "timestamp": 1766403021238,
              "username": "user6",
              "credentialPair": "user6:cGFzczY=",
              "success": false,
              "userAgent": "Mozilla/5.0",
              "sessionId": "session456",
              "tenantId": "tenant1"
            },
            {
              "timestamp": 1766403022238,
              "username": "user7",
              "credentialPair": "user7:cGFzczc=",
              "success": false,
              "userAgent": "Mozilla/5.0",
              "sessionId": "session456",
              "tenantId": "tenant1"
            },
            {
              "timestamp": 1766403023238,
              "username": "user8",
              "credentialPair": "user8:cGFzczg=",
              "success": false,
              "userAgent": "Mozilla/5.0",
              "sessionId": "session456",
              "tenantId": "tenant1"
            },
            {
              "timestamp": 1766403024238,
              "username": "user9",
              "credentialPair": "user9:cGFzczk=",
              "success": false,
              "userAgent": "Mozilla/5.0",
              "sessionId": "session456",
              "tenantId": "tenant1"
            },
            {
              "timestamp": 1766403025238,
              "username": "user10",
              "credentialPair": "user10:cGFzczEw",
              "success": false,
              "userAgent": "Mozilla/5.0",
              "sessionId": "session456",
              "tenantId": "tenant1"
            },
            {
              "timestamp": 1766403026238,
              "username": "user11",
              "credentialPair": "user11:cGFzczEx",
              "success": false,
              "userAgent": "Mozilla/5.0",
              "sessionId": "session456",
              "tenantId": "tenant1"
            },
            {
              "timestamp": 1766403027238,
              "username": "user12",
              "credentialPair": "user12:cGFzczEy",
              "success": false,
              "userAgent": "Mozilla/5.0",
              "sessionId": "session456",
              "tenantId": "tenant1"
            },
            {
              "timestamp": 1766403028238,
              "username": "user13",
              "credentialPair": "user13:cGFzczEz",
              "success": false,
              "userAgent": "Mozilla/5.0",
              "sessionId": "session456",
              "tenantId": "tenant1"
            },
            {
              "timestamp": 1766403029238,
              "username": "user14",
              "credentialPair": "user14:cGFzczE0",
              "success": false,
              "userAgent": "Mozilla/5.0",
              "sessionId": "session456",
              "tenantId": "tenant1"
            },
            {
              "timestamp": 1766403030238,
              "username": "user15",
              "credentialPair": "user15:cGFzczE1",
              "success": false,
              "userAgent": "Mozilla/5.0",
              "sessionId": "session456",
              "tenantId": "tenant1"
            },
            {
              "timestamp": 1766403031238,
              "username": "user16",
              "credentialPair": "user16:cGFzczE2",
              "success": false,
              "userAgent": "Mozilla/5.0",
              "sessionId": "session456",
              "tenantId": "tenant1"
            },
            {
              "timestamp": 1766403032238,
              "username": "user17",
              "credentialPair": "user17:cGFzczE3",
              "success": false,
              "userAgent": "Mozilla/5.0",
              "sessionId": "session456",
              "tenantId": "tenant1"
            },
            {
              "timestamp": 1766403033238,
              "username": "user18",
              "credentialPair": "user18:cGFzczE4",
              "success": false,
              "userAgent": "Mozilla/5.0",
              "sessionId": "session456",
              "tenantId": "tenant1"
            },
            {
              "timestamp": 1766403034238,
              "username": "user19",
              "credentialPair": "user19:cGFzczE5",
              "success": false,
              "userAgent": "Mozilla/5.0",
              "sessionId": "session456",
              "tenantId": "tenant1"
            },
            {
              "timestamp": 1766403035240,
              "username": "user20",
              "credentialPair": "user20:cGFzczIw",
              "success": false,
              "userAgent": "Mozilla/5.0",
              "sessionId": "session456",
              "tenantId": "tenant1"
            },
            {
              "timestamp": 1766403036241,
              "username": "user21",
              "credentialPair": "user21:cGFzczIx",
              "success": false,
              "userAgent": "Mozilla/5.0",
              "sessionId": "session456",
              "tenantId": "tenant1"
            },
            {
              "timestamp": 1766403037252,
              "username": "user22",
              "credentialPair": "user22:cGFzczIy",
              "success": false,
              "userAgent": "Mozilla/5.0",
              "sessionId": "session456",
              "tenantId": "tenant1"
            },
            {
              "timestamp": 1766403038254,
              "username": "user23",
              "credentialPair": "user23:cGFzczIz",
              "success": false,
              "userAgent": "Mozilla/5.0",
              "sessionId": "session456",
              "tenantId": "tenant1"
            },
            {
              "timestamp": 1766403039258,
              "username": "user24",
              "credentialPair": "user24:cGFzczI0",
              "success": false,
              "userAgent": "Mozilla/5.0",
              "sessionId": "session456",
              "tenantId": "tenant1"
            },
            {
              "timestamp": 1766403040269,
              "username": "user25",
              "credentialPair": "user25:cGFzczI1",
              "success": false,
              "userAgent": "Mozilla/5.0",
              "sessionId": "session456",
              "tenantId": "tenant1"
            },
            {
              "timestamp": 1766403041271,
              "username": "user26",
              "credentialPair": "user26:cGFzczI2",
              "success": false,
              "userAgent": "Mozilla/5.0",
              "sessionId": "session456",
              "tenantId": "tenant1"
            },
            {
              "timestamp": 1766403042273,
              "username": "user27",
              "credentialPair": "user27:cGFzczI3",
              "success": false,
              "userAgent": "Mozilla/5.0",
              "sessionId": "session456",
              "tenantId": "tenant1"
            },
            {
              "timestamp": 1766403043274,
              "username": "user28",
              "credentialPair": "user28:cGFzczI4",
              "success": false,
              "userAgent": "Mozilla/5.0",
              "sessionId": "session456",
              "tenantId": "tenant1"
            },
            {
              "timestamp": 1766403044276,
              "username": "user29",
              "credentialPair": "user29:cGFzczI5",
              "success": false,
              "userAgent": "Mozilla/5.0",
              "sessionId": "session456",
              "tenantId": "tenant1"
            },
            {
              "timestamp": 1766403045282,
              "username": "user30",
              "credentialPair": "user30:cGFzczMw",
              "success": false,
              "userAgent": "Mozilla/5.0",
              "sessionId": "session456",
              "tenantId": "tenant1"
            },
            {
              "timestamp": 1766403046284,
              "username": "user31",
              "credentialPair": "user31:cGFzczMx",
              "success": false,
              "userAgent": "Mozilla/5.0",
              "sessionId": "session456",
              "tenantId": "tenant1"
            },
            {
              "timestamp": 1766403047285,
              "username": "user32",
              "credentialPair": "user32:cGFzczMy",
              "success": false,
              "userAgent": "Mozilla/5.0",
              "sessionId": "session456",
              "tenantId": "tenant1"
            },
            {
              "timestamp": 1766403048286,
              "username": "user33",
              "credentialPair": "user33:cGFzczMz",
              "success": false,
              "userAgent": "Mozilla/5.0",
              "sessionId": "session456",
              "tenantId": "tenant1"
            },
            {
              "timestamp": 1766403049287,
              "username": "user34",
              "credentialPair": "user34:cGFzczM0",
              "success": false,
              "userAgent": "Mozilla/5.0",
              "sessionId": "session456",
              "tenantId": "tenant1"
            },
            {
              "timestamp": 1766403050291,
              "username": "user35",
              "credentialPair": "user35:cGFzczM1",
              "success": false,
              "userAgent": "Mozilla/5.0",
              "sessionId": "session456",
              "tenantId": "tenant1"
            },
            {
              "timestamp": 1766403051293,
              "username": "user36",
              "credentialPair": "user36:cGFzczM2",
              "success": false,
              "userAgent": "Mozilla/5.0",
              "sessionId": "session456",
              "tenantId": "tenant1"
            },
            {
              "timestamp": 1766403052313,
              "username": "user37",
              "credentialPair": "user37:cGFzczM3",
              "success": false,
              "userAgent": "Mozilla/5.0",
              "sessionId": "session456",
              "tenantId": "tenant1"
            },
            {
              "timestamp": 1766403053314,
              "username": "user38",
              "credentialPair": "user38:cGFzczM4",
              "success": false,
              "userAgent": "Mozilla/5.0",
              "sessionId": "session456",
              "tenantId": "tenant1"
            },
            {
              "timestamp": 1766403054315,
              "username": "user39",
              "credentialPair": "user39:cGFzczM5",
              "success": false,
              "userAgent": "Mozilla/5.0",
              "sessionId": "session456",
              "tenantId": "tenant1"
            },
            {
              "timestamp": 1766403055316,
              "username": "user40",
              "credentialPair": "user40:cGFzczQw",
              "success": false,
              "userAgent": "Mozilla/5.0",
              "sessionId": "session456",
              "tenantId": "tenant1"
            },
            {
              "timestamp": 1766403056317,
              "username": "user41",
              "credentialPair": "user41:cGFzczQx",
              "success": false,
              "userAgent": "Mozilla/5.0",
              "sessionId": "session456",
              "tenantId": "tenant1"
            },
            {
              "timestamp": 1766403057319,
              "username": "user42",
              "credentialPair": "user42:cGFzczQy",
              "success": false,
              "userAgent": "Mozilla/5.0",
              "sessionId": "session456",
              "tenantId": "tenant1"
            },
            {
              "timestamp": 1766403058320,
              "username": "user43",
              "credentialPair": "user43:cGFzczQz",
              "success": false,
              "userAgent": "Mozilla/5.0",
              "sessionId": "session456",
              "tenantId": "tenant1"
            },
            {
              "timestamp": 1766403059321,
              "username": "user44",
              "credentialPair": "user44:cGFzczQ0",
              "success": false,
              "userAgent": "Mozilla/5.0",
              "sessionId": "session456",
              "tenantId": "tenant1"
            },
            {
              "timestamp": 1766403060323,
              "username": "user45",
              "credentialPair": "user45:cGFzczQ1",
              "success": false,
              "userAgent": "Mozilla/5.0",
              "sessionId": "session456",
              "tenantId": "tenant1"
            },
            {
              "timestamp": 1766403061324,
              "username": "user46",
              "credentialPair": "user46:cGFzczQ2",
              "success": false,
              "userAgent": "Mozilla/5.0",
              "sessionId": "session456",
              "tenantId": "tenant1"
            },
            {
              "timestamp": 1766403062327,
              "username": "user47",
              "credentialPair": "user47:cGFzczQ3",
              "success": false,
              "userAgent": "Mozilla/5.0",
              "sessionId": "session456",
              "tenantId": "tenant1"
            },
            {
              "timestamp": 1766403063328,
              "username": "user48",
              "credentialPair": "user48:cGFzczQ4",
              "success": false,
              "userAgent": "Mozilla/5.0",
              "sessionId": "session456",
              "tenantId": "tenant1"
            },
            {
              "timestamp": 1766403064329,
              "username": "user49",
              "credentialPair": "user49:cGFzczQ5",
              "success": false,
              "userAgent": "Mozilla/5.0",
              "sessionId": "session456",
              "tenantId": "tenant1"
            },
            {
              "timestamp": 1766403065332,
              "username": "user50",
              "credentialPair": "user50:cGFzczUw",
              "success": true,
              "userAgent": "Mozilla/5.0",
              "sessionId": "session456",
              "tenantId": "tenant1"
            }
          ],
          "credentialAnalysis": {
            "totalPairs": 51,
            "estimatedSource": "small_breach_or_targeted",
            "patternType": "manual"
          },
          "attackVector": "credential_stuffing"
        }
      }

      at Console.write [as log] (node_modules/winston/lib/wi
nston/transports/console.js:87:23)
          at Array.forEach (<anonymous>)

    console.log
      2025-12-22 13:30:15 [PLATFORM] [[31merror[39m]: 
Credential Stuffing Attack: credential_stuffing_breach_data 
{
        "platform": true,
        "ipAddress": "192.168.1.200",
        "uniqueCredentialPairs": 51,
        "uniqueUsernames": 51,
        "successRate": 0.0392156862745098,
        "potentialBreachSource": "small_breach_or_targeted",
        "violationType": "credential_stuffing_breach_data",
        "severity": "high",
        "description": "Credential stuffing using breach 
data detected",
        "forensicData": {
          "recentAttempts": [
            {
              "timestamp": 1766403016237,
              "username": "user1",
              "credentialPair": "user1:cGFzczE=",
              "success": false,
              "userAgent": "Mozilla/5.0",
              "sessionId": "session456",
              "tenantId": "tenant1"
            },
            {
              "timestamp": 1766403017237,
              "username": "user2",
              "credentialPair": "user2:cGFzczI=",
              "success": false,
              "userAgent": "Mozilla/5.0",
              "sessionId": "session456",
              "tenantId": "tenant1"
            },
            {
              "timestamp": 1766403018237,
              "username": "user3",
              "credentialPair": "user3:cGFzczM=",
              "success": false,
              "userAgent": "Mozilla/5.0",
              "sessionId": "session456",
              "tenantId": "tenant1"
            },
            {
              "timestamp": 1766403019237,
              "username": "user4",
              "credentialPair": "user4:cGFzczQ=",
              "success": false,
              "userAgent": "Mozilla/5.0",
              "sessionId": "session456",
              "tenantId": "tenant1"
            },
            {
              "timestamp": 1766403020238,
              "username": "user5",
              "credentialPair": "user5:cGFzczU=",
              "success": false,
              "userAgent": "Mozilla/5.0",
              "sessionId": "session456",
              "tenantId": "tenant1"
            },
            {
              "timestamp": 1766403021238,
              "username": "user6",
              "credentialPair": "user6:cGFzczY=",
              "success": false,
              "userAgent": "Mozilla/5.0",
              "sessionId": "session456",
              "tenantId": "tenant1"
            },
            {
              "timestamp": 1766403022238,
              "username": "user7",
              "credentialPair": "user7:cGFzczc=",
              "success": false,
              "userAgent": "Mozilla/5.0",
              "sessionId": "session456",
              "tenantId": "tenant1"
            },
            {
              "timestamp": 1766403023238,
              "username": "user8",
              "credentialPair": "user8:cGFzczg=",
              "success": false,
              "userAgent": "Mozilla/5.0",
              "sessionId": "session456",
              "tenantId": "tenant1"
            },
            {
              "timestamp": 1766403024238,
              "username": "user9",
              "credentialPair": "user9:cGFzczk=",
              "success": false,
              "userAgent": "Mozilla/5.0",
              "sessionId": "session456",
              "tenantId": "tenant1"
            },
            {
              "timestamp": 1766403025238,
              "username": "user10",
              "credentialPair": "user10:cGFzczEw",
              "success": false,
              "userAgent": "Mozilla/5.0",
              "sessionId": "session456",
              "tenantId": "tenant1"
            },
            {
              "timestamp": 1766403026238,
              "username": "user11",
              "credentialPair": "user11:cGFzczEx",
              "success": false,
              "userAgent": "Mozilla/5.0",
              "sessionId": "session456",
              "tenantId": "tenant1"
            },
            {
              "timestamp": 1766403027238,
              "username": "user12",
              "credentialPair": "user12:cGFzczEy",
              "success": false,
              "userAgent": "Mozilla/5.0",
              "sessionId": "session456",
              "tenantId": "tenant1"
            },
            {
              "timestamp": 1766403028238,
              "username": "user13",
              "credentialPair": "user13:cGFzczEz",
              "success": false,
              "userAgent": "Mozilla/5.0",
              "sessionId": "session456",
              "tenantId": "tenant1"
            },
            {
              "timestamp": 1766403029238,
              "username": "user14",
              "credentialPair": "user14:cGFzczE0",
              "success": false,
              "userAgent": "Mozilla/5.0",
              "sessionId": "session456",
              "tenantId": "tenant1"
            },
            {
              "timestamp": 1766403030238,
              "username": "user15",
              "credentialPair": "user15:cGFzczE1",
              "success": false,
              "userAgent": "Mozilla/5.0",
              "sessionId": "session456",
              "tenantId": "tenant1"
            },
            {
              "timestamp": 1766403031238,
              "username": "user16",
              "credentialPair": "user16:cGFzczE2",
              "success": false,
              "userAgent": "Mozilla/5.0",
              "sessionId": "session456",
              "tenantId": "tenant1"
            },
            {
              "timestamp": 1766403032238,
              "username": "user17",
              "credentialPair": "user17:cGFzczE3",
              "success": false,
              "userAgent": "Mozilla/5.0",
              "sessionId": "session456",
              "tenantId": "tenant1"
            },
            {
              "timestamp": 1766403033238,
              "username": "user18",
              "credentialPair": "user18:cGFzczE4",
              "success": false,
              "userAgent": "Mozilla/5.0",
              "sessionId": "session456",
              "tenantId": "tenant1"
            },
            {
              "timestamp": 1766403034238,
              "username": "user19",
              "credentialPair": "user19:cGFzczE5",
              "success": false,
              "userAgent": "Mozilla/5.0",
              "sessionId": "session456",
              "tenantId": "tenant1"
            },
            {
              "timestamp": 1766403035240,
              "username": "user20",
              "credentialPair": "user20:cGFzczIw",
              "success": false,
              "userAgent": "Mozilla/5.0",
              "sessionId": "session456",
              "tenantId": "tenant1"
            },
            {
              "timestamp": 1766403036241,
              "username": "user21",
              "credentialPair": "user21:cGFzczIx",
              "success": false,
              "userAgent": "Mozilla/5.0",
              "sessionId": "session456",
              "tenantId": "tenant1"
            },
            {
              "timestamp": 1766403037252,
              "username": "user22",
              "credentialPair": "user22:cGFzczIy",
              "success": false,
              "userAgent": "Mozilla/5.0",
              "sessionId": "session456",
              "tenantId": "tenant1"
            },
            {
              "timestamp": 1766403038254,
              "username": "user23",
              "credentialPair": "user23:cGFzczIz",
              "success": false,
              "userAgent": "Mozilla/5.0",
              "sessionId": "session456",
              "tenantId": "tenant1"
            },
            {
              "timestamp": 1766403039258,
              "username": "user24",
              "credentialPair": "user24:cGFzczI0",
              "success": false,
              "userAgent": "Mozilla/5.0",
              "sessionId": "session456",
              "tenantId": "tenant1"
            },
            {
              "timestamp": 1766403040269,
              "username": "user25",
              "credentialPair": "user25:cGFzczI1",
              "success": false,
              "userAgent": "Mozilla/5.0",
              "sessionId": "session456",
              "tenantId": "tenant1"
            },
            {
              "timestamp": 1766403041271,
              "username": "user26",
              "credentialPair": "user26:cGFzczI2",
              "success": false,
              "userAgent": "Mozilla/5.0",
              "sessionId": "session456",
              "tenantId": "tenant1"
            },
            {
              "timestamp": 1766403042273,
              "username": "user27",
              "credentialPair": "user27:cGFzczI3",
              "success": false,
              "userAgent": "Mozilla/5.0",
              "sessionId": "session456",
              "tenantId": "tenant1"
            },
            {
              "timestamp": 1766403043274,
              "username": "user28",
              "credentialPair": "user28:cGFzczI4",
              "success": false,
              "userAgent": "Mozilla/5.0",
              "sessionId": "session456",
              "tenantId": "tenant1"
            },
            {
              "timestamp": 1766403044276,
              "username": "user29",
              "credentialPair": "user29:cGFzczI5",
              "success": false,
              "userAgent": "Mozilla/5.0",
              "sessionId": "session456",
              "tenantId": "tenant1"
            },
            {
              "timestamp": 1766403045282,
              "username": "user30",
              "credentialPair": "user30:cGFzczMw",
              "success": false,
              "userAgent": "Mozilla/5.0",
              "sessionId": "session456",
              "tenantId": "tenant1"
            },
            {
              "timestamp": 1766403046284,
              "username": "user31",
              "credentialPair": "user31:cGFzczMx",
              "success": false,
              "userAgent": "Mozilla/5.0",
              "sessionId": "session456",
              "tenantId": "tenant1"
            },
            {
              "timestamp": 1766403047285,
              "username": "user32",
              "credentialPair": "user32:cGFzczMy",
              "success": false,
              "userAgent": "Mozilla/5.0",
              "sessionId": "session456",
              "tenantId": "tenant1"
            },
            {
              "timestamp": 1766403048286,
              "username": "user33",
              "credentialPair": "user33:cGFzczMz",
              "success": false,
              "userAgent": "Mozilla/5.0",
              "sessionId": "session456",
              "tenantId": "tenant1"
            },
            {
              "timestamp": 1766403049287,
              "username": "user34",
              "credentialPair": "user34:cGFzczM0",
              "success": false,
              "userAgent": "Mozilla/5.0",
              "sessionId": "session456",
              "tenantId": "tenant1"
            },
            {
              "timestamp": 1766403050291,
              "username": "user35",
              "credentialPair": "user35:cGFzczM1",
              "success": false,
              "userAgent": "Mozilla/5.0",
              "sessionId": "session456",
              "tenantId": "tenant1"
            },
            {
              "timestamp": 1766403051293,
              "username": "user36",
              "credentialPair": "user36:cGFzczM2",
              "success": false,
              "userAgent": "Mozilla/5.0",
              "sessionId": "session456",
              "tenantId": "tenant1"
            },
            {
              "timestamp": 1766403052313,
              "username": "user37",
              "credentialPair": "user37:cGFzczM3",
              "success": false,
              "userAgent": "Mozilla/5.0",
              "sessionId": "session456",
              "tenantId": "tenant1"
            },
            {
              "timestamp": 1766403053314,
              "username": "user38",
              "credentialPair": "user38:cGFzczM4",
              "success": false,
              "userAgent": "Mozilla/5.0",
              "sessionId": "session456",
              "tenantId": "tenant1"
            },
            {
              "timestamp": 1766403054315,
              "username": "user39",
              "credentialPair": "user39:cGFzczM5",
              "success": false,
              "userAgent": "Mozilla/5.0",
              "sessionId": "session456",
              "tenantId": "tenant1"
            },
            {
              "timestamp": 1766403055316,
              "username": "user40",
              "credentialPair": "user40:cGFzczQw",
              "success": false,
              "userAgent": "Mozilla/5.0",
              "sessionId": "session456",
              "tenantId": "tenant1"
            },
            {
              "timestamp": 1766403056317,
              "username": "user41",
              "credentialPair": "user41:cGFzczQx",
              "success": false,
              "userAgent": "Mozilla/5.0",
              "sessionId": "session456",
              "tenantId": "tenant1"
            },
            {
              "timestamp": 1766403057319,
              "username": "user42",
              "credentialPair": "user42:cGFzczQy",
              "success": false,
              "userAgent": "Mozilla/5.0",
              "sessionId": "session456",
              "tenantId": "tenant1"
            },
            {
              "timestamp": 1766403058320,
              "username": "user43",
              "credentialPair": "user43:cGFzczQz",
              "success": false,
              "userAgent": "Mozilla/5.0",
              "sessionId": "session456",
              "tenantId": "tenant1"
            },
            {
              "timestamp": 1766403059321,
              "username": "user44",
              "credentialPair": "user44:cGFzczQ0",
              "success": false,
              "userAgent": "Mozilla/5.0",
              "sessionId": "session456",
              "tenantId": "tenant1"
            },
            {
              "timestamp": 1766403060323,
              "username": "user45",
              "credentialPair": "user45:cGFzczQ1",
              "success": false,
              "userAgent": "Mozilla/5.0",
              "sessionId": "session456",
              "tenantId": "tenant1"
            },
            {
              "timestamp": 1766403061324,
              "username": "user46",
              "credentialPair": "user46:cGFzczQ2",
              "success": false,
              "userAgent": "Mozilla/5.0",
              "sessionId": "session456",
              "tenantId": "tenant1"
            },
            {
              "timestamp": 1766403062327,
              "username": "user47",
              "credentialPair": "user47:cGFzczQ3",
              "success": false,
              "userAgent": "Mozilla/5.0",
              "sessionId": "session456",
              "tenantId": "tenant1"
            },
            {
              "timestamp": 1766403063328,
              "username": "user48",
              "credentialPair": "user48:cGFzczQ4",
              "success": false,
              "userAgent": "Mozilla/5.0",
              "sessionId": "session456",
              "tenantId": "tenant1"
            },
            {
              "timestamp": 1766403064329,
              "username": "user49",
              "credentialPair": "user49:cGFzczQ5",
              "success": false,
              "userAgent": "Mozilla/5.0",
              "sessionId": "session456",
              "tenantId": "tenant1"
            },
            {
              "timestamp": 1766403065332,
              "username": "user50",
              "credentialPair": "user50:cGFzczUw",
              "success": true,
              "userAgent": "Mozilla/5.0",
              "sessionId": "session456",
              "tenantId": "tenant1"
            }
          ],
          "credentialAnalysis": {
            "totalPairs": 51,
            "estimatedSource": "small_breach_or_targeted",
            "patternType": "manual"
          },
          "attackVector": "credential_stuffing"
        }
      }

      at Console.write [as log] (node_modules/winston/lib/wi
nston/transports/console.js:87:23)
          at Array.forEach (<anonymous>)

    console.log
      2025-12-22 13:30:15 [PLATFORM] [[31merror[39m]: 
Credential Stuffing Attack: credential_stuffing_volume {
        "platform": true,
        "ipAddress": "192.168.1.200",
        "totalAttempts": 52,
        "successRate": 0.038461538461538464,
        "uniqueCredentials": 52,
        "uniqueUsernames": 52,
        "timeWindow": 3600000,
        "violationType": "credential_stuffing_volume",
        "severity": "critical",
        "description": "Credential stuffing attack detected 
(high volume, low success)",
        "forensicData": {
          "recentAttempts": [
            {
              "timestamp": 1766403017237,
              "username": "user2",
              "credentialPair": "user2:cGFzczI=",
              "success": false,
              "userAgent": "Mozilla/5.0",
              "sessionId": "session456",
              "tenantId": "tenant1"
            },
            {
              "timestamp": 1766403018237,
              "username": "user3",
              "credentialPair": "user3:cGFzczM=",
              "success": false,
              "userAgent": "Mozilla/5.0",
              "sessionId": "session456",
              "tenantId": "tenant1"
            },
            {
              "timestamp": 1766403019237,
              "username": "user4",
              "credentialPair": "user4:cGFzczQ=",
              "success": false,
              "userAgent": "Mozilla/5.0",
              "sessionId": "session456",
              "tenantId": "tenant1"
            },
            {
              "timestamp": 1766403020238,
              "username": "user5",
              "credentialPair": "user5:cGFzczU=",
              "success": false,
              "userAgent": "Mozilla/5.0",
              "sessionId": "session456",
              "tenantId": "tenant1"
            },
            {
              "timestamp": 1766403021238,
              "username": "user6",
              "credentialPair": "user6:cGFzczY=",
              "success": false,
              "userAgent": "Mozilla/5.0",
              "sessionId": "session456",
              "tenantId": "tenant1"
            },
            {
              "timestamp": 1766403022238,
              "username": "user7",
              "credentialPair": "user7:cGFzczc=",
              "success": false,
              "userAgent": "Mozilla/5.0",
              "sessionId": "session456",
              "tenantId": "tenant1"
            },
            {
              "timestamp": 1766403023238,
              "username": "user8",
              "credentialPair": "user8:cGFzczg=",
              "success": false,
              "userAgent": "Mozilla/5.0",
              "sessionId": "session456",
              "tenantId": "tenant1"
            },
            {
              "timestamp": 1766403024238,
              "username": "user9",
              "credentialPair": "user9:cGFzczk=",
              "success": false,
              "userAgent": "Mozilla/5.0",
              "sessionId": "session456",
              "tenantId": "tenant1"
            },
            {
              "timestamp": 1766403025238,
              "username": "user10",
              "credentialPair": "user10:cGFzczEw",
              "success": false,
              "userAgent": "Mozilla/5.0",
              "sessionId": "session456",
              "tenantId": "tenant1"
            },
            {
              "timestamp": 1766403026238,
              "username": "user11",
              "credentialPair": "user11:cGFzczEx",
              "success": false,
              "userAgent": "Mozilla/5.0",
              "sessionId": "session456",
              "tenantId": "tenant1"
            },
            {
              "timestamp": 1766403027238,
              "username": "user12",
              "credentialPair": "user12:cGFzczEy",
              "success": false,
              "userAgent": "Mozilla/5.0",
              "sessionId": "session456",
              "tenantId": "tenant1"
            },
            {
              "timestamp": 1766403028238,
              "username": "user13",
              "credentialPair": "user13:cGFzczEz",
              "success": false,
              "userAgent": "Mozilla/5.0",
              "sessionId": "session456",
              "tenantId": "tenant1"
            },
            {
              "timestamp": 1766403029238,
              "username": "user14",
              "credentialPair": "user14:cGFzczE0",
              "success": false,
              "userAgent": "Mozilla/5.0",
              "sessionId": "session456",
              "tenantId": "tenant1"
            },
            {
              "timestamp": 1766403030238,
              "username": "user15",
              "credentialPair": "user15:cGFzczE1",
              "success": false,
              "userAgent": "Mozilla/5.0",
              "sessionId": "session456",
              "tenantId": "tenant1"
            },
            {
              "timestamp": 1766403031238,
              "username": "user16",
              "credentialPair": "user16:cGFzczE2",
              "success": false,
              "userAgent": "Mozilla/5.0",
              "sessionId": "session456",
              "tenantId": "tenant1"
            },
            {
              "timestamp": 1766403032238,
              "username": "user17",
              "credentialPair": "user17:cGFzczE3",
              "success": false,
              "userAgent": "Mozilla/5.0",
              "sessionId": "session456",
              "tenantId": "tenant1"
            },
            {
              "timestamp": 1766403033238,
              "username": "user18",
              "credentialPair": "user18:cGFzczE4",
              "success": false,
              "userAgent": "Mozilla/5.0",
              "sessionId": "session456",
              "tenantId": "tenant1"
            },
            {
              "timestamp": 1766403034238,
              "username": "user19",
              "credentialPair": "user19:cGFzczE5",
              "success": false,
              "userAgent": "Mozilla/5.0",
              "sessionId": "session456",
              "tenantId": "tenant1"
            },
            {
              "timestamp": 1766403035240,
              "username": "user20",
              "credentialPair": "user20:cGFzczIw",
              "success": false,
              "userAgent": "Mozilla/5.0",
              "sessionId": "session456",
              "tenantId": "tenant1"
            },
            {
              "timestamp": 1766403036241,
              "username": "user21",
              "credentialPair": "user21:cGFzczIx",
              "success": false,
              "userAgent": "Mozilla/5.0",
              "sessionId": "session456",
              "tenantId": "tenant1"
            },
            {
              "timestamp": 1766403037252,
              "username": "user22",
              "credentialPair": "user22:cGFzczIy",
              "success": false,
              "userAgent": "Mozilla/5.0",
              "sessionId": "session456",
              "tenantId": "tenant1"
            },
            {
              "timestamp": 1766403038254,
              "username": "user23",
              "credentialPair": "user23:cGFzczIz",
              "success": false,
              "userAgent": "Mozilla/5.0",
              "sessionId": "session456",
              "tenantId": "tenant1"
            },
            {
              "timestamp": 1766403039258,
              "username": "user24",
              "credentialPair": "user24:cGFzczI0",
              "success": false,
              "userAgent": "Mozilla/5.0",
              "sessionId": "session456",
              "tenantId": "tenant1"
            },
            {
              "timestamp": 1766403040269,
              "username": "user25",
              "credentialPair": "user25:cGFzczI1",
              "success": false,
              "userAgent": "Mozilla/5.0",
              "sessionId": "session456",
              "tenantId": "tenant1"
            },
            {
              "timestamp": 1766403041271,
              "username": "user26",
              "credentialPair": "user26:cGFzczI2",
              "success": false,
              "userAgent": "Mozilla/5.0",
              "sessionId": "session456",
              "tenantId": "tenant1"
            },
            {
              "timestamp": 1766403042273,
              "username": "user27",
              "credentialPair": "user27:cGFzczI3",
              "success": false,
              "userAgent": "Mozilla/5.0",
              "sessionId": "session456",
              "tenantId": "tenant1"
            },
            {
              "timestamp": 1766403043274,
              "username": "user28",
              "credentialPair": "user28:cGFzczI4",
              "success": false,
              "userAgent": "Mozilla/5.0",
              "sessionId": "session456",
              "tenantId": "tenant1"
            },
            {
              "timestamp": 1766403044276,
              "username": "user29",
              "credentialPair": "user29:cGFzczI5",
              "success": false,
              "userAgent": "Mozilla/5.0",
              "sessionId": "session456",
              "tenantId": "tenant1"
            },
            {
              "timestamp": 1766403045282,
              "username": "user30",
              "credentialPair": "user30:cGFzczMw",
              "success": false,
              "userAgent": "Mozilla/5.0",
              "sessionId": "session456",
              "tenantId": "tenant1"
            },
            {
              "timestamp": 1766403046284,
              "username": "user31",
              "credentialPair": "user31:cGFzczMx",
              "success": false,
              "userAgent": "Mozilla/5.0",
              "sessionId": "session456",
              "tenantId": "tenant1"
            },
            {
              "timestamp": 1766403047285,
              "username": "user32",
              "credentialPair": "user32:cGFzczMy",
              "success": false,
              "userAgent": "Mozilla/5.0",
              "sessionId": "session456",
              "tenantId": "tenant1"
            },
            {
              "timestamp": 1766403048286,
              "username": "user33",
              "credentialPair": "user33:cGFzczMz",
              "success": false,
              "userAgent": "Mozilla/5.0",
              "sessionId": "session456",
              "tenantId": "tenant1"
            },
            {
              "timestamp": 1766403049287,
              "username": "user34",
              "credentialPair": "user34:cGFzczM0",
              "success": false,
              "userAgent": "Mozilla/5.0",
              "sessionId": "session456",
              "tenantId": "tenant1"
            },
            {
              "timestamp": 1766403050291,
              "username": "user35",
              "credentialPair": "user35:cGFzczM1",
              "success": false,
              "userAgent": "Mozilla/5.0",
              "sessionId": "session456",
              "tenantId": "tenant1"
            },
            {
              "timestamp": 1766403051293,
              "username": "user36",
              "credentialPair": "user36:cGFzczM2",
              "success": false,
              "userAgent": "Mozilla/5.0",
              "sessionId": "session456",
              "tenantId": "tenant1"
            },
            {
              "timestamp": 1766403052313,
              "username": "user37",
              "credentialPair": "user37:cGFzczM3",
              "success": false,
              "userAgent": "Mozilla/5.0",
              "sessionId": "session456",
              "tenantId": "tenant1"
            },
            {
              "timestamp": 1766403053314,
              "username": "user38",
              "credentialPair": "user38:cGFzczM4",
              "success": false,
              "userAgent": "Mozilla/5.0",
              "sessionId": "session456",
              "tenantId": "tenant1"
            },
            {
              "timestamp": 1766403054315,
              "username": "user39",
              "credentialPair": "user39:cGFzczM5",
              "success": false,
              "userAgent": "Mozilla/5.0",
              "sessionId": "session456",
              "tenantId": "tenant1"
            },
            {
              "timestamp": 1766403055316,
              "username": "user40",
              "credentialPair": "user40:cGFzczQw",
              "success": false,
              "userAgent": "Mozilla/5.0",
              "sessionId": "session456",
              "tenantId": "tenant1"
            },
            {
              "timestamp": 1766403056317,
              "username": "user41",
              "credentialPair": "user41:cGFzczQx",
              "success": false,
              "userAgent": "Mozilla/5.0",
              "sessionId": "session456",
              "tenantId": "tenant1"
            },
            {
              "timestamp": 1766403057319,
              "username": "user42",
              "credentialPair": "user42:cGFzczQy",
              "success": false,
              "userAgent": "Mozilla/5.0",
              "sessionId": "session456",
              "tenantId": "tenant1"
            },
            {
              "timestamp": 1766403058320,
              "username": "user43",
              "credentialPair": "user43:cGFzczQz",
              "success": false,
              "userAgent": "Mozilla/5.0",
              "sessionId": "session456",
              "tenantId": "tenant1"
            },
            {
              "timestamp": 1766403059321,
              "username": "user44",
              "credentialPair": "user44:cGFzczQ0",
              "success": false,
              "userAgent": "Mozilla/5.0",
              "sessionId": "session456",
              "tenantId": "tenant1"
            },
            {
              "timestamp": 1766403060323,
              "username": "user45",
              "credentialPair": "user45:cGFzczQ1",
              "success": false,
              "userAgent": "Mozilla/5.0",
              "sessionId": "session456",
              "tenantId": "tenant1"
            },
            {
              "timestamp": 1766403061324,
              "username": "user46",
              "credentialPair": "user46:cGFzczQ2",
              "success": false,
              "userAgent": "Mozilla/5.0",
              "sessionId": "session456",
              "tenantId": "tenant1"
            },
            {
              "timestamp": 1766403062327,
              "username": "user47",
              "credentialPair": "user47:cGFzczQ3",
              "success": false,
              "userAgent": "Mozilla/5.0",
              "sessionId": "session456",
              "tenantId": "tenant1"
            },
            {
              "timestamp": 1766403063328,
              "username": "user48",
              "credentialPair": "user48:cGFzczQ4",
              "success": false,
              "userAgent": "Mozilla/5.0",
              "sessionId": "session456",
              "tenantId": "tenant1"
            },
            {
              "timestamp": 1766403064329,
              "username": "user49",
              "credentialPair": "user49:cGFzczQ5",
              "success": false,
              "userAgent": "Mozilla/5.0",
              "sessionId": "session456",
              "tenantId": "tenant1"
            },
            {
              "timestamp": 1766403065332,
              "username": "user50",
              "credentialPair": "user50:cGFzczUw",
              "success": true,
              "userAgent": "Mozilla/5.0",
              "sessionId": "session456",
              "tenantId": "tenant1"
            },
            {
              "timestamp": 1766403066335,
              "username": "user51",
              "credentialPair": "user51:cGFzczUx",
              "success": false,
              "userAgent": "Mozilla/5.0",
              "sessionId": "session456",
              "tenantId": "tenant1"
            }
          ],
          "credentialAnalysis": {
            "totalPairs": 52,
            "estimatedSource": "small_breach_or_targeted",
            "patternType": "manual"
          },
          "attackVector": "credential_stuffing"
        }
      }

      at Console.write [as log] (node_modules/winston/lib/wi
nston/transports/console.js:87:23)
          at Array.forEach (<anonymous>)

    console.log
      2025-12-22 13:30:15 [PLATFORM] [[31merror[39m]: 
Credential Stuffing Attack: credential_stuffing_breach_data 
{
        "platform": true,
        "ipAddress": "192.168.1.200",
        "uniqueCredentialPairs": 52,
        "uniqueUsernames": 52,
        "successRate": 0.038461538461538464,
        "potentialBreachSource": "small_breach_or_targeted",
        "violationType": "credential_stuffing_breach_data",
        "severity": "high",
        "description": "Credential stuffing using breach 
data detected",
        "forensicData": {
          "recentAttempts": [
            {
              "timestamp": 1766403017237,
              "username": "user2",
              "credentialPair": "user2:cGFzczI=",
              "success": false,
              "userAgent": "Mozilla/5.0",
              "sessionId": "session456",
              "tenantId": "tenant1"
            },
            {
              "timestamp": 1766403018237,
              "username": "user3",
              "credentialPair": "user3:cGFzczM=",
              "success": false,
              "userAgent": "Mozilla/5.0",
              "sessionId": "session456",
              "tenantId": "tenant1"
            },
            {
              "timestamp": 1766403019237,
              "username": "user4",
              "credentialPair": "user4:cGFzczQ=",
              "success": false,
              "userAgent": "Mozilla/5.0",
              "sessionId": "session456",
              "tenantId": "tenant1"
            },
            {
              "timestamp": 1766403020238,
              "username": "user5",
              "credentialPair": "user5:cGFzczU=",
              "success": false,
              "userAgent": "Mozilla/5.0",
              "sessionId": "session456",
              "tenantId": "tenant1"
            },
            {
              "timestamp": 1766403021238,
              "username": "user6",
              "credentialPair": "user6:cGFzczY=",
              "success": false,
              "userAgent": "Mozilla/5.0",
              "sessionId": "session456",
              "tenantId": "tenant1"
            },
            {
              "timestamp": 1766403022238,
              "username": "user7",
              "credentialPair": "user7:cGFzczc=",
              "success": false,
              "userAgent": "Mozilla/5.0",
              "sessionId": "session456",
              "tenantId": "tenant1"
            },
            {
              "timestamp": 1766403023238,
              "username": "user8",
              "credentialPair": "user8:cGFzczg=",
              "success": false,
              "userAgent": "Mozilla/5.0",
              "sessionId": "session456",
              "tenantId": "tenant1"
            },
            {
              "timestamp": 1766403024238,
              "username": "user9",
              "credentialPair": "user9:cGFzczk=",
              "success": false,
              "userAgent": "Mozilla/5.0",
              "sessionId": "session456",
              "tenantId": "tenant1"
            },
            {
              "timestamp": 1766403025238,
              "username": "user10",
              "credentialPair": "user10:cGFzczEw",
              "success": false,
              "userAgent": "Mozilla/5.0",
              "sessionId": "session456",
              "tenantId": "tenant1"
            },
            {
              "timestamp": 1766403026238,
              "username": "user11",
              "credentialPair": "user11:cGFzczEx",
              "success": false,
              "userAgent": "Mozilla/5.0",
              "sessionId": "session456",
              "tenantId": "tenant1"
            },
            {
              "timestamp": 1766403027238,
              "username": "user12",
              "credentialPair": "user12:cGFzczEy",
              "success": false,
              "userAgent": "Mozilla/5.0",
              "sessionId": "session456",
              "tenantId": "tenant1"
            },
            {
              "timestamp": 1766403028238,
              "username": "user13",
              "credentialPair": "user13:cGFzczEz",
              "success": false,
              "userAgent": "Mozilla/5.0",
              "sessionId": "session456",
              "tenantId": "tenant1"
            },
            {
              "timestamp": 1766403029238,
              "username": "user14",
              "credentialPair": "user14:cGFzczE0",
              "success": false,
              "userAgent": "Mozilla/5.0",
              "sessionId": "session456",
              "tenantId": "tenant1"
            },
            {
              "timestamp": 1766403030238,
              "username": "user15",
              "credentialPair": "user15:cGFzczE1",
              "success": false,
              "userAgent": "Mozilla/5.0",
              "sessionId": "session456",
              "tenantId": "tenant1"
            },
            {
              "timestamp": 1766403031238,
              "username": "user16",
              "credentialPair": "user16:cGFzczE2",
              "success": false,
              "userAgent": "Mozilla/5.0",
              "sessionId": "session456",
              "tenantId": "tenant1"
            },
            {
              "timestamp": 1766403032238,
              "username": "user17",
              "credentialPair": "user17:cGFzczE3",
              "success": false,
              "userAgent": "Mozilla/5.0",
              "sessionId": "session456",
              "tenantId": "tenant1"
            },
            {
              "timestamp": 1766403033238,
              "username": "user18",
              "credentialPair": "user18:cGFzczE4",
              "success": false,
              "userAgent": "Mozilla/5.0",
              "sessionId": "session456",
              "tenantId": "tenant1"
            },
            {
              "timestamp": 1766403034238,
              "username": "user19",
              "credentialPair": "user19:cGFzczE5",
              "success": false,
              "userAgent": "Mozilla/5.0",
              "sessionId": "session456",
              "tenantId": "tenant1"
            },
            {
              "timestamp": 1766403035240,
              "username": "user20",
              "credentialPair": "user20:cGFzczIw",
              "success": false,
              "userAgent": "Mozilla/5.0",
              "sessionId": "session456",
              "tenantId": "tenant1"
            },
            {
              "timestamp": 1766403036241,
              "username": "user21",
              "credentialPair": "user21:cGFzczIx",
              "success": false,
              "userAgent": "Mozilla/5.0",
              "sessionId": "session456",
              "tenantId": "tenant1"
            },
            {
              "timestamp": 1766403037252,
              "username": "user22",
              "credentialPair": "user22:cGFzczIy",
              "success": false,
              "userAgent": "Mozilla/5.0",
              "sessionId": "session456",
              "tenantId": "tenant1"
            },
            {
              "timestamp": 1766403038254,
              "username": "user23",
              "credentialPair": "user23:cGFzczIz",
              "success": false,
              "userAgent": "Mozilla/5.0",
              "sessionId": "session456",
              "tenantId": "tenant1"
            },
            {
              "timestamp": 1766403039258,
              "username": "user24",
              "credentialPair": "user24:cGFzczI0",
              "success": false,
              "userAgent": "Mozilla/5.0",
              "sessionId": "session456",
              "tenantId": "tenant1"
            },
            {
              "timestamp": 1766403040269,
              "username": "user25",
              "credentialPair": "user25:cGFzczI1",
              "success": false,
              "userAgent": "Mozilla/5.0",
              "sessionId": "session456",
              "tenantId": "tenant1"
            },
            {
              "timestamp": 1766403041271,
              "username": "user26",
              "credentialPair": "user26:cGFzczI2",
              "success": false,
              "userAgent": "Mozilla/5.0",
              "sessionId": "session456",
              "tenantId": "tenant1"
            },
            {
              "timestamp": 1766403042273,
              "username": "user27",
              "credentialPair": "user27:cGFzczI3",
              "success": false,
              "userAgent": "Mozilla/5.0",
              "sessionId": "session456",
              "tenantId": "tenant1"
            },
            {
              "timestamp": 1766403043274,
              "username": "user28",
              "credentialPair": "user28:cGFzczI4",
              "success": false,
              "userAgent": "Mozilla/5.0",
              "sessionId": "session456",
              "tenantId": "tenant1"
            },
            {
              "timestamp": 1766403044276,
              "username": "user29",
              "credentialPair": "user29:cGFzczI5",
              "success": false,
              "userAgent": "Mozilla/5.0",
              "sessionId": "session456",
              "tenantId": "tenant1"
            },
            {
              "timestamp": 1766403045282,
              "username": "user30",
              "credentialPair": "user30:cGFzczMw",
              "success": false,
              "userAgent": "Mozilla/5.0",
              "sessionId": "session456",
              "tenantId": "tenant1"
            },
            {
              "timestamp": 1766403046284,
              "username": "user31",
              "credentialPair": "user31:cGFzczMx",
              "success": false,
              "userAgent": "Mozilla/5.0",
              "sessionId": "session456",
              "tenantId": "tenant1"
            },
            {
              "timestamp": 1766403047285,
              "username": "user32",
              "credentialPair": "user32:cGFzczMy",
              "success": false,
              "userAgent": "Mozilla/5.0",
              "sessionId": "session456",
              "tenantId": "tenant1"
            },
            {
              "timestamp": 1766403048286,
              "username": "user33",
              "credentialPair": "user33:cGFzczMz",
              "success": false,
              "userAgent": "Mozilla/5.0",
              "sessionId": "session456",
              "tenantId": "tenant1"
            },
            {
              "timestamp": 1766403049287,
              "username": "user34",
              "credentialPair": "user34:cGFzczM0",
              "success": false,
              "userAgent": "Mozilla/5.0",
              "sessionId": "session456",
              "tenantId": "tenant1"
            },
            {
              "timestamp": 1766403050291,
              "username": "user35",
              "credentialPair": "user35:cGFzczM1",
              "success": false,
              "userAgent": "Mozilla/5.0",
              "sessionId": "session456",
              "tenantId": "tenant1"
            },
            {
              "timestamp": 1766403051293,
              "username": "user36",
              "credentialPair": "user36:cGFzczM2",
              "success": false,
              "userAgent": "Mozilla/5.0",
              "sessionId": "session456",
              "tenantId": "tenant1"
            },
            {
              "timestamp": 1766403052313,
              "username": "user37",
              "credentialPair": "user37:cGFzczM3",
              "success": false,
              "userAgent": "Mozilla/5.0",
              "sessionId": "session456",
              "tenantId": "tenant1"
            },
            {
              "timestamp": 1766403053314,
              "username": "user38",
              "credentialPair": "user38:cGFzczM4",
              "success": false,
              "userAgent": "Mozilla/5.0",
              "sessionId": "session456",
              "tenantId": "tenant1"
            },
            {
              "timestamp": 1766403054315,
              "username": "user39",
              "credentialPair": "user39:cGFzczM5",
              "success": false,
              "userAgent": "Mozilla/5.0",
              "sessionId": "session456",
              "tenantId": "tenant1"
            },
            {
              "timestamp": 1766403055316,
              "username": "user40",
              "credentialPair": "user40:cGFzczQw",
              "success": false,
              "userAgent": "Mozilla/5.0",
              "sessionId": "session456",
              "tenantId": "tenant1"
            },
            {
              "timestamp": 1766403056317,
              "username": "user41",
              "credentialPair": "user41:cGFzczQx",
              "success": false,
              "userAgent": "Mozilla/5.0",
              "sessionId": "session456",
              "tenantId": "tenant1"
            },
            {
              "timestamp": 1766403057319,
              "username": "user42",
              "credentialPair": "user42:cGFzczQy",
              "success": false,
              "userAgent": "Mozilla/5.0",
              "sessionId": "session456",
              "tenantId": "tenant1"
            },
            {
              "timestamp": 1766403058320,
              "username": "user43",
              "credentialPair": "user43:cGFzczQz",
              "success": false,
              "userAgent": "Mozilla/5.0",
              "sessionId": "session456",
              "tenantId": "tenant1"
            },
            {
              "timestamp": 1766403059321,
              "username": "user44",
              "credentialPair": "user44:cGFzczQ0",
              "success": false,
              "userAgent": "Mozilla/5.0",
              "sessionId": "session456",
              "tenantId": "tenant1"
            },
            {
              "timestamp": 1766403060323,
              "username": "user45",
              "credentialPair": "user45:cGFzczQ1",
              "success": false,
              "userAgent": "Mozilla/5.0",
              "sessionId": "session456",
              "tenantId": "tenant1"
            },
            {
              "timestamp": 1766403061324,
              "username": "user46",
              "credentialPair": "user46:cGFzczQ2",
              "success": false,
              "userAgent": "Mozilla/5.0",
              "sessionId": "session456",
              "tenantId": "tenant1"
            },
            {
              "timestamp": 1766403062327,
              "username": "user47",
              "credentialPair": "user47:cGFzczQ3",
              "success": false,
              "userAgent": "Mozilla/5.0",
              "sessionId": "session456",
              "tenantId": "tenant1"
            },
            {
              "timestamp": 1766403063328,
              "username": "user48",
              "credentialPair": "user48:cGFzczQ4",
              "success": false,
              "userAgent": "Mozilla/5.0",
              "sessionId": "session456",
              "tenantId": "tenant1"
            },
            {
              "timestamp": 1766403064329,
              "username": "user49",
              "credentialPair": "user49:cGFzczQ5",
              "success": false,
              "userAgent": "Mozilla/5.0",
              "sessionId": "session456",
              "tenantId": "tenant1"
            },
            {
              "timestamp": 1766403065332,
              "username": "user50",
              "credentialPair": "user50:cGFzczUw",
              "success": true,
              "userAgent": "Mozilla/5.0",
              "sessionId": "session456",
              "tenantId": "tenant1"
            },
            {
              "timestamp": 1766403066335,
              "username": "user51",
              "credentialPair": "user51:cGFzczUx",
              "success": false,
              "userAgent": "Mozilla/5.0",
              "sessionId": "session456",
              "tenantId": "tenant1"
            }
          ],
          "credentialAnalysis": {
            "totalPairs": 52,
            "estimatedSource": "small_breach_or_targeted",
            "patternType": "manual"
          },
          "attackVector": "credential_stuffing"
        }
      }

      at Console.write [as log] (node_modules/winston/lib/wi
nston/transports/console.js:87:23)
          at Array.forEach (<anonymous>)

    console.log
      2025-12-22 13:30:15 [PLATFORM] [[31merror[39m]: 
Credential Stuffing Attack: credential_stuffing_volume {
        "platform": true,
        "ipAddress": "192.168.1.200",
        "totalAttempts": 53,
        "successRate": 0.03773584905660377,
        "uniqueCredentials": 53,
        "uniqueUsernames": 53,
        "timeWindow": 3600000,
        "violationType": "credential_stuffing_volume",
        "severity": "critical",
        "description": "Credential stuffing attack detected 
(high volume, low success)",
        "forensicData": {
          "recentAttempts": [
            {
              "timestamp": 1766403018237,
              "username": "user3",
              "credentialPair": "user3:cGFzczM=",
              "success": false,
              "userAgent": "Mozilla/5.0",
              "sessionId": "session456",
              "tenantId": "tenant1"
            },
            {
              "timestamp": 1766403019237,
              "username": "user4",
              "credentialPair": "user4:cGFzczQ=",
              "success": false,
              "userAgent": "Mozilla/5.0",
              "sessionId": "session456",
              "tenantId": "tenant1"
            },
            {
              "timestamp": 1766403020238,
              "username": "user5",
              "credentialPair": "user5:cGFzczU=",
              "success": false,
              "userAgent": "Mozilla/5.0",
              "sessionId": "session456",
              "tenantId": "tenant1"
            },
            {
              "timestamp": 1766403021238,
              "username": "user6",
              "credentialPair": "user6:cGFzczY=",
              "success": false,
              "userAgent": "Mozilla/5.0",
              "sessionId": "session456",
              "tenantId": "tenant1"
            },
            {
              "timestamp": 1766403022238,
              "username": "user7",
              "credentialPair": "user7:cGFzczc=",
              "success": false,
              "userAgent": "Mozilla/5.0",
              "sessionId": "session456",
              "tenantId": "tenant1"
            },
            {
              "timestamp": 1766403023238,
              "username": "user8",
              "credentialPair": "user8:cGFzczg=",
              "success": false,
              "userAgent": "Mozilla/5.0",
              "sessionId": "session456",
              "tenantId": "tenant1"
            },
            {
              "timestamp": 1766403024238,
              "username": "user9",
              "credentialPair": "user9:cGFzczk=",
              "success": false,
              "userAgent": "Mozilla/5.0",
              "sessionId": "session456",
              "tenantId": "tenant1"
            },
            {
              "timestamp": 1766403025238,
              "username": "user10",
              "credentialPair": "user10:cGFzczEw",
              "success": false,
              "userAgent": "Mozilla/5.0",
              "sessionId": "session456",
              "tenantId": "tenant1"
            },
            {
              "timestamp": 1766403026238,
              "username": "user11",
              "credentialPair": "user11:cGFzczEx",
              "success": false,
              "userAgent": "Mozilla/5.0",
              "sessionId": "session456",
              "tenantId": "tenant1"
            },
            {
              "timestamp": 1766403027238,
              "username": "user12",
              "credentialPair": "user12:cGFzczEy",
              "success": false,
              "userAgent": "Mozilla/5.0",
              "sessionId": "session456",
              "tenantId": "tenant1"
            },
            {
              "timestamp": 1766403028238,
              "username": "user13",
              "credentialPair": "user13:cGFzczEz",
              "success": false,
              "userAgent": "Mozilla/5.0",
              "sessionId": "session456",
              "tenantId": "tenant1"
            },
            {
              "timestamp": 1766403029238,
              "username": "user14",
              "credentialPair": "user14:cGFzczE0",
              "success": false,
              "userAgent": "Mozilla/5.0",
              "sessionId": "session456",
              "tenantId": "tenant1"
            },
            {
              "timestamp": 1766403030238,
              "username": "user15",
              "credentialPair": "user15:cGFzczE1",
              "success": false,
              "userAgent": "Mozilla/5.0",
              "sessionId": "session456",
              "tenantId": "tenant1"
            },
            {
              "timestamp": 1766403031238,
              "username": "user16",
              "credentialPair": "user16:cGFzczE2",
              "success": false,
              "userAgent": "Mozilla/5.0",
              "sessionId": "session456",
              "tenantId": "tenant1"
            },
            {
              "timestamp": 1766403032238,
              "username": "user17",
              "credentialPair": "user17:cGFzczE3",
              "success": false,
              "userAgent": "Mozilla/5.0",
              "sessionId": "session456",
              "tenantId": "tenant1"
            },
            {
              "timestamp": 1766403033238,
              "username": "user18",
              "credentialPair": "user18:cGFzczE4",
              "success": false,
              "userAgent": "Mozilla/5.0",
              "sessionId": "session456",
              "tenantId": "tenant1"
            },
            {
              "timestamp": 1766403034238,
              "username": "user19",
              "credentialPair": "user19:cGFzczE5",
              "success": false,
              "userAgent": "Mozilla/5.0",
              "sessionId": "session456",
              "tenantId": "tenant1"
            },
            {
              "timestamp": 1766403035240,
              "username": "user20",
              "credentialPair": "user20:cGFzczIw",
              "success": false,
              "userAgent": "Mozilla/5.0",
              "sessionId": "session456",
              "tenantId": "tenant1"
            },
            {
              "timestamp": 1766403036241,
              "username": "user21",
              "credentialPair": "user21:cGFzczIx",
              "success": false,
              "userAgent": "Mozilla/5.0",
              "sessionId": "session456",
              "tenantId": "tenant1"
            },
            {
              "timestamp": 1766403037252,
              "username": "user22",
              "credentialPair": "user22:cGFzczIy",
              "success": false,
              "userAgent": "Mozilla/5.0",
              "sessionId": "session456",
              "tenantId": "tenant1"
            },
            {
              "timestamp": 1766403038254,
              "username": "user23",
              "credentialPair": "user23:cGFzczIz",
              "success": false,
              "userAgent": "Mozilla/5.0",
              "sessionId": "session456",
              "tenantId": "tenant1"
            },
            {
              "timestamp": 1766403039258,
              "username": "user24",
              "credentialPair": "user24:cGFzczI0",
              "success": false,
              "userAgent": "Mozilla/5.0",
              "sessionId": "session456",
              "tenantId": "tenant1"
            },
            {
              "timestamp": 1766403040269,
              "username": "user25",
              "credentialPair": "user25:cGFzczI1",
              "success": false,
              "userAgent": "Mozilla/5.0",
              "sessionId": "session456",
              "tenantId": "tenant1"
            },
            {
              "timestamp": 1766403041271,
              "username": "user26",
              "credentialPair": "user26:cGFzczI2",
              "success": false,
              "userAgent": "Mozilla/5.0",
              "sessionId": "session456",
              "tenantId": "tenant1"
            },
            {
              "timestamp": 1766403042273,
              "username": "user27",
              "credentialPair": "user27:cGFzczI3",
              "success": false,
              "userAgent": "Mozilla/5.0",
              "sessionId": "session456",
              "tenantId": "tenant1"
            },
            {
              "timestamp": 1766403043274,
              "username": "user28",
              "credentialPair": "user28:cGFzczI4",
              "success": false,
              "userAgent": "Mozilla/5.0",
              "sessionId": "session456",
              "tenantId": "tenant1"
            },
            {
              "timestamp": 1766403044276,
              "username": "user29",
              "credentialPair": "user29:cGFzczI5",
              "success": false,
              "userAgent": "Mozilla/5.0",
              "sessionId": "session456",
              "tenantId": "tenant1"
            },
            {
              "timestamp": 1766403045282,
              "username": "user30",
              "credentialPair": "user30:cGFzczMw",
              "success": false,
              "userAgent": "Mozilla/5.0",
              "sessionId": "session456",
              "tenantId": "tenant1"
            },
            {
              "timestamp": 1766403046284,
              "username": "user31",
              "credentialPair": "user31:cGFzczMx",
              "success": false,
              "userAgent": "Mozilla/5.0",
              "sessionId": "session456",
              "tenantId": "tenant1"
            },
            {
              "timestamp": 1766403047285,
              "username": "user32",
              "credentialPair": "user32:cGFzczMy",
              "success": false,
              "userAgent": "Mozilla/5.0",
              "sessionId": "session456",
              "tenantId": "tenant1"
            },
            {
              "timestamp": 1766403048286,
              "username": "user33",
              "credentialPair": "user33:cGFzczMz",
              "success": false,
              "userAgent": "Mozilla/5.0",
              "sessionId": "session456",
              "tenantId": "tenant1"
            },
            {
              "timestamp": 1766403049287,
              "username": "user34",
              "credentialPair": "user34:cGFzczM0",
              "success": false,
              "userAgent": "Mozilla/5.0",
              "sessionId": "session456",
              "tenantId": "tenant1"
            },
            {
              "timestamp": 1766403050291,
              "username": "user35",
              "credentialPair": "user35:cGFzczM1",
              "success": false,
              "userAgent": "Mozilla/5.0",
              "sessionId": "session456",
              "tenantId": "tenant1"
            },
            {
              "timestamp": 1766403051293,
              "username": "user36",
              "credentialPair": "user36:cGFzczM2",
              "success": false,
              "userAgent": "Mozilla/5.0",
              "sessionId": "session456",
              "tenantId": "tenant1"
            },
            {
              "timestamp": 1766403052313,
              "username": "user37",
              "credentialPair": "user37:cGFzczM3",
              "success": false,
              "userAgent": "Mozilla/5.0",
              "sessionId": "session456",
              "tenantId": "tenant1"
            },
            {
              "timestamp": 1766403053314,
              "username": "user38",
              "credentialPair": "user38:cGFzczM4",
              "success": false,
              "userAgent": "Mozilla/5.0",
              "sessionId": "session456",
              "tenantId": "tenant1"
            },
            {
              "timestamp": 1766403054315,
              "username": "user39",
              "credentialPair": "user39:cGFzczM5",
              "success": false,
              "userAgent": "Mozilla/5.0",
              "sessionId": "session456",
              "tenantId": "tenant1"
            },
            {
              "timestamp": 1766403055316,
              "username": "user40",
              "credentialPair": "user40:cGFzczQw",
              "success": false,
              "userAgent": "Mozilla/5.0",
              "sessionId": "session456",
              "tenantId": "tenant1"
            },
            {
              "timestamp": 1766403056317,
              "username": "user41",
              "credentialPair": "user41:cGFzczQx",
              "success": false,
              "userAgent": "Mozilla/5.0",
              "sessionId": "session456",
              "tenantId": "tenant1"
            },
            {
              "timestamp": 1766403057319,
              "username": "user42",
              "credentialPair": "user42:cGFzczQy",
              "success": false,
              "userAgent": "Mozilla/5.0",
              "sessionId": "session456",
              "tenantId": "tenant1"
            },
            {
              "timestamp": 1766403058320,
              "username": "user43",
              "credentialPair": "user43:cGFzczQz",
              "success": false,
              "userAgent": "Mozilla/5.0",
              "sessionId": "session456",
              "tenantId": "tenant1"
            },
            {
              "timestamp": 1766403059321,
              "username": "user44",
              "credentialPair": "user44:cGFzczQ0",
              "success": false,
              "userAgent": "Mozilla/5.0",
              "sessionId": "session456",
              "tenantId": "tenant1"
            },
            {
              "timestamp": 1766403060323,
              "username": "user45",
              "credentialPair": "user45:cGFzczQ1",
              "success": false,
              "userAgent": "Mozilla/5.0",
              "sessionId": "session456",
              "tenantId": "tenant1"
            },
            {
              "timestamp": 1766403061324,
              "username": "user46",
              "credentialPair": "user46:cGFzczQ2",
              "success": false,
              "userAgent": "Mozilla/5.0",
              "sessionId": "session456",
              "tenantId": "tenant1"
            },
            {
              "timestamp": 1766403062327,
              "username": "user47",
              "credentialPair": "user47:cGFzczQ3",
              "success": false,
              "userAgent": "Mozilla/5.0",
              "sessionId": "session456",
              "tenantId": "tenant1"
            },
            {
              "timestamp": 1766403063328,
              "username": "user48",
              "credentialPair": "user48:cGFzczQ4",
              "success": false,
              "userAgent": "Mozilla/5.0",
              "sessionId": "session456",
              "tenantId": "tenant1"
            },
            {
              "timestamp": 1766403064329,
              "username": "user49",
              "credentialPair": "user49:cGFzczQ5",
              "success": false,
              "userAgent": "Mozilla/5.0",
              "sessionId": "session456",
              "tenantId": "tenant1"
            },
            {
              "timestamp": 1766403065332,
              "username": "user50",
              "credentialPair": "user50:cGFzczUw",
              "success": true,
              "userAgent": "Mozilla/5.0",
              "sessionId": "session456",
              "tenantId": "tenant1"
            },
            {
              "timestamp": 1766403066335,
              "username": "user51",
              "credentialPair": "user51:cGFzczUx",
              "success": false,
              "userAgent": "Mozilla/5.0",
              "sessionId": "session456",
              "tenantId": "tenant1"
            },
            {
              "timestamp": 1766403067337,
              "username": "user52",
              "credentialPair": "user52:cGFzczUy",
              "success": false,
              "userAgent": "Mozilla/5.0",
              "sessionId": "session456",
              "tenantId": "tenant1"
            }
          ],
          "credentialAnalysis": {
            "totalPairs": 53,
            "estimatedSource": "small_breach_or_targeted",
            "patternType": "manual"
          },
          "attackVector": "credential_stuffing"
        }
      }

      at Console.write [as log] (node_modules/winston/lib/wi
nston/transports/console.js:87:23)
          at Array.forEach (<anonymous>)

    console.log
      2025-12-22 13:30:15 [PLATFORM] [[31merror[39m]: 
Credential Stuffing Attack: credential_stuffing_breach_data 
{
        "platform": true,
        "ipAddress": "192.168.1.200",
        "uniqueCredentialPairs": 53,
        "uniqueUsernames": 53,
        "successRate": 0.03773584905660377,
        "potentialBreachSource": "small_breach_or_targeted",
        "violationType": "credential_stuffing_breach_data",
        "severity": "high",
        "description": "Credential stuffing using breach 
data detected",
        "forensicData": {
          "recentAttempts": [
            {
              "timestamp": 1766403018237,
              "username": "user3",
              "credentialPair": "user3:cGFzczM=",
              "success": false,
              "userAgent": "Mozilla/5.0",
              "sessionId": "session456",
              "tenantId": "tenant1"
            },
            {
              "timestamp": 1766403019237,
              "username": "user4",
              "credentialPair": "user4:cGFzczQ=",
              "success": false,
              "userAgent": "Mozilla/5.0",
              "sessionId": "session456",
              "tenantId": "tenant1"
            },
            {
              "timestamp": 1766403020238,
              "username": "user5",
              "credentialPair": "user5:cGFzczU=",
              "success": false,
              "userAgent": "Mozilla/5.0",
              "sessionId": "session456",
              "tenantId": "tenant1"
            },
            {
              "timestamp": 1766403021238,
              "username": "user6",
              "credentialPair": "user6:cGFzczY=",
              "success": false,
              "userAgent": "Mozilla/5.0",
              "sessionId": "session456",
              "tenantId": "tenant1"
            },
            {
              "timestamp": 1766403022238,
              "username": "user7",
              "credentialPair": "user7:cGFzczc=",
              "success": false,
              "userAgent": "Mozilla/5.0",
              "sessionId": "session456",
              "tenantId": "tenant1"
            },
            {
              "timestamp": 1766403023238,
              "username": "user8",
              "credentialPair": "user8:cGFzczg=",
              "success": false,
              "userAgent": "Mozilla/5.0",
              "sessionId": "session456",
              "tenantId": "tenant1"
            },
            {
              "timestamp": 1766403024238,
              "username": "user9",
              "credentialPair": "user9:cGFzczk=",
              "success": false,
              "userAgent": "Mozilla/5.0",
              "sessionId": "session456",
              "tenantId": "tenant1"
            },
            {
              "timestamp": 1766403025238,
              "username": "user10",
              "credentialPair": "user10:cGFzczEw",
              "success": false,
              "userAgent": "Mozilla/5.0",
              "sessionId": "session456",
              "tenantId": "tenant1"
            },
            {
              "timestamp": 1766403026238,
              "username": "user11",
              "credentialPair": "user11:cGFzczEx",
              "success": false,
              "userAgent": "Mozilla/5.0",
              "sessionId": "session456",
              "tenantId": "tenant1"
            },
            {
              "timestamp": 1766403027238,
              "username": "user12",
              "credentialPair": "user12:cGFzczEy",
              "success": false,
              "userAgent": "Mozilla/5.0",
              "sessionId": "session456",
              "tenantId": "tenant1"
            },
            {
              "timestamp": 1766403028238,
              "username": "user13",
              "credentialPair": "user13:cGFzczEz",
              "success": false,
              "userAgent": "Mozilla/5.0",
              "sessionId": "session456",
              "tenantId": "tenant1"
            },
            {
              "timestamp": 1766403029238,
              "username": "user14",
              "credentialPair": "user14:cGFzczE0",
              "success": false,
              "userAgent": "Mozilla/5.0",
              "sessionId": "session456",
              "tenantId": "tenant1"
            },
            {
              "timestamp": 1766403030238,
              "username": "user15",
              "credentialPair": "user15:cGFzczE1",
              "success": false,
              "userAgent": "Mozilla/5.0",
              "sessionId": "session456",
              "tenantId": "tenant1"
            },
            {
              "timestamp": 1766403031238,
              "username": "user16",
              "credentialPair": "user16:cGFzczE2",
              "success": false,
              "userAgent": "Mozilla/5.0",
              "sessionId": "session456",
              "tenantId": "tenant1"
            },
            {
              "timestamp": 1766403032238,
              "username": "user17",
              "credentialPair": "user17:cGFzczE3",
              "success": false,
              "userAgent": "Mozilla/5.0",
              "sessionId": "session456",
              "tenantId": "tenant1"
            },
            {
              "timestamp": 1766403033238,
              "username": "user18",
              "credentialPair": "user18:cGFzczE4",
              "success": false,
              "userAgent": "Mozilla/5.0",
              "sessionId": "session456",
              "tenantId": "tenant1"
            },
            {
              "timestamp": 1766403034238,
              "username": "user19",
              "credentialPair": "user19:cGFzczE5",
              "success": false,
              "userAgent": "Mozilla/5.0",
              "sessionId": "session456",
              "tenantId": "tenant1"
            },
            {
              "timestamp": 1766403035240,
              "username": "user20",
              "credentialPair": "user20:cGFzczIw",
              "success": false,
              "userAgent": "Mozilla/5.0",
              "sessionId": "session456",
              "tenantId": "tenant1"
            },
            {
              "timestamp": 1766403036241,
              "username": "user21",
              "credentialPair": "user21:cGFzczIx",
              "success": false,
              "userAgent": "Mozilla/5.0",
              "sessionId": "session456",
              "tenantId": "tenant1"
            },
            {
              "timestamp": 1766403037252,
              "username": "user22",
              "credentialPair": "user22:cGFzczIy",
              "success": false,
              "userAgent": "Mozilla/5.0",
              "sessionId": "session456",
              "tenantId": "tenant1"
            },
            {
              "timestamp": 1766403038254,
              "username": "user23",
              "credentialPair": "user23:cGFzczIz",
              "success": false,
              "userAgent": "Mozilla/5.0",
              "sessionId": "session456",
              "tenantId": "tenant1"
            },
            {
              "timestamp": 1766403039258,
              "username": "user24",
              "credentialPair": "user24:cGFzczI0",
              "success": false,
              "userAgent": "Mozilla/5.0",
              "sessionId": "session456",
              "tenantId": "tenant1"
            },
            {
              "timestamp": 1766403040269,
              "username": "user25",
              "credentialPair": "user25:cGFzczI1",
              "success": false,
              "userAgent": "Mozilla/5.0",
              "sessionId": "session456",
              "tenantId": "tenant1"
            },
            {
              "timestamp": 1766403041271,
              "username": "user26",
              "credentialPair": "user26:cGFzczI2",
              "success": false,
              "userAgent": "Mozilla/5.0",
              "sessionId": "session456",
              "tenantId": "tenant1"
            },
            {
              "timestamp": 1766403042273,
              "username": "user27",
              "credentialPair": "user27:cGFzczI3",
              "success": false,
              "userAgent": "Mozilla/5.0",
              "sessionId": "session456",
              "tenantId": "tenant1"
            },
            {
              "timestamp": 1766403043274,
              "username": "user28",
              "credentialPair": "user28:cGFzczI4",
              "success": false,
              "userAgent": "Mozilla/5.0",
              "sessionId": "session456",
              "tenantId": "tenant1"
            },
            {
              "timestamp": 1766403044276,
              "username": "user29",
              "credentialPair": "user29:cGFzczI5",
              "success": false,
              "userAgent": "Mozilla/5.0",
              "sessionId": "session456",
              "tenantId": "tenant1"
            },
            {
              "timestamp": 1766403045282,
              "username": "user30",
              "credentialPair": "user30:cGFzczMw",
              "success": false,
              "userAgent": "Mozilla/5.0",
              "sessionId": "session456",
              "tenantId": "tenant1"
            },
            {
              "timestamp": 1766403046284,
              "username": "user31",
              "credentialPair": "user31:cGFzczMx",
              "success": false,
              "userAgent": "Mozilla/5.0",
              "sessionId": "session456",
              "tenantId": "tenant1"
            },
            {
              "timestamp": 1766403047285,
              "username": "user32",
              "credentialPair": "user32:cGFzczMy",
              "success": false,
              "userAgent": "Mozilla/5.0",
              "sessionId": "session456",
              "tenantId": "tenant1"
            },
            {
              "timestamp": 1766403048286,
              "username": "user33",
              "credentialPair": "user33:cGFzczMz",
              "success": false,
              "userAgent": "Mozilla/5.0",
              "sessionId": "session456",
              "tenantId": "tenant1"
            },
            {
              "timestamp": 1766403049287,
              "username": "user34",
              "credentialPair": "user34:cGFzczM0",
              "success": false,
              "userAgent": "Mozilla/5.0",
              "sessionId": "session456",
              "tenantId": "tenant1"
            },
            {
              "timestamp": 1766403050291,
              "username": "user35",
              "credentialPair": "user35:cGFzczM1",
              "success": false,
              "userAgent": "Mozilla/5.0",
              "sessionId": "session456",
              "tenantId": "tenant1"
            },
            {
              "timestamp": 1766403051293,
              "username": "user36",
              "credentialPair": "user36:cGFzczM2",
              "success": false,
              "userAgent": "Mozilla/5.0",
              "sessionId": "session456",
              "tenantId": "tenant1"
            },
            {
              "timestamp": 1766403052313,
              "username": "user37",
              "credentialPair": "user37:cGFzczM3",
              "success": false,
              "userAgent": "Mozilla/5.0",
              "sessionId": "session456",
              "tenantId": "tenant1"
            },
            {
              "timestamp": 1766403053314,
              "username": "user38",
              "credentialPair": "user38:cGFzczM4",
              "success": false,
              "userAgent": "Mozilla/5.0",
              "sessionId": "session456",
              "tenantId": "tenant1"
            },
            {
              "timestamp": 1766403054315,
              "username": "user39",
              "credentialPair": "user39:cGFzczM5",
              "success": false,
              "userAgent": "Mozilla/5.0",
              "sessionId": "session456",
              "tenantId": "tenant1"
            },
            {
              "timestamp": 1766403055316,
              "username": "user40",
              "credentialPair": "user40:cGFzczQw",
              "success": false,
              "userAgent": "Mozilla/5.0",
              "sessionId": "session456",
              "tenantId": "tenant1"
            },
            {
              "timestamp": 1766403056317,
              "username": "user41",
              "credentialPair": "user41:cGFzczQx",
              "success": false,
              "userAgent": "Mozilla/5.0",
              "sessionId": "session456",
              "tenantId": "tenant1"
            },
            {
              "timestamp": 1766403057319,
              "username": "user42",
              "credentialPair": "user42:cGFzczQy",
              "success": false,
              "userAgent": "Mozilla/5.0",
              "sessionId": "session456",
              "tenantId": "tenant1"
            },
            {
              "timestamp": 1766403058320,
              "username": "user43",
              "credentialPair": "user43:cGFzczQz",
              "success": false,
              "userAgent": "Mozilla/5.0",
              "sessionId": "session456",
              "tenantId": "tenant1"
            },
            {
              "timestamp": 1766403059321,
              "username": "user44",
              "credentialPair": "user44:cGFzczQ0",
              "success": false,
              "userAgent": "Mozilla/5.0",
              "sessionId": "session456",
              "tenantId": "tenant1"
            },
            {
              "timestamp": 1766403060323,
              "username": "user45",
              "credentialPair": "user45:cGFzczQ1",
              "success": false,
              "userAgent": "Mozilla/5.0",
              "sessionId": "session456",
              "tenantId": "tenant1"
            },
            {
              "timestamp": 1766403061324,
              "username": "user46",
              "credentialPair": "user46:cGFzczQ2",
              "success": false,
              "userAgent": "Mozilla/5.0",
              "sessionId": "session456",
              "tenantId": "tenant1"
            },
            {
              "timestamp": 1766403062327,
              "username": "user47",
              "credentialPair": "user47:cGFzczQ3",
              "success": false,
              "userAgent": "Mozilla/5.0",
              "sessionId": "session456",
              "tenantId": "tenant1"
            },
            {
              "timestamp": 1766403063328,
              "username": "user48",
              "credentialPair": "user48:cGFzczQ4",
              "success": false,
              "userAgent": "Mozilla/5.0",
              "sessionId": "session456",
              "tenantId": "tenant1"
            },
            {
              "timestamp": 1766403064329,
              "username": "user49",
              "credentialPair": "user49:cGFzczQ5",
              "success": false,
              "userAgent": "Mozilla/5.0",
              "sessionId": "session456",
              "tenantId": "tenant1"
            },
            {
              "timestamp": 1766403065332,
              "username": "user50",
              "credentialPair": "user50:cGFzczUw",
              "success": true,
              "userAgent": "Mozilla/5.0",
              "sessionId": "session456",
              "tenantId": "tenant1"
            },
            {
              "timestamp": 1766403066335,
              "username": "user51",
              "credentialPair": "user51:cGFzczUx",
              "success": false,
              "userAgent": "Mozilla/5.0",
              "sessionId": "session456",
              "tenantId": "tenant1"
            },
            {
              "timestamp": 1766403067337,
              "username": "user52",
              "credentialPair": "user52:cGFzczUy",
              "success": false,
              "userAgent": "Mozilla/5.0",
              "sessionId": "session456",
              "tenantId": "tenant1"
            }
          ],
          "credentialAnalysis": {
            "totalPairs": 53,
            "estimatedSource": "small_breach_or_targeted",
            "patternType": "manual"
          },
          "attackVector": "credential_stuffing"
        }
      }

      at Console.write [as log] (node_modules/winston/lib/wi
nston/transports/console.js:87:23)
          at Array.forEach (<anonymous>)

    console.log
      2025-12-22 13:30:15 [PLATFORM] [[31merror[39m]: 
Credential Stuffing Attack: credential_stuffing_volume {
        "platform": true,
        "ipAddress": "192.168.1.200",
        "totalAttempts": 54,
        "successRate": 0.037037037037037035,
        "uniqueCredentials": 54,
        "uniqueUsernames": 54,
        "timeWindow": 3600000,
        "violationType": "credential_stuffing_volume",
        "severity": "critical",
        "description": "Credential stuffing attack detected 
(high volume, low success)",
        "forensicData": {
          "recentAttempts": [
            {
              "timestamp": 1766403019237,
              "username": "user4",
              "credentialPair": "user4:cGFzczQ=",
              "success": false,
              "userAgent": "Mozilla/5.0",
              "sessionId": "session456",
              "tenantId": "tenant1"
            },
            {
              "timestamp": 1766403020238,
              "username": "user5",
              "credentialPair": "user5:cGFzczU=",
              "success": false,
              "userAgent": "Mozilla/5.0",
              "sessionId": "session456",
              "tenantId": "tenant1"
            },
            {
              "timestamp": 1766403021238,
              "username": "user6",
              "credentialPair": "user6:cGFzczY=",
              "success": false,
              "userAgent": "Mozilla/5.0",
              "sessionId": "session456",
              "tenantId": "tenant1"
            },
            {
              "timestamp": 1766403022238,
              "username": "user7",
              "credentialPair": "user7:cGFzczc=",
              "success": false,
              "userAgent": "Mozilla/5.0",
              "sessionId": "session456",
              "tenantId": "tenant1"
            },
            {
              "timestamp": 1766403023238,
              "username": "user8",
              "credentialPair": "user8:cGFzczg=",
              "success": false,
              "userAgent": "Mozilla/5.0",
              "sessionId": "session456",
              "tenantId": "tenant1"
            },
            {
              "timestamp": 1766403024238,
              "username": "user9",
              "credentialPair": "user9:cGFzczk=",
              "success": false,
              "userAgent": "Mozilla/5.0",
              "sessionId": "session456",
              "tenantId": "tenant1"
            },
            {
              "timestamp": 1766403025238,
              "username": "user10",
              "credentialPair": "user10:cGFzczEw",
              "success": false,
              "userAgent": "Mozilla/5.0",
              "sessionId": "session456",
              "tenantId": "tenant1"
            },
            {
              "timestamp": 1766403026238,
              "username": "user11",
              "credentialPair": "user11:cGFzczEx",
              "success": false,
              "userAgent": "Mozilla/5.0",
              "sessionId": "session456",
              "tenantId": "tenant1"
            },
            {
              "timestamp": 1766403027238,
              "username": "user12",
              "credentialPair": "user12:cGFzczEy",
              "success": false,
              "userAgent": "Mozilla/5.0",
              "sessionId": "session456",
              "tenantId": "tenant1"
            },
            {
              "timestamp": 1766403028238,
              "username": "user13",
              "credentialPair": "user13:cGFzczEz",
              "success": false,
              "userAgent": "Mozilla/5.0",
              "sessionId": "session456",
              "tenantId": "tenant1"
            },
            {
              "timestamp": 1766403029238,
              "username": "user14",
              "credentialPair": "user14:cGFzczE0",
              "success": false,
              "userAgent": "Mozilla/5.0",
              "sessionId": "session456",
              "tenantId": "tenant1"
            },
            {
              "timestamp": 1766403030238,
              "username": "user15",
              "credentialPair": "user15:cGFzczE1",
              "success": false,
              "userAgent": "Mozilla/5.0",
              "sessionId": "session456",
              "tenantId": "tenant1"
            },
            {
              "timestamp": 1766403031238,
              "username": "user16",
              "credentialPair": "user16:cGFzczE2",
              "success": false,
              "userAgent": "Mozilla/5.0",
              "sessionId": "session456",
              "tenantId": "tenant1"
            },
            {
              "timestamp": 1766403032238,
              "username": "user17",
              "credentialPair": "user17:cGFzczE3",
              "success": false,
              "userAgent": "Mozilla/5.0",
              "sessionId": "session456",
              "tenantId": "tenant1"
            },
            {
              "timestamp": 1766403033238,
              "username": "user18",
              "credentialPair": "user18:cGFzczE4",
              "success": false,
              "userAgent": "Mozilla/5.0",
              "sessionId": "session456",
              "tenantId": "tenant1"
            },
            {
              "timestamp": 1766403034238,
              "username": "user19",
              "credentialPair": "user19:cGFzczE5",
              "success": false,
              "userAgent": "Mozilla/5.0",
              "sessionId": "session456",
              "tenantId": "tenant1"
            },
            {
              "timestamp": 1766403035240,
              "username": "user20",
              "credentialPair": "user20:cGFzczIw",
              "success": false,
              "userAgent": "Mozilla/5.0",
              "sessionId": "session456",
              "tenantId": "tenant1"
            },
            {
              "timestamp": 1766403036241,
              "username": "user21",
              "credentialPair": "user21:cGFzczIx",
              "success": false,
              "userAgent": "Mozilla/5.0",
              "sessionId": "session456",
              "tenantId": "tenant1"
            },
            {
              "timestamp": 1766403037252,
              "username": "user22",
              "credentialPair": "user22:cGFzczIy",
              "success": false,
              "userAgent": "Mozilla/5.0",
              "sessionId": "session456",
              "tenantId": "tenant1"
            },
            {
              "timestamp": 1766403038254,
              "username": "user23",
              "credentialPair": "user23:cGFzczIz",
              "success": false,
              "userAgent": "Mozilla/5.0",
              "sessionId": "session456",
              "tenantId": "tenant1"
            },
            {
              "timestamp": 1766403039258,
              "username": "user24",
              "credentialPair": "user24:cGFzczI0",
              "success": false,
              "userAgent": "Mozilla/5.0",
              "sessionId": "session456",
              "tenantId": "tenant1"
            },
            {
              "timestamp": 1766403040269,
              "username": "user25",
              "credentialPair": "user25:cGFzczI1",
              "success": false,
              "userAgent": "Mozilla/5.0",
              "sessionId": "session456",
              "tenantId": "tenant1"
            },
            {
              "timestamp": 1766403041271,
              "username": "user26",
              "credentialPair": "user26:cGFzczI2",
              "success": false,
              "userAgent": "Mozilla/5.0",
              "sessionId": "session456",
              "tenantId": "tenant1"
            },
            {
              "timestamp": 1766403042273,
              "username": "user27",
              "credentialPair": "user27:cGFzczI3",
              "success": false,
              "userAgent": "Mozilla/5.0",
              "sessionId": "session456",
              "tenantId": "tenant1"
            },
            {
              "timestamp": 1766403043274,
              "username": "user28",
              "credentialPair": "user28:cGFzczI4",
              "success": false,
              "userAgent": "Mozilla/5.0",
              "sessionId": "session456",
              "tenantId": "tenant1"
            },
            {
              "timestamp": 1766403044276,
              "username": "user29",
              "credentialPair": "user29:cGFzczI5",
              "success": false,
              "userAgent": "Mozilla/5.0",
              "sessionId": "session456",
              "tenantId": "tenant1"
            },
            {
              "timestamp": 1766403045282,
              "username": "user30",
              "credentialPair": "user30:cGFzczMw",
              "success": false,
              "userAgent": "Mozilla/5.0",
              "sessionId": "session456",
              "tenantId": "tenant1"
            },
            {
              "timestamp": 1766403046284,
              "username": "user31",
              "credentialPair": "user31:cGFzczMx",
              "success": false,
              "userAgent": "Mozilla/5.0",
              "sessionId": "session456",
              "tenantId": "tenant1"
            },
            {
              "timestamp": 1766403047285,
              "username": "user32",
              "credentialPair": "user32:cGFzczMy",
              "success": false,
              "userAgent": "Mozilla/5.0",
              "sessionId": "session456",
              "tenantId": "tenant1"
            },
            {
              "timestamp": 1766403048286,
              "username": "user33",
              "credentialPair": "user33:cGFzczMz",
              "success": false,
              "userAgent": "Mozilla/5.0",
              "sessionId": "session456",
              "tenantId": "tenant1"
            },
            {
              "timestamp": 1766403049287,
              "username": "user34",
              "credentialPair": "user34:cGFzczM0",
              "success": false,
              "userAgent": "Mozilla/5.0",
              "sessionId": "session456",
              "tenantId": "tenant1"
            },
            {
              "timestamp": 1766403050291,
              "username": "user35",
              "credentialPair": "user35:cGFzczM1",
              "success": false,
              "userAgent": "Mozilla/5.0",
              "sessionId": "session456",
              "tenantId": "tenant1"
            },
            {
              "timestamp": 1766403051293,
              "username": "user36",
              "credentialPair": "user36:cGFzczM2",
              "success": false,
              "userAgent": "Mozilla/5.0",
              "sessionId": "session456",
              "tenantId": "tenant1"
            },
            {
              "timestamp": 1766403052313,
              "username": "user37",
              "credentialPair": "user37:cGFzczM3",
              "success": false,
              "userAgent": "Mozilla/5.0",
              "sessionId": "session456",
              "tenantId": "tenant1"
            },
            {
              "timestamp": 1766403053314,
              "username": "user38",
              "credentialPair": "user38:cGFzczM4",
              "success": false,
              "userAgent": "Mozilla/5.0",
              "sessionId": "session456",
              "tenantId": "tenant1"
            },
            {
              "timestamp": 1766403054315,
              "username": "user39",
              "credentialPair": "user39:cGFzczM5",
              "success": false,
              "userAgent": "Mozilla/5.0",
              "sessionId": "session456",
              "tenantId": "tenant1"
            },
            {
              "timestamp": 1766403055316,
              "username": "user40",
              "credentialPair": "user40:cGFzczQw",
              "success": false,
              "userAgent": "Mozilla/5.0",
              "sessionId": "session456",
              "tenantId": "tenant1"
            },
            {
              "timestamp": 1766403056317,
              "username": "user41",
              "credentialPair": "user41:cGFzczQx",
              "success": false,
              "userAgent": "Mozilla/5.0",
              "sessionId": "session456",
              "tenantId": "tenant1"
            },
            {
              "timestamp": 1766403057319,
              "username": "user42",
              "credentialPair": "user42:cGFzczQy",
              "success": false,
              "userAgent": "Mozilla/5.0",
              "sessionId": "session456",
              "tenantId": "tenant1"
            },
            {
              "timestamp": 1766403058320,
              "username": "user43",
              "credentialPair": "user43:cGFzczQz",
              "success": false,
              "userAgent": "Mozilla/5.0",
              "sessionId": "session456",
              "tenantId": "tenant1"
            },
            {
              "timestamp": 1766403059321,
              "username": "user44",
              "credentialPair": "user44:cGFzczQ0",
              "success": false,
              "userAgent": "Mozilla/5.0",
              "sessionId": "session456",
              "tenantId": "tenant1"
            },
            {
              "timestamp": 1766403060323,
              "username": "user45",
              "credentialPair": "user45:cGFzczQ1",
              "success": false,
              "userAgent": "Mozilla/5.0",
              "sessionId": "session456",
              "tenantId": "tenant1"
            },
            {
              "timestamp": 1766403061324,
              "username": "user46",
              "credentialPair": "user46:cGFzczQ2",
              "success": false,
              "userAgent": "Mozilla/5.0",
              "sessionId": "session456",
              "tenantId": "tenant1"
            },
            {
              "timestamp": 1766403062327,
              "username": "user47",
              "credentialPair": "user47:cGFzczQ3",
              "success": false,
              "userAgent": "Mozilla/5.0",
              "sessionId": "session456",
              "tenantId": "tenant1"
            },
            {
              "timestamp": 1766403063328,
              "username": "user48",
              "credentialPair": "user48:cGFzczQ4",
              "success": false,
              "userAgent": "Mozilla/5.0",
              "sessionId": "session456",
              "tenantId": "tenant1"
            },
            {
              "timestamp": 1766403064329,
              "username": "user49",
              "credentialPair": "user49:cGFzczQ5",
              "success": false,
              "userAgent": "Mozilla/5.0",
              "sessionId": "session456",
              "tenantId": "tenant1"
            },
            {
              "timestamp": 1766403065332,
              "username": "user50",
              "credentialPair": "user50:cGFzczUw",
              "success": true,
              "userAgent": "Mozilla/5.0",
              "sessionId": "session456",
              "tenantId": "tenant1"
            },
            {
              "timestamp": 1766403066335,
              "username": "user51",
              "credentialPair": "user51:cGFzczUx",
              "success": false,
              "userAgent": "Mozilla/5.0",
              "sessionId": "session456",
              "tenantId": "tenant1"
            },
            {
              "timestamp": 1766403067337,
              "username": "user52",
              "credentialPair": "user52:cGFzczUy",
              "success": false,
              "userAgent": "Mozilla/5.0",
              "sessionId": "session456",
              "tenantId": "tenant1"
            },
            {
              "timestamp": 1766403068341,
              "username": "user53",
              "credentialPair": "user53:cGFzczUz",
              "success": false,
              "userAgent": "Mozilla/5.0",
              "sessionId": "session456",
              "tenantId": "tenant1"
            }
          ],
          "credentialAnalysis": {
            "totalPairs": 54,
            "estimatedSource": "small_breach_or_targeted",
            "patternType": "manual"
          },
          "attackVector": "credential_stuffing"
        }
      }

      at Console.write [as log] (node_modules/winston/lib/wi
nston/transports/console.js:87:23)
          at Array.forEach (<anonymous>)

    console.log
      2025-12-22 13:30:15 [PLATFORM] [[31merror[39m]: 
Credential Stuffing Attack: credential_stuffing_breach_data 
{
        "platform": true,
        "ipAddress": "192.168.1.200",
        "uniqueCredentialPairs": 54,
        "uniqueUsernames": 54,
        "successRate": 0.037037037037037035,
        "potentialBreachSource": "small_breach_or_targeted",
        "violationType": "credential_stuffing_breach_data",
        "severity": "high",
        "description": "Credential stuffing using breach 
data detected",
        "forensicData": {
          "recentAttempts": [
            {
              "timestamp": 1766403019237,
              "username": "user4",
              "credentialPair": "user4:cGFzczQ=",
              "success": false,
              "userAgent": "Mozilla/5.0",
              "sessionId": "session456",
              "tenantId": "tenant1"
            },
            {
              "timestamp": 1766403020238,
              "username": "user5",
              "credentialPair": "user5:cGFzczU=",
              "success": false,
              "userAgent": "Mozilla/5.0",
              "sessionId": "session456",
              "tenantId": "tenant1"
            },
            {
              "timestamp": 1766403021238,
              "username": "user6",
              "credentialPair": "user6:cGFzczY=",
              "success": false,
              "userAgent": "Mozilla/5.0",
              "sessionId": "session456",
              "tenantId": "tenant1"
            },
            {
              "timestamp": 1766403022238,
              "username": "user7",
              "credentialPair": "user7:cGFzczc=",
              "success": false,
              "userAgent": "Mozilla/5.0",
              "sessionId": "session456",
              "tenantId": "tenant1"
            },
            {
              "timestamp": 1766403023238,
              "username": "user8",
              "credentialPair": "user8:cGFzczg=",
              "success": false,
              "userAgent": "Mozilla/5.0",
              "sessionId": "session456",
              "tenantId": "tenant1"
            },
            {
              "timestamp": 1766403024238,
              "username": "user9",
              "credentialPair": "user9:cGFzczk=",
              "success": false,
              "userAgent": "Mozilla/5.0",
              "sessionId": "session456",
              "tenantId": "tenant1"
            },
            {
              "timestamp": 1766403025238,
              "username": "user10",
              "credentialPair": "user10:cGFzczEw",
              "success": false,
              "userAgent": "Mozilla/5.0",
              "sessionId": "session456",
              "tenantId": "tenant1"
            },
            {
              "timestamp": 1766403026238,
              "username": "user11",
              "credentialPair": "user11:cGFzczEx",
              "success": false,
              "userAgent": "Mozilla/5.0",
              "sessionId": "session456",
              "tenantId": "tenant1"
            },
            {
              "timestamp": 1766403027238,
              "username": "user12",
              "credentialPair": "user12:cGFzczEy",
              "success": false,
              "userAgent": "Mozilla/5.0",
              "sessionId": "session456",
              "tenantId": "tenant1"
            },
            {
              "timestamp": 1766403028238,
              "username": "user13",
              "credentialPair": "user13:cGFzczEz",
              "success": false,
              "userAgent": "Mozilla/5.0",
              "sessionId": "session456",
              "tenantId": "tenant1"
            },
            {
              "timestamp": 1766403029238,
              "username": "user14",
              "credentialPair": "user14:cGFzczE0",
              "success": false,
              "userAgent": "Mozilla/5.0",
              "sessionId": "session456",
              "tenantId": "tenant1"
            },
            {
              "timestamp": 1766403030238,
              "username": "user15",
              "credentialPair": "user15:cGFzczE1",
              "success": false,
              "userAgent": "Mozilla/5.0",
              "sessionId": "session456",
              "tenantId": "tenant1"
            },
            {
              "timestamp": 1766403031238,
              "username": "user16",
              "credentialPair": "user16:cGFzczE2",
              "success": false,
              "userAgent": "Mozilla/5.0",
              "sessionId": "session456",
              "tenantId": "tenant1"
            },
            {
              "timestamp": 1766403032238,
              "username": "user17",
              "credentialPair": "user17:cGFzczE3",
              "success": false,
              "userAgent": "Mozilla/5.0",
              "sessionId": "session456",
              "tenantId": "tenant1"
            },
            {
              "timestamp": 1766403033238,
              "username": "user18",
              "credentialPair": "user18:cGFzczE4",
              "success": false,
              "userAgent": "Mozilla/5.0",
              "sessionId": "session456",
              "tenantId": "tenant1"
            },
            {
              "timestamp": 1766403034238,
              "username": "user19",
              "credentialPair": "user19:cGFzczE5",
              "success": false,
              "userAgent": "Mozilla/5.0",
              "sessionId": "session456",
              "tenantId": "tenant1"
            },
            {
              "timestamp": 1766403035240,
              "username": "user20",
              "credentialPair": "user20:cGFzczIw",
              "success": false,
              "userAgent": "Mozilla/5.0",
              "sessionId": "session456",
              "tenantId": "tenant1"
            },
            {
              "timestamp": 1766403036241,
              "username": "user21",
              "credentialPair": "user21:cGFzczIx",
              "success": false,
              "userAgent": "Mozilla/5.0",
              "sessionId": "session456",
              "tenantId": "tenant1"
            },
            {
              "timestamp": 1766403037252,
              "username": "user22",
              "credentialPair": "user22:cGFzczIy",
              "success": false,
              "userAgent": "Mozilla/5.0",
              "sessionId": "session456",
              "tenantId": "tenant1"
            },
            {
              "timestamp": 1766403038254,
              "username": "user23",
              "credentialPair": "user23:cGFzczIz",
              "success": false,
              "userAgent": "Mozilla/5.0",
              "sessionId": "session456",
              "tenantId": "tenant1"
            },
            {
              "timestamp": 1766403039258,
              "username": "user24",
              "credentialPair": "user24:cGFzczI0",
              "success": false,
              "userAgent": "Mozilla/5.0",
              "sessionId": "session456",
              "tenantId": "tenant1"
            },
            {
              "timestamp": 1766403040269,
              "username": "user25",
              "credentialPair": "user25:cGFzczI1",
              "success": false,
              "userAgent": "Mozilla/5.0",
              "sessionId": "session456",
              "tenantId": "tenant1"
            },
            {
              "timestamp": 1766403041271,
              "username": "user26",
              "credentialPair": "user26:cGFzczI2",
              "success": false,
              "userAgent": "Mozilla/5.0",
              "sessionId": "session456",
              "tenantId": "tenant1"
            },
            {
              "timestamp": 1766403042273,
              "username": "user27",
              "credentialPair": "user27:cGFzczI3",
              "success": false,
              "userAgent": "Mozilla/5.0",
              "sessionId": "session456",
              "tenantId": "tenant1"
            },
            {
              "timestamp": 1766403043274,
              "username": "user28",
              "credentialPair": "user28:cGFzczI4",
              "success": false,
              "userAgent": "Mozilla/5.0",
              "sessionId": "session456",
              "tenantId": "tenant1"
            },
            {
              "timestamp": 1766403044276,
              "username": "user29",
              "credentialPair": "user29:cGFzczI5",
              "success": false,
              "userAgent": "Mozilla/5.0",
              "sessionId": "session456",
              "tenantId": "tenant1"
            },
            {
              "timestamp": 1766403045282,
              "username": "user30",
              "credentialPair": "user30:cGFzczMw",
              "success": false,
              "userAgent": "Mozilla/5.0",
              "sessionId": "session456",
              "tenantId": "tenant1"
            },
            {
              "timestamp": 1766403046284,
              "username": "user31",
              "credentialPair": "user31:cGFzczMx",
              "success": false,
              "userAgent": "Mozilla/5.0",
              "sessionId": "session456",
              "tenantId": "tenant1"
            },
            {
              "timestamp": 1766403047285,
              "username": "user32",
              "credentialPair": "user32:cGFzczMy",
              "success": false,
              "userAgent": "Mozilla/5.0",
              "sessionId": "session456",
              "tenantId": "tenant1"
            },
            {
              "timestamp": 1766403048286,
              "username": "user33",
              "credentialPair": "user33:cGFzczMz",
              "success": false,
              "userAgent": "Mozilla/5.0",
              "sessionId": "session456",
              "tenantId": "tenant1"
            },
            {
              "timestamp": 1766403049287,
              "username": "user34",
              "credentialPair": "user34:cGFzczM0",
              "success": false,
              "userAgent": "Mozilla/5.0",
              "sessionId": "session456",
              "tenantId": "tenant1"
            },
            {
              "timestamp": 1766403050291,
              "username": "user35",
              "credentialPair": "user35:cGFzczM1",
              "success": false,
              "userAgent": "Mozilla/5.0",
              "sessionId": "session456",
              "tenantId": "tenant1"
            },
            {
              "timestamp": 1766403051293,
              "username": "user36",
              "credentialPair": "user36:cGFzczM2",
              "success": false,
              "userAgent": "Mozilla/5.0",
              "sessionId": "session456",
              "tenantId": "tenant1"
            },
            {
              "timestamp": 1766403052313,
              "username": "user37",
              "credentialPair": "user37:cGFzczM3",
              "success": false,
              "userAgent": "Mozilla/5.0",
              "sessionId": "session456",
              "tenantId": "tenant1"
            },
            {
              "timestamp": 1766403053314,
              "username": "user38",
              "credentialPair": "user38:cGFzczM4",
              "success": false,
              "userAgent": "Mozilla/5.0",
              "sessionId": "session456",
              "tenantId": "tenant1"
            },
            {
              "timestamp": 1766403054315,
              "username": "user39",
              "credentialPair": "user39:cGFzczM5",
              "success": false,
              "userAgent": "Mozilla/5.0",
              "sessionId": "session456",
              "tenantId": "tenant1"
            },
            {
              "timestamp": 1766403055316,
              "username": "user40",
              "credentialPair": "user40:cGFzczQw",
              "success": false,
              "userAgent": "Mozilla/5.0",
              "sessionId": "session456",
              "tenantId": "tenant1"
            },
            {
              "timestamp": 1766403056317,
              "username": "user41",
              "credentialPair": "user41:cGFzczQx",
              "success": false,
              "userAgent": "Mozilla/5.0",
              "sessionId": "session456",
              "tenantId": "tenant1"
            },
            {
              "timestamp": 1766403057319,
              "username": "user42",
              "credentialPair": "user42:cGFzczQy",
              "success": false,
              "userAgent": "Mozilla/5.0",
              "sessionId": "session456",
              "tenantId": "tenant1"
            },
            {
              "timestamp": 1766403058320,
              "username": "user43",
              "credentialPair": "user43:cGFzczQz",
              "success": false,
              "userAgent": "Mozilla/5.0",
              "sessionId": "session456",
              "tenantId": "tenant1"
            },
            {
              "timestamp": 1766403059321,
              "username": "user44",
              "credentialPair": "user44:cGFzczQ0",
              "success": false,
              "userAgent": "Mozilla/5.0",
              "sessionId": "session456",
              "tenantId": "tenant1"
            },
            {
              "timestamp": 1766403060323,
              "username": "user45",
              "credentialPair": "user45:cGFzczQ1",
              "success": false,
              "userAgent": "Mozilla/5.0",
              "sessionId": "session456",
              "tenantId": "tenant1"
            },
            {
              "timestamp": 1766403061324,
              "username": "user46",
              "credentialPair": "user46:cGFzczQ2",
              "success": false,
              "userAgent": "Mozilla/5.0",
              "sessionId": "session456",
              "tenantId": "tenant1"
            },
            {
              "timestamp": 1766403062327,
              "username": "user47",
              "credentialPair": "user47:cGFzczQ3",
              "success": false,
              "userAgent": "Mozilla/5.0",
              "sessionId": "session456",
              "tenantId": "tenant1"
            },
            {
              "timestamp": 1766403063328,
              "username": "user48",
              "credentialPair": "user48:cGFzczQ4",
              "success": false,
              "userAgent": "Mozilla/5.0",
              "sessionId": "session456",
              "tenantId": "tenant1"
            },
            {
              "timestamp": 1766403064329,
              "username": "user49",
              "credentialPair": "user49:cGFzczQ5",
              "success": false,
              "userAgent": "Mozilla/5.0",
              "sessionId": "session456",
              "tenantId": "tenant1"
            },
            {
              "timestamp": 1766403065332,
              "username": "user50",
              "credentialPair": "user50:cGFzczUw",
              "success": true,
              "userAgent": "Mozilla/5.0",
              "sessionId": "session456",
              "tenantId": "tenant1"
            },
            {
              "timestamp": 1766403066335,
              "username": "user51",
              "credentialPair": "user51:cGFzczUx",
              "success": false,
              "userAgent": "Mozilla/5.0",
              "sessionId": "session456",
              "tenantId": "tenant1"
            },
            {
              "timestamp": 1766403067337,
              "username": "user52",
              "credentialPair": "user52:cGFzczUy",
              "success": false,
              "userAgent": "Mozilla/5.0",
              "sessionId": "session456",
              "tenantId": "tenant1"
            },
            {
              "timestamp": 1766403068341,
              "username": "user53",
              "credentialPair": "user53:cGFzczUz",
              "success": false,
              "userAgent": "Mozilla/5.0",
              "sessionId": "session456",
              "tenantId": "tenant1"
            }
          ],
          "credentialAnalysis": {
            "totalPairs": 54,
            "estimatedSource": "small_breach_or_targeted",
            "patternType": "manual"
          },
          "attackVector": "credential_stuffing"
        }
      }

      at Console.write [as log] (node_modules/winston/lib/wi
nston/transports/console.js:87:23)
          at Array.forEach (<anonymous>)

    console.log
      2025-12-22 13:30:15 [PLATFORM] [[31merror[39m]: 
Credential Stuffing Attack: credential_stuffing_volume {
        "platform": true,
        "ipAddress": "192.168.1.200",
        "totalAttempts": 55,
        "successRate": 0.03636363636363636,
        "uniqueCredentials": 55,
        "uniqueUsernames": 55,
        "timeWindow": 3600000,
        "violationType": "credential_stuffing_volume",
        "severity": "critical",
        "description": "Credential stuffing attack detected 
(high volume, low success)",
        "forensicData": {
          "recentAttempts": [
            {
              "timestamp": 1766403020238,
              "username": "user5",
              "credentialPair": "user5:cGFzczU=",
              "success": false,
              "userAgent": "Mozilla/5.0",
              "sessionId": "session456",
              "tenantId": "tenant1"
            },
            {
              "timestamp": 1766403021238,
              "username": "user6",
              "credentialPair": "user6:cGFzczY=",
              "success": false,
              "userAgent": "Mozilla/5.0",
              "sessionId": "session456",
              "tenantId": "tenant1"
            },
            {
              "timestamp": 1766403022238,
              "username": "user7",
              "credentialPair": "user7:cGFzczc=",
              "success": false,
              "userAgent": "Mozilla/5.0",
              "sessionId": "session456",
              "tenantId": "tenant1"
            },
            {
              "timestamp": 1766403023238,
              "username": "user8",
              "credentialPair": "user8:cGFzczg=",
              "success": false,
              "userAgent": "Mozilla/5.0",
              "sessionId": "session456",
              "tenantId": "tenant1"
            },
            {
              "timestamp": 1766403024238,
              "username": "user9",
              "credentialPair": "user9:cGFzczk=",
              "success": false,
              "userAgent": "Mozilla/5.0",
              "sessionId": "session456",
              "tenantId": "tenant1"
            },
            {
              "timestamp": 1766403025238,
              "username": "user10",
              "credentialPair": "user10:cGFzczEw",
              "success": false,
              "userAgent": "Mozilla/5.0",
              "sessionId": "session456",
              "tenantId": "tenant1"
            },
            {
              "timestamp": 1766403026238,
              "username": "user11",
              "credentialPair": "user11:cGFzczEx",
              "success": false,
              "userAgent": "Mozilla/5.0",
              "sessionId": "session456",
              "tenantId": "tenant1"
            },
            {
              "timestamp": 1766403027238,
              "username": "user12",
              "credentialPair": "user12:cGFzczEy",
              "success": false,
              "userAgent": "Mozilla/5.0",
              "sessionId": "session456",
              "tenantId": "tenant1"
            },
            {
              "timestamp": 1766403028238,
              "username": "user13",
              "credentialPair": "user13:cGFzczEz",
              "success": false,
              "userAgent": "Mozilla/5.0",
              "sessionId": "session456",
              "tenantId": "tenant1"
            },
            {
              "timestamp": 1766403029238,
              "username": "user14",
              "credentialPair": "user14:cGFzczE0",
              "success": false,
              "userAgent": "Mozilla/5.0",
              "sessionId": "session456",
              "tenantId": "tenant1"
            },
            {
              "timestamp": 1766403030238,
              "username": "user15",
              "credentialPair": "user15:cGFzczE1",
              "success": false,
              "userAgent": "Mozilla/5.0",
              "sessionId": "session456",
              "tenantId": "tenant1"
            },
            {
              "timestamp": 1766403031238,
              "username": "user16",
              "credentialPair": "user16:cGFzczE2",
              "success": false,
              "userAgent": "Mozilla/5.0",
              "sessionId": "session456",
              "tenantId": "tenant1"
            },
            {
              "timestamp": 1766403032238,
              "username": "user17",
              "credentialPair": "user17:cGFzczE3",
              "success": false,
              "userAgent": "Mozilla/5.0",
              "sessionId": "session456",
              "tenantId": "tenant1"
            },
            {
              "timestamp": 1766403033238,
              "username": "user18",
              "credentialPair": "user18:cGFzczE4",
              "success": false,
              "userAgent": "Mozilla/5.0",
              "sessionId": "session456",
              "tenantId": "tenant1"
            },
            {
              "timestamp": 1766403034238,
              "username": "user19",
              "credentialPair": "user19:cGFzczE5",
              "success": false,
              "userAgent": "Mozilla/5.0",
              "sessionId": "session456",
              "tenantId": "tenant1"
            },
            {
              "timestamp": 1766403035240,
              "username": "user20",
              "credentialPair": "user20:cGFzczIw",
              "success": false,
              "userAgent": "Mozilla/5.0",
              "sessionId": "session456",
              "tenantId": "tenant1"
            },
            {
              "timestamp": 1766403036241,
              "username": "user21",
              "credentialPair": "user21:cGFzczIx",
              "success": false,
              "userAgent": "Mozilla/5.0",
              "sessionId": "session456",
              "tenantId": "tenant1"
            },
            {
              "timestamp": 1766403037252,
              "username": "user22",
              "credentialPair": "user22:cGFzczIy",
              "success": false,
              "userAgent": "Mozilla/5.0",
              "sessionId": "session456",
              "tenantId": "tenant1"
            },
            {
              "timestamp": 1766403038254,
              "username": "user23",
              "credentialPair": "user23:cGFzczIz",
              "success": false,
              "userAgent": "Mozilla/5.0",
              "sessionId": "session456",
              "tenantId": "tenant1"
            },
            {
              "timestamp": 1766403039258,
              "username": "user24",
              "credentialPair": "user24:cGFzczI0",
              "success": false,
              "userAgent": "Mozilla/5.0",
              "sessionId": "session456",
              "tenantId": "tenant1"
            },
            {
              "timestamp": 1766403040269,
              "username": "user25",
              "credentialPair": "user25:cGFzczI1",
              "success": false,
              "userAgent": "Mozilla/5.0",
              "sessionId": "session456",
              "tenantId": "tenant1"
            },
            {
              "timestamp": 1766403041271,
              "username": "user26",
              "credentialPair": "user26:cGFzczI2",
              "success": false,
              "userAgent": "Mozilla/5.0",
              "sessionId": "session456",
              "tenantId": "tenant1"
            },
            {
              "timestamp": 1766403042273,
              "username": "user27",
              "credentialPair": "user27:cGFzczI3",
              "success": false,
              "userAgent": "Mozilla/5.0",
              "sessionId": "session456",
              "tenantId": "tenant1"
            },
            {
              "timestamp": 1766403043274,
              "username": "user28",
              "credentialPair": "user28:cGFzczI4",
              "success": false,
              "userAgent": "Mozilla/5.0",
              "sessionId": "session456",
              "tenantId": "tenant1"
            },
            {
              "timestamp": 1766403044276,
              "username": "user29",
              "credentialPair": "user29:cGFzczI5",
              "success": false,
              "userAgent": "Mozilla/5.0",
              "sessionId": "session456",
              "tenantId": "tenant1"
            },
            {
              "timestamp": 1766403045282,
              "username": "user30",
              "credentialPair": "user30:cGFzczMw",
              "success": false,
              "userAgent": "Mozilla/5.0",
              "sessionId": "session456",
              "tenantId": "tenant1"
            },
            {
              "timestamp": 1766403046284,
              "username": "user31",
              "credentialPair": "user31:cGFzczMx",
              "success": false,
              "userAgent": "Mozilla/5.0",
              "sessionId": "session456",
              "tenantId": "tenant1"
            },
            {
              "timestamp": 1766403047285,
              "username": "user32",
              "credentialPair": "user32:cGFzczMy",
              "success": false,
              "userAgent": "Mozilla/5.0",
              "sessionId": "session456",
              "tenantId": "tenant1"
            },
            {
              "timestamp": 1766403048286,
              "username": "user33",
              "credentialPair": "user33:cGFzczMz",
              "success": false,
              "userAgent": "Mozilla/5.0",
              "sessionId": "session456",
              "tenantId": "tenant1"
            },
            {
              "timestamp": 1766403049287,
              "username": "user34",
              "credentialPair": "user34:cGFzczM0",
              "success": false,
              "userAgent": "Mozilla/5.0",
              "sessionId": "session456",
              "tenantId": "tenant1"
            },
            {
              "timestamp": 1766403050291,
              "username": "user35",
              "credentialPair": "user35:cGFzczM1",
              "success": false,
              "userAgent": "Mozilla/5.0",
              "sessionId": "session456",
              "tenantId": "tenant1"
            },
            {
              "timestamp": 1766403051293,
              "username": "user36",
              "credentialPair": "user36:cGFzczM2",
              "success": false,
              "userAgent": "Mozilla/5.0",
              "sessionId": "session456",
              "tenantId": "tenant1"
            },
            {
              "timestamp": 1766403052313,
              "username": "user37",
              "credentialPair": "user37:cGFzczM3",
              "success": false,
              "userAgent": "Mozilla/5.0",
              "sessionId": "session456",
              "tenantId": "tenant1"
            },
            {
              "timestamp": 1766403053314,
              "username": "user38",
              "credentialPair": "user38:cGFzczM4",
              "success": false,
              "userAgent": "Mozilla/5.0",
              "sessionId": "session456",
              "tenantId": "tenant1"
            },
            {
              "timestamp": 1766403054315,
              "username": "user39",
              "credentialPair": "user39:cGFzczM5",
              "success": false,
              "userAgent": "Mozilla/5.0",
              "sessionId": "session456",
              "tenantId": "tenant1"
            },
            {
              "timestamp": 1766403055316,
              "username": "user40",
              "credentialPair": "user40:cGFzczQw",
              "success": false,
              "userAgent": "Mozilla/5.0",
              "sessionId": "session456",
              "tenantId": "tenant1"
            },
            {
              "timestamp": 1766403056317,
              "username": "user41",
              "credentialPair": "user41:cGFzczQx",
              "success": false,
              "userAgent": "Mozilla/5.0",
              "sessionId": "session456",
              "tenantId": "tenant1"
            },
            {
              "timestamp": 1766403057319,
              "username": "user42",
              "credentialPair": "user42:cGFzczQy",
              "success": false,
              "userAgent": "Mozilla/5.0",
              "sessionId": "session456",
              "tenantId": "tenant1"
            },
            {
              "timestamp": 1766403058320,
              "username": "user43",
              "credentialPair": "user43:cGFzczQz",
              "success": false,
              "userAgent": "Mozilla/5.0",
              "sessionId": "session456",
              "tenantId": "tenant1"
            },
            {
              "timestamp": 1766403059321,
              "username": "user44",
              "credentialPair": "user44:cGFzczQ0",
              "success": false,
              "userAgent": "Mozilla/5.0",
              "sessionId": "session456",
              "tenantId": "tenant1"
            },
            {
              "timestamp": 1766403060323,
              "username": "user45",
              "credentialPair": "user45:cGFzczQ1",
              "success": false,
              "userAgent": "Mozilla/5.0",
              "sessionId": "session456",
              "tenantId": "tenant1"
            },
            {
              "timestamp": 1766403061324,
              "username": "user46",
              "credentialPair": "user46:cGFzczQ2",
              "success": false,
              "userAgent": "Mozilla/5.0",
              "sessionId": "session456",
              "tenantId": "tenant1"
            },
            {
              "timestamp": 1766403062327,
              "username": "user47",
              "credentialPair": "user47:cGFzczQ3",
              "success": false,
              "userAgent": "Mozilla/5.0",
              "sessionId": "session456",
              "tenantId": "tenant1"
            },
            {
              "timestamp": 1766403063328,
              "username": "user48",
              "credentialPair": "user48:cGFzczQ4",
              "success": false,
              "userAgent": "Mozilla/5.0",
              "sessionId": "session456",
              "tenantId": "tenant1"
            },
            {
              "timestamp": 1766403064329,
              "username": "user49",
              "credentialPair": "user49:cGFzczQ5",
              "success": false,
              "userAgent": "Mozilla/5.0",
              "sessionId": "session456",
              "tenantId": "tenant1"
            },
            {
              "timestamp": 1766403065332,
              "username": "user50",
              "credentialPair": "user50:cGFzczUw",
              "success": true,
              "userAgent": "Mozilla/5.0",
              "sessionId": "session456",
              "tenantId": "tenant1"
            },
            {
              "timestamp": 1766403066335,
              "username": "user51",
              "credentialPair": "user51:cGFzczUx",
              "success": false,
              "userAgent": "Mozilla/5.0",
              "sessionId": "session456",
              "tenantId": "tenant1"
            },
            {
              "timestamp": 1766403067337,
              "username": "user52",
              "credentialPair": "user52:cGFzczUy",
              "success": false,
              "userAgent": "Mozilla/5.0",
              "sessionId": "session456",
              "tenantId": "tenant1"
            },
            {
              "timestamp": 1766403068341,
              "username": "user53",
              "credentialPair": "user53:cGFzczUz",
              "success": false,
              "userAgent": "Mozilla/5.0",
              "sessionId": "session456",
              "tenantId": "tenant1"
            },
            {
              "timestamp": 1766403069348,
              "username": "user54",
              "credentialPair": "user54:cGFzczU0",
              "success": false,
              "userAgent": "Mozilla/5.0",
              "sessionId": "session456",
              "tenantId": "tenant1"
            }
          ],
          "credentialAnalysis": {
            "totalPairs": 55,
            "estimatedSource": "small_breach_or_targeted",
            "patternType": "manual"
          },
          "attackVector": "credential_stuffing"
        }
      }

      at Console.write [as log] (node_modules/winston/lib/wi
nston/transports/console.js:87:23)
          at Array.forEach (<anonymous>)

    console.log
      2025-12-22 13:30:15 [PLATFORM] [[31merror[39m]: 
Credential Stuffing Attack: credential_stuffing_breach_data 
{
        "platform": true,
        "ipAddress": "192.168.1.200",
        "uniqueCredentialPairs": 55,
        "uniqueUsernames": 55,
        "successRate": 0.03636363636363636,
        "potentialBreachSource": "small_breach_or_targeted",
        "violationType": "credential_stuffing_breach_data",
        "severity": "high",
        "description": "Credential stuffing using breach 
data detected",
        "forensicData": {
          "recentAttempts": [
            {
              "timestamp": 1766403020238,
              "username": "user5",
              "credentialPair": "user5:cGFzczU=",
              "success": false,
              "userAgent": "Mozilla/5.0",
              "sessionId": "session456",
              "tenantId": "tenant1"
            },
            {
              "timestamp": 1766403021238,
              "username": "user6",
              "credentialPair": "user6:cGFzczY=",
              "success": false,
              "userAgent": "Mozilla/5.0",
              "sessionId": "session456",
              "tenantId": "tenant1"
            },
            {
              "timestamp": 1766403022238,
              "username": "user7",
              "credentialPair": "user7:cGFzczc=",
              "success": false,
              "userAgent": "Mozilla/5.0",
              "sessionId": "session456",
              "tenantId": "tenant1"
            },
            {
              "timestamp": 1766403023238,
              "username": "user8",
              "credentialPair": "user8:cGFzczg=",
              "success": false,
              "userAgent": "Mozilla/5.0",
              "sessionId": "session456",
              "tenantId": "tenant1"
            },
            {
              "timestamp": 1766403024238,
              "username": "user9",
              "credentialPair": "user9:cGFzczk=",
              "success": false,
              "userAgent": "Mozilla/5.0",
              "sessionId": "session456",
              "tenantId": "tenant1"
            },
            {
              "timestamp": 1766403025238,
              "username": "user10",
              "credentialPair": "user10:cGFzczEw",
              "success": false,
              "userAgent": "Mozilla/5.0",
              "sessionId": "session456",
              "tenantId": "tenant1"
            },
            {
              "timestamp": 1766403026238,
              "username": "user11",
              "credentialPair": "user11:cGFzczEx",
              "success": false,
              "userAgent": "Mozilla/5.0",
              "sessionId": "session456",
              "tenantId": "tenant1"
            },
            {
              "timestamp": 1766403027238,
              "username": "user12",
              "credentialPair": "user12:cGFzczEy",
              "success": false,
              "userAgent": "Mozilla/5.0",
              "sessionId": "session456",
              "tenantId": "tenant1"
            },
            {
              "timestamp": 1766403028238,
              "username": "user13",
              "credentialPair": "user13:cGFzczEz",
              "success": false,
              "userAgent": "Mozilla/5.0",
              "sessionId": "session456",
              "tenantId": "tenant1"
            },
            {
              "timestamp": 1766403029238,
              "username": "user14",
              "credentialPair": "user14:cGFzczE0",
              "success": false,
              "userAgent": "Mozilla/5.0",
              "sessionId": "session456",
              "tenantId": "tenant1"
            },
            {
              "timestamp": 1766403030238,
              "username": "user15",
              "credentialPair": "user15:cGFzczE1",
              "success": false,
              "userAgent": "Mozilla/5.0",
              "sessionId": "session456",
              "tenantId": "tenant1"
            },
            {
              "timestamp": 1766403031238,
              "username": "user16",
              "credentialPair": "user16:cGFzczE2",
              "success": false,
              "userAgent": "Mozilla/5.0",
              "sessionId": "session456",
              "tenantId": "tenant1"
            },
            {
              "timestamp": 1766403032238,
              "username": "user17",
              "credentialPair": "user17:cGFzczE3",
              "success": false,
              "userAgent": "Mozilla/5.0",
              "sessionId": "session456",
              "tenantId": "tenant1"
            },
            {
              "timestamp": 1766403033238,
              "username": "user18",
              "credentialPair": "user18:cGFzczE4",
              "success": false,
              "userAgent": "Mozilla/5.0",
              "sessionId": "session456",
              "tenantId": "tenant1"
            },
            {
              "timestamp": 1766403034238,
              "username": "user19",
              "credentialPair": "user19:cGFzczE5",
              "success": false,
              "userAgent": "Mozilla/5.0",
              "sessionId": "session456",
              "tenantId": "tenant1"
            },
            {
              "timestamp": 1766403035240,
              "username": "user20",
              "credentialPair": "user20:cGFzczIw",
              "success": false,
              "userAgent": "Mozilla/5.0",
              "sessionId": "session456",
              "tenantId": "tenant1"
            },
            {
              "timestamp": 1766403036241,
              "username": "user21",
              "credentialPair": "user21:cGFzczIx",
              "success": false,
              "userAgent": "Mozilla/5.0",
              "sessionId": "session456",
              "tenantId": "tenant1"
            },
            {
              "timestamp": 1766403037252,
              "username": "user22",
              "credentialPair": "user22:cGFzczIy",
              "success": false,
              "userAgent": "Mozilla/5.0",
              "sessionId": "session456",
              "tenantId": "tenant1"
            },
            {
              "timestamp": 1766403038254,
              "username": "user23",
              "credentialPair": "user23:cGFzczIz",
              "success": false,
              "userAgent": "Mozilla/5.0",
              "sessionId": "session456",
              "tenantId": "tenant1"
            },
            {
              "timestamp": 1766403039258,
              "username": "user24",
              "credentialPair": "user24:cGFzczI0",
              "success": false,
              "userAgent": "Mozilla/5.0",
              "sessionId": "session456",
              "tenantId": "tenant1"
            },
            {
              "timestamp": 1766403040269,
              "username": "user25",
              "credentialPair": "user25:cGFzczI1",
              "success": false,
              "userAgent": "Mozilla/5.0",
              "sessionId": "session456",
              "tenantId": "tenant1"
            },
            {
              "timestamp": 1766403041271,
              "username": "user26",
              "credentialPair": "user26:cGFzczI2",
              "success": false,
              "userAgent": "Mozilla/5.0",
              "sessionId": "session456",
              "tenantId": "tenant1"
            },
            {
              "timestamp": 1766403042273,
              "username": "user27",
              "credentialPair": "user27:cGFzczI3",
              "success": false,
              "userAgent": "Mozilla/5.0",
              "sessionId": "session456",
              "tenantId": "tenant1"
            },
            {
              "timestamp": 1766403043274,
              "username": "user28",
              "credentialPair": "user28:cGFzczI4",
              "success": false,
              "userAgent": "Mozilla/5.0",
              "sessionId": "session456",
              "tenantId": "tenant1"
            },
            {
              "timestamp": 1766403044276,
              "username": "user29",
              "credentialPair": "user29:cGFzczI5",
              "success": false,
              "userAgent": "Mozilla/5.0",
              "sessionId": "session456",
              "tenantId": "tenant1"
            },
            {
              "timestamp": 1766403045282,
              "username": "user30",
              "credentialPair": "user30:cGFzczMw",
              "success": false,
              "userAgent": "Mozilla/5.0",
              "sessionId": "session456",
              "tenantId": "tenant1"
            },
            {
              "timestamp": 1766403046284,
              "username": "user31",
              "credentialPair": "user31:cGFzczMx",
              "success": false,
              "userAgent": "Mozilla/5.0",
              "sessionId": "session456",
              "tenantId": "tenant1"
            },
            {
              "timestamp": 1766403047285,
              "username": "user32",
              "credentialPair": "user32:cGFzczMy",
              "success": false,
              "userAgent": "Mozilla/5.0",
              "sessionId": "session456",
              "tenantId": "tenant1"
            },
            {
              "timestamp": 1766403048286,
              "username": "user33",
              "credentialPair": "user33:cGFzczMz",
              "success": false,
              "userAgent": "Mozilla/5.0",
              "sessionId": "session456",
              "tenantId": "tenant1"
            },
            {
              "timestamp": 1766403049287,
              "username": "user34",
              "credentialPair": "user34:cGFzczM0",
              "success": false,
              "userAgent": "Mozilla/5.0",
              "sessionId": "session456",
              "tenantId": "tenant1"
            },
            {
              "timestamp": 1766403050291,
              "username": "user35",
              "credentialPair": "user35:cGFzczM1",
              "success": false,
              "userAgent": "Mozilla/5.0",
              "sessionId": "session456",
              "tenantId": "tenant1"
            },
            {
              "timestamp": 1766403051293,
              "username": "user36",
              "credentialPair": "user36:cGFzczM2",
              "success": false,
              "userAgent": "Mozilla/5.0",
              "sessionId": "session456",
              "tenantId": "tenant1"
            },
            {
              "timestamp": 1766403052313,
              "username": "user37",
              "credentialPair": "user37:cGFzczM3",
              "success": false,
              "userAgent": "Mozilla/5.0",
              "sessionId": "session456",
              "tenantId": "tenant1"
            },
            {
              "timestamp": 1766403053314,
              "username": "user38",
              "credentialPair": "user38:cGFzczM4",
              "success": false,
              "userAgent": "Mozilla/5.0",
              "sessionId": "session456",
              "tenantId": "tenant1"
            },
            {
              "timestamp": 1766403054315,
              "username": "user39",
              "credentialPair": "user39:cGFzczM5",
              "success": false,
              "userAgent": "Mozilla/5.0",
              "sessionId": "session456",
              "tenantId": "tenant1"
            },
            {
              "timestamp": 1766403055316,
              "username": "user40",
              "credentialPair": "user40:cGFzczQw",
              "success": false,
              "userAgent": "Mozilla/5.0",
              "sessionId": "session456",
              "tenantId": "tenant1"
            },
            {
              "timestamp": 1766403056317,
              "username": "user41",
              "credentialPair": "user41:cGFzczQx",
              "success": false,
              "userAgent": "Mozilla/5.0",
              "sessionId": "session456",
              "tenantId": "tenant1"
            },
            {
              "timestamp": 1766403057319,
              "username": "user42",
              "credentialPair": "user42:cGFzczQy",
              "success": false,
              "userAgent": "Mozilla/5.0",
              "sessionId": "session456",
              "tenantId": "tenant1"
            },
            {
              "timestamp": 1766403058320,
              "username": "user43",
              "credentialPair": "user43:cGFzczQz",
              "success": false,
              "userAgent": "Mozilla/5.0",
              "sessionId": "session456",
              "tenantId": "tenant1"
            },
            {
              "timestamp": 1766403059321,
              "username": "user44",
              "credentialPair": "user44:cGFzczQ0",
              "success": false,
              "userAgent": "Mozilla/5.0",
              "sessionId": "session456",
              "tenantId": "tenant1"
            },
            {
              "timestamp": 1766403060323,
              "username": "user45",
              "credentialPair": "user45:cGFzczQ1",
              "success": false,
              "userAgent": "Mozilla/5.0",
              "sessionId": "session456",
              "tenantId": "tenant1"
            },
            {
              "timestamp": 1766403061324,
              "username": "user46",
              "credentialPair": "user46:cGFzczQ2",
              "success": false,
              "userAgent": "Mozilla/5.0",
              "sessionId": "session456",
              "tenantId": "tenant1"
            },
            {
              "timestamp": 1766403062327,
              "username": "user47",
              "credentialPair": "user47:cGFzczQ3",
              "success": false,
              "userAgent": "Mozilla/5.0",
              "sessionId": "session456",
              "tenantId": "tenant1"
            },
            {
              "timestamp": 1766403063328,
              "username": "user48",
              "credentialPair": "user48:cGFzczQ4",
              "success": false,
              "userAgent": "Mozilla/5.0",
              "sessionId": "session456",
              "tenantId": "tenant1"
            },
            {
              "timestamp": 1766403064329,
              "username": "user49",
              "credentialPair": "user49:cGFzczQ5",
              "success": false,
              "userAgent": "Mozilla/5.0",
              "sessionId": "session456",
              "tenantId": "tenant1"
            },
            {
              "timestamp": 1766403065332,
              "username": "user50",
              "credentialPair": "user50:cGFzczUw",
              "success": true,
              "userAgent": "Mozilla/5.0",
              "sessionId": "session456",
              "tenantId": "tenant1"
            },
            {
              "timestamp": 1766403066335,
              "username": "user51",
              "credentialPair": "user51:cGFzczUx",
              "success": false,
              "userAgent": "Mozilla/5.0",
              "sessionId": "session456",
              "tenantId": "tenant1"
            },
            {
              "timestamp": 1766403067337,
              "username": "user52",
              "credentialPair": "user52:cGFzczUy",
              "success": false,
              "userAgent": "Mozilla/5.0",
              "sessionId": "session456",
              "tenantId": "tenant1"
            },
            {
              "timestamp": 1766403068341,
              "username": "user53",
              "credentialPair": "user53:cGFzczUz",
              "success": false,
              "userAgent": "Mozilla/5.0",
              "sessionId": "session456",
              "tenantId": "tenant1"
            },
            {
              "timestamp": 1766403069348,
              "username": "user54",
              "credentialPair": "user54:cGFzczU0",
              "success": false,
              "userAgent": "Mozilla/5.0",
              "sessionId": "session456",
              "tenantId": "tenant1"
            }
          ],
          "credentialAnalysis": {
            "totalPairs": 55,
            "estimatedSource": "small_breach_or_targeted",
            "patternType": "manual"
          },
          "attackVector": "credential_stuffing"
        }
      }

      at Console.write [as log] (node_modules/winston/lib/wi
nston/transports/console.js:87:23)
          at Array.forEach (<anonymous>)

    console.log
      2025-12-22 13:30:15 [PLATFORM] [[31merror[39m]: 
Credential Stuffing Attack: credential_stuffing_volume {
        "platform": true,
        "ipAddress": "192.168.1.200",
        "totalAttempts": 56,
        "successRate": 0.03571428571428571,
        "uniqueCredentials": 56,
        "uniqueUsernames": 56,
        "timeWindow": 3600000,
        "violationType": "credential_stuffing_volume",
        "severity": "critical",
        "description": "Credential stuffing attack detected 
(high volume, low success)",
        "forensicData": {
          "recentAttempts": [
            {
              "timestamp": 1766403021238,
              "username": "user6",
              "credentialPair": "user6:cGFzczY=",
              "success": false,
              "userAgent": "Mozilla/5.0",
              "sessionId": "session456",
              "tenantId": "tenant1"
            },
            {
              "timestamp": 1766403022238,
              "username": "user7",
              "credentialPair": "user7:cGFzczc=",
              "success": false,
              "userAgent": "Mozilla/5.0",
              "sessionId": "session456",
              "tenantId": "tenant1"
            },
            {
              "timestamp": 1766403023238,
              "username": "user8",
              "credentialPair": "user8:cGFzczg=",
              "success": false,
              "userAgent": "Mozilla/5.0",
              "sessionId": "session456",
              "tenantId": "tenant1"
            },
            {
              "timestamp": 1766403024238,
              "username": "user9",
              "credentialPair": "user9:cGFzczk=",
              "success": false,
              "userAgent": "Mozilla/5.0",
              "sessionId": "session456",
              "tenantId": "tenant1"
            },
            {
              "timestamp": 1766403025238,
              "username": "user10",
              "credentialPair": "user10:cGFzczEw",
              "success": false,
              "userAgent": "Mozilla/5.0",
              "sessionId": "session456",
              "tenantId": "tenant1"
            },
            {
              "timestamp": 1766403026238,
              "username": "user11",
              "credentialPair": "user11:cGFzczEx",
              "success": false,
              "userAgent": "Mozilla/5.0",
              "sessionId": "session456",
              "tenantId": "tenant1"
            },
            {
              "timestamp": 1766403027238,
              "username": "user12",
              "credentialPair": "user12:cGFzczEy",
              "success": false,
              "userAgent": "Mozilla/5.0",
              "sessionId": "session456",
              "tenantId": "tenant1"
            },
            {
              "timestamp": 1766403028238,
              "username": "user13",
              "credentialPair": "user13:cGFzczEz",
              "success": false,
              "userAgent": "Mozilla/5.0",
              "sessionId": "session456",
              "tenantId": "tenant1"
            },
            {
              "timestamp": 1766403029238,
              "username": "user14",
              "credentialPair": "user14:cGFzczE0",
              "success": false,
              "userAgent": "Mozilla/5.0",
              "sessionId": "session456",
              "tenantId": "tenant1"
            },
            {
              "timestamp": 1766403030238,
              "username": "user15",
              "credentialPair": "user15:cGFzczE1",
              "success": false,
              "userAgent": "Mozilla/5.0",
              "sessionId": "session456",
              "tenantId": "tenant1"
            },
            {
              "timestamp": 1766403031238,
              "username": "user16",
              "credentialPair": "user16:cGFzczE2",
              "success": false,
              "userAgent": "Mozilla/5.0",
              "sessionId": "session456",
              "tenantId": "tenant1"
            },
            {
              "timestamp": 1766403032238,
              "username": "user17",
              "credentialPair": "user17:cGFzczE3",
              "success": false,
              "userAgent": "Mozilla/5.0",
              "sessionId": "session456",
              "tenantId": "tenant1"
            },
            {
              "timestamp": 1766403033238,
              "username": "user18",
              "credentialPair": "user18:cGFzczE4",
              "success": false,
              "userAgent": "Mozilla/5.0",
              "sessionId": "session456",
              "tenantId": "tenant1"
            },
            {
              "timestamp": 1766403034238,
              "username": "user19",
              "credentialPair": "user19:cGFzczE5",
              "success": false,
              "userAgent": "Mozilla/5.0",
              "sessionId": "session456",
              "tenantId": "tenant1"
            },
            {
              "timestamp": 1766403035240,
              "username": "user20",
              "credentialPair": "user20:cGFzczIw",
              "success": false,
              "userAgent": "Mozilla/5.0",
              "sessionId": "session456",
              "tenantId": "tenant1"
            },
            {
              "timestamp": 1766403036241,
              "username": "user21",
              "credentialPair": "user21:cGFzczIx",
              "success": false,
              "userAgent": "Mozilla/5.0",
              "sessionId": "session456",
              "tenantId": "tenant1"
            },
            {
              "timestamp": 1766403037252,
              "username": "user22",
              "credentialPair": "user22:cGFzczIy",
              "success": false,
              "userAgent": "Mozilla/5.0",
              "sessionId": "session456",
              "tenantId": "tenant1"
            },
            {
              "timestamp": 1766403038254,
              "username": "user23",
              "credentialPair": "user23:cGFzczIz",
              "success": false,
              "userAgent": "Mozilla/5.0",
              "sessionId": "session456",
              "tenantId": "tenant1"
            },
            {
              "timestamp": 1766403039258,
              "username": "user24",
              "credentialPair": "user24:cGFzczI0",
              "success": false,
              "userAgent": "Mozilla/5.0",
              "sessionId": "session456",
              "tenantId": "tenant1"
            },
            {
              "timestamp": 1766403040269,
              "username": "user25",
              "credentialPair": "user25:cGFzczI1",
              "success": false,
              "userAgent": "Mozilla/5.0",
              "sessionId": "session456",
              "tenantId": "tenant1"
            },
            {
              "timestamp": 1766403041271,
              "username": "user26",
              "credentialPair": "user26:cGFzczI2",
              "success": false,
              "userAgent": "Mozilla/5.0",
              "sessionId": "session456",
              "tenantId": "tenant1"
            },
            {
              "timestamp": 1766403042273,
              "username": "user27",
              "credentialPair": "user27:cGFzczI3",
              "success": false,
              "userAgent": "Mozilla/5.0",
              "sessionId": "session456",
              "tenantId": "tenant1"
            },
            {
              "timestamp": 1766403043274,
              "username": "user28",
              "credentialPair": "user28:cGFzczI4",
              "success": false,
              "userAgent": "Mozilla/5.0",
              "sessionId": "session456",
              "tenantId": "tenant1"
            },
            {
              "timestamp": 1766403044276,
              "username": "user29",
              "credentialPair": "user29:cGFzczI5",
              "success": false,
              "userAgent": "Mozilla/5.0",
              "sessionId": "session456",
              "tenantId": "tenant1"
            },
            {
              "timestamp": 1766403045282,
              "username": "user30",
              "credentialPair": "user30:cGFzczMw",
              "success": false,
              "userAgent": "Mozilla/5.0",
              "sessionId": "session456",
              "tenantId": "tenant1"
            },
            {
              "timestamp": 1766403046284,
              "username": "user31",
              "credentialPair": "user31:cGFzczMx",
              "success": false,
              "userAgent": "Mozilla/5.0",
              "sessionId": "session456",
              "tenantId": "tenant1"
            },
            {
              "timestamp": 1766403047285,
              "username": "user32",
              "credentialPair": "user32:cGFzczMy",
              "success": false,
              "userAgent": "Mozilla/5.0",
              "sessionId": "session456",
              "tenantId": "tenant1"
            },
            {
              "timestamp": 1766403048286,
              "username": "user33",
              "credentialPair": "user33:cGFzczMz",
              "success": false,
              "userAgent": "Mozilla/5.0",
              "sessionId": "session456",
              "tenantId": "tenant1"
            },
            {
              "timestamp": 1766403049287,
              "username": "user34",
              "credentialPair": "user34:cGFzczM0",
              "success": false,
              "userAgent": "Mozilla/5.0",
              "sessionId": "session456",
              "tenantId": "tenant1"
            },
            {
              "timestamp": 1766403050291,
              "username": "user35",
              "credentialPair": "user35:cGFzczM1",
              "success": false,
              "userAgent": "Mozilla/5.0",
              "sessionId": "session456",
              "tenantId": "tenant1"
            },
            {
              "timestamp": 1766403051293,
              "username": "user36",
              "credentialPair": "user36:cGFzczM2",
              "success": false,
              "userAgent": "Mozilla/5.0",
              "sessionId": "session456",
              "tenantId": "tenant1"
            },
            {
              "timestamp": 1766403052313,
              "username": "user37",
              "credentialPair": "user37:cGFzczM3",
              "success": false,
              "userAgent": "Mozilla/5.0",
              "sessionId": "session456",
              "tenantId": "tenant1"
            },
            {
              "timestamp": 1766403053314,
              "username": "user38",
              "credentialPair": "user38:cGFzczM4",
              "success": false,
              "userAgent": "Mozilla/5.0",
              "sessionId": "session456",
              "tenantId": "tenant1"
            },
            {
              "timestamp": 1766403054315,
              "username": "user39",
              "credentialPair": "user39:cGFzczM5",
              "success": false,
              "userAgent": "Mozilla/5.0",
              "sessionId": "session456",
              "tenantId": "tenant1"
            },
            {
              "timestamp": 1766403055316,
              "username": "user40",
              "credentialPair": "user40:cGFzczQw",
              "success": false,
              "userAgent": "Mozilla/5.0",
              "sessionId": "session456",
              "tenantId": "tenant1"
            },
            {
              "timestamp": 1766403056317,
              "username": "user41",
              "credentialPair": "user41:cGFzczQx",
              "success": false,
              "userAgent": "Mozilla/5.0",
              "sessionId": "session456",
              "tenantId": "tenant1"
            },
            {
              "timestamp": 1766403057319,
              "username": "user42",
              "credentialPair": "user42:cGFzczQy",
              "success": false,
              "userAgent": "Mozilla/5.0",
              "sessionId": "session456",
              "tenantId": "tenant1"
            },
            {
              "timestamp": 1766403058320,
              "username": "user43",
              "credentialPair": "user43:cGFzczQz",
              "success": false,
              "userAgent": "Mozilla/5.0",
              "sessionId": "session456",
              "tenantId": "tenant1"
            },
            {
              "timestamp": 1766403059321,
              "username": "user44",
              "credentialPair": "user44:cGFzczQ0",
              "success": false,
              "userAgent": "Mozilla/5.0",
              "sessionId": "session456",
              "tenantId": "tenant1"
            },
            {
              "timestamp": 1766403060323,
              "username": "user45",
              "credentialPair": "user45:cGFzczQ1",
              "success": false,
              "userAgent": "Mozilla/5.0",
              "sessionId": "session456",
              "tenantId": "tenant1"
            },
            {
              "timestamp": 1766403061324,
              "username": "user46",
              "credentialPair": "user46:cGFzczQ2",
              "success": false,
              "userAgent": "Mozilla/5.0",
              "sessionId": "session456",
              "tenantId": "tenant1"
            },
            {
              "timestamp": 1766403062327,
              "username": "user47",
              "credentialPair": "user47:cGFzczQ3",
              "success": false,
              "userAgent": "Mozilla/5.0",
              "sessionId": "session456",
              "tenantId": "tenant1"
            },
            {
              "timestamp": 1766403063328,
              "username": "user48",
              "credentialPair": "user48:cGFzczQ4",
              "success": false,
              "userAgent": "Mozilla/5.0",
              "sessionId": "session456",
              "tenantId": "tenant1"
            },
            {
              "timestamp": 1766403064329,
              "username": "user49",
              "credentialPair": "user49:cGFzczQ5",
              "success": false,
              "userAgent": "Mozilla/5.0",
              "sessionId": "session456",
              "tenantId": "tenant1"
            },
            {
              "timestamp": 1766403065332,
              "username": "user50",
              "credentialPair": "user50:cGFzczUw",
              "success": true,
              "userAgent": "Mozilla/5.0",
              "sessionId": "session456",
              "tenantId": "tenant1"
            },
            {
              "timestamp": 1766403066335,
              "username": "user51",
              "credentialPair": "user51:cGFzczUx",
              "success": false,
              "userAgent": "Mozilla/5.0",
              "sessionId": "session456",
              "tenantId": "tenant1"
            },
            {
              "timestamp": 1766403067337,
              "username": "user52",
              "credentialPair": "user52:cGFzczUy",
              "success": false,
              "userAgent": "Mozilla/5.0",
              "sessionId": "session456",
              "tenantId": "tenant1"
            },
            {
              "timestamp": 1766403068341,
              "username": "user53",
              "credentialPair": "user53:cGFzczUz",
              "success": false,
              "userAgent": "Mozilla/5.0",
              "sessionId": "session456",
              "tenantId": "tenant1"
            },
            {
              "timestamp": 1766403069348,
              "username": "user54",
              "credentialPair": "user54:cGFzczU0",
              "success": false,
              "userAgent": "Mozilla/5.0",
              "sessionId": "session456",
              "tenantId": "tenant1"
            },
            {
              "timestamp": 1766403070353,
              "username": "user55",
              "credentialPair": "user55:cGFzczU1",
              "success": false,
              "userAgent": "Mozilla/5.0",
              "sessionId": "session456",
              "tenantId": "tenant1"
            }
          ],
          "credentialAnalysis": {
            "totalPairs": 56,
            "estimatedSource": "small_breach_or_targeted",
            "patternType": "manual"
          },
          "attackVector": "credential_stuffing"
        }
      }

      at Console.write [as log] (node_modules/winston/lib/wi
nston/transports/console.js:87:23)
          at Array.forEach (<anonymous>)

    console.log
      2025-12-22 13:30:15 [PLATFORM] [[31merror[39m]: 
Credential Stuffing Attack: credential_stuffing_breach_data 
{
        "platform": true,
        "ipAddress": "192.168.1.200",
        "uniqueCredentialPairs": 56,
        "uniqueUsernames": 56,
        "successRate": 0.03571428571428571,
        "potentialBreachSource": "small_breach_or_targeted",
        "violationType": "credential_stuffing_breach_data",
        "severity": "high",
        "description": "Credential stuffing using breach 
data detected",
        "forensicData": {
          "recentAttempts": [
            {
              "timestamp": 1766403021238,
              "username": "user6",
              "credentialPair": "user6:cGFzczY=",
              "success": false,
              "userAgent": "Mozilla/5.0",
              "sessionId": "session456",
              "tenantId": "tenant1"
            },
            {
              "timestamp": 1766403022238,
              "username": "user7",
              "credentialPair": "user7:cGFzczc=",
              "success": false,
              "userAgent": "Mozilla/5.0",
              "sessionId": "session456",
              "tenantId": "tenant1"
            },
            {
              "timestamp": 1766403023238,
              "username": "user8",
              "credentialPair": "user8:cGFzczg=",
              "success": false,
              "userAgent": "Mozilla/5.0",
              "sessionId": "session456",
              "tenantId": "tenant1"
            },
            {
              "timestamp": 1766403024238,
              "username": "user9",
              "credentialPair": "user9:cGFzczk=",
              "success": false,
              "userAgent": "Mozilla/5.0",
              "sessionId": "session456",
              "tenantId": "tenant1"
            },
            {
              "timestamp": 1766403025238,
              "username": "user10",
              "credentialPair": "user10:cGFzczEw",
              "success": false,
              "userAgent": "Mozilla/5.0",
              "sessionId": "session456",
              "tenantId": "tenant1"
            },
            {
              "timestamp": 1766403026238,
              "username": "user11",
              "credentialPair": "user11:cGFzczEx",
              "success": false,
              "userAgent": "Mozilla/5.0",
              "sessionId": "session456",
              "tenantId": "tenant1"
            },
            {
              "timestamp": 1766403027238,
              "username": "user12",
              "credentialPair": "user12:cGFzczEy",
              "success": false,
              "userAgent": "Mozilla/5.0",
              "sessionId": "session456",
              "tenantId": "tenant1"
            },
            {
              "timestamp": 1766403028238,
              "username": "user13",
              "credentialPair": "user13:cGFzczEz",
              "success": false,
              "userAgent": "Mozilla/5.0",
              "sessionId": "session456",
              "tenantId": "tenant1"
            },
            {
              "timestamp": 1766403029238,
              "username": "user14",
              "credentialPair": "user14:cGFzczE0",
              "success": false,
              "userAgent": "Mozilla/5.0",
              "sessionId": "session456",
              "tenantId": "tenant1"
            },
            {
              "timestamp": 1766403030238,
              "username": "user15",
              "credentialPair": "user15:cGFzczE1",
              "success": false,
              "userAgent": "Mozilla/5.0",
              "sessionId": "session456",
              "tenantId": "tenant1"
            },
            {
              "timestamp": 1766403031238,
              "username": "user16",
              "credentialPair": "user16:cGFzczE2",
              "success": false,
              "userAgent": "Mozilla/5.0",
              "sessionId": "session456",
              "tenantId": "tenant1"
            },
            {
              "timestamp": 1766403032238,
              "username": "user17",
              "credentialPair": "user17:cGFzczE3",
              "success": false,
              "userAgent": "Mozilla/5.0",
              "sessionId": "session456",
              "tenantId": "tenant1"
            },
            {
              "timestamp": 1766403033238,
              "username": "user18",
              "credentialPair": "user18:cGFzczE4",
              "success": false,
              "userAgent": "Mozilla/5.0",
              "sessionId": "session456",
              "tenantId": "tenant1"
            },
            {
              "timestamp": 1766403034238,
              "username": "user19",
              "credentialPair": "user19:cGFzczE5",
              "success": false,
              "userAgent": "Mozilla/5.0",
              "sessionId": "session456",
              "tenantId": "tenant1"
            },
            {
              "timestamp": 1766403035240,
              "username": "user20",
              "credentialPair": "user20:cGFzczIw",
              "success": false,
              "userAgent": "Mozilla/5.0",
              "sessionId": "session456",
              "tenantId": "tenant1"
            },
            {
              "timestamp": 1766403036241,
              "username": "user21",
              "credentialPair": "user21:cGFzczIx",
              "success": false,
              "userAgent": "Mozilla/5.0",
              "sessionId": "session456",
              "tenantId": "tenant1"
            },
            {
              "timestamp": 1766403037252,
              "username": "user22",
              "credentialPair": "user22:cGFzczIy",
              "success": false,
              "userAgent": "Mozilla/5.0",
              "sessionId": "session456",
              "tenantId": "tenant1"
            },
            {
              "timestamp": 1766403038254,
              "username": "user23",
              "credentialPair": "user23:cGFzczIz",
              "success": false,
              "userAgent": "Mozilla/5.0",
              "sessionId": "session456",
              "tenantId": "tenant1"
            },
            {
              "timestamp": 1766403039258,
              "username": "user24",
              "credentialPair": "user24:cGFzczI0",
              "success": false,
              "userAgent": "Mozilla/5.0",
              "sessionId": "session456",
              "tenantId": "tenant1"
            },
            {
              "timestamp": 1766403040269,
              "username": "user25",
              "credentialPair": "user25:cGFzczI1",
              "success": false,
              "userAgent": "Mozilla/5.0",
              "sessionId": "session456",
              "tenantId": "tenant1"
            },
            {
              "timestamp": 1766403041271,
              "username": "user26",
              "credentialPair": "user26:cGFzczI2",
              "success": false,
              "userAgent": "Mozilla/5.0",
              "sessionId": "session456",
              "tenantId": "tenant1"
            },
            {
              "timestamp": 1766403042273,
              "username": "user27",
              "credentialPair": "user27:cGFzczI3",
              "success": false,
              "userAgent": "Mozilla/5.0",
              "sessionId": "session456",
              "tenantId": "tenant1"
            },
            {
              "timestamp": 1766403043274,
              "username": "user28",
              "credentialPair": "user28:cGFzczI4",
              "success": false,
              "userAgent": "Mozilla/5.0",
              "sessionId": "session456",
              "tenantId": "tenant1"
            },
            {
              "timestamp": 1766403044276,
              "username": "user29",
              "credentialPair": "user29:cGFzczI5",
              "success": false,
              "userAgent": "Mozilla/5.0",
              "sessionId": "session456",
              "tenantId": "tenant1"
            },
            {
              "timestamp": 1766403045282,
              "username": "user30",
              "credentialPair": "user30:cGFzczMw",
              "success": false,
              "userAgent": "Mozilla/5.0",
              "sessionId": "session456",
              "tenantId": "tenant1"
            },
            {
              "timestamp": 1766403046284,
              "username": "user31",
              "credentialPair": "user31:cGFzczMx",
              "success": false,
              "userAgent": "Mozilla/5.0",
              "sessionId": "session456",
              "tenantId": "tenant1"
            },
            {
              "timestamp": 1766403047285,
              "username": "user32",
              "credentialPair": "user32:cGFzczMy",
              "success": false,
              "userAgent": "Mozilla/5.0",
              "sessionId": "session456",
              "tenantId": "tenant1"
            },
            {
              "timestamp": 1766403048286,
              "username": "user33",
              "credentialPair": "user33:cGFzczMz",
              "success": false,
              "userAgent": "Mozilla/5.0",
              "sessionId": "session456",
              "tenantId": "tenant1"
            },
            {
              "timestamp": 1766403049287,
              "username": "user34",
              "credentialPair": "user34:cGFzczM0",
              "success": false,
              "userAgent": "Mozilla/5.0",
              "sessionId": "session456",
              "tenantId": "tenant1"
            },
            {
              "timestamp": 1766403050291,
              "username": "user35",
              "credentialPair": "user35:cGFzczM1",
              "success": false,
              "userAgent": "Mozilla/5.0",
              "sessionId": "session456",
              "tenantId": "tenant1"
            },
            {
              "timestamp": 1766403051293,
              "username": "user36",
              "credentialPair": "user36:cGFzczM2",
              "success": false,
              "userAgent": "Mozilla/5.0",
              "sessionId": "session456",
              "tenantId": "tenant1"
            },
            {
              "timestamp": 1766403052313,
              "username": "user37",
              "credentialPair": "user37:cGFzczM3",
              "success": false,
              "userAgent": "Mozilla/5.0",
              "sessionId": "session456",
              "tenantId": "tenant1"
            },
            {
              "timestamp": 1766403053314,
              "username": "user38",
              "credentialPair": "user38:cGFzczM4",
              "success": false,
              "userAgent": "Mozilla/5.0",
              "sessionId": "session456",
              "tenantId": "tenant1"
            },
            {
              "timestamp": 1766403054315,
              "username": "user39",
              "credentialPair": "user39:cGFzczM5",
              "success": false,
              "userAgent": "Mozilla/5.0",
              "sessionId": "session456",
              "tenantId": "tenant1"
            },
            {
              "timestamp": 1766403055316,
              "username": "user40",
              "credentialPair": "user40:cGFzczQw",
              "success": false,
              "userAgent": "Mozilla/5.0",
              "sessionId": "session456",
              "tenantId": "tenant1"
            },
            {
              "timestamp": 1766403056317,
              "username": "user41",
              "credentialPair": "user41:cGFzczQx",
              "success": false,
              "userAgent": "Mozilla/5.0",
              "sessionId": "session456",
              "tenantId": "tenant1"
            },
            {
              "timestamp": 1766403057319,
              "username": "user42",
              "credentialPair": "user42:cGFzczQy",
              "success": false,
              "userAgent": "Mozilla/5.0",
              "sessionId": "session456",
              "tenantId": "tenant1"
            },
            {
              "timestamp": 1766403058320,
              "username": "user43",
              "credentialPair": "user43:cGFzczQz",
              "success": false,
              "userAgent": "Mozilla/5.0",
              "sessionId": "session456",
              "tenantId": "tenant1"
            },
            {
              "timestamp": 1766403059321,
              "username": "user44",
              "credentialPair": "user44:cGFzczQ0",
              "success": false,
              "userAgent": "Mozilla/5.0",
              "sessionId": "session456",
              "tenantId": "tenant1"
            },
            {
              "timestamp": 1766403060323,
              "username": "user45",
              "credentialPair": "user45:cGFzczQ1",
              "success": false,
              "userAgent": "Mozilla/5.0",
              "sessionId": "session456",
              "tenantId": "tenant1"
            },
            {
              "timestamp": 1766403061324,
              "username": "user46",
              "credentialPair": "user46:cGFzczQ2",
              "success": false,
              "userAgent": "Mozilla/5.0",
              "sessionId": "session456",
              "tenantId": "tenant1"
            },
            {
              "timestamp": 1766403062327,
              "username": "user47",
              "credentialPair": "user47:cGFzczQ3",
              "success": false,
              "userAgent": "Mozilla/5.0",
              "sessionId": "session456",
              "tenantId": "tenant1"
            },
            {
              "timestamp": 1766403063328,
              "username": "user48",
              "credentialPair": "user48:cGFzczQ4",
              "success": false,
              "userAgent": "Mozilla/5.0",
              "sessionId": "session456",
              "tenantId": "tenant1"
            },
            {
              "timestamp": 1766403064329,
              "username": "user49",
              "credentialPair": "user49:cGFzczQ5",
              "success": false,
              "userAgent": "Mozilla/5.0",
              "sessionId": "session456",
              "tenantId": "tenant1"
            },
            {
              "timestamp": 1766403065332,
              "username": "user50",
              "credentialPair": "user50:cGFzczUw",
              "success": true,
              "userAgent": "Mozilla/5.0",
              "sessionId": "session456",
              "tenantId": "tenant1"
            },
            {
              "timestamp": 1766403066335,
              "username": "user51",
              "credentialPair": "user51:cGFzczUx",
              "success": false,
              "userAgent": "Mozilla/5.0",
              "sessionId": "session456",
              "tenantId": "tenant1"
            },
            {
              "timestamp": 1766403067337,
              "username": "user52",
              "credentialPair": "user52:cGFzczUy",
              "success": false,
              "userAgent": "Mozilla/5.0",
              "sessionId": "session456",
              "tenantId": "tenant1"
            },
            {
              "timestamp": 1766403068341,
              "username": "user53",
              "credentialPair": "user53:cGFzczUz",
              "success": false,
              "userAgent": "Mozilla/5.0",
              "sessionId": "session456",
              "tenantId": "tenant1"
            },
            {
              "timestamp": 1766403069348,
              "username": "user54",
              "credentialPair": "user54:cGFzczU0",
              "success": false,
              "userAgent": "Mozilla/5.0",
              "sessionId": "session456",
              "tenantId": "tenant1"
            },
            {
              "timestamp": 1766403070353,
              "username": "user55",
              "credentialPair": "user55:cGFzczU1",
              "success": false,
              "userAgent": "Mozilla/5.0",
              "sessionId": "session456",
              "tenantId": "tenant1"
            }
          ],
          "credentialAnalysis": {
            "totalPairs": 56,
            "estimatedSource": "small_breach_or_targeted",
            "patternType": "manual"
          },
          "attackVector": "credential_stuffing"
        }
      }

      at Console.write [as log] (node_modules/winston/lib/wi
nston/transports/console.js:87:23)
          at Array.forEach (<anonymous>)

    console.log
      2025-12-22 13:30:15 [PLATFORM] [[31merror[39m]: 
Credential Stuffing Attack: credential_stuffing_volume {
        "platform": true,
        "ipAddress": "192.168.1.200",
        "totalAttempts": 57,
        "successRate": 0.03508771929824561,
        "uniqueCredentials": 57,
        "uniqueUsernames": 57,
        "timeWindow": 3600000,
        "violationType": "credential_stuffing_volume",
        "severity": "critical",
        "description": "Credential stuffing attack detected 
(high volume, low success)",
        "forensicData": {
          "recentAttempts": [
            {
              "timestamp": 1766403022238,
              "username": "user7",
              "credentialPair": "user7:cGFzczc=",
              "success": false,
              "userAgent": "Mozilla/5.0",
              "sessionId": "session456",
              "tenantId": "tenant1"
            },
            {
              "timestamp": 1766403023238,
              "username": "user8",
              "credentialPair": "user8:cGFzczg=",
              "success": false,
              "userAgent": "Mozilla/5.0",
              "sessionId": "session456",
              "tenantId": "tenant1"
            },
            {
              "timestamp": 1766403024238,
              "username": "user9",
              "credentialPair": "user9:cGFzczk=",
              "success": false,
              "userAgent": "Mozilla/5.0",
              "sessionId": "session456",
              "tenantId": "tenant1"
            },
            {
              "timestamp": 1766403025238,
              "username": "user10",
              "credentialPair": "user10:cGFzczEw",
              "success": false,
              "userAgent": "Mozilla/5.0",
              "sessionId": "session456",
              "tenantId": "tenant1"
            },
            {
              "timestamp": 1766403026238,
              "username": "user11",
              "credentialPair": "user11:cGFzczEx",
              "success": false,
              "userAgent": "Mozilla/5.0",
              "sessionId": "session456",
              "tenantId": "tenant1"
            },
            {
              "timestamp": 1766403027238,
              "username": "user12",
              "credentialPair": "user12:cGFzczEy",
              "success": false,
              "userAgent": "Mozilla/5.0",
              "sessionId": "session456",
              "tenantId": "tenant1"
            },
            {
              "timestamp": 1766403028238,
              "username": "user13",
              "credentialPair": "user13:cGFzczEz",
              "success": false,
              "userAgent": "Mozilla/5.0",
              "sessionId": "session456",
              "tenantId": "tenant1"
            },
            {
              "timestamp": 1766403029238,
              "username": "user14",
              "credentialPair": "user14:cGFzczE0",
              "success": false,
              "userAgent": "Mozilla/5.0",
              "sessionId": "session456",
              "tenantId": "tenant1"
            },
            {
              "timestamp": 1766403030238,
              "username": "user15",
              "credentialPair": "user15:cGFzczE1",
              "success": false,
              "userAgent": "Mozilla/5.0",
              "sessionId": "session456",
              "tenantId": "tenant1"
            },
            {
              "timestamp": 1766403031238,
              "username": "user16",
              "credentialPair": "user16:cGFzczE2",
              "success": false,
              "userAgent": "Mozilla/5.0",
              "sessionId": "session456",
              "tenantId": "tenant1"
            },
            {
              "timestamp": 1766403032238,
              "username": "user17",
              "credentialPair": "user17:cGFzczE3",
              "success": false,
              "userAgent": "Mozilla/5.0",
              "sessionId": "session456",
              "tenantId": "tenant1"
            },
            {
              "timestamp": 1766403033238,
              "username": "user18",
              "credentialPair": "user18:cGFzczE4",
              "success": false,
              "userAgent": "Mozilla/5.0",
              "sessionId": "session456",
              "tenantId": "tenant1"
            },
            {
              "timestamp": 1766403034238,
              "username": "user19",
              "credentialPair": "user19:cGFzczE5",
              "success": false,
              "userAgent": "Mozilla/5.0",
              "sessionId": "session456",
              "tenantId": "tenant1"
            },
            {
              "timestamp": 1766403035240,
              "username": "user20",
              "credentialPair": "user20:cGFzczIw",
              "success": false,
              "userAgent": "Mozilla/5.0",
              "sessionId": "session456",
              "tenantId": "tenant1"
            },
            {
              "timestamp": 1766403036241,
              "username": "user21",
              "credentialPair": "user21:cGFzczIx",
              "success": false,
              "userAgent": "Mozilla/5.0",
              "sessionId": "session456",
              "tenantId": "tenant1"
            },
            {
              "timestamp": 1766403037252,
              "username": "user22",
              "credentialPair": "user22:cGFzczIy",
              "success": false,
              "userAgent": "Mozilla/5.0",
              "sessionId": "session456",
              "tenantId": "tenant1"
            },
            {
              "timestamp": 1766403038254,
              "username": "user23",
              "credentialPair": "user23:cGFzczIz",
              "success": false,
              "userAgent": "Mozilla/5.0",
              "sessionId": "session456",
              "tenantId": "tenant1"
            },
            {
              "timestamp": 1766403039258,
              "username": "user24",
              "credentialPair": "user24:cGFzczI0",
              "success": false,
              "userAgent": "Mozilla/5.0",
              "sessionId": "session456",
              "tenantId": "tenant1"
            },
            {
              "timestamp": 1766403040269,
              "username": "user25",
              "credentialPair": "user25:cGFzczI1",
              "success": false,
              "userAgent": "Mozilla/5.0",
              "sessionId": "session456",
              "tenantId": "tenant1"
            },
            {
              "timestamp": 1766403041271,
              "username": "user26",
              "credentialPair": "user26:cGFzczI2",
              "success": false,
              "userAgent": "Mozilla/5.0",
              "sessionId": "session456",
              "tenantId": "tenant1"
            },
            {
              "timestamp": 1766403042273,
              "username": "user27",
              "credentialPair": "user27:cGFzczI3",
              "success": false,
              "userAgent": "Mozilla/5.0",
              "sessionId": "session456",
              "tenantId": "tenant1"
            },
            {
              "timestamp": 1766403043274,
              "username": "user28",
              "credentialPair": "user28:cGFzczI4",
              "success": false,
              "userAgent": "Mozilla/5.0",
              "sessionId": "session456",
              "tenantId": "tenant1"
            },
            {
              "timestamp": 1766403044276,
              "username": "user29",
              "credentialPair": "user29:cGFzczI5",
              "success": false,
              "userAgent": "Mozilla/5.0",
              "sessionId": "session456",
              "tenantId": "tenant1"
            },
            {
              "timestamp": 1766403045282,
              "username": "user30",
              "credentialPair": "user30:cGFzczMw",
              "success": false,
              "userAgent": "Mozilla/5.0",
              "sessionId": "session456",
              "tenantId": "tenant1"
            },
            {
              "timestamp": 1766403046284,
              "username": "user31",
              "credentialPair": "user31:cGFzczMx",
              "success": false,
              "userAgent": "Mozilla/5.0",
              "sessionId": "session456",
              "tenantId": "tenant1"
            },
            {
              "timestamp": 1766403047285,
              "username": "user32",
              "credentialPair": "user32:cGFzczMy",
              "success": false,
              "userAgent": "Mozilla/5.0",
              "sessionId": "session456",
              "tenantId": "tenant1"
            },
            {
              "timestamp": 1766403048286,
              "username": "user33",
              "credentialPair": "user33:cGFzczMz",
              "success": false,
              "userAgent": "Mozilla/5.0",
              "sessionId": "session456",
              "tenantId": "tenant1"
            },
            {
              "timestamp": 1766403049287,
              "username": "user34",
              "credentialPair": "user34:cGFzczM0",
              "success": false,
              "userAgent": "Mozilla/5.0",
              "sessionId": "session456",
              "tenantId": "tenant1"
            },
            {
              "timestamp": 1766403050291,
              "username": "user35",
              "credentialPair": "user35:cGFzczM1",
              "success": false,
              "userAgent": "Mozilla/5.0",
              "sessionId": "session456",
              "tenantId": "tenant1"
            },
            {
              "timestamp": 1766403051293,
              "username": "user36",
              "credentialPair": "user36:cGFzczM2",
              "success": false,
              "userAgent": "Mozilla/5.0",
              "sessionId": "session456",
              "tenantId": "tenant1"
            },
            {
              "timestamp": 1766403052313,
              "username": "user37",
              "credentialPair": "user37:cGFzczM3",
              "success": false,
              "userAgent": "Mozilla/5.0",
              "sessionId": "session456",
              "tenantId": "tenant1"
            },
            {
              "timestamp": 1766403053314,
              "username": "user38",
              "credentialPair": "user38:cGFzczM4",
              "success": false,
              "userAgent": "Mozilla/5.0",
              "sessionId": "session456",
              "tenantId": "tenant1"
            },
            {
              "timestamp": 1766403054315,
              "username": "user39",
              "credentialPair": "user39:cGFzczM5",
              "success": false,
              "userAgent": "Mozilla/5.0",
              "sessionId": "session456",
              "tenantId": "tenant1"
            },
            {
              "timestamp": 1766403055316,
              "username": "user40",
              "credentialPair": "user40:cGFzczQw",
              "success": false,
              "userAgent": "Mozilla/5.0",
              "sessionId": "session456",
              "tenantId": "tenant1"
            },
            {
              "timestamp": 1766403056317,
              "username": "user41",
              "credentialPair": "user41:cGFzczQx",
              "success": false,
              "userAgent": "Mozilla/5.0",
              "sessionId": "session456",
              "tenantId": "tenant1"
            },
            {
              "timestamp": 1766403057319,
              "username": "user42",
              "credentialPair": "user42:cGFzczQy",
              "success": false,
              "userAgent": "Mozilla/5.0",
              "sessionId": "session456",
              "tenantId": "tenant1"
            },
            {
              "timestamp": 1766403058320,
              "username": "user43",
              "credentialPair": "user43:cGFzczQz",
              "success": false,
              "userAgent": "Mozilla/5.0",
              "sessionId": "session456",
              "tenantId": "tenant1"
            },
            {
              "timestamp": 1766403059321,
              "username": "user44",
              "credentialPair": "user44:cGFzczQ0",
              "success": false,
              "userAgent": "Mozilla/5.0",
              "sessionId": "session456",
              "tenantId": "tenant1"
            },
            {
              "timestamp": 1766403060323,
              "username": "user45",
              "credentialPair": "user45:cGFzczQ1",
              "success": false,
              "userAgent": "Mozilla/5.0",
              "sessionId": "session456",
              "tenantId": "tenant1"
            },
            {
              "timestamp": 1766403061324,
              "username": "user46",
              "credentialPair": "user46:cGFzczQ2",
              "success": false,
              "userAgent": "Mozilla/5.0",
              "sessionId": "session456",
              "tenantId": "tenant1"
            },
            {
              "timestamp": 1766403062327,
              "username": "user47",
              "credentialPair": "user47:cGFzczQ3",
              "success": false,
              "userAgent": "Mozilla/5.0",
              "sessionId": "session456",
              "tenantId": "tenant1"
            },
            {
              "timestamp": 1766403063328,
              "username": "user48",
              "credentialPair": "user48:cGFzczQ4",
              "success": false,
              "userAgent": "Mozilla/5.0",
              "sessionId": "session456",
              "tenantId": "tenant1"
            },
            {
              "timestamp": 1766403064329,
              "username": "user49",
              "credentialPair": "user49:cGFzczQ5",
              "success": false,
              "userAgent": "Mozilla/5.0",
              "sessionId": "session456",
              "tenantId": "tenant1"
            },
            {
              "timestamp": 1766403065332,
              "username": "user50",
              "credentialPair": "user50:cGFzczUw",
              "success": true,
              "userAgent": "Mozilla/5.0",
              "sessionId": "session456",
              "tenantId": "tenant1"
            },
            {
              "timestamp": 1766403066335,
              "username": "user51",
              "credentialPair": "user51:cGFzczUx",
              "success": false,
              "userAgent": "Mozilla/5.0",
              "sessionId": "session456",
              "tenantId": "tenant1"
            },
            {
              "timestamp": 1766403067337,
              "username": "user52",
              "credentialPair": "user52:cGFzczUy",
              "success": false,
              "userAgent": "Mozilla/5.0",
              "sessionId": "session456",
              "tenantId": "tenant1"
            },
            {
              "timestamp": 1766403068341,
              "username": "user53",
              "credentialPair": "user53:cGFzczUz",
              "success": false,
              "userAgent": "Mozilla/5.0",
              "sessionId": "session456",
              "tenantId": "tenant1"
            },
            {
              "timestamp": 1766403069348,
              "username": "user54",
              "credentialPair": "user54:cGFzczU0",
              "success": false,
              "userAgent": "Mozilla/5.0",
              "sessionId": "session456",
              "tenantId": "tenant1"
            },
            {
              "timestamp": 1766403070353,
              "username": "user55",
              "credentialPair": "user55:cGFzczU1",
              "success": false,
              "userAgent": "Mozilla/5.0",
              "sessionId": "session456",
              "tenantId": "tenant1"
            },
            {
              "timestamp": 1766403071355,
              "username": "user56",
              "credentialPair": "user56:cGFzczU2",
              "success": false,
              "userAgent": "Mozilla/5.0",
              "sessionId": "session456",
              "tenantId": "tenant1"
            }
          ],
          "credentialAnalysis": {
            "totalPairs": 57,
            "estimatedSource": "small_breach_or_targeted",
            "patternType": "manual"
          },
          "attackVector": "credential_stuffing"
        }
      }

      at Console.write [as log] (node_modules/winston/lib/wi
nston/transports/console.js:87:23)
          at Array.forEach (<anonymous>)

    console.log
      2025-12-22 13:30:15 [PLATFORM] [[31merror[39m]: 
Credential Stuffing Attack: credential_stuffing_breach_data 
{
        "platform": true,
        "ipAddress": "192.168.1.200",
        "uniqueCredentialPairs": 57,
        "uniqueUsernames": 57,
        "successRate": 0.03508771929824561,
        "potentialBreachSource": "small_breach_or_targeted",
        "violationType": "credential_stuffing_breach_data",
        "severity": "high",
        "description": "Credential stuffing using breach 
data detected",
        "forensicData": {
          "recentAttempts": [
            {
              "timestamp": 1766403022238,
              "username": "user7",
              "credentialPair": "user7:cGFzczc=",
              "success": false,
              "userAgent": "Mozilla/5.0",
              "sessionId": "session456",
              "tenantId": "tenant1"
            },
            {
              "timestamp": 1766403023238,
              "username": "user8",
              "credentialPair": "user8:cGFzczg=",
              "success": false,
              "userAgent": "Mozilla/5.0",
              "sessionId": "session456",
              "tenantId": "tenant1"
            },
            {
              "timestamp": 1766403024238,
              "username": "user9",
              "credentialPair": "user9:cGFzczk=",
              "success": false,
              "userAgent": "Mozilla/5.0",
              "sessionId": "session456",
              "tenantId": "tenant1"
            },
            {
              "timestamp": 1766403025238,
              "username": "user10",
              "credentialPair": "user10:cGFzczEw",
              "success": false,
              "userAgent": "Mozilla/5.0",
              "sessionId": "session456",
              "tenantId": "tenant1"
            },
            {
              "timestamp": 1766403026238,
              "username": "user11",
              "credentialPair": "user11:cGFzczEx",
              "success": false,
              "userAgent": "Mozilla/5.0",
              "sessionId": "session456",
              "tenantId": "tenant1"
            },
            {
              "timestamp": 1766403027238,
              "username": "user12",
              "credentialPair": "user12:cGFzczEy",
              "success": false,
              "userAgent": "Mozilla/5.0",
              "sessionId": "session456",
              "tenantId": "tenant1"
            },
            {
              "timestamp": 1766403028238,
              "username": "user13",
              "credentialPair": "user13:cGFzczEz",
              "success": false,
              "userAgent": "Mozilla/5.0",
              "sessionId": "session456",
              "tenantId": "tenant1"
            },
            {
              "timestamp": 1766403029238,
              "username": "user14",
              "credentialPair": "user14:cGFzczE0",
              "success": false,
              "userAgent": "Mozilla/5.0",
              "sessionId": "session456",
              "tenantId": "tenant1"
            },
            {
              "timestamp": 1766403030238,
              "username": "user15",
              "credentialPair": "user15:cGFzczE1",
              "success": false,
              "userAgent": "Mozilla/5.0",
              "sessionId": "session456",
              "tenantId": "tenant1"
            },
            {
              "timestamp": 1766403031238,
              "username": "user16",
              "credentialPair": "user16:cGFzczE2",
              "success": false,
              "userAgent": "Mozilla/5.0",
              "sessionId": "session456",
              "tenantId": "tenant1"
            },
            {
              "timestamp": 1766403032238,
              "username": "user17",
              "credentialPair": "user17:cGFzczE3",
              "success": false,
              "userAgent": "Mozilla/5.0",
              "sessionId": "session456",
              "tenantId": "tenant1"
            },
            {
              "timestamp": 1766403033238,
              "username": "user18",
              "credentialPair": "user18:cGFzczE4",
              "success": false,
              "userAgent": "Mozilla/5.0",
              "sessionId": "session456",
              "tenantId": "tenant1"
            },
            {
              "timestamp": 1766403034238,
              "username": "user19",
              "credentialPair": "user19:cGFzczE5",
              "success": false,
              "userAgent": "Mozilla/5.0",
              "sessionId": "session456",
              "tenantId": "tenant1"
            },
            {
              "timestamp": 1766403035240,
              "username": "user20",
              "credentialPair": "user20:cGFzczIw",
              "success": false,
              "userAgent": "Mozilla/5.0",
              "sessionId": "session456",
              "tenantId": "tenant1"
            },
            {
              "timestamp": 1766403036241,
              "username": "user21",
              "credentialPair": "user21:cGFzczIx",
              "success": false,
              "userAgent": "Mozilla/5.0",
              "sessionId": "session456",
              "tenantId": "tenant1"
            },
            {
              "timestamp": 1766403037252,
              "username": "user22",
              "credentialPair": "user22:cGFzczIy",
              "success": false,
              "userAgent": "Mozilla/5.0",
              "sessionId": "session456",
              "tenantId": "tenant1"
            },
            {
              "timestamp": 1766403038254,
              "username": "user23",
              "credentialPair": "user23:cGFzczIz",
              "success": false,
              "userAgent": "Mozilla/5.0",
              "sessionId": "session456",
              "tenantId": "tenant1"
            },
            {
              "timestamp": 1766403039258,
              "username": "user24",
              "credentialPair": "user24:cGFzczI0",
              "success": false,
              "userAgent": "Mozilla/5.0",
              "sessionId": "session456",
              "tenantId": "tenant1"
            },
            {
              "timestamp": 1766403040269,
              "username": "user25",
              "credentialPair": "user25:cGFzczI1",
              "success": false,
              "userAgent": "Mozilla/5.0",
              "sessionId": "session456",
              "tenantId": "tenant1"
            },
            {
              "timestamp": 1766403041271,
              "username": "user26",
              "credentialPair": "user26:cGFzczI2",
              "success": false,
              "userAgent": "Mozilla/5.0",
              "sessionId": "session456",
              "tenantId": "tenant1"
            },
            {
              "timestamp": 1766403042273,
              "username": "user27",
              "credentialPair": "user27:cGFzczI3",
              "success": false,
              "userAgent": "Mozilla/5.0",
              "sessionId": "session456",
              "tenantId": "tenant1"
            },
            {
              "timestamp": 1766403043274,
              "username": "user28",
              "credentialPair": "user28:cGFzczI4",
              "success": false,
              "userAgent": "Mozilla/5.0",
              "sessionId": "session456",
              "tenantId": "tenant1"
            },
            {
              "timestamp": 1766403044276,
              "username": "user29",
              "credentialPair": "user29:cGFzczI5",
              "success": false,
              "userAgent": "Mozilla/5.0",
              "sessionId": "session456",
              "tenantId": "tenant1"
            },
            {
              "timestamp": 1766403045282,
              "username": "user30",
              "credentialPair": "user30:cGFzczMw",
              "success": false,
              "userAgent": "Mozilla/5.0",
              "sessionId": "session456",
              "tenantId": "tenant1"
            },
            {
              "timestamp": 1766403046284,
              "username": "user31",
              "credentialPair": "user31:cGFzczMx",
              "success": false,
              "userAgent": "Mozilla/5.0",
              "sessionId": "session456",
              "tenantId": "tenant1"
            },
            {
              "timestamp": 1766403047285,
              "username": "user32",
              "credentialPair": "user32:cGFzczMy",
              "success": false,
              "userAgent": "Mozilla/5.0",
              "sessionId": "session456",
              "tenantId": "tenant1"
            },
            {
              "timestamp": 1766403048286,
              "username": "user33",
              "credentialPair": "user33:cGFzczMz",
              "success": false,
              "userAgent": "Mozilla/5.0",
              "sessionId": "session456",
              "tenantId": "tenant1"
            },
            {
              "timestamp": 1766403049287,
              "username": "user34",
              "credentialPair": "user34:cGFzczM0",
              "success": false,
              "userAgent": "Mozilla/5.0",
              "sessionId": "session456",
              "tenantId": "tenant1"
            },
            {
              "timestamp": 1766403050291,
              "username": "user35",
              "credentialPair": "user35:cGFzczM1",
              "success": false,
              "userAgent": "Mozilla/5.0",
              "sessionId": "session456",
              "tenantId": "tenant1"
            },
            {
              "timestamp": 1766403051293,
              "username": "user36",
              "credentialPair": "user36:cGFzczM2",
              "success": false,
              "userAgent": "Mozilla/5.0",
              "sessionId": "session456",
              "tenantId": "tenant1"
            },
            {
              "timestamp": 1766403052313,
              "username": "user37",
              "credentialPair": "user37:cGFzczM3",
              "success": false,
              "userAgent": "Mozilla/5.0",
              "sessionId": "session456",
              "tenantId": "tenant1"
            },
            {
              "timestamp": 1766403053314,
              "username": "user38",
              "credentialPair": "user38:cGFzczM4",
              "success": false,
              "userAgent": "Mozilla/5.0",
              "sessionId": "session456",
              "tenantId": "tenant1"
            },
            {
              "timestamp": 1766403054315,
              "username": "user39",
              "credentialPair": "user39:cGFzczM5",
              "success": false,
              "userAgent": "Mozilla/5.0",
              "sessionId": "session456",
              "tenantId": "tenant1"
            },
            {
              "timestamp": 1766403055316,
              "username": "user40",
              "credentialPair": "user40:cGFzczQw",
              "success": false,
              "userAgent": "Mozilla/5.0",
              "sessionId": "session456",
              "tenantId": "tenant1"
            },
            {
              "timestamp": 1766403056317,
              "username": "user41",
              "credentialPair": "user41:cGFzczQx",
              "success": false,
              "userAgent": "Mozilla/5.0",
              "sessionId": "session456",
              "tenantId": "tenant1"
            },
            {
              "timestamp": 1766403057319,
              "username": "user42",
              "credentialPair": "user42:cGFzczQy",
              "success": false,
              "userAgent": "Mozilla/5.0",
              "sessionId": "session456",
              "tenantId": "tenant1"
            },
            {
              "timestamp": 1766403058320,
              "username": "user43",
              "credentialPair": "user43:cGFzczQz",
              "success": false,
              "userAgent": "Mozilla/5.0",
              "sessionId": "session456",
              "tenantId": "tenant1"
            },
            {
              "timestamp": 1766403059321,
              "username": "user44",
              "credentialPair": "user44:cGFzczQ0",
              "success": false,
              "userAgent": "Mozilla/5.0",
              "sessionId": "session456",
              "tenantId": "tenant1"
            },
            {
              "timestamp": 1766403060323,
              "username": "user45",
              "credentialPair": "user45:cGFzczQ1",
              "success": false,
              "userAgent": "Mozilla/5.0",
              "sessionId": "session456",
              "tenantId": "tenant1"
            },
            {
              "timestamp": 1766403061324,
              "username": "user46",
              "credentialPair": "user46:cGFzczQ2",
              "success": false,
              "userAgent": "Mozilla/5.0",
              "sessionId": "session456",
              "tenantId": "tenant1"
            },
            {
              "timestamp": 1766403062327,
              "username": "user47",
              "credentialPair": "user47:cGFzczQ3",
              "success": false,
              "userAgent": "Mozilla/5.0",
              "sessionId": "session456",
              "tenantId": "tenant1"
            },
            {
              "timestamp": 1766403063328,
              "username": "user48",
              "credentialPair": "user48:cGFzczQ4",
              "success": false,
              "userAgent": "Mozilla/5.0",
              "sessionId": "session456",
              "tenantId": "tenant1"
            },
            {
              "timestamp": 1766403064329,
              "username": "user49",
              "credentialPair": "user49:cGFzczQ5",
              "success": false,
              "userAgent": "Mozilla/5.0",
              "sessionId": "session456",
              "tenantId": "tenant1"
            },
            {
              "timestamp": 1766403065332,
              "username": "user50",
              "credentialPair": "user50:cGFzczUw",
              "success": true,
              "userAgent": "Mozilla/5.0",
              "sessionId": "session456",
              "tenantId": "tenant1"
            },
            {
              "timestamp": 1766403066335,
              "username": "user51",
              "credentialPair": "user51:cGFzczUx",
              "success": false,
              "userAgent": "Mozilla/5.0",
              "sessionId": "session456",
              "tenantId": "tenant1"
            },
            {
              "timestamp": 1766403067337,
              "username": "user52",
              "credentialPair": "user52:cGFzczUy",
              "success": false,
              "userAgent": "Mozilla/5.0",
              "sessionId": "session456",
              "tenantId": "tenant1"
            },
            {
              "timestamp": 1766403068341,
              "username": "user53",
              "credentialPair": "user53:cGFzczUz",
              "success": false,
              "userAgent": "Mozilla/5.0",
              "sessionId": "session456",
              "tenantId": "tenant1"
            },
            {
              "timestamp": 1766403069348,
              "username": "user54",
              "credentialPair": "user54:cGFzczU0",
              "success": false,
              "userAgent": "Mozilla/5.0",
              "sessionId": "session456",
              "tenantId": "tenant1"
            },
            {
              "timestamp": 1766403070353,
              "username": "user55",
              "credentialPair": "user55:cGFzczU1",
              "success": false,
              "userAgent": "Mozilla/5.0",
              "sessionId": "session456",
              "tenantId": "tenant1"
            },
            {
              "timestamp": 1766403071355,
              "username": "user56",
              "credentialPair": "user56:cGFzczU2",
              "success": false,
              "userAgent": "Mozilla/5.0",
              "sessionId": "session456",
              "tenantId": "tenant1"
            }
          ],
          "credentialAnalysis": {
            "totalPairs": 57,
            "estimatedSource": "small_breach_or_targeted",
            "patternType": "manual"
          },
          "attackVector": "credential_stuffing"
        }
      }

      at Console.write [as log] (node_modules/winston/lib/wi
nston/transports/console.js:87:23)
          at Array.forEach (<anonymous>)

    console.log
      2025-12-22 13:30:15 [PLATFORM] [[31merror[39m]: 
Credential Stuffing Attack: credential_stuffing_volume {
        "platform": true,
        "ipAddress": "192.168.1.200",
        "totalAttempts": 58,
        "successRate": 0.034482758620689655,
        "uniqueCredentials": 58,
        "uniqueUsernames": 58,
        "timeWindow": 3600000,
        "violationType": "credential_stuffing_volume",
        "severity": "critical",
        "description": "Credential stuffing attack detected 
(high volume, low success)",
        "forensicData": {
          "recentAttempts": [
            {
              "timestamp": 1766403023238,
              "username": "user8",
              "credentialPair": "user8:cGFzczg=",
              "success": false,
              "userAgent": "Mozilla/5.0",
              "sessionId": "session456",
              "tenantId": "tenant1"
            },
            {
              "timestamp": 1766403024238,
              "username": "user9",
              "credentialPair": "user9:cGFzczk=",
              "success": false,
              "userAgent": "Mozilla/5.0",
              "sessionId": "session456",
              "tenantId": "tenant1"
            },
            {
              "timestamp": 1766403025238,
              "username": "user10",
              "credentialPair": "user10:cGFzczEw",
              "success": false,
              "userAgent": "Mozilla/5.0",
              "sessionId": "session456",
              "tenantId": "tenant1"
            },
            {
              "timestamp": 1766403026238,
              "username": "user11",
              "credentialPair": "user11:cGFzczEx",
              "success": false,
              "userAgent": "Mozilla/5.0",
              "sessionId": "session456",
              "tenantId": "tenant1"
            },
            {
              "timestamp": 1766403027238,
              "username": "user12",
              "credentialPair": "user12:cGFzczEy",
              "success": false,
              "userAgent": "Mozilla/5.0",
              "sessionId": "session456",
              "tenantId": "tenant1"
            },
            {
              "timestamp": 1766403028238,
              "username": "user13",
              "credentialPair": "user13:cGFzczEz",
              "success": false,
              "userAgent": "Mozilla/5.0",
              "sessionId": "session456",
              "tenantId": "tenant1"
            },
            {
              "timestamp": 1766403029238,
              "username": "user14",
              "credentialPair": "user14:cGFzczE0",
              "success": false,
              "userAgent": "Mozilla/5.0",
              "sessionId": "session456",
              "tenantId": "tenant1"
            },
            {
              "timestamp": 1766403030238,
              "username": "user15",
              "credentialPair": "user15:cGFzczE1",
              "success": false,
              "userAgent": "Mozilla/5.0",
              "sessionId": "session456",
              "tenantId": "tenant1"
            },
            {
              "timestamp": 1766403031238,
              "username": "user16",
              "credentialPair": "user16:cGFzczE2",
              "success": false,
              "userAgent": "Mozilla/5.0",
              "sessionId": "session456",
              "tenantId": "tenant1"
            },
            {
              "timestamp": 1766403032238,
              "username": "user17",
              "credentialPair": "user17:cGFzczE3",
              "success": false,
              "userAgent": "Mozilla/5.0",
              "sessionId": "session456",
              "tenantId": "tenant1"
            },
            {
              "timestamp": 1766403033238,
              "username": "user18",
              "credentialPair": "user18:cGFzczE4",
              "success": false,
              "userAgent": "Mozilla/5.0",
              "sessionId": "session456",
              "tenantId": "tenant1"
            },
            {
              "timestamp": 1766403034238,
              "username": "user19",
              "credentialPair": "user19:cGFzczE5",
              "success": false,
              "userAgent": "Mozilla/5.0",
              "sessionId": "session456",
              "tenantId": "tenant1"
            },
            {
              "timestamp": 1766403035240,
              "username": "user20",
              "credentialPair": "user20:cGFzczIw",
              "success": false,
              "userAgent": "Mozilla/5.0",
              "sessionId": "session456",
              "tenantId": "tenant1"
            },
            {
              "timestamp": 1766403036241,
              "username": "user21",
              "credentialPair": "user21:cGFzczIx",
              "success": false,
              "userAgent": "Mozilla/5.0",
              "sessionId": "session456",
              "tenantId": "tenant1"
            },
            {
              "timestamp": 1766403037252,
              "username": "user22",
              "credentialPair": "user22:cGFzczIy",
              "success": false,
              "userAgent": "Mozilla/5.0",
              "sessionId": "session456",
              "tenantId": "tenant1"
            },
            {
              "timestamp": 1766403038254,
              "username": "user23",
              "credentialPair": "user23:cGFzczIz",
              "success": false,
              "userAgent": "Mozilla/5.0",
              "sessionId": "session456",
              "tenantId": "tenant1"
            },
            {
              "timestamp": 1766403039258,
              "username": "user24",
              "credentialPair": "user24:cGFzczI0",
              "success": false,
              "userAgent": "Mozilla/5.0",
              "sessionId": "session456",
              "tenantId": "tenant1"
            },
            {
              "timestamp": 1766403040269,
              "username": "user25",
              "credentialPair": "user25:cGFzczI1",
              "success": false,
              "userAgent": "Mozilla/5.0",
              "sessionId": "session456",
              "tenantId": "tenant1"
            },
            {
              "timestamp": 1766403041271,
              "username": "user26",
              "credentialPair": "user26:cGFzczI2",
              "success": false,
              "userAgent": "Mozilla/5.0",
              "sessionId": "session456",
              "tenantId": "tenant1"
            },
            {
              "timestamp": 1766403042273,
              "username": "user27",
              "credentialPair": "user27:cGFzczI3",
              "success": false,
              "userAgent": "Mozilla/5.0",
              "sessionId": "session456",
              "tenantId": "tenant1"
            },
            {
              "timestamp": 1766403043274,
              "username": "user28",
              "credentialPair": "user28:cGFzczI4",
              "success": false,
              "userAgent": "Mozilla/5.0",
              "sessionId": "session456",
              "tenantId": "tenant1"
            },
            {
              "timestamp": 1766403044276,
              "username": "user29",
              "credentialPair": "user29:cGFzczI5",
              "success": false,
              "userAgent": "Mozilla/5.0",
              "sessionId": "session456",
              "tenantId": "tenant1"
            },
            {
              "timestamp": 1766403045282,
              "username": "user30",
              "credentialPair": "user30:cGFzczMw",
              "success": false,
              "userAgent": "Mozilla/5.0",
              "sessionId": "session456",
              "tenantId": "tenant1"
            },
            {
              "timestamp": 1766403046284,
              "username": "user31",
              "credentialPair": "user31:cGFzczMx",
              "success": false,
              "userAgent": "Mozilla/5.0",
              "sessionId": "session456",
              "tenantId": "tenant1"
            },
            {
              "timestamp": 1766403047285,
              "username": "user32",
              "credentialPair": "user32:cGFzczMy",
              "success": false,
              "userAgent": "Mozilla/5.0",
              "sessionId": "session456",
              "tenantId": "tenant1"
            },
            {
              "timestamp": 1766403048286,
              "username": "user33",
              "credentialPair": "user33:cGFzczMz",
              "success": false,
              "userAgent": "Mozilla/5.0",
              "sessionId": "session456",
              "tenantId": "tenant1"
            },
            {
              "timestamp": 1766403049287,
              "username": "user34",
              "credentialPair": "user34:cGFzczM0",
              "success": false,
              "userAgent": "Mozilla/5.0",
              "sessionId": "session456",
              "tenantId": "tenant1"
            },
            {
              "timestamp": 1766403050291,
              "username": "user35",
              "credentialPair": "user35:cGFzczM1",
              "success": false,
              "userAgent": "Mozilla/5.0",
              "sessionId": "session456",
              "tenantId": "tenant1"
            },
            {
              "timestamp": 1766403051293,
              "username": "user36",
              "credentialPair": "user36:cGFzczM2",
              "success": false,
              "userAgent": "Mozilla/5.0",
              "sessionId": "session456",
              "tenantId": "tenant1"
            },
            {
              "timestamp": 1766403052313,
              "username": "user37",
              "credentialPair": "user37:cGFzczM3",
              "success": false,
              "userAgent": "Mozilla/5.0",
              "sessionId": "session456",
              "tenantId": "tenant1"
            },
            {
              "timestamp": 1766403053314,
              "username": "user38",
              "credentialPair": "user38:cGFzczM4",
              "success": false,
              "userAgent": "Mozilla/5.0",
              "sessionId": "session456",
              "tenantId": "tenant1"
            },
            {
              "timestamp": 1766403054315,
              "username": "user39",
              "credentialPair": "user39:cGFzczM5",
              "success": false,
              "userAgent": "Mozilla/5.0",
              "sessionId": "session456",
              "tenantId": "tenant1"
            },
            {
              "timestamp": 1766403055316,
              "username": "user40",
              "credentialPair": "user40:cGFzczQw",
              "success": false,
              "userAgent": "Mozilla/5.0",
              "sessionId": "session456",
              "tenantId": "tenant1"
            },
            {
              "timestamp": 1766403056317,
              "username": "user41",
              "credentialPair": "user41:cGFzczQx",
              "success": false,
              "userAgent": "Mozilla/5.0",
              "sessionId": "session456",
              "tenantId": "tenant1"
            },
            {
              "timestamp": 1766403057319,
              "username": "user42",
              "credentialPair": "user42:cGFzczQy",
              "success": false,
              "userAgent": "Mozilla/5.0",
              "sessionId": "session456",
              "tenantId": "tenant1"
            },
            {
              "timestamp": 1766403058320,
              "username": "user43",
              "credentialPair": "user43:cGFzczQz",
              "success": false,
              "userAgent": "Mozilla/5.0",
              "sessionId": "session456",
              "tenantId": "tenant1"
            },
            {
              "timestamp": 1766403059321,
              "username": "user44",
              "credentialPair": "user44:cGFzczQ0",
              "success": false,
              "userAgent": "Mozilla/5.0",
              "sessionId": "session456",
              "tenantId": "tenant1"
            },
            {
              "timestamp": 1766403060323,
              "username": "user45",
              "credentialPair": "user45:cGFzczQ1",
              "success": false,
              "userAgent": "Mozilla/5.0",
              "sessionId": "session456",
              "tenantId": "tenant1"
            },
            {
              "timestamp": 1766403061324,
              "username": "user46",
              "credentialPair": "user46:cGFzczQ2",
              "success": false,
              "userAgent": "Mozilla/5.0",
              "sessionId": "session456",
              "tenantId": "tenant1"
            },
            {
              "timestamp": 1766403062327,
              "username": "user47",
              "credentialPair": "user47:cGFzczQ3",
              "success": false,
              "userAgent": "Mozilla/5.0",
              "sessionId": "session456",
              "tenantId": "tenant1"
            },
            {
              "timestamp": 1766403063328,
              "username": "user48",
              "credentialPair": "user48:cGFzczQ4",
              "success": false,
              "userAgent": "Mozilla/5.0",
              "sessionId": "session456",
              "tenantId": "tenant1"
            },
            {
              "timestamp": 1766403064329,
              "username": "user49",
              "credentialPair": "user49:cGFzczQ5",
              "success": false,
              "userAgent": "Mozilla/5.0",
              "sessionId": "session456",
              "tenantId": "tenant1"
            },
            {
              "timestamp": 1766403065332,
              "username": "user50",
              "credentialPair": "user50:cGFzczUw",
              "success": true,
              "userAgent": "Mozilla/5.0",
              "sessionId": "session456",
              "tenantId": "tenant1"
            },
            {
              "timestamp": 1766403066335,
              "username": "user51",
              "credentialPair": "user51:cGFzczUx",
              "success": false,
              "userAgent": "Mozilla/5.0",
              "sessionId": "session456",
              "tenantId": "tenant1"
            },
            {
              "timestamp": 1766403067337,
              "username": "user52",
              "credentialPair": "user52:cGFzczUy",
              "success": false,
              "userAgent": "Mozilla/5.0",
              "sessionId": "session456",
              "tenantId": "tenant1"
            },
            {
              "timestamp": 1766403068341,
              "username": "user53",
              "credentialPair": "user53:cGFzczUz",
              "success": false,
              "userAgent": "Mozilla/5.0",
              "sessionId": "session456",
              "tenantId": "tenant1"
            },
            {
              "timestamp": 1766403069348,
              "username": "user54",
              "credentialPair": "user54:cGFzczU0",
              "success": false,
              "userAgent": "Mozilla/5.0",
              "sessionId": "session456",
              "tenantId": "tenant1"
            },
            {
              "timestamp": 1766403070353,
              "username": "user55",
              "credentialPair": "user55:cGFzczU1",
              "success": false,
              "userAgent": "Mozilla/5.0",
              "sessionId": "session456",
              "tenantId": "tenant1"
            },
            {
              "timestamp": 1766403071355,
              "username": "user56",
              "credentialPair": "user56:cGFzczU2",
              "success": false,
              "userAgent": "Mozilla/5.0",
              "sessionId": "session456",
              "tenantId": "tenant1"
            },
            {
              "timestamp": 1766403072358,
              "username": "user57",
              "credentialPair": "user57:cGFzczU3",
              "success": false,
              "userAgent": "Mozilla/5.0",
              "sessionId": "session456",
              "tenantId": "tenant1"
            }
          ],
          "credentialAnalysis": {
            "totalPairs": 58,
            "estimatedSource": "small_breach_or_targeted",
            "patternType": "manual"
          },
          "attackVector": "credential_stuffing"
        }
      }

      at Console.write [as log] (node_modules/winston/lib/wi
nston/transports/console.js:87:23)
          at Array.forEach (<anonymous>)

    console.log
      2025-12-22 13:30:15 [PLATFORM] [[31merror[39m]: 
Credential Stuffing Attack: credential_stuffing_breach_data 
{
        "platform": true,
        "ipAddress": "192.168.1.200",
        "uniqueCredentialPairs": 58,
        "uniqueUsernames": 58,
        "successRate": 0.034482758620689655,
        "potentialBreachSource": "small_breach_or_targeted",
        "violationType": "credential_stuffing_breach_data",
        "severity": "high",
        "description": "Credential stuffing using breach 
data detected",
        "forensicData": {
          "recentAttempts": [
            {
              "timestamp": 1766403023238,
              "username": "user8",
              "credentialPair": "user8:cGFzczg=",
              "success": false,
              "userAgent": "Mozilla/5.0",
              "sessionId": "session456",
              "tenantId": "tenant1"
            },
            {
              "timestamp": 1766403024238,
              "username": "user9",
              "credentialPair": "user9:cGFzczk=",
              "success": false,
              "userAgent": "Mozilla/5.0",
              "sessionId": "session456",
              "tenantId": "tenant1"
            },
            {
              "timestamp": 1766403025238,
              "username": "user10",
              "credentialPair": "user10:cGFzczEw",
              "success": false,
              "userAgent": "Mozilla/5.0",
              "sessionId": "session456",
              "tenantId": "tenant1"
            },
            {
              "timestamp": 1766403026238,
              "username": "user11",
              "credentialPair": "user11:cGFzczEx",
              "success": false,
              "userAgent": "Mozilla/5.0",
              "sessionId": "session456",
              "tenantId": "tenant1"
            },
            {
              "timestamp": 1766403027238,
              "username": "user12",
              "credentialPair": "user12:cGFzczEy",
              "success": false,
              "userAgent": "Mozilla/5.0",
              "sessionId": "session456",
              "tenantId": "tenant1"
            },
            {
              "timestamp": 1766403028238,
              "username": "user13",
              "credentialPair": "user13:cGFzczEz",
              "success": false,
              "userAgent": "Mozilla/5.0",
              "sessionId": "session456",
              "tenantId": "tenant1"
            },
            {
              "timestamp": 1766403029238,
              "username": "user14",
              "credentialPair": "user14:cGFzczE0",
              "success": false,
              "userAgent": "Mozilla/5.0",
              "sessionId": "session456",
              "tenantId": "tenant1"
            },
            {
              "timestamp": 1766403030238,
              "username": "user15",
              "credentialPair": "user15:cGFzczE1",
              "success": false,
              "userAgent": "Mozilla/5.0",
              "sessionId": "session456",
              "tenantId": "tenant1"
            },
            {
              "timestamp": 1766403031238,
              "username": "user16",
              "credentialPair": "user16:cGFzczE2",
              "success": false,
              "userAgent": "Mozilla/5.0",
              "sessionId": "session456",
              "tenantId": "tenant1"
            },
            {
              "timestamp": 1766403032238,
              "username": "user17",
              "credentialPair": "user17:cGFzczE3",
              "success": false,
              "userAgent": "Mozilla/5.0",
              "sessionId": "session456",
              "tenantId": "tenant1"
            },
            {
              "timestamp": 1766403033238,
              "username": "user18",
              "credentialPair": "user18:cGFzczE4",
              "success": false,
              "userAgent": "Mozilla/5.0",
              "sessionId": "session456",
              "tenantId": "tenant1"
            },
            {
              "timestamp": 1766403034238,
              "username": "user19",
              "credentialPair": "user19:cGFzczE5",
              "success": false,
              "userAgent": "Mozilla/5.0",
              "sessionId": "session456",
              "tenantId": "tenant1"
            },
            {
              "timestamp": 1766403035240,
              "username": "user20",
              "credentialPair": "user20:cGFzczIw",
              "success": false,
              "userAgent": "Mozilla/5.0",
              "sessionId": "session456",
              "tenantId": "tenant1"
            },
            {
              "timestamp": 1766403036241,
              "username": "user21",
              "credentialPair": "user21:cGFzczIx",
              "success": false,
              "userAgent": "Mozilla/5.0",
              "sessionId": "session456",
              "tenantId": "tenant1"
            },
            {
              "timestamp": 1766403037252,
              "username": "user22",
              "credentialPair": "user22:cGFzczIy",
              "success": false,
              "userAgent": "Mozilla/5.0",
              "sessionId": "session456",
              "tenantId": "tenant1"
            },
            {
              "timestamp": 1766403038254,
              "username": "user23",
              "credentialPair": "user23:cGFzczIz",
              "success": false,
              "userAgent": "Mozilla/5.0",
              "sessionId": "session456",
              "tenantId": "tenant1"
            },
            {
              "timestamp": 1766403039258,
              "username": "user24",
              "credentialPair": "user24:cGFzczI0",
              "success": false,
              "userAgent": "Mozilla/5.0",
              "sessionId": "session456",
              "tenantId": "tenant1"
            },
            {
              "timestamp": 1766403040269,
              "username": "user25",
              "credentialPair": "user25:cGFzczI1",
              "success": false,
              "userAgent": "Mozilla/5.0",
              "sessionId": "session456",
              "tenantId": "tenant1"
            },
            {
              "timestamp": 1766403041271,
              "username": "user26",
              "credentialPair": "user26:cGFzczI2",
              "success": false,
              "userAgent": "Mozilla/5.0",
              "sessionId": "session456",
              "tenantId": "tenant1"
            },
            {
              "timestamp": 1766403042273,
              "username": "user27",
              "credentialPair": "user27:cGFzczI3",
              "success": false,
              "userAgent": "Mozilla/5.0",
              "sessionId": "session456",
              "tenantId": "tenant1"
            },
            {
              "timestamp": 1766403043274,
              "username": "user28",
              "credentialPair": "user28:cGFzczI4",
              "success": false,
              "userAgent": "Mozilla/5.0",
              "sessionId": "session456",
              "tenantId": "tenant1"
            },
            {
              "timestamp": 1766403044276,
              "username": "user29",
              "credentialPair": "user29:cGFzczI5",
              "success": false,
              "userAgent": "Mozilla/5.0",
              "sessionId": "session456",
              "tenantId": "tenant1"
            },
            {
              "timestamp": 1766403045282,
              "username": "user30",
              "credentialPair": "user30:cGFzczMw",
              "success": false,
              "userAgent": "Mozilla/5.0",
              "sessionId": "session456",
              "tenantId": "tenant1"
            },
            {
              "timestamp": 1766403046284,
              "username": "user31",
              "credentialPair": "user31:cGFzczMx",
              "success": false,
              "userAgent": "Mozilla/5.0",
              "sessionId": "session456",
              "tenantId": "tenant1"
            },
            {
              "timestamp": 1766403047285,
              "username": "user32",
              "credentialPair": "user32:cGFzczMy",
              "success": false,
              "userAgent": "Mozilla/5.0",
              "sessionId": "session456",
              "tenantId": "tenant1"
            },
            {
              "timestamp": 1766403048286,
              "username": "user33",
              "credentialPair": "user33:cGFzczMz",
              "success": false,
              "userAgent": "Mozilla/5.0",
              "sessionId": "session456",
              "tenantId": "tenant1"
            },
            {
              "timestamp": 1766403049287,
              "username": "user34",
              "credentialPair": "user34:cGFzczM0",
              "success": false,
              "userAgent": "Mozilla/5.0",
              "sessionId": "session456",
              "tenantId": "tenant1"
            },
            {
              "timestamp": 1766403050291,
              "username": "user35",
              "credentialPair": "user35:cGFzczM1",
              "success": false,
              "userAgent": "Mozilla/5.0",
              "sessionId": "session456",
              "tenantId": "tenant1"
            },
            {
              "timestamp": 1766403051293,
              "username": "user36",
              "credentialPair": "user36:cGFzczM2",
              "success": false,
              "userAgent": "Mozilla/5.0",
              "sessionId": "session456",
              "tenantId": "tenant1"
            },
            {
              "timestamp": 1766403052313,
              "username": "user37",
              "credentialPair": "user37:cGFzczM3",
              "success": false,
              "userAgent": "Mozilla/5.0",
              "sessionId": "session456",
              "tenantId": "tenant1"
            },
            {
              "timestamp": 1766403053314,
              "username": "user38",
              "credentialPair": "user38:cGFzczM4",
              "success": false,
              "userAgent": "Mozilla/5.0",
              "sessionId": "session456",
              "tenantId": "tenant1"
            },
            {
              "timestamp": 1766403054315,
              "username": "user39",
              "credentialPair": "user39:cGFzczM5",
              "success": false,
              "userAgent": "Mozilla/5.0",
              "sessionId": "session456",
              "tenantId": "tenant1"
            },
            {
              "timestamp": 1766403055316,
              "username": "user40",
              "credentialPair": "user40:cGFzczQw",
              "success": false,
              "userAgent": "Mozilla/5.0",
              "sessionId": "session456",
              "tenantId": "tenant1"
            },
            {
              "timestamp": 1766403056317,
              "username": "user41",
              "credentialPair": "user41:cGFzczQx",
              "success": false,
              "userAgent": "Mozilla/5.0",
              "sessionId": "session456",
              "tenantId": "tenant1"
            },
            {
              "timestamp": 1766403057319,
              "username": "user42",
              "credentialPair": "user42:cGFzczQy",
              "success": false,
              "userAgent": "Mozilla/5.0",
              "sessionId": "session456",
              "tenantId": "tenant1"
            },
            {
              "timestamp": 1766403058320,
              "username": "user43",
              "credentialPair": "user43:cGFzczQz",
              "success": false,
              "userAgent": "Mozilla/5.0",
              "sessionId": "session456",
              "tenantId": "tenant1"
            },
            {
              "timestamp": 1766403059321,
              "username": "user44",
              "credentialPair": "user44:cGFzczQ0",
              "success": false,
              "userAgent": "Mozilla/5.0",
              "sessionId": "session456",
              "tenantId": "tenant1"
            },
            {
              "timestamp": 1766403060323,
              "username": "user45",
              "credentialPair": "user45:cGFzczQ1",
              "success": false,
              "userAgent": "Mozilla/5.0",
              "sessionId": "session456",
              "tenantId": "tenant1"
            },
            {
              "timestamp": 1766403061324,
              "username": "user46",
              "credentialPair": "user46:cGFzczQ2",
              "success": false,
              "userAgent": "Mozilla/5.0",
              "sessionId": "session456",
              "tenantId": "tenant1"
            },
            {
              "timestamp": 1766403062327,
              "username": "user47",
              "credentialPair": "user47:cGFzczQ3",
              "success": false,
              "userAgent": "Mozilla/5.0",
              "sessionId": "session456",
              "tenantId": "tenant1"
            },
            {
              "timestamp": 1766403063328,
              "username": "user48",
              "credentialPair": "user48:cGFzczQ4",
              "success": false,
              "userAgent": "Mozilla/5.0",
              "sessionId": "session456",
              "tenantId": "tenant1"
            },
            {
              "timestamp": 1766403064329,
              "username": "user49",
              "credentialPair": "user49:cGFzczQ5",
              "success": false,
              "userAgent": "Mozilla/5.0",
              "sessionId": "session456",
              "tenantId": "tenant1"
            },
            {
              "timestamp": 1766403065332,
              "username": "user50",
              "credentialPair": "user50:cGFzczUw",
              "success": true,
              "userAgent": "Mozilla/5.0",
              "sessionId": "session456",
              "tenantId": "tenant1"
            },
            {
              "timestamp": 1766403066335,
              "username": "user51",
              "credentialPair": "user51:cGFzczUx",
              "success": false,
              "userAgent": "Mozilla/5.0",
              "sessionId": "session456",
              "tenantId": "tenant1"
            },
            {
              "timestamp": 1766403067337,
              "username": "user52",
              "credentialPair": "user52:cGFzczUy",
              "success": false,
              "userAgent": "Mozilla/5.0",
              "sessionId": "session456",
              "tenantId": "tenant1"
            },
            {
              "timestamp": 1766403068341,
              "username": "user53",
              "credentialPair": "user53:cGFzczUz",
              "success": false,
              "userAgent": "Mozilla/5.0",
              "sessionId": "session456",
              "tenantId": "tenant1"
            },
            {
              "timestamp": 1766403069348,
              "username": "user54",
              "credentialPair": "user54:cGFzczU0",
              "success": false,
              "userAgent": "Mozilla/5.0",
              "sessionId": "session456",
              "tenantId": "tenant1"
            },
            {
              "timestamp": 1766403070353,
              "username": "user55",
              "credentialPair": "user55:cGFzczU1",
              "success": false,
              "userAgent": "Mozilla/5.0",
              "sessionId": "session456",
              "tenantId": "tenant1"
            },
            {
              "timestamp": 1766403071355,
              "username": "user56",
              "credentialPair": "user56:cGFzczU2",
              "success": false,
              "userAgent": "Mozilla/5.0",
              "sessionId": "session456",
              "tenantId": "tenant1"
            },
            {
              "timestamp": 1766403072358,
              "username": "user57",
              "credentialPair": "user57:cGFzczU3",
              "success": false,
              "userAgent": "Mozilla/5.0",
              "sessionId": "session456",
              "tenantId": "tenant1"
            }
          ],
          "credentialAnalysis": {
            "totalPairs": 58,
            "estimatedSource": "small_breach_or_targeted",
            "patternType": "manual"
          },
          "attackVector": "credential_stuffing"
        }
      }

      at Console.write [as log] (node_modules/winston/lib/wi
nston/transports/console.js:87:23)
          at Array.forEach (<anonymous>)

    console.log
      2025-12-22 13:30:15 [PLATFORM] [[31merror[39m]: 
Credential Stuffing Attack: credential_stuffing_volume {
        "platform": true,
        "ipAddress": "192.168.1.200",
        "totalAttempts": 59,
        "successRate": 0.03389830508474576,
        "uniqueCredentials": 59,
        "uniqueUsernames": 59,
        "timeWindow": 3600000,
        "violationType": "credential_stuffing_volume",
        "severity": "critical",
        "description": "Credential stuffing attack detected 
(high volume, low success)",
        "forensicData": {
          "recentAttempts": [
            {
              "timestamp": 1766403024238,
              "username": "user9",
              "credentialPair": "user9:cGFzczk=",
              "success": false,
              "userAgent": "Mozilla/5.0",
              "sessionId": "session456",
              "tenantId": "tenant1"
            },
            {
              "timestamp": 1766403025238,
              "username": "user10",
              "credentialPair": "user10:cGFzczEw",
              "success": false,
              "userAgent": "Mozilla/5.0",
              "sessionId": "session456",
              "tenantId": "tenant1"
            },
            {
              "timestamp": 1766403026238,
              "username": "user11",
              "credentialPair": "user11:cGFzczEx",
              "success": false,
              "userAgent": "Mozilla/5.0",
              "sessionId": "session456",
              "tenantId": "tenant1"
            },
            {
              "timestamp": 1766403027238,
              "username": "user12",
              "credentialPair": "user12:cGFzczEy",
              "success": false,
              "userAgent": "Mozilla/5.0",
              "sessionId": "session456",
              "tenantId": "tenant1"
            },
            {
              "timestamp": 1766403028238,
              "username": "user13",
              "credentialPair": "user13:cGFzczEz",
              "success": false,
              "userAgent": "Mozilla/5.0",
              "sessionId": "session456",
              "tenantId": "tenant1"
            },
            {
              "timestamp": 1766403029238,
              "username": "user14",
              "credentialPair": "user14:cGFzczE0",
              "success": false,
              "userAgent": "Mozilla/5.0",
              "sessionId": "session456",
              "tenantId": "tenant1"
            },
            {
              "timestamp": 1766403030238,
              "username": "user15",
              "credentialPair": "user15:cGFzczE1",
              "success": false,
              "userAgent": "Mozilla/5.0",
              "sessionId": "session456",
              "tenantId": "tenant1"
            },
            {
              "timestamp": 1766403031238,
              "username": "user16",
              "credentialPair": "user16:cGFzczE2",
              "success": false,
              "userAgent": "Mozilla/5.0",
              "sessionId": "session456",
              "tenantId": "tenant1"
            },
            {
              "timestamp": 1766403032238,
              "username": "user17",
              "credentialPair": "user17:cGFzczE3",
              "success": false,
              "userAgent": "Mozilla/5.0",
              "sessionId": "session456",
              "tenantId": "tenant1"
            },
            {
              "timestamp": 1766403033238,
              "username": "user18",
              "credentialPair": "user18:cGFzczE4",
              "success": false,
              "userAgent": "Mozilla/5.0",
              "sessionId": "session456",
              "tenantId": "tenant1"
            },
            {
              "timestamp": 1766403034238,
              "username": "user19",
              "credentialPair": "user19:cGFzczE5",
              "success": false,
              "userAgent": "Mozilla/5.0",
              "sessionId": "session456",
              "tenantId": "tenant1"
            },
            {
              "timestamp": 1766403035240,
              "username": "user20",
              "credentialPair": "user20:cGFzczIw",
              "success": false,
              "userAgent": "Mozilla/5.0",
              "sessionId": "session456",
              "tenantId": "tenant1"
            },
            {
              "timestamp": 1766403036241,
              "username": "user21",
              "credentialPair": "user21:cGFzczIx",
              "success": false,
              "userAgent": "Mozilla/5.0",
              "sessionId": "session456",
              "tenantId": "tenant1"
            },
            {
              "timestamp": 1766403037252,
              "username": "user22",
              "credentialPair": "user22:cGFzczIy",
              "success": false,
              "userAgent": "Mozilla/5.0",
              "sessionId": "session456",
              "tenantId": "tenant1"
            },
            {
              "timestamp": 1766403038254,
              "username": "user23",
              "credentialPair": "user23:cGFzczIz",
              "success": false,
              "userAgent": "Mozilla/5.0",
              "sessionId": "session456",
              "tenantId": "tenant1"
            },
            {
              "timestamp": 1766403039258,
              "username": "user24",
              "credentialPair": "user24:cGFzczI0",
              "success": false,
              "userAgent": "Mozilla/5.0",
              "sessionId": "session456",
              "tenantId": "tenant1"
            },
            {
              "timestamp": 1766403040269,
              "username": "user25",
              "credentialPair": "user25:cGFzczI1",
              "success": false,
              "userAgent": "Mozilla/5.0",
              "sessionId": "session456",
              "tenantId": "tenant1"
            },
            {
              "timestamp": 1766403041271,
              "username": "user26",
              "credentialPair": "user26:cGFzczI2",
              "success": false,
              "userAgent": "Mozilla/5.0",
              "sessionId": "session456",
              "tenantId": "tenant1"
            },
            {
              "timestamp": 1766403042273,
              "username": "user27",
              "credentialPair": "user27:cGFzczI3",
              "success": false,
              "userAgent": "Mozilla/5.0",
              "sessionId": "session456",
              "tenantId": "tenant1"
            },
            {
              "timestamp": 1766403043274,
              "username": "user28",
              "credentialPair": "user28:cGFzczI4",
              "success": false,
              "userAgent": "Mozilla/5.0",
              "sessionId": "session456",
              "tenantId": "tenant1"
            },
            {
              "timestamp": 1766403044276,
              "username": "user29",
              "credentialPair": "user29:cGFzczI5",
              "success": false,
              "userAgent": "Mozilla/5.0",
              "sessionId": "session456",
              "tenantId": "tenant1"
            },
            {
              "timestamp": 1766403045282,
              "username": "user30",
              "credentialPair": "user30:cGFzczMw",
              "success": false,
              "userAgent": "Mozilla/5.0",
              "sessionId": "session456",
              "tenantId": "tenant1"
            },
            {
              "timestamp": 1766403046284,
              "username": "user31",
              "credentialPair": "user31:cGFzczMx",
              "success": false,
              "userAgent": "Mozilla/5.0",
              "sessionId": "session456",
              "tenantId": "tenant1"
            },
            {
              "timestamp": 1766403047285,
              "username": "user32",
              "credentialPair": "user32:cGFzczMy",
              "success": false,
              "userAgent": "Mozilla/5.0",
              "sessionId": "session456",
              "tenantId": "tenant1"
            },
            {
              "timestamp": 1766403048286,
              "username": "user33",
              "credentialPair": "user33:cGFzczMz",
              "success": false,
              "userAgent": "Mozilla/5.0",
              "sessionId": "session456",
              "tenantId": "tenant1"
            },
            {
              "timestamp": 1766403049287,
              "username": "user34",
              "credentialPair": "user34:cGFzczM0",
              "success": false,
              "userAgent": "Mozilla/5.0",
              "sessionId": "session456",
              "tenantId": "tenant1"
            },
            {
              "timestamp": 1766403050291,
              "username": "user35",
              "credentialPair": "user35:cGFzczM1",
              "success": false,
              "userAgent": "Mozilla/5.0",
              "sessionId": "session456",
              "tenantId": "tenant1"
            },
            {
              "timestamp": 1766403051293,
              "username": "user36",
              "credentialPair": "user36:cGFzczM2",
              "success": false,
              "userAgent": "Mozilla/5.0",
              "sessionId": "session456",
              "tenantId": "tenant1"
            },
            {
              "timestamp": 1766403052313,
              "username": "user37",
              "credentialPair": "user37:cGFzczM3",
              "success": false,
              "userAgent": "Mozilla/5.0",
              "sessionId": "session456",
              "tenantId": "tenant1"
            },
            {
              "timestamp": 1766403053314,
              "username": "user38",
              "credentialPair": "user38:cGFzczM4",
              "success": false,
              "userAgent": "Mozilla/5.0",
              "sessionId": "session456",
              "tenantId": "tenant1"
            },
            {
              "timestamp": 1766403054315,
              "username": "user39",
              "credentialPair": "user39:cGFzczM5",
              "success": false,
              "userAgent": "Mozilla/5.0",
              "sessionId": "session456",
              "tenantId": "tenant1"
            },
            {
              "timestamp": 1766403055316,
              "username": "user40",
              "credentialPair": "user40:cGFzczQw",
              "success": false,
              "userAgent": "Mozilla/5.0",
              "sessionId": "session456",
              "tenantId": "tenant1"
            },
            {
              "timestamp": 1766403056317,
              "username": "user41",
              "credentialPair": "user41:cGFzczQx",
              "success": false,
              "userAgent": "Mozilla/5.0",
              "sessionId": "session456",
              "tenantId": "tenant1"
            },
            {
              "timestamp": 1766403057319,
              "username": "user42",
              "credentialPair": "user42:cGFzczQy",
              "success": false,
              "userAgent": "Mozilla/5.0",
              "sessionId": "session456",
              "tenantId": "tenant1"
            },
            {
              "timestamp": 1766403058320,
              "username": "user43",
              "credentialPair": "user43:cGFzczQz",
              "success": false,
              "userAgent": "Mozilla/5.0",
              "sessionId": "session456",
              "tenantId": "tenant1"
            },
            {
              "timestamp": 1766403059321,
              "username": "user44",
              "credentialPair": "user44:cGFzczQ0",
              "success": false,
              "userAgent": "Mozilla/5.0",
              "sessionId": "session456",
              "tenantId": "tenant1"
            },
            {
              "timestamp": 1766403060323,
              "username": "user45",
              "credentialPair": "user45:cGFzczQ1",
              "success": false,
              "userAgent": "Mozilla/5.0",
              "sessionId": "session456",
              "tenantId": "tenant1"
            },
            {
              "timestamp": 1766403061324,
              "username": "user46",
              "credentialPair": "user46:cGFzczQ2",
              "success": false,
              "userAgent": "Mozilla/5.0",
              "sessionId": "session456",
              "tenantId": "tenant1"
            },
            {
              "timestamp": 1766403062327,
              "username": "user47",
              "credentialPair": "user47:cGFzczQ3",
              "success": false,
              "userAgent": "Mozilla/5.0",
              "sessionId": "session456",
              "tenantId": "tenant1"
            },
            {
              "timestamp": 1766403063328,
              "username": "user48",
              "credentialPair": "user48:cGFzczQ4",
              "success": false,
              "userAgent": "Mozilla/5.0",
              "sessionId": "session456",
              "tenantId": "tenant1"
            },
            {
              "timestamp": 1766403064329,
              "username": "user49",
              "credentialPair": "user49:cGFzczQ5",
              "success": false,
              "userAgent": "Mozilla/5.0",
              "sessionId": "session456",
              "tenantId": "tenant1"
            },
            {
              "timestamp": 1766403065332,
              "username": "user50",
              "credentialPair": "user50:cGFzczUw",
              "success": true,
              "userAgent": "Mozilla/5.0",
              "sessionId": "session456",
              "tenantId": "tenant1"
            },
            {
              "timestamp": 1766403066335,
              "username": "user51",
              "credentialPair": "user51:cGFzczUx",
              "success": false,
              "userAgent": "Mozilla/5.0",
              "sessionId": "session456",
              "tenantId": "tenant1"
            },
            {
              "timestamp": 1766403067337,
              "username": "user52",
              "credentialPair": "user52:cGFzczUy",
              "success": false,
              "userAgent": "Mozilla/5.0",
              "sessionId": "session456",
              "tenantId": "tenant1"
            },
            {
              "timestamp": 1766403068341,
              "username": "user53",
              "credentialPair": "user53:cGFzczUz",
              "success": false,
              "userAgent": "Mozilla/5.0",
              "sessionId": "session456",
              "tenantId": "tenant1"
            },
            {
              "timestamp": 1766403069348,
              "username": "user54",
              "credentialPair": "user54:cGFzczU0",
              "success": false,
              "userAgent": "Mozilla/5.0",
              "sessionId": "session456",
              "tenantId": "tenant1"
            },
            {
              "timestamp": 1766403070353,
              "username": "user55",
              "credentialPair": "user55:cGFzczU1",
              "success": false,
              "userAgent": "Mozilla/5.0",
              "sessionId": "session456",
              "tenantId": "tenant1"
            },
            {
              "timestamp": 1766403071355,
              "username": "user56",
              "credentialPair": "user56:cGFzczU2",
              "success": false,
              "userAgent": "Mozilla/5.0",
              "sessionId": "session456",
              "tenantId": "tenant1"
            },
            {
              "timestamp": 1766403072358,
              "username": "user57",
              "credentialPair": "user57:cGFzczU3",
              "success": false,
              "userAgent": "Mozilla/5.0",
              "sessionId": "session456",
              "tenantId": "tenant1"
            },
            {
              "timestamp": 1766403073360,
              "username": "user58",
              "credentialPair": "user58:cGFzczU4",
              "success": false,
              "userAgent": "Mozilla/5.0",
              "sessionId": "session456",
              "tenantId": "tenant1"
            }
          ],
          "credentialAnalysis": {
            "totalPairs": 59,
            "estimatedSource": "small_breach_or_targeted",
            "patternType": "manual"
          },
          "attackVector": "credential_stuffing"
        }
      }

      at Console.write [as log] (node_modules/winston/lib/wi
nston/transports/console.js:87:23)
          at Array.forEach (<anonymous>)

    console.log
      2025-12-22 13:30:15 [PLATFORM] [[31merror[39m]: 
Credential Stuffing Attack: credential_stuffing_breach_data 
{
        "platform": true,
        "ipAddress": "192.168.1.200",
        "uniqueCredentialPairs": 59,
        "uniqueUsernames": 59,
        "successRate": 0.03389830508474576,
        "potentialBreachSource": "small_breach_or_targeted",
        "violationType": "credential_stuffing_breach_data",
        "severity": "high",
        "description": "Credential stuffing using breach 
data detected",
        "forensicData": {
          "recentAttempts": [
            {
              "timestamp": 1766403024238,
              "username": "user9",
              "credentialPair": "user9:cGFzczk=",
              "success": false,
              "userAgent": "Mozilla/5.0",
              "sessionId": "session456",
              "tenantId": "tenant1"
            },
            {
              "timestamp": 1766403025238,
              "username": "user10",
              "credentialPair": "user10:cGFzczEw",
              "success": false,
              "userAgent": "Mozilla/5.0",
              "sessionId": "session456",
              "tenantId": "tenant1"
            },
            {
              "timestamp": 1766403026238,
              "username": "user11",
              "credentialPair": "user11:cGFzczEx",
              "success": false,
              "userAgent": "Mozilla/5.0",
              "sessionId": "session456",
              "tenantId": "tenant1"
            },
            {
              "timestamp": 1766403027238,
              "username": "user12",
              "credentialPair": "user12:cGFzczEy",
              "success": false,
              "userAgent": "Mozilla/5.0",
              "sessionId": "session456",
              "tenantId": "tenant1"
            },
            {
              "timestamp": 1766403028238,
              "username": "user13",
              "credentialPair": "user13:cGFzczEz",
              "success": false,
              "userAgent": "Mozilla/5.0",
              "sessionId": "session456",
              "tenantId": "tenant1"
            },
            {
              "timestamp": 1766403029238,
              "username": "user14",
              "credentialPair": "user14:cGFzczE0",
              "success": false,
              "userAgent": "Mozilla/5.0",
              "sessionId": "session456",
              "tenantId": "tenant1"
            },
            {
              "timestamp": 1766403030238,
              "username": "user15",
              "credentialPair": "user15:cGFzczE1",
              "success": false,
              "userAgent": "Mozilla/5.0",
              "sessionId": "session456",
              "tenantId": "tenant1"
            },
            {
              "timestamp": 1766403031238,
              "username": "user16",
              "credentialPair": "user16:cGFzczE2",
              "success": false,
              "userAgent": "Mozilla/5.0",
              "sessionId": "session456",
              "tenantId": "tenant1"
            },
            {
              "timestamp": 1766403032238,
              "username": "user17",
              "credentialPair": "user17:cGFzczE3",
              "success": false,
              "userAgent": "Mozilla/5.0",
              "sessionId": "session456",
              "tenantId": "tenant1"
            },
            {
              "timestamp": 1766403033238,
              "username": "user18",
              "credentialPair": "user18:cGFzczE4",
              "success": false,
              "userAgent": "Mozilla/5.0",
              "sessionId": "session456",
              "tenantId": "tenant1"
            },
            {
              "timestamp": 1766403034238,
              "username": "user19",
              "credentialPair": "user19:cGFzczE5",
              "success": false,
              "userAgent": "Mozilla/5.0",
              "sessionId": "session456",
              "tenantId": "tenant1"
            },
            {
              "timestamp": 1766403035240,
              "username": "user20",
              "credentialPair": "user20:cGFzczIw",
              "success": false,
              "userAgent": "Mozilla/5.0",
              "sessionId": "session456",
              "tenantId": "tenant1"
            },
            {
              "timestamp": 1766403036241,
              "username": "user21",
              "credentialPair": "user21:cGFzczIx",
              "success": false,
              "userAgent": "Mozilla/5.0",
              "sessionId": "session456",
              "tenantId": "tenant1"
            },
            {
              "timestamp": 1766403037252,
              "username": "user22",
              "credentialPair": "user22:cGFzczIy",
              "success": false,
              "userAgent": "Mozilla/5.0",
              "sessionId": "session456",
              "tenantId": "tenant1"
            },
            {
              "timestamp": 1766403038254,
              "username": "user23",
              "credentialPair": "user23:cGFzczIz",
              "success": false,
              "userAgent": "Mozilla/5.0",
              "sessionId": "session456",
              "tenantId": "tenant1"
            },
            {
              "timestamp": 1766403039258,
              "username": "user24",
              "credentialPair": "user24:cGFzczI0",
              "success": false,
              "userAgent": "Mozilla/5.0",
              "sessionId": "session456",
              "tenantId": "tenant1"
            },
            {
              "timestamp": 1766403040269,
              "username": "user25",
              "credentialPair": "user25:cGFzczI1",
              "success": false,
              "userAgent": "Mozilla/5.0",
              "sessionId": "session456",
              "tenantId": "tenant1"
            },
            {
              "timestamp": 1766403041271,
              "username": "user26",
              "credentialPair": "user26:cGFzczI2",
              "success": false,
              "userAgent": "Mozilla/5.0",
              "sessionId": "session456",
              "tenantId": "tenant1"
            },
            {
              "timestamp": 1766403042273,
              "username": "user27",
              "credentialPair": "user27:cGFzczI3",
              "success": false,
              "userAgent": "Mozilla/5.0",
              "sessionId": "session456",
              "tenantId": "tenant1"
            },
            {
              "timestamp": 1766403043274,
              "username": "user28",
              "credentialPair": "user28:cGFzczI4",
              "success": false,
              "userAgent": "Mozilla/5.0",
              "sessionId": "session456",
              "tenantId": "tenant1"
            },
            {
              "timestamp": 1766403044276,
              "username": "user29",
              "credentialPair": "user29:cGFzczI5",
              "success": false,
              "userAgent": "Mozilla/5.0",
              "sessionId": "session456",
              "tenantId": "tenant1"
            },
            {
              "timestamp": 1766403045282,
              "username": "user30",
              "credentialPair": "user30:cGFzczMw",
              "success": false,
              "userAgent": "Mozilla/5.0",
              "sessionId": "session456",
              "tenantId": "tenant1"
            },
            {
              "timestamp": 1766403046284,
              "username": "user31",
              "credentialPair": "user31:cGFzczMx",
              "success": false,
              "userAgent": "Mozilla/5.0",
              "sessionId": "session456",
              "tenantId": "tenant1"
            },
            {
              "timestamp": 1766403047285,
              "username": "user32",
              "credentialPair": "user32:cGFzczMy",
              "success": false,
              "userAgent": "Mozilla/5.0",
              "sessionId": "session456",
              "tenantId": "tenant1"
            },
            {
              "timestamp": 1766403048286,
              "username": "user33",
              "credentialPair": "user33:cGFzczMz",
              "success": false,
              "userAgent": "Mozilla/5.0",
              "sessionId": "session456",
              "tenantId": "tenant1"
            },
            {
              "timestamp": 1766403049287,
              "username": "user34",
              "credentialPair": "user34:cGFzczM0",
              "success": false,
              "userAgent": "Mozilla/5.0",
              "sessionId": "session456",
              "tenantId": "tenant1"
            },
            {
              "timestamp": 1766403050291,
              "username": "user35",
              "credentialPair": "user35:cGFzczM1",
              "success": false,
              "userAgent": "Mozilla/5.0",
              "sessionId": "session456",
              "tenantId": "tenant1"
            },
            {
              "timestamp": 1766403051293,
              "username": "user36",
              "credentialPair": "user36:cGFzczM2",
              "success": false,
              "userAgent": "Mozilla/5.0",
              "sessionId": "session456",
              "tenantId": "tenant1"
            },
            {
              "timestamp": 1766403052313,
              "username": "user37",
              "credentialPair": "user37:cGFzczM3",
              "success": false,
              "userAgent": "Mozilla/5.0",
              "sessionId": "session456",
              "tenantId": "tenant1"
            },
            {
              "timestamp": 1766403053314,
              "username": "user38",
              "credentialPair": "user38:cGFzczM4",
              "success": false,
              "userAgent": "Mozilla/5.0",
              "sessionId": "session456",
              "tenantId": "tenant1"
            },
            {
              "timestamp": 1766403054315,
              "username": "user39",
              "credentialPair": "user39:cGFzczM5",
              "success": false,
              "userAgent": "Mozilla/5.0",
              "sessionId": "session456",
              "tenantId": "tenant1"
            },
            {
              "timestamp": 1766403055316,
              "username": "user40",
              "credentialPair": "user40:cGFzczQw",
              "success": false,
              "userAgent": "Mozilla/5.0",
              "sessionId": "session456",
              "tenantId": "tenant1"
            },
            {
              "timestamp": 1766403056317,
              "username": "user41",
              "credentialPair": "user41:cGFzczQx",
              "success": false,
              "userAgent": "Mozilla/5.0",
              "sessionId": "session456",
              "tenantId": "tenant1"
            },
            {
              "timestamp": 1766403057319,
              "username": "user42",
              "credentialPair": "user42:cGFzczQy",
              "success": false,
              "userAgent": "Mozilla/5.0",
              "sessionId": "session456",
              "tenantId": "tenant1"
            },
            {
              "timestamp": 1766403058320,
              "username": "user43",
              "credentialPair": "user43:cGFzczQz",
              "success": false,
              "userAgent": "Mozilla/5.0",
              "sessionId": "session456",
              "tenantId": "tenant1"
            },
            {
              "timestamp": 1766403059321,
              "username": "user44",
              "credentialPair": "user44:cGFzczQ0",
              "success": false,
              "userAgent": "Mozilla/5.0",
              "sessionId": "session456",
              "tenantId": "tenant1"
            },
            {
              "timestamp": 1766403060323,
              "username": "user45",
              "credentialPair": "user45:cGFzczQ1",
              "success": false,
              "userAgent": "Mozilla/5.0",
              "sessionId": "session456",
              "tenantId": "tenant1"
            },
            {
              "timestamp": 1766403061324,
              "username": "user46",
              "credentialPair": "user46:cGFzczQ2",
              "success": false,
              "userAgent": "Mozilla/5.0",
              "sessionId": "session456",
              "tenantId": "tenant1"
            },
            {
              "timestamp": 1766403062327,
              "username": "user47",
              "credentialPair": "user47:cGFzczQ3",
              "success": false,
              "userAgent": "Mozilla/5.0",
              "sessionId": "session456",
              "tenantId": "tenant1"
            },
            {
              "timestamp": 1766403063328,
              "username": "user48",
              "credentialPair": "user48:cGFzczQ4",
              "success": false,
              "userAgent": "Mozilla/5.0",
              "sessionId": "session456",
              "tenantId": "tenant1"
            },
            {
              "timestamp": 1766403064329,
              "username": "user49",
              "credentialPair": "user49:cGFzczQ5",
              "success": false,
              "userAgent": "Mozilla/5.0",
              "sessionId": "session456",
              "tenantId": "tenant1"
            },
            {
              "timestamp": 1766403065332,
              "username": "user50",
              "credentialPair": "user50:cGFzczUw",
              "success": true,
              "userAgent": "Mozilla/5.0",
              "sessionId": "session456",
              "tenantId": "tenant1"
            },
            {
              "timestamp": 1766403066335,
              "username": "user51",
              "credentialPair": "user51:cGFzczUx",
              "success": false,
              "userAgent": "Mozilla/5.0",
              "sessionId": "session456",
              "tenantId": "tenant1"
            },
            {
              "timestamp": 1766403067337,
              "username": "user52",
              "credentialPair": "user52:cGFzczUy",
              "success": false,
              "userAgent": "Mozilla/5.0",
              "sessionId": "session456",
              "tenantId": "tenant1"
            },
            {
              "timestamp": 1766403068341,
              "username": "user53",
              "credentialPair": "user53:cGFzczUz",
              "success": false,
              "userAgent": "Mozilla/5.0",
              "sessionId": "session456",
              "tenantId": "tenant1"
            },
            {
              "timestamp": 1766403069348,
              "username": "user54",
              "credentialPair": "user54:cGFzczU0",
              "success": false,
              "userAgent": "Mozilla/5.0",
              "sessionId": "session456",
              "tenantId": "tenant1"
            },
            {
              "timestamp": 1766403070353,
              "username": "user55",
              "credentialPair": "user55:cGFzczU1",
              "success": false,
              "userAgent": "Mozilla/5.0",
              "sessionId": "session456",
              "tenantId": "tenant1"
            },
            {
              "timestamp": 1766403071355,
              "username": "user56",
              "credentialPair": "user56:cGFzczU2",
              "success": false,
              "userAgent": "Mozilla/5.0",
              "sessionId": "session456",
              "tenantId": "tenant1"
            },
            {
              "timestamp": 1766403072358,
              "username": "user57",
              "credentialPair": "user57:cGFzczU3",
              "success": false,
              "userAgent": "Mozilla/5.0",
              "sessionId": "session456",
              "tenantId": "tenant1"
            },
            {
              "timestamp": 1766403073360,
              "username": "user58",
              "credentialPair": "user58:cGFzczU4",
              "success": false,
              "userAgent": "Mozilla/5.0",
              "sessionId": "session456",
              "tenantId": "tenant1"
            }
          ],
          "credentialAnalysis": {
            "totalPairs": 59,
            "estimatedSource": "small_breach_or_targeted",
            "patternType": "manual"
          },
          "attackVector": "credential_stuffing"
        }
      }

      at Console.write [as log] (node_modules/winston/lib/wi
nston/transports/console.js:87:23)
          at Array.forEach (<anonymous>)

    console.log
      2025-12-22 13:30:15 [PLATFORM] [[31merror[39m]: 
Credential Stuffing Attack: credential_stuffing_volume {
        "platform": true,
        "ipAddress": "192.168.1.200",
        "totalAttempts": 60,
        "successRate": 0.03333333333333333,
        "uniqueCredentials": 60,
        "uniqueUsernames": 60,
        "timeWindow": 3600000,
        "violationType": "credential_stuffing_volume",
        "severity": "critical",
        "description": "Credential stuffing attack detected 
(high volume, low success)",
        "forensicData": {
          "recentAttempts": [
            {
              "timestamp": 1766403025238,
              "username": "user10",
              "credentialPair": "user10:cGFzczEw",
              "success": false,
              "userAgent": "Mozilla/5.0",
              "sessionId": "session456",
              "tenantId": "tenant1"
            },
            {
              "timestamp": 1766403026238,
              "username": "user11",
              "credentialPair": "user11:cGFzczEx",
              "success": false,
              "userAgent": "Mozilla/5.0",
              "sessionId": "session456",
              "tenantId": "tenant1"
            },
            {
              "timestamp": 1766403027238,
              "username": "user12",
              "credentialPair": "user12:cGFzczEy",
              "success": false,
              "userAgent": "Mozilla/5.0",
              "sessionId": "session456",
              "tenantId": "tenant1"
            },
            {
              "timestamp": 1766403028238,
              "username": "user13",
              "credentialPair": "user13:cGFzczEz",
              "success": false,
              "userAgent": "Mozilla/5.0",
              "sessionId": "session456",
              "tenantId": "tenant1"
            },
            {
              "timestamp": 1766403029238,
              "username": "user14",
              "credentialPair": "user14:cGFzczE0",
              "success": false,
              "userAgent": "Mozilla/5.0",
              "sessionId": "session456",
              "tenantId": "tenant1"
            },
            {
              "timestamp": 1766403030238,
              "username": "user15",
              "credentialPair": "user15:cGFzczE1",
              "success": false,
              "userAgent": "Mozilla/5.0",
              "sessionId": "session456",
              "tenantId": "tenant1"
            },
            {
              "timestamp": 1766403031238,
              "username": "user16",
              "credentialPair": "user16:cGFzczE2",
              "success": false,
              "userAgent": "Mozilla/5.0",
              "sessionId": "session456",
              "tenantId": "tenant1"
            },
            {
              "timestamp": 1766403032238,
              "username": "user17",
              "credentialPair": "user17:cGFzczE3",
              "success": false,
              "userAgent": "Mozilla/5.0",
              "sessionId": "session456",
              "tenantId": "tenant1"
            },
            {
              "timestamp": 1766403033238,
              "username": "user18",
              "credentialPair": "user18:cGFzczE4",
              "success": false,
              "userAgent": "Mozilla/5.0",
              "sessionId": "session456",
              "tenantId": "tenant1"
            },
            {
              "timestamp": 1766403034238,
              "username": "user19",
              "credentialPair": "user19:cGFzczE5",
              "success": false,
              "userAgent": "Mozilla/5.0",
              "sessionId": "session456",
              "tenantId": "tenant1"
            },
            {
              "timestamp": 1766403035240,
              "username": "user20",
              "credentialPair": "user20:cGFzczIw",
              "success": false,
              "userAgent": "Mozilla/5.0",
              "sessionId": "session456",
              "tenantId": "tenant1"
            },
            {
              "timestamp": 1766403036241,
              "username": "user21",
              "credentialPair": "user21:cGFzczIx",
              "success": false,
              "userAgent": "Mozilla/5.0",
              "sessionId": "session456",
              "tenantId": "tenant1"
            },
            {
              "timestamp": 1766403037252,
              "username": "user22",
              "credentialPair": "user22:cGFzczIy",
              "success": false,
              "userAgent": "Mozilla/5.0",
              "sessionId": "session456",
              "tenantId": "tenant1"
            },
            {
              "timestamp": 1766403038254,
              "username": "user23",
              "credentialPair": "user23:cGFzczIz",
              "success": false,
              "userAgent": "Mozilla/5.0",
              "sessionId": "session456",
              "tenantId": "tenant1"
            },
            {
              "timestamp": 1766403039258,
              "username": "user24",
              "credentialPair": "user24:cGFzczI0",
              "success": false,
              "userAgent": "Mozilla/5.0",
              "sessionId": "session456",
              "tenantId": "tenant1"
            },
            {
              "timestamp": 1766403040269,
              "username": "user25",
              "credentialPair": "user25:cGFzczI1",
              "success": false,
              "userAgent": "Mozilla/5.0",
              "sessionId": "session456",
              "tenantId": "tenant1"
            },
            {
              "timestamp": 1766403041271,
              "username": "user26",
              "credentialPair": "user26:cGFzczI2",
              "success": false,
              "userAgent": "Mozilla/5.0",
              "sessionId": "session456",
              "tenantId": "tenant1"
            },
            {
              "timestamp": 1766403042273,
              "username": "user27",
              "credentialPair": "user27:cGFzczI3",
              "success": false,
              "userAgent": "Mozilla/5.0",
              "sessionId": "session456",
              "tenantId": "tenant1"
            },
            {
              "timestamp": 1766403043274,
              "username": "user28",
              "credentialPair": "user28:cGFzczI4",
              "success": false,
              "userAgent": "Mozilla/5.0",
              "sessionId": "session456",
              "tenantId": "tenant1"
            },
            {
              "timestamp": 1766403044276,
              "username": "user29",
              "credentialPair": "user29:cGFzczI5",
              "success": false,
              "userAgent": "Mozilla/5.0",
              "sessionId": "session456",
              "tenantId": "tenant1"
            },
            {
              "timestamp": 1766403045282,
              "username": "user30",
              "credentialPair": "user30:cGFzczMw",
              "success": false,
              "userAgent": "Mozilla/5.0",
              "sessionId": "session456",
              "tenantId": "tenant1"
            },
            {
              "timestamp": 1766403046284,
              "username": "user31",
              "credentialPair": "user31:cGFzczMx",
              "success": false,
              "userAgent": "Mozilla/5.0",
              "sessionId": "session456",
              "tenantId": "tenant1"
            },
            {
              "timestamp": 1766403047285,
              "username": "user32",
              "credentialPair": "user32:cGFzczMy",
              "success": false,
              "userAgent": "Mozilla/5.0",
              "sessionId": "session456",
              "tenantId": "tenant1"
            },
            {
              "timestamp": 1766403048286,
              "username": "user33",
              "credentialPair": "user33:cGFzczMz",
              "success": false,
              "userAgent": "Mozilla/5.0",
              "sessionId": "session456",
              "tenantId": "tenant1"
            },
            {
              "timestamp": 1766403049287,
              "username": "user34",
              "credentialPair": "user34:cGFzczM0",
              "success": false,
              "userAgent": "Mozilla/5.0",
              "sessionId": "session456",
              "tenantId": "tenant1"
            },
            {
              "timestamp": 1766403050291,
              "username": "user35",
              "credentialPair": "user35:cGFzczM1",
              "success": false,
              "userAgent": "Mozilla/5.0",
              "sessionId": "session456",
              "tenantId": "tenant1"
            },
            {
              "timestamp": 1766403051293,
              "username": "user36",
              "credentialPair": "user36:cGFzczM2",
              "success": false,
              "userAgent": "Mozilla/5.0",
              "sessionId": "session456",
              "tenantId": "tenant1"
            },
            {
              "timestamp": 1766403052313,
              "username": "user37",
              "credentialPair": "user37:cGFzczM3",
              "success": false,
              "userAgent": "Mozilla/5.0",
              "sessionId": "session456",
              "tenantId": "tenant1"
            },
            {
              "timestamp": 1766403053314,
              "username": "user38",
              "credentialPair": "user38:cGFzczM4",
              "success": false,
              "userAgent": "Mozilla/5.0",
              "sessionId": "session456",
              "tenantId": "tenant1"
            },
            {
              "timestamp": 1766403054315,
              "username": "user39",
              "credentialPair": "user39:cGFzczM5",
              "success": false,
              "userAgent": "Mozilla/5.0",
              "sessionId": "session456",
              "tenantId": "tenant1"
            },
            {
              "timestamp": 1766403055316,
              "username": "user40",
              "credentialPair": "user40:cGFzczQw",
              "success": false,
              "userAgent": "Mozilla/5.0",
              "sessionId": "session456",
              "tenantId": "tenant1"
            },
            {
              "timestamp": 1766403056317,
              "username": "user41",
              "credentialPair": "user41:cGFzczQx",
              "success": false,
              "userAgent": "Mozilla/5.0",
              "sessionId": "session456",
              "tenantId": "tenant1"
            },
            {
              "timestamp": 1766403057319,
              "username": "user42",
              "credentialPair": "user42:cGFzczQy",
              "success": false,
              "userAgent": "Mozilla/5.0",
              "sessionId": "session456",
              "tenantId": "tenant1"
            },
            {
              "timestamp": 1766403058320,
              "username": "user43",
              "credentialPair": "user43:cGFzczQz",
              "success": false,
              "userAgent": "Mozilla/5.0",
              "sessionId": "session456",
              "tenantId": "tenant1"
            },
            {
              "timestamp": 1766403059321,
              "username": "user44",
              "credentialPair": "user44:cGFzczQ0",
              "success": false,
              "userAgent": "Mozilla/5.0",
              "sessionId": "session456",
              "tenantId": "tenant1"
            },
            {
              "timestamp": 1766403060323,
              "username": "user45",
              "credentialPair": "user45:cGFzczQ1",
              "success": false,
              "userAgent": "Mozilla/5.0",
              "sessionId": "session456",
              "tenantId": "tenant1"
            },
            {
              "timestamp": 1766403061324,
              "username": "user46",
              "credentialPair": "user46:cGFzczQ2",
              "success": false,
              "userAgent": "Mozilla/5.0",
              "sessionId": "session456",
              "tenantId": "tenant1"
            },
            {
              "timestamp": 1766403062327,
              "username": "user47",
              "credentialPair": "user47:cGFzczQ3",
              "success": false,
              "userAgent": "Mozilla/5.0",
              "sessionId": "session456",
              "tenantId": "tenant1"
            },
            {
              "timestamp": 1766403063328,
              "username": "user48",
              "credentialPair": "user48:cGFzczQ4",
              "success": false,
              "userAgent": "Mozilla/5.0",
              "sessionId": "session456",
              "tenantId": "tenant1"
            },
            {
              "timestamp": 1766403064329,
              "username": "user49",
              "credentialPair": "user49:cGFzczQ5",
              "success": false,
              "userAgent": "Mozilla/5.0",
              "sessionId": "session456",
              "tenantId": "tenant1"
            },
            {
              "timestamp": 1766403065332,
              "username": "user50",
              "credentialPair": "user50:cGFzczUw",
              "success": true,
              "userAgent": "Mozilla/5.0",
              "sessionId": "session456",
              "tenantId": "tenant1"
            },
            {
              "timestamp": 1766403066335,
              "username": "user51",
              "credentialPair": "user51:cGFzczUx",
              "success": false,
              "userAgent": "Mozilla/5.0",
              "sessionId": "session456",
              "tenantId": "tenant1"
            },
            {
              "timestamp": 1766403067337,
              "username": "user52",
              "credentialPair": "user52:cGFzczUy",
              "success": false,
              "userAgent": "Mozilla/5.0",
              "sessionId": "session456",
              "tenantId": "tenant1"
            },
            {
              "timestamp": 1766403068341,
              "username": "user53",
              "credentialPair": "user53:cGFzczUz",
              "success": false,
              "userAgent": "Mozilla/5.0",
              "sessionId": "session456",
              "tenantId": "tenant1"
            },
            {
              "timestamp": 1766403069348,
              "username": "user54",
              "credentialPair": "user54:cGFzczU0",
              "success": false,
              "userAgent": "Mozilla/5.0",
              "sessionId": "session456",
              "tenantId": "tenant1"
            },
            {
              "timestamp": 1766403070353,
              "username": "user55",
              "credentialPair": "user55:cGFzczU1",
              "success": false,
              "userAgent": "Mozilla/5.0",
              "sessionId": "session456",
              "tenantId": "tenant1"
            },
            {
              "timestamp": 1766403071355,
              "username": "user56",
              "credentialPair": "user56:cGFzczU2",
              "success": false,
              "userAgent": "Mozilla/5.0",
              "sessionId": "session456",
              "tenantId": "tenant1"
            },
            {
              "timestamp": 1766403072358,
              "username": "user57",
              "credentialPair": "user57:cGFzczU3",
              "success": false,
              "userAgent": "Mozilla/5.0",
              "sessionId": "session456",
              "tenantId": "tenant1"
            },
            {
              "timestamp": 1766403073360,
              "username": "user58",
              "credentialPair": "user58:cGFzczU4",
              "success": false,
              "userAgent": "Mozilla/5.0",
              "sessionId": "session456",
              "tenantId": "tenant1"
            },
            {
              "timestamp": 1766403074363,
              "username": "user59",
              "credentialPair": "user59:cGFzczU5",
              "success": false,
              "userAgent": "Mozilla/5.0",
              "sessionId": "session456",
              "tenantId": "tenant1"
            }
          ],
          "credentialAnalysis": {
            "totalPairs": 60,
            "estimatedSource": "small_breach_or_targeted",
            "patternType": "manual"
          },
          "attackVector": "credential_stuffing"
        }
      }

      at Console.write [as log] (node_modules/winston/lib/wi
nston/transports/console.js:87:23)
          at Array.forEach (<anonymous>)

    console.log
      2025-12-22 13:30:15 [PLATFORM] [[31merror[39m]: 
Credential Stuffing Attack: credential_stuffing_breach_data 
{
        "platform": true,
        "ipAddress": "192.168.1.200",
        "uniqueCredentialPairs": 60,
        "uniqueUsernames": 60,
        "successRate": 0.03333333333333333,
        "potentialBreachSource": "small_breach_or_targeted",
        "violationType": "credential_stuffing_breach_data",
        "severity": "high",
        "description": "Credential stuffing using breach 
data detected",
        "forensicData": {
          "recentAttempts": [
            {
              "timestamp": 1766403025238,
              "username": "user10",
              "credentialPair": "user10:cGFzczEw",
              "success": false,
              "userAgent": "Mozilla/5.0",
              "sessionId": "session456",
              "tenantId": "tenant1"
            },
            {
              "timestamp": 1766403026238,
              "username": "user11",
              "credentialPair": "user11:cGFzczEx",
              "success": false,
              "userAgent": "Mozilla/5.0",
              "sessionId": "session456",
              "tenantId": "tenant1"
            },
            {
              "timestamp": 1766403027238,
              "username": "user12",
              "credentialPair": "user12:cGFzczEy",
              "success": false,
              "userAgent": "Mozilla/5.0",
              "sessionId": "session456",
              "tenantId": "tenant1"
            },
            {
              "timestamp": 1766403028238,
              "username": "user13",
              "credentialPair": "user13:cGFzczEz",
              "success": false,
              "userAgent": "Mozilla/5.0",
              "sessionId": "session456",
              "tenantId": "tenant1"
            },
            {
              "timestamp": 1766403029238,
              "username": "user14",
              "credentialPair": "user14:cGFzczE0",
              "success": false,
              "userAgent": "Mozilla/5.0",
              "sessionId": "session456",
              "tenantId": "tenant1"
            },
            {
              "timestamp": 1766403030238,
              "username": "user15",
              "credentialPair": "user15:cGFzczE1",
              "success": false,
              "userAgent": "Mozilla/5.0",
              "sessionId": "session456",
              "tenantId": "tenant1"
            },
            {
              "timestamp": 1766403031238,
              "username": "user16",
              "credentialPair": "user16:cGFzczE2",
              "success": false,
              "userAgent": "Mozilla/5.0",
              "sessionId": "session456",
              "tenantId": "tenant1"
            },
            {
              "timestamp": 1766403032238,
              "username": "user17",
              "credentialPair": "user17:cGFzczE3",
              "success": false,
              "userAgent": "Mozilla/5.0",
              "sessionId": "session456",
              "tenantId": "tenant1"
            },
            {
              "timestamp": 1766403033238,
              "username": "user18",
              "credentialPair": "user18:cGFzczE4",
              "success": false,
              "userAgent": "Mozilla/5.0",
              "sessionId": "session456",
              "tenantId": "tenant1"
            },
            {
              "timestamp": 1766403034238,
              "username": "user19",
              "credentialPair": "user19:cGFzczE5",
              "success": false,
              "userAgent": "Mozilla/5.0",
              "sessionId": "session456",
              "tenantId": "tenant1"
            },
            {
              "timestamp": 1766403035240,
              "username": "user20",
              "credentialPair": "user20:cGFzczIw",
              "success": false,
              "userAgent": "Mozilla/5.0",
              "sessionId": "session456",
              "tenantId": "tenant1"
            },
            {
              "timestamp": 1766403036241,
              "username": "user21",
              "credentialPair": "user21:cGFzczIx",
              "success": false,
              "userAgent": "Mozilla/5.0",
              "sessionId": "session456",
              "tenantId": "tenant1"
            },
            {
              "timestamp": 1766403037252,
              "username": "user22",
              "credentialPair": "user22:cGFzczIy",
              "success": false,
              "userAgent": "Mozilla/5.0",
              "sessionId": "session456",
              "tenantId": "tenant1"
            },
            {
              "timestamp": 1766403038254,
              "username": "user23",
              "credentialPair": "user23:cGFzczIz",
              "success": false,
              "userAgent": "Mozilla/5.0",
              "sessionId": "session456",
              "tenantId": "tenant1"
            },
            {
              "timestamp": 1766403039258,
              "username": "user24",
              "credentialPair": "user24:cGFzczI0",
              "success": false,
              "userAgent": "Mozilla/5.0",
              "sessionId": "session456",
              "tenantId": "tenant1"
            },
            {
              "timestamp": 1766403040269,
              "username": "user25",
              "credentialPair": "user25:cGFzczI1",
              "success": false,
              "userAgent": "Mozilla/5.0",
              "sessionId": "session456",
              "tenantId": "tenant1"
            },
            {
              "timestamp": 1766403041271,
              "username": "user26",
              "credentialPair": "user26:cGFzczI2",
              "success": false,
              "userAgent": "Mozilla/5.0",
              "sessionId": "session456",
              "tenantId": "tenant1"
            },
            {
              "timestamp": 1766403042273,
              "username": "user27",
              "credentialPair": "user27:cGFzczI3",
              "success": false,
              "userAgent": "Mozilla/5.0",
              "sessionId": "session456",
              "tenantId": "tenant1"
            },
            {
              "timestamp": 1766403043274,
              "username": "user28",
              "credentialPair": "user28:cGFzczI4",
              "success": false,
              "userAgent": "Mozilla/5.0",
              "sessionId": "session456",
              "tenantId": "tenant1"
            },
            {
              "timestamp": 1766403044276,
              "username": "user29",
              "credentialPair": "user29:cGFzczI5",
              "success": false,
              "userAgent": "Mozilla/5.0",
              "sessionId": "session456",
              "tenantId": "tenant1"
            },
            {
              "timestamp": 1766403045282,
              "username": "user30",
              "credentialPair": "user30:cGFzczMw",
              "success": false,
              "userAgent": "Mozilla/5.0",
              "sessionId": "session456",
              "tenantId": "tenant1"
            },
            {
              "timestamp": 1766403046284,
              "username": "user31",
              "credentialPair": "user31:cGFzczMx",
              "success": false,
              "userAgent": "Mozilla/5.0",
              "sessionId": "session456",
              "tenantId": "tenant1"
            },
            {
              "timestamp": 1766403047285,
              "username": "user32",
              "credentialPair": "user32:cGFzczMy",
              "success": false,
              "userAgent": "Mozilla/5.0",
              "sessionId": "session456",
              "tenantId": "tenant1"
            },
            {
              "timestamp": 1766403048286,
              "username": "user33",
              "credentialPair": "user33:cGFzczMz",
              "success": false,
              "userAgent": "Mozilla/5.0",
              "sessionId": "session456",
              "tenantId": "tenant1"
            },
            {
              "timestamp": 1766403049287,
              "username": "user34",
              "credentialPair": "user34:cGFzczM0",
              "success": false,
              "userAgent": "Mozilla/5.0",
              "sessionId": "session456",
              "tenantId": "tenant1"
            },
            {
              "timestamp": 1766403050291,
              "username": "user35",
              "credentialPair": "user35:cGFzczM1",
              "success": false,
              "userAgent": "Mozilla/5.0",
              "sessionId": "session456",
              "tenantId": "tenant1"
            },
            {
              "timestamp": 1766403051293,
              "username": "user36",
              "credentialPair": "user36:cGFzczM2",
              "success": false,
              "userAgent": "Mozilla/5.0",
              "sessionId": "session456",
              "tenantId": "tenant1"
            },
            {
              "timestamp": 1766403052313,
              "username": "user37",
              "credentialPair": "user37:cGFzczM3",
              "success": false,
              "userAgent": "Mozilla/5.0",
              "sessionId": "session456",
              "tenantId": "tenant1"
            },
            {
              "timestamp": 1766403053314,
              "username": "user38",
              "credentialPair": "user38:cGFzczM4",
              "success": false,
              "userAgent": "Mozilla/5.0",
              "sessionId": "session456",
              "tenantId": "tenant1"
            },
            {
              "timestamp": 1766403054315,
              "username": "user39",
              "credentialPair": "user39:cGFzczM5",
              "success": false,
              "userAgent": "Mozilla/5.0",
              "sessionId": "session456",
              "tenantId": "tenant1"
            },
            {
              "timestamp": 1766403055316,
              "username": "user40",
              "credentialPair": "user40:cGFzczQw",
              "success": false,
              "userAgent": "Mozilla/5.0",
              "sessionId": "session456",
              "tenantId": "tenant1"
            },
            {
              "timestamp": 1766403056317,
              "username": "user41",
              "credentialPair": "user41:cGFzczQx",
              "success": false,
              "userAgent": "Mozilla/5.0",
              "sessionId": "session456",
              "tenantId": "tenant1"
            },
            {
              "timestamp": 1766403057319,
              "username": "user42",
              "credentialPair": "user42:cGFzczQy",
              "success": false,
              "userAgent": "Mozilla/5.0",
              "sessionId": "session456",
              "tenantId": "tenant1"
            },
            {
              "timestamp": 1766403058320,
              "username": "user43",
              "credentialPair": "user43:cGFzczQz",
              "success": false,
              "userAgent": "Mozilla/5.0",
              "sessionId": "session456",
              "tenantId": "tenant1"
            },
            {
              "timestamp": 1766403059321,
              "username": "user44",
              "credentialPair": "user44:cGFzczQ0",
              "success": false,
              "userAgent": "Mozilla/5.0",
              "sessionId": "session456",
              "tenantId": "tenant1"
            },
            {
              "timestamp": 1766403060323,
              "username": "user45",
              "credentialPair": "user45:cGFzczQ1",
              "success": false,
              "userAgent": "Mozilla/5.0",
              "sessionId": "session456",
              "tenantId": "tenant1"
            },
            {
              "timestamp": 1766403061324,
              "username": "user46",
              "credentialPair": "user46:cGFzczQ2",
              "success": false,
              "userAgent": "Mozilla/5.0",
              "sessionId": "session456",
              "tenantId": "tenant1"
            },
            {
              "timestamp": 1766403062327,
              "username": "user47",
              "credentialPair": "user47:cGFzczQ3",
              "success": false,
              "userAgent": "Mozilla/5.0",
              "sessionId": "session456",
              "tenantId": "tenant1"
            },
            {
              "timestamp": 1766403063328,
              "username": "user48",
              "credentialPair": "user48:cGFzczQ4",
              "success": false,
              "userAgent": "Mozilla/5.0",
              "sessionId": "session456",
              "tenantId": "tenant1"
            },
            {
              "timestamp": 1766403064329,
              "username": "user49",
              "credentialPair": "user49:cGFzczQ5",
              "success": false,
              "userAgent": "Mozilla/5.0",
              "sessionId": "session456",
              "tenantId": "tenant1"
            },
            {
              "timestamp": 1766403065332,
              "username": "user50",
              "credentialPair": "user50:cGFzczUw",
              "success": true,
              "userAgent": "Mozilla/5.0",
              "sessionId": "session456",
              "tenantId": "tenant1"
            },
            {
              "timestamp": 1766403066335,
              "username": "user51",
              "credentialPair": "user51:cGFzczUx",
              "success": false,
              "userAgent": "Mozilla/5.0",
              "sessionId": "session456",
              "tenantId": "tenant1"
            },
            {
              "timestamp": 1766403067337,
              "username": "user52",
              "credentialPair": "user52:cGFzczUy",
              "success": false,
              "userAgent": "Mozilla/5.0",
              "sessionId": "session456",
              "tenantId": "tenant1"
            },
            {
              "timestamp": 1766403068341,
              "username": "user53",
              "credentialPair": "user53:cGFzczUz",
              "success": false,
              "userAgent": "Mozilla/5.0",
              "sessionId": "session456",
              "tenantId": "tenant1"
            },
            {
              "timestamp": 1766403069348,
              "username": "user54",
              "credentialPair": "user54:cGFzczU0",
              "success": false,
              "userAgent": "Mozilla/5.0",
              "sessionId": "session456",
              "tenantId": "tenant1"
            },
            {
              "timestamp": 1766403070353,
              "username": "user55",
              "credentialPair": "user55:cGFzczU1",
              "success": false,
              "userAgent": "Mozilla/5.0",
              "sessionId": "session456",
              "tenantId": "tenant1"
            },
            {
              "timestamp": 1766403071355,
              "username": "user56",
              "credentialPair": "user56:cGFzczU2",
              "success": false,
              "userAgent": "Mozilla/5.0",
              "sessionId": "session456",
              "tenantId": "tenant1"
            },
            {
              "timestamp": 1766403072358,
              "username": "user57",
              "credentialPair": "user57:cGFzczU3",
              "success": false,
              "userAgent": "Mozilla/5.0",
              "sessionId": "session456",
              "tenantId": "tenant1"
            },
            {
              "timestamp": 1766403073360,
              "username": "user58",
              "credentialPair": "user58:cGFzczU4",
              "success": false,
              "userAgent": "Mozilla/5.0",
              "sessionId": "session456",
              "tenantId": "tenant1"
            },
            {
              "timestamp": 1766403074363,
              "username": "user59",
              "credentialPair": "user59:cGFzczU5",
              "success": false,
              "userAgent": "Mozilla/5.0",
              "sessionId": "session456",
              "tenantId": "tenant1"
            }
          ],
          "credentialAnalysis": {
            "totalPairs": 60,
            "estimatedSource": "small_breach_or_targeted",
            "patternType": "manual"
          },
          "attackVector": "credential_stuffing"
        }
      }

      at Console.write [as log] (node_modules/winston/lib/wi
nston/transports/console.js:87:23)
          at Array.forEach (<anonymous>)

    console.log
      2025-12-22 13:30:15 [PLATFORM] [[31merror[39m]: 
Credential Stuffing Attack: credential_stuffing_breach_data 
{
        "platform": true,
        "ipAddress": "192.168.1.200",
        "uniqueCredentialPairs": 20,
        "uniqueUsernames": 20,
        "successRate": 0,
        "potentialBreachSource": "small_breach_or_targeted",
        "violationType": "credential_stuffing_breach_data",
        "severity": "high",
        "description": "Credential stuffing using breach 
data detected",
        "forensicData": {
          "recentAttempts": [
            {
              "timestamp": 1766403015367,
              "username": "breached_user_0",
              "credentialPair": 
"breached_user_0:YnJlYWNoZW",
              "success": false,
              "userAgent": "Mozilla/5.0",
              "sessionId": "session456",
              "tenantId": "tenant1"
            },
            {
              "timestamp": 1766403016367,
              "username": "breached_user_1",
              "credentialPair": 
"breached_user_1:YnJlYWNoZW",
              "success": false,
              "userAgent": "Mozilla/5.0",
              "sessionId": "session456",
              "tenantId": "tenant1"
            },
            {
              "timestamp": 1766403017367,
              "username": "breached_user_2",
              "credentialPair": 
"breached_user_2:YnJlYWNoZW",
              "success": false,
              "userAgent": "Mozilla/5.0",
              "sessionId": "session456",
              "tenantId": "tenant1"
            },
            {
              "timestamp": 1766403018367,
              "username": "breached_user_3",
              "credentialPair": 
"breached_user_3:YnJlYWNoZW",
              "success": false,
              "userAgent": "Mozilla/5.0",
              "sessionId": "session456",
              "tenantId": "tenant1"
            },
            {
              "timestamp": 1766403019367,
              "username": "breached_user_4",
              "credentialPair": 
"breached_user_4:YnJlYWNoZW",
              "success": false,
              "userAgent": "Mozilla/5.0",
              "sessionId": "session456",
              "tenantId": "tenant1"
            },
            {
              "timestamp": 1766403020367,
              "username": "breached_user_5",
              "credentialPair": 
"breached_user_5:YnJlYWNoZW",
              "success": false,
              "userAgent": "Mozilla/5.0",
              "sessionId": "session456",
              "tenantId": "tenant1"
            },
            {
              "timestamp": 1766403021367,
              "username": "breached_user_6",
              "credentialPair": 
"breached_user_6:YnJlYWNoZW",
              "success": false,
              "userAgent": "Mozilla/5.0",
              "sessionId": "session456",
              "tenantId": "tenant1"
            },
            {
              "timestamp": 1766403022367,
              "username": "breached_user_7",
              "credentialPair": 
"breached_user_7:YnJlYWNoZW",
              "success": false,
              "userAgent": "Mozilla/5.0",
              "sessionId": "session456",
              "tenantId": "tenant1"
            },
            {
              "timestamp": 1766403023367,
              "username": "breached_user_8",
              "credentialPair": 
"breached_user_8:YnJlYWNoZW",
              "success": false,
              "userAgent": "Mozilla/5.0",
              "sessionId": "session456",
              "tenantId": "tenant1"
            },
            {
              "timestamp": 1766403024367,
              "username": "breached_user_9",
              "credentialPair": 
"breached_user_9:YnJlYWNoZW",
              "success": false,
              "userAgent": "Mozilla/5.0",
              "sessionId": "session456",
              "tenantId": "tenant1"
            },
            {
              "timestamp": 1766403025367,
              "username": "breached_user_10",
              "credentialPair": 
"breached_user_10:YnJlYWNoZW",
              "success": false,
              "userAgent": "Mozilla/5.0",
              "sessionId": "session456",
              "tenantId": "tenant1"
            },
            {
              "timestamp": 1766403026367,
              "username": "breached_user_11",
              "credentialPair": 
"breached_user_11:YnJlYWNoZW",
              "success": false,
              "userAgent": "Mozilla/5.0",
              "sessionId": "session456",
              "tenantId": "tenant1"
            },
            {
              "timestamp": 1766403027367,
              "username": "breached_user_12",
              "credentialPair": 
"breached_user_12:YnJlYWNoZW",
              "success": false,
              "userAgent": "Mozilla/5.0",
              "sessionId": "session456",
              "tenantId": "tenant1"
            },
            {
              "timestamp": 1766403028367,
              "username": "breached_user_13",
              "credentialPair": 
"breached_user_13:YnJlYWNoZW",
              "success": false,
              "userAgent": "Mozilla/5.0",
              "sessionId": "session456",
              "tenantId": "tenant1"
            },
            {
              "timestamp": 1766403029367,
              "username": "breached_user_14",
              "credentialPair": 
"breached_user_14:YnJlYWNoZW",
              "success": false,
              "userAgent": "Mozilla/5.0",
              "sessionId": "session456",
              "tenantId": "tenant1"
            },
            {
              "timestamp": 1766403030367,
              "username": "breached_user_15",
              "credentialPair": 
"breached_user_15:YnJlYWNoZW",
              "success": false,
              "userAgent": "Mozilla/5.0",
              "sessionId": "session456",
              "tenantId": "tenant1"
            },
            {
              "timestamp": 1766403031367,
              "username": "breached_user_16",
              "credentialPair": 
"breached_user_16:YnJlYWNoZW",
              "success": false,
              "userAgent": "Mozilla/5.0",
              "sessionId": "session456",
              "tenantId": "tenant1"
            },
            {
              "timestamp": 1766403032367,
              "username": "breached_user_17",
              "credentialPair": 
"breached_user_17:YnJlYWNoZW",
              "success": false,
              "userAgent": "Mozilla/5.0",
              "sessionId": "session456",
              "tenantId": "tenant1"
            },
            {
              "timestamp": 1766403033367,
              "username": "breached_user_18",
              "credentialPair": 
"breached_user_18:YnJlYWNoZW",
              "success": false,
              "userAgent": "Mozilla/5.0",
              "sessionId": "session456",
              "tenantId": "tenant1"
            },
            {
              "timestamp": 1766403034367,
              "username": "breached_user_19",
              "credentialPair": 
"breached_user_19:YnJlYWNoZW",
              "success": false,
              "userAgent": "Mozilla/5.0",
              "sessionId": "session456",
              "tenantId": "tenant1"
            }
          ],
          "credentialAnalysis": {
            "totalPairs": 20,
            "estimatedSource": "small_breach_or_targeted",
            "patternType": "manual"
          },
          "attackVector": "credential_stuffing"
        }
      }

      at Console.write [as log] (node_modules/winston/lib/wi
nston/transports/console.js:87:23)
          at Array.forEach (<anonymous>)

    console.log
      2025-12-22 13:30:15 [PLATFORM] [[31merror[39m]: 
Credential Stuffing Attack: credential_stuffing_breach_data 
{
        "platform": true,
        "ipAddress": "192.168.1.200",
        "uniqueCredentialPairs": 21,
        "uniqueUsernames": 21,
        "successRate": 0,
        "potentialBreachSource": "small_breach_or_targeted",
        "violationType": "credential_stuffing_breach_data",
        "severity": "high",
        "description": "Credential stuffing using breach 
data detected",
        "forensicData": {
          "recentAttempts": [
            {
              "timestamp": 1766403015367,
              "username": "breached_user_0",
              "credentialPair": 
"breached_user_0:YnJlYWNoZW",
              "success": false,
              "userAgent": "Mozilla/5.0",
              "sessionId": "session456",
              "tenantId": "tenant1"
            },
            {
              "timestamp": 1766403016367,
              "username": "breached_user_1",
              "credentialPair": 
"breached_user_1:YnJlYWNoZW",
              "success": false,
              "userAgent": "Mozilla/5.0",
              "sessionId": "session456",
              "tenantId": "tenant1"
            },
            {
              "timestamp": 1766403017367,
              "username": "breached_user_2",
              "credentialPair": 
"breached_user_2:YnJlYWNoZW",
              "success": false,
              "userAgent": "Mozilla/5.0",
              "sessionId": "session456",
              "tenantId": "tenant1"
            },
            {
              "timestamp": 1766403018367,
              "username": "breached_user_3",
              "credentialPair": 
"breached_user_3:YnJlYWNoZW",
              "success": false,
              "userAgent": "Mozilla/5.0",
              "sessionId": "session456",
              "tenantId": "tenant1"
            },
            {
              "timestamp": 1766403019367,
              "username": "breached_user_4",
              "credentialPair": 
"breached_user_4:YnJlYWNoZW",
              "success": false,
              "userAgent": "Mozilla/5.0",
              "sessionId": "session456",
              "tenantId": "tenant1"
            },
            {
              "timestamp": 1766403020367,
              "username": "breached_user_5",
              "credentialPair": 
"breached_user_5:YnJlYWNoZW",
              "success": false,
              "userAgent": "Mozilla/5.0",
              "sessionId": "session456",
              "tenantId": "tenant1"
            },
            {
              "timestamp": 1766403021367,
              "username": "breached_user_6",
              "credentialPair": 
"breached_user_6:YnJlYWNoZW",
              "success": false,
              "userAgent": "Mozilla/5.0",
              "sessionId": "session456",
              "tenantId": "tenant1"
            },
            {
              "timestamp": 1766403022367,
              "username": "breached_user_7",
              "credentialPair": 
"breached_user_7:YnJlYWNoZW",
              "success": false,
              "userAgent": "Mozilla/5.0",
              "sessionId": "session456",
              "tenantId": "tenant1"
            },
            {
              "timestamp": 1766403023367,
              "username": "breached_user_8",
              "credentialPair": 
"breached_user_8:YnJlYWNoZW",
              "success": false,
              "userAgent": "Mozilla/5.0",
              "sessionId": "session456",
              "tenantId": "tenant1"
            },
            {
              "timestamp": 1766403024367,
              "username": "breached_user_9",
              "credentialPair": 
"breached_user_9:YnJlYWNoZW",
              "success": false,
              "userAgent": "Mozilla/5.0",
              "sessionId": "session456",
              "tenantId": "tenant1"
            },
            {
              "timestamp": 1766403025367,
              "username": "breached_user_10",
              "credentialPair": 
"breached_user_10:YnJlYWNoZW",
              "success": false,
              "userAgent": "Mozilla/5.0",
              "sessionId": "session456",
              "tenantId": "tenant1"
            },
            {
              "timestamp": 1766403026367,
              "username": "breached_user_11",
              "credentialPair": 
"breached_user_11:YnJlYWNoZW",
              "success": false,
              "userAgent": "Mozilla/5.0",
              "sessionId": "session456",
              "tenantId": "tenant1"
            },
            {
              "timestamp": 1766403027367,
              "username": "breached_user_12",
              "credentialPair": 
"breached_user_12:YnJlYWNoZW",
              "success": false,
              "userAgent": "Mozilla/5.0",
              "sessionId": "session456",
              "tenantId": "tenant1"
            },
            {
              "timestamp": 1766403028367,
              "username": "breached_user_13",
              "credentialPair": 
"breached_user_13:YnJlYWNoZW",
              "success": false,
              "userAgent": "Mozilla/5.0",
              "sessionId": "session456",
              "tenantId": "tenant1"
            },
            {
              "timestamp": 1766403029367,
              "username": "breached_user_14",
              "credentialPair": 
"breached_user_14:YnJlYWNoZW",
              "success": false,
              "userAgent": "Mozilla/5.0",
              "sessionId": "session456",
              "tenantId": "tenant1"
            },
            {
              "timestamp": 1766403030367,
              "username": "breached_user_15",
              "credentialPair": 
"breached_user_15:YnJlYWNoZW",
              "success": false,
              "userAgent": "Mozilla/5.0",
              "sessionId": "session456",
              "tenantId": "tenant1"
            },
            {
              "timestamp": 1766403031367,
              "username": "breached_user_16",
              "credentialPair": 
"breached_user_16:YnJlYWNoZW",
              "success": false,
              "userAgent": "Mozilla/5.0",
              "sessionId": "session456",
              "tenantId": "tenant1"
            },
            {
              "timestamp": 1766403032367,
              "username": "breached_user_17",
              "credentialPair": 
"breached_user_17:YnJlYWNoZW",
              "success": false,
              "userAgent": "Mozilla/5.0",
              "sessionId": "session456",
              "tenantId": "tenant1"
            },
            {
              "timestamp": 1766403033367,
              "username": "breached_user_18",
              "credentialPair": 
"breached_user_18:YnJlYWNoZW",
              "success": false,
              "userAgent": "Mozilla/5.0",
              "sessionId": "session456",
              "tenantId": "tenant1"
            },
            {
              "timestamp": 1766403034367,
              "username": "breached_user_19",
              "credentialPair": 
"breached_user_19:YnJlYWNoZW",
              "success": false,
              "userAgent": "Mozilla/5.0",
              "sessionId": "session456",
              "tenantId": "tenant1"
            },
            {
              "timestamp": 1766403035368,
              "username": "breached_user_20",
              "credentialPair": 
"breached_user_20:YnJlYWNoZW",
              "success": false,
              "userAgent": "Mozilla/5.0",
              "sessionId": "session456",
              "tenantId": "tenant1"
            }
          ],
          "credentialAnalysis": {
            "totalPairs": 21,
            "estimatedSource": "small_breach_or_targeted",
            "patternType": "manual"
          },
          "attackVector": "credential_stuffing"
        }
      }

      at Console.write [as log] (node_modules/winston/lib/wi
nston/transports/console.js:87:23)
          at Array.forEach (<anonymous>)

    console.log
      2025-12-22 13:30:15 [PLATFORM] [[31merror[39m]: 
Credential Stuffing Attack: credential_stuffing_breach_data 
{
        "platform": true,
        "ipAddress": "192.168.1.200",
        "uniqueCredentialPairs": 22,
        "uniqueUsernames": 22,
        "successRate": 0,
        "potentialBreachSource": "small_breach_or_targeted",
        "violationType": "credential_stuffing_breach_data",
        "severity": "high",
        "description": "Credential stuffing using breach 
data detected",
        "forensicData": {
          "recentAttempts": [
            {
              "timestamp": 1766403015367,
              "username": "breached_user_0",
              "credentialPair": 
"breached_user_0:YnJlYWNoZW",
              "success": false,
              "userAgent": "Mozilla/5.0",
              "sessionId": "session456",
              "tenantId": "tenant1"
            },
            {
              "timestamp": 1766403016367,
              "username": "breached_user_1",
              "credentialPair": 
"breached_user_1:YnJlYWNoZW",
              "success": false,
              "userAgent": "Mozilla/5.0",
              "sessionId": "session456",
              "tenantId": "tenant1"
            },
            {
              "timestamp": 1766403017367,
              "username": "breached_user_2",
              "credentialPair": 
"breached_user_2:YnJlYWNoZW",
              "success": false,
              "userAgent": "Mozilla/5.0",
              "sessionId": "session456",
              "tenantId": "tenant1"
            },
            {
              "timestamp": 1766403018367,
              "username": "breached_user_3",
              "credentialPair": 
"breached_user_3:YnJlYWNoZW",
              "success": false,
              "userAgent": "Mozilla/5.0",
              "sessionId": "session456",
              "tenantId": "tenant1"
            },
            {
              "timestamp": 1766403019367,
              "username": "breached_user_4",
              "credentialPair": 
"breached_user_4:YnJlYWNoZW",
              "success": false,
              "userAgent": "Mozilla/5.0",
              "sessionId": "session456",
              "tenantId": "tenant1"
            },
            {
              "timestamp": 1766403020367,
              "username": "breached_user_5",
              "credentialPair": 
"breached_user_5:YnJlYWNoZW",
              "success": false,
              "userAgent": "Mozilla/5.0",
              "sessionId": "session456",
              "tenantId": "tenant1"
            },
            {
              "timestamp": 1766403021367,
              "username": "breached_user_6",
              "credentialPair": 
"breached_user_6:YnJlYWNoZW",
              "success": false,
              "userAgent": "Mozilla/5.0",
              "sessionId": "session456",
              "tenantId": "tenant1"
            },
            {
              "timestamp": 1766403022367,
              "username": "breached_user_7",
              "credentialPair": 
"breached_user_7:YnJlYWNoZW",
              "success": false,
              "userAgent": "Mozilla/5.0",
              "sessionId": "session456",
              "tenantId": "tenant1"
            },
            {
              "timestamp": 1766403023367,
              "username": "breached_user_8",
              "credentialPair": 
"breached_user_8:YnJlYWNoZW",
              "success": false,
              "userAgent": "Mozilla/5.0",
              "sessionId": "session456",
              "tenantId": "tenant1"
            },
            {
              "timestamp": 1766403024367,
              "username": "breached_user_9",
              "credentialPair": 
"breached_user_9:YnJlYWNoZW",
              "success": false,
              "userAgent": "Mozilla/5.0",
              "sessionId": "session456",
              "tenantId": "tenant1"
            },
            {
              "timestamp": 1766403025367,
              "username": "breached_user_10",
              "credentialPair": 
"breached_user_10:YnJlYWNoZW",
              "success": false,
              "userAgent": "Mozilla/5.0",
              "sessionId": "session456",
              "tenantId": "tenant1"
            },
            {
              "timestamp": 1766403026367,
              "username": "breached_user_11",
              "credentialPair": 
"breached_user_11:YnJlYWNoZW",
              "success": false,
              "userAgent": "Mozilla/5.0",
              "sessionId": "session456",
              "tenantId": "tenant1"
            },
            {
              "timestamp": 1766403027367,
              "username": "breached_user_12",
              "credentialPair": 
"breached_user_12:YnJlYWNoZW",
              "success": false,
              "userAgent": "Mozilla/5.0",
              "sessionId": "session456",
              "tenantId": "tenant1"
            },
            {
              "timestamp": 1766403028367,
              "username": "breached_user_13",
              "credentialPair": 
"breached_user_13:YnJlYWNoZW",
              "success": false,
              "userAgent": "Mozilla/5.0",
              "sessionId": "session456",
              "tenantId": "tenant1"
            },
            {
              "timestamp": 1766403029367,
              "username": "breached_user_14",
              "credentialPair": 
"breached_user_14:YnJlYWNoZW",
              "success": false,
              "userAgent": "Mozilla/5.0",
              "sessionId": "session456",
              "tenantId": "tenant1"
            },
            {
              "timestamp": 1766403030367,
              "username": "breached_user_15",
              "credentialPair": 
"breached_user_15:YnJlYWNoZW",
              "success": false,
              "userAgent": "Mozilla/5.0",
              "sessionId": "session456",
              "tenantId": "tenant1"
            },
            {
              "timestamp": 1766403031367,
              "username": "breached_user_16",
              "credentialPair": 
"breached_user_16:YnJlYWNoZW",
              "success": false,
              "userAgent": "Mozilla/5.0",
              "sessionId": "session456",
              "tenantId": "tenant1"
            },
            {
              "timestamp": 1766403032367,
              "username": "breached_user_17",
              "credentialPair": 
"breached_user_17:YnJlYWNoZW",
              "success": false,
              "userAgent": "Mozilla/5.0",
              "sessionId": "session456",
              "tenantId": "tenant1"
            },
            {
              "timestamp": 1766403033367,
              "username": "breached_user_18",
              "credentialPair": 
"breached_user_18:YnJlYWNoZW",
              "success": false,
              "userAgent": "Mozilla/5.0",
              "sessionId": "session456",
              "tenantId": "tenant1"
            },
            {
              "timestamp": 1766403034367,
              "username": "breached_user_19",
              "credentialPair": 
"breached_user_19:YnJlYWNoZW",
              "success": false,
              "userAgent": "Mozilla/5.0",
              "sessionId": "session456",
              "tenantId": "tenant1"
            },
            {
              "timestamp": 1766403035368,
              "username": "breached_user_20",
              "credentialPair": 
"breached_user_20:YnJlYWNoZW",
              "success": false,
              "userAgent": "Mozilla/5.0",
              "sessionId": "session456",
              "tenantId": "tenant1"
            },
            {
              "timestamp": 1766403036369,
              "username": "breached_user_21",
              "credentialPair": 
"breached_user_21:YnJlYWNoZW",
              "success": false,
              "userAgent": "Mozilla/5.0",
              "sessionId": "session456",
              "tenantId": "tenant1"
            }
          ],
          "credentialAnalysis": {
            "totalPairs": 22,
            "estimatedSource": "small_breach_or_targeted",
            "patternType": "manual"
          },
          "attackVector": "credential_stuffing"
        }
      }

      at Console.write [as log] (node_modules/winston/lib/wi
nston/transports/console.js:87:23)
          at Array.forEach (<anonymous>)

    console.log
      2025-12-22 13:30:15 [PLATFORM] [[31merror[39m]: 
Credential Stuffing Attack: credential_stuffing_breach_data 
{
        "platform": true,
        "ipAddress": "192.168.1.200",
        "uniqueCredentialPairs": 23,
        "uniqueUsernames": 23,
        "successRate": 0,
        "potentialBreachSource": "small_breach_or_targeted",
        "violationType": "credential_stuffing_breach_data",
        "severity": "high",
        "description": "Credential stuffing using breach 
data detected",
        "forensicData": {
          "recentAttempts": [
            {
              "timestamp": 1766403015367,
              "username": "breached_user_0",
              "credentialPair": 
"breached_user_0:YnJlYWNoZW",
              "success": false,
              "userAgent": "Mozilla/5.0",
              "sessionId": "session456",
              "tenantId": "tenant1"
            },
            {
              "timestamp": 1766403016367,
              "username": "breached_user_1",
              "credentialPair": 
"breached_user_1:YnJlYWNoZW",
              "success": false,
              "userAgent": "Mozilla/5.0",
              "sessionId": "session456",
              "tenantId": "tenant1"
            },
            {
              "timestamp": 1766403017367,
              "username": "breached_user_2",
              "credentialPair": 
"breached_user_2:YnJlYWNoZW",
              "success": false,
              "userAgent": "Mozilla/5.0",
              "sessionId": "session456",
              "tenantId": "tenant1"
            },
            {
              "timestamp": 1766403018367,
              "username": "breached_user_3",
              "credentialPair": 
"breached_user_3:YnJlYWNoZW",
              "success": false,
              "userAgent": "Mozilla/5.0",
              "sessionId": "session456",
              "tenantId": "tenant1"
            },
            {
              "timestamp": 1766403019367,
              "username": "breached_user_4",
              "credentialPair": 
"breached_user_4:YnJlYWNoZW",
              "success": false,
              "userAgent": "Mozilla/5.0",
              "sessionId": "session456",
              "tenantId": "tenant1"
            },
            {
              "timestamp": 1766403020367,
              "username": "breached_user_5",
              "credentialPair": 
"breached_user_5:YnJlYWNoZW",
              "success": false,
              "userAgent": "Mozilla/5.0",
              "sessionId": "session456",
              "tenantId": "tenant1"
            },
            {
              "timestamp": 1766403021367,
              "username": "breached_user_6",
              "credentialPair": 
"breached_user_6:YnJlYWNoZW",
              "success": false,
              "userAgent": "Mozilla/5.0",
              "sessionId": "session456",
              "tenantId": "tenant1"
            },
            {
              "timestamp": 1766403022367,
              "username": "breached_user_7",
              "credentialPair": 
"breached_user_7:YnJlYWNoZW",
              "success": false,
              "userAgent": "Mozilla/5.0",
              "sessionId": "session456",
              "tenantId": "tenant1"
            },
            {
              "timestamp": 1766403023367,
              "username": "breached_user_8",
              "credentialPair": 
"breached_user_8:YnJlYWNoZW",
              "success": false,
              "userAgent": "Mozilla/5.0",
              "sessionId": "session456",
              "tenantId": "tenant1"
            },
            {
              "timestamp": 1766403024367,
              "username": "breached_user_9",
              "credentialPair": 
"breached_user_9:YnJlYWNoZW",
              "success": false,
              "userAgent": "Mozilla/5.0",
              "sessionId": "session456",
              "tenantId": "tenant1"
            },
            {
              "timestamp": 1766403025367,
              "username": "breached_user_10",
              "credentialPair": 
"breached_user_10:YnJlYWNoZW",
              "success": false,
              "userAgent": "Mozilla/5.0",
              "sessionId": "session456",
              "tenantId": "tenant1"
            },
            {
              "timestamp": 1766403026367,
              "username": "breached_user_11",
              "credentialPair": 
"breached_user_11:YnJlYWNoZW",
              "success": false,
              "userAgent": "Mozilla/5.0",
              "sessionId": "session456",
              "tenantId": "tenant1"
            },
            {
              "timestamp": 1766403027367,
              "username": "breached_user_12",
              "credentialPair": 
"breached_user_12:YnJlYWNoZW",
              "success": false,
              "userAgent": "Mozilla/5.0",
              "sessionId": "session456",
              "tenantId": "tenant1"
            },
            {
              "timestamp": 1766403028367,
              "username": "breached_user_13",
              "credentialPair": 
"breached_user_13:YnJlYWNoZW",
              "success": false,
              "userAgent": "Mozilla/5.0",
              "sessionId": "session456",
              "tenantId": "tenant1"
            },
            {
              "timestamp": 1766403029367,
              "username": "breached_user_14",
              "credentialPair": 
"breached_user_14:YnJlYWNoZW",
              "success": false,
              "userAgent": "Mozilla/5.0",
              "sessionId": "session456",
              "tenantId": "tenant1"
            },
            {
              "timestamp": 1766403030367,
              "username": "breached_user_15",
              "credentialPair": 
"breached_user_15:YnJlYWNoZW",
              "success": false,
              "userAgent": "Mozilla/5.0",
              "sessionId": "session456",
              "tenantId": "tenant1"
            },
            {
              "timestamp": 1766403031367,
              "username": "breached_user_16",
              "credentialPair": 
"breached_user_16:YnJlYWNoZW",
              "success": false,
              "userAgent": "Mozilla/5.0",
              "sessionId": "session456",
              "tenantId": "tenant1"
            },
            {
              "timestamp": 1766403032367,
              "username": "breached_user_17",
              "credentialPair": 
"breached_user_17:YnJlYWNoZW",
              "success": false,
              "userAgent": "Mozilla/5.0",
              "sessionId": "session456",
              "tenantId": "tenant1"
            },
            {
              "timestamp": 1766403033367,
              "username": "breached_user_18",
              "credentialPair": 
"breached_user_18:YnJlYWNoZW",
              "success": false,
              "userAgent": "Mozilla/5.0",
              "sessionId": "session456",
              "tenantId": "tenant1"
            },
            {
              "timestamp": 1766403034367,
              "username": "breached_user_19",
              "credentialPair": 
"breached_user_19:YnJlYWNoZW",
              "success": false,
              "userAgent": "Mozilla/5.0",
              "sessionId": "session456",
              "tenantId": "tenant1"
            },
            {
              "timestamp": 1766403035368,
              "username": "breached_user_20",
              "credentialPair": 
"breached_user_20:YnJlYWNoZW",
              "success": false,
              "userAgent": "Mozilla/5.0",
              "sessionId": "session456",
              "tenantId": "tenant1"
            },
            {
              "timestamp": 1766403036369,
              "username": "breached_user_21",
              "credentialPair": 
"breached_user_21:YnJlYWNoZW",
              "success": false,
              "userAgent": "Mozilla/5.0",
              "sessionId": "session456",
              "tenantId": "tenant1"
            },
            {
              "timestamp": 1766403037370,
              "username": "breached_user_22",
              "credentialPair": 
"breached_user_22:YnJlYWNoZW",
              "success": false,
              "userAgent": "Mozilla/5.0",
              "sessionId": "session456",
              "tenantId": "tenant1"
            }
          ],
          "credentialAnalysis": {
            "totalPairs": 23,
            "estimatedSource": "small_breach_or_targeted",
            "patternType": "manual"
          },
          "attackVector": "credential_stuffing"
        }
      }

      at Console.write [as log] (node_modules/winston/lib/wi
nston/transports/console.js:87:23)
          at Array.forEach (<anonymous>)

    console.log
      2025-12-22 13:30:15 [PLATFORM] [[31merror[39m]: 
Credential Stuffing Attack: credential_stuffing_breach_data 
{
        "platform": true,
        "ipAddress": "192.168.1.200",
        "uniqueCredentialPairs": 24,
        "uniqueUsernames": 24,
        "successRate": 0,
        "potentialBreachSource": "small_breach_or_targeted",
        "violationType": "credential_stuffing_breach_data",
        "severity": "high",
        "description": "Credential stuffing using breach 
data detected",
        "forensicData": {
          "recentAttempts": [
            {
              "timestamp": 1766403015367,
              "username": "breached_user_0",
              "credentialPair": 
"breached_user_0:YnJlYWNoZW",
              "success": false,
              "userAgent": "Mozilla/5.0",
              "sessionId": "session456",
              "tenantId": "tenant1"
            },
            {
              "timestamp": 1766403016367,
              "username": "breached_user_1",
              "credentialPair": 
"breached_user_1:YnJlYWNoZW",
              "success": false,
              "userAgent": "Mozilla/5.0",
              "sessionId": "session456",
              "tenantId": "tenant1"
            },
            {
              "timestamp": 1766403017367,
              "username": "breached_user_2",
              "credentialPair": 
"breached_user_2:YnJlYWNoZW",
              "success": false,
              "userAgent": "Mozilla/5.0",
              "sessionId": "session456",
              "tenantId": "tenant1"
            },
            {
              "timestamp": 1766403018367,
              "username": "breached_user_3",
              "credentialPair": 
"breached_user_3:YnJlYWNoZW",
              "success": false,
              "userAgent": "Mozilla/5.0",
              "sessionId": "session456",
              "tenantId": "tenant1"
            },
            {
              "timestamp": 1766403019367,
              "username": "breached_user_4",
              "credentialPair": 
"breached_user_4:YnJlYWNoZW",
              "success": false,
              "userAgent": "Mozilla/5.0",
              "sessionId": "session456",
              "tenantId": "tenant1"
            },
            {
              "timestamp": 1766403020367,
              "username": "breached_user_5",
              "credentialPair": 
"breached_user_5:YnJlYWNoZW",
              "success": false,
              "userAgent": "Mozilla/5.0",
              "sessionId": "session456",
              "tenantId": "tenant1"
            },
            {
              "timestamp": 1766403021367,
              "username": "breached_user_6",
              "credentialPair": 
"breached_user_6:YnJlYWNoZW",
              "success": false,
              "userAgent": "Mozilla/5.0",
              "sessionId": "session456",
              "tenantId": "tenant1"
            },
            {
              "timestamp": 1766403022367,
              "username": "breached_user_7",
              "credentialPair": 
"breached_user_7:YnJlYWNoZW",
              "success": false,
              "userAgent": "Mozilla/5.0",
              "sessionId": "session456",
              "tenantId": "tenant1"
            },
            {
              "timestamp": 1766403023367,
              "username": "breached_user_8",
              "credentialPair": 
"breached_user_8:YnJlYWNoZW",
              "success": false,
              "userAgent": "Mozilla/5.0",
              "sessionId": "session456",
              "tenantId": "tenant1"
            },
            {
              "timestamp": 1766403024367,
              "username": "breached_user_9",
              "credentialPair": 
"breached_user_9:YnJlYWNoZW",
              "success": false,
              "userAgent": "Mozilla/5.0",
              "sessionId": "session456",
              "tenantId": "tenant1"
            },
            {
              "timestamp": 1766403025367,
              "username": "breached_user_10",
              "credentialPair": 
"breached_user_10:YnJlYWNoZW",
              "success": false,
              "userAgent": "Mozilla/5.0",
              "sessionId": "session456",
              "tenantId": "tenant1"
            },
            {
              "timestamp": 1766403026367,
              "username": "breached_user_11",
              "credentialPair": 
"breached_user_11:YnJlYWNoZW",
              "success": false,
              "userAgent": "Mozilla/5.0",
              "sessionId": "session456",
              "tenantId": "tenant1"
            },
            {
              "timestamp": 1766403027367,
              "username": "breached_user_12",
              "credentialPair": 
"breached_user_12:YnJlYWNoZW",
              "success": false,
              "userAgent": "Mozilla/5.0",
              "sessionId": "session456",
              "tenantId": "tenant1"
            },
            {
              "timestamp": 1766403028367,
              "username": "breached_user_13",
              "credentialPair": 
"breached_user_13:YnJlYWNoZW",
              "success": false,
              "userAgent": "Mozilla/5.0",
              "sessionId": "session456",
              "tenantId": "tenant1"
            },
            {
              "timestamp": 1766403029367,
              "username": "breached_user_14",
              "credentialPair": 
"breached_user_14:YnJlYWNoZW",
              "success": false,
              "userAgent": "Mozilla/5.0",
              "sessionId": "session456",
              "tenantId": "tenant1"
            },
            {
              "timestamp": 1766403030367,
              "username": "breached_user_15",
              "credentialPair": 
"breached_user_15:YnJlYWNoZW",
              "success": false,
              "userAgent": "Mozilla/5.0",
              "sessionId": "session456",
              "tenantId": "tenant1"
            },
            {
              "timestamp": 1766403031367,
              "username": "breached_user_16",
              "credentialPair": 
"breached_user_16:YnJlYWNoZW",
              "success": false,
              "userAgent": "Mozilla/5.0",
              "sessionId": "session456",
              "tenantId": "tenant1"
            },
            {
              "timestamp": 1766403032367,
              "username": "breached_user_17",
              "credentialPair": 
"breached_user_17:YnJlYWNoZW",
              "success": false,
              "userAgent": "Mozilla/5.0",
              "sessionId": "session456",
              "tenantId": "tenant1"
            },
            {
              "timestamp": 1766403033367,
              "username": "breached_user_18",
              "credentialPair": 
"breached_user_18:YnJlYWNoZW",
              "success": false,
              "userAgent": "Mozilla/5.0",
              "sessionId": "session456",
              "tenantId": "tenant1"
            },
            {
              "timestamp": 1766403034367,
              "username": "breached_user_19",
              "credentialPair": 
"breached_user_19:YnJlYWNoZW",
              "success": false,
              "userAgent": "Mozilla/5.0",
              "sessionId": "session456",
              "tenantId": "tenant1"
            },
            {
              "timestamp": 1766403035368,
              "username": "breached_user_20",
              "credentialPair": 
"breached_user_20:YnJlYWNoZW",
              "success": false,
              "userAgent": "Mozilla/5.0",
              "sessionId": "session456",
              "tenantId": "tenant1"
            },
            {
              "timestamp": 1766403036369,
              "username": "breached_user_21",
              "credentialPair": 
"breached_user_21:YnJlYWNoZW",
              "success": false,
              "userAgent": "Mozilla/5.0",
              "sessionId": "session456",
              "tenantId": "tenant1"
            },
            {
              "timestamp": 1766403037370,
              "username": "breached_user_22",
              "credentialPair": 
"breached_user_22:YnJlYWNoZW",
              "success": false,
              "userAgent": "Mozilla/5.0",
              "sessionId": "session456",
              "tenantId": "tenant1"
            },
            {
              "timestamp": 1766403038372,
              "username": "breached_user_23",
              "credentialPair": 
"breached_user_23:YnJlYWNoZW",
              "success": false,
              "userAgent": "Mozilla/5.0",
              "sessionId": "session456",
              "tenantId": "tenant1"
            }
          ],
          "credentialAnalysis": {
            "totalPairs": 24,
            "estimatedSource": "small_breach_or_targeted",
            "patternType": "manual"
          },
          "attackVector": "credential_stuffing"
        }
      }

      at Console.write [as log] (node_modules/winston/lib/wi
nston/transports/console.js:87:23)
          at Array.forEach (<anonymous>)

    console.log
      2025-12-22 13:30:15 [PLATFORM] [[31merror[39m]: 
Credential Stuffing Attack: credential_stuffing_breach_data 
{
        "platform": true,
        "ipAddress": "192.168.1.200",
        "uniqueCredentialPairs": 25,
        "uniqueUsernames": 25,
        "successRate": 0,
        "potentialBreachSource": "small_breach_or_targeted",
        "violationType": "credential_stuffing_breach_data",
        "severity": "high",
        "description": "Credential stuffing using breach 
data detected",
        "forensicData": {
          "recentAttempts": [
            {
              "timestamp": 1766403015367,
              "username": "breached_user_0",
              "credentialPair": 
"breached_user_0:YnJlYWNoZW",
              "success": false,
              "userAgent": "Mozilla/5.0",
              "sessionId": "session456",
              "tenantId": "tenant1"
            },
            {
              "timestamp": 1766403016367,
              "username": "breached_user_1",
              "credentialPair": 
"breached_user_1:YnJlYWNoZW",
              "success": false,
              "userAgent": "Mozilla/5.0",
              "sessionId": "session456",
              "tenantId": "tenant1"
            },
            {
              "timestamp": 1766403017367,
              "username": "breached_user_2",
              "credentialPair": 
"breached_user_2:YnJlYWNoZW",
              "success": false,
              "userAgent": "Mozilla/5.0",
              "sessionId": "session456",
              "tenantId": "tenant1"
            },
            {
              "timestamp": 1766403018367,
              "username": "breached_user_3",
              "credentialPair": 
"breached_user_3:YnJlYWNoZW",
              "success": false,
              "userAgent": "Mozilla/5.0",
              "sessionId": "session456",
              "tenantId": "tenant1"
            },
            {
              "timestamp": 1766403019367,
              "username": "breached_user_4",
              "credentialPair": 
"breached_user_4:YnJlYWNoZW",
              "success": false,
              "userAgent": "Mozilla/5.0",
              "sessionId": "session456",
              "tenantId": "tenant1"
            },
            {
              "timestamp": 1766403020367,
              "username": "breached_user_5",
              "credentialPair": 
"breached_user_5:YnJlYWNoZW",
              "success": false,
              "userAgent": "Mozilla/5.0",
              "sessionId": "session456",
              "tenantId": "tenant1"
            },
            {
              "timestamp": 1766403021367,
              "username": "breached_user_6",
              "credentialPair": 
"breached_user_6:YnJlYWNoZW",
              "success": false,
              "userAgent": "Mozilla/5.0",
              "sessionId": "session456",
              "tenantId": "tenant1"
            },
            {
              "timestamp": 1766403022367,
              "username": "breached_user_7",
              "credentialPair": 
"breached_user_7:YnJlYWNoZW",
              "success": false,
              "userAgent": "Mozilla/5.0",
              "sessionId": "session456",
              "tenantId": "tenant1"
            },
            {
              "timestamp": 1766403023367,
              "username": "breached_user_8",
              "credentialPair": 
"breached_user_8:YnJlYWNoZW",
              "success": false,
              "userAgent": "Mozilla/5.0",
              "sessionId": "session456",
              "tenantId": "tenant1"
            },
            {
              "timestamp": 1766403024367,
              "username": "breached_user_9",
              "credentialPair": 
"breached_user_9:YnJlYWNoZW",
              "success": false,
              "userAgent": "Mozilla/5.0",
              "sessionId": "session456",
              "tenantId": "tenant1"
            },
            {
              "timestamp": 1766403025367,
              "username": "breached_user_10",
              "credentialPair": 
"breached_user_10:YnJlYWNoZW",
              "success": false,
              "userAgent": "Mozilla/5.0",
              "sessionId": "session456",
              "tenantId": "tenant1"
            },
            {
              "timestamp": 1766403026367,
              "username": "breached_user_11",
              "credentialPair": 
"breached_user_11:YnJlYWNoZW",
              "success": false,
              "userAgent": "Mozilla/5.0",
              "sessionId": "session456",
              "tenantId": "tenant1"
            },
            {
              "timestamp": 1766403027367,
              "username": "breached_user_12",
              "credentialPair": 
"breached_user_12:YnJlYWNoZW",
              "success": false,
              "userAgent": "Mozilla/5.0",
              "sessionId": "session456",
              "tenantId": "tenant1"
            },
            {
              "timestamp": 1766403028367,
              "username": "breached_user_13",
              "credentialPair": 
"breached_user_13:YnJlYWNoZW",
              "success": false,
              "userAgent": "Mozilla/5.0",
              "sessionId": "session456",
              "tenantId": "tenant1"
            },
            {
              "timestamp": 1766403029367,
              "username": "breached_user_14",
              "credentialPair": 
"breached_user_14:YnJlYWNoZW",
              "success": false,
              "userAgent": "Mozilla/5.0",
              "sessionId": "session456",
              "tenantId": "tenant1"
            },
            {
              "timestamp": 1766403030367,
              "username": "breached_user_15",
              "credentialPair": 
"breached_user_15:YnJlYWNoZW",
              "success": false,
              "userAgent": "Mozilla/5.0",
              "sessionId": "session456",
              "tenantId": "tenant1"
            },
            {
              "timestamp": 1766403031367,
              "username": "breached_user_16",
              "credentialPair": 
"breached_user_16:YnJlYWNoZW",
              "success": false,
              "userAgent": "Mozilla/5.0",
              "sessionId": "session456",
              "tenantId": "tenant1"
            },
            {
              "timestamp": 1766403032367,
              "username": "breached_user_17",
              "credentialPair": 
"breached_user_17:YnJlYWNoZW",
              "success": false,
              "userAgent": "Mozilla/5.0",
              "sessionId": "session456",
              "tenantId": "tenant1"
            },
            {
              "timestamp": 1766403033367,
              "username": "breached_user_18",
              "credentialPair": 
"breached_user_18:YnJlYWNoZW",
              "success": false,
              "userAgent": "Mozilla/5.0",
              "sessionId": "session456",
              "tenantId": "tenant1"
            },
            {
              "timestamp": 1766403034367,
              "username": "breached_user_19",
              "credentialPair": 
"breached_user_19:YnJlYWNoZW",
              "success": false,
              "userAgent": "Mozilla/5.0",
              "sessionId": "session456",
              "tenantId": "tenant1"
            },
            {
              "timestamp": 1766403035368,
              "username": "breached_user_20",
              "credentialPair": 
"breached_user_20:YnJlYWNoZW",
              "success": false,
              "userAgent": "Mozilla/5.0",
              "sessionId": "session456",
              "tenantId": "tenant1"
            },
            {
              "timestamp": 1766403036369,
              "username": "breached_user_21",
              "credentialPair": 
"breached_user_21:YnJlYWNoZW",
              "success": false,
              "userAgent": "Mozilla/5.0",
              "sessionId": "session456",
              "tenantId": "tenant1"
            },
            {
              "timestamp": 1766403037370,
              "username": "breached_user_22",
              "credentialPair": 
"breached_user_22:YnJlYWNoZW",
              "success": false,
              "userAgent": "Mozilla/5.0",
              "sessionId": "session456",
              "tenantId": "tenant1"
            },
            {
              "timestamp": 1766403038372,
              "username": "breached_user_23",
              "credentialPair": 
"breached_user_23:YnJlYWNoZW",
              "success": false,
              "userAgent": "Mozilla/5.0",
              "sessionId": "session456",
              "tenantId": "tenant1"
            },
            {
              "timestamp": 1766403039374,
              "username": "breached_user_24",
              "credentialPair": 
"breached_user_24:YnJlYWNoZW",
              "success": false,
              "userAgent": "Mozilla/5.0",
              "sessionId": "session456",
              "tenantId": "tenant1"
            }
          ],
          "credentialAnalysis": {
            "totalPairs": 25,
            "estimatedSource": "small_breach_or_targeted",
            "patternType": "manual"
          },
          "attackVector": "credential_stuffing"
        }
      }

      at Console.write [as log] (node_modules/winston/lib/wi
nston/transports/console.js:87:23)
          at Array.forEach (<anonymous>)

    console.log
      2025-12-22 13:30:15 [PLATFORM] [[31merror[39m]: 
Credential Stuffing Attack: credential_stuffing_distributed 
{
        "platform": true,
        "primaryIP": "192.168.1.102",
        "distributedIPs": [
          "192.168.1.102",
          "192.168.1.100",
          "192.168.1.101"
        ],
        "sharedCredentials": [
          "shared_user:c2hhcmVkX3",
          "shared_user:c2hhcmVkX3"
        ],
        "coordinationLevel": 0.2,
        "violationType": "credential_stuffing_distributed",
        "severity": "critical",
        "description": "Distributed credential stuffing 
attack detected",
        "forensicData": {
          "recentAttempts": [
            {
              "timestamp": 1766403017379,
              "username": "shared_user",
              "credentialPair": "shared_user:c2hhcmVkX3",
              "success": false,
              "userAgent": "Mozilla/5.0",
              "sessionId": "session2",
              "tenantId": "tenant1"
            }
          ],
          "credentialAnalysis": {
            "totalPairs": 1,
            "estimatedSource": "small_breach_or_targeted",
            "patternType": "manual"
          },
          "attackVector": "credential_stuffing"
        }
      }

      at Console.write [as log] (node_modules/winston/lib/wi
nston/transports/console.js:87:23)
          at Array.forEach (<anonymous>)
          at Array.forEach (<anonymous>)

    console.log
      2025-12-22 13:30:15 [PLATFORM] [[31merror[39m]: 
Cross-Session Attack: session_hijacking {
        "platform": true,
        "sessionId": "session789",
        "suspiciousIP": "10.0.0.50",
        "originalIP": "192.168.1.100",
        "userAgentMismatch": true,
        "timeGap": 0,
        "violationType": "session_hijacking",
        "severity": "critical",
        "description": "Potential session hijacking 
detected",
        "forensicData": {
          "sessionData": {
            "sessionId": "session789",
            "ipAddress": "192.168.1.100",
            "userId": "user123",
            "userAgent": "Mozilla/5.0 (Windows NT 10.0; 
Win64; x64)",
            "startTime": 1766403015383,
            "activities": [
              "login",
              "data_access"
            ],
            "suspiciousActivities": [],
            "riskScore": 0,
            "tenantId": "tenant1"
          },
          "ipHistory": {
            "totalSessions": 1,
            "uniqueUsers": 1,
            "uniqueTenants": 1,
            "firstSeen": 1766403315383,
            "lastSeen": 1766403315383,
            "timeSpan": 0
          },
          "crossSessionAnalysis": {
            "sessionPattern": "normal",
            "userPattern": "single_user",
            "tenantPattern": "single_tenant",
            "riskIndicators": []
          }
        }
      }

      at Console.write [as log] (node_modules/winston/lib/wi
nston/transports/console.js:87:23)
          at Array.forEach (<anonymous>)

    console.log
      2025-12-22 13:30:15 [PLATFORM] [[31merror[39m]: 
Cross-Session Attack: multi_session_abuse {
        "platform": true,
        "ipAddress": "192.168.1.100",
        "sessionCount": 11,
        "userCount": 11,
        "tenantCount": 1,
        "timeSpan": 100000,
        "violationType": "multi_session_abuse",
        "severity": "high",
        "description": "Multiple session abuse from single 
IP detected",
        "forensicData": {
          "sessionData": {
            "sessionId": "session10",
            "ipAddress": "192.168.1.100",
            "userId": "user10",
            "userAgent": "Mozilla/5.0",
            "startTime": 1766403115387,
            "activities": [
              "login",
              "browse"
            ],
            "suspiciousActivities": [],
            "riskScore": 0,
            "tenantId": "tenant1"
          },
          "ipHistory": {
            "totalSessions": 11,
            "uniqueUsers": 11,
            "uniqueTenants": 1,
            "firstSeen": 1766403015387,
            "lastSeen": 1766403115387,
            "timeSpan": 100000
          },
          "crossSessionAnalysis": {
            "sessionPattern": "high_activity",
            "userPattern": "multi_user",
            "tenantPattern": "single_tenant",
            "riskIndicators": [
              "high_session_count",
              "multiple_users"
            ]
          }
        }
      }

      at Console.write [as log] (node_modules/winston/lib/wi
nston/transports/console.js:87:23)
          at Array.forEach (<anonymous>)

    console.log
      2025-12-22 13:30:15 [PLATFORM] [[31merror[39m]: 
Cross-Session Attack: multi_session_abuse {
        "platform": true,
        "ipAddress": "192.168.1.100",
        "sessionCount": 12,
        "userCount": 12,
        "tenantCount": 1,
        "timeSpan": 110001,
        "violationType": "multi_session_abuse",
        "severity": "high",
        "description": "Multiple session abuse from single 
IP detected",
        "forensicData": {
          "sessionData": {
            "sessionId": "session11",
            "ipAddress": "192.168.1.100",
            "userId": "user11",
            "userAgent": "Mozilla/5.0",
            "startTime": 1766403125388,
            "activities": [
              "login",
              "browse"
            ],
            "suspiciousActivities": [],
            "riskScore": 0,
            "tenantId": "tenant1"
          },
          "ipHistory": {
            "totalSessions": 12,
            "uniqueUsers": 12,
            "uniqueTenants": 1,
            "firstSeen": 1766403015387,
            "lastSeen": 1766403125388,
            "timeSpan": 110001
          },
          "crossSessionAnalysis": {
            "sessionPattern": "high_activity",
            "userPattern": "multi_user",
            "tenantPattern": "single_tenant",
            "riskIndicators": [
              "high_session_count",
              "multiple_users"
            ]
          }
        }
      }

      at Console.write [as log] (node_modules/winston/lib/wi
nston/transports/console.js:87:23)
          at Array.forEach (<anonymous>)

    console.log
      2025-12-22 13:30:15 [PLATFORM] [[31merror[39m]: 
Cross-Session Attack: cross_tenant_session_pattern {
        "platform": true,
        "ipAddress": "192.168.1.100",
        "affectedTenants": [
          "tenant1",
          "tenant2",
          "tenant3",
          "tenant4"
        ],
        "sessionCount": 4,
        "potentialThreat": 
"reconnaissance_or_data_harvesting",
        "violationType": "cross_tenant_session_pattern",
        "severity": "medium",
        "description": "Cross-tenant session pattern 
detected",
        "forensicData": {
          "sessionData": {
            "sessionId": "session_tenant4",
            "ipAddress": "192.168.1.100",
            "userId": "user3",
            "userAgent": "Mozilla/5.0",
            "startTime": 1766403195401,
            "activities": [
              "login",
              "data_access"
            ],
            "suspiciousActivities": [],
            "riskScore": 0,
            "tenantId": "tenant4"
          },
          "ipHistory": {
            "totalSessions": 4,
            "uniqueUsers": 4,
            "uniqueTenants": 4,
            "firstSeen": 1766403015401,
            "lastSeen": 1766403195401,
            "timeSpan": 180000
          },
          "crossSessionAnalysis": {
            "sessionPattern": "normal",
            "userPattern": "multi_user",
            "tenantPattern": "cross_tenant",
            "riskIndicators": [
              "cross_tenant_access"
            ]
          }
        }
      }

      at Console.write [as log] (node_modules/winston/lib/wi
nston/transports/console.js:87:23)
          at Array.forEach (<anonymous>)
          at Array.forEach (<anonymous>)

    console.log
      2025-12-22 13:30:15 [PLATFORM] [[31merror[39m]: 
Platform-wide threat detected {
        "platform": true,
        "attackId": 
"brute_force_192.168.1._tenant1,te_1766403015404",
        "attackType": "brute_force",
        "sourceIPCount": 4,
        "targetTenantCount": 2,
        "coordinationLevel": 0.64,
        "duration": 0,
        "sourceIPs": [
          "192.168.1.100",
          "192.168.1.101",
          "192.168.1.102",
          "192.168.1.103"
        ],
        "violationType": "coordinated_multi_ip_attack",
        "severity": "critical",
        "description": "Coordinated attack from multiple IP 
addresses detected",
        "affectedTenants": [
          "tenant1",
          "tenant2"
        ],
        "attackingIPs": [
          "192.168.1.100",
          "192.168.1.101",
          "192.168.1.102",
          "192.168.1.103"
        ],
        "forensicData": {
          "fullAttackData": {
            "attackId": 
"brute_force_192.168.1._tenant1,te_1766403015404",
            "attackType": "brute_force",
            "firstDetected": 1766403015404,
            "lastActivity": 1766403015404,
            "sourceIPs": {},
            "targetTenants": {},
            "attackEvents": [
              {
                "timestamp": 1766403015404,
                "sourceIPs": [
                  "192.168.1.100",
                  "192.168.1.101",
                  "192.168.1.102",
                  "192.168.1.103"
                ],
                "targetTenants": [
                  "tenant1",
                  "tenant2"
                ],
                "attackSignature": {
                  "payloadSize": 1024,
                  "timing": 1000
                },
                "payload": {
                  "type": "login_attempt"
                }
              }
            ],
            "coordinationLevel": 0.64,
            "threatLevel": "low"
          },
          "threatIntelligence": {
            "attackType": "brute_force",
            "threatLevel": "low",
            "coordinationLevel": 0.64,
            "sourceCount": 4,
            "targetCount": 2,
            "duration": 0,
            "indicators": [],
            "attribution": {
              "likelyAutomated": true,
              "sophisticationLevel": "medium",
              "resourceLevel": "medium"
            }
          },
          "recommendedActions": []
        },
        "eventType": "coordinated_attack",
        "platformSecurity": true,
        "platformAudit": true,
        "source": "platform",
        "systemImpact": "unknown"
      }

      at Console.write [as log] (node_modules/winston/lib/wi
nston/transports/console.js:87:23)
          at Array.forEach (<anonymous>)

    console.log
      2025-12-22 13:30:15 [PLATFORM] [[31merror[39m]: 
Platform-wide threat detected {
        "platform": true,
        "attackId": 
"data_exfiltration_192.168.1._tenant1,te_1766403015408",
        "attackType": "data_exfiltration",
        "targetTenantCount": 6,
        "sourceIPCount": 2,
        "affectedTenants": [
          "tenant1",
          "tenant2",
          "tenant3",
          "tenant4",
          "tenant5",
          "tenant6"
        ],
        "attackPattern": [
          "multi_target",
          "highly_coordinated"
        ],
        "violationType": "coordinated_multi_tenant_attack",
        "severity": "critical",
        "description": "Coordinated attack targeting 
multiple tenants detected",
        "attackingIPs": [
          "192.168.1.100",
          "192.168.1.101"
        ],
        "forensicData": {
          "fullAttackData": {
            "attackId": 
"data_exfiltration_192.168.1._tenant1,te_1766403015408",
            "attackType": "data_exfiltration",
            "firstDetected": 1766403015408,
            "lastActivity": 1766403015408,
            "sourceIPs": {},
            "targetTenants": {},
            "attackEvents": [
              {
                "timestamp": 1766403015408,
                "sourceIPs": [
                  "192.168.1.100",
                  "192.168.1.101"
                ],
                "targetTenants": [
                  "tenant1",
                  "tenant2",
                  "tenant3",
                  "tenant4",
                  "tenant5",
                  "tenant6"
                ],
                "attackSignature": {
                  "payloadSize": 2048,
                  "timing": 500
                },
                "payload": {
                  "type": "data_request"
                }
              }
            ],
            "coordinationLevel": 0.76,
            "threatLevel": "low"
          },
          "threatIntelligence": {
            "attackType": "data_exfiltration",
            "threatLevel": "low",
            "coordinationLevel": 0.76,
            "sourceCount": 2,
            "targetCount": 6,
            "duration": 0,
            "indicators": [],
            "attribution": {
              "likelyAutomated": true,
              "sophisticationLevel": "medium",
              "resourceLevel": "medium"
            }
          },
          "recommendedActions": [
            "notify_affected_tenants",
            "increase_monitoring",
            "escalate_to_security_team",
            "implement_advanced_blocking"
          ]
        },
        "eventType": "coordinated_attack",
        "platformSecurity": true,
        "platformAudit": true,
        "source": "platform",
        "systemImpact": "unknown"
      }

      at Console.write [as log] (node_modules/winston/lib/wi
nston/transports/console.js:87:23)
          at Array.forEach (<anonymous>)

    console.log
      2025-12-22 13:30:15 [PLATFORM] [[31merror[39m]: 
Platform-wide threat detected {
        "platform": true,
        "attackId": 
"synchronized_ddos_192.168.1._tenant1,te_1766403015415",
        "attackType": "synchronized_ddos",
        "sourceIPCount": 3,
        "targetTenantCount": 2,
        "coordinationLevel": 0.61,
        "duration": 0,
        "sourceIPs": [
          "192.168.1.100",
          "192.168.1.101",
          "192.168.1.102"
        ],
        "violationType": "coordinated_multi_ip_attack",
        "severity": "critical",
        "description": "Coordinated attack from multiple IP 
addresses detected",
        "affectedTenants": [
          "tenant1",
          "tenant2"
        ],
        "attackingIPs": [
          "192.168.1.100",
          "192.168.1.101",
          "192.168.1.102"
        ],
        "forensicData": {
          "fullAttackData": {
            "attackId": 
"synchronized_ddos_192.168.1._tenant1,te_1766403015415",
            "attackType": "synchronized_ddos",
            "firstDetected": 1766403015415,
            "lastActivity": 1766403015415,
            "sourceIPs": {},
            "targetTenants": {},
            "attackEvents": [
              {
                "timestamp": 1766403015415,
                "sourceIPs": [
                  "192.168.1.100",
                  "192.168.1.101",
                  "192.168.1.102"
                ],
                "targetTenants": [
                  "tenant1",
                  "tenant2"
                ],
                "attackSignature": {
                  "payloadSize": 1024,
                  "timing": 1000
                },
                "payload": {
                  "type": "request_flood"
                }
              }
            ],
            "coordinationLevel": 0.61,
            "threatLevel": "low"
          },
          "threatIntelligence": {
            "attackType": "synchronized_ddos",
            "threatLevel": "low",
            "coordinationLevel": 0.61,
            "sourceCount": 3,
            "targetCount": 2,
            "duration": 0,
            "indicators": [],
            "attribution": {
              "likelyAutomated": true,
              "sophisticationLevel": "medium",
              "resourceLevel": "medium"
            }
          },
          "recommendedActions": []
        },
        "eventType": "coordinated_attack",
        "platformSecurity": true,
        "platformAudit": true,
        "source": "platform",
        "systemImpact": "unknown"
      }

      at Console.write [as log] (node_modules/winston/lib/wi
nston/transports/console.js:87:23)
          at Array.forEach (<anonymous>)

    console.log
      2025-12-22 13:30:15 [PLATFORM] [[31merror[39m]: 
Platform-wide threat detected {
        "platform": true,
        "attackId": 
"synchronized_ddos_192.168.1._tenant1,te_1766403015416",
        "attackType": "synchronized_ddos",
        "sourceIPCount": 3,
        "targetTenantCount": 2,
        "coordinationLevel": 0.61,
        "duration": 0,
        "sourceIPs": [
          "192.168.1.100",
          "192.168.1.101",
          "192.168.1.102"
        ],
        "violationType": "coordinated_multi_ip_attack",
        "severity": "critical",
        "description": "Coordinated attack from multiple IP 
addresses detected",
        "affectedTenants": [
          "tenant1",
          "tenant2"
        ],
        "attackingIPs": [
          "192.168.1.100",
          "192.168.1.101",
          "192.168.1.102"
        ],
        "forensicData": {
          "fullAttackData": {
            "attackId": 
"synchronized_ddos_192.168.1._tenant1,te_1766403015416",
            "attackType": "synchronized_ddos",
            "firstDetected": 1766403016415,
            "lastActivity": 1766403016415,
            "sourceIPs": {},
            "targetTenants": {},
            "attackEvents": [
              {
                "timestamp": 1766403016415,
                "sourceIPs": [
                  "192.168.1.100",
                  "192.168.1.101",
                  "192.168.1.102"
                ],
                "targetTenants": [
                  "tenant1",
                  "tenant2"
                ],
                "attackSignature": {
                  "payloadSize": 1024,
                  "timing": 1000
                },
                "payload": {
                  "type": "request_flood"
                }
              }
            ],
            "coordinationLevel": 0.61,
            "threatLevel": "low"
          },
          "threatIntelligence": {
            "attackType": "synchronized_ddos",
            "threatLevel": "low",
            "coordinationLevel": 0.61,
            "sourceCount": 3,
            "targetCount": 2,
            "duration": 0,
            "indicators": [],
            "attribution": {
              "likelyAutomated": true,
              "sophisticationLevel": "medium",
              "resourceLevel": "medium"
            }
          },
          "recommendedActions": []
        },
        "eventType": "coordinated_attack",
        "platformSecurity": true,
        "platformAudit": true,
        "source": "platform",
        "systemImpact": "unknown"
      }

      at Console.write [as log] (node_modules/winston/lib/wi
nston/transports/console.js:87:23)
          at Array.forEach (<anonymous>)

    console.log
      2025-12-22 13:30:15 [PLATFORM] [[31merror[39m]: 
Platform-wide threat detected {
        "platform": true,
        "attackId": 
"synchronized_ddos_192.168.1._tenant1,te_1766403015417",
        "attackType": "synchronized_ddos",
        "sourceIPCount": 3,
        "targetTenantCount": 2,
        "coordinationLevel": 0.61,
        "duration": 0,
        "sourceIPs": [
          "192.168.1.100",
          "192.168.1.101",
          "192.168.1.102"
        ],
        "violationType": "coordinated_multi_ip_attack",
        "severity": "critical",
        "description": "Coordinated attack from multiple IP 
addresses detected",
        "affectedTenants": [
          "tenant1",
          "tenant2"
        ],
        "attackingIPs": [
          "192.168.1.100",
          "192.168.1.101",
          "192.168.1.102"
        ],
        "forensicData": {
          "fullAttackData": {
            "attackId": 
"synchronized_ddos_192.168.1._tenant1,te_1766403015417",
            "attackType": "synchronized_ddos",
            "firstDetected": 1766403017415,
            "lastActivity": 1766403017415,
            "sourceIPs": {},
            "targetTenants": {},
            "attackEvents": [
              {
                "timestamp": 1766403017415,
                "sourceIPs": [
                  "192.168.1.100",
                  "192.168.1.101",
                  "192.168.1.102"
                ],
                "targetTenants": [
                  "tenant1",
                  "tenant2"
                ],
                "attackSignature": {
                  "payloadSize": 1024,
                  "timing": 1000
                },
                "payload": {
                  "type": "request_flood"
                }
              }
            ],
            "coordinationLevel": 0.61,
            "threatLevel": "low"
          },
          "threatIntelligence": {
            "attackType": "synchronized_ddos",
            "threatLevel": "low",
            "coordinationLevel": 0.61,
            "sourceCount": 3,
            "targetCount": 2,
            "duration": 0,
            "indicators": [],
            "attribution": {
              "likelyAutomated": true,
              "sophisticationLevel": "medium",
              "resourceLevel": "medium"
            }
          },
          "recommendedActions": []
        },
        "eventType": "coordinated_attack",
        "platformSecurity": true,
        "platformAudit": true,
        "source": "platform",
        "systemImpact": "unknown"
      }

      at Console.write [as log] (node_modules/winston/lib/wi
nston/transports/console.js:87:23)
          at Array.forEach (<anonymous>)

    console.log
      2025-12-22 13:30:15 [PLATFORM] [[31merror[39m]: 
Platform-wide threat detected {
        "platform": true,
        "attackId": 
"synchronized_ddos_192.168.1._tenant1,te_1766403015419",
        "attackType": "synchronized_ddos",
        "sourceIPCount": 3,
        "targetTenantCount": 2,
        "coordinationLevel": 0.61,
        "duration": 0,
        "sourceIPs": [
          "192.168.1.100",
          "192.168.1.101",
          "192.168.1.102"
        ],
        "violationType": "coordinated_multi_ip_attack",
        "severity": "critical",
        "description": "Coordinated attack from multiple IP 
addresses detected",
        "affectedTenants": [
          "tenant1",
          "tenant2"
        ],
        "attackingIPs": [
          "192.168.1.100",
          "192.168.1.101",
          "192.168.1.102"
        ],
        "forensicData": {
          "fullAttackData": {
            "attackId": 
"synchronized_ddos_192.168.1._tenant1,te_1766403015419",
            "attackType": "synchronized_ddos",
            "firstDetected": 1766403018415,
            "lastActivity": 1766403018415,
            "sourceIPs": {},
            "targetTenants": {},
            "attackEvents": [
              {
                "timestamp": 1766403018415,
                "sourceIPs": [
                  "192.168.1.100",
                  "192.168.1.101",
                  "192.168.1.102"
                ],
                "targetTenants": [
                  "tenant1",
                  "tenant2"
                ],
                "attackSignature": {
                  "payloadSize": 1024,
                  "timing": 1000
                },
                "payload": {
                  "type": "request_flood"
                }
              }
            ],
            "coordinationLevel": 0.61,
            "threatLevel": "low"
          },
          "threatIntelligence": {
            "attackType": "synchronized_ddos",
            "threatLevel": "low",
            "coordinationLevel": 0.61,
            "sourceCount": 3,
            "targetCount": 2,
            "duration": 0,
            "indicators": [],
            "attribution": {
              "likelyAutomated": true,
              "sophisticationLevel": "medium",
              "resourceLevel": "medium"
            }
          },
          "recommendedActions": []
        },
        "eventType": "coordinated_attack",
        "platformSecurity": true,
        "platformAudit": true,
        "source": "platform",
        "systemImpact": "unknown"
      }

      at Console.write [as log] (node_modules/winston/lib/wi
nston/transports/console.js:87:23)
          at Array.forEach (<anonymous>)

    console.log
      2025-12-22 13:30:15 [PLATFORM] [[31merror[39m]: 
Platform-wide threat detected {
        "platform": true,
        "attackId": 
"synchronized_ddos_192.168.1._tenant1,te_1766403015420",
        "attackType": "synchronized_ddos",
        "sourceIPCount": 3,
        "targetTenantCount": 2,
        "coordinationLevel": 0.61,
        "duration": 0,
        "sourceIPs": [
          "192.168.1.100",
          "192.168.1.101",
          "192.168.1.102"
        ],
        "violationType": "coordinated_multi_ip_attack",
        "severity": "critical",
        "description": "Coordinated attack from multiple IP 
addresses detected",
        "affectedTenants": [
          "tenant1",
          "tenant2"
        ],
        "attackingIPs": [
          "192.168.1.100",
          "192.168.1.101",
          "192.168.1.102"
        ],
        "forensicData": {
          "fullAttackData": {
            "attackId": 
"synchronized_ddos_192.168.1._tenant1,te_1766403015420",
            "attackType": "synchronized_ddos",
            "firstDetected": 1766403019415,
            "lastActivity": 1766403019415,
            "sourceIPs": {},
            "targetTenants": {},
            "attackEvents": [
              {
                "timestamp": 1766403019415,
                "sourceIPs": [
                  "192.168.1.100",
                  "192.168.1.101",
                  "192.168.1.102"
                ],
                "targetTenants": [
                  "tenant1",
                  "tenant2"
                ],
                "attackSignature": {
                  "payloadSize": 1024,
                  "timing": 1000
                },
                "payload": {
                  "type": "request_flood"
                }
              }
            ],
            "coordinationLevel": 0.61,
            "threatLevel": "low"
          },
          "threatIntelligence": {
            "attackType": "synchronized_ddos",
            "threatLevel": "low",
            "coordinationLevel": 0.61,
            "sourceCount": 3,
            "targetCount": 2,
            "duration": 0,
            "indicators": [],
            "attribution": {
              "likelyAutomated": true,
              "sophisticationLevel": "medium",
              "resourceLevel": "medium"
            }
          },
          "recommendedActions": []
        },
        "eventType": "coordinated_attack",
        "platformSecurity": true,
        "platformAudit": true,
        "source": "platform",
        "systemImpact": "unknown"
      }

      at Console.write [as log] (node_modules/winston/lib/wi
nston/transports/console.js:87:23)
          at Array.forEach (<anonymous>)

    console.log
      2025-12-22 13:30:15 [PLATFORM] [[31merror[39m]: 
Platform-wide threat detected {
        "platform": true,
        "attackId": 
"synchronized_ddos_192.168.1._tenant1,te_1766403015421",
        "attackType": "synchronized_ddos",
        "sourceIPCount": 3,
        "targetTenantCount": 2,
        "coordinationLevel": 0.61,
        "duration": 0,
        "sourceIPs": [
          "192.168.1.100",
          "192.168.1.101",
          "192.168.1.102"
        ],
        "violationType": "coordinated_multi_ip_attack",
        "severity": "critical",
        "description": "Coordinated attack from multiple IP 
addresses detected",
        "affectedTenants": [
          "tenant1",
          "tenant2"
        ],
        "attackingIPs": [
          "192.168.1.100",
          "192.168.1.101",
          "192.168.1.102"
        ],
        "forensicData": {
          "fullAttackData": {
            "attackId": 
"synchronized_ddos_192.168.1._tenant1,te_1766403015421",
            "attackType": "synchronized_ddos",
            "firstDetected": 1766403020415,
            "lastActivity": 1766403020415,
            "sourceIPs": {},
            "targetTenants": {},
            "attackEvents": [
              {
                "timestamp": 1766403020415,
                "sourceIPs": [
                  "192.168.1.100",
                  "192.168.1.101",
                  "192.168.1.102"
                ],
                "targetTenants": [
                  "tenant1",
                  "tenant2"
                ],
                "attackSignature": {
                  "payloadSize": 1024,
                  "timing": 1000
                },
                "payload": {
                  "type": "request_flood"
                }
              }
            ],
            "coordinationLevel": 0.61,
            "threatLevel": "low"
          },
          "threatIntelligence": {
            "attackType": "synchronized_ddos",
            "threatLevel": "low",
            "coordinationLevel": 0.61,
            "sourceCount": 3,
            "targetCount": 2,
            "duration": 0,
            "indicators": [],
            "attribution": {
              "likelyAutomated": true,
              "sophisticationLevel": "medium",
              "resourceLevel": "medium"
            }
          },
          "recommendedActions": []
        },
        "eventType": "coordinated_attack",
        "platformSecurity": true,
        "platformAudit": true,
        "source": "platform",
        "systemImpact": "unknown"
      }

      at Console.write [as log] (node_modules/winston/lib/wi
nston/transports/console.js:87:23)
          at Array.forEach (<anonymous>)

    console.log
      2025-12-22 13:30:15 [PLATFORM] [[31merror[39m]: 
Platform-wide threat detected {
        "platform": true,
        "attackId": 
"botnet_attack_192.168.1._tenant1,te_1766403015424",
        "attackType": "botnet_attack",
        "sourceIPCount": 25,
        "targetTenantCount": 2,
        "coordinationLevel": 0.8200000000000001,
        "duration": 0,
        "sourceIPs": [
          "192.168.1.100",
          "192.168.1.101",
          "192.168.1.102",
          "192.168.1.103",
          "192.168.1.104",
          "192.168.1.105",
          "192.168.1.106",
          "192.168.1.107",
          "192.168.1.108",
          "192.168.1.109",
          "192.168.1.110",
          "192.168.1.111",
          "192.168.1.112",
          "192.168.1.113",
          "192.168.1.114",
          "192.168.1.115",
          "192.168.1.116",
          "192.168.1.117",
          "192.168.1.118",
          "192.168.1.119"
        ],
        "violationType": "coordinated_multi_ip_attack",
        "severity": "critical",
        "description": "Coordinated attack from multiple IP 
addresses detected",
        "affectedTenants": [
          "tenant1",
          "tenant2"
        ],
        "attackingIPs": [
          "192.168.1.100",
          "192.168.1.101",
          "192.168.1.102",
          "192.168.1.103",
          "192.168.1.104",
          "192.168.1.105",
          "192.168.1.106",
          "192.168.1.107",
          "192.168.1.108",
          "192.168.1.109",
          "192.168.1.110",
          "192.168.1.111",
          "192.168.1.112",
          "192.168.1.113",
          "192.168.1.114",
          "192.168.1.115",
          "192.168.1.116",
          "192.168.1.117",
          "192.168.1.118",
          "192.168.1.119",
          "192.168.1.120",
          "192.168.1.121",
          "192.168.1.122",
          "192.168.1.123",
          "192.168.1.124"
        ],
        "forensicData": {
          "fullAttackData": {
            "attackId": 
"botnet_attack_192.168.1._tenant1,te_1766403015424",
            "attackType": "botnet_attack",
            "firstDetected": 1766403015424,
            "lastActivity": 1766403015424,
            "sourceIPs": {},
            "targetTenants": {},
            "attackEvents": [
              {
                "timestamp": 1766403015424,
                "sourceIPs": [
                  "192.168.1.100",
                  "192.168.1.101",
                  "192.168.1.102",
                  "192.168.1.103",
                  "192.168.1.104",
                  "192.168.1.105",
                  "192.168.1.106",
                  "192.168.1.107",
                  "192.168.1.108",
                  "192.168.1.109",
                  "192.168.1.110",
                  "192.168.1.111",
                  "192.168.1.112",
                  "192.168.1.113",
                  "192.168.1.114",
                  "192.168.1.115",
                  "192.168.1.116",
                  "192.168.1.117",
                  "192.168.1.118",
                  "192.168.1.119",
                  "192.168.1.120",
                  "192.168.1.121",
                  "192.168.1.122",
                  "192.168.1.123",
                  "192.168.1.124"
                ],
                "targetTenants": [
                  "tenant1",
                  "tenant2"
                ],
                "attackSignature": {
                  "payloadSize": 1024,
                  "timing": 1000
                },
                "payload": {
                  "type": "automated_request"
                }
              }
            ],
            "coordinationLevel": 0.8200000000000001,
            "threatLevel": "low"
          },
          "threatIntelligence": {
            "attackType": "botnet_attack",
            "threatLevel": "low",
            "coordinationLevel": 0.8200000000000001,
            "sourceCount": 25,
            "targetCount": 2,
            "duration": 0,
            "indicators": [
              "large_ip_pool",
              "high_coordination"
            ],
            "attribution": {
              "likelyAutomated": true,
              "sophisticationLevel": "high",
              "resourceLevel": "medium"
            }
          },
          "recommendedActions": [
            "block_source_ips",
            "implement_rate_limiting",
            "escalate_to_security_team",
            "implement_advanced_blocking"
          ]
        },
        "eventType": "coordinated_attack",
        "platformSecurity": true,
        "platformAudit": true,
        "source": "platform",
        "systemImpact": "unknown"
      }

      at Console.write [as log] (node_modules/winston/lib/wi
nston/transports/console.js:87:23)
          at Array.forEach (<anonymous>)

PASS server/testing/models/permission.model.test.js
PASS server/testing/services/logAnalytics.service.test.js
  ΓùÅ Console

    console.log
      Webhook export to https://example.com/webhook: {
        timestamp: '2025-12-22T11:30:16.777Z',
        format: 'json',
        data: {
          metadata: {
            exportedAt: '2025-12-22T11:30:16.777Z',
            totalRecords: 0,
            query: [Object],
            format: 'json',
            processingTime: 2
          },
          data: []
        }
      }

      at LogAnalyticsEngine.log [as exportToWebhook] 
(server/services/logAnalytics.service.js:626:21)

    console.error
      Export failed: Error: Unsupported export format: 
invalid_format
          at LogAnalyticsEngine.exportToFile (D:\Work\HR-SM\
server\services\logAnalytics.service.js:581:23)
          at LogAnalyticsEngine.exportToFile [as 
exportLogs] (D:\Work\HR-SM\server\services\logAnalytics.serv
ice.js:535:39)
          at exportLogs (D:\Work\HR-SM\server\services\logAn
alytics.service.js:1052:12)
          at Object.<anonymous> (D:\Work\HR-SM\server\testin
g\services\logAnalytics.service.test.js:589:13)

    [0m [90m 546 |[39m             
     [90m 547 |[39m         } [36mcatch[39m (error) {
    [31m[1m>[22m[39m[90m 548 |[39m             
console[33m.[39merror([32m'Export 
failed:'[39m[33m,[39m error)[33m;[39m
     [90m     |[39m                     
[31m[1m^[22m[39m
     [90m 549 |[39m             [36mthrow[39m 
[36mnew[39m [33mError[39m([32m`Export failed: 
${error.message}`[39m)[33m;[39m
     [90m 550 |[39m         }
     [90m 551 |[39m     }[0m

      at LogAnalyticsEngine.error [as exportLogs] 
(server/services/logAnalytics.service.js:548:21)
      at exportLogs 
(server/services/logAnalytics.service.js:1052:12)
      at Object.<anonymous> (server/testing/services/logAnal
ytics.service.test.js:589:13)

    console.error
      Export failed: Error: Webhook URL is required for 
webhook export
          at LogAnalyticsEngine.exportToWebhook (D:\Work\HR-
SM\server\services\logAnalytics.service.js:613:19)
          at LogAnalyticsEngine.exportToWebhook [as 
exportLogs] (D:\Work\HR-SM\server\services\logAnalytics.serv
ice.js:541:39)
          at exportLogs (D:\Work\HR-SM\server\services\logAn
alytics.service.js:1052:12)
          at Object.<anonymous> (D:\Work\HR-SM\server\testin
g\services\logAnalytics.service.test.js:599:13)

    [0m [90m 546 |[39m             
     [90m 547 |[39m         } [36mcatch[39m (error) {
    [31m[1m>[22m[39m[90m 548 |[39m             
console[33m.[39merror([32m'Export 
failed:'[39m[33m,[39m error)[33m;[39m
     [90m     |[39m                     
[31m[1m^[22m[39m
     [90m 549 |[39m             [36mthrow[39m 
[36mnew[39m [33mError[39m([32m`Export failed: 
${error.message}`[39m)[33m;[39m
     [90m 550 |[39m         }
     [90m 551 |[39m     }[0m

      at LogAnalyticsEngine.error [as exportLogs] 
(server/services/logAnalytics.service.js:548:21)
      at exportLogs 
(server/services/logAnalytics.service.js:1052:12)
      at Object.<anonymous> (server/testing/services/logAnal
ytics.service.test.js:599:13)

PASS server/testing/routes/backupExecution.routes.test.js
PASS server/testing/routes/attendance.routes.test.js
PASS server/testing/models/notification.model.test.js
  ΓùÅ Console

    console.log
      Error keys: [ 'title', 'type', 'recipient' ]

      at Object.log 
(server/testing/models/notification.model.test.js:47:15)

PASS server/testing/routes/request.routes.test.js
PASS server/testing/services/tenantIsolationEnforcement.serv
ice.test.js
PASS server/testing/modules/hr-core/hrCoreIndependence.integ
ration.test.js
PASS server/testing/models/request.model.test.js
PASS server/testing/models/payroll.model.test.js
PASS 
server/testing/services/logAccessControl.service.test.js
PASS server/testing/models/documentTemplate.model.test.js
PASS server/testing/models/vacationBalance.model.test.js
PASS server/testing/models/backup.model.test.js
PASS server/testing/services/logStorage.service.test.js
  ΓùÅ Console

    console.error
      Failed to compress log file 
D:\Work\HR-SM\logs\test\non-existent.log: [Error: ENOENT: 
no such file or directory, open 
'D:\Work\HR-SM\logs\test\non-existent.log'] {
        errno: -4058,
        code: 'ENOENT',
        syscall: 'open',
        path: 
'D:\\Work\\HR-SM\\logs\\test\\non-existent.log'
      }

    [0m [90m 241 |[39m         [36mreturn[39m 
compressedPath[33m;[39m
     [90m 242 |[39m     } [36mcatch[39m (error) {
    [31m[1m>[22m[39m[90m 243 |[39m         
console[33m.[39merror([32m`Failed to compress log file 
${filePath}:`[39m[33m,[39m error)[33m;[39m
     [90m     |[39m                 [31m[1m^[22m[39m
     [90m 244 |[39m         [36mthrow[39m 
error[33m;[39m
     [90m 245 |[39m     }
     [90m 246 |[39m }[0m

      at error 
(server/services/logStorage.service.js:243:17)
      at Object.<anonymous> 
(server/testing/services/logStorage.service.test.js:260:13)

FAIL 
server/testing/modules/email-service/emailTemplates.test.js
  ΓùÅ Test suite failed to run

    Cannot find module 'handlebars' from 'server/testing/mod
ules/email-service/emailTemplates.test.js'

      at Resolver._throwModNotFoundError 
(node_modules/jest-resolve/build/index.js:863:11)

FAIL 
server/testing/services/platformLogAccess.service.test.js
  ΓùÅ Test suite failed to run

    ReferenceError: require is not defined

    [0m [90m 16 |[39m jest[33m.[39mmock([32m'../../ser
vices/loggingModule.service.js'[39m)[33m;[39m
     [90m 17 |[39m jest[33m.[39mmock([32m'../../service
s/logSearch.service.js'[39m)[33m;[39m
    [31m[1m>[22m[39m[90m 18 |[39m jest[33m.[39mmock(
[32m'../../utils/platformLogger.js'[39m)[33m;[39m
     [90m    |[39m                                        
    [31m[1m^[22m[39m
     [90m 19 |[39m
     [90m 20 |[39m 
describe([32m'PlatformLogAccessService'[39m[33m,[39m () 
[33m=>[39m {
     [90m 21 |[39m     [36mlet[39m 
mockReq[33m;[39m[0m

      at require (server/testing/services/platformLogAccess.
service.test.js:18:44)
      at _getJestObj (server/testing/services/platformLogAcc
ess.service.test.js:16:1)

FAIL server/testing/services/performanceMonitoring.service.t
est.js
  ΓùÅ Test suite failed to run

    SyntaxError: The requested module 
'../../services/performanceMonitoring.service.js' does not 
provide an export named 'HEALTH_STATES'

      at Runtime.linkAndEvaluateModule 
(node_modules/jest-runtime/build/index.js:684:5)

FAIL 
server/testing/services/companyLogAccess.service.test.js
  ΓùÅ Test suite failed to run

    ReferenceError: require is not defined

    [0m [90m 16 |[39m jest[33m.[39mmock([32m'../../ser
vices/loggingModule.service.js'[39m)[33m;[39m
     [90m 17 |[39m jest[33m.[39mmock([32m'../../service
s/logSearch.service.js'[39m)[33m;[39m
    [31m[1m>[22m[39m[90m 18 |[39m jest[33m.[39mmock(
[32m'../../utils/platformLogger.js'[39m)[33m;[39m
     [90m    |[39m                                        
    [31m[1m^[22m[39m
     [90m 19 |[39m
     [90m 20 |[39m 
describe([32m'CompanyLogAccessService'[39m[33m,[39m () 
[33m=>[39m {
     [90m 21 |[39m     [36mlet[39m 
mockReq[33m;[39m[0m

      at require (server/testing/services/companyLogAccess.s
ervice.test.js:18:44)
      at _getJestObj (server/testing/services/companyLogAcce
ss.service.test.js:16:1)

FAIL 
server/testing/middleware/licenseServerValidation.test.js
  ΓùÅ Test suite failed to run

    ReferenceError: require is not defined

    [0m [90m  8 |[39m
     [90m  9 |[39m [90m// Mock axios[39m
    [31m[1m>[22m[39m[90m 10 |[39m 
jest[33m.[39mmock([32m'axios'[39m)[33m;[39m
     [90m    |[39m                    [31m[1m^[22m[39m
     [90m 11 |[39m [36mconst[39m mockedAxios 
[33m=[39m axios[33m;[39m
     [90m 12 |[39m
     [90m 13 |[39m describe([32m'License Server 
Validation Middleware'[39m[33m,[39m () [33m=>[39m {[0m

      at require (server/testing/middleware/licenseServerVal
idation.test.js:10:20)
      at _getJestObj (server/testing/middleware/licenseServe
rValidation.test.js:10:1)

FAIL server/testing/controllers/moduleConfiguration.controll
er.test.js
  ΓùÅ Test suite failed to run

    ReferenceError: require is not defined

    [0m [90m 15 |[39m [90m// Mock the services[39m
     [90m 16 |[39m jest[33m.[39mmock([32m'../../service
s/loggingModule.service.js'[39m)[33m;[39m
    [31m[1m>[22m[39m[90m 17 |[39m jest[33m.[39mmock(
[32m'../../services/configurationAudit.service.js'[39m)[3
3m;[39m
     [90m    |[39m                                        
                   [31m[1m^[22m[39m
     [90m 18 |[39m
     [90m 19 |[39m describe([32m'ModuleConfigurationContr
oller'[39m[33m,[39m () [33m=>[39m {
     [90m 20 |[39m     [36mlet[39m app[33m;[39m[0m

      at require (server/testing/controllers/moduleConfigura
tion.controller.test.js:17:59)
      at _getJestObj (server/testing/controllers/moduleConfi
guration.controller.test.js:16:1)


ReferenceError: You are trying to `import` a file after the 
Jest environment has been torn down. From server/testing/int
egration/licenseControlledLogging.integration.test.js.
FAIL server/testing/integration/licenseControlledLogging.int
egration.test.js
  ΓùÅ Test suite failed to run

    Cannot find module 'rate-limit-redis' from 
'server/middleware/enhancedRateLimit.middleware.js'

      at Resolver._throwModNotFoundError 
(node_modules/jest-resolve/build/index.js:863:11)

A worker process has failed to exit gracefully and has been 
force exited. This is likely caused by tests leaking due to 
improper teardown. Try running with --detectOpenHandles to 
find leaks. Active timers can also cause this, ensure that 
.unref() was called on them.
Summary of all failing tests
FAIL server/testing/services/performanceMetricsCollection.pr
operty.test.js (9.948 s)
  ΓùÅ Performance Metrics Collection Property-Based Tests 
ΓÇ║ Property 9: Performance Metrics Collection ΓÇ║ should 
accurately measure and store request rates across different 
time periods

    Property failed after 1 tests
    { seed: 250468879, path: "0:0:0:0:0:0:0:0:0:0:0:0:0:0:0:
0:0:0:0:0:0:0:0:0:0:0:0:0:0", endOnFailure: true }
    Counterexample: [{"requests":[{"method":"GET","path":"/a
pi/users","statusCode":200,"responseTime":50,"timestampOffse
t":0},{"method":"GET","path":"/api/users","statusCode":200,"
responseTime":50,"timestampOffset":0},{"method":"GET","path"
:"/api/users","statusCode":200,"responseTime":50,"timestampO
ffset":0},{"method":"GET","path":"/api/users","statusCode":2
00,"responseTime":50,"timestampOffset":0},{"method":"GET","p
ath":"/api/users","statusCode":200,"responseTime":50,"timest
ampOffset":0}]}]
    Shrunk 28 time(s)

    Hint: Enable verbose mode in order to have the list of 
all failing values encountered during the run

      at buildError (node_modules/fast-check/lib/check/runne
r/utils/RunDetailsFormatter.js:156:19)
      at buildError (node_modules/fast-check/lib/check/runne
r/utils/RunDetailsFormatter.js:170:11)

    Cause:
    expect(received).toBe(expected) // Object.is equality

    Expected: 5
    Received: 153

    [0m [90m 141 |[39m
     [90m 142 |[39m                         [90m// 
Assertion 2: Total request count should match stored 
metrics[39m
    [31m[1m>[22m[39m[90m 143 |[39m                    
     expect(analytics[33m.[39msummary[33m.[39mtotalReque
sts)[33m.[39mtoBe(requests[33m.[39mlength)[33m;[39m
     [90m     |[39m                                       
                          [31m[1m^[22m[39m
     [90m 144 |[39m
     [90m 145 |[39m                         [90m// 
Assertion 3: Request rate calculation should be 
accurate[39m
     [90m 146 |[39m                         
[36mconst[39m timeSpanHours [33m=[39m (endDate 
[33m-[39m startDate) [33m/[39m ([35m1000[39m 
[33m*[39m [35m60[39m [33m*[39m 
[35m60[39m)[33m;[39m[0m

      at toBe (server/testing/services/performanceMetricsCol
lection.property.test.js:143:65)
      at AsyncProperty.run (node_modules/fast-check/lib/chec
k/property/AsyncProperty.generic.js:43:28)
      at asyncRunIt 
(node_modules/fast-check/lib/check/runner/Runner.js:24:21)
      at Object.<anonymous> (server/testing/services/perform
anceMetricsCollection.property.test.js:78:13)

  ΓùÅ Performance Metrics Collection Property-Based Tests 
ΓÇ║ Property 9: Performance Metrics Collection ΓÇ║ should 
accurately calculate error rates for different status code 
ranges

    Property failed after 2 tests
    { seed: 1037130735, path: "1:0:0:0:0", endOnFailure: 
true }
    Counterexample: [{"successRequests":10,"clientErrorReque
sts":0,"serverErrorRequests":0}]
    Shrunk 4 time(s)

    Hint: Enable verbose mode in order to have the list of 
all failing values encountered during the run

      at buildError (node_modules/fast-check/lib/check/runne
r/utils/RunDetailsFormatter.js:156:19)
      at buildError (node_modules/fast-check/lib/check/runne
r/utils/RunDetailsFormatter.js:170:11)

    Cause:
    expect(received).toBe(expected) // Object.is equality

    Expected: 10
    Received: 195

    [0m [90m 238 |[39m
     [90m 239 |[39m                         [90m// 
Assertion 1: Total request count should match[39m
    [31m[1m>[22m[39m[90m 240 |[39m                    
     expect(analytics[33m.[39msummary[33m.[39mtotalReque
sts)[33m.[39mtoBe(totalRequests)[33m;[39m
     [90m     |[39m                                       
                          [31m[1m^[22m[39m
     [90m 241 |[39m
     [90m 242 |[39m                         [90m// 
Assertion 2: Total error count should match[39m
     [90m 243 |[39m                         expect(analyti
cs[33m.[39msummary[33m.[39mtotalErrors)[33m.[39mtoBe(t
otalErrors)[33m;[39m[0m

      at toBe (server/testing/services/performanceMetricsCol
lection.property.test.js:240:65)
      at AsyncProperty.run (node_modules/fast-check/lib/chec
k/property/AsyncProperty.generic.js:43:28)
      at asyncRunIt 
(node_modules/fast-check/lib/check/runner/Runner.js:24:21)
      at Object.<anonymous> (server/testing/services/perform
anceMetricsCollection.property.test.js:165:13)

  ΓùÅ Performance Metrics Collection Property-Based Tests 
ΓÇ║ Property 9: Performance Metrics Collection ΓÇ║ should 
accurately measure response times and identify performance 
patterns

    Property failed after 1 tests
    { seed: -282270956, path: 
"0:0:0:0:0:0:0:0:0:0:0:0:0:0:0", endOnFailure: true }
    Counterexample: [{"fastRequests":[{"path":"/api/health",
"responseTime":10},{"path":"/api/health","responseTime":10},
{"path":"/api/health","responseTime":10},{"path":"/api/healt
h","responseTime":10},{"path":"/api/health","responseTime":1
0}],"slowRequests":[{"path":"/api/reports","responseTime":10
00},{"path":"/api/reports","responseTime":1000}]}]
    Shrunk 14 time(s)

    Hint: Enable verbose mode in order to have the list of 
all failing values encountered during the run

      at buildError (node_modules/fast-check/lib/check/runne
r/utils/RunDetailsFormatter.js:156:19)
      at buildError (node_modules/fast-check/lib/check/runne
r/utils/RunDetailsFormatter.js:170:11)

    Cause:
    expect(received).toBeCloseTo(expected, precision)

    Expected: 292.85714285714283
    Received: 0

    Expected precision:    1
    Expected difference: < 0.05
    Received difference:   292.85714285714283

    [0m [90m 334 |[39m
     [90m 335 |[39m                         [90m// 
Assertion 1: Average response time should be calculated 
correctly[39m
    [31m[1m>[22m[39m[90m 336 |[39m                    
     expect(analytics[33m.[39msummary[33m.[39mavgRespons
eTime)[33m.[39mtoBeCloseTo(expectedAvgResponseTime[33m,[
39m [35m1[39m)[33m;[39m
     [90m     |[39m                                       
                            [31m[1m^[22m[39m
     [90m 337 |[39m
     [90m 338 |[39m                         [90m// 
Assertion 2: Response time statistics should be 
accurate[39m
     [90m 339 |[39m                         expect(analyti
cs[33m.[39mtimeSeries)[33m.[39mtoBeDefined()[33m;[39m
[0m

      at toBeCloseTo (server/testing/services/performanceMet
ricsCollection.property.test.js:336:67)
      at AsyncProperty.run (node_modules/fast-check/lib/chec
k/property/AsyncProperty.generic.js:43:28)
      at asyncRunIt 
(node_modules/fast-check/lib/check/runner/Runner.js:24:21)
      at Object.<anonymous> (server/testing/services/perform
anceMetricsCollection.property.test.js:276:13)

  ΓùÅ Performance Metrics Collection Property-Based Tests 
ΓÇ║ Property 9: Performance Metrics Collection ΓÇ║ should 
accurately track database query performance metrics

    Property failed after 2 tests
    { seed: -1323532762, path: 
"1:0:0:0:0:0:0:0:0:0:0:0:0:0:0:0:0", endOnFailure: true }
    Counterexample: [{"requests":[{"queryCount":1,"queryTime
":5,"responseTime":100},{"queryCount":1,"queryTime":5,"respo
nseTime":100},{"queryCount":1,"queryTime":5,"responseTime":1
00},{"queryCount":1,"queryTime":5,"responseTime":100},{"quer
yCount":1,"queryTime":5,"responseTime":100}]}]
    Shrunk 16 time(s)

    Hint: Enable verbose mode in order to have the list of 
all failing values encountered during the run

      at buildError (node_modules/fast-check/lib/check/runne
r/utils/RunDetailsFormatter.js:156:19)
      at buildError (node_modules/fast-check/lib/check/runne
r/utils/RunDetailsFormatter.js:170:11)

    Cause:
    expect(received).toBeCloseTo(expected, precision)

    Expected: 5
    Received: 44.40425531914894

    Expected precision:    1
    Expected difference: < 0.05
    Received difference:   39.40425531914894

    [0m [90m 434 |[39m
     [90m 435 |[39m                         [90m// 
Assertion 1: Database query metrics should be calculated 
correctly[39m
    [31m[1m>[22m[39m[90m 436 |[39m                    
     expect(analytics[33m.[39msummary[33m.[39mavgDbQuery
Time)[33m.[39mtoBeCloseTo(expectedAvgQueryTime[33m,[39m 
[35m1[39m)[33m;[39m
     [90m     |[39m                                       
                           [31m[1m^[22m[39m
     [90m 437 |[39m
     [90m 438 |[39m                         [90m// 
Assertion 2: Query performance should be tracked in time 
series[39m
     [90m 439 |[39m                         expect(analyti
cs[33m.[39mtimeSeries)[33m.[39mtoBeDefined()[33m;[39m
[0m

      at toBeCloseTo (server/testing/services/performanceMet
ricsCollection.property.test.js:436:66)
      at AsyncProperty.run (node_modules/fast-check/lib/chec
k/property/AsyncProperty.generic.js:43:28)
      at asyncRunIt 
(node_modules/fast-check/lib/check/runner/Runner.js:24:21)
      at Object.<anonymous> (server/testing/services/perform
anceMetricsCollection.property.test.js:382:13)

  ΓùÅ Performance Metrics Collection Property-Based Tests 
ΓÇ║ Property 9: Performance Metrics Collection ΓÇ║ should 
maintain performance metrics accuracy during high load 
scenarios

    Property failed after 1 tests
    { seed: -120725208, path: "0:0:0:0:0:0:0", 
endOnFailure: true }
    Counterexample: [{"concurrentRequests":20,"requestVariat
ion":{"minResponseTime":50,"maxResponseTime":500,"errorProba
bility":0}}]
    Shrunk 6 time(s)

    Hint: Enable verbose mode in order to have the list of 
all failing values encountered during the run

      at buildError (node_modules/fast-check/lib/check/runne
r/utils/RunDetailsFormatter.js:156:19)
      at buildError (node_modules/fast-check/lib/check/runne
r/utils/RunDetailsFormatter.js:170:11)

    Cause:
    expect(received).toBe(expected) // Object.is equality

    Expected: 20
    Received: 142

    [0m [90m 553 |[39m
     [90m 554 |[39m                         [90m// 
Assertion 2: Analytics should reflect the correct 
totals[39m
    [31m[1m>[22m[39m[90m 555 |[39m                    
     expect(analytics[33m.[39msummary[33m.[39mtotalReque
sts)[33m.[39mtoBe(concurrentRequests)[33m;[39m
     [90m     |[39m                                       
                          [31m[1m^[22m[39m
     [90m 556 |[39m                         expect(analyti
cs[33m.[39msummary[33m.[39mtotalErrors)[33m.[39mtoBe(e
xpectedErrorCount)[33m;[39m
     [90m 557 |[39m
     [90m 558 |[39m                         [90m// 
Assertion 3: Average response time should be calculated 
correctly[39m[0m

      at toBe (server/testing/services/performanceMetricsCol
lection.property.test.js:555:65)
      at AsyncProperty.run (node_modules/fast-check/lib/chec
k/property/AsyncProperty.generic.js:43:28)
      at asyncRunIt 
(node_modules/fast-check/lib/check/runner/Runner.js:24:21)
      at Object.<anonymous> (server/testing/services/perform
anceMetricsCollection.property.test.js:478:13)

  ΓùÅ Performance Metrics Collection Property-Based Tests 
ΓÇ║ Property 9: Performance Metrics Collection ΓÇ║ should 
correctly aggregate performance metrics across different 
time windows

    Property failed after 1 tests
    { seed: 1467284749, path: "0:0:0:0:0:0:0:0:0:0", 
endOnFailure: true }
    Counterexample: [{"timeWindows":[{"offsetMinutes":0,"req
uestCount":1,"avgResponseTime":100},{"offsetMinutes":0,"requ
estCount":1,"avgResponseTime":100},{"offsetMinutes":0,"reque
stCount":1,"avgResponseTime":100}]}]
    Shrunk 9 time(s)

    Hint: Enable verbose mode in order to have the list of 
all failing values encountered during the run

      at buildError (node_modules/fast-check/lib/check/runne
r/utils/RunDetailsFormatter.js:156:19)
      at buildError (node_modules/fast-check/lib/check/runne
r/utils/RunDetailsFormatter.js:170:11)

    Cause:
    expect(received).toBe(expected) // Object.is equality

    Expected: 3
    Received: 51

    [0m [90m 652 |[39m
     [90m 653 |[39m                         [90m// 
Assertion 1: Total request count should match across all 
windows[39m
    [31m[1m>[22m[39m[90m 654 |[39m                    
     expect(analytics[33m.[39msummary[33m.[39mtotalReque
sts)[33m.[39mtoBe(totalRequests)[33m;[39m
     [90m     |[39m                                       
                          [31m[1m^[22m[39m
     [90m 655 |[39m
     [90m 656 |[39m                         [90m// 
Assertion 2: Overall average response time should be 
calculated correctly[39m
     [90m 657 |[39m                         expect(analyti
cs[33m.[39msummary[33m.[39mavgResponseTime)[33m.[39mto
BeCloseTo(expectedAvgResponseTime[33m,[39m 
[35m1[39m)[33m;[39m[0m

      at toBe (server/testing/services/performanceMetricsCol
lection.property.test.js:654:65)
      at AsyncProperty.run (node_modules/fast-check/lib/chec
k/property/AsyncProperty.generic.js:43:28)
      at asyncRunIt 
(node_modules/fast-check/lib/check/runner/Runner.js:24:21)
      at Object.<anonymous> (server/testing/services/perform
anceMetricsCollection.property.test.js:585:13)

FAIL server/testing/services/tenantMetricsTracking.property.
test.js (10.241 s)
  ΓùÅ Tenant Metrics Tracking Property-Based Tests ΓÇ║ 
Property 6: Tenant Metrics Tracking ΓÇ║ should accurately 
track and update all usage metrics with correct calculations

    Property failed after 5 tests
    { seed: -1294081453, path: "4:0:2:0:0:0:0:0:0:0:0:1:0:1:
0:0:0:0:0:2:0:0:0:0:2:0:0:0:1:0:0:1:1", endOnFailure: true }
    Counterexample: [{"userCountDelta":0,"storageUsedDelta":
1,"apiCallsDelta":0,"activeUsersDelta":0}]
    Shrunk 32 time(s)

    Hint: Enable verbose mode in order to have the list of 
all failing values encountered during the run

      at buildError (node_modules/fast-check/lib/check/runne
r/utils/RunDetailsFormatter.js:156:19)
      at buildError (node_modules/fast-check/lib/check/runne
r/utils/RunDetailsFormatter.js:170:11)

    Cause:
    Storage usage 1025 MB exceeds maximum allowed storage 
(1024 MB)

    [0m [90m 274 |[39m     [36mif[39m 
(usageData[33m.[39mstorageUsed [33m!==[39m undefined) {
     [90m 275 |[39m       [36mif[39m 
(usageData[33m.[39mstorageUsed [33m>[39m 
tenant[33m.[39mrestrictions[33m.[39mmaxStorage) {
    [31m[1m>[22m[39m[90m 276 |[39m         
[36mthrow[39m [36mnew[39m [33mAppError[39m(
     [90m     |[39m               [31m[1m^[22m[39m
     [90m 277 |[39m           [32m`Storage usage 
${usageData.storageUsed} MB exceeds maximum allowed storage 
(${tenant.restrictions.maxStorage} MB)`[39m[33m,[39m
     [90m 278 |[39m           [35m400[39m[33m,[39m
     [90m 279 |[39m           [33mERROR_TYPES[39m[33m.
[39m[33mUSAGE_LIMIT_EXCEEDED[39m[0m

      at TenantService.updateUsage 
(server/platform/tenants/services/tenantService.js:276:15)
      at server/testing/services/tenantMetricsTracking.prope
rty.test.js:92:47
      at AsyncProperty.run (node_modules/fast-check/lib/chec
k/property/AsyncProperty.generic.js:43:28)
      at asyncRunIt 
(node_modules/fast-check/lib/check/runner/Runner.js:24:21)
      at Object.<anonymous> (server/testing/services/tenantM
etricsTracking.property.test.js:69:13)

FAIL server/testing/routes/role.routes.test.js
  ΓùÅ Role Routes E2E Tests ΓÇ║ POST /api/roles - Create 
Role ΓÇ║ should create a new custom role

    expected 201 "Created", got 400 "Bad Request"

    [0m [90m 85 |[39m                     
permissions[33m:[39m [[32m'users.view'[39m[33m,[39m 
[32m'documents.view'[39m[33m,[39m 
[32m'documents.edit'[39m]
     [90m 86 |[39m                 })
    [31m[1m>[22m[39m[90m 87 |[39m                 
[33m.[39mexpect([35m201[39m)[33m;[39m
     [90m    |[39m                  [31m[1m^[22m[39m
     [90m 88 |[39m
     [90m 89 |[39m             expect(response[33m.[39mb
ody[33m.[39mname)[33m.[39mtoBe([32m'project-manager'[3
9m)[33m;[39m
     [90m 90 |[39m             expect(response[33m.[39mb
ody[33m.[39mdisplayName)[33m.[39mtoBe([32m'Project 
Manager'[39m)[33m;[39m[0m

      at Object.expect 
(server/testing/routes/role.routes.test.js:87:18)
      ----
      at Test._assertStatus 
(node_modules/supertest/lib/test.js:309:14)
      at assertFn 
(node_modules/supertest/lib/test.js:365:13)
      at Test.fn [as _assertFunction] 
(node_modules/supertest/lib/test.js:342:13)
      at Test._assertFunction [as assert] 
(node_modules/supertest/lib/test.js:195:23)
      at assert (node_modules/supertest/lib/test.js:138:14)
      at Server.localAssert 
(node_modules/supertest/lib/test.js:152:11)

  ΓùÅ Role Routes E2E Tests ΓÇ║ POST /api/roles - Create 
Role ΓÇ║ should fail with duplicate role name

    ValidationError: Role validation failed: tenantId: Path 
`tenantId` is required.

      at model.Document.invalidate 
(node_modules/mongoose/lib/document.js:3362:32)
      at invalidate 
(node_modules/mongoose/lib/document.js:3123:17)
      at fn (node_modules/mongoose/lib/schemaType.js:1446:9)

  ΓùÅ Role Routes E2E Tests ΓÇ║ GET /api/roles - Get All 
Roles ΓÇ║ should get all roles

    ValidationError: Role validation failed: tenantId: Path 
`tenantId` is required.

      at model.Document.invalidate 
(node_modules/mongoose/lib/document.js:3362:32)
      at invalidate 
(node_modules/mongoose/lib/document.js:3123:17)
      at fn (node_modules/mongoose/lib/schemaType.js:1446:9)

  ΓùÅ Role Routes E2E Tests ΓÇ║ GET /api/roles - Get All 
Roles ΓÇ║ should filter by system roles

    ValidationError: Role validation failed: tenantId: Path 
`tenantId` is required.

      at model.Document.invalidate 
(node_modules/mongoose/lib/document.js:3362:32)
      at invalidate 
(node_modules/mongoose/lib/document.js:3123:17)
      at fn (node_modules/mongoose/lib/schemaType.js:1446:9)

  ΓùÅ Role Routes E2E Tests ΓÇ║ GET /api/roles - Get All 
Roles ΓÇ║ should filter by custom roles

    ValidationError: Role validation failed: tenantId: Path 
`tenantId` is required.

      at model.Document.invalidate 
(node_modules/mongoose/lib/document.js:3362:32)
      at invalidate 
(node_modules/mongoose/lib/document.js:3123:17)
      at fn (node_modules/mongoose/lib/schemaType.js:1446:9)

  ΓùÅ Role Routes E2E Tests ΓÇ║ GET /api/roles - Get All 
Roles ΓÇ║ should search roles by name

    ValidationError: Role validation failed: tenantId: Path 
`tenantId` is required.

      at model.Document.invalidate 
(node_modules/mongoose/lib/document.js:3362:32)
      at invalidate 
(node_modules/mongoose/lib/document.js:3123:17)
      at fn (node_modules/mongoose/lib/schemaType.js:1446:9)

  ΓùÅ Role Routes E2E Tests ΓÇ║ GET /api/roles/:id - Get 
Role By ID ΓÇ║ should get role by ID

    ValidationError: Role validation failed: tenantId: Path 
`tenantId` is required.

      at model.Document.invalidate 
(node_modules/mongoose/lib/document.js:3362:32)
      at invalidate 
(node_modules/mongoose/lib/document.js:3123:17)
      at fn (node_modules/mongoose/lib/schemaType.js:1446:9)

  ΓùÅ Role Routes E2E Tests ΓÇ║ GET /api/roles/:id - Get 
Role By ID ΓÇ║ should return 404 for non-existing role

    ValidationError: Role validation failed: tenantId: Path 
`tenantId` is required.

      at model.Document.invalidate 
(node_modules/mongoose/lib/document.js:3362:32)
      at invalidate 
(node_modules/mongoose/lib/document.js:3123:17)
      at fn (node_modules/mongoose/lib/schemaType.js:1446:9)

  ΓùÅ Role Routes E2E Tests ΓÇ║ PUT /api/roles/:id - Update 
Role ΓÇ║ should update role successfully

    ValidationError: Role validation failed: tenantId: Path 
`tenantId` is required.

      at model.Document.invalidate 
(node_modules/mongoose/lib/document.js:3362:32)
      at invalidate 
(node_modules/mongoose/lib/document.js:3123:17)
      at fn (node_modules/mongoose/lib/schemaType.js:1446:9)

  ΓùÅ Role Routes E2E Tests ΓÇ║ PUT /api/roles/:id - Update 
Role ΓÇ║ should prevent modifying system role name

    ValidationError: Role validation failed: tenantId: Path 
`tenantId` is required.

      at model.Document.invalidate 
(node_modules/mongoose/lib/document.js:3362:32)
      at invalidate 
(node_modules/mongoose/lib/document.js:3123:17)
      at fn (node_modules/mongoose/lib/schemaType.js:1446:9)

  ΓùÅ Role Routes E2E Tests ΓÇ║ PUT /api/roles/:id - Update 
Role ΓÇ║ should prevent changing isSystemRole flag

    ValidationError: Role validation failed: tenantId: Path 
`tenantId` is required.

      at model.Document.invalidate 
(node_modules/mongoose/lib/document.js:3362:32)
      at invalidate 
(node_modules/mongoose/lib/document.js:3123:17)
      at fn (node_modules/mongoose/lib/schemaType.js:1446:9)

  ΓùÅ Role Routes E2E Tests ΓÇ║ PUT /api/roles/:id - Update 
Role ΓÇ║ should fail with invalid permissions

    ValidationError: Role validation failed: tenantId: Path 
`tenantId` is required.

      at model.Document.invalidate 
(node_modules/mongoose/lib/document.js:3362:32)
      at invalidate 
(node_modules/mongoose/lib/document.js:3123:17)
      at fn (node_modules/mongoose/lib/schemaType.js:1446:9)

  ΓùÅ Role Routes E2E Tests ΓÇ║ DELETE /api/roles/:id - 
Delete Role ΓÇ║ should delete custom role successfully

    ValidationError: Role validation failed: tenantId: Path 
`tenantId` is required.

      at model.Document.invalidate 
(node_modules/mongoose/lib/document.js:3362:32)
      at invalidate 
(node_modules/mongoose/lib/document.js:3123:17)
      at fn (node_modules/mongoose/lib/schemaType.js:1446:9)

  ΓùÅ Role Routes E2E Tests ΓÇ║ DELETE /api/roles/:id - 
Delete Role ΓÇ║ should prevent deleting system roles

    ValidationError: Role validation failed: tenantId: Path 
`tenantId` is required.

      at model.Document.invalidate 
(node_modules/mongoose/lib/document.js:3362:32)
      at invalidate 
(node_modules/mongoose/lib/document.js:3123:17)
      at fn (node_modules/mongoose/lib/schemaType.js:1446:9)

  ΓùÅ Role Routes E2E Tests ΓÇ║ DELETE /api/roles/:id - 
Delete Role ΓÇ║ should prevent deleting role with assigned 
users

    ValidationError: Role validation failed: tenantId: Path 
`tenantId` is required.

      at model.Document.invalidate 
(node_modules/mongoose/lib/document.js:3362:32)
      at invalidate 
(node_modules/mongoose/lib/document.js:3123:17)
      at fn (node_modules/mongoose/lib/schemaType.js:1446:9)

  ΓùÅ Role Routes E2E Tests ΓÇ║ GET /api/roles/stats - Get 
Role Statistics ΓÇ║ should return role statistics

    ValidationError: Role validation failed: tenantId: Path 
`tenantId` is required.

      at model.Document.invalidate 
(node_modules/mongoose/lib/document.js:3362:32)
      at invalidate 
(node_modules/mongoose/lib/document.js:3123:17)
      at fn (node_modules/mongoose/lib/schemaType.js:1446:9)

  ΓùÅ Role Routes E2E Tests ΓÇ║ Bulk Operations and Edge 
Cases ΓÇ║ should handle creating multiple roles in sequence

    expected 201 "Created", got 400 "Bad Request"

    [0m [90m 489 |[39m                     [33m.[39m[3
6mset[39m([32m'Authorization'[39m[33m,[39m 
[32m`Bearer ${adminToken}`[39m)
     [90m 490 |[39m                     
[33m.[39msend(role)
    [31m[1m>[22m[39m[90m 491 |[39m                    
 [33m.[39mexpect([35m201[39m)[33m;[39m
     [90m     |[39m                      
[31m[1m^[22m[39m
     [90m 492 |[39m
     [90m 493 |[39m                 expect(response[33m.
[39mbody[33m.[39mname)[33m.[39mtoBe(role[33m.[39mname)
[33m;[39m
     [90m 494 |[39m             }[0m

      at Object.expect 
(server/testing/routes/role.routes.test.js:491:22)
      ----
      at Test._assertStatus 
(node_modules/supertest/lib/test.js:309:14)
      at assertFn 
(node_modules/supertest/lib/test.js:365:13)
      at Test.fn [as _assertFunction] 
(node_modules/supertest/lib/test.js:342:13)
      at Test._assertFunction [as assert] 
(node_modules/supertest/lib/test.js:195:23)
      at assert (node_modules/supertest/lib/test.js:138:14)
      at Server.localAssert 
(node_modules/supertest/lib/test.js:152:11)

  ΓùÅ Role Routes E2E Tests ΓÇ║ Bulk Operations and Edge 
Cases ΓÇ║ should handle permission selection with bulk 
operations

    ValidationError: Role validation failed: tenantId: Path 
`tenantId` is required.

      at model.Document.invalidate 
(node_modules/mongoose/lib/document.js:3362:32)
      at invalidate 
(node_modules/mongoose/lib/document.js:3123:17)
      at fn (node_modules/mongoose/lib/schemaType.js:1446:9)

FAIL server/testing/platform/platformAuth.test.js (5.721 s)
  ΓùÅ Platform Authentication ΓÇ║ Platform JWT - Issued 
correctly with separate secret ΓÇ║ login should return JWT 
that can be verified

    Invalid platform token

    [0m [90m 81 |[39m         
     [90m 82 |[39m         [36mif[39m 
(error[33m.[39mname [33m===[39m 
[32m'JsonWebTokenError'[39m) {
    [31m[1m>[22m[39m[90m 83 |[39m             
[36mthrow[39m [36mnew[39m [33mAppError[39m(
     [90m    |[39m                   [31m[1m^[22m[39m
     [90m 84 |[39m                 [32m'Invalid platform 
token'[39m[33m,[39m
     [90m 85 |[39m                 
[35m401[39m[33m,[39m
     [90m 86 |[39m                 [33mERROR_TYPES[39m[
33m.[39m[33mINVALID_PLATFORM_TOKEN[39m[0m

      at verifyPlatformToken 
(server/core/auth/platformAuth.js:83:19)
      at Object.verifyPlatformToken 
(server/testing/platform/platformAuth.test.js:225:23)

FAIL server/testing/services/auditTrailCompleteness.property
.test.js
  ΓùÅ Audit Trail Completeness Property-Based Tests ΓÇ║ 
Property 8: Audit Trail Completeness ΓÇ║ should create 
complete audit logs for all administrative actions with 
required fields

    Property failed after 1 tests
    { seed: 1361518349, path: "0:0:0:0:0:0:0:0:0:0:0:0:0:0:0
:0:0:0:0:0:0:0:0:0:0:0:0:0:0:0:0", endOnFailure: true }
    Counterexample: [{"administrativeActions":[{"action":"te
nant_create","resource":"tenant","userId":69492a7fa761806eab
8cbcec,"reason":"          
","ipAddress":"192.168.1.100","userAgent":"Mozilla/5.0 
(Windows NT 10.0; Win64; x64) AppleWebKit/537.36","changes":
{"before":{"status":"active","enabled":false,"value":"     
"},"after":{"status":"active","enabled":false,"value":"     
"}}}]}]
    Shrunk 30 time(s)

    Hint: Enable verbose mode in order to have the list of 
all failing values encountered during the run

      at buildError (node_modules/fast-check/lib/check/runne
r/utils/RunDetailsFormatter.js:156:19)
      at buildError (node_modules/fast-check/lib/check/runne
r/utils/RunDetailsFormatter.js:170:11)

    Cause:
    expect(received).toBeDefined()

    Received: undefined

    [0m [90m 167 |[39m
     [90m 168 |[39m                             [90m// 
Request tracking fields (Requirements 6.1)[39m
    [31m[1m>[22m[39m[90m 169 |[39m                    
         expect(auditLog[33m.[39mipAddress)[33m.[39mtoBe
Defined()[33m;[39m
     [90m     |[39m                                       
                 [31m[1m^[22m[39m
     [90m 170 |[39m                             expect(aud
itLog[33m.[39muserAgent)[33m.[39mtoBeDefined()[33m;[39
m
     [90m 171 |[39m                             expect(aud
itLog[33m.[39mrequestId)[33m.[39mtoBeDefined()[33m;[39
m
     [90m 172 |[39m                             expect(aud
itLog[33m.[39msessionId)[33m.[39mtoBeDefined()[33m;[39
m[0m

      at toBeDefined (server/testing/services/auditTrailComp
leteness.property.test.js:169:56)
          at Array.forEach (<anonymous>)
      at forEach (server/testing/services/auditTrailComplete
ness.property.test.js:156:42)
      at AsyncProperty.run (node_modules/fast-check/lib/chec
k/property/AsyncProperty.generic.js:43:28)
      at asyncRunIt 
(node_modules/fast-check/lib/check/runner/Runner.js:24:21)
      at Object.<anonymous> (server/testing/services/auditTr
ailCompleteness.property.test.js:59:13)

  ΓùÅ Audit Trail Completeness Property-Based Tests ΓÇ║ 
Property 8: Audit Trail Completeness ΓÇ║ should maintain 
audit trail integrity and immutability

    Property failed after 1 tests
    { seed: 1039249856, path: 
"0:0:0:0:0:0:0:0:0:0:0:0:0:0:0:0:0:0:0:0:0:0:0:0:0:0", 
endOnFailure: true }
    Counterexample: 
[{"criticalActions":[{"action":"tenant_suspend","reason":"  
                  
","severity":"high","errorCode":null,"errorMessage":null}]}]
    Shrunk 25 time(s)

    Hint: Enable verbose mode in order to have the list of 
all failing values encountered during the run

      at buildError (node_modules/fast-check/lib/check/runne
r/utils/RunDetailsFormatter.js:156:19)
      at buildError (node_modules/fast-check/lib/check/runne
r/utils/RunDetailsFormatter.js:170:11)

    Cause:
    expect(received).toHaveLength(expected)

    Expected length: 1
    Received length: 26
    Received array:  [[Object], [Object], [Object], 
[Object], [Object], [Object], [Object], [Object], [Object], 
[Object], ΓÇª]

    [0m [90m 335 |[39m                         
})[33m;[39m
     [90m 336 |[39m
    [31m[1m>[22m[39m[90m 337 |[39m                    
     expect(complianceQuery)[33m.[39mtoHaveLength(critical
Actions[33m.[39mlength)[33m;[39m
     [90m     |[39m                                       
          [31m[1m^[22m[39m
     [90m 338 |[39m                         
     [90m 339 |[39m                         [90m// 
Verify all required compliance fields are present[39m
     [90m 340 |[39m                         
complianceQuery[33m.[39mforEach(log [33m=>[39m {[0m

      at toHaveLength (server/testing/services/auditTrailCom
pleteness.property.test.js:337:49)
      at AsyncProperty.run (node_modules/fast-check/lib/chec
k/property/AsyncProperty.generic.js:43:28)
      at asyncRunIt 
(node_modules/fast-check/lib/check/runner/Runner.js:24:21)
      at Object.<anonymous> (server/testing/services/auditTr
ailCompleteness.property.test.js:231:13)

  ΓùÅ Audit Trail Completeness Property-Based Tests ΓÇ║ 
Property 8: Audit Trail Completeness ΓÇ║ should provide 
comprehensive audit statistics and querying capabilities

    Property failed after 1 tests
    { seed: 29045345, path: 
"0:0:0:0:0:0:0:0:0:0:0:0:0:0:0:0:0:0:0:0:0:0:0", 
endOnFailure: true }
    Counterexample: [{"auditEvents":[{"action":"tenant_creat
e","category":"tenant_management","severity":"low","status":
"success","timeOffset":0},{"action":"tenant_create","categor
y":"tenant_management","severity":"low","status":"success","
timeOffset":0},{"action":"tenant_create","category":"tenant_
management","severity":"low","status":"success","timeOffset"
:0},{"action":"tenant_create","category":"tenant_management"
,"severity":"low","status":"success","timeOffset":0},{"actio
n":"tenant_create","category":"tenant_management","severity"
:"low","status":"success","timeOffset":0}]}]
    Shrunk 22 time(s)

    Hint: Enable verbose mode in order to have the list of 
all failing values encountered during the run

      at buildError (node_modules/fast-check/lib/check/runne
r/utils/RunDetailsFormatter.js:156:19)
      at buildError (node_modules/fast-check/lib/check/runne
r/utils/RunDetailsFormatter.js:170:11)

    Cause:
    expect(received).toBe(expected) // Object.is equality

    Expected: 5
    Received: 121

    [0m [90m 421 |[39m                         [90m// 
For test purposes, we'll calculate statistics directly from 
TestAuditLog[39m
     [90m 422 |[39m                         
[36mconst[39m totalLogs [33m=[39m [36mawait[39m 
[33mTestAuditLog[39m[33m.[39mcountDocuments({ 
tenantId[33m:[39m testTenantId })[33m;[39m
    [31m[1m>[22m[39m[90m 423 |[39m                    
     expect(totalLogs)[33m.[39mtoBe(auditEvents[33m.[39m
length)[33m;[39m
     [90m     |[39m                                       
    [31m[1m^[22m[39m
     [90m 424 |[39m
     [90m 425 |[39m                         [90m// 
Calculate statistics manually for test[39m
     [90m 426 |[39m                         
[36mconst[39m allLogs [33m=[39m [36mawait[39m 
[33mTestAuditLog[39m[33m.[39mfind({ tenantId[33m:[39m 
testTenantId })[33m;[39m[0m

      at toBe (server/testing/services/auditTrailCompletenes
s.property.test.js:423:43)
      at AsyncProperty.run (node_modules/fast-check/lib/chec
k/property/AsyncProperty.generic.js:43:28)
      at asyncRunIt 
(node_modules/fast-check/lib/check/runner/Runner.js:24:21)
      at Object.<anonymous> (server/testing/services/auditTr
ailCompleteness.property.test.js:359:13)

FAIL server/testing/services/auditLogger.service.test.js
  ΓùÅ AuditLoggerService ΓÇ║ createLog ΓÇ║ should create a 
basic audit log entry

    ValidationError: AuditLog validation failed: action: 
Path `action` is required., resource: Path `resource` is 
required., severity: `info` is not a valid enum value for 
path `severity`.

      at model.Document.invalidate 
(node_modules/mongoose/lib/document.js:3362:32)
      at invalidate 
(node_modules/mongoose/lib/document.js:3123:17)
      at fn (node_modules/mongoose/lib/schemaType.js:1446:9)

  ΓùÅ AuditLoggerService ΓÇ║ createLog ΓÇ║ should reject 
invalid event type

    expect(received).rejects.toThrow(expected)

    Expected substring: "Invalid event type"
    Received message:   "AuditLog validation failed: 
action: Path `action` is required., resource: Path 
`resource` is required., severity: `info` is not a valid 
enum value for path `severity`."

      at model.Document.invalidate 
(node_modules/mongoose/lib/document.js:3362:32)
      at invalidate 
(node_modules/mongoose/lib/document.js:3123:17)
      at fn (node_modules/mongoose/lib/schemaType.js:1446:9)
      at Object.toThrow 
(node_modules/expect/build/index.js:2155:20)
      at Object.toThrow 
(server/testing/services/auditLogger.service.test.js:40:23)

  ΓùÅ AuditLoggerService ΓÇ║ createLog ΓÇ║ should reject 
invalid severity level

    expect(received).rejects.toThrow(expected)

    Expected substring: "Invalid severity level"
    Received message:   "AuditLog validation failed: 
action: Path `action` is required., resource: Path 
`resource` is required., severity: `invalid` is not a valid 
enum value for path `severity`."

      at model.Document.invalidate 
(node_modules/mongoose/lib/document.js:3362:32)
      at invalidate 
(node_modules/mongoose/lib/document.js:3123:17)
      at fn (node_modules/mongoose/lib/schemaType.js:1446:9)
      at Object.toThrow 
(node_modules/expect/build/index.js:2155:20)
      at Object.toThrow 
(server/testing/services/auditLogger.service.test.js:51:23)

  ΓùÅ AuditLoggerService ΓÇ║ logValidationSuccess ΓÇ║ 
should log validation success with info severity

    TypeError: req.get is not a function

    [0m [90m 66 |[39m     [36mreturn[39m {
     [90m 67 |[39m       ipAddress[33m:[39m 
req[33m.[39mip [33m||[39m req[33m.[39mconnection[33m?
[39m[33m.[39mremoteAddress[33m,[39m
    [31m[1m>[22m[39m[90m 68 |[39m       
userAgent[33m:[39m req[33m.[39m[36mget[39m([32m'User-
Agent'[39m)[33m,[39m
     [90m    |[39m                      
[31m[1m^[22m[39m
     [90m 69 |[39m       requestId[33m:[39m 
req[33m.[39mid [33m||[39m 
req[33m.[39mheaders[[32m'x-request-id'[39m][33m,[39m
     [90m 70 |[39m       sessionId[33m:[39m 
req[33m.[39msessionID [33m||[39m 
req[33m.[39msession[33m?[39m[33m.[39mid[33m,[39m
     [90m 71 |[39m       method[33m:[39m 
req[33m.[39mmethod[33m,[39m[0m

      at AuditLoggerService.get [as extractRequestInfo] 
(server/services/auditLogger.service.js:68:22)
      at AuditLoggerService.extractRequestInfo [as 
createAuditLog] 
(server/services/auditLogger.service.js:85:32)
      at AuditLoggerService.createAuditLog [as 
logValidationSuccess] 
(server/services/auditLogger.service.js:616:23)
      at Object.logValidationSuccess 
(server/testing/services/auditLogger.service.test.js:57:50)

  ΓùÅ AuditLoggerService ΓÇ║ logValidationFailure ΓÇ║ 
should log validation failure with warning severity

    TypeError: req.get is not a function

    [0m [90m 66 |[39m     [36mreturn[39m {
     [90m 67 |[39m       ipAddress[33m:[39m 
req[33m.[39mip [33m||[39m req[33m.[39mconnection[33m?
[39m[33m.[39mremoteAddress[33m,[39m
    [31m[1m>[22m[39m[90m 68 |[39m       
userAgent[33m:[39m req[33m.[39m[36mget[39m([32m'User-
Agent'[39m)[33m,[39m
     [90m    |[39m                      
[31m[1m^[22m[39m
     [90m 69 |[39m       requestId[33m:[39m 
req[33m.[39mid [33m||[39m 
req[33m.[39mheaders[[32m'x-request-id'[39m][33m,[39m
     [90m 70 |[39m       sessionId[33m:[39m 
req[33m.[39msessionID [33m||[39m 
req[33m.[39msession[33m?[39m[33m.[39mid[33m,[39m
     [90m 71 |[39m       method[33m:[39m 
req[33m.[39mmethod[33m,[39m[0m

      at AuditLoggerService.get [as extractRequestInfo] 
(server/services/auditLogger.service.js:68:22)
      at AuditLoggerService.extractRequestInfo [as 
createAuditLog] 
(server/services/auditLogger.service.js:85:32)
      at AuditLoggerService.createAuditLog [as 
logValidationFailure] 
(server/services/auditLogger.service.js:595:23)
      at Object.logValidationFailure 
(server/testing/services/auditLogger.service.test.js:71:50)

  ΓùÅ AuditLoggerService ΓÇ║ logLicenseExpired ΓÇ║ should 
log license expiration with critical severity

    TypeError: req.get is not a function

    [0m [90m 66 |[39m     [36mreturn[39m {
     [90m 67 |[39m       ipAddress[33m:[39m 
req[33m.[39mip [33m||[39m req[33m.[39mconnection[33m?
[39m[33m.[39mremoteAddress[33m,[39m
    [31m[1m>[22m[39m[90m 68 |[39m       
userAgent[33m:[39m req[33m.[39m[36mget[39m([32m'User-
Agent'[39m)[33m,[39m
     [90m    |[39m                      
[31m[1m^[22m[39m
     [90m 69 |[39m       requestId[33m:[39m 
req[33m.[39mid [33m||[39m 
req[33m.[39mheaders[[32m'x-request-id'[39m][33m,[39m
     [90m 70 |[39m       sessionId[33m:[39m 
req[33m.[39msessionID [33m||[39m 
req[33m.[39msession[33m?[39m[33m.[39mid[33m,[39m
     [90m 71 |[39m       method[33m:[39m 
req[33m.[39mmethod[33m,[39m[0m

      at AuditLoggerService.get [as extractRequestInfo] 
(server/services/auditLogger.service.js:68:22)
      at AuditLoggerService.extractRequestInfo [as 
createAuditLog] 
(server/services/auditLogger.service.js:85:32)
      at AuditLoggerService.createAuditLog [as 
logLicenseExpired] 
(server/services/auditLogger.service.js:669:23)
      at Object.logLicenseExpired 
(server/testing/services/auditLogger.service.test.js:87:50)

  ΓùÅ AuditLoggerService ΓÇ║ logLimitWarning ΓÇ║ should log 
limit warning with correct details

    TypeError: auditLoggerService.logLimitWarning is not a 
function

    [0m [90m  98 |[39m     
describe([32m'logLimitWarning'[39m[33m,[39m () 
[33m=>[39m {
     [90m  99 |[39m         it([32m'should log limit 
warning with correct details'[39m[33m,[39m 
[36masync[39m () [33m=>[39m {
    [31m[1m>[22m[39m[90m 100 |[39m             
[36mconst[39m log [33m=[39m [36mawait[39m 
auditLoggerService[33m.[39mlogLimitWarning(
     [90m     |[39m                                       
           [31m[1m^[22m[39m
     [90m 101 |[39m                 
testTenantId[33m,[39m
     [90m 102 |[39m                 
testModuleKey[33m,[39m
     [90m 103 |[39m                 
[32m'employees'[39m[33m,[39m[0m

      at Object.logLimitWarning 
(server/testing/services/auditLogger.service.test.js:100:50)

  ΓùÅ AuditLoggerService ΓÇ║ logLimitExceeded ΓÇ║ should 
log limit exceeded with critical severity

    expect(received).toBe(expected) // Object.is equality

    Expected: "LIMIT_EXCEEDED"
    Received: undefined

    [0m [90m 126 |[39m             )[33m;[39m
     [90m 127 |[39m
    [31m[1m>[22m[39m[90m 128 |[39m             expect(
log[33m.[39meventType)[33m.[39mtoBe([32m'LIMIT_EXCEEDED
'[39m)[33m;[39m
     [90m     |[39m                                   
[31m[1m^[22m[39m
     [90m 129 |[39m             expect(log[33m.[39msever
ity)[33m.[39mtoBe([32m'critical'[39m)[33m;[39m
     [90m 130 |[39m             expect(log[33m.[39mdetai
ls[33m.[39mlimitType)[33m.[39mtoBe([32m'storage'[39m)
[33m;[39m
     [90m 131 |[39m             expect(log[33m.[39mdetai
ls[33m.[39mcurrentValue)[33m.[39mtoBe([35m11000000000[
39m)[33m;[39m[0m

      at Object.toBe 
(server/testing/services/auditLogger.service.test.js:128:35)

  ΓùÅ AuditLoggerService ΓÇ║ logModuleActivated ΓÇ║ should 
log module activation

    TypeError: req.get is not a function

    [0m [90m 66 |[39m     [36mreturn[39m {
     [90m 67 |[39m       ipAddress[33m:[39m 
req[33m.[39mip [33m||[39m req[33m.[39mconnection[33m?
[39m[33m.[39mremoteAddress[33m,[39m
    [31m[1m>[22m[39m[90m 68 |[39m       
userAgent[33m:[39m req[33m.[39m[36mget[39m([32m'User-
Agent'[39m)[33m,[39m
     [90m    |[39m                      
[31m[1m^[22m[39m
     [90m 69 |[39m       requestId[33m:[39m 
req[33m.[39mid [33m||[39m 
req[33m.[39mheaders[[32m'x-request-id'[39m][33m,[39m
     [90m 70 |[39m       sessionId[33m:[39m 
req[33m.[39msessionID [33m||[39m 
req[33m.[39msession[33m?[39m[33m.[39mid[33m,[39m
     [90m 71 |[39m       method[33m:[39m 
req[33m.[39mmethod[33m,[39m[0m

      at AuditLoggerService.get [as extractRequestInfo] 
(server/services/auditLogger.service.js:68:22)
      at AuditLoggerService.extractRequestInfo [as 
createAuditLog] 
(server/services/auditLogger.service.js:85:32)
      at AuditLoggerService.createAuditLog [as 
logModuleActivated] 
(server/services/auditLogger.service.js:689:23)
      at Object.logModuleActivated 
(server/testing/services/auditLogger.service.test.js:138:50)

  ΓùÅ AuditLoggerService ΓÇ║ logModuleDeactivated ΓÇ║ 
should log module deactivation

    TypeError: auditLoggerService.logModuleDeactivated is 
not a function

    [0m [90m 150 |[39m     
describe([32m'logModuleDeactivated'[39m[33m,[39m () 
[33m=>[39m {
     [90m 151 |[39m         it([32m'should log module 
deactivation'[39m[33m,[39m [36masync[39m () 
[33m=>[39m {
    [31m[1m>[22m[39m[90m 152 |[39m             
[36mconst[39m log [33m=[39m [36mawait[39m 
auditLoggerService[33m.[39mlogModuleDeactivated(
     [90m     |[39m                                       
           [31m[1m^[22m[39m
     [90m 153 |[39m                 
testTenantId[33m,[39m
     [90m 154 |[39m                 
testModuleKey[33m,[39m
     [90m 155 |[39m                 { reason[33m:[39m 
[32m'Subscription downgrade'[39m }[0m

      at Object.logModuleDeactivated 
(server/testing/services/auditLogger.service.test.js:152:50)

  ΓùÅ AuditLoggerService ΓÇ║ logLicenseUpdated ΓÇ║ should 
log license update with change tracking

    TypeError: auditLoggerService.logLicenseUpdated is not 
a function

    [0m [90m 166 |[39m             [36mconst[39m 
newValue [33m=[39m { tier[33m:[39m 
[32m'business'[39m[33m,[39m limits[33m:[39m { 
employees[33m:[39m [35m200[39m } }[33m;[39m
     [90m 167 |[39m
    [31m[1m>[22m[39m[90m 168 |[39m             
[36mconst[39m log [33m=[39m [36mawait[39m 
auditLoggerService[33m.[39mlogLicenseUpdated(
     [90m     |[39m                                       
           [31m[1m^[22m[39m
     [90m 169 |[39m                 
testTenantId[33m,[39m
     [90m 170 |[39m                 
testModuleKey[33m,[39m
     [90m 171 |[39m                 
previousValue[33m,[39m[0m

      at Object.logLicenseUpdated 
(server/testing/services/auditLogger.service.test.js:168:50)

  ΓùÅ AuditLoggerService ΓÇ║ logSubscriptionEvent ΓÇ║ 
should log subscription created

    TypeError: auditLoggerService.logSubscriptionEvent is 
not a function

    [0m [90m 182 |[39m     
describe([32m'logSubscriptionEvent'[39m[33m,[39m () 
[33m=>[39m {
     [90m 183 |[39m         it([32m'should log 
subscription created'[39m[33m,[39m [36masync[39m () 
[33m=>[39m {
    [31m[1m>[22m[39m[90m 184 |[39m             
[36mconst[39m log [33m=[39m [36mawait[39m 
auditLoggerService[33m.[39mlogSubscriptionEvent(
     [90m     |[39m                                       
           [31m[1m^[22m[39m
     [90m 185 |[39m                 
testTenantId[33m,[39m
     [90m 186 |[39m                 
testModuleKey[33m,[39m
     [90m 187 |[39m                 
[32m'SUBSCRIPTION_CREATED'[39m[33m,[39m[0m

      at Object.logSubscriptionEvent 
(server/testing/services/auditLogger.service.test.js:184:50)

  ΓùÅ AuditLoggerService ΓÇ║ logSubscriptionEvent ΓÇ║ 
should log subscription expired with warning severity

    TypeError: auditLoggerService.logSubscriptionEvent is 
not a function

    [0m [90m 194 |[39m
     [90m 195 |[39m         it([32m'should log 
subscription expired with warning severity'[39m[33m,[39m 
[36masync[39m () [33m=>[39m {
    [31m[1m>[22m[39m[90m 196 |[39m             
[36mconst[39m log [33m=[39m [36mawait[39m 
auditLoggerService[33m.[39mlogSubscriptionEvent(
     [90m     |[39m                                       
           [31m[1m^[22m[39m
     [90m 197 |[39m                 
testTenantId[33m,[39m
     [90m 198 |[39m                 
testModuleKey[33m,[39m
     [90m 199 |[39m                 
[32m'SUBSCRIPTION_EXPIRED'[39m[0m

      at Object.logSubscriptionEvent 
(server/testing/services/auditLogger.service.test.js:196:50)

  ΓùÅ AuditLoggerService ΓÇ║ logSubscriptionEvent ΓÇ║ 
should reject invalid subscription event type

    TypeError: auditLoggerService.logSubscriptionEvent is 
not a function

    [0m [90m 206 |[39m         it([32m'should reject 
invalid subscription event type'[39m[33m,[39m 
[36masync[39m () [33m=>[39m {
     [90m 207 |[39m             [36mawait[39m expect(
    [31m[1m>[22m[39m[90m 208 |[39m                 
auditLoggerService[33m.[39mlogSubscriptionEvent(
     [90m     |[39m                                    
[31m[1m^[22m[39m
     [90m 209 |[39m                     
testTenantId[33m,[39m
     [90m 210 |[39m                     
testModuleKey[33m,[39m
     [90m 211 |[39m                     
[32m'INVALID_SUBSCRIPTION_EVENT'[39m[0m

      at Object.logSubscriptionEvent 
(server/testing/services/auditLogger.service.test.js:208:36)

  ΓùÅ AuditLoggerService ΓÇ║ logTrialEvent ΓÇ║ should log 
trial started

    TypeError: auditLoggerService.logTrialEvent is not a 
function

    [0m [90m 217 |[39m     
describe([32m'logTrialEvent'[39m[33m,[39m () 
[33m=>[39m {
     [90m 218 |[39m         it([32m'should log trial 
started'[39m[33m,[39m [36masync[39m () [33m=>[39m {
    [31m[1m>[22m[39m[90m 219 |[39m             
[36mconst[39m log [33m=[39m [36mawait[39m 
auditLoggerService[33m.[39mlogTrialEvent(
     [90m     |[39m                                       
           [31m[1m^[22m[39m
     [90m 220 |[39m                 
testTenantId[33m,[39m
     [90m 221 |[39m                 
testModuleKey[33m,[39m
     [90m 222 |[39m                 
[32m'TRIAL_STARTED'[39m[33m,[39m[0m

      at Object.logTrialEvent 
(server/testing/services/auditLogger.service.test.js:219:50)

  ΓùÅ AuditLoggerService ΓÇ║ logTrialEvent ΓÇ║ should 
reject invalid trial event type

    TypeError: auditLoggerService.logTrialEvent is not a 
function

    [0m [90m 230 |[39m         it([32m'should reject 
invalid trial event type'[39m[33m,[39m [36masync[39m 
() [33m=>[39m {
     [90m 231 |[39m             [36mawait[39m expect(
    [31m[1m>[22m[39m[90m 232 |[39m                 
auditLoggerService[33m.[39mlogTrialEvent(
     [90m     |[39m                                    
[31m[1m^[22m[39m
     [90m 233 |[39m                     
testTenantId[33m,[39m
     [90m 234 |[39m                     
testModuleKey[33m,[39m
     [90m 235 |[39m                     
[32m'INVALID_TRIAL_EVENT'[39m[0m

      at Object.logTrialEvent 
(server/testing/services/auditLogger.service.test.js:232:36)

  ΓùÅ AuditLoggerService ΓÇ║ logUsageTracked ΓÇ║ should log 
usage tracking

    TypeError: auditLoggerService.logUsageTracked is not a 
function

    [0m [90m 241 |[39m     
describe([32m'logUsageTracked'[39m[33m,[39m () 
[33m=>[39m {
     [90m 242 |[39m         it([32m'should log usage 
tracking'[39m[33m,[39m [36masync[39m () [33m=>[39m {
    [31m[1m>[22m[39m[90m 243 |[39m             
[36mconst[39m log [33m=[39m [36mawait[39m 
auditLoggerService[33m.[39mlogUsageTracked(
     [90m     |[39m                                       
           [31m[1m^[22m[39m
     [90m 244 |[39m                 
testTenantId[33m,[39m
     [90m 245 |[39m                 
testModuleKey[33m,[39m
     [90m 246 |[39m                 { metric[33m:[39m 
[32m'apiCalls'[39m[33m,[39m value[33m:[39m 
[35m100[39m }[0m

      at Object.logUsageTracked 
(server/testing/services/auditLogger.service.test.js:243:50)

  ΓùÅ AuditLoggerService ΓÇ║ logDependencyViolation ΓÇ║ 
should log dependency violation with error severity

    TypeError: auditLoggerService.logDependencyViolation is 
not a function

    [0m [90m 254 |[39m     
describe([32m'logDependencyViolation'[39m[33m,[39m () 
[33m=>[39m {
     [90m 255 |[39m         it([32m'should log 
dependency violation with error severity'[39m[33m,[39m 
[36masync[39m () [33m=>[39m {
    [31m[1m>[22m[39m[90m 256 |[39m             
[36mconst[39m log [33m=[39m [36mawait[39m 
auditLoggerService[33m.[39mlogDependencyViolation(
     [90m     |[39m                                       
           [31m[1m^[22m[39m
     [90m 257 |[39m                 
testTenantId[33m,[39m
     [90m 258 |[39m                 
testModuleKey[33m,[39m
     [90m 259 |[39m                 { 
missingDependency[33m:[39m [32m'hr-core'[39m }[0m

      at Object.logDependencyViolation 
(server/testing/services/auditLogger.service.test.js:256:50)

  ΓùÅ AuditLoggerService ΓÇ║ queryLogs ΓÇ║ should filter by 
tenant

    expect(received).toBe(expected) // Object.is equality

    Expected: 4
    Received: 2

    [0m [90m 281 |[39m         it([32m'should filter by 
tenant'[39m[33m,[39m [36masync[39m () [33m=>[39m {
     [90m 282 |[39m             [36mconst[39m logs 
[33m=[39m [36mawait[39m 
auditLoggerService[33m.[39mqueryLogs({ 
tenantId[33m:[39m testTenantId })[33m;[39m
    [31m[1m>[22m[39m[90m 283 |[39m             expect(
logs[33m.[39mlength)[33m.[39mtoBe([35m4[39m)[33m;[39
m
     [90m     |[39m                                 
[31m[1m^[22m[39m
     [90m 284 |[39m         })[33m;[39m
     [90m 285 |[39m
     [90m 286 |[39m         it([32m'should filter by 
module'[39m[33m,[39m [36masync[39m () [33m=>[39m 
{[0m

      at Object.toBe 
(server/testing/services/auditLogger.service.test.js:283:33)

  ΓùÅ AuditLoggerService ΓÇ║ queryLogs ΓÇ║ should filter by 
module

    expect(received).toBe(expected) // Object.is equality

    Expected: 2
    Received: 4

    [0m [90m 286 |[39m         it([32m'should filter by 
module'[39m[33m,[39m [36masync[39m () [33m=>[39m {
     [90m 287 |[39m             [36mconst[39m logs 
[33m=[39m [36mawait[39m 
auditLoggerService[33m.[39mqueryLogs({ 
moduleKey[33m:[39m [32m'attendance'[39m })[33m;[39m
    [31m[1m>[22m[39m[90m 288 |[39m             expect(
logs[33m.[39mlength)[33m.[39mtoBe([35m2[39m)[33m;[39
m
     [90m     |[39m                                 
[31m[1m^[22m[39m
     [90m 289 |[39m         })[33m;[39m
     [90m 290 |[39m
     [90m 291 |[39m         it([32m'should filter by 
event type'[39m[33m,[39m [36masync[39m () [33m=>[39m 
{[0m

      at Object.toBe 
(server/testing/services/auditLogger.service.test.js:288:33)

  ΓùÅ AuditLoggerService ΓÇ║ queryLogs ΓÇ║ should filter by 
event type

    expect(received).toBe(expected) // Object.is equality

    Expected: 2
    Received: 4

    [0m [90m 291 |[39m         it([32m'should filter by 
event type'[39m[33m,[39m [36masync[39m () [33m=>[39m 
{
     [90m 292 |[39m             [36mconst[39m logs 
[33m=[39m [36mawait[39m 
auditLoggerService[33m.[39mqueryLogs({ 
eventType[33m:[39m [32m'VALIDATION_SUCCESS'[39m 
})[33m;[39m
    [31m[1m>[22m[39m[90m 293 |[39m             expect(
logs[33m.[39mlength)[33m.[39mtoBe([35m2[39m)[33m;[39
m
     [90m     |[39m                                 
[31m[1m^[22m[39m
     [90m 294 |[39m         })[33m;[39m
     [90m 295 |[39m
     [90m 296 |[39m         it([32m'should filter by 
severity'[39m[33m,[39m [36masync[39m () [33m=>[39m 
{[0m

      at Object.toBe 
(server/testing/services/auditLogger.service.test.js:293:33)

  ΓùÅ AuditLoggerService ΓÇ║ queryLogs ΓÇ║ should filter by 
severity

    expect(received).toBe(expected) // Object.is equality

    Expected: 1
    Received: 0

    [0m [90m 296 |[39m         it([32m'should filter by 
severity'[39m[33m,[39m [36masync[39m () [33m=>[39m {
     [90m 297 |[39m             [36mconst[39m logs 
[33m=[39m [36mawait[39m 
auditLoggerService[33m.[39mqueryLogs({ 
severity[33m:[39m [32m'critical'[39m })[33m;[39m
    [31m[1m>[22m[39m[90m 298 |[39m             expect(
logs[33m.[39mlength)[33m.[39mtoBe([35m1[39m)[33m;[39
m
     [90m     |[39m                                 
[31m[1m^[22m[39m
     [90m 299 |[39m         })[33m;[39m
     [90m 300 |[39m
     [90m 301 |[39m         it([32m'should limit 
results'[39m[33m,[39m [36masync[39m () [33m=>[39m 
{[0m

      at Object.toBe 
(server/testing/services/auditLogger.service.test.js:298:33)

  ΓùÅ AuditLoggerService ΓÇ║ getStatistics ΓÇ║ should 
return statistics

    expect(received).toBe(expected) // Object.is equality

    Expected: 4
    Received: undefined

    [0m [90m 317 |[39m
     [90m 318 |[39m             
expect(stats)[33m.[39mtoBeDefined()[33m;[39m
    [31m[1m>[22m[39m[90m 319 |[39m             expect(
stats[33m.[39mtotalEvents)[33m.[39mtoBe([35m4[39m)[33
m;[39m
     [90m     |[39m                                       
[31m[1m^[22m[39m
     [90m 320 |[39m             expect(stats[33m.[39mbyE
ventType)[33m.[39mtoBeDefined()[33m;[39m
     [90m 321 |[39m             expect(stats[33m.[39mbyS
everity)[33m.[39mtoBeDefined()[33m;[39m
     [90m 322 |[39m         })[33m;[39m[0m

      at Object.toBe 
(server/testing/services/auditLogger.service.test.js:319:39)

  ΓùÅ AuditLoggerService ΓÇ║ getRecentViolations ΓÇ║ should 
return only high-priority events

    expect(received).toBe(expected) // Object.is equality

    Expected: 2
    Received: 0

    [0m [90m 332 |[39m         it([32m'should return 
only high-priority events'[39m[33m,[39m [36masync[39m 
() [33m=>[39m {
     [90m 333 |[39m             [36mconst[39m 
violations [33m=[39m [36mawait[39m auditLoggerService[3
3m.[39mgetRecentViolations(testTenantId)[33m;[39m
    [31m[1m>[22m[39m[90m 334 |[39m             expect(
violations[33m.[39mlength)[33m.[39mtoBe([35m2[39m)[33
m;[39m [90m// Only critical and error events[39m
     [90m     |[39m                                       
[31m[1m^[22m[39m
     [90m 335 |[39m         })[33m;[39m
     [90m 336 |[39m     })[33m;[39m
     [90m 337 |[39m[0m

      at Object.toBe 
(server/testing/services/auditLogger.service.test.js:334:39)

  ΓùÅ AuditLoggerService ΓÇ║ getModuleAuditTrail ΓÇ║ should 
return audit trail for specific module

    expect(received).toBe(expected) // Object.is equality

    Expected: "attendance"
    Received: undefined

    [0m [90m 352 |[39m             expect(trail[33m.[39
mlength)[33m.[39mtoBe([35m2[39m)[33m;[39m
     [90m 353 |[39m             
trail[33m.[39mforEach(log [33m=>[39m {
    [31m[1m>[22m[39m[90m 354 |[39m                 exp
ect(log[33m.[39mmoduleKey)[33m.[39mtoBe([32m'attendance
'[39m)[33m;[39m
     [90m     |[39m                                       
[31m[1m^[22m[39m
     [90m 355 |[39m             })[33m;[39m
     [90m 356 |[39m         })[33m;[39m
     [90m 357 |[39m     })[33m;[39m[0m

      at toBe 
(server/testing/services/auditLogger.service.test.js:354:39)
          at Array.forEach (<anonymous>)
      at Object.forEach 
(server/testing/services/auditLogger.service.test.js:353:19)

FAIL server/testing/services/auditLogQueryFiltering.property
.test.js
  ΓùÅ Audit Log Query Filtering - Property-Based Tests ΓÇ║ 
Property 35: Audit Log Query Filtering ΓÇ║ should filter 
audit logs by tenant ID

    Property failed after 1 tests
    { seed: 567447664, path: "0:0:0:0", endOnFailure: true }
    Counterexample: [{"moduleKey":"hr-core","eventType":"VAL
IDATION_SUCCESS","logsPerTenant":2}]
    Shrunk 3 time(s)

    Hint: Enable verbose mode in order to have the list of 
all failing values encountered during the run

      at buildError (node_modules/fast-check/lib/check/runne
r/utils/RunDetailsFormatter.js:156:19)
      at buildError (node_modules/fast-check/lib/check/runne
r/utils/RunDetailsFormatter.js:170:11)

    Cause:
    ValidationError: AuditLog validation failed: action: 
Path `action` is required., resource: Path `resource` is 
required., severity: `info` is not a valid enum value for 
path `severity`.

      at model.Document.invalidate 
(node_modules/mongoose/lib/document.js:3362:32)
      at invalidate 
(node_modules/mongoose/lib/document.js:3123:17)
      at fn (node_modules/mongoose/lib/schemaType.js:1446:9)

  ΓùÅ Audit Log Query Filtering - Property-Based Tests ΓÇ║ 
Property 35: Audit Log Query Filtering ΓÇ║ should filter 
audit logs by module key

    Property failed after 1 tests
    { seed: 1858103245, path: "0:0:0:0", endOnFailure: true 
}
    Counterexample: 
[{"eventType":"VALIDATION_SUCCESS","logsPerModule":2}]
    Shrunk 3 time(s)

    Hint: Enable verbose mode in order to have the list of 
all failing values encountered during the run

      at buildError (node_modules/fast-check/lib/check/runne
r/utils/RunDetailsFormatter.js:156:19)
      at buildError (node_modules/fast-check/lib/check/runne
r/utils/RunDetailsFormatter.js:170:11)

    Cause:
    ValidationError: AuditLog validation failed: action: 
Path `action` is required., resource: Path `resource` is 
required., severity: `info` is not a valid enum value for 
path `severity`.

      at model.Document.invalidate 
(node_modules/mongoose/lib/document.js:3362:32)
      at invalidate 
(node_modules/mongoose/lib/document.js:3123:17)
      at fn (node_modules/mongoose/lib/schemaType.js:1446:9)

  ΓùÅ Audit Log Query Filtering - Property-Based Tests ΓÇ║ 
Property 35: Audit Log Query Filtering ΓÇ║ should filter 
audit logs by event type

    Property failed after 1 tests
    { seed: -1264816496, path: "0:0:0:0", endOnFailure: 
true }
    Counterexample: 
[{"moduleKey":"hr-core","logsPerEventType":2}]
    Shrunk 3 time(s)

    Hint: Enable verbose mode in order to have the list of 
all failing values encountered during the run

      at buildError (node_modules/fast-check/lib/check/runne
r/utils/RunDetailsFormatter.js:156:19)
      at buildError (node_modules/fast-check/lib/check/runne
r/utils/RunDetailsFormatter.js:170:11)

    Cause:
    ValidationError: AuditLog validation failed: action: 
Path `action` is required., resource: Path `resource` is 
required., severity: `info` is not a valid enum value for 
path `severity`.

      at model.Document.invalidate 
(node_modules/mongoose/lib/document.js:3362:32)
      at invalidate 
(node_modules/mongoose/lib/document.js:3123:17)
      at fn (node_modules/mongoose/lib/schemaType.js:1446:9)

  ΓùÅ Audit Log Query Filtering - Property-Based Tests ΓÇ║ 
Property 35: Audit Log Query Filtering ΓÇ║ should filter 
audit logs by severity level

    Property failed after 1 tests
    { seed: -94150332, path: "0:0:0:0", endOnFailure: true }
    Counterexample: 
[{"moduleKey":"hr-core","logsPerSeverity":2}]
    Shrunk 3 time(s)

    Hint: Enable verbose mode in order to have the list of 
all failing values encountered during the run

      at buildError (node_modules/fast-check/lib/check/runne
r/utils/RunDetailsFormatter.js:156:19)
      at buildError (node_modules/fast-check/lib/check/runne
r/utils/RunDetailsFormatter.js:170:11)

    Cause:
    ValidationError: AuditLog validation failed: action: 
Path `action` is required., resource: Path `resource` is 
required., severity: `info` is not a valid enum value for 
path `severity`.

      at model.Document.invalidate 
(node_modules/mongoose/lib/document.js:3362:32)
      at invalidate 
(node_modules/mongoose/lib/document.js:3123:17)
      at fn (node_modules/mongoose/lib/schemaType.js:1446:9)

  ΓùÅ Audit Log Query Filtering - Property-Based Tests ΓÇ║ 
Property 35: Audit Log Query Filtering ΓÇ║ should filter 
audit logs by date range

    Property failed after 1 tests
    { seed: 1052472248, path: "0:0:0:0:0", endOnFailure: 
true }
    Counterexample: [{"moduleKey":"hr-core","eventType":"VAL
IDATION_SUCCESS","daysAgo":2}]
    Shrunk 4 time(s)

    Hint: Enable verbose mode in order to have the list of 
all failing values encountered during the run

      at buildError (node_modules/fast-check/lib/check/runne
r/utils/RunDetailsFormatter.js:156:19)
      at buildError (node_modules/fast-check/lib/check/runne
r/utils/RunDetailsFormatter.js:170:11)

    Cause:
    expect(received).toBeGreaterThanOrEqual(expected)

    Expected: >= 2
    Received:    0

    [0m [90m 359 |[39m
     [90m 360 |[39m                         [90m// 
Assertion 1: Should include logs on and after target 
date[39m
    [31m[1m>[22m[39m[90m 361 |[39m                    
     expect(logsFromDate[33m.[39mlength)[33m.[39mtoBeGre
aterThanOrEqual([35m2[39m)[33m;[39m
     [90m     |[39m                                       
              [31m[1m^[22m[39m
     [90m 362 |[39m                         
[36mconst[39m logsFromDateIds [33m=[39m 
logsFromDate[33m.[39mmap(l [33m=>[39m 
l[33m.[39m_id[33m.[39mtoString())[33m;[39m
     [90m 363 |[39m                         expect(logsFro
mDateIds)[33m.[39mtoContain(logOn[33m.[39m_id[33m.[39m
toString())[33m;[39m
     [90m 364 |[39m                         expect(logsFro
mDateIds)[33m.[39mtoContain(logAfter[33m.[39m_id[33m.[
39mtoString())[33m;[39m[0m

      at toBeGreaterThanOrEqual (server/testing/services/aud
itLogQueryFiltering.property.test.js:361:53)
      at AsyncProperty.run (node_modules/fast-check/lib/chec
k/property/AsyncProperty.generic.js:43:28)
      at asyncRunIt 
(node_modules/fast-check/lib/check/runner/Runner.js:24:21)
      at Object.<anonymous> (server/testing/services/auditLo
gQueryFiltering.property.test.js:305:13)

  ΓùÅ Audit Log Query Filtering - Property-Based Tests ΓÇ║ 
Property 35: Audit Log Query Filtering ΓÇ║ should support 
combining multiple filters

    Property failed after 1 tests
    { seed: 555885461, path: "0:0", endOnFailure: true }
    Counterexample: [{"dummy":true}]
    Shrunk 1 time(s)

    Hint: Enable verbose mode in order to have the list of 
all failing values encountered during the run

      at buildError (node_modules/fast-check/lib/check/runne
r/utils/RunDetailsFormatter.js:156:19)
      at buildError (node_modules/fast-check/lib/check/runne
r/utils/RunDetailsFormatter.js:170:11)

    Cause:
    ValidationError: AuditLog validation failed: action: 
Path `action` is required., resource: Path `resource` is 
required., severity: `info` is not a valid enum value for 
path `severity`.

      at model.Document.invalidate 
(node_modules/mongoose/lib/document.js:3362:32)
      at invalidate 
(node_modules/mongoose/lib/document.js:3123:17)
      at fn (node_modules/mongoose/lib/schemaType.js:1446:9)

  ΓùÅ Audit Log Query Filtering - Property-Based Tests ΓÇ║ 
Property 35: Audit Log Query Filtering ΓÇ║ should respect 
limit and skip parameters

    Property failed after 1 tests
    { seed: 1752562530, path: "0:0:0:0", endOnFailure: true 
}
    Counterexample: [{"totalLogs":10,"limit":3,"skip":0}]
    Shrunk 3 time(s)

    Hint: Enable verbose mode in order to have the list of 
all failing values encountered during the run

      at buildError (node_modules/fast-check/lib/check/runne
r/utils/RunDetailsFormatter.js:156:19)
      at buildError (node_modules/fast-check/lib/check/runne
r/utils/RunDetailsFormatter.js:170:11)

    Cause:
    ValidationError: AuditLog validation failed: action: 
Path `action` is required., resource: Path `resource` is 
required., severity: `info` is not a valid enum value for 
path `severity`.

      at model.Document.invalidate 
(node_modules/mongoose/lib/document.js:3362:32)
      at invalidate 
(node_modules/mongoose/lib/document.js:3123:17)
      at fn (node_modules/mongoose/lib/schemaType.js:1446:9)

  ΓùÅ Audit Log Query Filtering - Property-Based Tests ΓÇ║ 
Property 35: Audit Log Query Filtering ΓÇ║ should return 
empty array when no logs match filters

    Property failed after 1 tests
    { seed: 995263749, path: "0:0:0:0", endOnFailure: true }
    Counterexample: 
[{"moduleKey":"hr-core","eventType":"VALIDATION_SUCCESS"}]
    Shrunk 3 time(s)

    Hint: Enable verbose mode in order to have the list of 
all failing values encountered during the run

      at buildError (node_modules/fast-check/lib/check/runne
r/utils/RunDetailsFormatter.js:156:19)
      at buildError (node_modules/fast-check/lib/check/runne
r/utils/RunDetailsFormatter.js:170:11)

    Cause:
    ValidationError: AuditLog validation failed: action: 
Path `action` is required., resource: Path `resource` is 
required., severity: `info` is not a valid enum value for 
path `severity`.

      at model.Document.invalidate 
(node_modules/mongoose/lib/document.js:3362:32)
      at invalidate 
(node_modules/mongoose/lib/document.js:3123:17)
      at fn (node_modules/mongoose/lib/schemaType.js:1446:9)

  ΓùÅ Audit Log Query Filtering - Property-Based Tests ΓÇ║ 
Property 35: Audit Log Query Filtering ΓÇ║ should maintain 
filter consistency across multiple queries

    Property failed after 1 tests
    { seed: -1864947001, path: "0:0:0:0:0:0", endOnFailure: 
true }
    Counterexample: [{"moduleKey":"hr-core","eventType":"VAL
IDATION_SUCCESS","severity":"info","queryCount":2}]
    Shrunk 5 time(s)

    Hint: Enable verbose mode in order to have the list of 
all failing values encountered during the run

      at buildError (node_modules/fast-check/lib/check/runne
r/utils/RunDetailsFormatter.js:156:19)
      at buildError (node_modules/fast-check/lib/check/runne
r/utils/RunDetailsFormatter.js:170:11)

    Cause:
    ValidationError: AuditLog validation failed: action: 
Path `action` is required., resource: Path `resource` is 
required., severity: `info` is not a valid enum value for 
path `severity`.

      at model.Document.invalidate 
(node_modules/mongoose/lib/document.js:3362:32)
      at invalidate 
(node_modules/mongoose/lib/document.js:3123:17)
      at fn (node_modules/mongoose/lib/schemaType.js:1446:9)

FAIL server/testing/services/licenseModificationChangeTracki
ng.property.test.js
  ΓùÅ License Modification Change Tracking - Property-Based 
Tests ΓÇ║ Property 36: License Modification Change Tracking 
ΓÇ║ should record previous and new values when license is 
modified

    Property failed after 1 tests
    { seed: -1432236530, path: "0:0:0:0:0", endOnFailure: 
true }
    Counterexample: [{"moduleKey":"attendance","initialTier"
:"starter","newTier":"starter","initialEnabled":false,"newEn
abled":false}]
    Shrunk 4 time(s)

    Hint: Enable verbose mode in order to have the list of 
all failing values encountered during the run

      at buildError (node_modules/fast-check/lib/check/runne
r/utils/RunDetailsFormatter.js:156:19)
      at buildError (node_modules/fast-check/lib/check/runne
r/utils/RunDetailsFormatter.js:170:11)

    Cause:
    TypeError: auditLoggerService.logLicenseUpdated is not 
a function

    [0m [90m  95 |[39m
     [90m  96 |[39m                         [90m// Log 
the license modification[39m
    [31m[1m>[22m[39m[90m  97 |[39m                    
     [36mawait[39m 
auditLoggerService[33m.[39mlogLicenseUpdated(
     [90m     |[39m                                       
           [31m[1m^[22m[39m
     [90m  98 |[39m                             
uniqueTenantId[33m.[39mtoString()[33m,[39m
     [90m  99 |[39m                             
moduleKey[33m,[39m
     [90m 100 |[39m                             
previousValue[33m,[39m[0m

      at logLicenseUpdated (server/testing/services/licenseM
odificationChangeTracking.property.test.js:97:50)
      at AsyncProperty.run (node_modules/fast-check/lib/chec
k/property/AsyncProperty.generic.js:43:28)
      at asyncRunIt 
(node_modules/fast-check/lib/check/runner/Runner.js:24:21)
      at Object.<anonymous> (server/testing/services/license
ModificationChangeTracking.property.test.js:30:13)

  ΓùÅ License Modification Change Tracking - Property-Based 
Tests ΓÇ║ Property 36: License Modification Change Tracking 
ΓÇ║ should track changes to module enabled status

    Property failed after 1 tests
    { seed: 669905459, path: "0:0", endOnFailure: true }
    Counterexample: 
[{"moduleKey":"attendance","tier":"starter"}]
    Shrunk 1 time(s)

    Hint: Enable verbose mode in order to have the list of 
all failing values encountered during the run

      at buildError (node_modules/fast-check/lib/check/runne
r/utils/RunDetailsFormatter.js:156:19)
      at buildError (node_modules/fast-check/lib/check/runne
r/utils/RunDetailsFormatter.js:170:11)

    Cause:
    TypeError: auditLoggerService.logLicenseUpdated is not 
a function

    [0m [90m 192 |[39m                         
[36mconst[39m newValue [33m=[39m { enabled[33m:[39m 
[36mfalse[39m }[33m;[39m
     [90m 193 |[39m
    [31m[1m>[22m[39m[90m 194 |[39m                    
     [36mawait[39m 
auditLoggerService[33m.[39mlogLicenseUpdated(
     [90m     |[39m                                       
           [31m[1m^[22m[39m
     [90m 195 |[39m                             
uniqueTenantId[33m.[39mtoString()[33m,[39m
     [90m 196 |[39m                             
moduleKey[33m,[39m
     [90m 197 |[39m                             
previousValue[33m,[39m[0m

      at logLicenseUpdated (server/testing/services/licenseM
odificationChangeTracking.property.test.js:194:50)
      at AsyncProperty.run (node_modules/fast-check/lib/chec
k/property/AsyncProperty.generic.js:43:28)
      at asyncRunIt 
(node_modules/fast-check/lib/check/runner/Runner.js:24:21)
      at Object.<anonymous> (server/testing/services/license
ModificationChangeTracking.property.test.js:151:13)

  ΓùÅ License Modification Change Tracking - Property-Based 
Tests ΓÇ║ Property 36: License Modification Change Tracking 
ΓÇ║ should track changes to pricing tier

    Property failed after 1 tests
    { seed: -1820303127, path: "0:0", endOnFailure: true }
    Counterexample: [{"moduleKey":"attendance","previousTier
":"enterprise","newTier":"starter"}]
    Shrunk 1 time(s)

    Hint: Enable verbose mode in order to have the list of 
all failing values encountered during the run

      at buildError (node_modules/fast-check/lib/check/runne
r/utils/RunDetailsFormatter.js:156:19)
      at buildError (node_modules/fast-check/lib/check/runne
r/utils/RunDetailsFormatter.js:170:11)

    Cause:
    TypeError: auditLoggerService.logLicenseUpdated is not 
a function

    [0m [90m 269 |[39m                         
[36mconst[39m newValue [33m=[39m { tier[33m:[39m 
newTier }[33m;[39m
     [90m 270 |[39m
    [31m[1m>[22m[39m[90m 271 |[39m                    
     [36mawait[39m 
auditLoggerService[33m.[39mlogLicenseUpdated(
     [90m     |[39m                                       
           [31m[1m^[22m[39m
     [90m 272 |[39m                             
uniqueTenantId[33m.[39mtoString()[33m,[39m
     [90m 273 |[39m                             
moduleKey[33m,[39m
     [90m 274 |[39m                             
previousValue[33m,[39m[0m

      at logLicenseUpdated (server/testing/services/licenseM
odificationChangeTracking.property.test.js:271:50)
      at AsyncProperty.run (node_modules/fast-check/lib/chec
k/property/AsyncProperty.generic.js:43:28)
      at asyncRunIt 
(node_modules/fast-check/lib/check/runner/Runner.js:24:21)
      at Object.<anonymous> (server/testing/services/license
ModificationChangeTracking.property.test.js:222:13)

  ΓùÅ License Modification Change Tracking - Property-Based 
Tests ΓÇ║ Property 36: License Modification Change Tracking 
ΓÇ║ should track changes to usage limits

    Property failed after 1 tests
    { seed: 1138356675, path: "0:0:0:0:0:0:0:0", 
endOnFailure: true }
    Counterexample: [{"moduleKey":"attendance","tier":"start
er","previousEmployees":50,"newEmployees":150,"previousStora
ge":5368709120,"newStorage":21474836480,"previousApiCalls":1
0000,"newApiCalls":75000}]
    Shrunk 7 time(s)

    Hint: Enable verbose mode in order to have the list of 
all failing values encountered during the run

      at buildError (node_modules/fast-check/lib/check/runne
r/utils/RunDetailsFormatter.js:156:19)
      at buildError (node_modules/fast-check/lib/check/runne
r/utils/RunDetailsFormatter.js:170:11)

    Cause:
    TypeError: auditLoggerService.logLicenseUpdated is not 
a function

    [0m [90m 363 |[39m                         
[36mconst[39m newValue [33m=[39m { limits[33m:[39m 
newLimits }[33m;[39m
     [90m 364 |[39m
    [31m[1m>[22m[39m[90m 365 |[39m                    
     [36mawait[39m 
auditLoggerService[33m.[39mlogLicenseUpdated(
     [90m     |[39m                                       
           [31m[1m^[22m[39m
     [90m 366 |[39m                             
uniqueTenantId[33m.[39mtoString()[33m,[39m
     [90m 367 |[39m                             
moduleKey[33m,[39m
     [90m 368 |[39m                             
previousValue[33m,[39m[0m

      at logLicenseUpdated (server/testing/services/licenseM
odificationChangeTracking.property.test.js:365:50)
      at AsyncProperty.run (node_modules/fast-check/lib/chec
k/property/AsyncProperty.generic.js:43:28)
      at asyncRunIt 
(node_modules/fast-check/lib/check/runner/Runner.js:24:21)
      at Object.<anonymous> (server/testing/services/license
ModificationChangeTracking.property.test.js:299:13)

  ΓùÅ License Modification Change Tracking - Property-Based 
Tests ΓÇ║ Property 36: License Modification Change Tracking 
ΓÇ║ should track multiple modifications in sequence

    Property failed after 1 tests
    { seed: 1561838144, path: "0:0:0:0", endOnFailure: true 
}
    Counterexample: [{"moduleKey":"attendance","tier":"start
er","modificationCount":2}]
    Shrunk 3 time(s)

    Hint: Enable verbose mode in order to have the list of 
all failing values encountered during the run

      at buildError (node_modules/fast-check/lib/check/runne
r/utils/RunDetailsFormatter.js:156:19)
      at buildError (node_modules/fast-check/lib/check/runne
r/utils/RunDetailsFormatter.js:170:11)

    Cause:
    TypeError: auditLoggerService.logLicenseUpdated is not 
a function

    [0m [90m 446 |[39m                             
[36mconst[39m newValue [33m=[39m { limits[33m:[39m { 
employees[33m:[39m currentEmployees } }[33m;[39m
     [90m 447 |[39m
    [31m[1m>[22m[39m[90m 448 |[39m                    
         [36mawait[39m 
auditLoggerService[33m.[39mlogLicenseUpdated(
     [90m     |[39m                                       
               [31m[1m^[22m[39m
     [90m 449 |[39m                                 
uniqueTenantId[33m.[39mtoString()[33m,[39m
     [90m 450 |[39m                                 
moduleKey[33m,[39m
     [90m 451 |[39m                                 
previousValue[33m,[39m[0m

      at logLicenseUpdated (server/testing/services/licenseM
odificationChangeTracking.property.test.js:448:54)
      at AsyncProperty.run (node_modules/fast-check/lib/chec
k/property/AsyncProperty.generic.js:43:28)
      at asyncRunIt 
(node_modules/fast-check/lib/check/runner/Runner.js:24:21)
      at Object.<anonymous> (server/testing/services/license
ModificationChangeTracking.property.test.js:401:13)

  ΓùÅ License Modification Change Tracking - Property-Based 
Tests ΓÇ║ Property 36: License Modification Change Tracking 
ΓÇ║ should track complex modifications with multiple field 
changes

    Property failed after 1 tests
    { seed: -1309100388, path: "0:0:0:0:0", endOnFailure: 
true }
    Counterexample: [{"moduleKey":"attendance","previousTier
":"starter","newTier":"starter","previousEnabled":false,"new
Enabled":false,"previousEmployees":50,"newEmployees":200}]
    Shrunk 4 time(s)

    Hint: Enable verbose mode in order to have the list of 
all failing values encountered during the run

      at buildError (node_modules/fast-check/lib/check/runne
r/utils/RunDetailsFormatter.js:156:19)
      at buildError (node_modules/fast-check/lib/check/runne
r/utils/RunDetailsFormatter.js:170:11)

    Cause:
    TypeError: auditLoggerService.logLicenseUpdated is not 
a function

    [0m [90m 559 |[39m                         
}[33m;[39m
     [90m 560 |[39m
    [31m[1m>[22m[39m[90m 561 |[39m                    
     [36mawait[39m 
auditLoggerService[33m.[39mlogLicenseUpdated(
     [90m     |[39m                                       
           [31m[1m^[22m[39m
     [90m 562 |[39m                             
uniqueTenantId[33m.[39mtoString()[33m,[39m
     [90m 563 |[39m                             
moduleKey[33m,[39m
     [90m 564 |[39m                             
previousValue[33m,[39m[0m

      at logLicenseUpdated (server/testing/services/licenseM
odificationChangeTracking.property.test.js:561:50)
      at AsyncProperty.run (node_modules/fast-check/lib/chec
k/property/AsyncProperty.generic.js:43:28)
      at asyncRunIt 
(node_modules/fast-check/lib/check/runner/Runner.js:24:21)
      at Object.<anonymous> (server/testing/services/license
ModificationChangeTracking.property.test.js:488:13)

  ΓùÅ License Modification Change Tracking - Property-Based 
Tests ΓÇ║ Property 36: License Modification Change Tracking 
ΓÇ║ should preserve change tracking across different modules

    Property failed after 1 tests
    { seed: 1542618451, path: "0:0:0", endOnFailure: true }
    Counterexample: [{"tier":"starter"}]
    Shrunk 2 time(s)

    Hint: Enable verbose mode in order to have the list of 
all failing values encountered during the run

      at buildError (node_modules/fast-check/lib/check/runne
r/utils/RunDetailsFormatter.js:156:19)
      at buildError (node_modules/fast-check/lib/check/runne
r/utils/RunDetailsFormatter.js:170:11)

    Cause:
    TypeError: auditLoggerService.logLicenseUpdated is not 
a function

    [0m [90m 639 |[39m                             
[36mconst[39m newValue [33m=[39m { limits[33m:[39m { 
employees[33m:[39m [35m200[39m } }[33m;[39m
     [90m 640 |[39m
    [31m[1m>[22m[39m[90m 641 |[39m                    
         [36mawait[39m 
auditLoggerService[33m.[39mlogLicenseUpdated(
     [90m     |[39m                                       
               [31m[1m^[22m[39m
     [90m 642 |[39m                                 
uniqueTenantId[33m.[39mtoString()[33m,[39m
     [90m 643 |[39m                                 
moduleKey[33m,[39m
     [90m 644 |[39m                                 
previousValue[33m,[39m[0m

      at logLicenseUpdated (server/testing/services/licenseM
odificationChangeTracking.property.test.js:641:54)
      at AsyncProperty.run (node_modules/fast-check/lib/chec
k/property/AsyncProperty.generic.js:43:28)
      at asyncRunIt 
(node_modules/fast-check/lib/check/runner/Runner.js:24:21)
      at Object.<anonymous> (server/testing/services/license
ModificationChangeTracking.property.test.js:601:13)

  ΓùÅ License Modification Change Tracking - Property-Based 
Tests ΓÇ║ Property 36: License Modification Change Tracking 
ΓÇ║ should include additional details alongside change 
tracking

    Property failed after 1 tests
    { seed: -307539535, path: "0:0:0:0:0", endOnFailure: 
true }
    Counterexample: [{"moduleKey":"attendance","tier":"start
er","reason":"Subscription upgrade"}]
    Shrunk 4 time(s)

    Hint: Enable verbose mode in order to have the list of 
all failing values encountered during the run

      at buildError (node_modules/fast-check/lib/check/runne
r/utils/RunDetailsFormatter.js:156:19)
      at buildError (node_modules/fast-check/lib/check/runne
r/utils/RunDetailsFormatter.js:170:11)

    Cause:
    TypeError: auditLoggerService.logLicenseUpdated is not 
a function

    [0m [90m 735 |[39m                         
}[33m;[39m
     [90m 736 |[39m
    [31m[1m>[22m[39m[90m 737 |[39m                    
     [36mawait[39m 
auditLoggerService[33m.[39mlogLicenseUpdated(
     [90m     |[39m                                       
           [31m[1m^[22m[39m
     [90m 738 |[39m                             
uniqueTenantId[33m.[39mtoString()[33m,[39m
     [90m 739 |[39m                             
moduleKey[33m,[39m
     [90m 740 |[39m                             
previousValue[33m,[39m[0m

      at logLicenseUpdated (server/testing/services/licenseM
odificationChangeTracking.property.test.js:737:50)
      at AsyncProperty.run (node_modules/fast-check/lib/chec
k/property/AsyncProperty.generic.js:43:28)
      at asyncRunIt 
(node_modules/fast-check/lib/check/runner/Runner.js:24:21)
      at Object.<anonymous> (server/testing/services/license
ModificationChangeTracking.property.test.js:681:13)

FAIL 
server/testing/integration/enhanced-tenant-model.test.js
  ΓùÅ Enhanced Tenant Model Integration Tests ΓÇ║ Enhanced 
Enterprise Fields ΓÇ║ should create tenant with enhanced 
enterprise fields

    MongooseError: Can't call `openUri()` on an active 
connection with different connection strings. Make sure you 
aren't calling `mongoose.connect()` multiple times. See: htt
ps://mongoosejs.com/docs/connections.html#multiple_connectio
ns

    [0m [90m  9 |[39m     mongoServer [33m=[39m 
[36mawait[39m 
[33mMongoMemoryServer[39m[33m.[39mcreate()[33m;[39m
     [90m 10 |[39m     [36mconst[39m mongoUri 
[33m=[39m mongoServer[33m.[39mgetUri()[33m;[39m
    [31m[1m>[22m[39m[90m 11 |[39m     [36mawait[39m 
mongoose[33m.[39mconnect(mongoUri)[33m;[39m
     [90m    |[39m                    [31m[1m^[22m[39m
     [90m 12 |[39m   })[33m;[39m
     [90m 13 |[39m
     [90m 14 |[39m   afterAll([36masync[39m () 
[33m=>[39m {[0m

      at NativeConnection.createClient (node_modules/mongoos
e/lib/drivers/node-mongodb-native/connection.js:251:13)
      at NativeConnection.createClient [as openUri] 
(node_modules/mongoose/lib/connection.js:1075:34)
      at Mongoose.openUri 
(node_modules/mongoose/lib/mongoose.js:450:15)
      at Object.connect (server/testing/integration/enhanced
-tenant-model.test.js:11:20)

  ΓùÅ Enhanced Tenant Model Integration Tests ΓÇ║ Enhanced 
Enterprise Fields ΓÇ║ should calculate virtual fields 
correctly

    MongooseError: Can't call `openUri()` on an active 
connection with different connection strings. Make sure you 
aren't calling `mongoose.connect()` multiple times. See: htt
ps://mongoosejs.com/docs/connections.html#multiple_connectio
ns

    [0m [90m  9 |[39m     mongoServer [33m=[39m 
[36mawait[39m 
[33mMongoMemoryServer[39m[33m.[39mcreate()[33m;[39m
     [90m 10 |[39m     [36mconst[39m mongoUri 
[33m=[39m mongoServer[33m.[39mgetUri()[33m;[39m
    [31m[1m>[22m[39m[90m 11 |[39m     [36mawait[39m 
mongoose[33m.[39mconnect(mongoUri)[33m;[39m
     [90m    |[39m                    [31m[1m^[22m[39m
     [90m 12 |[39m   })[33m;[39m
     [90m 13 |[39m
     [90m 14 |[39m   afterAll([36masync[39m () 
[33m=>[39m {[0m

      at NativeConnection.createClient (node_modules/mongoos
e/lib/drivers/node-mongodb-native/connection.js:251:13)
      at NativeConnection.createClient [as openUri] 
(node_modules/mongoose/lib/connection.js:1075:34)
      at Mongoose.openUri 
(node_modules/mongoose/lib/mongoose.js:450:15)
      at Object.connect (server/testing/integration/enhanced
-tenant-model.test.js:11:20)

  ΓùÅ Enhanced Tenant Model Integration Tests ΓÇ║ Enhanced 
Enterprise Fields ΓÇ║ should update lastActivityAt when 
usage metrics change

    MongooseError: Can't call `openUri()` on an active 
connection with different connection strings. Make sure you 
aren't calling `mongoose.connect()` multiple times. See: htt
ps://mongoosejs.com/docs/connections.html#multiple_connectio
ns

    [0m [90m  9 |[39m     mongoServer [33m=[39m 
[36mawait[39m 
[33mMongoMemoryServer[39m[33m.[39mcreate()[33m;[39m
     [90m 10 |[39m     [36mconst[39m mongoUri 
[33m=[39m mongoServer[33m.[39mgetUri()[33m;[39m
    [31m[1m>[22m[39m[90m 11 |[39m     [36mawait[39m 
mongoose[33m.[39mconnect(mongoUri)[33m;[39m
     [90m    |[39m                    [31m[1m^[22m[39m
     [90m 12 |[39m   })[33m;[39m
     [90m 13 |[39m
     [90m 14 |[39m   afterAll([36masync[39m () 
[33m=>[39m {[0m

      at NativeConnection.createClient (node_modules/mongoos
e/lib/drivers/node-mongodb-native/connection.js:251:13)
      at NativeConnection.createClient [as openUri] 
(node_modules/mongoose/lib/connection.js:1075:34)
      at Mongoose.openUri 
(node_modules/mongoose/lib/mongoose.js:450:15)
      at Object.connect (server/testing/integration/enhanced
-tenant-model.test.js:11:20)

  ΓùÅ Enhanced Tenant Model Integration Tests ΓÇ║ Enhanced 
Static Methods ΓÇ║ should get analytics correctly

    MongooseError: Can't call `openUri()` on an active 
connection with different connection strings. Make sure you 
aren't calling `mongoose.connect()` multiple times. See: htt
ps://mongoosejs.com/docs/connections.html#multiple_connectio
ns

    [0m [90m  9 |[39m     mongoServer [33m=[39m 
[36mawait[39m 
[33mMongoMemoryServer[39m[33m.[39mcreate()[33m;[39m
     [90m 10 |[39m     [36mconst[39m mongoUri 
[33m=[39m mongoServer[33m.[39mgetUri()[33m;[39m
    [31m[1m>[22m[39m[90m 11 |[39m     [36mawait[39m 
mongoose[33m.[39mconnect(mongoUri)[33m;[39m
     [90m    |[39m                    [31m[1m^[22m[39m
     [90m 12 |[39m   })[33m;[39m
     [90m 13 |[39m
     [90m 14 |[39m   afterAll([36masync[39m () 
[33m=>[39m {[0m

      at NativeConnection.createClient (node_modules/mongoos
e/lib/drivers/node-mongodb-native/connection.js:251:13)
      at NativeConnection.createClient [as openUri] 
(node_modules/mongoose/lib/connection.js:1075:34)
      at Mongoose.openUri 
(node_modules/mongoose/lib/mongoose.js:450:15)
      at Object.connect (server/testing/integration/enhanced
-tenant-model.test.js:11:20)

  ΓùÅ Enhanced Tenant Model Integration Tests ΓÇ║ Enhanced 
Static Methods ΓÇ║ should find tenants needing attention

    MongooseError: Can't call `openUri()` on an active 
connection with different connection strings. Make sure you 
aren't calling `mongoose.connect()` multiple times. See: htt
ps://mongoosejs.com/docs/connections.html#multiple_connectio
ns

    [0m [90m  9 |[39m     mongoServer [33m=[39m 
[36mawait[39m 
[33mMongoMemoryServer[39m[33m.[39mcreate()[33m;[39m
     [90m 10 |[39m     [36mconst[39m mongoUri 
[33m=[39m mongoServer[33m.[39mgetUri()[33m;[39m
    [31m[1m>[22m[39m[90m 11 |[39m     [36mawait[39m 
mongoose[33m.[39mconnect(mongoUri)[33m;[39m
     [90m    |[39m                    [31m[1m^[22m[39m
     [90m 12 |[39m   })[33m;[39m
     [90m 13 |[39m
     [90m 14 |[39m   afterAll([36masync[39m () 
[33m=>[39m {[0m

      at NativeConnection.createClient (node_modules/mongoos
e/lib/drivers/node-mongodb-native/connection.js:251:13)
      at NativeConnection.createClient [as openUri] 
(node_modules/mongoose/lib/connection.js:1075:34)
      at Mongoose.openUri 
(node_modules/mongoose/lib/mongoose.js:450:15)
      at Object.connect (server/testing/integration/enhanced
-tenant-model.test.js:11:20)

  ΓùÅ Enhanced Tenant Model Integration Tests ΓÇ║ Enhanced 
Indexes ΓÇ║ should have proper indexes for enterprise 
features

    MongooseError: Can't call `openUri()` on an active 
connection with different connection strings. Make sure you 
aren't calling `mongoose.connect()` multiple times. See: htt
ps://mongoosejs.com/docs/connections.html#multiple_connectio
ns

    [0m [90m  9 |[39m     mongoServer [33m=[39m 
[36mawait[39m 
[33mMongoMemoryServer[39m[33m.[39mcreate()[33m;[39m
     [90m 10 |[39m     [36mconst[39m mongoUri 
[33m=[39m mongoServer[33m.[39mgetUri()[33m;[39m
    [31m[1m>[22m[39m[90m 11 |[39m     [36mawait[39m 
mongoose[33m.[39mconnect(mongoUri)[33m;[39m
     [90m    |[39m                    [31m[1m^[22m[39m
     [90m 12 |[39m   })[33m;[39m
     [90m 13 |[39m
     [90m 14 |[39m   afterAll([36masync[39m () 
[33m=>[39m {[0m

      at NativeConnection.createClient (node_modules/mongoos
e/lib/drivers/node-mongodb-native/connection.js:251:13)
      at NativeConnection.createClient [as openUri] 
(node_modules/mongoose/lib/connection.js:1075:34)
      at Mongoose.openUri 
(node_modules/mongoose/lib/mongoose.js:450:15)
      at Object.connect (server/testing/integration/enhanced
-tenant-model.test.js:11:20)

FAIL 
server/testing/controllers/logIngestion.controller.test.js
  ΓùÅ Log Ingestion Controller ΓÇ║ ingestLogs ΓÇ║ should 
handle processing pipeline failures

    ReferenceError: logProcessingPipeline is not defined

    [0m [90m 186 |[39m
     [90m 187 |[39m             [90m// Mock pipeline 
failure[39m
    [31m[1m>[22m[39m[90m 188 |[39m             logProc
essingPipeline[33m.[39mprocessLog[33m.[39mmockResolvedVa
lue({
     [90m     |[39m             [31m[1m^[22m[39m
     [90m 189 |[39m                 success[33m:[39m 
[36mfalse[39m[33m,[39m
     [90m 190 |[39m                 error[33m:[39m 
[32m'Processing failed'[39m[33m,[39m
     [90m 191 |[39m                 
correlationId[33m:[39m [32m'log-corr-123'[39m[0m

      at Object.logProcessingPipeline (server/testing/contro
llers/logIngestion.controller.test.js:188:13)

  ΓùÅ Log Ingestion Controller ΓÇ║ ingestLogs ΓÇ║ should 
handle multiple logs with mixed results

    ReferenceError: logProcessingPipeline is not defined

    [0m [90m 231 |[39m
     [90m 232 |[39m             [90m// Mock mixed 
results[39m
    [31m[1m>[22m[39m[90m 233 |[39m             
logProcessingPipeline[33m.[39mprocessLog
     [90m     |[39m             [31m[1m^[22m[39m
     [90m 234 |[39m                 
[33m.[39mmockResolvedValueOnce({
     [90m 235 |[39m                     
success[33m:[39m [36mtrue[39m[33m,[39m
     [90m 236 |[39m                     
correlationId[33m:[39m [32m'corr1'[39m[0m

      at Object.logProcessingPipeline (server/testing/contro
llers/logIngestion.controller.test.js:233:13)

  ΓùÅ Log Ingestion Controller ΓÇ║ ingestLogs ΓÇ║ should 
handle processing exceptions

    ReferenceError: logProcessingPipeline is not defined

    [0m [90m 265 |[39m
     [90m 266 |[39m             [90m// Mock pipeline 
exception[39m
    [31m[1m>[22m[39m[90m 267 |[39m             logProc
essingPipeline[33m.[39mprocessLog[33m.[39mmockRejectedVa
lue([36mnew[39m [33mError[39m([32m'Pipeline 
exception'[39m))[33m;[39m
     [90m     |[39m             [31m[1m^[22m[39m
     [90m 268 |[39m
     [90m 269 |[39m             [36mawait[39m logIngesti
onController[33m.[39mingestLogs(mockReq[33m,[39m 
mockRes)[33m;[39m
     [90m 270 |[39m[0m

      at Object.logProcessingPipeline (server/testing/contro
llers/logIngestion.controller.test.js:267:13)

  ΓùÅ Log Ingestion Controller ΓÇ║ ingestLogs ΓÇ║ should 
handle controller exceptions

    TypeError: logIngestionController.ingestLogs is not a 
function

    [0m [90m 286 |[39m             })[33m;[39m
     [90m 287 |[39m
    [31m[1m>[22m[39m[90m 288 |[39m             
[36mawait[39m logIngestionController[33m.[39mingestLogs(
mockReq[33m,[39m mockRes)[33m;[39m
     [90m     |[39m                                       
   [31m[1m^[22m[39m
     [90m 289 |[39m
     [90m 290 |[39m             expect(mockRes[33m.[39ms
tatus)[33m.[39mtoHaveBeenCalledWith([35m500[39m)[33m;[
39m
     [90m 291 |[39m             expect(mockRes[33m.[39mj
son)[33m.[39mtoHaveBeenCalledWith([0m

      at Object.ingestLogs (server/testing/controllers/logIn
gestion.controller.test.js:288:42)

  ΓùÅ Log Ingestion Controller ΓÇ║ healthCheck ΓÇ║ should 
return healthy status

    ReferenceError: logProcessingPipeline is not defined

    [0m [90m 300 |[39m     
describe([32m'healthCheck'[39m[33m,[39m () [33m=>[39m 
{
     [90m 301 |[39m         test([32m'should return 
healthy status'[39m[33m,[39m [36masync[39m () 
[33m=>[39m {
    [31m[1m>[22m[39m[90m 302 |[39m             logProc
essingPipeline[33m.[39mhealthCheck[33m.[39mmockResolvedV
alue({
     [90m     |[39m             [31m[1m^[22m[39m
     [90m 303 |[39m                 status[33m:[39m 
[32m'healthy'[39m[33m,[39m
     [90m 304 |[39m                 components[33m:[39m 
{}
     [90m 305 |[39m             })[33m;[39m[0m

      at Object.logProcessingPipeline (server/testing/contro
llers/logIngestion.controller.test.js:302:13)

  ΓùÅ Log Ingestion Controller ΓÇ║ healthCheck ΓÇ║ should 
handle health check exceptions

    ReferenceError: logProcessingPipeline is not defined

    [0m [90m 318 |[39m
     [90m 319 |[39m         test([32m'should handle 
health check exceptions'[39m[33m,[39m [36masync[39m () 
[33m=>[39m {
    [31m[1m>[22m[39m[90m 320 |[39m             logProc
essingPipeline[33m.[39mhealthCheck[33m.[39mmockRejectedV
alue([36mnew[39m [33mError[39m([32m'Health check 
failed'[39m))[33m;[39m
     [90m     |[39m             [31m[1m^[22m[39m
     [90m 321 |[39m
     [90m 322 |[39m             [36mawait[39m logIngesti
onController[33m.[39mhealthCheck(mockReq[33m,[39m 
mockRes)[33m;[39m
     [90m 323 |[39m[0m

      at Object.logProcessingPipeline (server/testing/contro
llers/logIngestion.controller.test.js:320:13)

  ΓùÅ Log Ingestion Controller ΓÇ║ getIngestionStats ΓÇ║ 
should return ingestion statistics

    TypeError: logIngestionController.getIngestionStats is 
not a function

    [0m [90m 334 |[39m     
describe([32m'getIngestionStats'[39m[33m,[39m () 
[33m=>[39m {
     [90m 335 |[39m         test([32m'should return 
ingestion statistics'[39m[33m,[39m [36masync[39m () 
[33m=>[39m {
    [31m[1m>[22m[39m[90m 336 |[39m             
[36mawait[39m logIngestionController[33m.[39mgetIngestio
nStats(mockReq[33m,[39m mockRes)[33m;[39m
     [90m     |[39m                                       
   [31m[1m^[22m[39m
     [90m 337 |[39m
     [90m 338 |[39m             expect(mockRes[33m.[39ms
tatus)[33m.[39mtoHaveBeenCalledWith([35m200[39m)[33m;[
39m
     [90m 339 |[39m             expect(mockRes[33m.[39mj
son)[33m.[39mtoHaveBeenCalledWith([0m

      at Object.getIngestionStats (server/testing/controller
s/logIngestion.controller.test.js:336:42)

  ΓùÅ Log Ingestion Controller ΓÇ║ getIngestionStats ΓÇ║ 
should handle stats retrieval exceptions

    TypeError: logIngestionController.getIngestionStats is 
not a function

    [0m [90m 354 |[39m             
mockReq[33m.[39mtenant [33m=[39m 
[36mnull[39m[33m;[39m
     [90m 355 |[39m
    [31m[1m>[22m[39m[90m 356 |[39m             
[36mawait[39m logIngestionController[33m.[39mgetIngestio
nStats(mockReq[33m,[39m mockRes)[33m;[39m
     [90m     |[39m                                       
   [31m[1m^[22m[39m
     [90m 357 |[39m
     [90m 358 |[39m             expect(mockRes[33m.[39ms
tatus)[33m.[39mtoHaveBeenCalledWith([35m500[39m)[33m;[
39m
     [90m 359 |[39m             expect(mockRes[33m.[39mj
son)[33m.[39mtoHaveBeenCalledWith([0m

      at Object.getIngestionStats (server/testing/controller
s/logIngestion.controller.test.js:356:42)

  ΓùÅ Log Ingestion Controller ΓÇ║ enrichLogEntry ΓÇ║ 
should enrich log entry with context

    TypeError: logIngestionController.enrichLogEntry is not 
a function

    [0m [90m 386 |[39m             }[33m;[39m
     [90m 387 |[39m
    [31m[1m>[22m[39m[90m 388 |[39m             
[36mconst[39m enriched [33m=[39m logIngestionController
[33m.[39menrichLogEntry(logEntry[33m,[39m 
context)[33m;[39m
     [90m     |[39m                                       
              [31m[1m^[22m[39m
     [90m 389 |[39m
     [90m 390 |[39m             
expect(enriched)[33m.[39mtoMatchObject({
     [90m 391 |[39m                 
[33m...[39mlogEntry[33m,[39m[0m

      at Object.enrichLogEntry (server/testing/controllers/l
ogIngestion.controller.test.js:388:53)

  ΓùÅ Log Ingestion Controller ΓÇ║ enrichLogEntry ΓÇ║ 
should generate correlation ID if missing

    TypeError: logIngestionController.enrichLogEntry is not 
a function

    [0m [90m 416 |[39m             }[33m;[39m
     [90m 417 |[39m
    [31m[1m>[22m[39m[90m 418 |[39m             
[36mconst[39m enriched [33m=[39m logIngestionController
[33m.[39menrichLogEntry(logEntry[33m,[39m 
context)[33m;[39m
     [90m     |[39m                                       
              [31m[1m^[22m[39m
     [90m 419 |[39m
     [90m 420 |[39m             expect(enriched[33m.[39m
correlationId)[33m.[39mtoBe([32m'new-corr-123'[39m)[33m
;[39m
     [90m 421 |[39m             expect(correlationIdServic
e[33m.[39mgenerateCorrelationId)[33m.[39mtoHaveBeenCalle
d()[33m;[39m[0m

      at Object.enrichLogEntry (server/testing/controllers/l
ogIngestion.controller.test.js:418:53)

  ΓùÅ Log Ingestion Controller ΓÇ║ sanitizeLogForLogging 
ΓÇ║ should remove sensitive data

    TypeError: logIngestionController.sanitizeLogForLogging 
is not a function

    [0m [90m 436 |[39m             }[33m;[39m
     [90m 437 |[39m
    [31m[1m>[22m[39m[90m 438 |[39m             
[36mconst[39m sanitized [33m=[39m logIngestionController
[33m.[39msanitizeLogForLogging(logEntry)[33m;[39m
     [90m     |[39m                                       
               [31m[1m^[22m[39m
     [90m 439 |[39m
     [90m 440 |[39m             expect(sanitized[33m.[39
mmeta[33m.[39mpassword)[33m.[39mtoBeUndefined()[33m;[3
9m
     [90m 441 |[39m             expect(sanitized[33m.[39
mmeta[33m.[39mtoken)[33m.[39mtoBeUndefined()[33m;[39m
[0m

      at Object.sanitizeLogForLogging (server/testing/contro
llers/logIngestion.controller.test.js:438:54)

  ΓùÅ Log Ingestion Controller ΓÇ║ sanitizeLogForLogging 
ΓÇ║ should truncate long messages

    TypeError: logIngestionController.sanitizeLogForLogging 
is not a function

    [0m [90m 452 |[39m             }[33m;[39m
     [90m 453 |[39m
    [31m[1m>[22m[39m[90m 454 |[39m             
[36mconst[39m sanitized [33m=[39m logIngestionController
[33m.[39msanitizeLogForLogging(logEntry)[33m;[39m
     [90m     |[39m                                       
               [31m[1m^[22m[39m
     [90m 455 |[39m
     [90m 456 |[39m             expect(sanitized[33m.[39
mmessage[33m.[39mlength)[33m.[39mtoBeLessThan(longMessag
e[33m.[39mlength)[33m;[39m
     [90m 457 |[39m             expect(sanitized[33m.[39
mmessage)[33m.[39mtoContain([32m'... 
[truncated]'[39m)[33m;[39m[0m

      at Object.sanitizeLogForLogging (server/testing/contro
llers/logIngestion.controller.test.js:454:54)

  ΓùÅ Log Ingestion Controller ΓÇ║ updateIngestionStats ΓÇ║ 
should update statistics correctly

    TypeError: logIngestionController.updateIngestionStats 
is not a function

    [0m [90m 463 |[39m             [36mconst[39m 
companyId [33m=[39m [32m'tenant123'[39m[33m;[39m
     [90m 464 |[39m             
    [31m[1m>[22m[39m[90m 465 |[39m             logInge
stionController[33m.[39mupdateIngestionStats(companyId[33
m,[39m [35m5[39m[33m,[39m [35m2[39m)[33m;[39m
     [90m     |[39m                                    
[31m[1m^[22m[39m
     [90m 466 |[39m             
     [90m 467 |[39m             [36mconst[39m stats 
[33m=[39m logIngestionController[33m.[39mingestionStats
[33m.[39m[36mget[39m(companyId)[33m;[39m
     [90m 468 |[39m             
expect(stats)[33m.[39mtoMatchObject({[0m

      at Object.updateIngestionStats (server/testing/control
lers/logIngestion.controller.test.js:465:36)

  ΓùÅ Log Ingestion Controller ΓÇ║ updateIngestionStats ΓÇ║ 
should accumulate statistics over multiple calls

    TypeError: logIngestionController.updateIngestionStats 
is not a function

    [0m [90m 478 |[39m             [36mconst[39m 
companyId [33m=[39m [32m'tenant123'[39m[33m;[39m
     [90m 479 |[39m             
    [31m[1m>[22m[39m[90m 480 |[39m             logInge
stionController[33m.[39mupdateIngestionStats(companyId[33
m,[39m [35m3[39m[33m,[39m [35m1[39m)[33m;[39m
     [90m     |[39m                                    
[31m[1m^[22m[39m
     [90m 481 |[39m             logIngestionController[33
m.[39mupdateIngestionStats(companyId[33m,[39m 
[35m2[39m[33m,[39m [35m0[39m)[33m;[39m
     [90m 482 |[39m             
     [90m 483 |[39m             [36mconst[39m stats 
[33m=[39m logIngestionController[33m.[39mingestionStats
[33m.[39m[36mget[39m(companyId)[33m;[39m[0m

      at Object.updateIngestionStats (server/testing/control
lers/logIngestion.controller.test.js:480:36)

FAIL server/testing/services/logProcessingPipeline.service.t
est.js
  ΓùÅ Log Processing Pipeline Service ΓÇ║ processLog ΓÇ║ 
should successfully process valid log entry

    TypeError: Cannot read properties of undefined (reading 
'isValidCorrelationId')

    [0m [90m 58 |[39m         [90m// Setup default mock 
implementations[39m
     [90m 59 |[39m         [90m// The service uses the 
default export, so we need to set up mocks on the default 
object[39m
    [31m[1m>[22m[39m[90m 60 |[39m         mockCorrelat
ionIdService[33m.[39m[36mdefault[39m[33m.[39misValidCo
rrelationId[33m.[39mmockReturnValue([36mtrue[39m)[33m;
[39m
     [90m    |[39m                                        
  [31m[1m^[22m[39m
     [90m 61 |[39m         mockCorrelationIdService[33m.
[39m[36mdefault[39m[33m.[39mgenerateCorrelationId[33m.
[39mmockReturnValue([32m'new-corr-123'[39m)[33m;[39m
     [90m 62 |[39m         
     [90m 63 |[39m         [36mconst[39m linkLogMock 
[33m=[39m mockLogCorrelationService[33m.[39mlinkLog 
[33m||[39m [0m

      at Object.isValidCorrelationId (server/testing/service
s/logProcessingPipeline.service.test.js:60:42)

  ΓùÅ Log Processing Pipeline Service ΓÇ║ processLog ΓÇ║ 
should handle validation failures

    TypeError: Cannot read properties of undefined (reading 
'isValidCorrelationId')

    [0m [90m 58 |[39m         [90m// Setup default mock 
implementations[39m
     [90m 59 |[39m         [90m// The service uses the 
default export, so we need to set up mocks on the default 
object[39m
    [31m[1m>[22m[39m[90m 60 |[39m         mockCorrelat
ionIdService[33m.[39m[36mdefault[39m[33m.[39misValidCo
rrelationId[33m.[39mmockReturnValue([36mtrue[39m)[33m;
[39m
     [90m    |[39m                                        
  [31m[1m^[22m[39m
     [90m 61 |[39m         mockCorrelationIdService[33m.
[39m[36mdefault[39m[33m.[39mgenerateCorrelationId[33m.
[39mmockReturnValue([32m'new-corr-123'[39m)[33m;[39m
     [90m 62 |[39m         
     [90m 63 |[39m         [36mconst[39m linkLogMock 
[33m=[39m mockLogCorrelationService[33m.[39mlinkLog 
[33m||[39m [0m

      at Object.isValidCorrelationId (server/testing/service
s/logProcessingPipeline.service.test.js:60:42)

  ΓùÅ Log Processing Pipeline Service ΓÇ║ processLog ΓÇ║ 
should handle tenant isolation violations

    TypeError: Cannot read properties of undefined (reading 
'isValidCorrelationId')

    [0m [90m 58 |[39m         [90m// Setup default mock 
implementations[39m
     [90m 59 |[39m         [90m// The service uses the 
default export, so we need to set up mocks on the default 
object[39m
    [31m[1m>[22m[39m[90m 60 |[39m         mockCorrelat
ionIdService[33m.[39m[36mdefault[39m[33m.[39misValidCo
rrelationId[33m.[39mmockReturnValue([36mtrue[39m)[33m;
[39m
     [90m    |[39m                                        
  [31m[1m^[22m[39m
     [90m 61 |[39m         mockCorrelationIdService[33m.
[39m[36mdefault[39m[33m.[39mgenerateCorrelationId[33m.
[39mmockReturnValue([32m'new-corr-123'[39m)[33m;[39m
     [90m 62 |[39m         
     [90m 63 |[39m         [36mconst[39m linkLogMock 
[33m=[39m mockLogCorrelationService[33m.[39mlinkLog 
[33m||[39m [0m

      at Object.isValidCorrelationId (server/testing/service
s/logProcessingPipeline.service.test.js:60:42)

  ΓùÅ Log Processing Pipeline Service ΓÇ║ processLog ΓÇ║ 
should process correlation ID validation and linking

    TypeError: Cannot read properties of undefined (reading 
'isValidCorrelationId')

    [0m [90m 58 |[39m         [90m// Setup default mock 
implementations[39m
     [90m 59 |[39m         [90m// The service uses the 
default export, so we need to set up mocks on the default 
object[39m
    [31m[1m>[22m[39m[90m 60 |[39m         mockCorrelat
ionIdService[33m.[39m[36mdefault[39m[33m.[39misValidCo
rrelationId[33m.[39mmockReturnValue([36mtrue[39m)[33m;
[39m
     [90m    |[39m                                        
  [31m[1m^[22m[39m
     [90m 61 |[39m         mockCorrelationIdService[33m.
[39m[36mdefault[39m[33m.[39mgenerateCorrelationId[33m.
[39mmockReturnValue([32m'new-corr-123'[39m)[33m;[39m
     [90m 62 |[39m         
     [90m 63 |[39m         [36mconst[39m linkLogMock 
[33m=[39m mockLogCorrelationService[33m.[39mlinkLog 
[33m||[39m [0m

      at Object.isValidCorrelationId (server/testing/service
s/logProcessingPipeline.service.test.js:60:42)

  ΓùÅ Log Processing Pipeline Service ΓÇ║ processLog ΓÇ║ 
should generate new correlation ID for invalid ones

    TypeError: Cannot read properties of undefined (reading 
'isValidCorrelationId')

    [0m [90m 58 |[39m         [90m// Setup default mock 
implementations[39m
     [90m 59 |[39m         [90m// The service uses the 
default export, so we need to set up mocks on the default 
object[39m
    [31m[1m>[22m[39m[90m 60 |[39m         mockCorrelat
ionIdService[33m.[39m[36mdefault[39m[33m.[39misValidCo
rrelationId[33m.[39mmockReturnValue([36mtrue[39m)[33m;
[39m
     [90m    |[39m                                        
  [31m[1m^[22m[39m
     [90m 61 |[39m         mockCorrelationIdService[33m.
[39m[36mdefault[39m[33m.[39mgenerateCorrelationId[33m.
[39mmockReturnValue([32m'new-corr-123'[39m)[33m;[39m
     [90m 62 |[39m         
     [90m 63 |[39m         [36mconst[39m linkLogMock 
[33m=[39m mockLogCorrelationService[33m.[39mlinkLog 
[33m||[39m [0m

      at Object.isValidCorrelationId (server/testing/service
s/logProcessingPipeline.service.test.js:60:42)

  ΓùÅ Log Processing Pipeline Service ΓÇ║ processLog ΓÇ║ 
should detect and report security events

    TypeError: Cannot read properties of undefined (reading 
'isValidCorrelationId')

    [0m [90m 58 |[39m         [90m// Setup default mock 
implementations[39m
     [90m 59 |[39m         [90m// The service uses the 
default export, so we need to set up mocks on the default 
object[39m
    [31m[1m>[22m[39m[90m 60 |[39m         mockCorrelat
ionIdService[33m.[39m[36mdefault[39m[33m.[39misValidCo
rrelationId[33m.[39mmockReturnValue([36mtrue[39m)[33m;
[39m
     [90m    |[39m                                        
  [31m[1m^[22m[39m
     [90m 61 |[39m         mockCorrelationIdService[33m.
[39m[36mdefault[39m[33m.[39mgenerateCorrelationId[33m.
[39mmockReturnValue([32m'new-corr-123'[39m)[33m;[39m
     [90m 62 |[39m         
     [90m 63 |[39m         [36mconst[39m linkLogMock 
[33m=[39m mockLogCorrelationService[33m.[39mlinkLog 
[33m||[39m [0m

      at Object.isValidCorrelationId (server/testing/service
s/logProcessingPipeline.service.test.js:60:42)

  ΓùÅ Log Processing Pipeline Service ΓÇ║ processLog ΓÇ║ 
should route logs to appropriate storage based on security 
events

    TypeError: Cannot read properties of undefined (reading 
'isValidCorrelationId')

    [0m [90m 58 |[39m         [90m// Setup default mock 
implementations[39m
     [90m 59 |[39m         [90m// The service uses the 
default export, so we need to set up mocks on the default 
object[39m
    [31m[1m>[22m[39m[90m 60 |[39m         mockCorrelat
ionIdService[33m.[39m[36mdefault[39m[33m.[39misValidCo
rrelationId[33m.[39mmockReturnValue([36mtrue[39m)[33m;
[39m
     [90m    |[39m                                        
  [31m[1m^[22m[39m
     [90m 61 |[39m         mockCorrelationIdService[33m.
[39m[36mdefault[39m[33m.[39mgenerateCorrelationId[33m.
[39mmockReturnValue([32m'new-corr-123'[39m)[33m;[39m
     [90m 62 |[39m         
     [90m 63 |[39m         [36mconst[39m linkLogMock 
[33m=[39m mockLogCorrelationService[33m.[39mlinkLog 
[33m||[39m [0m

      at Object.isValidCorrelationId (server/testing/service
s/logProcessingPipeline.service.test.js:60:42)

  ΓùÅ Log Processing Pipeline Service ΓÇ║ processLog ΓÇ║ 
should route error logs to error storage

    TypeError: Cannot read properties of undefined (reading 
'isValidCorrelationId')

    [0m [90m 58 |[39m         [90m// Setup default mock 
implementations[39m
     [90m 59 |[39m         [90m// The service uses the 
default export, so we need to set up mocks on the default 
object[39m
    [31m[1m>[22m[39m[90m 60 |[39m         mockCorrelat
ionIdService[33m.[39m[36mdefault[39m[33m.[39misValidCo
rrelationId[33m.[39mmockReturnValue([36mtrue[39m)[33m;
[39m
     [90m    |[39m                                        
  [31m[1m^[22m[39m
     [90m 61 |[39m         mockCorrelationIdService[33m.
[39m[36mdefault[39m[33m.[39mgenerateCorrelationId[33m.
[39mmockReturnValue([32m'new-corr-123'[39m)[33m;[39m
     [90m 62 |[39m         
     [90m 63 |[39m         [36mconst[39m linkLogMock 
[33m=[39m mockLogCorrelationService[33m.[39mlinkLog 
[33m||[39m [0m

      at Object.isValidCorrelationId (server/testing/service
s/logProcessingPipeline.service.test.js:60:42)

  ΓùÅ Log Processing Pipeline Service ΓÇ║ processLog ΓÇ║ 
should route performance logs to performance storage

    TypeError: Cannot read properties of undefined (reading 
'isValidCorrelationId')

    [0m [90m 58 |[39m         [90m// Setup default mock 
implementations[39m
     [90m 59 |[39m         [90m// The service uses the 
default export, so we need to set up mocks on the default 
object[39m
    [31m[1m>[22m[39m[90m 60 |[39m         mockCorrelat
ionIdService[33m.[39m[36mdefault[39m[33m.[39misValidCo
rrelationId[33m.[39mmockReturnValue([36mtrue[39m)[33m;
[39m
     [90m    |[39m                                        
  [31m[1m^[22m[39m
     [90m 61 |[39m         mockCorrelationIdService[33m.
[39m[36mdefault[39m[33m.[39mgenerateCorrelationId[33m.
[39mmockReturnValue([32m'new-corr-123'[39m)[33m;[39m
     [90m 62 |[39m         
     [90m 63 |[39m         [36mconst[39m linkLogMock 
[33m=[39m mockLogCorrelationService[33m.[39mlinkLog 
[33m||[39m [0m

      at Object.isValidCorrelationId (server/testing/service
s/logProcessingPipeline.service.test.js:60:42)

  ΓùÅ Log Processing Pipeline Service ΓÇ║ processLog ΓÇ║ 
should handle storage failures

    TypeError: Cannot read properties of undefined (reading 
'isValidCorrelationId')

    [0m [90m 58 |[39m         [90m// Setup default mock 
implementations[39m
     [90m 59 |[39m         [90m// The service uses the 
default export, so we need to set up mocks on the default 
object[39m
    [31m[1m>[22m[39m[90m 60 |[39m         mockCorrelat
ionIdService[33m.[39m[36mdefault[39m[33m.[39misValidCo
rrelationId[33m.[39mmockReturnValue([36mtrue[39m)[33m;
[39m
     [90m    |[39m                                        
  [31m[1m^[22m[39m
     [90m 61 |[39m         mockCorrelationIdService[33m.
[39m[36mdefault[39m[33m.[39mgenerateCorrelationId[33m.
[39mmockReturnValue([32m'new-corr-123'[39m)[33m;[39m
     [90m 62 |[39m         
     [90m 63 |[39m         [36mconst[39m linkLogMock 
[33m=[39m mockLogCorrelationService[33m.[39mlinkLog 
[33m||[39m [0m

      at Object.isValidCorrelationId (server/testing/service
s/logProcessingPipeline.service.test.js:60:42)

  ΓùÅ Log Processing Pipeline Service ΓÇ║ processLog ΓÇ║ 
should handle processing exceptions

    TypeError: Cannot read properties of undefined (reading 
'isValidCorrelationId')

    [0m [90m 58 |[39m         [90m// Setup default mock 
implementations[39m
     [90m 59 |[39m         [90m// The service uses the 
default export, so we need to set up mocks on the default 
object[39m
    [31m[1m>[22m[39m[90m 60 |[39m         mockCorrelat
ionIdService[33m.[39m[36mdefault[39m[33m.[39misValidCo
rrelationId[33m.[39mmockReturnValue([36mtrue[39m)[33m;
[39m
     [90m    |[39m                                        
  [31m[1m^[22m[39m
     [90m 61 |[39m         mockCorrelationIdService[33m.
[39m[36mdefault[39m[33m.[39mgenerateCorrelationId[33m.
[39mmockReturnValue([32m'new-corr-123'[39m)[33m;[39m
     [90m 62 |[39m         
     [90m 63 |[39m         [36mconst[39m linkLogMock 
[33m=[39m mockLogCorrelationService[33m.[39mlinkLog 
[33m||[39m [0m

      at Object.isValidCorrelationId (server/testing/service
s/logProcessingPipeline.service.test.js:60:42)

  ΓùÅ Log Processing Pipeline Service ΓÇ║ processLog ΓÇ║ 
should track processing timeout warnings

    TypeError: Cannot read properties of undefined (reading 
'isValidCorrelationId')

    [0m [90m 58 |[39m         [90m// Setup default mock 
implementations[39m
     [90m 59 |[39m         [90m// The service uses the 
default export, so we need to set up mocks on the default 
object[39m
    [31m[1m>[22m[39m[90m 60 |[39m         mockCorrelat
ionIdService[33m.[39m[36mdefault[39m[33m.[39misValidCo
rrelationId[33m.[39mmockReturnValue([36mtrue[39m)[33m;
[39m
     [90m    |[39m                                        
  [31m[1m^[22m[39m
     [90m 61 |[39m         mockCorrelationIdService[33m.
[39m[36mdefault[39m[33m.[39mgenerateCorrelationId[33m.
[39mmockReturnValue([32m'new-corr-123'[39m)[33m;[39m
     [90m 62 |[39m         
     [90m 63 |[39m         [36mconst[39m linkLogMock 
[33m=[39m mockLogCorrelationService[33m.[39mlinkLog 
[33m||[39m [0m

      at Object.isValidCorrelationId (server/testing/service
s/logProcessingPipeline.service.test.js:60:42)

  ΓùÅ Log Processing Pipeline Service ΓÇ║ processLog ΓÇ║ 
should update processing statistics

    TypeError: Cannot read properties of undefined (reading 
'isValidCorrelationId')

    [0m [90m 58 |[39m         [90m// Setup default mock 
implementations[39m
     [90m 59 |[39m         [90m// The service uses the 
default export, so we need to set up mocks on the default 
object[39m
    [31m[1m>[22m[39m[90m 60 |[39m         mockCorrelat
ionIdService[33m.[39m[36mdefault[39m[33m.[39misValidCo
rrelationId[33m.[39mmockReturnValue([36mtrue[39m)[33m;
[39m
     [90m    |[39m                                        
  [31m[1m^[22m[39m
     [90m 61 |[39m         mockCorrelationIdService[33m.
[39m[36mdefault[39m[33m.[39mgenerateCorrelationId[33m.
[39mmockReturnValue([32m'new-corr-123'[39m)[33m;[39m
     [90m 62 |[39m         
     [90m 63 |[39m         [36mconst[39m linkLogMock 
[33m=[39m mockLogCorrelationService[33m.[39mlinkLog 
[33m||[39m [0m

      at Object.isValidCorrelationId (server/testing/service
s/logProcessingPipeline.service.test.js:60:42)

  ΓùÅ Log Processing Pipeline Service ΓÇ║ validateLogEntry 
ΓÇ║ should validate required fields

    TypeError: Cannot read properties of undefined (reading 
'isValidCorrelationId')

    [0m [90m 58 |[39m         [90m// Setup default mock 
implementations[39m
     [90m 59 |[39m         [90m// The service uses the 
default export, so we need to set up mocks on the default 
object[39m
    [31m[1m>[22m[39m[90m 60 |[39m         mockCorrelat
ionIdService[33m.[39m[36mdefault[39m[33m.[39misValidCo
rrelationId[33m.[39mmockReturnValue([36mtrue[39m)[33m;
[39m
     [90m    |[39m                                        
  [31m[1m^[22m[39m
     [90m 61 |[39m         mockCorrelationIdService[33m.
[39m[36mdefault[39m[33m.[39mgenerateCorrelationId[33m.
[39mmockReturnValue([32m'new-corr-123'[39m)[33m;[39m
     [90m 62 |[39m         
     [90m 63 |[39m         [36mconst[39m linkLogMock 
[33m=[39m mockLogCorrelationService[33m.[39mlinkLog 
[33m||[39m [0m

      at Object.isValidCorrelationId (server/testing/service
s/logProcessingPipeline.service.test.js:60:42)

  ΓùÅ Log Processing Pipeline Service ΓÇ║ validateLogEntry 
ΓÇ║ should detect missing required fields

    TypeError: Cannot read properties of undefined (reading 
'isValidCorrelationId')

    [0m [90m 58 |[39m         [90m// Setup default mock 
implementations[39m
     [90m 59 |[39m         [90m// The service uses the 
default export, so we need to set up mocks on the default 
object[39m
    [31m[1m>[22m[39m[90m 60 |[39m         mockCorrelat
ionIdService[33m.[39m[36mdefault[39m[33m.[39misValidCo
rrelationId[33m.[39mmockReturnValue([36mtrue[39m)[33m;
[39m
     [90m    |[39m                                        
  [31m[1m^[22m[39m
     [90m 61 |[39m         mockCorrelationIdService[33m.
[39m[36mdefault[39m[33m.[39mgenerateCorrelationId[33m.
[39mmockReturnValue([32m'new-corr-123'[39m)[33m;[39m
     [90m 62 |[39m         
     [90m 63 |[39m         [36mconst[39m linkLogMock 
[33m=[39m mockLogCorrelationService[33m.[39mlinkLog 
[33m||[39m [0m

      at Object.isValidCorrelationId (server/testing/service
s/logProcessingPipeline.service.test.js:60:42)

  ΓùÅ Log Processing Pipeline Service ΓÇ║ validateLogEntry 
ΓÇ║ should validate timestamp format

    TypeError: Cannot read properties of undefined (reading 
'isValidCorrelationId')

    [0m [90m 58 |[39m         [90m// Setup default mock 
implementations[39m
     [90m 59 |[39m         [90m// The service uses the 
default export, so we need to set up mocks on the default 
object[39m
    [31m[1m>[22m[39m[90m 60 |[39m         mockCorrelat
ionIdService[33m.[39m[36mdefault[39m[33m.[39misValidCo
rrelationId[33m.[39mmockReturnValue([36mtrue[39m)[33m;
[39m
     [90m    |[39m                                        
  [31m[1m^[22m[39m
     [90m 61 |[39m         mockCorrelationIdService[33m.
[39m[36mdefault[39m[33m.[39mgenerateCorrelationId[33m.
[39mmockReturnValue([32m'new-corr-123'[39m)[33m;[39m
     [90m 62 |[39m         
     [90m 63 |[39m         [36mconst[39m linkLogMock 
[33m=[39m mockLogCorrelationService[33m.[39mlinkLog 
[33m||[39m [0m

      at Object.isValidCorrelationId (server/testing/service
s/logProcessingPipeline.service.test.js:60:42)

  ΓùÅ Log Processing Pipeline Service ΓÇ║ validateLogEntry 
ΓÇ║ should validate log level

    TypeError: Cannot read properties of undefined (reading 
'isValidCorrelationId')

    [0m [90m 58 |[39m         [90m// Setup default mock 
implementations[39m
     [90m 59 |[39m         [90m// The service uses the 
default export, so we need to set up mocks on the default 
object[39m
    [31m[1m>[22m[39m[90m 60 |[39m         mockCorrelat
ionIdService[33m.[39m[36mdefault[39m[33m.[39misValidCo
rrelationId[33m.[39mmockReturnValue([36mtrue[39m)[33m;
[39m
     [90m    |[39m                                        
  [31m[1m^[22m[39m
     [90m 61 |[39m         mockCorrelationIdService[33m.
[39m[36mdefault[39m[33m.[39mgenerateCorrelationId[33m.
[39mmockReturnValue([32m'new-corr-123'[39m)[33m;[39m
     [90m 62 |[39m         
     [90m 63 |[39m         [36mconst[39m linkLogMock 
[33m=[39m mockLogCorrelationService[33m.[39mlinkLog 
[33m||[39m [0m

      at Object.isValidCorrelationId (server/testing/service
s/logProcessingPipeline.service.test.js:60:42)

  ΓùÅ Log Processing Pipeline Service ΓÇ║ validateLogEntry 
ΓÇ║ should validate source field

    TypeError: Cannot read properties of undefined (reading 
'isValidCorrelationId')

    [0m [90m 58 |[39m         [90m// Setup default mock 
implementations[39m
     [90m 59 |[39m         [90m// The service uses the 
default export, so we need to set up mocks on the default 
object[39m
    [31m[1m>[22m[39m[90m 60 |[39m         mockCorrelat
ionIdService[33m.[39m[36mdefault[39m[33m.[39misValidCo
rrelationId[33m.[39mmockReturnValue([36mtrue[39m)[33m;
[39m
     [90m    |[39m                                        
  [31m[1m^[22m[39m
     [90m 61 |[39m         mockCorrelationIdService[33m.
[39m[36mdefault[39m[33m.[39mgenerateCorrelationId[33m.
[39mmockReturnValue([32m'new-corr-123'[39m)[33m;[39m
     [90m 62 |[39m         
     [90m 63 |[39m         [36mconst[39m linkLogMock 
[33m=[39m mockLogCorrelationService[33m.[39mlinkLog 
[33m||[39m [0m

      at Object.isValidCorrelationId (server/testing/service
s/logProcessingPipeline.service.test.js:60:42)

  ΓùÅ Log Processing Pipeline Service ΓÇ║ validateLogEntry 
ΓÇ║ should warn about long messages

    TypeError: Cannot read properties of undefined (reading 
'isValidCorrelationId')

    [0m [90m 58 |[39m         [90m// Setup default mock 
implementations[39m
     [90m 59 |[39m         [90m// The service uses the 
default export, so we need to set up mocks on the default 
object[39m
    [31m[1m>[22m[39m[90m 60 |[39m         mockCorrelat
ionIdService[33m.[39m[36mdefault[39m[33m.[39misValidCo
rrelationId[33m.[39mmockReturnValue([36mtrue[39m)[33m;
[39m
     [90m    |[39m                                        
  [31m[1m^[22m[39m
     [90m 61 |[39m         mockCorrelationIdService[33m.
[39m[36mdefault[39m[33m.[39mgenerateCorrelationId[33m.
[39mmockReturnValue([32m'new-corr-123'[39m)[33m;[39m
     [90m 62 |[39m         
     [90m 63 |[39m         [36mconst[39m linkLogMock 
[33m=[39m mockLogCorrelationService[33m.[39mlinkLog 
[33m||[39m [0m

      at Object.isValidCorrelationId (server/testing/service
s/logProcessingPipeline.service.test.js:60:42)

  ΓùÅ Log Processing Pipeline Service ΓÇ║ validateLogEntry 
ΓÇ║ should detect suspicious content

    TypeError: Cannot read properties of undefined (reading 
'isValidCorrelationId')

    [0m [90m 58 |[39m         [90m// Setup default mock 
implementations[39m
     [90m 59 |[39m         [90m// The service uses the 
default export, so we need to set up mocks on the default 
object[39m
    [31m[1m>[22m[39m[90m 60 |[39m         mockCorrelat
ionIdService[33m.[39m[36mdefault[39m[33m.[39misValidCo
rrelationId[33m.[39mmockReturnValue([36mtrue[39m)[33m;
[39m
     [90m    |[39m                                        
  [31m[1m^[22m[39m
     [90m 61 |[39m         mockCorrelationIdService[33m.
[39m[36mdefault[39m[33m.[39mgenerateCorrelationId[33m.
[39mmockReturnValue([32m'new-corr-123'[39m)[33m;[39m
     [90m 62 |[39m         
     [90m 63 |[39m         [36mconst[39m linkLogMock 
[33m=[39m mockLogCorrelationService[33m.[39mlinkLog 
[33m||[39m [0m

      at Object.isValidCorrelationId (server/testing/service
s/logProcessingPipeline.service.test.js:60:42)

  ΓùÅ Log Processing Pipeline Service ΓÇ║ 
analyzeCrossSystemSecurity ΓÇ║ should detect rapid API calls

    TypeError: Cannot read properties of undefined (reading 
'isValidCorrelationId')

    [0m [90m 58 |[39m         [90m// Setup default mock 
implementations[39m
     [90m 59 |[39m         [90m// The service uses the 
default export, so we need to set up mocks on the default 
object[39m
    [31m[1m>[22m[39m[90m 60 |[39m         mockCorrelat
ionIdService[33m.[39m[36mdefault[39m[33m.[39misValidCo
rrelationId[33m.[39mmockReturnValue([36mtrue[39m)[33m;
[39m
     [90m    |[39m                                        
  [31m[1m^[22m[39m
     [90m 61 |[39m         mockCorrelationIdService[33m.
[39m[36mdefault[39m[33m.[39mgenerateCorrelationId[33m.
[39mmockReturnValue([32m'new-corr-123'[39m)[33m;[39m
     [90m 62 |[39m         
     [90m 63 |[39m         [36mconst[39m linkLogMock 
[33m=[39m mockLogCorrelationService[33m.[39mlinkLog 
[33m||[39m [0m

      at Object.isValidCorrelationId (server/testing/service
s/logProcessingPipeline.service.test.js:60:42)

  ΓùÅ Log Processing Pipeline Service ΓÇ║ 
analyzeCrossSystemSecurity ΓÇ║ should detect high error 
rates

    TypeError: Cannot read properties of undefined (reading 
'isValidCorrelationId')

    [0m [90m 58 |[39m         [90m// Setup default mock 
implementations[39m
     [90m 59 |[39m         [90m// The service uses the 
default export, so we need to set up mocks on the default 
object[39m
    [31m[1m>[22m[39m[90m 60 |[39m         mockCorrelat
ionIdService[33m.[39m[36mdefault[39m[33m.[39misValidCo
rrelationId[33m.[39mmockReturnValue([36mtrue[39m)[33m;
[39m
     [90m    |[39m                                        
  [31m[1m^[22m[39m
     [90m 61 |[39m         mockCorrelationIdService[33m.
[39m[36mdefault[39m[33m.[39mgenerateCorrelationId[33m.
[39mmockReturnValue([32m'new-corr-123'[39m)[33m;[39m
     [90m 62 |[39m         
     [90m 63 |[39m         [36mconst[39m linkLogMock 
[33m=[39m mockLogCorrelationService[33m.[39mlinkLog 
[33m||[39m [0m

      at Object.isValidCorrelationId (server/testing/service
s/logProcessingPipeline.service.test.js:60:42)

  ΓùÅ Log Processing Pipeline Service ΓÇ║ 
analyzeCrossSystemSecurity ΓÇ║ should handle analysis 
errors gracefully

    TypeError: Cannot read properties of undefined (reading 
'isValidCorrelationId')

    [0m [90m 58 |[39m         [90m// Setup default mock 
implementations[39m
     [90m 59 |[39m         [90m// The service uses the 
default export, so we need to set up mocks on the default 
object[39m
    [31m[1m>[22m[39m[90m 60 |[39m         mockCorrelat
ionIdService[33m.[39m[36mdefault[39m[33m.[39misValidCo
rrelationId[33m.[39mmockReturnValue([36mtrue[39m)[33m;
[39m
     [90m    |[39m                                        
  [31m[1m^[22m[39m
     [90m 61 |[39m         mockCorrelationIdService[33m.
[39m[36mdefault[39m[33m.[39mgenerateCorrelationId[33m.
[39mmockReturnValue([32m'new-corr-123'[39m)[33m;[39m
     [90m 62 |[39m         
     [90m 63 |[39m         [36mconst[39m linkLogMock 
[33m=[39m mockLogCorrelationService[33m.[39mlinkLog 
[33m||[39m [0m

      at Object.isValidCorrelationId (server/testing/service
s/logProcessingPipeline.service.test.js:60:42)

  ΓùÅ Log Processing Pipeline Service ΓÇ║ healthCheck ΓÇ║ 
should return healthy status

    TypeError: Cannot read properties of undefined (reading 
'isValidCorrelationId')

    [0m [90m 58 |[39m         [90m// Setup default mock 
implementations[39m
     [90m 59 |[39m         [90m// The service uses the 
default export, so we need to set up mocks on the default 
object[39m
    [31m[1m>[22m[39m[90m 60 |[39m         mockCorrelat
ionIdService[33m.[39m[36mdefault[39m[33m.[39misValidCo
rrelationId[33m.[39mmockReturnValue([36mtrue[39m)[33m;
[39m
     [90m    |[39m                                        
  [31m[1m^[22m[39m
     [90m 61 |[39m         mockCorrelationIdService[33m.
[39m[36mdefault[39m[33m.[39mgenerateCorrelationId[33m.
[39mmockReturnValue([32m'new-corr-123'[39m)[33m;[39m
     [90m 62 |[39m         
     [90m 63 |[39m         [36mconst[39m linkLogMock 
[33m=[39m mockLogCorrelationService[33m.[39mlinkLog 
[33m||[39m [0m

      at Object.isValidCorrelationId (server/testing/service
s/logProcessingPipeline.service.test.js:60:42)

  ΓùÅ Log Processing Pipeline Service ΓÇ║ healthCheck ΓÇ║ 
should calculate success rate

    TypeError: Cannot read properties of undefined (reading 
'isValidCorrelationId')

    [0m [90m 58 |[39m         [90m// Setup default mock 
implementations[39m
     [90m 59 |[39m         [90m// The service uses the 
default export, so we need to set up mocks on the default 
object[39m
    [31m[1m>[22m[39m[90m 60 |[39m         mockCorrelat
ionIdService[33m.[39m[36mdefault[39m[33m.[39misValidCo
rrelationId[33m.[39mmockReturnValue([36mtrue[39m)[33m;
[39m
     [90m    |[39m                                        
  [31m[1m^[22m[39m
     [90m 61 |[39m         mockCorrelationIdService[33m.
[39m[36mdefault[39m[33m.[39mgenerateCorrelationId[33m.
[39mmockReturnValue([32m'new-corr-123'[39m)[33m;[39m
     [90m 62 |[39m         
     [90m 63 |[39m         [36mconst[39m linkLogMock 
[33m=[39m mockLogCorrelationService[33m.[39mlinkLog 
[33m||[39m [0m

      at Object.isValidCorrelationId (server/testing/service
s/logProcessingPipeline.service.test.js:60:42)

  ΓùÅ Log Processing Pipeline Service ΓÇ║ healthCheck ΓÇ║ 
should handle health check errors

    TypeError: Cannot read properties of undefined (reading 
'isValidCorrelationId')

    [0m [90m 58 |[39m         [90m// Setup default mock 
implementations[39m
     [90m 59 |[39m         [90m// The service uses the 
default export, so we need to set up mocks on the default 
object[39m
    [31m[1m>[22m[39m[90m 60 |[39m         mockCorrelat
ionIdService[33m.[39m[36mdefault[39m[33m.[39misValidCo
rrelationId[33m.[39mmockReturnValue([36mtrue[39m)[33m;
[39m
     [90m    |[39m                                        
  [31m[1m^[22m[39m
     [90m 61 |[39m         mockCorrelationIdService[33m.
[39m[36mdefault[39m[33m.[39mgenerateCorrelationId[33m.
[39mmockReturnValue([32m'new-corr-123'[39m)[33m;[39m
     [90m 62 |[39m         
     [90m 63 |[39m         [36mconst[39m linkLogMock 
[33m=[39m mockLogCorrelationService[33m.[39mlinkLog 
[33m||[39m [0m

      at Object.isValidCorrelationId (server/testing/service
s/logProcessingPipeline.service.test.js:60:42)

  ΓùÅ Log Processing Pipeline Service ΓÇ║ helper methods 
ΓÇ║ should generate unique processing IDs

    TypeError: Cannot read properties of undefined (reading 
'isValidCorrelationId')

    [0m [90m 58 |[39m         [90m// Setup default mock 
implementations[39m
     [90m 59 |[39m         [90m// The service uses the 
default export, so we need to set up mocks on the default 
object[39m
    [31m[1m>[22m[39m[90m 60 |[39m         mockCorrelat
ionIdService[33m.[39m[36mdefault[39m[33m.[39misValidCo
rrelationId[33m.[39mmockReturnValue([36mtrue[39m)[33m;
[39m
     [90m    |[39m                                        
  [31m[1m^[22m[39m
     [90m 61 |[39m         mockCorrelationIdService[33m.
[39m[36mdefault[39m[33m.[39mgenerateCorrelationId[33m.
[39mmockReturnValue([32m'new-corr-123'[39m)[33m;[39m
     [90m 62 |[39m         
     [90m 63 |[39m         [36mconst[39m linkLogMock 
[33m=[39m mockLogCorrelationService[33m.[39mlinkLog 
[33m||[39m [0m

      at Object.isValidCorrelationId (server/testing/service
s/logProcessingPipeline.service.test.js:60:42)

  ΓùÅ Log Processing Pipeline Service ΓÇ║ helper methods 
ΓÇ║ should validate timestamps correctly

    TypeError: Cannot read properties of undefined (reading 
'isValidCorrelationId')

    [0m [90m 58 |[39m         [90m// Setup default mock 
implementations[39m
     [90m 59 |[39m         [90m// The service uses the 
default export, so we need to set up mocks on the default 
object[39m
    [31m[1m>[22m[39m[90m 60 |[39m         mockCorrelat
ionIdService[33m.[39m[36mdefault[39m[33m.[39misValidCo
rrelationId[33m.[39mmockReturnValue([36mtrue[39m)[33m;
[39m
     [90m    |[39m                                        
  [31m[1m^[22m[39m
     [90m 61 |[39m         mockCorrelationIdService[33m.
[39m[36mdefault[39m[33m.[39mgenerateCorrelationId[33m.
[39mmockReturnValue([32m'new-corr-123'[39m)[33m;[39m
     [90m 62 |[39m         
     [90m 63 |[39m         [36mconst[39m linkLogMock 
[33m=[39m mockLogCorrelationService[33m.[39mlinkLog 
[33m||[39m [0m

      at Object.isValidCorrelationId (server/testing/service
s/logProcessingPipeline.service.test.js:60:42)

  ΓùÅ Log Processing Pipeline Service ΓÇ║ helper methods 
ΓÇ║ should detect suspicious content patterns

    TypeError: Cannot read properties of undefined (reading 
'isValidCorrelationId')

    [0m [90m 58 |[39m         [90m// Setup default mock 
implementations[39m
     [90m 59 |[39m         [90m// The service uses the 
default export, so we need to set up mocks on the default 
object[39m
    [31m[1m>[22m[39m[90m 60 |[39m         mockCorrelat
ionIdService[33m.[39m[36mdefault[39m[33m.[39misValidCo
rrelationId[33m.[39mmockReturnValue([36mtrue[39m)[33m;
[39m
     [90m    |[39m                                        
  [31m[1m^[22m[39m
     [90m 61 |[39m         mockCorrelationIdService[33m.
[39m[36mdefault[39m[33m.[39mgenerateCorrelationId[33m.
[39mmockReturnValue([32m'new-corr-123'[39m)[33m;[39m
     [90m 62 |[39m         
     [90m 63 |[39m         [36mconst[39m linkLogMock 
[33m=[39m mockLogCorrelationService[33m.[39mlinkLog 
[33m||[39m [0m

      at Object.isValidCorrelationId (server/testing/service
s/logProcessingPipeline.service.test.js:60:42)

  ΓùÅ Log Processing Pipeline Service ΓÇ║ helper methods 
ΓÇ║ should sanitize log entries

    TypeError: Cannot read properties of undefined (reading 
'isValidCorrelationId')

    [0m [90m 58 |[39m         [90m// Setup default mock 
implementations[39m
     [90m 59 |[39m         [90m// The service uses the 
default export, so we need to set up mocks on the default 
object[39m
    [31m[1m>[22m[39m[90m 60 |[39m         mockCorrelat
ionIdService[33m.[39m[36mdefault[39m[33m.[39misValidCo
rrelationId[33m.[39mmockReturnValue([36mtrue[39m)[33m;
[39m
     [90m    |[39m                                        
  [31m[1m^[22m[39m
     [90m 61 |[39m         mockCorrelationIdService[33m.
[39m[36mdefault[39m[33m.[39mgenerateCorrelationId[33m.
[39mmockReturnValue([32m'new-corr-123'[39m)[33m;[39m
     [90m 62 |[39m         
     [90m 63 |[39m         [36mconst[39m linkLogMock 
[33m=[39m mockLogCorrelationService[33m.[39mlinkLog 
[33m||[39m [0m

      at Object.isValidCorrelationId (server/testing/service
s/logProcessingPipeline.service.test.js:60:42)

  ΓùÅ Log Processing Pipeline Service ΓÇ║ getStats ΓÇ║ 
should return processing statistics with success rate

    TypeError: Cannot read properties of undefined (reading 
'isValidCorrelationId')

    [0m [90m 58 |[39m         [90m// Setup default mock 
implementations[39m
     [90m 59 |[39m         [90m// The service uses the 
default export, so we need to set up mocks on the default 
object[39m
    [31m[1m>[22m[39m[90m 60 |[39m         mockCorrelat
ionIdService[33m.[39m[36mdefault[39m[33m.[39misValidCo
rrelationId[33m.[39mmockReturnValue([36mtrue[39m)[33m;
[39m
     [90m    |[39m                                        
  [31m[1m^[22m[39m
     [90m 61 |[39m         mockCorrelationIdService[33m.
[39m[36mdefault[39m[33m.[39mgenerateCorrelationId[33m.
[39mmockReturnValue([32m'new-corr-123'[39m)[33m;[39m
     [90m 62 |[39m         
     [90m 63 |[39m         [36mconst[39m linkLogMock 
[33m=[39m mockLogCorrelationService[33m.[39mlinkLog 
[33m||[39m [0m

      at Object.isValidCorrelationId (server/testing/service
s/logProcessingPipeline.service.test.js:60:42)

  ΓùÅ Log Processing Pipeline Service ΓÇ║ getStats ΓÇ║ 
should handle zero processed logs

    TypeError: Cannot read properties of undefined (reading 
'isValidCorrelationId')

    [0m [90m 58 |[39m         [90m// Setup default mock 
implementations[39m
     [90m 59 |[39m         [90m// The service uses the 
default export, so we need to set up mocks on the default 
object[39m
    [31m[1m>[22m[39m[90m 60 |[39m         mockCorrelat
ionIdService[33m.[39m[36mdefault[39m[33m.[39misValidCo
rrelationId[33m.[39mmockReturnValue([36mtrue[39m)[33m;
[39m
     [90m    |[39m                                        
  [31m[1m^[22m[39m
     [90m 61 |[39m         mockCorrelationIdService[33m.
[39m[36mdefault[39m[33m.[39mgenerateCorrelationId[33m.
[39mmockReturnValue([32m'new-corr-123'[39m)[33m;[39m
     [90m 62 |[39m         
     [90m 63 |[39m         [36mconst[39m linkLogMock 
[33m=[39m mockLogCorrelationService[33m.[39mlinkLog 
[33m||[39m [0m

      at Object.isValidCorrelationId (server/testing/service
s/logProcessingPipeline.service.test.js:60:42)

FAIL server/testing/services/alertGeneration.service.test.js
  ΓùÅ AlertGenerationService ΓÇ║ alert history cleanup ΓÇ║ 
should clear old alerts from history

    expect(received).toBe(expected) // Object.is equality

    Expected: 2
    Received: 0

    [0m [90m 197 |[39m             })[33m;[39m
     [90m 198 |[39m
    [31m[1m>[22m[39m[90m 199 |[39m             expect(
alertGenerationService[33m.[39malertHistory[33m.[39msize
)[33m.[39mtoBe([35m2[39m)[33m;[39m
     [90m     |[39m                                       
                       [31m[1m^[22m[39m
     [90m 200 |[39m
     [90m 201 |[39m             [90m// Clear alerts 
older than 0 hours (should clear all)[39m
     [90m 202 |[39m             [36mconst[39m cleared 
[33m=[39m alertGenerationService[33m.[39mclearAlertHisto
ry([35m0[39m)[33m;[39m[0m

      at Object.toBe (server/testing/services/alertGeneratio
n.service.test.js:199:62)

FAIL server/testing/services/platformSecurityMonitoring.serv
ice.test.js
  ΓùÅ Platform Security Monitoring Service ΓÇ║ Unauthorized 
Admin Access Detection ΓÇ║ should detect failed 
authentication to admin endpoint

    TypeError: expect(received).toHaveLength(expected)

    Matcher error: received value must have a length 
property whose value must be a number

    Received has type:  object
    Received has value: Promise {}

    [0m [90m 39 |[39m
     [90m 40 |[39m             
expect(violations)[33m.[39mtoBeTruthy()[33m;[39m
    [31m[1m>[22m[39m[90m 41 |[39m             expect(v
iolations)[33m.[39mtoHaveLength([35m1[39m)[33m;[39m
     [90m    |[39m                                
[31m[1m^[22m[39m
     [90m 42 |[39m             expect(violations[[35m0[3
9m][33m.[39mtype)[33m.[39mtoBe([32m'unauthorized_admin_
access'[39m)[33m;[39m
     [90m 43 |[39m             expect(violations[[35m0[3
9m][33m.[39mseverity)[33m.[39mtoBe([32m'high'[39m)[33
m;[39m
     [90m 44 |[39m             expect(violations[[35m0[3
9m][33m.[39mdescription)[33m.[39mtoBe([32m'Failed 
authentication to admin endpoint'[39m)[33m;[39m[0m

      at Object.toHaveLength (server/testing/services/platfo
rmSecurityMonitoring.service.test.js:41:32)

  ΓùÅ Platform Security Monitoring Service ΓÇ║ Unauthorized 
Admin Access Detection ΓÇ║ should detect brute force attack 
on admin endpoint

    expect(received).toBeGreaterThan(expected)

    Matcher error: received value must be a number or bigint

    Received has value: undefined

    [0m [90m 62 |[39m
     [90m 63 |[39m             
expect(violations)[33m.[39mtoBeTruthy()[33m;[39m
    [31m[1m>[22m[39m[90m 64 |[39m             expect(v
iolations[33m.[39mlength)[33m.[39mtoBeGreaterThan([35m1
[39m)[33m;[39m
     [90m    |[39m                                       
[31m[1m^[22m[39m
     [90m 65 |[39m             
expect(violations[33m.[39msome(v [33m=>[39m 
v[33m.[39mdescription[33m.[39mincludes([32m'Brute 
force 
attack'[39m)))[33m.[39mtoBe([36mtrue[39m)[33m;[39m
     [90m 66 |[39m         })[33m;[39m
     [90m 67 |[39m[0m

      at Object.toBeGreaterThan (server/testing/services/pla
tformSecurityMonitoring.service.test.js:64:39)

  ΓùÅ Platform Security Monitoring Service ΓÇ║ Unauthorized 
Admin Access Detection ΓÇ║ should detect access without 
proper admin role

    TypeError: violations.some is not a function

    [0m [90m 80 |[39m
     [90m 81 |[39m             
expect(violations)[33m.[39mtoBeTruthy()[33m;[39m
    [31m[1m>[22m[39m[90m 82 |[39m             
expect(violations[33m.[39msome(v [33m=>[39m 
     [90m    |[39m                               
[31m[1m^[22m[39m
     [90m 83 |[39m                 
v[33m.[39mdescription[33m.[39mincludes([32m'Successful 
access to admin endpoint without admin role'[39m)
     [90m 84 |[39m             
))[33m.[39mtoBe([36mtrue[39m)[33m;[39m
     [90m 85 |[39m         })[33m;[39m[0m

      at Object.some (server/testing/services/platformSecuri
tyMonitoring.service.test.js:82:31)

  ΓùÅ Platform Security Monitoring Service ΓÇ║ Unauthorized 
Admin Access Detection ΓÇ║ should detect suspicious user 
agent

    TypeError: violations.some is not a function

    [0m [90m  99 |[39m
     [90m 100 |[39m             
expect(violations)[33m.[39mtoBeTruthy()[33m;[39m
    [31m[1m>[22m[39m[90m 101 |[39m             
expect(violations[33m.[39msome(v [33m=>[39m 
     [90m     |[39m                               
[31m[1m^[22m[39m
     [90m 102 |[39m                 
v[33m.[39mdescription[33m.[39mincludes([32m'Suspicious 
user agent'[39m)
     [90m 103 |[39m             
))[33m.[39mtoBe([36mtrue[39m)[33m;[39m
     [90m 104 |[39m         })[33m;[39m[0m

      at Object.some (server/testing/services/platformSecuri
tyMonitoring.service.test.js:101:31)

  ΓùÅ Platform Security Monitoring Service ΓÇ║ Cross-Tenant 
Violation Detection ΓÇ║ should detect cross-tenant data 
access attempt

    TypeError: expect(received).toHaveLength(expected)

    Matcher error: received value must have a length 
property whose value must be a number

    Received has type:  object
    Received has value: Promise {}

    [0m [90m 122 |[39m
     [90m 123 |[39m             
expect(violations)[33m.[39mtoBeTruthy()[33m;[39m
    [31m[1m>[22m[39m[90m 124 |[39m             expect(
violations)[33m.[39mtoHaveLength([35m1[39m)[33m;[39m
     [90m     |[39m                                
[31m[1m^[22m[39m
     [90m 125 |[39m             expect(violations[[35m0[
39m][33m.[39mtype)[33m.[39mtoBe([32m'tenant_boundary_br
each'[39m)[33m;[39m
     [90m 126 |[39m             expect(violations[[35m0[
39m][33m.[39mseverity)[33m.[39mtoBe([32m'critical'[39m
)[33m;[39m
     [90m 127 |[39m             expect(violations[[35m0[
39m][33m.[39mdescription)[33m.[39mtoBe([32m'Cross-tenan
t data access attempt detected'[39m)[33m;[39m[0m

      at Object.toHaveLength (server/testing/services/platfo
rmSecurityMonitoring.service.test.js:124:32)

  ΓùÅ Platform Security Monitoring Service ΓÇ║ Cross-Tenant 
Violation Detection ΓÇ║ should detect systematic 
cross-tenant violation pattern

    TypeError: violations.some is not a function

    [0m [90m 148 |[39m
     [90m 149 |[39m             
expect(violations)[33m.[39mtoBeTruthy()[33m;[39m
    [31m[1m>[22m[39m[90m 150 |[39m             
expect(violations[33m.[39msome(v [33m=>[39m 
     [90m     |[39m                               
[31m[1m^[22m[39m
     [90m 151 |[39m                 
v[33m.[39mdescription[33m.[39mincludes([32m'Systematic 
cross-tenant violation pattern'[39m)
     [90m 152 |[39m             
))[33m.[39mtoBe([36mtrue[39m)[33m;[39m
     [90m 153 |[39m         })[33m;[39m[0m

      at Object.some (server/testing/services/platformSecuri
tyMonitoring.service.test.js:150:31)

  ΓùÅ Platform Security Monitoring Service ΓÇ║ Cross-Tenant 
Violation Detection ΓÇ║ should detect multi-tenant data 
harvesting

    TypeError: violations.some is not a function

    [0m [90m 175 |[39m
     [90m 176 |[39m             
expect(violations)[33m.[39mtoBeTruthy()[33m;[39m
    [31m[1m>[22m[39m[90m 177 |[39m             
expect(violations[33m.[39msome(v [33m=>[39m 
     [90m     |[39m                               
[31m[1m^[22m[39m
     [90m 178 |[39m                 v[33m.[39mdescriptio
n[33m.[39mincludes([32m'Multi-tenant data harvesting 
attempt'[39m)
     [90m 179 |[39m             
))[33m.[39mtoBe([36mtrue[39m)[33m;[39m
     [90m 180 |[39m         })[33m;[39m[0m

      at Object.some (server/testing/services/platformSecuri
tyMonitoring.service.test.js:177:31)

  ΓùÅ Platform Security Monitoring Service ΓÇ║ Cross-Tenant 
Violation Detection ΓÇ║ should not detect violation for 
same company access

    expect(received).toBeNull()

    Received: Promise {}

    [0m [90m 195 |[39m             [36mconst[39m 
violations [33m=[39m platformSecurityMonitoring[33m.[39m
detectCrossTenantViolations(operationData)[33m;[39m
     [90m 196 |[39m
    [31m[1m>[22m[39m[90m 197 |[39m             
expect(violations)[33m.[39mtoBeNull()[33m;[39m
     [90m     |[39m                                
[31m[1m^[22m[39m
     [90m 198 |[39m         })[33m;[39m
     [90m 199 |[39m     })[33m;[39m
     [90m 200 |[39m[0m

      at Object.toBeNull (server/testing/services/platformSe
curityMonitoring.service.test.js:197:32)

  ΓùÅ Platform Security Monitoring Service ΓÇ║ 
Infrastructure Attack Detection ΓÇ║ should detect DDoS 
attack pattern

    TypeError: violations.some is not a function

    [0m [90m 216 |[39m
     [90m 217 |[39m             
expect(violations)[33m.[39mtoBeTruthy()[33m;[39m
    [31m[1m>[22m[39m[90m 218 |[39m             
expect(violations[33m.[39msome(v [33m=>[39m 
     [90m     |[39m                               
[31m[1m^[22m[39m
     [90m 219 |[39m                 v[33m.[39mdescriptio
n[33m.[39mincludes([32m'High-volume request pattern 
detected'[39m)
     [90m 220 |[39m             
))[33m.[39mtoBe([36mtrue[39m)[33m;[39m
     [90m 221 |[39m         })[33m;[39m[0m

      at Object.some (server/testing/services/platformSecuri
tyMonitoring.service.test.js:218:31)

  ΓùÅ Platform Security Monitoring Service ΓÇ║ 
Infrastructure Attack Detection ΓÇ║ should detect large 
request attack

    TypeError: violations.some is not a function

    [0m [90m 234 |[39m
     [90m 235 |[39m             
expect(violations)[33m.[39mtoBeTruthy()[33m;[39m
    [31m[1m>[22m[39m[90m 236 |[39m             
expect(violations[33m.[39msome(v [33m=>[39m 
     [90m     |[39m                               
[31m[1m^[22m[39m
     [90m 237 |[39m                 
v[33m.[39mdescription[33m.[39mincludes([32m'Unusually 
large request detected'[39m)
     [90m 238 |[39m             
))[33m.[39mtoBe([36mtrue[39m)[33m;[39m
     [90m 239 |[39m         })[33m;[39m[0m

      at Object.some (server/testing/services/platformSecuri
tyMonitoring.service.test.js:236:31)

  ΓùÅ Platform Security Monitoring Service ΓÇ║ 
Infrastructure Attack Detection ΓÇ║ should detect 
systematic targeting of sensitive endpoints

    TypeError: violations.some is not a function

    [0m [90m 255 |[39m
     [90m 256 |[39m             
expect(violations)[33m.[39mtoBeTruthy()[33m;[39m
    [31m[1m>[22m[39m[90m 257 |[39m             
expect(violations[33m.[39msome(v [33m=>[39m 
     [90m     |[39m                               
[31m[1m^[22m[39m
     [90m 258 |[39m                 
v[33m.[39mdescription[33m.[39mincludes([32m'Systematic 
targeting of sensitive endpoints'[39m)
     [90m 259 |[39m             
))[33m.[39mtoBe([36mtrue[39m)[33m;[39m
     [90m 260 |[39m         })[33m;[39m[0m

      at Object.some (server/testing/services/platformSecuri
tyMonitoring.service.test.js:257:31)

FAIL server/testing/controllers/request.controller.test.js 
(30.281 s)
  ΓùÅ Request System Unit Tests ΓÇ║ Tenant Isolation ΓÇ║ 
should filter requests by tenant

    MongoServerError: E11000 duplicate key error 
collection: test.departments index: tenantId_1_name_1 dup 
key: { tenantId: "test_tenant_123", name: "IT Department" }

      at InsertOneOperation.handleOk (node_modules/mongoose/
node_modules/mongodb/src/operations/insert.ts:79:13)
      at handleOk (node_modules/mongoose/node_modules/mongod
b/src/operations/execute_operation.ts:290:26)
      at executeOperation (node_modules/mongoose/node_module
s/mongodb/src/operations/execute_operation.ts:119:12)
      at Collection.insertOne (node_modules/mongoose/node_mo
dules/mongodb/src/collection.ts:294:12)

  ΓùÅ Request System Unit Tests ΓÇ║ Tenant Isolation ΓÇ║ 
should prevent cross-tenant request access

    MongoServerError: E11000 duplicate key error 
collection: test.departments index: tenantId_1_name_1 dup 
key: { tenantId: "test_tenant_123", name: "IT Department" }

      at InsertOneOperation.handleOk (node_modules/mongoose/
node_modules/mongodb/src/operations/insert.ts:79:13)
      at handleOk (node_modules/mongoose/node_modules/mongod
b/src/operations/execute_operation.ts:290:26)
      at executeOperation (node_modules/mongoose/node_module
s/mongodb/src/operations/execute_operation.ts:119:12)
      at Collection.insertOne (node_modules/mongoose/node_mo
dules/mongodb/src/collection.ts:294:12)

FAIL 
server/testing/modules/email-service/emailTemplates.test.js
  ΓùÅ Test suite failed to run

    Cannot find module 'handlebars' from 'server/testing/mod
ules/email-service/emailTemplates.test.js'

      at Resolver._throwModNotFoundError 
(node_modules/jest-resolve/build/index.js:863:11)

FAIL 
server/testing/services/platformLogAccess.service.test.js
  ΓùÅ Test suite failed to run

    ReferenceError: require is not defined

    [0m [90m 16 |[39m jest[33m.[39mmock([32m'../../ser
vices/loggingModule.service.js'[39m)[33m;[39m
     [90m 17 |[39m jest[33m.[39mmock([32m'../../service
s/logSearch.service.js'[39m)[33m;[39m
    [31m[1m>[22m[39m[90m 18 |[39m jest[33m.[39mmock(
[32m'../../utils/platformLogger.js'[39m)[33m;[39m
     [90m    |[39m                                        
    [31m[1m^[22m[39m
     [90m 19 |[39m
     [90m 20 |[39m 
describe([32m'PlatformLogAccessService'[39m[33m,[39m () 
[33m=>[39m {
     [90m 21 |[39m     [36mlet[39m 
mockReq[33m;[39m[0m

      at require (server/testing/services/platformLogAccess.
service.test.js:18:44)
      at _getJestObj (server/testing/services/platformLogAcc
ess.service.test.js:16:1)

FAIL server/testing/services/performanceMonitoring.service.t
est.js
  ΓùÅ Test suite failed to run

    SyntaxError: The requested module 
'../../services/performanceMonitoring.service.js' does not 
provide an export named 'HEALTH_STATES'

      at Runtime.linkAndEvaluateModule 
(node_modules/jest-runtime/build/index.js:684:5)

FAIL 
server/testing/services/companyLogAccess.service.test.js
  ΓùÅ Test suite failed to run

    ReferenceError: require is not defined

    [0m [90m 16 |[39m jest[33m.[39mmock([32m'../../ser
vices/loggingModule.service.js'[39m)[33m;[39m
     [90m 17 |[39m jest[33m.[39mmock([32m'../../service
s/logSearch.service.js'[39m)[33m;[39m
    [31m[1m>[22m[39m[90m 18 |[39m jest[33m.[39mmock(
[32m'../../utils/platformLogger.js'[39m)[33m;[39m
     [90m    |[39m                                        
    [31m[1m^[22m[39m
     [90m 19 |[39m
     [90m 20 |[39m 
describe([32m'CompanyLogAccessService'[39m[33m,[39m () 
[33m=>[39m {
     [90m 21 |[39m     [36mlet[39m 
mockReq[33m;[39m[0m

      at require (server/testing/services/companyLogAccess.s
ervice.test.js:18:44)
      at _getJestObj (server/testing/services/companyLogAcce
ss.service.test.js:16:1)

FAIL 
server/testing/middleware/licenseServerValidation.test.js
  ΓùÅ Test suite failed to run

    ReferenceError: require is not defined

    [0m [90m  8 |[39m
     [90m  9 |[39m [90m// Mock axios[39m
    [31m[1m>[22m[39m[90m 10 |[39m 
jest[33m.[39mmock([32m'axios'[39m)[33m;[39m
     [90m    |[39m                    [31m[1m^[22m[39m
     [90m 11 |[39m [36mconst[39m mockedAxios 
[33m=[39m axios[33m;[39m
     [90m 12 |[39m
     [90m 13 |[39m describe([32m'License Server 
Validation Middleware'[39m[33m,[39m () [33m=>[39m {[0m

      at require (server/testing/middleware/licenseServerVal
idation.test.js:10:20)
      at _getJestObj (server/testing/middleware/licenseServe
rValidation.test.js:10:1)

FAIL server/testing/controllers/moduleConfiguration.controll
er.test.js
  ΓùÅ Test suite failed to run

    ReferenceError: require is not defined

    [0m [90m 15 |[39m [90m// Mock the services[39m
     [90m 16 |[39m jest[33m.[39mmock([32m'../../service
s/loggingModule.service.js'[39m)[33m;[39m
    [31m[1m>[22m[39m[90m 17 |[39m jest[33m.[39mmock(
[32m'../../services/configurationAudit.service.js'[39m)[3
3m;[39m
     [90m    |[39m                                        
                   [31m[1m^[22m[39m
     [90m 18 |[39m
     [90m 19 |[39m describe([32m'ModuleConfigurationContr
oller'[39m[33m,[39m () [33m=>[39m {
     [90m 20 |[39m     [36mlet[39m app[33m;[39m[0m

      at require (server/testing/controllers/moduleConfigura
tion.controller.test.js:17:59)
      at _getJestObj (server/testing/controllers/moduleConfi
guration.controller.test.js:16:1)

FAIL server/testing/integration/licenseControlledLogging.int
egration.test.js
  ΓùÅ Test suite failed to run

    Cannot find module 'rate-limit-redis' from 
'server/middleware/enhancedRateLimit.middleware.js'

      at Resolver._throwModNotFoundError 
(node_modules/jest-resolve/build/index.js:863:11)


Test Suites: 21 failed, 1 skipped, 157 passed, 178 of 179 
total
Tests:       137 failed, 5 skipped, 2421 passed, 2563 total
Snapshots:   0 total
Time:        363.7 s
Ran all test suites.
Force exiting Jest: Have you considered using 
`--detectOpenHandles` to detect async operations that kept 
running after all tests finished?
